[15:38:33] === RUN CDC-P1-r2-F1-20260904153833 ===
[15:38:33] mode=CDC profile=P1 rep=2 tps=50 duration=180s fault=F1
[15:38:33] jar: target/master-thesis-observability-0.0.1-SNAPSHOT.jar
[15:38:33] workload tozalanmoqda (reference saqlanadi)
workload reset; reference data preserved
AQ backlog purged: 2 -> 0
[15:38:34] Kafka topigi qayta yaratilmoqda
[15:38:43] ilova ishga tushirilmoqda (mode=CDC)
[15:38:53] ilova tayyor (pid 2599057)
[15:38:53] Debezium konnektori ro'yxatdan o'tkazilmoqda (CDC, prefix=obsv_cdc_p1_r2_f1_20260904153833)
konnektor ro'yxatdan o'tkazilmoqda: a1-cdc-obsv_cdc_p1_r2_f1_20260904153833 (prefix=obsv_cdc_p1_r2_f1_20260904153833)
konnektor RUNNING (2s)
streaming tasdiqlanmoqda (heartbeat topigi: __debezium-heartbeat.obsv_cdc_p1_r2_f1_20260904153833)
streaming tasdiqlandi (1 urinish)
[15:39:02] fault F1 60s dan keyin yuboriladi
[15:39:02] k6 yuklamasi boshlandi
[fault 15:40:05] SIGKILL ilovaga: 2599057
[fault 15:40:19] ilova qayta ishga tushirilmoqda (mode=results/WRAPPER_B3-P1-r91-20260903164920/run.log:WRAPPER_B3)
[fault 15:40:19] F1 tugadi
[15:42:18] k6 nolga teng bo'lmagan kod bilan tugadi (natija baribir tahlil qilinadi)
[15:42:18] pipeline bo'shashi kutilmoqda (maks 120s)
[15:42:28] pipeline bo'sh (4s, sink=8976 xabar)
[15:42:41] ground truth eksport qilinmoqda
[15:42:41] Kafka topigi eksport qilinmoqda
[15:43:33] tahlil
{
  "mode": "CDC",
  "profile": "P1",
  "rep": "2",
  "fault": "F1",
  "ground_truth_transitions": 8976,
  "delivered_distinct": 8976,
  "delivered_total": 8976,
  "matched": 8976,
  "missing": 0,
  "phantom": 0,
  "malformed": 0,
  "loss_rate": 0.0,
  "loss_rate_ppm": 0.0,
  "duplicate_rate": 0.0,
  "ordering_violation_rate": 0.0,
  "txns_split_across_partitions": 0,
  "latency_ms_p50": 3880,
  "latency_ms_p95": 7447,
  "latency_ms_p99": 8643,
  "latency_ms_max": 8942,
  "latency_ms_mean": 3961.6,
  "latency_samples": 8976,
  "latency_negative_samples": 0,
  "loss_rate_upper_bound_95_ppm": 334.22
}
[15:43:34] ilova va konnektor to'xtatilmoqda
connector o'chirilmoqda: a1-cdc-obsv_cdc_p1_r2_f1_20260904153833
[15:43:37] === TUGADI: results/CDC-P1-r2-F1-20260904153833 ===
