[12:33:21] === RUN WRAPPER_B3-P1-r5-20260904123321 ===
[12:33:21] mode=WRAPPER_B3 profile=P1 rep=5 tps=50 duration=120s fault=none
[12:33:21] jar: target/master-thesis-observability-0.0.1-SNAPSHOT.jar
[12:33:21] workload tozalanmoqda (reference saqlanadi)
workload reset; reference data preserved
AQ backlog purged: 0 -> 0
[12:33:22] Kafka topigi qayta yaratilmoqda
[12:33:34] ilova ishga tushirilmoqda (mode=WRAPPER_B3)
[12:33:44] ilova tayyor (pid 465321)
[12:33:47] k6 yuklamasi boshlandi
[12:36:00] pipeline bo'shashi kutilmoqda (maks 120s)
[12:36:10] pipeline bo'sh (4s, sink=18003 xabar)
[12:36:23] ground truth eksport qilinmoqda
[12:36:24] Kafka topigi eksport qilinmoqda
[12:36:51] tahlil
{
  "mode": "WRAPPER_B3",
  "profile": "P1",
  "rep": "5",
  "fault": "none",
  "ground_truth_transitions": 18003,
  "delivered_distinct": 18003,
  "delivered_total": 18003,
  "matched": 18003,
  "missing": 0,
  "phantom": 0,
  "malformed": 0,
  "loss_rate": 0.0,
  "loss_rate_ppm": 0.0,
  "duplicate_rate": 0.0,
  "ordering_violation_rate": 0.0,
  "txns_split_across_partitions": 0,
  "latency_ms_p50": 125,
  "latency_ms_p95": 225,
  "latency_ms_p99": 1139,
  "latency_ms_max": 3166,
  "latency_ms_mean": 148.3,
  "latency_samples": 18003,
  "latency_negative_samples": 0,
  "loss_rate_upper_bound_95_ppm": 166.64
}
[12:36:51] ilova va konnektor to'xtatilmoqda
[12:36:58] === TUGADI: results/WRAPPER_B3-P1-r5-20260904123321 ===
