[15:18:01] === RUN WRAPPER_B3-P1-r2-F1-20260904151801 ===
[15:18:01] mode=WRAPPER_B3 profile=P1 rep=2 tps=50 duration=180s fault=F1
[15:18:01] jar: target/master-thesis-observability-0.0.1-SNAPSHOT.jar
[15:18:01] workload tozalanmoqda (reference saqlanadi)
workload reset; reference data preserved
AQ backlog purged: 0 -> 0
[15:18:02] Kafka topigi qayta yaratilmoqda
[15:18:11] ilova ishga tushirilmoqda (mode=WRAPPER_B3)
[15:18:23] ilova tayyor (pid 2283940)
[15:18:30] fault F1 60s dan keyin yuboriladi
[15:18:30] k6 yuklamasi boshlandi
[fault 15:19:33] SIGKILL ilovaga: 2283940
[fault 15:19:46] ilova qayta ishga tushirilmoqda (mode=results/WRAPPER_B3-P1-r91-20260903164920/run.log:WRAPPER_B3)
[fault 15:19:46] F1 tugadi
[15:21:45] k6 nolga teng bo'lmagan kod bilan tugadi (natija baribir tahlil qilinadi)
[15:21:45] pipeline bo'shashi kutilmoqda (maks 120s)
[15:27:35] OGOHLANTIRISH: pipeline 120s ichida bo'shamadi (db_pending=12 sink=8963) - LOSS raqamlari ishonchsiz
[15:27:45] ground truth eksport qilinmoqda
[15:27:45] Kafka topigi eksport qilinmoqda
[15:28:13] tahlil
{
  "mode": "WRAPPER_B3",
  "profile": "P1",
  "rep": "2",
  "fault": "F1",
  "ground_truth_transitions": 8975,
  "delivered_distinct": 8963,
  "delivered_total": 8963,
  "matched": 8963,
  "missing": 12,
  "phantom": 0,
  "malformed": 0,
  "loss_rate": 0.00133705,
  "loss_rate_ppm": 1337.05,
  "duplicate_rate": 0.0,
  "ordering_violation_rate": 0.0,
  "txns_split_across_partitions": 0,
  "latency_ms_p50": 139,
  "latency_ms_p95": 250,
  "latency_ms_p99": 1628,
  "latency_ms_max": 3174,
  "latency_ms_mean": 189.7,
  "latency_samples": 8963,
  "latency_negative_samples": 0
}
[15:28:13] ilova va konnektor to'xtatilmoqda
[15:28:16] === TUGADI: results/WRAPPER_B3-P1-r2-F1-20260904151801 ===
