[11:40:45] === RUN WRAPPER_B3-P1-r3-20260904114045 ===
[11:40:45] mode=WRAPPER_B3 profile=P1 rep=3 tps=50 duration=120s fault=none
[11:40:45] jar: target/master-thesis-observability-0.0.1-SNAPSHOT.jar
[11:40:45] workload tozalanmoqda (reference saqlanadi)
workload reset; reference data preserved
AQ backlog purged: 0 -> 0
[11:40:46] Kafka topigi qayta yaratilmoqda
[11:40:55] ilova ishga tushirilmoqda (mode=WRAPPER_B3)
[11:41:05] ilova tayyor (pid 4098416)
[11:41:09] k6 yuklamasi boshlandi
[11:43:21] pipeline bo'shashi kutilmoqda (maks 120s)
[11:43:31] pipeline bo'sh (4s, sink=18003 xabar)
[11:43:44] ground truth eksport qilinmoqda
[11:43:44] Kafka topigi eksport qilinmoqda
[11:44:12] tahlil
{
  "mode": "WRAPPER_B3",
  "profile": "P1",
  "rep": "3",
  "fault": "none",
  "ground_truth_transitions": 18003,
  "delivered_distinct": 18003,
  "delivered_total": 18003,
  "matched": 18003,
  "missing": 0,
  "phantom": 0,
  "malformed": 0,
  "loss_rate": 0.0,
  "loss_rate_ppm": 0.0,
  "duplicate_rate": 0.0,
  "ordering_violation_rate": 0.0,
  "txns_split_across_partitions": 0,
  "latency_ms_p50": 126,
  "latency_ms_p95": 227,
  "latency_ms_p99": 1279,
  "latency_ms_max": 3164,
  "latency_ms_mean": 153.5,
  "latency_samples": 18003,
  "latency_negative_samples": 0,
  "loss_rate_upper_bound_95_ppm": 166.64
}
[11:44:13] ilova va konnektor to'xtatilmoqda
[11:44:17] === TUGADI: results/WRAPPER_B3-P1-r3-20260904114045 ===
