[15:58:09] === RUN WRAPPER_B3-P1-r2-F2-20260904155809 ===
[15:58:09] mode=WRAPPER_B3 profile=P1 rep=2 tps=50 duration=180s fault=F2
[15:58:09] jar: target/master-thesis-observability-0.0.1-SNAPSHOT.jar
[15:58:09] workload tozalanmoqda (reference saqlanadi)
workload reset; reference data preserved
AQ backlog purged: 0 -> 0
[15:58:10] Kafka topigi qayta yaratilmoqda
[15:58:18] ilova ishga tushirilmoqda (mode=WRAPPER_B3)
[15:58:31] ilova tayyor (pid 2793723)
[15:58:34] fault F2 60s dan keyin yuboriladi
[15:58:34] k6 yuklamasi boshlandi
[fault 15:59:40] kafka-2 va kafka-3 to'xtatilmoqda (90s)
[fault 16:01:23] brokerlar qaytarilmoqda
[fault 16:01:24] F2 tugadi
[16:01:52] pipeline bo'shashi kutilmoqda (maks 120s)
[16:02:02] pipeline bo'sh (4s, sink=27003 xabar)
[16:02:15] ground truth eksport qilinmoqda
[16:02:16] Kafka topigi eksport qilinmoqda
[16:02:43] tahlil
{
  "mode": "WRAPPER_B3",
  "profile": "P1",
  "rep": "2",
  "fault": "F2",
  "ground_truth_transitions": 27003,
  "delivered_distinct": 27003,
  "delivered_total": 27003,
  "matched": 27003,
  "missing": 0,
  "phantom": 0,
  "malformed": 0,
  "loss_rate": 0.0,
  "loss_rate_ppm": 0.0,
  "duplicate_rate": 0.0,
  "ordering_violation_rate": 0.0,
  "txns_split_across_partitions": 0,
  "latency_ms_p50": 25026,
  "latency_ms_p95": 105473,
  "latency_ms_p99": 112177,
  "latency_ms_max": 113977,
  "latency_ms_mean": 36833.6,
  "latency_samples": 27003,
  "latency_negative_samples": 0,
  "loss_rate_upper_bound_95_ppm": 111.1
}
[16:02:44] ilova va konnektor to'xtatilmoqda
[16:02:51] === TUGADI: results/WRAPPER_B3-P1-r2-F2-20260904155809 ===
