[18:23:04] === RUN AQ-P1-r3-F8-20260904182304 ===
[18:23:04] mode=AQ profile=P1 rep=3 tps=50 duration=180s fault=F8
[18:23:04] jar: target/master-thesis-observability-0.0.1-SNAPSHOT.jar
[18:23:04] workload tozalanmoqda (reference saqlanadi)
workload reset; reference data preserved
AQ backlog purged: 0 -> 0
[18:23:06] Kafka topigi qayta yaratilmoqda
[18:23:15] ilova ishga tushirilmoqda (mode=AQ)
[18:23:27] ilova tayyor (pid 183671)
[18:23:34] fault F8 60s dan keyin yuboriladi
[18:23:34] k6 yuklamasi boshlandi
[fault 18:24:36] AQ triggerini sindirmoqdamiz (PKG_A1_EVENT yaroqsiz qilinadi)
Warning: Package Body created with compilation errors.

[fault 18:24:37] paket endi yaroqsiz — AQ rejimida DML yiqilishi kerak
[fault 18:24:37] F8 tugadi
[18:26:49] k6 nolga teng bo'lmagan kod bilan tugadi (natija baribir tahlil qilinadi)
[18:26:49] pipeline bo'shashi kutilmoqda (maks 120s)
[18:27:02] pipeline bo'sh (4s, sink=9000 xabar)
[18:27:12] ground truth eksport qilinmoqda
[18:27:13] Kafka topigi eksport qilinmoqda
[18:27:40] tahlil
{
  "mode": "AQ",
  "profile": "P1",
  "rep": "3",
  "fault": "F8",
  "ground_truth_transitions": 9000,
  "delivered_distinct": 9000,
  "delivered_total": 9000,
  "matched": 9000,
  "missing": 0,
  "phantom": 0,
  "malformed": 0,
  "loss_rate": 0.0,
  "loss_rate_ppm": 0.0,
  "duplicate_rate": 0.0,
  "ordering_violation_rate": 0.0,
  "txns_split_across_partitions": 0,
  "latency_ms_p50": 7,
  "latency_ms_p95": 17,
  "latency_ms_p99": 1368,
  "latency_ms_max": 2945,
  "latency_ms_mean": 41.0,
  "latency_samples": 9000,
  "latency_negative_samples": 0,
  "loss_rate_upper_bound_95_ppm": 333.33
}
[18:27:40] ilova va konnektor to'xtatilmoqda
[18:27:44] === TUGADI: results/AQ-P1-r3-F8-20260904182304 ===
