
         /\      Grafana   /‾‾/  
    /\  /  \     |\  __   /  /   
   /  \/    \    | |/ /  /   ‾‾\ 
  /          \   |   (  |  (‾)  |
 / __________ \  |_|\_\  \_____/ 


     execution: local
        script: harness/k6/a1-workload.js
        output: -

     scenarios: (100.00%) 1 scenario, 600 max VUs, 1m30s max duration (incl. graceful stop):
              * a1: 50.00 iterations/s for 1m0s (maxVUs: 100-600, gracefulStop: 30s)


running (0m01.0s), 050/100 VUs, 0 complete and 0 interrupted iterations
a1     [   2% ] 050/100 VUs  0m01.0s/1m0s  50.00 iters/s

running (0m04.9s), 002/100 VUs, 98 complete and 0 interrupted iterations
a1     [   3% ] 002/100 VUs  0m02.0s/1m0s  50.00 iters/s

running (0m05.9s), 001/100 VUs, 149 complete and 0 interrupted iterations
a1     [   5% ] 001/100 VUs  0m03.0s/1m0s  50.00 iters/s

running (0m06.9s), 001/100 VUs, 199 complete and 0 interrupted iterations
a1     [   7% ] 001/100 VUs  0m04.0s/1m0s  50.00 iters/s

running (0m07.9s), 001/100 VUs, 249 complete and 0 interrupted iterations
a1     [   8% ] 001/100 VUs  0m05.0s/1m0s  50.00 iters/s

running (0m08.9s), 001/100 VUs, 299 complete and 0 interrupted iterations
a1     [  10% ] 001/100 VUs  0m06.0s/1m0s  50.00 iters/s

running (0m09.9s), 001/100 VUs, 349 complete and 0 interrupted iterations
a1     [  12% ] 001/100 VUs  0m07.0s/1m0s  50.00 iters/s

running (0m10.9s), 001/100 VUs, 399 complete and 0 interrupted iterations
a1     [  13% ] 001/100 VUs  0m08.0s/1m0s  50.00 iters/s

running (0m11.9s), 001/100 VUs, 449 complete and 0 interrupted iterations
a1     [  15% ] 001/100 VUs  0m09.0s/1m0s  50.00 iters/s

running (0m12.9s), 001/100 VUs, 499 complete and 0 interrupted iterations
a1     [  17% ] 001/100 VUs  0m10.0s/1m0s  50.00 iters/s

running (0m13.9s), 001/100 VUs, 549 complete and 0 interrupted iterations
a1     [  18% ] 001/100 VUs  0m11.0s/1m0s  50.00 iters/s

running (0m14.9s), 001/100 VUs, 599 complete and 0 interrupted iterations
a1     [  20% ] 001/100 VUs  0m12.0s/1m0s  50.00 iters/s

running (0m15.9s), 001/100 VUs, 649 complete and 0 interrupted iterations
a1     [  22% ] 001/100 VUs  0m13.0s/1m0s  50.00 iters/s

running (0m16.9s), 001/100 VUs, 699 complete and 0 interrupted iterations
a1     [  23% ] 001/100 VUs  0m14.0s/1m0s  50.00 iters/s

running (0m17.9s), 001/100 VUs, 749 complete and 0 interrupted iterations
a1     [  25% ] 001/100 VUs  0m15.0s/1m0s  50.00 iters/s

running (0m18.9s), 001/100 VUs, 799 complete and 0 interrupted iterations
a1     [  27% ] 001/100 VUs  0m16.0s/1m0s  50.00 iters/s

running (0m19.9s), 001/100 VUs, 849 complete and 0 interrupted iterations
a1     [  28% ] 001/100 VUs  0m17.0s/1m0s  50.00 iters/s

running (0m20.9s), 001/100 VUs, 899 complete and 0 interrupted iterations
a1     [  30% ] 001/100 VUs  0m18.0s/1m0s  50.00 iters/s

running (0m21.9s), 001/100 VUs, 949 complete and 0 interrupted iterations
a1     [  32% ] 001/100 VUs  0m19.0s/1m0s  50.00 iters/s

running (0m22.9s), 001/100 VUs, 999 complete and 0 interrupted iterations
a1     [  33% ] 001/100 VUs  0m20.0s/1m0s  50.00 iters/s

running (0m23.9s), 001/100 VUs, 1049 complete and 0 interrupted iterations
a1     [  35% ] 001/100 VUs  0m21.0s/1m0s  50.00 iters/s

running (0m24.9s), 001/100 VUs, 1099 complete and 0 interrupted iterations
a1     [  37% ] 001/100 VUs  0m22.0s/1m0s  50.00 iters/s

running (0m25.9s), 001/100 VUs, 1149 complete and 0 interrupted iterations
a1     [  38% ] 001/100 VUs  0m23.0s/1m0s  50.00 iters/s

running (0m26.9s), 001/100 VUs, 1199 complete and 0 interrupted iterations
a1     [  40% ] 001/100 VUs  0m24.0s/1m0s  50.00 iters/s

running (0m27.9s), 001/100 VUs, 1249 complete and 0 interrupted iterations
a1     [  42% ] 001/100 VUs  0m25.0s/1m0s  50.00 iters/s

running (0m28.9s), 001/100 VUs, 1299 complete and 0 interrupted iterations
a1     [  43% ] 001/100 VUs  0m26.0s/1m0s  50.00 iters/s

running (0m29.9s), 001/100 VUs, 1349 complete and 0 interrupted iterations
a1     [  45% ] 001/100 VUs  0m27.0s/1m0s  50.00 iters/s

running (0m30.9s), 001/100 VUs, 1399 complete and 0 interrupted iterations
a1     [  47% ] 001/100 VUs  0m28.0s/1m0s  50.00 iters/s

running (0m31.9s), 012/100 VUs, 1438 complete and 0 interrupted iterations
a1     [  48% ] 012/100 VUs  0m29.0s/1m0s  50.00 iters/s

running (0m32.9s), 062/100 VUs, 1438 complete and 0 interrupted iterations
a1     [  50% ] 062/100 VUs  0m30.0s/1m0s  50.00 iters/s

running (0m33.9s), 106/106 VUs, 1438 complete and 0 interrupted iterations
a1     [  52% ] 106/106 VUs  0m31.0s/1m0s  50.00 iters/s

running (0m34.9s), 131/131 VUs, 1438 complete and 0 interrupted iterations
a1     [  53% ] 131/131 VUs  0m32.0s/1m0s  50.00 iters/s

running (0m35.9s), 156/156 VUs, 1438 complete and 0 interrupted iterations
a1     [  55% ] 156/156 VUs  0m33.0s/1m0s  50.00 iters/s

running (0m39.9s), 180/181 VUs, 1439 complete and 0 interrupted iterations
a1     [  57% ] 180/181 VUs  0m34.0s/1m0s  50.00 iters/s

running (0m40.9s), 205/206 VUs, 1439 complete and 0 interrupted iterations
a1     [  58% ] 205/206 VUs  0m35.0s/1m0s  50.00 iters/s

running (0m41.9s), 230/231 VUs, 1439 complete and 0 interrupted iterations
a1     [  60% ] 230/231 VUs  0m36.0s/1m0s  50.00 iters/s

running (0m42.9s), 001/245 VUs, 1704 complete and 0 interrupted iterations
a1     [  62% ] 001/245 VUs  0m37.0s/1m0s  50.00 iters/s

running (0m43.9s), 001/245 VUs, 1754 complete and 0 interrupted iterations
a1     [  63% ] 001/245 VUs  0m38.0s/1m0s  50.00 iters/s

running (0m44.9s), 001/245 VUs, 1804 complete and 0 interrupted iterations
a1     [  65% ] 001/245 VUs  0m39.0s/1m0s  50.00 iters/s

running (0m45.9s), 001/245 VUs, 1854 complete and 0 interrupted iterations
a1     [  67% ] 001/245 VUs  0m40.0s/1m0s  50.00 iters/s

running (0m46.9s), 001/245 VUs, 1904 complete and 0 interrupted iterations
a1     [  68% ] 001/245 VUs  0m41.0s/1m0s  50.00 iters/s

running (0m47.9s), 001/245 VUs, 1954 complete and 0 interrupted iterations
a1     [  70% ] 001/245 VUs  0m42.0s/1m0s  50.00 iters/s

running (0m48.9s), 001/245 VUs, 2004 complete and 0 interrupted iterations
a1     [  72% ] 001/245 VUs  0m43.0s/1m0s  50.00 iters/s

running (0m49.9s), 001/245 VUs, 2054 complete and 0 interrupted iterations
a1     [  73% ] 001/245 VUs  0m44.0s/1m0s  50.00 iters/s

running (0m50.9s), 001/245 VUs, 2104 complete and 0 interrupted iterations
a1     [  75% ] 001/245 VUs  0m45.0s/1m0s  50.00 iters/s

running (0m51.9s), 001/245 VUs, 2154 complete and 0 interrupted iterations
a1     [  77% ] 001/245 VUs  0m46.0s/1m0s  50.00 iters/s

running (0m52.9s), 001/245 VUs, 2204 complete and 0 interrupted iterations
a1     [  78% ] 001/245 VUs  0m47.0s/1m0s  50.00 iters/s

running (0m53.9s), 001/245 VUs, 2254 complete and 0 interrupted iterations
a1     [  80% ] 001/245 VUs  0m48.0s/1m0s  50.00 iters/s

running (0m54.9s), 001/245 VUs, 2304 complete and 0 interrupted iterations
a1     [  82% ] 001/245 VUs  0m49.0s/1m0s  50.00 iters/s

running (0m55.9s), 001/245 VUs, 2354 complete and 0 interrupted iterations
a1     [  83% ] 001/245 VUs  0m50.0s/1m0s  50.00 iters/s

running (0m56.9s), 001/245 VUs, 2404 complete and 0 interrupted iterations
a1     [  85% ] 001/245 VUs  0m51.0s/1m0s  50.00 iters/s

running (0m57.9s), 001/245 VUs, 2454 complete and 0 interrupted iterations
a1     [  87% ] 001/245 VUs  0m52.0s/1m0s  50.00 iters/s

running (0m58.9s), 001/245 VUs, 2504 complete and 0 interrupted iterations
a1     [  88% ] 001/245 VUs  0m53.0s/1m0s  50.00 iters/s

running (0m59.9s), 001/245 VUs, 2554 complete and 0 interrupted iterations
a1     [  90% ] 001/245 VUs  0m54.0s/1m0s  50.00 iters/s

running (1m00.9s), 001/245 VUs, 2604 complete and 0 interrupted iterations
a1     [  92% ] 001/245 VUs  0m55.0s/1m0s  50.00 iters/s

running (1m01.9s), 001/245 VUs, 2654 complete and 0 interrupted iterations
a1     [  93% ] 001/245 VUs  0m56.0s/1m0s  50.00 iters/s

running (1m02.9s), 000/245 VUs, 2705 complete and 0 interrupted iterations
a1     [  95% ] 000/245 VUs  0m57.0s/1m0s  50.00 iters/s

running (1m03.9s), 001/245 VUs, 2754 complete and 0 interrupted iterations
a1     [  97% ] 001/245 VUs  0m58.0s/1m0s  50.00 iters/s

running (1m04.9s), 001/245 VUs, 2804 complete and 0 interrupted iterations
a1     [  98% ] 001/245 VUs  0m59.0s/1m0s  50.00 iters/s

running (1m05.9s), 000/245 VUs, 2855 complete and 0 interrupted iterations
a1     [ 100% ] 000/245 VUs  1m00.0s/1m0s  50.00 iters/s


  █ THRESHOLDS 

    http_req_failed
    ✓ 'rate<0.05' rate=0.00%


  █ TOTAL RESULTS 

    checks_total.......: 8568    130.071933/s
    checks_succeeded...: 100.00% 8568 out of 8568
    checks_failed......: 0.00%   0 out of 8568

    ✓ initiated
    ✓ validated
    ✓ terminal

    CUSTOM
    a1_lifecycle_duration..........: avg=709.92ms min=8ms    med=13ms    p(95)=7.19s    p(99)=10.25s max=10.88s
    a1_lifecycles_completed........: 2856   43.357311/s
    a1_transitions_committed.......: 8568   130.071933/s

    HTTP
    http_req_duration..............: avg=236.47ms min=1.9ms  med=4.37ms  p(95)=230.66ms p(99)=7.99s  max=10s   
      { expected_response:true }...: avg=236.47ms min=1.9ms  med=4.37ms  p(95)=230.66ms p(99)=7.99s  max=10s   
    http_req_failed................: 0.00%  0 out of 8568
    http_reqs......................: 8568   130.071933/s

    EXECUTION
    dropped_iterations.............: 145    2.201264/s
    iteration_duration.............: avg=446.22ms min=8.04ms med=13.45ms p(95)=4.29s    p(99)=7.32s  max=7.94s 
    iterations.....................: 2856   43.357311/s
    vus............................: 0      min=0         max=230
    vus_max........................: 245    min=100       max=245

    NETWORK
    data_received..................: 3.3 MB 50 kB/s
    data_sent......................: 1.9 MB 28 kB/s




running (1m05.9s), 000/245 VUs, 2856 complete and 0 interrupted iterations
a1   ✓ [ 100% ] 000/245 VUs  1m0s  50.00 iters/s
