[11:37:14] === RUN WRAPPER_B2-P1-r3-20260904113714 ===
[11:37:15] mode=WRAPPER_B2 profile=P1 rep=3 tps=50 duration=120s fault=none
[11:37:15] jar: target/master-thesis-observability-0.0.1-SNAPSHOT.jar
[11:37:15] workload tozalanmoqda (reference saqlanadi)
workload reset; reference data preserved
AQ backlog purged: 0 -> 0
[11:37:15] Kafka topigi qayta yaratilmoqda
[11:37:24] ilova ishga tushirilmoqda (mode=WRAPPER_B2)
[11:37:34] ilova tayyor (pid 4061734)
[11:37:38] k6 yuklamasi boshlandi
[11:39:50] pipeline bo'shashi kutilmoqda (maks 120s)
[11:40:00] pipeline bo'sh (4s, sink=18003 xabar)
[11:40:13] ground truth eksport qilinmoqda
[11:40:14] Kafka topigi eksport qilinmoqda
[11:40:41] tahlil
{
  "mode": "WRAPPER_B2",
  "profile": "P1",
  "rep": "3",
  "fault": "none",
  "ground_truth_transitions": 18003,
  "delivered_distinct": 18003,
  "delivered_total": 18003,
  "matched": 18003,
  "missing": 0,
  "phantom": 0,
  "malformed": 0,
  "loss_rate": 0.0,
  "loss_rate_ppm": 0.0,
  "duplicate_rate": 0.0,
  "ordering_violation_rate": 0.0,
  "txns_split_across_partitions": 0,
  "latency_ms_p50": 1,
  "latency_ms_p95": 2,
  "latency_ms_p99": 6,
  "latency_ms_max": 2932,
  "latency_ms_mean": 2.4,
  "latency_samples": 18003,
  "latency_negative_samples": 0,
  "loss_rate_upper_bound_95_ppm": 166.64
}
[11:40:41] ilova va konnektor to'xtatilmoqda
[11:40:45] === TUGADI: results/WRAPPER_B2-P1-r3-20260904113714 ===
