[10:12:02] === RUN CDC-C2N4ON-r3-20260910101202 ===
[10:12:02] mode=CDC profile=C2N4ON rep=3 tps=50 duration=180s fault=none
[10:12:02] jar: target/master-thesis-observability-0.0.1-SNAPSHOT.jar
[10:12:02] arxiv redo tozalanmoqda
[10:12:03] workload tozalanmoqda (reference saqlanadi)
workload reset; reference data preserved
AQ backlog purged: 0 -> 0
[10:12:04] Kafka topigi qayta yaratilmoqda
[10:12:13] ilova ishga tushirilmoqda (mode=CDC)
[10:12:28] ilova tayyor (pid 677438)
[10:12:28] Debezium konnektori ro'yxatdan o'tkazilmoqda (CDC, prefix=obsv_cdc_c2n4on_r3_20260910101202)
konnektor ro'yxatdan o'tkazilmoqda: a1-cdc-obsv_cdc_c2n4on_r3_20260910101202 (prefix=obsv_cdc_c2n4on_r3_20260910101202)
konnektor RUNNING (2s)
streaming tasdiqlanmoqda (heartbeat topigi: __debezium-heartbeat.obsv_cdc_c2n4on_r3_20260910101202)
streaming tasdiqlandi (2 urinish)
[10:12:39] k6 yuklamasi boshlandi
[10:15:40] k6 iteratsiyalari: 8931
[10:15:40] qat'iy settle: 45s (o'lchov oynasi ikkala qo'lda bir xil)
[10:16:26] pipeline bo'shashi kutilmoqda (maks 120s)
[10:17:20] pipeline bo'sh (33s, sink=7934 / gt=26793)
[10:17:30] ground truth eksport qilinmoqda
[10:17:31] Kafka topigi eksport qilinmoqda
[10:17:49] tahlil
{
  "mode": "CDC",
  "profile": "C2N4ON",
  "rep": "3",
  "fault": "none",
  "ground_truth_transitions": 26793,
  "delivered_distinct": 7934,
  "delivered_total": 7934,
  "matched": 7934,
  "missing": 18859,
  "phantom": 0,
  "malformed": 0,
  "loss_rate": 0.70387788,
  "loss_rate_ppm": 703877.88,
  "duplicate_rate": 0.0,
  "ordering_violation_rate": 0.0,
  "txns_split_across_partitions": 0,
  "latency_ms_p50": 5943,
  "latency_ms_p95": 11669,
  "latency_ms_p99": 13712,
  "latency_ms_max": 14010,
  "latency_ms_mean": 6569.0,
  "latency_samples": 7934,
  "latency_negative_samples": 0
}
[10:17:49] ilova va konnektor to'xtatilmoqda
connector o'chirilmoqda: a1-cdc-obsv_cdc_c2n4on_r3_20260910101202
[10:18:00] === TUGADI: results/CDC-C2N4ON-r3-20260910101202 ===
