[09:24:16] === RUN CDC-C2N0OFF-r3-20260910092416 ===
[09:24:16] mode=CDC profile=C2N0OFF rep=3 tps=50 duration=180s fault=none
[09:24:16] jar: target/master-thesis-observability-0.0.1-SNAPSHOT.jar
[09:24:16] arxiv redo tozalanmoqda
[09:24:16] workload tozalanmoqda (reference saqlanadi)
workload reset; reference data preserved
AQ backlog purged: 0 -> 0
[09:24:18] Kafka topigi qayta yaratilmoqda
[09:24:27] ilova ishga tushirilmoqda (mode=CDC)
[09:24:41] ilova tayyor (pid 126271)
[09:24:41] --no-connector: konnektorsiz ishlatilmoqda (C2 bazaviy sharti)
[09:24:45] k6 yuklamasi boshlandi
[09:27:46] k6 iteratsiyalari: 9001
[09:27:46] qat'iy settle: 45s (o'lchov oynasi ikkala qo'lda bir xil)
[09:28:31] pipeline bo'shashi kutilmoqda (maks 120s)
[09:28:51] pipeline bo'sh (15s, sink=0 / gt=27003)
[09:29:01] ground truth eksport qilinmoqda
[09:29:02] Kafka topigi eksport qilinmoqda
[09:29:11] tahlil
{
  "mode": "CDC",
  "profile": "C2N0OFF",
  "rep": "3",
  "fault": "none",
  "ground_truth_transitions": 27003,
  "delivered_distinct": 0,
  "delivered_total": 0,
  "matched": 0,
  "missing": 27003,
  "phantom": 0,
  "malformed": 0,
  "loss_rate": 1.0,
  "loss_rate_ppm": 1000000.0,
  "duplicate_rate": 0.0,
  "ordering_violation_rate": 0.0,
  "txns_split_across_partitions": 0,
  "latency_ms_p50": null,
  "latency_ms_p95": null,
  "latency_ms_p99": null,
  "latency_ms_max": null,
  "latency_ms_mean": null,
  "latency_samples": 0,
  "latency_negative_samples": 0
}
[09:29:12] ilova va konnektor to'xtatilmoqda
[09:29:17] === TUGADI: results/CDC-C2N0OFF-r3-20260910092416 ===
