[15:51:50] === RUN CDC-C2N4ON-r3-20260909155150 ===
[15:51:50] mode=CDC profile=C2N4ON rep=3 tps=50 duration=180s fault=none
[15:51:50] jar: target/master-thesis-observability-0.0.1-SNAPSHOT.jar
[15:51:50] arxiv redo tozalanmoqda
[15:51:51] workload tozalanmoqda (reference saqlanadi)
workload reset; reference data preserved
AQ backlog purged: 0 -> 0
[15:51:52] Kafka topigi qayta yaratilmoqda
[15:52:01] ilova ishga tushirilmoqda (mode=CDC)
[15:52:16] ilova tayyor (pid 3159845)
[15:52:16] Debezium konnektori ro'yxatdan o'tkazilmoqda (CDC, prefix=obsv_cdc_c2n4on_r3_20260909155150)
konnektor ro'yxatdan o'tkazilmoqda: a1-cdc-obsv_cdc_c2n4on_r3_20260909155150 (prefix=obsv_cdc_c2n4on_r3_20260909155150)
konnektor RUNNING (2s)
streaming tasdiqlanmoqda (heartbeat topigi: __debezium-heartbeat.obsv_cdc_c2n4on_r3_20260909155150)
streaming tasdiqlandi (1 urinish)
[15:52:23] k6 yuklamasi boshlandi
[15:55:24] k6 iteratsiyalari: 8854
[15:55:24] pipeline bo'shashi kutilmoqda (maks 120s)
[15:56:08] pipeline bo'sh (15s, sink=26562 xabar)
[15:56:18] ground truth eksport qilinmoqda
[15:56:19] Kafka topigi eksport qilinmoqda
[15:56:46] tahlil
{
  "mode": "CDC",
  "profile": "C2N4ON",
  "rep": "3",
  "fault": "none",
  "ground_truth_transitions": 26562,
  "delivered_distinct": 26562,
  "delivered_total": 26562,
  "matched": 26562,
  "missing": 0,
  "phantom": 0,
  "malformed": 0,
  "loss_rate": 0.0,
  "loss_rate_ppm": 0.0,
  "duplicate_rate": 0.0,
  "ordering_violation_rate": 0.0,
  "txns_split_across_partitions": 0,
  "latency_ms_p50": 7369,
  "latency_ms_p95": 21468,
  "latency_ms_p99": 22449,
  "latency_ms_max": 25523,
  "latency_ms_mean": 9206.2,
  "latency_samples": 26562,
  "latency_negative_samples": 0,
  "loss_rate_upper_bound_95_ppm": 112.94
}
[15:56:46] ilova va konnektor to'xtatilmoqda
connector o'chirilmoqda: a1-cdc-obsv_cdc_c2n4on_r3_20260909155150
[15:56:58] === TUGADI: results/CDC-C2N4ON-r3-20260909155150 ===
