[10:46:18] === RUN CDC-C2WIDE-r3-20260910104618 ===
[10:46:18] mode=CDC profile=C2WIDE rep=3 tps=50 duration=180s fault=none
[10:46:18] jar: target/master-thesis-observability-0.0.1-SNAPSHOT.jar
[10:46:18] arxiv redo tozalanmoqda
[10:46:19] workload tozalanmoqda (reference saqlanadi)
workload reset; reference data preserved
AQ backlog purged: 0 -> 0
[10:46:21] Kafka topigi qayta yaratilmoqda
[10:46:30] ilova ishga tushirilmoqda (mode=CDC)
[10:46:45] ilova tayyor (pid 1084666)
[10:46:45] Debezium konnektori ro'yxatdan o'tkazilmoqda (CDC, prefix=obsv_cdc_c2wide_r3_20260910104618)
C2 shabloni ishlatilmoqda: docker/connect/connectors/cdc-wide.json.tmpl
konnektor ro'yxatdan o'tkazilmoqda: a1-cdc-obsv_cdc_c2wide_r3_20260910104618 (prefix=obsv_cdc_c2wide_r3_20260910104618)
konnektor RUNNING (2s)
streaming tasdiqlanmoqda (heartbeat topigi: __debezium-heartbeat.obsv_cdc_c2wide_r3_20260910104618)
streaming tasdiqlandi (1 urinish)
[10:46:53] k6 yuklamasi boshlandi
[10:50:05] k6 iteratsiyalari: 7246
[10:50:05] qat'iy settle: 45s (o'lchov oynasi ikkala qo'lda bir xil)
[10:50:51] pipeline bo'shashi kutilmoqda (maks 120s)
[10:51:15] pipeline bo'sh (15s, sink=21738 / gt=21738)
[10:51:27] ground truth eksport qilinmoqda
[10:51:28] Kafka topigi eksport qilinmoqda
[10:51:47] tahlil
{
  "mode": "CDC",
  "profile": "C2WIDE",
  "rep": "3",
  "fault": "none",
  "ground_truth_transitions": 21738,
  "delivered_distinct": 21738,
  "delivered_total": 21738,
  "matched": 21738,
  "missing": 0,
  "phantom": 0,
  "malformed": 0,
  "loss_rate": 0.0,
  "loss_rate_ppm": 0.0,
  "duplicate_rate": 0.0,
  "ordering_violation_rate": 0.0,
  "txns_split_across_partitions": 0,
  "latency_ms_p50": 9018,
  "latency_ms_p95": 21210,
  "latency_ms_p99": 21501,
  "latency_ms_max": 25582,
  "latency_ms_mean": 10835.1,
  "latency_samples": 21738,
  "latency_negative_samples": 0,
  "loss_rate_upper_bound_95_ppm": 138.01
}
[10:51:48] ilova va konnektor to'xtatilmoqda
connector o'chirilmoqda: a1-cdc-obsv_cdc_c2wide_r3_20260910104618
[10:52:03] === TUGADI: results/CDC-C2WIDE-r3-20260910104618 ===
