[12:44:44] === RUN OFF-P1-r5-20260904124444 ===
[12:44:44] mode=OFF profile=P1 rep=5 tps=50 duration=120s fault=none
[12:44:44] jar: target/master-thesis-observability-0.0.1-SNAPSHOT.jar
[12:44:44] workload tozalanmoqda (reference saqlanadi)
workload reset; reference data preserved
AQ backlog purged: 0 -> 0
[12:44:45] Kafka topigi qayta yaratilmoqda
[12:44:53] ilova ishga tushirilmoqda (mode=OFF)
[12:45:06] ilova tayyor (pid 589141)
[12:45:12] k6 yuklamasi boshlandi
[12:47:21] pipeline bo'shashi kutilmoqda (maks 120s)
[12:47:35] pipeline bo'sh (4s, sink=0 xabar)
[12:47:45] ground truth eksport qilinmoqda
[12:47:45] Kafka topigi eksport qilinmoqda
[12:48:12] tahlil
{
  "mode": "OFF",
  "profile": "P1",
  "rep": "5",
  "fault": "none",
  "ground_truth_transitions": 0,
  "delivered_distinct": 0,
  "delivered_total": 0,
  "matched": 0,
  "missing": 0,
  "phantom": null,
  "malformed": 0,
  "loss_rate": null,
  "loss_rate_ppm": null,
  "duplicate_rate": null,
  "ordering_violation_rate": null,
  "txns_split_across_partitions": 0,
  "latency_ms_p50": null,
  "latency_ms_p95": null,
  "latency_ms_p99": null,
  "latency_ms_max": null,
  "latency_ms_mean": null,
  "latency_samples": 0,
  "latency_negative_samples": 0,
  "pipeline": "none (baseline mode)"
}
[12:48:12] ilova va konnektor to'xtatilmoqda
[12:48:16] === TUGADI: results/OFF-P1-r5-20260904124444 ===
