[17:43:41] === RUN CDC-P1-r3-F1-20260904174341 ===
[17:43:41] mode=CDC profile=P1 rep=3 tps=50 duration=180s fault=F1
[17:43:41] jar: target/master-thesis-observability-0.0.1-SNAPSHOT.jar
[17:43:41] workload tozalanmoqda (reference saqlanadi)
workload reset; reference data preserved
AQ backlog purged: 1 -> 0
[17:43:42] Kafka topigi qayta yaratilmoqda
[17:43:50] ilova ishga tushirilmoqda (mode=CDC)
[17:44:04] ilova tayyor (pid 3969716)
[17:44:04] Debezium konnektori ro'yxatdan o'tkazilmoqda (CDC, prefix=obsv_cdc_p1_r3_f1_20260904174341)
konnektor ro'yxatdan o'tkazilmoqda: a1-cdc-obsv_cdc_p1_r3_f1_20260904174341 (prefix=obsv_cdc_p1_r3_f1_20260904174341)
konnektor RUNNING (2s)
streaming tasdiqlanmoqda (heartbeat topigi: __debezium-heartbeat.obsv_cdc_p1_r3_f1_20260904174341)
streaming tasdiqlandi (1 urinish)
[17:44:10] fault F1 60s dan keyin yuboriladi
[17:44:10] k6 yuklamasi boshlandi
[fault 17:45:16] SIGKILL ilovaga: 3969716
[fault 17:45:27] ilova qayta ishga tushirilmoqda (mode=results/WRAPPER_B3-P1-r91-20260903164920/run.log:WRAPPER_B3)
[fault 17:45:27] F1 tugadi
[17:47:28] k6 nolga teng bo'lmagan kod bilan tugadi (natija baribir tahlil qilinadi)
[17:47:28] pipeline bo'shashi kutilmoqda (maks 120s)
[17:47:39] pipeline bo'sh (4s, sink=8980 xabar)
[17:47:49] ground truth eksport qilinmoqda
[17:47:49] Kafka topigi eksport qilinmoqda
[17:48:41] tahlil
{
  "mode": "CDC",
  "profile": "P1",
  "rep": "3",
  "fault": "F1",
  "ground_truth_transitions": 8980,
  "delivered_distinct": 8980,
  "delivered_total": 8980,
  "matched": 8980,
  "missing": 0,
  "phantom": 0,
  "malformed": 0,
  "loss_rate": 0.0,
  "loss_rate_ppm": 0.0,
  "duplicate_rate": 0.0,
  "ordering_violation_rate": 0.0,
  "txns_split_across_partitions": 0,
  "latency_ms_p50": 3480,
  "latency_ms_p95": 6886,
  "latency_ms_p99": 7859,
  "latency_ms_max": 8407,
  "latency_ms_mean": 3676.4,
  "latency_samples": 8980,
  "latency_negative_samples": 0,
  "loss_rate_upper_bound_95_ppm": 334.08
}
[17:48:42] ilova va konnektor to'xtatilmoqda
connector o'chirilmoqda: a1-cdc-obsv_cdc_p1_r3_f1_20260904174341
[17:48:45] === TUGADI: results/CDC-P1-r3-F1-20260904174341 ===
