[09:29:18] === RUN CDC-C2N0ON-r3-20260910092918 ===
[09:29:18] mode=CDC profile=C2N0ON rep=3 tps=50 duration=180s fault=none
[09:29:18] jar: target/master-thesis-observability-0.0.1-SNAPSHOT.jar
[09:29:18] arxiv redo tozalanmoqda
[09:29:18] workload tozalanmoqda (reference saqlanadi)
workload reset; reference data preserved
AQ backlog purged: 0 -> 0
[09:29:19] Kafka topigi qayta yaratilmoqda
[09:29:28] ilova ishga tushirilmoqda (mode=CDC)
[09:29:40] ilova tayyor (pid 182784)
[09:29:40] Debezium konnektori ro'yxatdan o'tkazilmoqda (CDC, prefix=obsv_cdc_c2n0on_r3_20260910092918)
konnektor ro'yxatdan o'tkazilmoqda: a1-cdc-obsv_cdc_c2n0on_r3_20260910092918 (prefix=obsv_cdc_c2n0on_r3_20260910092918)
konnektor RUNNING (2s)
streaming tasdiqlanmoqda (heartbeat topigi: __debezium-heartbeat.obsv_cdc_c2n0on_r3_20260910092918)
streaming tasdiqlandi (1 urinish)
[09:29:48] k6 yuklamasi boshlandi
[09:32:49] k6 iteratsiyalari: 9001
[09:32:49] qat'iy settle: 45s (o'lchov oynasi ikkala qo'lda bir xil)
[09:33:34] pipeline bo'shashi kutilmoqda (maks 120s)
[09:33:55] pipeline bo'sh (15s, sink=27003 / gt=27003)
[09:34:05] ground truth eksport qilinmoqda
[09:34:06] Kafka topigi eksport qilinmoqda
[09:34:16] tahlil
{
  "mode": "CDC",
  "profile": "C2N0ON",
  "rep": "3",
  "fault": "none",
  "ground_truth_transitions": 27003,
  "delivered_distinct": 27003,
  "delivered_total": 27003,
  "matched": 27003,
  "missing": 0,
  "phantom": 0,
  "malformed": 0,
  "loss_rate": 0.0,
  "loss_rate_ppm": 0.0,
  "duplicate_rate": 0.0,
  "ordering_violation_rate": 0.0,
  "txns_split_across_partitions": 0,
  "latency_ms_p50": 3401,
  "latency_ms_p95": 5482,
  "latency_ms_p99": 6037,
  "latency_ms_max": 6545,
  "latency_ms_mean": 3412.6,
  "latency_samples": 27003,
  "latency_negative_samples": 0,
  "loss_rate_upper_bound_95_ppm": 111.1
}
[09:34:16] ilova va konnektor to'xtatilmoqda
connector o'chirilmoqda: a1-cdc-obsv_cdc_c2n0on_r3_20260910092918
[09:34:26] === TUGADI: results/CDC-C2N0ON-r3-20260910092918 ===
