
         /\      Grafana   /‾‾/  
    /\  /  \     |\  __   /  /   
   /  \/    \    | |/ /  /   ‾‾\ 
  /          \   |   (  |  (‾)  |
 / __________ \  |_|\_\  \_____/ 


     execution: local
        script: harness/k6/a1-workload.js
        output: -

     scenarios: (100.00%) 1 scenario, 600 max VUs, 3m30s max duration (incl. graceful stop):
              * a1: 50.00 iterations/s for 3m0s (maxVUs: 100-600, gracefulStop: 30s)


running (0m01.0s), 049/100 VUs, 0 complete and 0 interrupted iterations
a1     [   1% ] 049/100 VUs  0m01.0s/3m0s  50.00 iters/s

running (0m02.0s), 007/100 VUs, 92 complete and 0 interrupted iterations
a1     [   1% ] 007/100 VUs  0m02.0s/3m0s  50.00 iters/s

running (0m03.0s), 007/100 VUs, 142 complete and 0 interrupted iterations
a1     [   2% ] 007/100 VUs  0m03.0s/3m0s  50.00 iters/s

running (0m04.0s), 007/100 VUs, 192 complete and 0 interrupted iterations
a1     [   2% ] 007/100 VUs  0m04.0s/3m0s  50.00 iters/s

running (0m05.0s), 007/100 VUs, 242 complete and 0 interrupted iterations
a1     [   3% ] 007/100 VUs  0m05.0s/3m0s  50.00 iters/s

running (0m06.0s), 007/100 VUs, 292 complete and 0 interrupted iterations
a1     [   3% ] 007/100 VUs  0m06.0s/3m0s  50.00 iters/s

running (0m07.0s), 007/100 VUs, 342 complete and 0 interrupted iterations
a1     [   4% ] 007/100 VUs  0m07.0s/3m0s  50.00 iters/s

running (0m08.0s), 007/100 VUs, 392 complete and 0 interrupted iterations
a1     [   4% ] 007/100 VUs  0m08.0s/3m0s  50.00 iters/s

running (0m09.0s), 007/100 VUs, 442 complete and 0 interrupted iterations
a1     [   5% ] 007/100 VUs  0m09.0s/3m0s  50.00 iters/s

running (0m10.0s), 011/100 VUs, 488 complete and 0 interrupted iterations
a1     [   6% ] 011/100 VUs  0m10.0s/3m0s  50.00 iters/s

running (0m11.0s), 007/100 VUs, 542 complete and 0 interrupted iterations
a1     [   6% ] 007/100 VUs  0m11.0s/3m0s  50.00 iters/s

running (0m12.0s), 007/100 VUs, 592 complete and 0 interrupted iterations
a1     [   7% ] 007/100 VUs  0m12.0s/3m0s  50.00 iters/s

running (0m13.0s), 007/100 VUs, 642 complete and 0 interrupted iterations
a1     [   7% ] 007/100 VUs  0m13.0s/3m0s  50.00 iters/s

running (0m14.0s), 006/100 VUs, 693 complete and 0 interrupted iterations
a1     [   8% ] 006/100 VUs  0m14.0s/3m0s  50.00 iters/s

running (0m15.0s), 007/100 VUs, 742 complete and 0 interrupted iterations
a1     [   8% ] 007/100 VUs  0m15.0s/3m0s  50.00 iters/s

running (0m16.0s), 008/100 VUs, 791 complete and 0 interrupted iterations
a1     [   9% ] 008/100 VUs  0m16.0s/3m0s  50.00 iters/s

running (0m17.0s), 007/100 VUs, 842 complete and 0 interrupted iterations
a1     [   9% ] 007/100 VUs  0m17.0s/3m0s  50.00 iters/s

running (0m18.0s), 008/100 VUs, 891 complete and 0 interrupted iterations
a1     [  10% ] 008/100 VUs  0m18.0s/3m0s  50.00 iters/s

running (0m19.0s), 008/100 VUs, 941 complete and 0 interrupted iterations
a1     [  11% ] 008/100 VUs  0m19.0s/3m0s  50.00 iters/s

running (0m20.0s), 008/100 VUs, 991 complete and 0 interrupted iterations
a1     [  11% ] 008/100 VUs  0m20.0s/3m0s  50.00 iters/s

running (0m21.0s), 007/100 VUs, 1042 complete and 0 interrupted iterations
a1     [  12% ] 007/100 VUs  0m21.0s/3m0s  50.00 iters/s

running (0m22.0s), 007/100 VUs, 1092 complete and 0 interrupted iterations
a1     [  12% ] 007/100 VUs  0m22.0s/3m0s  50.00 iters/s

running (0m23.0s), 007/100 VUs, 1142 complete and 0 interrupted iterations
a1     [  13% ] 007/100 VUs  0m23.0s/3m0s  50.00 iters/s

running (0m24.0s), 008/100 VUs, 1191 complete and 0 interrupted iterations
a1     [  13% ] 008/100 VUs  0m24.0s/3m0s  50.00 iters/s

running (0m25.0s), 008/100 VUs, 1241 complete and 0 interrupted iterations
a1     [  14% ] 008/100 VUs  0m25.0s/3m0s  50.00 iters/s

running (0m26.0s), 040/100 VUs, 1259 complete and 0 interrupted iterations
a1     [  14% ] 040/100 VUs  0m26.0s/3m0s  50.00 iters/s

running (0m27.0s), 007/100 VUs, 1342 complete and 0 interrupted iterations
a1     [  15% ] 007/100 VUs  0m27.0s/3m0s  50.00 iters/s

running (0m28.0s), 007/100 VUs, 1392 complete and 0 interrupted iterations
a1     [  16% ] 007/100 VUs  0m28.0s/3m0s  50.00 iters/s

running (0m29.0s), 007/100 VUs, 1442 complete and 0 interrupted iterations
a1     [  16% ] 007/100 VUs  0m29.0s/3m0s  50.00 iters/s

running (0m30.0s), 007/100 VUs, 1492 complete and 0 interrupted iterations
a1     [  17% ] 007/100 VUs  0m30.0s/3m0s  50.00 iters/s

running (0m31.0s), 007/100 VUs, 1542 complete and 0 interrupted iterations
a1     [  17% ] 007/100 VUs  0m31.0s/3m0s  50.00 iters/s

running (0m32.0s), 007/100 VUs, 1592 complete and 0 interrupted iterations
a1     [  18% ] 007/100 VUs  0m32.0s/3m0s  50.00 iters/s

running (0m33.0s), 007/100 VUs, 1642 complete and 0 interrupted iterations
a1     [  18% ] 007/100 VUs  0m33.0s/3m0s  50.00 iters/s

running (0m34.0s), 007/100 VUs, 1692 complete and 0 interrupted iterations
a1     [  19% ] 007/100 VUs  0m34.0s/3m0s  50.00 iters/s

running (0m35.0s), 007/100 VUs, 1742 complete and 0 interrupted iterations
a1     [  19% ] 007/100 VUs  0m35.0s/3m0s  50.00 iters/s

running (0m36.0s), 007/100 VUs, 1792 complete and 0 interrupted iterations
a1     [  20% ] 007/100 VUs  0m36.0s/3m0s  50.00 iters/s

running (0m37.0s), 007/100 VUs, 1842 complete and 0 interrupted iterations
a1     [  21% ] 007/100 VUs  0m37.0s/3m0s  50.00 iters/s

running (0m38.0s), 007/100 VUs, 1892 complete and 0 interrupted iterations
a1     [  21% ] 007/100 VUs  0m38.0s/3m0s  50.00 iters/s

running (0m39.0s), 007/100 VUs, 1942 complete and 0 interrupted iterations
a1     [  22% ] 007/100 VUs  0m39.0s/3m0s  50.00 iters/s

running (0m40.0s), 007/100 VUs, 1992 complete and 0 interrupted iterations
a1     [  22% ] 007/100 VUs  0m40.0s/3m0s  50.00 iters/s

running (0m41.0s), 006/100 VUs, 2043 complete and 0 interrupted iterations
a1     [  23% ] 006/100 VUs  0m41.0s/3m0s  50.00 iters/s

running (0m42.0s), 007/100 VUs, 2092 complete and 0 interrupted iterations
a1     [  23% ] 007/100 VUs  0m42.0s/3m0s  50.00 iters/s

running (0m43.0s), 006/100 VUs, 2143 complete and 0 interrupted iterations
a1     [  24% ] 006/100 VUs  0m43.0s/3m0s  50.00 iters/s

running (0m44.0s), 011/100 VUs, 2188 complete and 0 interrupted iterations
a1     [  24% ] 011/100 VUs  0m44.0s/3m0s  50.00 iters/s

running (0m45.0s), 006/100 VUs, 2243 complete and 0 interrupted iterations
a1     [  25% ] 006/100 VUs  0m45.0s/3m0s  50.00 iters/s

running (0m46.0s), 006/100 VUs, 2293 complete and 0 interrupted iterations
a1     [  26% ] 006/100 VUs  0m46.0s/3m0s  50.00 iters/s

running (0m47.0s), 005/100 VUs, 2344 complete and 0 interrupted iterations
a1     [  26% ] 005/100 VUs  0m47.0s/3m0s  50.00 iters/s

running (0m48.0s), 006/100 VUs, 2393 complete and 0 interrupted iterations
a1     [  27% ] 006/100 VUs  0m48.0s/3m0s  50.00 iters/s

running (0m49.0s), 006/100 VUs, 2443 complete and 0 interrupted iterations
a1     [  27% ] 006/100 VUs  0m49.0s/3m0s  50.00 iters/s

running (0m50.0s), 006/100 VUs, 2493 complete and 0 interrupted iterations
a1     [  28% ] 006/100 VUs  0m50.0s/3m0s  50.00 iters/s

running (0m51.0s), 006/100 VUs, 2543 complete and 0 interrupted iterations
a1     [  28% ] 006/100 VUs  0m51.0s/3m0s  50.00 iters/s

running (0m52.0s), 005/100 VUs, 2594 complete and 0 interrupted iterations
a1     [  29% ] 005/100 VUs  0m52.0s/3m0s  50.00 iters/s

running (0m53.0s), 006/100 VUs, 2643 complete and 0 interrupted iterations
a1     [  29% ] 006/100 VUs  0m53.0s/3m0s  50.00 iters/s

running (0m54.0s), 005/100 VUs, 2694 complete and 0 interrupted iterations
a1     [  30% ] 005/100 VUs  0m54.0s/3m0s  50.00 iters/s

running (0m55.0s), 005/100 VUs, 2744 complete and 0 interrupted iterations
a1     [  31% ] 005/100 VUs  0m55.0s/3m0s  50.00 iters/s

running (0m56.0s), 005/100 VUs, 2794 complete and 0 interrupted iterations
a1     [  31% ] 005/100 VUs  0m56.0s/3m0s  50.00 iters/s

running (0m57.0s), 006/100 VUs, 2843 complete and 0 interrupted iterations
a1     [  32% ] 006/100 VUs  0m57.0s/3m0s  50.00 iters/s

running (0m58.0s), 006/100 VUs, 2893 complete and 0 interrupted iterations
a1     [  32% ] 006/100 VUs  0m58.0s/3m0s  50.00 iters/s

running (0m59.0s), 006/100 VUs, 2943 complete and 0 interrupted iterations
a1     [  33% ] 006/100 VUs  0m59.0s/3m0s  50.00 iters/s

running (1m00.0s), 006/100 VUs, 2993 complete and 0 interrupted iterations
a1     [  33% ] 006/100 VUs  1m00.0s/3m0s  50.00 iters/s

running (1m01.0s), 006/100 VUs, 3043 complete and 0 interrupted iterations
a1     [  34% ] 006/100 VUs  1m01.0s/3m0s  50.00 iters/s

running (1m02.0s), 007/100 VUs, 3092 complete and 0 interrupted iterations
a1     [  34% ] 007/100 VUs  1m02.0s/3m0s  50.00 iters/s

running (1m03.0s), 006/100 VUs, 3143 complete and 0 interrupted iterations
a1     [  35% ] 006/100 VUs  1m03.0s/3m0s  50.00 iters/s

running (1m04.0s), 006/100 VUs, 3193 complete and 0 interrupted iterations
a1     [  36% ] 006/100 VUs  1m04.0s/3m0s  50.00 iters/s

running (1m05.0s), 006/100 VUs, 3243 complete and 0 interrupted iterations
a1     [  36% ] 006/100 VUs  1m05.0s/3m0s  50.00 iters/s

running (1m06.0s), 006/100 VUs, 3293 complete and 0 interrupted iterations
a1     [  37% ] 006/100 VUs  1m06.0s/3m0s  50.00 iters/s

running (1m07.0s), 006/100 VUs, 3343 complete and 0 interrupted iterations
a1     [  37% ] 006/100 VUs  1m07.0s/3m0s  50.00 iters/s

running (1m08.0s), 006/100 VUs, 3393 complete and 0 interrupted iterations
a1     [  38% ] 006/100 VUs  1m08.0s/3m0s  50.00 iters/s

running (1m09.0s), 006/100 VUs, 3443 complete and 0 interrupted iterations
a1     [  38% ] 006/100 VUs  1m09.0s/3m0s  50.00 iters/s

running (1m10.0s), 006/100 VUs, 3493 complete and 0 interrupted iterations
a1     [  39% ] 006/100 VUs  1m10.0s/3m0s  50.00 iters/s

running (1m11.0s), 023/100 VUs, 3526 complete and 0 interrupted iterations
a1     [  39% ] 023/100 VUs  1m11.0s/3m0s  50.00 iters/s

running (1m12.0s), 006/100 VUs, 3593 complete and 0 interrupted iterations
a1     [  40% ] 006/100 VUs  1m12.0s/3m0s  50.00 iters/s

running (1m13.0s), 006/100 VUs, 3643 complete and 0 interrupted iterations
a1     [  41% ] 006/100 VUs  1m13.0s/3m0s  50.00 iters/s

running (1m14.0s), 006/100 VUs, 3693 complete and 0 interrupted iterations
a1     [  41% ] 006/100 VUs  1m14.0s/3m0s  50.00 iters/s

running (1m15.0s), 006/100 VUs, 3743 complete and 0 interrupted iterations
a1     [  42% ] 006/100 VUs  1m15.0s/3m0s  50.00 iters/s

running (1m16.0s), 006/100 VUs, 3793 complete and 0 interrupted iterations
a1     [  42% ] 006/100 VUs  1m16.0s/3m0s  50.00 iters/s

running (1m17.0s), 006/100 VUs, 3843 complete and 0 interrupted iterations
a1     [  43% ] 006/100 VUs  1m17.0s/3m0s  50.00 iters/s

running (1m18.0s), 006/100 VUs, 3893 complete and 0 interrupted iterations
a1     [  43% ] 006/100 VUs  1m18.0s/3m0s  50.00 iters/s

running (1m19.0s), 006/100 VUs, 3943 complete and 0 interrupted iterations
a1     [  44% ] 006/100 VUs  1m19.0s/3m0s  50.00 iters/s

running (1m20.0s), 006/100 VUs, 3993 complete and 0 interrupted iterations
a1     [  44% ] 006/100 VUs  1m20.0s/3m0s  50.00 iters/s

running (1m21.0s), 006/100 VUs, 4043 complete and 0 interrupted iterations
a1     [  45% ] 006/100 VUs  1m21.0s/3m0s  50.00 iters/s

running (1m22.0s), 006/100 VUs, 4093 complete and 0 interrupted iterations
a1     [  46% ] 006/100 VUs  1m22.0s/3m0s  50.00 iters/s

running (1m23.0s), 006/100 VUs, 4143 complete and 0 interrupted iterations
a1     [  46% ] 006/100 VUs  1m23.0s/3m0s  50.00 iters/s

running (1m24.0s), 006/100 VUs, 4193 complete and 0 interrupted iterations
a1     [  47% ] 006/100 VUs  1m24.0s/3m0s  50.00 iters/s

running (1m25.0s), 006/100 VUs, 4243 complete and 0 interrupted iterations
a1     [  47% ] 006/100 VUs  1m25.0s/3m0s  50.00 iters/s

running (1m26.0s), 006/100 VUs, 4293 complete and 0 interrupted iterations
a1     [  48% ] 006/100 VUs  1m26.0s/3m0s  50.00 iters/s

running (1m27.0s), 006/100 VUs, 4343 complete and 0 interrupted iterations
a1     [  48% ] 006/100 VUs  1m27.0s/3m0s  50.00 iters/s

running (1m28.0s), 006/100 VUs, 4393 complete and 0 interrupted iterations
a1     [  49% ] 006/100 VUs  1m28.0s/3m0s  50.00 iters/s

running (1m29.0s), 006/100 VUs, 4443 complete and 0 interrupted iterations
a1     [  49% ] 006/100 VUs  1m29.0s/3m0s  50.00 iters/s

running (1m30.0s), 006/100 VUs, 4493 complete and 0 interrupted iterations
a1     [  50% ] 006/100 VUs  1m30.0s/3m0s  50.00 iters/s

running (1m31.0s), 006/100 VUs, 4543 complete and 0 interrupted iterations
a1     [  51% ] 006/100 VUs  1m31.0s/3m0s  50.00 iters/s

running (1m32.0s), 006/100 VUs, 4593 complete and 0 interrupted iterations
a1     [  51% ] 006/100 VUs  1m32.0s/3m0s  50.00 iters/s

running (1m33.0s), 006/100 VUs, 4643 complete and 0 interrupted iterations
a1     [  52% ] 006/100 VUs  1m33.0s/3m0s  50.00 iters/s

running (1m34.0s), 006/100 VUs, 4693 complete and 0 interrupted iterations
a1     [  52% ] 006/100 VUs  1m34.0s/3m0s  50.00 iters/s

running (1m35.0s), 016/100 VUs, 4733 complete and 0 interrupted iterations
a1     [  53% ] 016/100 VUs  1m35.0s/3m0s  50.00 iters/s

running (1m36.0s), 006/100 VUs, 4793 complete and 0 interrupted iterations
a1     [  53% ] 006/100 VUs  1m36.0s/3m0s  50.00 iters/s

running (1m37.0s), 007/100 VUs, 4842 complete and 0 interrupted iterations
a1     [  54% ] 007/100 VUs  1m37.0s/3m0s  50.00 iters/s

running (1m38.0s), 006/100 VUs, 4893 complete and 0 interrupted iterations
a1     [  54% ] 006/100 VUs  1m38.0s/3m0s  50.00 iters/s

running (1m39.0s), 007/100 VUs, 4942 complete and 0 interrupted iterations
a1     [  55% ] 007/100 VUs  1m39.0s/3m0s  50.00 iters/s

running (1m40.0s), 006/100 VUs, 4993 complete and 0 interrupted iterations
a1     [  56% ] 006/100 VUs  1m40.0s/3m0s  50.00 iters/s

running (1m41.0s), 007/100 VUs, 5042 complete and 0 interrupted iterations
a1     [  56% ] 007/100 VUs  1m41.0s/3m0s  50.00 iters/s

running (1m42.0s), 007/100 VUs, 5092 complete and 0 interrupted iterations
a1     [  57% ] 007/100 VUs  1m42.0s/3m0s  50.00 iters/s

running (1m43.0s), 007/100 VUs, 5142 complete and 0 interrupted iterations
a1     [  57% ] 007/100 VUs  1m43.0s/3m0s  50.00 iters/s

running (1m44.0s), 006/100 VUs, 5193 complete and 0 interrupted iterations
a1     [  58% ] 006/100 VUs  1m44.0s/3m0s  50.00 iters/s

running (1m45.0s), 007/100 VUs, 5242 complete and 0 interrupted iterations
a1     [  58% ] 007/100 VUs  1m45.0s/3m0s  50.00 iters/s

running (1m46.0s), 004/100 VUs, 5295 complete and 0 interrupted iterations
a1     [  59% ] 004/100 VUs  1m46.0s/3m0s  50.00 iters/s

running (1m47.0s), 006/100 VUs, 5343 complete and 0 interrupted iterations
a1     [  59% ] 006/100 VUs  1m47.0s/3m0s  50.00 iters/s

running (1m48.0s), 007/100 VUs, 5392 complete and 0 interrupted iterations
a1     [  60% ] 007/100 VUs  1m48.0s/3m0s  50.00 iters/s

running (1m49.0s), 007/100 VUs, 5442 complete and 0 interrupted iterations
a1     [  61% ] 007/100 VUs  1m49.0s/3m0s  50.00 iters/s

running (1m50.0s), 007/100 VUs, 5492 complete and 0 interrupted iterations
a1     [  61% ] 007/100 VUs  1m50.0s/3m0s  50.00 iters/s

running (1m51.0s), 006/100 VUs, 5543 complete and 0 interrupted iterations
a1     [  62% ] 006/100 VUs  1m51.0s/3m0s  50.00 iters/s
time="2026-09-09T21:09:39+05:00" level=warning msg="The test has generated metrics with 100209 unique time series, which is higher than the suggested limit of 100000 and could cause high memory usage. Consider not using high-cardinality values like unique IDs as metric tags or, if you need them in the URL, use the name metric tag or URL grouping. See https://grafana.com/docs/k6/latest/using-k6/tags-and-groups/ for details." component=metrics-engine-ingester

running (1m52.0s), 006/100 VUs, 5593 complete and 0 interrupted iterations
a1     [  62% ] 006/100 VUs  1m52.0s/3m0s  50.00 iters/s

running (1m53.0s), 006/100 VUs, 5643 complete and 0 interrupted iterations
a1     [  63% ] 006/100 VUs  1m53.0s/3m0s  50.00 iters/s

running (1m54.0s), 007/100 VUs, 5692 complete and 0 interrupted iterations
a1     [  63% ] 007/100 VUs  1m54.0s/3m0s  50.00 iters/s

running (1m55.0s), 007/100 VUs, 5742 complete and 0 interrupted iterations
a1     [  64% ] 007/100 VUs  1m55.0s/3m0s  50.00 iters/s

running (1m56.0s), 006/100 VUs, 5793 complete and 0 interrupted iterations
a1     [  64% ] 006/100 VUs  1m56.0s/3m0s  50.00 iters/s

running (1m57.0s), 006/100 VUs, 5843 complete and 0 interrupted iterations
a1     [  65% ] 006/100 VUs  1m57.0s/3m0s  50.00 iters/s

running (1m58.0s), 007/100 VUs, 5892 complete and 0 interrupted iterations
a1     [  66% ] 007/100 VUs  1m58.0s/3m0s  50.00 iters/s

running (1m59.0s), 005/100 VUs, 5944 complete and 0 interrupted iterations
a1     [  66% ] 005/100 VUs  1m59.0s/3m0s  50.00 iters/s

running (2m00.0s), 007/100 VUs, 5992 complete and 0 interrupted iterations
a1     [  67% ] 007/100 VUs  2m00.0s/3m0s  50.00 iters/s

running (2m01.0s), 007/100 VUs, 6042 complete and 0 interrupted iterations
a1     [  67% ] 007/100 VUs  2m01.0s/3m0s  50.00 iters/s

running (2m02.0s), 007/100 VUs, 6092 complete and 0 interrupted iterations
a1     [  68% ] 007/100 VUs  2m02.0s/3m0s  50.00 iters/s

running (2m03.0s), 007/100 VUs, 6142 complete and 0 interrupted iterations
a1     [  68% ] 007/100 VUs  2m03.0s/3m0s  50.00 iters/s

running (2m04.0s), 007/100 VUs, 6192 complete and 0 interrupted iterations
a1     [  69% ] 007/100 VUs  2m04.0s/3m0s  50.00 iters/s

running (2m05.0s), 007/100 VUs, 6242 complete and 0 interrupted iterations
a1     [  69% ] 007/100 VUs  2m05.0s/3m0s  50.00 iters/s

running (2m06.0s), 007/100 VUs, 6292 complete and 0 interrupted iterations
a1     [  70% ] 007/100 VUs  2m06.0s/3m0s  50.00 iters/s

running (2m07.0s), 006/100 VUs, 6343 complete and 0 interrupted iterations
a1     [  71% ] 006/100 VUs  2m07.0s/3m0s  50.00 iters/s

running (2m08.0s), 006/100 VUs, 6393 complete and 0 interrupted iterations
a1     [  71% ] 006/100 VUs  2m08.0s/3m0s  50.00 iters/s

running (2m09.0s), 007/100 VUs, 6442 complete and 0 interrupted iterations
a1     [  72% ] 007/100 VUs  2m09.0s/3m0s  50.00 iters/s

running (2m10.0s), 006/100 VUs, 6493 complete and 0 interrupted iterations
a1     [  72% ] 006/100 VUs  2m10.0s/3m0s  50.00 iters/s

running (2m11.0s), 007/100 VUs, 6542 complete and 0 interrupted iterations
a1     [  73% ] 007/100 VUs  2m11.0s/3m0s  50.00 iters/s

running (2m12.0s), 006/100 VUs, 6593 complete and 0 interrupted iterations
a1     [  73% ] 006/100 VUs  2m12.0s/3m0s  50.00 iters/s

running (2m13.0s), 007/100 VUs, 6642 complete and 0 interrupted iterations
a1     [  74% ] 007/100 VUs  2m13.0s/3m0s  50.00 iters/s

running (2m14.0s), 006/100 VUs, 6693 complete and 0 interrupted iterations
a1     [  74% ] 006/100 VUs  2m14.0s/3m0s  50.00 iters/s

running (2m15.0s), 006/100 VUs, 6743 complete and 0 interrupted iterations
a1     [  75% ] 006/100 VUs  2m15.0s/3m0s  50.00 iters/s

running (2m16.0s), 007/100 VUs, 6792 complete and 0 interrupted iterations
a1     [  76% ] 007/100 VUs  2m16.0s/3m0s  50.00 iters/s

running (2m17.0s), 007/100 VUs, 6842 complete and 0 interrupted iterations
a1     [  76% ] 007/100 VUs  2m17.0s/3m0s  50.00 iters/s

running (2m18.0s), 007/100 VUs, 6892 complete and 0 interrupted iterations
a1     [  77% ] 007/100 VUs  2m18.0s/3m0s  50.00 iters/s

running (2m19.0s), 007/100 VUs, 6942 complete and 0 interrupted iterations
a1     [  77% ] 007/100 VUs  2m19.0s/3m0s  50.00 iters/s

running (2m20.0s), 007/100 VUs, 6992 complete and 0 interrupted iterations
a1     [  78% ] 007/100 VUs  2m20.0s/3m0s  50.00 iters/s

running (2m21.0s), 007/100 VUs, 7042 complete and 0 interrupted iterations
a1     [  78% ] 007/100 VUs  2m21.0s/3m0s  50.00 iters/s

running (2m22.0s), 007/100 VUs, 7092 complete and 0 interrupted iterations
a1     [  79% ] 007/100 VUs  2m22.0s/3m0s  50.00 iters/s

running (2m23.0s), 006/100 VUs, 7143 complete and 0 interrupted iterations
a1     [  79% ] 006/100 VUs  2m23.0s/3m0s  50.00 iters/s

running (2m24.0s), 007/100 VUs, 7192 complete and 0 interrupted iterations
a1     [  80% ] 007/100 VUs  2m24.0s/3m0s  50.00 iters/s

running (2m25.0s), 006/100 VUs, 7243 complete and 0 interrupted iterations
a1     [  81% ] 006/100 VUs  2m25.0s/3m0s  50.00 iters/s

running (2m26.0s), 007/100 VUs, 7292 complete and 0 interrupted iterations
a1     [  81% ] 007/100 VUs  2m26.0s/3m0s  50.00 iters/s

running (2m27.0s), 005/100 VUs, 7344 complete and 0 interrupted iterations
a1     [  82% ] 005/100 VUs  2m27.0s/3m0s  50.00 iters/s

running (2m28.0s), 007/100 VUs, 7392 complete and 0 interrupted iterations
a1     [  82% ] 007/100 VUs  2m28.0s/3m0s  50.00 iters/s

running (2m29.0s), 007/100 VUs, 7442 complete and 0 interrupted iterations
a1     [  83% ] 007/100 VUs  2m29.0s/3m0s  50.00 iters/s

running (2m30.0s), 007/100 VUs, 7492 complete and 0 interrupted iterations
a1     [  83% ] 007/100 VUs  2m30.0s/3m0s  50.00 iters/s

running (2m31.0s), 007/100 VUs, 7542 complete and 0 interrupted iterations
a1     [  84% ] 007/100 VUs  2m31.0s/3m0s  50.00 iters/s

running (2m32.0s), 007/100 VUs, 7592 complete and 0 interrupted iterations
a1     [  84% ] 007/100 VUs  2m32.0s/3m0s  50.00 iters/s

running (2m33.0s), 007/100 VUs, 7642 complete and 0 interrupted iterations
a1     [  85% ] 007/100 VUs  2m33.0s/3m0s  50.00 iters/s

running (2m34.0s), 007/100 VUs, 7692 complete and 0 interrupted iterations
a1     [  86% ] 007/100 VUs  2m34.0s/3m0s  50.00 iters/s

running (2m35.0s), 007/100 VUs, 7742 complete and 0 interrupted iterations
a1     [  86% ] 007/100 VUs  2m35.0s/3m0s  50.00 iters/s

running (2m36.0s), 007/100 VUs, 7792 complete and 0 interrupted iterations
a1     [  87% ] 007/100 VUs  2m36.0s/3m0s  50.00 iters/s

running (2m37.0s), 053/100 VUs, 7796 complete and 0 interrupted iterations
a1     [  87% ] 053/100 VUs  2m37.0s/3m0s  50.00 iters/s

running (2m38.0s), 101/101 VUs, 7796 complete and 0 interrupted iterations
a1     [  88% ] 101/101 VUs  2m38.0s/3m0s  50.00 iters/s

running (2m39.0s), 115/116 VUs, 7817 complete and 0 interrupted iterations
a1     [  88% ] 115/116 VUs  2m39.0s/3m0s  50.00 iters/s

running (2m40.0s), 129/130 VUs, 7839 complete and 0 interrupted iterations
a1     [  89% ] 129/130 VUs  2m40.0s/3m0s  50.00 iters/s

running (2m41.0s), 150/150 VUs, 7848 complete and 0 interrupted iterations
a1     [  89% ] 150/150 VUs  2m41.0s/3m0s  50.00 iters/s

running (2m42.0s), 166/167 VUs, 7865 complete and 0 interrupted iterations
a1     [  90% ] 166/167 VUs  2m42.0s/3m0s  50.00 iters/s

running (2m43.0s), 000/170 VUs, 8078 complete and 0 interrupted iterations
a1     [  91% ] 000/170 VUs  2m43.0s/3m0s  50.00 iters/s

running (2m44.0s), 000/170 VUs, 8128 complete and 0 interrupted iterations
a1     [  91% ] 000/170 VUs  2m44.0s/3m0s  50.00 iters/s

running (2m45.0s), 001/170 VUs, 8177 complete and 0 interrupted iterations
a1     [  92% ] 001/170 VUs  2m45.0s/3m0s  50.00 iters/s

running (2m46.0s), 000/170 VUs, 8228 complete and 0 interrupted iterations
a1     [  92% ] 000/170 VUs  2m46.0s/3m0s  50.00 iters/s

running (2m47.0s), 001/170 VUs, 8277 complete and 0 interrupted iterations
a1     [  93% ] 001/170 VUs  2m47.0s/3m0s  50.00 iters/s

running (2m48.0s), 000/170 VUs, 8328 complete and 0 interrupted iterations
a1     [  93% ] 000/170 VUs  2m48.0s/3m0s  50.00 iters/s

running (2m49.0s), 001/170 VUs, 8377 complete and 0 interrupted iterations
a1     [  94% ] 001/170 VUs  2m49.0s/3m0s  50.00 iters/s

running (2m50.0s), 023/170 VUs, 8405 complete and 0 interrupted iterations
a1     [  94% ] 023/170 VUs  2m50.0s/3m0s  50.00 iters/s

running (2m51.0s), 000/170 VUs, 8478 complete and 0 interrupted iterations
a1     [  95% ] 000/170 VUs  2m51.0s/3m0s  50.00 iters/s

running (2m52.0s), 000/170 VUs, 8528 complete and 0 interrupted iterations
a1     [  96% ] 000/170 VUs  2m52.0s/3m0s  50.00 iters/s

running (2m53.0s), 031/170 VUs, 8547 complete and 0 interrupted iterations
a1     [  96% ] 031/170 VUs  2m53.0s/3m0s  50.00 iters/s

running (2m54.0s), 001/170 VUs, 8627 complete and 0 interrupted iterations
a1     [  97% ] 001/170 VUs  2m54.0s/3m0s  50.00 iters/s

running (2m55.0s), 000/170 VUs, 8678 complete and 0 interrupted iterations
a1     [  97% ] 000/170 VUs  2m55.0s/3m0s  50.00 iters/s

running (2m56.0s), 000/170 VUs, 8728 complete and 0 interrupted iterations
a1     [  98% ] 000/170 VUs  2m56.0s/3m0s  50.00 iters/s

running (2m57.0s), 015/170 VUs, 8763 complete and 0 interrupted iterations
a1     [  98% ] 015/170 VUs  2m57.0s/3m0s  50.00 iters/s

running (2m58.0s), 000/170 VUs, 8828 complete and 0 interrupted iterations
a1     [  99% ] 000/170 VUs  2m58.0s/3m0s  50.00 iters/s

running (2m59.0s), 020/170 VUs, 8858 complete and 0 interrupted iterations
a1     [  99% ] 020/170 VUs  2m59.0s/3m0s  50.00 iters/s

running (3m00.0s), 000/170 VUs, 8928 complete and 0 interrupted iterations
a1     [ 100% ] 000/170 VUs  3m00.0s/3m0s  50.00 iters/s


  █ THRESHOLDS 

    http_req_failed
    ✓ 'rate<0.05' rate=0.00%


  █ TOTAL RESULTS 

    checks_total.......: 26790   148.822032/s
    checks_succeeded...: 100.00% 26790 out of 26790
    checks_failed......: 0.00%   0 out of 26790

    ✓ initiated
    ✓ validated
    ✓ terminal

    CUSTOM
    a1_lifecycle_duration..........: avg=227.14ms min=6ms    med=56ms    p(95)=646ms    p(99)=3.55s max=5.53s
    a1_lifecycles_completed........: 8930   49.607344/s
    a1_transitions_committed.......: 26790  148.822032/s

    HTTP
    http_req_duration..............: avg=75.56ms  min=1.55ms med=7.56ms  p(95)=328.56ms p(99)=1.2s  max=3.96s
      { expected_response:true }...: avg=75.56ms  min=1.55ms med=7.56ms  p(95)=328.56ms p(99)=1.2s  max=3.96s
    http_req_failed................: 0.00%  0 out of 26790
    http_reqs......................: 26790  148.822032/s

    EXECUTION
    dropped_iterations.............: 71     0.394414/s
    iteration_duration.............: avg=227.23ms min=6.1ms  med=56.31ms p(95)=646.09ms p(99)=3.55s max=5.52s
    iterations.....................: 8930   49.607344/s
    vus............................: 0      min=0          max=166
    vus_max........................: 170    min=100        max=170

    NETWORK
    data_received..................: 10 MB  57 kB/s
    data_sent......................: 5.8 MB 32 kB/s




running (3m00.0s), 000/170 VUs, 8930 complete and 0 interrupted iterations
a1   ✓ [ 100% ] 000/170 VUs  3m0s  50.00 iters/s
