[21:07:12] === RUN CDC-C2N4ON-r1-20260909210712 ===
[21:07:12] mode=CDC profile=C2N4ON rep=1 tps=50 duration=180s fault=none
[21:07:12] jar: target/master-thesis-observability-0.0.1-SNAPSHOT.jar
[21:07:12] arxiv redo tozalanmoqda
[21:07:12] workload tozalanmoqda (reference saqlanadi)
workload reset; reference data preserved
AQ backlog purged: 0 -> 0
[21:07:14] Kafka topigi qayta yaratilmoqda
[21:07:23] ilova ishga tushirilmoqda (mode=CDC)
[21:07:40] ilova tayyor (pid 2766683)
[21:07:40] Debezium konnektori ro'yxatdan o'tkazilmoqda (CDC, prefix=obsv_cdc_c2n4on_r1_20260909210712)
konnektor ro'yxatdan o'tkazilmoqda: a1-cdc-obsv_cdc_c2n4on_r1_20260909210712 (prefix=obsv_cdc_c2n4on_r1_20260909210712)
konnektor RUNNING (2s)
streaming tasdiqlanmoqda (heartbeat topigi: __debezium-heartbeat.obsv_cdc_c2n4on_r1_20260909210712)
streaming tasdiqlandi (1 urinish)
[21:07:47] k6 yuklamasi boshlandi
[21:10:48] k6 iteratsiyalari: 8930
[21:10:48] qat'iy settle: 45s (o'lchov oynasi ikkala qo'lda bir xil)
[21:11:34] pipeline bo'shashi kutilmoqda (maks 120s)
[21:11:55] pipeline bo'sh (15s, sink=10479 xabar)
[21:12:05] ground truth eksport qilinmoqda
[21:12:06] Kafka topigi eksport qilinmoqda
[21:12:16] tahlil
{
  "mode": "CDC",
  "profile": "C2N4ON",
  "rep": "1",
  "fault": "none",
  "ground_truth_transitions": 26790,
  "delivered_distinct": 10479,
  "delivered_total": 10479,
  "matched": 10479,
  "missing": 16311,
  "phantom": 0,
  "malformed": 0,
  "loss_rate": 0.60884658,
  "loss_rate_ppm": 608846.58,
  "duplicate_rate": 0.0,
  "ordering_violation_rate": 0.0,
  "txns_split_across_partitions": 0,
  "latency_ms_p50": 5525,
  "latency_ms_p95": 9226,
  "latency_ms_p99": 11030,
  "latency_ms_max": 11962,
  "latency_ms_mean": 5835.7,
  "latency_samples": 10479,
  "latency_negative_samples": 0
}
[21:12:17] ilova va konnektor to'xtatilmoqda
connector o'chirilmoqda: a1-cdc-obsv_cdc_c2n4on_r1_20260909210712
[21:12:27] === TUGADI: results/CDC-C2N4ON-r1-20260909210712 ===
