
         /\      Grafana   /‾‾/  
    /\  /  \     |\  __   /  /   
   /  \/    \    | |/ /  /   ‾‾\ 
  /          \   |   (  |  (‾)  |
 / __________ \  |_|\_\  \_____/ 


     execution: local
        script: harness/k6/a1-workload.js
        output: -

     scenarios: (100.00%) 1 scenario, 600 max VUs, 1m30s max duration (incl. graceful stop):
              * a1: 100.00 iterations/s for 1m0s (maxVUs: 100-600, gracefulStop: 30s)


running (0m01.0s), 098/100 VUs, 0 complete and 0 interrupted iterations
a1     [   2% ] 098/100 VUs  0m01.0s/1m0s  100.00 iters/s

running (0m02.0s), 004/131 VUs, 163 complete and 0 interrupted iterations
a1     [   3% ] 004/131 VUs  0m02.0s/1m0s  100.00 iters/s

running (0m05.9s), 005/131 VUs, 262 complete and 0 interrupted iterations
a1     [   5% ] 005/131 VUs  0m03.0s/1m0s  100.00 iters/s

running (0m06.9s), 003/131 VUs, 364 complete and 0 interrupted iterations
a1     [   7% ] 003/131 VUs  0m04.0s/1m0s  100.00 iters/s

running (0m07.9s), 003/131 VUs, 464 complete and 0 interrupted iterations
a1     [   8% ] 003/131 VUs  0m05.0s/1m0s  100.00 iters/s

running (0m08.9s), 002/131 VUs, 565 complete and 0 interrupted iterations
a1     [  10% ] 002/131 VUs  0m06.0s/1m0s  100.00 iters/s

running (0m09.9s), 002/131 VUs, 665 complete and 0 interrupted iterations
a1     [  12% ] 002/131 VUs  0m07.0s/1m0s  100.00 iters/s

running (0m10.9s), 002/131 VUs, 765 complete and 0 interrupted iterations
a1     [  13% ] 002/131 VUs  0m08.0s/1m0s  100.00 iters/s

running (0m11.9s), 002/131 VUs, 865 complete and 0 interrupted iterations
a1     [  15% ] 002/131 VUs  0m09.0s/1m0s  100.00 iters/s

running (0m12.9s), 001/131 VUs, 966 complete and 0 interrupted iterations
a1     [  17% ] 001/131 VUs  0m10.0s/1m0s  100.00 iters/s

running (0m13.9s), 002/131 VUs, 1065 complete and 0 interrupted iterations
a1     [  18% ] 002/131 VUs  0m11.0s/1m0s  100.00 iters/s

running (0m14.9s), 002/131 VUs, 1165 complete and 0 interrupted iterations
a1     [  20% ] 002/131 VUs  0m12.0s/1m0s  100.00 iters/s

running (0m15.9s), 002/131 VUs, 1265 complete and 0 interrupted iterations
a1     [  22% ] 002/131 VUs  0m13.0s/1m0s  100.00 iters/s

running (0m16.9s), 002/131 VUs, 1365 complete and 0 interrupted iterations
a1     [  23% ] 002/131 VUs  0m14.0s/1m0s  100.00 iters/s

running (0m17.9s), 002/131 VUs, 1465 complete and 0 interrupted iterations
a1     [  25% ] 002/131 VUs  0m15.0s/1m0s  100.00 iters/s

running (0m18.9s), 002/131 VUs, 1565 complete and 0 interrupted iterations
a1     [  27% ] 002/131 VUs  0m16.0s/1m0s  100.00 iters/s

running (0m19.9s), 002/131 VUs, 1665 complete and 0 interrupted iterations
a1     [  28% ] 002/131 VUs  0m17.0s/1m0s  100.00 iters/s

running (0m20.9s), 002/131 VUs, 1765 complete and 0 interrupted iterations
a1     [  30% ] 002/131 VUs  0m18.0s/1m0s  100.00 iters/s

running (0m21.9s), 002/131 VUs, 1865 complete and 0 interrupted iterations
a1     [  32% ] 002/131 VUs  0m19.0s/1m0s  100.00 iters/s

running (0m22.9s), 001/131 VUs, 1966 complete and 0 interrupted iterations
a1     [  33% ] 001/131 VUs  0m20.0s/1m0s  100.00 iters/s

running (0m23.9s), 001/131 VUs, 2066 complete and 0 interrupted iterations
a1     [  35% ] 001/131 VUs  0m21.0s/1m0s  100.00 iters/s

running (0m24.9s), 002/131 VUs, 2165 complete and 0 interrupted iterations
a1     [  37% ] 002/131 VUs  0m22.0s/1m0s  100.00 iters/s

running (0m25.9s), 001/131 VUs, 2266 complete and 0 interrupted iterations
a1     [  38% ] 001/131 VUs  0m23.0s/1m0s  100.00 iters/s

running (0m26.9s), 002/131 VUs, 2365 complete and 0 interrupted iterations
a1     [  40% ] 002/131 VUs  0m24.0s/1m0s  100.00 iters/s

running (0m27.9s), 002/131 VUs, 2465 complete and 0 interrupted iterations
a1     [  42% ] 002/131 VUs  0m25.0s/1m0s  100.00 iters/s

running (0m28.9s), 002/131 VUs, 2565 complete and 0 interrupted iterations
a1     [  43% ] 002/131 VUs  0m26.0s/1m0s  100.00 iters/s

running (0m29.9s), 002/131 VUs, 2665 complete and 0 interrupted iterations
a1     [  45% ] 002/131 VUs  0m27.0s/1m0s  100.00 iters/s

running (0m30.9s), 002/131 VUs, 2765 complete and 0 interrupted iterations
a1     [  47% ] 002/131 VUs  0m28.0s/1m0s  100.00 iters/s

running (0m31.9s), 001/131 VUs, 2866 complete and 0 interrupted iterations
a1     [  48% ] 001/131 VUs  0m29.0s/1m0s  100.00 iters/s

running (0m32.9s), 001/131 VUs, 2966 complete and 0 interrupted iterations
a1     [  50% ] 001/131 VUs  0m30.0s/1m0s  100.00 iters/s

running (0m33.9s), 002/131 VUs, 3065 complete and 0 interrupted iterations
a1     [  52% ] 002/131 VUs  0m31.0s/1m0s  100.00 iters/s

running (0m34.9s), 002/131 VUs, 3165 complete and 0 interrupted iterations
a1     [  53% ] 002/131 VUs  0m32.0s/1m0s  100.00 iters/s

running (0m35.9s), 002/131 VUs, 3265 complete and 0 interrupted iterations
a1     [  55% ] 002/131 VUs  0m33.0s/1m0s  100.00 iters/s

running (0m36.9s), 001/131 VUs, 3366 complete and 0 interrupted iterations
a1     [  57% ] 001/131 VUs  0m34.0s/1m0s  100.00 iters/s

running (0m40.8s), 002/131 VUs, 3465 complete and 0 interrupted iterations
a1     [  58% ] 002/131 VUs  0m35.0s/1m0s  100.00 iters/s

running (0m41.8s), 001/131 VUs, 3566 complete and 0 interrupted iterations
a1     [  60% ] 001/131 VUs  0m36.0s/1m0s  100.00 iters/s

running (0m42.8s), 002/131 VUs, 3665 complete and 0 interrupted iterations
a1     [  62% ] 002/131 VUs  0m37.0s/1m0s  100.00 iters/s

running (0m43.8s), 002/131 VUs, 3765 complete and 0 interrupted iterations
a1     [  63% ] 002/131 VUs  0m38.0s/1m0s  100.00 iters/s

running (0m44.8s), 002/131 VUs, 3865 complete and 0 interrupted iterations
a1     [  65% ] 002/131 VUs  0m39.0s/1m0s  100.00 iters/s

running (0m45.8s), 001/131 VUs, 3966 complete and 0 interrupted iterations
a1     [  67% ] 001/131 VUs  0m40.0s/1m0s  100.00 iters/s

running (0m46.8s), 001/131 VUs, 4066 complete and 0 interrupted iterations
a1     [  68% ] 001/131 VUs  0m41.0s/1m0s  100.00 iters/s

running (0m47.8s), 001/131 VUs, 4166 complete and 0 interrupted iterations
a1     [  70% ] 001/131 VUs  0m42.0s/1m0s  100.00 iters/s

running (0m48.8s), 001/131 VUs, 4266 complete and 0 interrupted iterations
a1     [  72% ] 001/131 VUs  0m43.0s/1m0s  100.00 iters/s

running (0m49.8s), 001/131 VUs, 4366 complete and 0 interrupted iterations
a1     [  73% ] 001/131 VUs  0m44.0s/1m0s  100.00 iters/s

running (0m50.8s), 001/131 VUs, 4466 complete and 0 interrupted iterations
a1     [  75% ] 001/131 VUs  0m45.0s/1m0s  100.00 iters/s

running (0m51.8s), 001/131 VUs, 4566 complete and 0 interrupted iterations
a1     [  77% ] 001/131 VUs  0m46.0s/1m0s  100.00 iters/s

running (0m52.8s), 001/131 VUs, 4666 complete and 0 interrupted iterations
a1     [  78% ] 001/131 VUs  0m47.0s/1m0s  100.00 iters/s

running (0m53.8s), 002/131 VUs, 4765 complete and 0 interrupted iterations
a1     [  80% ] 002/131 VUs  0m48.0s/1m0s  100.00 iters/s

running (0m54.8s), 001/131 VUs, 4866 complete and 0 interrupted iterations
a1     [  82% ] 001/131 VUs  0m49.0s/1m0s  100.00 iters/s

running (0m55.8s), 001/131 VUs, 4966 complete and 0 interrupted iterations
a1     [  83% ] 001/131 VUs  0m50.0s/1m0s  100.00 iters/s

running (0m56.8s), 002/131 VUs, 5065 complete and 0 interrupted iterations
a1     [  85% ] 002/131 VUs  0m51.0s/1m0s  100.00 iters/s

running (0m57.8s), 001/131 VUs, 5166 complete and 0 interrupted iterations
a1     [  87% ] 001/131 VUs  0m52.0s/1m0s  100.00 iters/s

running (0m58.8s), 001/131 VUs, 5266 complete and 0 interrupted iterations
a1     [  88% ] 001/131 VUs  0m53.0s/1m0s  100.00 iters/s

running (0m59.8s), 001/131 VUs, 5366 complete and 0 interrupted iterations
a1     [  90% ] 001/131 VUs  0m54.0s/1m0s  100.00 iters/s

running (1m00.8s), 001/131 VUs, 5466 complete and 0 interrupted iterations
a1     [  92% ] 001/131 VUs  0m55.0s/1m0s  100.00 iters/s
time="2026-09-02T18:50:47+05:00" level=warning msg="The test has generated metrics with 100021 unique time series, which is higher than the suggested limit of 100000 and could cause high memory usage. Consider not using high-cardinality values like unique IDs as metric tags or, if you need them in the URL, use the name metric tag or URL grouping. See https://grafana.com/docs/k6/latest/using-k6/tags-and-groups/ for details." component=metrics-engine-ingester

running (1m01.8s), 001/131 VUs, 5566 complete and 0 interrupted iterations
a1     [  93% ] 001/131 VUs  0m56.0s/1m0s  100.00 iters/s

running (1m02.8s), 001/131 VUs, 5666 complete and 0 interrupted iterations
a1     [  95% ] 001/131 VUs  0m57.0s/1m0s  100.00 iters/s

running (1m03.8s), 001/131 VUs, 5766 complete and 0 interrupted iterations
a1     [  97% ] 001/131 VUs  0m58.0s/1m0s  100.00 iters/s

running (1m04.8s), 001/131 VUs, 5866 complete and 0 interrupted iterations
a1     [  98% ] 001/131 VUs  0m59.0s/1m0s  100.00 iters/s

running (1m05.8s), 002/131 VUs, 5965 complete and 0 interrupted iterations
a1     [ 100% ] 002/131 VUs  1m00.0s/1m0s  100.00 iters/s


  █ THRESHOLDS 

    http_req_failed
    ✓ 'rate<0.05' rate=0.00%


  █ TOTAL RESULTS 

    checks_total.......: 17907   271.981655/s
    checks_succeeded...: 100.00% 17907 out of 17907
    checks_failed......: 0.00%   0 out of 17907

    ✓ initiated
    ✓ validated
    ✓ terminal

    CUSTOM
    a1_lifecycle_duration..........: avg=40.45ms min=8ms    med=13ms    p(95)=38ms    p(99)=1.18s    max=2.94s
    a1_lifecycles_completed........: 5969   90.660552/s
    a1_transitions_committed.......: 17907  271.981655/s

    HTTP
    http_req_duration..............: avg=13.35ms min=2.26ms med=4.01ms  p(95)=11.08ms p(99)=372.58ms max=2.92s
      { expected_response:true }...: avg=13.35ms min=2.26ms med=4.01ms  p(95)=11.08ms p(99)=372.58ms max=2.92s
    http_req_failed................: 0.00%  0 out of 17907
    http_reqs......................: 17907  271.981655/s

    EXECUTION
    dropped_iterations.............: 31     0.470846/s
    iteration_duration.............: avg=38.55ms min=8.1ms  med=12.75ms p(95)=37.32ms p(99)=1.13s    max=1.84s
    iterations.....................: 5969   90.660552/s
    vus............................: 2      min=1          max=98 
    vus_max........................: 131    min=100        max=131

    NETWORK
    data_received..................: 6.8 MB 103 kB/s
    data_sent......................: 3.9 MB 59 kB/s




running (1m05.8s), 000/131 VUs, 5969 complete and 0 interrupted iterations
a1   ✓ [ 100% ] 000/131 VUs  1m0s  100.00 iters/s
