[18:49:08] === RUN WRAPPER_B3-P1-r1-20260902184908 ===
[18:49:08] mode=WRAPPER_B3 profile=P1 rep=1 tps=100 duration=60s fault=none
[18:49:08] jar qurilmoqda (bir marta)
[18:49:17] jar: target/master-thesis-observability-0.0.1-SNAPSHOT.jar
[18:49:17] oldingi ilova to'xtatilmoqda: 1859517
[18:49:22] workload tozalanmoqda (reference saqlanadi)
workload reset; reference data preserved
[18:49:23] Kafka topigi qayta yaratilmoqda
[18:49:32] ilova ishga tushirilmoqda (mode=WRAPPER_B3)
[18:49:44] ilova tayyor (pid 1903894)
[18:49:44] k6 yuklamasi boshlandi
[18:50:51] pipeline bo'shashi kutilmoqda (maks 120s)
[18:50:53] pipeline bo'sh (3s)
[18:51:06] ground truth eksport qilinmoqda
[18:51:07] Kafka topigi eksport qilinmoqda
[18:51:37] tahlil
{
  "mode": "WRAPPER_B3",
  "profile": "P1",
  "rep": "1",
  "fault": "none",
  "ground_truth_transitions": 17907,
  "delivered_distinct": 17907,
  "delivered_total": 17907,
  "matched": 17907,
  "missing": 0,
  "phantom": 0,
  "malformed": 0,
  "loss_rate": 0.0,
  "loss_rate_ppm": 0.0,
  "duplicate_rate": 0.0,
  "ordering_violation_rate": 0.02613503,
  "txns_split_across_partitions": 0,
  "latency_ms_p50": 125,
  "latency_ms_p95": 663,
  "latency_ms_p99": 5325,
  "latency_ms_max": 6304,
  "latency_ms_mean": 319.5,
  "latency_samples": 17907,
  "loss_rate_upper_bound_95_ppm": 167.53
}
[18:51:37] === TUGADI: results/WRAPPER_B3-P1-r1-20260902184908 ===
