[19:25:02] === RUN AQ-P1-r3-F1R-20260909192502 ===
[19:25:02] mode=AQ profile=P1 rep=3 tps=50 duration=180s fault=F1R
[19:25:02] jar: target/master-thesis-observability-0.0.1-SNAPSHOT.jar
[19:25:02] arxiv redo tozalanmoqda
[19:25:03] workload tozalanmoqda (reference saqlanadi)
workload reset; reference data preserved
AQ backlog purged: 0 -> 0
[19:25:04] Kafka topigi qayta yaratilmoqda
[19:25:13] ilova ishga tushirilmoqda (mode=AQ)
[19:25:32] ilova tayyor (pid 1610506)
[19:25:35] fault F1R 60s dan keyin yuboriladi
[19:25:35] k6 yuklamasi boshlandi
[fault 19:26:35] SIGKILL ilovaga: 1610506
[fault 19:26:47] ilova qayta ishga tushirilmoqda (mode=results/WRAPPER_B3-P1-r91-20260903164920/run.log:WRAPPER_B3)
[fault 19:26:47] F1R tugadi
[19:28:36] k6 nolga teng bo'lmagan kod bilan tugadi (natija baribir tahlil qilinadi)
[19:28:36] k6 iteratsiyalari: 9000
[19:28:36] ilova ishlamayapti (fault=F1R) — drenaj uchun qayta ishga tushirilmoqda
[19:28:51] ilova qayta tiklandi (8x2s)
[19:28:51] pipeline bo'shashi kutilmoqda (maks 120s)
[19:29:13] pipeline bo'sh (15s, sink=8965 xabar)
[19:29:23] ground truth eksport qilinmoqda
[19:29:24] Kafka topigi eksport qilinmoqda
[19:29:34] tahlil
{
  "mode": "AQ",
  "profile": "P1",
  "rep": "3",
  "fault": "F1R",
  "ground_truth_transitions": 8965,
  "delivered_distinct": 8965,
  "delivered_total": 8965,
  "matched": 8965,
  "missing": 0,
  "phantom": 0,
  "malformed": 0,
  "loss_rate": 0.0,
  "loss_rate_ppm": 0.0,
  "duplicate_rate": 0.0,
  "ordering_violation_rate": 0.0,
  "txns_split_across_partitions": 0,
  "latency_ms_p50": 9,
  "latency_ms_p95": 544,
  "latency_ms_p99": 2124,
  "latency_ms_max": 135915,
  "latency_ms_mean": 137.8,
  "latency_samples": 8965,
  "latency_negative_samples": 0,
  "loss_rate_upper_bound_95_ppm": 334.63
}
[19:29:35] ilova va konnektor to'xtatilmoqda
[19:29:39] === TUGADI: results/AQ-P1-r3-F1R-20260909192502 ===
