[21:17:33] === RUN CDC-C2N0ON-r2-20260909211733 ===
[21:17:33] mode=CDC profile=C2N0ON rep=2 tps=50 duration=180s fault=none
[21:17:33] jar: target/master-thesis-observability-0.0.1-SNAPSHOT.jar
[21:17:33] arxiv redo tozalanmoqda
[21:17:33] workload tozalanmoqda (reference saqlanadi)
workload reset; reference data preserved
AQ backlog purged: 0 -> 0
[21:17:34] Kafka topigi qayta yaratilmoqda
[21:17:43] ilova ishga tushirilmoqda (mode=CDC)
[21:17:58] ilova tayyor (pid 2882134)
[21:17:58] Debezium konnektori ro'yxatdan o'tkazilmoqda (CDC, prefix=obsv_cdc_c2n0on_r2_20260909211733)
konnektor ro'yxatdan o'tkazilmoqda: a1-cdc-obsv_cdc_c2n0on_r2_20260909211733 (prefix=obsv_cdc_c2n0on_r2_20260909211733)
konnektor RUNNING (2s)
streaming tasdiqlanmoqda (heartbeat topigi: __debezium-heartbeat.obsv_cdc_c2n0on_r2_20260909211733)
streaming tasdiqlandi (1 urinish)
[21:18:05] k6 yuklamasi boshlandi
[21:21:06] k6 iteratsiyalari: 9001
[21:21:06] qat'iy settle: 45s (o'lchov oynasi ikkala qo'lda bir xil)
[21:21:51] pipeline bo'shashi kutilmoqda (maks 120s)
[21:22:13] pipeline bo'sh (15s, sink=27003 xabar)
[21:22:23] ground truth eksport qilinmoqda
[21:22:24] Kafka topigi eksport qilinmoqda
[21:22:42] tahlil
{
  "mode": "CDC",
  "profile": "C2N0ON",
  "rep": "2",
  "fault": "none",
  "ground_truth_transitions": 27003,
  "delivered_distinct": 27003,
  "delivered_total": 27003,
  "matched": 27003,
  "missing": 0,
  "phantom": 0,
  "malformed": 0,
  "loss_rate": 0.0,
  "loss_rate_ppm": 0.0,
  "duplicate_rate": 0.0,
  "ordering_violation_rate": 0.0,
  "txns_split_across_partitions": 0,
  "latency_ms_p50": 3347,
  "latency_ms_p95": 5455,
  "latency_ms_p99": 6023,
  "latency_ms_max": 6620,
  "latency_ms_mean": 3360.0,
  "latency_samples": 27003,
  "latency_negative_samples": 0,
  "loss_rate_upper_bound_95_ppm": 111.1
}
[21:22:43] ilova va konnektor to'xtatilmoqda
connector o'chirilmoqda: a1-cdc-obsv_cdc_c2n0on_r2_20260909211733
[21:22:53] === TUGADI: results/CDC-C2N0ON-r2-20260909211733 ===
