[17:21:48] === RUN WRAPPER_B3-P1-r3-F1-20260904172148 ===
[17:21:48] mode=WRAPPER_B3 profile=P1 rep=3 tps=50 duration=180s fault=F1
[17:21:48] jar: target/master-thesis-observability-0.0.1-SNAPSHOT.jar
[17:21:48] workload tozalanmoqda (reference saqlanadi)
workload reset; reference data preserved
AQ backlog purged: 0 -> 0
[17:21:49] Kafka topigi qayta yaratilmoqda
[17:21:58] ilova ishga tushirilmoqda (mode=WRAPPER_B3)
[17:22:08] ilova tayyor (pid 3634984)
[17:22:11] fault F1 60s dan keyin yuboriladi
[17:22:11] k6 yuklamasi boshlandi
[fault 17:23:17] SIGKILL ilovaga: 3634984
[fault 17:23:30] ilova qayta ishga tushirilmoqda (mode=results/WRAPPER_B3-P1-r91-20260903164920/run.log:WRAPPER_B3)
[fault 17:23:30] F1 tugadi
[17:25:29] k6 nolga teng bo'lmagan kod bilan tugadi (natija baribir tahlil qilinadi)
[17:25:29] pipeline bo'shashi kutilmoqda (maks 120s)
[17:32:06] OGOHLANTIRISH: pipeline 120s ichida bo'shamadi (db_pending=14 sink=8962) - LOSS raqamlari ishonchsiz
[17:32:20] ground truth eksport qilinmoqda
[17:32:20] Kafka topigi eksport qilinmoqda
[17:32:49] tahlil
{
  "mode": "WRAPPER_B3",
  "profile": "P1",
  "rep": "3",
  "fault": "F1",
  "ground_truth_transitions": 8976,
  "delivered_distinct": 8962,
  "delivered_total": 8962,
  "matched": 8962,
  "missing": 14,
  "phantom": 0,
  "malformed": 0,
  "loss_rate": 0.00155971,
  "loss_rate_ppm": 1559.71,
  "duplicate_rate": 0.0,
  "ordering_violation_rate": 0.0,
  "txns_split_across_partitions": 0,
  "latency_ms_p50": 135,
  "latency_ms_p95": 242,
  "latency_ms_p99": 1187,
  "latency_ms_max": 4649,
  "latency_ms_mean": 168.1,
  "latency_samples": 8962,
  "latency_negative_samples": 0
}
[17:32:49] ilova va konnektor to'xtatilmoqda
[17:32:52] === TUGADI: results/WRAPPER_B3-P1-r3-F1-20260904172148 ===
