
  .   ____          _            __ _ _
 /\\ / ___'_ __ _ _(_)_ __  __ _ \ \ \ \
( ( )\___ | '_ | '_| | '_ \/ _` | \ \ \ \
 \\/  ___)| |_)| | | | | || (_| |  ) ) ) )
  '  |____| .__|_| |_|_| |_\__, | / / / /
 =========|_|==============|___/=/_/_/_/

 :: Spring Boot ::                (v4.1.1)

2026-09-04T16:13:13.564+05:00  INFO 2936170 --- [a1-observability] [           main] u.m.MasterThesisObservabilityApplication : Starting MasterThesisObservabilityApplication v0.0.1-SNAPSHOT using Java 21.0.12 with PID 2936170 (/mnt/c/Users/O.Ustemirov/IdeaProjects/master-thesis-observability/target/master-thesis-observability-0.0.1-SNAPSHOT.jar started by stemirovustemirov in /mnt/c/Users/O.Ustemirov/IdeaProjects/master-thesis-observability)
2026-09-04T16:13:13.571+05:00  INFO 2936170 --- [a1-observability] [           main] u.m.MasterThesisObservabilityApplication : No active profile set, falling back to 1 default profile: "default"
2026-09-04T16:13:14.907+05:00  INFO 2936170 --- [a1-observability] [           main] .s.d.r.c.RepositoryConfigurationDelegate : Bootstrapping Spring Data JPA repositories in DEFAULT mode.
2026-09-04T16:13:14.972+05:00  INFO 2936170 --- [a1-observability] [           main] .s.d.r.c.RepositoryConfigurationDelegate : Finished Spring Data repository scanning in 48 ms. Found 2 JPA repository interfaces.
2026-09-04T16:13:16.021+05:00  INFO 2936170 --- [a1-observability] [           main] o.s.boot.tomcat.TomcatWebServer          : Tomcat initialized with port 8095 (http)
2026-09-04T16:13:16.036+05:00  INFO 2936170 --- [a1-observability] [           main] o.apache.catalina.core.StandardService   : Starting service [Tomcat]
2026-09-04T16:13:16.037+05:00  INFO 2936170 --- [a1-observability] [           main] o.apache.catalina.core.StandardEngine    : Starting Servlet engine: [Apache Tomcat/11.0.24]
2026-09-04T16:13:16.065+05:00  INFO 2936170 --- [a1-observability] [           main] b.w.c.s.WebApplicationContextInitializer : Root WebApplicationContext: initialization completed in 2403 ms
2026-09-04T16:13:16.591+05:00  INFO 2936170 --- [a1-observability] [           main] org.hibernate.orm.jpa                    : HHH008540: Processing PersistenceUnitInfo [name: default]
2026-09-04T16:13:16.686+05:00  INFO 2936170 --- [a1-observability] [           main] org.hibernate.orm.core                   : HHH000001: Hibernate ORM core version 7.4.5.Final
2026-09-04T16:13:17.495+05:00  INFO 2936170 --- [a1-observability] [           main] com.zaxxer.hikari.HikariDataSource       : a1-oltp - Starting...
2026-09-04T16:13:17.914+05:00  INFO 2936170 --- [a1-observability] [           main] com.zaxxer.hikari.pool.HikariPool        : a1-oltp - Added connection oracle.jdbc.driver.T4CConnection@7ce4498f
2026-09-04T16:13:17.917+05:00  INFO 2936170 --- [a1-observability] [           main] com.zaxxer.hikari.HikariDataSource       : a1-oltp - Start completed.
2026-09-04T16:13:18.440+05:00  WARN 2936170 --- [a1-observability] [           main] org.hibernate.orm.jdbc                   : HHH100123: Low default JDBC fetch size: 10 (consider setting 'hibernate.jdbc.fetch_size')
2026-09-04T16:13:18.451+05:00  INFO 2936170 --- [a1-observability] [           main] org.hibernate.orm.connections.pooling    : HHH10001005: Database info:
	Database JDBC URL [jdbc:oracle:thin:@//localhost:1521/OBSVPDB]
	Database driver: Oracle JDBC driver
	Database dialect: OracleDialect
	Database version: 23.26.3
	Default catalog/schema: undefined/OBSV
	Autocommit mode: undefined/unknown
	Isolation level: READ_COMMITTED [default READ_COMMITTED]
	JDBC fetch size: 10
	Pool: DataSourceConnectionProvider
	Minimum pool size: undefined/unknown
	Maximum pool size: undefined/unknown
2026-09-04T16:13:22.693+05:00  INFO 2936170 --- [a1-observability] [           main] org.hibernate.orm.core                   : HHH000489: No JTA platform available (set 'hibernate.transaction.jta.platform' to enable JTA platform integration)
2026-09-04T16:13:22.700+05:00  INFO 2936170 --- [a1-observability] [           main] org.hibernate.orm.jdbc.batch             : HHH100501: Automatic JDBC statement batching enabled (maximum batch size 50)
2026-09-04T16:13:23.047+05:00  INFO 2936170 --- [a1-observability] [           main] o.s.d.j.r.query.QueryEnhancerFactories   : Hibernate is in classpath; If applicable, HQL parser will be used.
2026-09-04T16:13:24.333+05:00  INFO 2936170 --- [a1-observability] [           main] i.u.m.config.EventEmitterConfiguration   : observability.mode=HYBRID -> emitter=OutboxEventEmitter
2026-09-04T16:13:24.900+05:00  INFO 2936170 --- [a1-observability] [           main] o.s.b.a.e.web.EndpointLinksResolver      : Exposing 4 endpoints beneath base path '/actuator'
2026-09-04T16:13:24.972+05:00  INFO 2936170 --- [a1-observability] [           main] o.s.boot.tomcat.TomcatWebServer          : Tomcat started on port 8095 (http) with context path '/'
2026-09-04T16:13:24.983+05:00  INFO 2936170 --- [a1-observability] [           main] u.m.MasterThesisObservabilityApplication : Started MasterThesisObservabilityApplication in 12.108 seconds (process running for 9.953)
2026-09-04T16:13:24.992+05:00  INFO 2936170 --- [a1-observability] [           main] i.u.m.harness.EnvironmentAssertions      : environment ok: mode=HYBRID oltpPool=a1-oltp maxSize=32
2026-09-04T16:13:25.020+05:00  INFO 2936170 --- [a1-observability] [           main] i.u.m.harness.ModeActivator              : supplemental logging on TXN_A1 -> off
2026-09-04T16:13:25.027+05:00  INFO 2936170 --- [a1-observability] [           main] i.u.m.harness.ModeActivator              : supplemental logging on A1_EVENT_OUTBOX -> ALL COLUMNS
2026-09-04T16:13:25.028+05:00  INFO 2936170 --- [a1-observability] [           main] i.u.m.harness.ModeActivator              : mode=HYBRID activated: groundTruth=true aqCapture=false supplementalLogging=A1_EVENT_OUTBOX
2026-09-04T16:13:25.119+05:00  INFO 2936170 --- [a1-observability] [nio-8095-exec-1] o.a.c.c.C.[Tomcat].[localhost].[/]       : Initializing Spring DispatcherServlet 'dispatcherServlet'
2026-09-04T16:13:25.120+05:00  INFO 2936170 --- [a1-observability] [nio-8095-exec-1] o.s.web.servlet.DispatcherServlet        : Initializing Servlet 'dispatcherServlet'
2026-09-04T16:13:25.121+05:00  INFO 2936170 --- [a1-observability] [nio-8095-exec-1] o.s.web.servlet.DispatcherServlet        : Completed initialization in 1 ms
2026-09-04T16:18:11.896+05:00  INFO 2936170 --- [a1-observability] [ionShutdownHook] o.s.boot.tomcat.GracefulShutdown         : Commencing graceful shutdown. Waiting for active requests to complete
2026-09-04T16:18:11.900+05:00  INFO 2936170 --- [a1-observability] [tomcat-shutdown] o.s.boot.tomcat.GracefulShutdown         : Graceful shutdown complete
2026-09-04T16:18:11.908+05:00  INFO 2936170 --- [a1-observability] [ionShutdownHook] com.zaxxer.hikari.HikariDataSource       : a1-oltp - Shutdown initiated...
2026-09-04T16:18:11.926+05:00  INFO 2936170 --- [a1-observability] [ionShutdownHook] com.zaxxer.hikari.HikariDataSource       : a1-oltp - Shutdown completed.
