[19:20:09] === RUN WRAPPER_B3-P1-r3-F1R-20260909192009 ===
[19:20:09] mode=WRAPPER_B3 profile=P1 rep=3 tps=50 duration=180s fault=F1R
[19:20:09] jar: target/master-thesis-observability-0.0.1-SNAPSHOT.jar
[19:20:09] arxiv redo tozalanmoqda
[19:20:10] workload tozalanmoqda (reference saqlanadi)
workload reset; reference data preserved
AQ backlog purged: 0 -> 0
[19:20:11] Kafka topigi qayta yaratilmoqda
[19:20:20] ilova ishga tushirilmoqda (mode=WRAPPER_B3)
[19:20:41] ilova tayyor (pid 1555291)
[19:20:45] fault F1R 60s dan keyin yuboriladi
[19:20:45] k6 yuklamasi boshlandi
[fault 19:21:45] SIGKILL ilovaga: 1555291
[fault 19:21:56] ilova qayta ishga tushirilmoqda (mode=results/WRAPPER_B3-P1-r91-20260903164920/run.log:WRAPPER_B3)
[fault 19:21:56] F1R tugadi
[19:23:46] k6 nolga teng bo'lmagan kod bilan tugadi (natija baribir tahlil qilinadi)
[19:23:46] k6 iteratsiyalari: 9000
[19:23:46] ilova ishlamayapti (fault=F1R) — drenaj uchun qayta ishga tushirilmoqda
[19:24:09] ilova qayta tiklandi (12x2s)
[19:24:09] pipeline bo'shashi kutilmoqda (maks 120s)
[19:24:34] pipeline bo'sh (15s, sink=8907 xabar)
[19:24:45] ground truth eksport qilinmoqda
[19:24:46] Kafka topigi eksport qilinmoqda
[19:24:56] tahlil
{
  "mode": "WRAPPER_B3",
  "profile": "P1",
  "rep": "3",
  "fault": "F1R",
  "ground_truth_transitions": 8907,
  "delivered_distinct": 8907,
  "delivered_total": 8907,
  "matched": 8907,
  "missing": 0,
  "phantom": 0,
  "malformed": 0,
  "loss_rate": 0.0,
  "loss_rate_ppm": 0.0,
  "duplicate_rate": 0.0,
  "ordering_violation_rate": 0.0,
  "txns_split_across_partitions": 0,
  "latency_ms_p50": 156,
  "latency_ms_p95": 1037,
  "latency_ms_p99": 2328,
  "latency_ms_max": 143902,
  "latency_ms_mean": 385.5,
  "latency_samples": 8907,
  "latency_negative_samples": 0,
  "loss_rate_upper_bound_95_ppm": 336.81
}
[19:24:57] ilova va konnektor to'xtatilmoqda
[19:25:01] === TUGADI: results/WRAPPER_B3-P1-r3-F1R-20260909192009 ===
