
         /\      Grafana   /‾‾/  
    /\  /  \     |\  __   /  /   
   /  \/    \    | |/ /  /   ‾‾\ 
  /          \   |   (  |  (‾)  |
 / __________ \  |_|\_\  \_____/ 


     execution: local
        script: harness/k6/a1-workload.js
        output: -

     scenarios: (100.00%) 1 scenario, 600 max VUs, 3m30s max duration (incl. graceful stop):
              * a1: 50.00 iterations/s for 3m0s (maxVUs: 100-600, gracefulStop: 30s)


running (0m01.0s), 008/100 VUs, 42 complete and 0 interrupted iterations
a1     [   1% ] 008/100 VUs  0m01.0s/3m0s  50.00 iters/s

running (0m02.0s), 006/100 VUs, 94 complete and 0 interrupted iterations
a1     [   1% ] 006/100 VUs  0m02.0s/3m0s  50.00 iters/s

running (0m03.0s), 006/100 VUs, 144 complete and 0 interrupted iterations
a1     [   2% ] 006/100 VUs  0m03.0s/3m0s  50.00 iters/s

running (0m04.0s), 007/100 VUs, 193 complete and 0 interrupted iterations
a1     [   2% ] 007/100 VUs  0m04.0s/3m0s  50.00 iters/s

running (0m05.0s), 006/100 VUs, 244 complete and 0 interrupted iterations
a1     [   3% ] 006/100 VUs  0m05.0s/3m0s  50.00 iters/s

running (0m06.0s), 007/100 VUs, 293 complete and 0 interrupted iterations
a1     [   3% ] 007/100 VUs  0m06.0s/3m0s  50.00 iters/s

running (0m07.0s), 001/100 VUs, 349 complete and 0 interrupted iterations
a1     [   4% ] 001/100 VUs  0m07.0s/3m0s  50.00 iters/s

running (0m08.0s), 004/100 VUs, 396 complete and 0 interrupted iterations
a1     [   4% ] 004/100 VUs  0m08.0s/3m0s  50.00 iters/s

running (0m09.0s), 006/100 VUs, 444 complete and 0 interrupted iterations
a1     [   5% ] 006/100 VUs  0m09.0s/3m0s  50.00 iters/s

running (0m10.0s), 006/100 VUs, 494 complete and 0 interrupted iterations
a1     [   6% ] 006/100 VUs  0m10.0s/3m0s  50.00 iters/s

running (0m11.0s), 005/100 VUs, 545 complete and 0 interrupted iterations
a1     [   6% ] 005/100 VUs  0m11.0s/3m0s  50.00 iters/s

running (0m12.0s), 001/100 VUs, 599 complete and 0 interrupted iterations
a1     [   7% ] 001/100 VUs  0m12.0s/3m0s  50.00 iters/s

running (0m13.0s), 006/100 VUs, 644 complete and 0 interrupted iterations
a1     [   7% ] 006/100 VUs  0m13.0s/3m0s  50.00 iters/s

running (0m14.0s), 001/100 VUs, 699 complete and 0 interrupted iterations
a1     [   8% ] 001/100 VUs  0m14.0s/3m0s  50.00 iters/s

running (0m15.0s), 005/100 VUs, 745 complete and 0 interrupted iterations
a1     [   8% ] 005/100 VUs  0m15.0s/3m0s  50.00 iters/s

running (0m16.0s), 001/100 VUs, 799 complete and 0 interrupted iterations
a1     [   9% ] 001/100 VUs  0m16.0s/3m0s  50.00 iters/s

running (0m17.0s), 004/100 VUs, 846 complete and 0 interrupted iterations
a1     [   9% ] 004/100 VUs  0m17.0s/3m0s  50.00 iters/s

running (0m18.0s), 006/100 VUs, 894 complete and 0 interrupted iterations
a1     [  10% ] 006/100 VUs  0m18.0s/3m0s  50.00 iters/s

running (0m19.0s), 006/100 VUs, 944 complete and 0 interrupted iterations
a1     [  11% ] 006/100 VUs  0m19.0s/3m0s  50.00 iters/s

running (0m20.0s), 005/100 VUs, 995 complete and 0 interrupted iterations
a1     [  11% ] 005/100 VUs  0m20.0s/3m0s  50.00 iters/s

running (0m21.0s), 005/100 VUs, 1045 complete and 0 interrupted iterations
a1     [  12% ] 005/100 VUs  0m21.0s/3m0s  50.00 iters/s

running (0m22.0s), 005/100 VUs, 1095 complete and 0 interrupted iterations
a1     [  12% ] 005/100 VUs  0m22.0s/3m0s  50.00 iters/s

running (0m23.0s), 006/100 VUs, 1144 complete and 0 interrupted iterations
a1     [  13% ] 006/100 VUs  0m23.0s/3m0s  50.00 iters/s

running (0m24.0s), 005/100 VUs, 1195 complete and 0 interrupted iterations
a1     [  13% ] 005/100 VUs  0m24.0s/3m0s  50.00 iters/s

running (0m25.0s), 005/100 VUs, 1245 complete and 0 interrupted iterations
a1     [  14% ] 005/100 VUs  0m25.0s/3m0s  50.00 iters/s

running (0m26.0s), 006/100 VUs, 1294 complete and 0 interrupted iterations
a1     [  14% ] 006/100 VUs  0m26.0s/3m0s  50.00 iters/s

running (0m27.0s), 006/100 VUs, 1344 complete and 0 interrupted iterations
a1     [  15% ] 006/100 VUs  0m27.0s/3m0s  50.00 iters/s

running (0m28.0s), 006/100 VUs, 1394 complete and 0 interrupted iterations
a1     [  16% ] 006/100 VUs  0m28.0s/3m0s  50.00 iters/s

running (0m29.0s), 038/100 VUs, 1412 complete and 0 interrupted iterations
a1     [  16% ] 038/100 VUs  0m29.0s/3m0s  50.00 iters/s

running (0m30.0s), 006/100 VUs, 1494 complete and 0 interrupted iterations
a1     [  17% ] 006/100 VUs  0m30.0s/3m0s  50.00 iters/s

running (0m31.0s), 006/100 VUs, 1544 complete and 0 interrupted iterations
a1     [  17% ] 006/100 VUs  0m31.0s/3m0s  50.00 iters/s

running (0m32.0s), 006/100 VUs, 1594 complete and 0 interrupted iterations
a1     [  18% ] 006/100 VUs  0m32.0s/3m0s  50.00 iters/s

running (0m33.0s), 006/100 VUs, 1644 complete and 0 interrupted iterations
a1     [  18% ] 006/100 VUs  0m33.0s/3m0s  50.00 iters/s

running (0m34.0s), 006/100 VUs, 1694 complete and 0 interrupted iterations
a1     [  19% ] 006/100 VUs  0m34.0s/3m0s  50.00 iters/s

running (0m35.0s), 006/100 VUs, 1744 complete and 0 interrupted iterations
a1     [  19% ] 006/100 VUs  0m35.0s/3m0s  50.00 iters/s

running (0m36.0s), 006/100 VUs, 1794 complete and 0 interrupted iterations
a1     [  20% ] 006/100 VUs  0m36.0s/3m0s  50.00 iters/s

running (0m37.0s), 008/100 VUs, 1842 complete and 0 interrupted iterations
a1     [  21% ] 008/100 VUs  0m37.0s/3m0s  50.00 iters/s

running (0m38.0s), 006/100 VUs, 1894 complete and 0 interrupted iterations
a1     [  21% ] 006/100 VUs  0m38.0s/3m0s  50.00 iters/s

running (0m39.0s), 006/100 VUs, 1944 complete and 0 interrupted iterations
a1     [  22% ] 006/100 VUs  0m39.0s/3m0s  50.00 iters/s

running (0m40.0s), 005/100 VUs, 1995 complete and 0 interrupted iterations
a1     [  22% ] 005/100 VUs  0m40.0s/3m0s  50.00 iters/s

running (0m41.0s), 006/100 VUs, 2044 complete and 0 interrupted iterations
a1     [  23% ] 006/100 VUs  0m41.0s/3m0s  50.00 iters/s

running (0m42.0s), 005/100 VUs, 2095 complete and 0 interrupted iterations
a1     [  23% ] 005/100 VUs  0m42.0s/3m0s  50.00 iters/s

running (0m43.0s), 006/100 VUs, 2144 complete and 0 interrupted iterations
a1     [  24% ] 006/100 VUs  0m43.0s/3m0s  50.00 iters/s

running (0m44.0s), 005/100 VUs, 2195 complete and 0 interrupted iterations
a1     [  24% ] 005/100 VUs  0m44.0s/3m0s  50.00 iters/s

running (0m45.0s), 005/100 VUs, 2245 complete and 0 interrupted iterations
a1     [  25% ] 005/100 VUs  0m45.0s/3m0s  50.00 iters/s

running (0m46.0s), 005/100 VUs, 2295 complete and 0 interrupted iterations
a1     [  26% ] 005/100 VUs  0m46.0s/3m0s  50.00 iters/s

running (0m47.0s), 005/100 VUs, 2345 complete and 0 interrupted iterations
a1     [  26% ] 005/100 VUs  0m47.0s/3m0s  50.00 iters/s

running (0m48.0s), 038/100 VUs, 2362 complete and 0 interrupted iterations
a1     [  27% ] 038/100 VUs  0m48.0s/3m0s  50.00 iters/s

running (0m49.0s), 005/100 VUs, 2445 complete and 0 interrupted iterations
a1     [  27% ] 005/100 VUs  0m49.0s/3m0s  50.00 iters/s

running (0m50.0s), 005/100 VUs, 2495 complete and 0 interrupted iterations
a1     [  28% ] 005/100 VUs  0m50.0s/3m0s  50.00 iters/s

running (0m51.0s), 005/100 VUs, 2545 complete and 0 interrupted iterations
a1     [  28% ] 005/100 VUs  0m51.0s/3m0s  50.00 iters/s

running (0m52.0s), 005/100 VUs, 2595 complete and 0 interrupted iterations
a1     [  29% ] 005/100 VUs  0m52.0s/3m0s  50.00 iters/s

running (0m53.0s), 005/100 VUs, 2645 complete and 0 interrupted iterations
a1     [  29% ] 005/100 VUs  0m53.0s/3m0s  50.00 iters/s

running (0m54.0s), 005/100 VUs, 2695 complete and 0 interrupted iterations
a1     [  30% ] 005/100 VUs  0m54.0s/3m0s  50.00 iters/s

running (0m55.0s), 005/100 VUs, 2745 complete and 0 interrupted iterations
a1     [  31% ] 005/100 VUs  0m55.0s/3m0s  50.00 iters/s

running (0m56.0s), 005/100 VUs, 2795 complete and 0 interrupted iterations
a1     [  31% ] 005/100 VUs  0m56.0s/3m0s  50.00 iters/s

running (0m57.0s), 005/100 VUs, 2845 complete and 0 interrupted iterations
a1     [  32% ] 005/100 VUs  0m57.0s/3m0s  50.00 iters/s

running (0m58.0s), 005/100 VUs, 2895 complete and 0 interrupted iterations
a1     [  32% ] 005/100 VUs  0m58.0s/3m0s  50.00 iters/s

running (0m59.0s), 005/100 VUs, 2945 complete and 0 interrupted iterations
a1     [  33% ] 005/100 VUs  0m59.0s/3m0s  50.00 iters/s

running (1m00.0s), 005/100 VUs, 2995 complete and 0 interrupted iterations
a1     [  33% ] 005/100 VUs  1m00.0s/3m0s  50.00 iters/s

running (1m01.0s), 004/100 VUs, 3046 complete and 0 interrupted iterations
a1     [  34% ] 004/100 VUs  1m01.0s/3m0s  50.00 iters/s

running (1m02.0s), 005/100 VUs, 3095 complete and 0 interrupted iterations
a1     [  34% ] 005/100 VUs  1m02.0s/3m0s  50.00 iters/s

running (1m03.0s), 004/100 VUs, 3146 complete and 0 interrupted iterations
a1     [  35% ] 004/100 VUs  1m03.0s/3m0s  50.00 iters/s

running (1m04.0s), 004/100 VUs, 3196 complete and 0 interrupted iterations
a1     [  36% ] 004/100 VUs  1m04.0s/3m0s  50.00 iters/s

running (1m05.0s), 022/100 VUs, 3228 complete and 0 interrupted iterations
a1     [  36% ] 022/100 VUs  1m05.0s/3m0s  50.00 iters/s

running (1m06.0s), 004/100 VUs, 3296 complete and 0 interrupted iterations
a1     [  37% ] 004/100 VUs  1m06.0s/3m0s  50.00 iters/s

running (1m07.0s), 005/100 VUs, 3345 complete and 0 interrupted iterations
a1     [  37% ] 005/100 VUs  1m07.0s/3m0s  50.00 iters/s

running (1m08.0s), 004/100 VUs, 3396 complete and 0 interrupted iterations
a1     [  38% ] 004/100 VUs  1m08.0s/3m0s  50.00 iters/s

running (1m09.0s), 004/100 VUs, 3446 complete and 0 interrupted iterations
a1     [  38% ] 004/100 VUs  1m09.0s/3m0s  50.00 iters/s

running (1m10.0s), 004/100 VUs, 3496 complete and 0 interrupted iterations
a1     [  39% ] 004/100 VUs  1m10.0s/3m0s  50.00 iters/s

running (1m11.0s), 004/100 VUs, 3546 complete and 0 interrupted iterations
a1     [  39% ] 004/100 VUs  1m11.0s/3m0s  50.00 iters/s

running (1m12.0s), 004/100 VUs, 3596 complete and 0 interrupted iterations
a1     [  40% ] 004/100 VUs  1m12.0s/3m0s  50.00 iters/s

running (1m13.0s), 004/100 VUs, 3646 complete and 0 interrupted iterations
a1     [  41% ] 004/100 VUs  1m13.0s/3m0s  50.00 iters/s

running (1m14.0s), 004/100 VUs, 3696 complete and 0 interrupted iterations
a1     [  41% ] 004/100 VUs  1m14.0s/3m0s  50.00 iters/s

running (1m15.0s), 004/100 VUs, 3746 complete and 0 interrupted iterations
a1     [  42% ] 004/100 VUs  1m15.0s/3m0s  50.00 iters/s

running (1m16.0s), 004/100 VUs, 3796 complete and 0 interrupted iterations
a1     [  42% ] 004/100 VUs  1m16.0s/3m0s  50.00 iters/s

running (1m17.0s), 004/100 VUs, 3846 complete and 0 interrupted iterations
a1     [  43% ] 004/100 VUs  1m17.0s/3m0s  50.00 iters/s

running (1m18.0s), 004/100 VUs, 3896 complete and 0 interrupted iterations
a1     [  43% ] 004/100 VUs  1m18.0s/3m0s  50.00 iters/s

running (1m19.0s), 004/100 VUs, 3946 complete and 0 interrupted iterations
a1     [  44% ] 004/100 VUs  1m19.0s/3m0s  50.00 iters/s

running (1m20.0s), 004/100 VUs, 3996 complete and 0 interrupted iterations
a1     [  44% ] 004/100 VUs  1m20.0s/3m0s  50.00 iters/s

running (1m21.0s), 003/100 VUs, 4047 complete and 0 interrupted iterations
a1     [  45% ] 003/100 VUs  1m21.0s/3m0s  50.00 iters/s

running (1m22.0s), 003/100 VUs, 4097 complete and 0 interrupted iterations
a1     [  46% ] 003/100 VUs  1m22.0s/3m0s  50.00 iters/s

running (1m23.0s), 004/100 VUs, 4146 complete and 0 interrupted iterations
a1     [  46% ] 004/100 VUs  1m23.0s/3m0s  50.00 iters/s

running (1m24.0s), 004/100 VUs, 4196 complete and 0 interrupted iterations
a1     [  47% ] 004/100 VUs  1m24.0s/3m0s  50.00 iters/s

running (1m25.0s), 003/100 VUs, 4247 complete and 0 interrupted iterations
a1     [  47% ] 003/100 VUs  1m25.0s/3m0s  50.00 iters/s

running (1m26.0s), 004/100 VUs, 4296 complete and 0 interrupted iterations
a1     [  48% ] 004/100 VUs  1m26.0s/3m0s  50.00 iters/s

running (1m27.0s), 003/100 VUs, 4347 complete and 0 interrupted iterations
a1     [  48% ] 003/100 VUs  1m27.0s/3m0s  50.00 iters/s

running (1m28.0s), 003/100 VUs, 4397 complete and 0 interrupted iterations
a1     [  49% ] 003/100 VUs  1m28.0s/3m0s  50.00 iters/s

running (1m29.0s), 003/100 VUs, 4447 complete and 0 interrupted iterations
a1     [  49% ] 003/100 VUs  1m29.0s/3m0s  50.00 iters/s

running (1m30.0s), 004/100 VUs, 4496 complete and 0 interrupted iterations
a1     [  50% ] 004/100 VUs  1m30.0s/3m0s  50.00 iters/s

running (1m31.0s), 004/100 VUs, 4546 complete and 0 interrupted iterations
a1     [  51% ] 004/100 VUs  1m31.0s/3m0s  50.00 iters/s

running (1m32.0s), 004/100 VUs, 4596 complete and 0 interrupted iterations
a1     [  51% ] 004/100 VUs  1m32.0s/3m0s  50.00 iters/s

running (1m33.0s), 004/100 VUs, 4646 complete and 0 interrupted iterations
a1     [  52% ] 004/100 VUs  1m33.0s/3m0s  50.00 iters/s

running (1m34.0s), 004/100 VUs, 4696 complete and 0 interrupted iterations
a1     [  52% ] 004/100 VUs  1m34.0s/3m0s  50.00 iters/s

running (1m35.0s), 003/100 VUs, 4747 complete and 0 interrupted iterations
a1     [  53% ] 003/100 VUs  1m35.0s/3m0s  50.00 iters/s

running (1m36.0s), 003/100 VUs, 4797 complete and 0 interrupted iterations
a1     [  53% ] 003/100 VUs  1m36.0s/3m0s  50.00 iters/s

running (1m37.0s), 003/100 VUs, 4847 complete and 0 interrupted iterations
a1     [  54% ] 003/100 VUs  1m37.0s/3m0s  50.00 iters/s

running (1m38.0s), 003/100 VUs, 4897 complete and 0 interrupted iterations
a1     [  54% ] 003/100 VUs  1m38.0s/3m0s  50.00 iters/s

running (1m39.0s), 003/100 VUs, 4947 complete and 0 interrupted iterations
a1     [  55% ] 003/100 VUs  1m39.0s/3m0s  50.00 iters/s

running (1m40.0s), 003/100 VUs, 4997 complete and 0 interrupted iterations
a1     [  56% ] 003/100 VUs  1m40.0s/3m0s  50.00 iters/s

running (1m41.0s), 003/100 VUs, 5047 complete and 0 interrupted iterations
a1     [  56% ] 003/100 VUs  1m41.0s/3m0s  50.00 iters/s

running (1m42.0s), 004/100 VUs, 5096 complete and 0 interrupted iterations
a1     [  57% ] 004/100 VUs  1m42.0s/3m0s  50.00 iters/s

running (1m43.0s), 003/100 VUs, 5147 complete and 0 interrupted iterations
a1     [  57% ] 003/100 VUs  1m43.0s/3m0s  50.00 iters/s

running (1m44.0s), 003/100 VUs, 5197 complete and 0 interrupted iterations
a1     [  58% ] 003/100 VUs  1m44.0s/3m0s  50.00 iters/s

running (1m45.0s), 003/100 VUs, 5247 complete and 0 interrupted iterations
a1     [  58% ] 003/100 VUs  1m45.0s/3m0s  50.00 iters/s

running (1m46.0s), 004/100 VUs, 5296 complete and 0 interrupted iterations
a1     [  59% ] 004/100 VUs  1m46.0s/3m0s  50.00 iters/s

running (1m47.0s), 002/100 VUs, 5348 complete and 0 interrupted iterations
a1     [  59% ] 002/100 VUs  1m47.0s/3m0s  50.00 iters/s

running (1m48.0s), 002/100 VUs, 5398 complete and 0 interrupted iterations
a1     [  60% ] 002/100 VUs  1m48.0s/3m0s  50.00 iters/s

running (1m49.0s), 002/100 VUs, 5448 complete and 0 interrupted iterations
a1     [  61% ] 002/100 VUs  1m49.0s/3m0s  50.00 iters/s

running (1m50.0s), 002/100 VUs, 5498 complete and 0 interrupted iterations
a1     [  61% ] 002/100 VUs  1m50.0s/3m0s  50.00 iters/s

running (1m51.0s), 003/100 VUs, 5547 complete and 0 interrupted iterations
a1     [  62% ] 003/100 VUs  1m51.0s/3m0s  50.00 iters/s
time="2026-09-10T10:09:16+05:00" level=warning msg="The test has generated metrics with 100128 unique time series, which is higher than the suggested limit of 100000 and could cause high memory usage. Consider not using high-cardinality values like unique IDs as metric tags or, if you need them in the URL, use the name metric tag or URL grouping. See https://grafana.com/docs/k6/latest/using-k6/tags-and-groups/ for details." component=metrics-engine-ingester

running (1m52.0s), 003/100 VUs, 5597 complete and 0 interrupted iterations
a1     [  62% ] 003/100 VUs  1m52.0s/3m0s  50.00 iters/s

running (1m53.0s), 002/100 VUs, 5648 complete and 0 interrupted iterations
a1     [  63% ] 002/100 VUs  1m53.0s/3m0s  50.00 iters/s

running (1m54.0s), 002/100 VUs, 5698 complete and 0 interrupted iterations
a1     [  63% ] 002/100 VUs  1m54.0s/3m0s  50.00 iters/s

running (1m55.0s), 003/100 VUs, 5747 complete and 0 interrupted iterations
a1     [  64% ] 003/100 VUs  1m55.0s/3m0s  50.00 iters/s

running (1m56.0s), 002/100 VUs, 5798 complete and 0 interrupted iterations
a1     [  64% ] 002/100 VUs  1m56.0s/3m0s  50.00 iters/s

running (1m57.0s), 002/100 VUs, 5848 complete and 0 interrupted iterations
a1     [  65% ] 002/100 VUs  1m57.0s/3m0s  50.00 iters/s

running (1m58.0s), 002/100 VUs, 5898 complete and 0 interrupted iterations
a1     [  66% ] 002/100 VUs  1m58.0s/3m0s  50.00 iters/s

running (1m59.0s), 003/100 VUs, 5947 complete and 0 interrupted iterations
a1     [  66% ] 003/100 VUs  1m59.0s/3m0s  50.00 iters/s

running (2m00.0s), 013/100 VUs, 5987 complete and 0 interrupted iterations
a1     [  67% ] 013/100 VUs  2m00.0s/3m0s  50.00 iters/s

running (2m01.0s), 002/100 VUs, 6048 complete and 0 interrupted iterations
a1     [  67% ] 002/100 VUs  2m01.0s/3m0s  50.00 iters/s

running (2m02.0s), 002/100 VUs, 6098 complete and 0 interrupted iterations
a1     [  68% ] 002/100 VUs  2m02.0s/3m0s  50.00 iters/s

running (2m03.0s), 002/100 VUs, 6148 complete and 0 interrupted iterations
a1     [  68% ] 002/100 VUs  2m03.0s/3m0s  50.00 iters/s

running (2m04.0s), 002/100 VUs, 6198 complete and 0 interrupted iterations
a1     [  69% ] 002/100 VUs  2m04.0s/3m0s  50.00 iters/s

running (2m05.0s), 002/100 VUs, 6248 complete and 0 interrupted iterations
a1     [  69% ] 002/100 VUs  2m05.0s/3m0s  50.00 iters/s

running (2m06.0s), 002/100 VUs, 6298 complete and 0 interrupted iterations
a1     [  70% ] 002/100 VUs  2m06.0s/3m0s  50.00 iters/s

running (2m07.0s), 002/100 VUs, 6348 complete and 0 interrupted iterations
a1     [  71% ] 002/100 VUs  2m07.0s/3m0s  50.00 iters/s

running (2m08.0s), 002/100 VUs, 6398 complete and 0 interrupted iterations
a1     [  71% ] 002/100 VUs  2m08.0s/3m0s  50.00 iters/s

running (2m09.0s), 002/100 VUs, 6448 complete and 0 interrupted iterations
a1     [  72% ] 002/100 VUs  2m09.0s/3m0s  50.00 iters/s

running (2m10.0s), 003/100 VUs, 6497 complete and 0 interrupted iterations
a1     [  72% ] 003/100 VUs  2m10.0s/3m0s  50.00 iters/s

running (2m11.0s), 002/100 VUs, 6548 complete and 0 interrupted iterations
a1     [  73% ] 002/100 VUs  2m11.0s/3m0s  50.00 iters/s

running (2m12.0s), 002/100 VUs, 6598 complete and 0 interrupted iterations
a1     [  73% ] 002/100 VUs  2m12.0s/3m0s  50.00 iters/s

running (2m13.0s), 002/100 VUs, 6648 complete and 0 interrupted iterations
a1     [  74% ] 002/100 VUs  2m13.0s/3m0s  50.00 iters/s

running (2m14.0s), 002/100 VUs, 6698 complete and 0 interrupted iterations
a1     [  74% ] 002/100 VUs  2m14.0s/3m0s  50.00 iters/s

running (2m15.0s), 001/100 VUs, 6749 complete and 0 interrupted iterations
a1     [  75% ] 001/100 VUs  2m15.0s/3m0s  50.00 iters/s

running (2m16.0s), 002/100 VUs, 6798 complete and 0 interrupted iterations
a1     [  76% ] 002/100 VUs  2m16.0s/3m0s  50.00 iters/s

running (2m17.0s), 004/100 VUs, 6846 complete and 0 interrupted iterations
a1     [  76% ] 004/100 VUs  2m17.0s/3m0s  50.00 iters/s

running (2m18.0s), 001/100 VUs, 6899 complete and 0 interrupted iterations
a1     [  77% ] 001/100 VUs  2m18.0s/3m0s  50.00 iters/s

running (2m19.0s), 001/100 VUs, 6949 complete and 0 interrupted iterations
a1     [  77% ] 001/100 VUs  2m19.0s/3m0s  50.00 iters/s

running (2m20.0s), 001/100 VUs, 6999 complete and 0 interrupted iterations
a1     [  78% ] 001/100 VUs  2m20.0s/3m0s  50.00 iters/s

running (2m21.0s), 001/100 VUs, 7049 complete and 0 interrupted iterations
a1     [  78% ] 001/100 VUs  2m21.0s/3m0s  50.00 iters/s

running (2m22.0s), 001/100 VUs, 7099 complete and 0 interrupted iterations
a1     [  79% ] 001/100 VUs  2m22.0s/3m0s  50.00 iters/s

running (2m23.0s), 001/100 VUs, 7149 complete and 0 interrupted iterations
a1     [  79% ] 001/100 VUs  2m23.0s/3m0s  50.00 iters/s

running (2m24.0s), 002/100 VUs, 7198 complete and 0 interrupted iterations
a1     [  80% ] 002/100 VUs  2m24.0s/3m0s  50.00 iters/s

running (2m25.0s), 002/100 VUs, 7248 complete and 0 interrupted iterations
a1     [  81% ] 002/100 VUs  2m25.0s/3m0s  50.00 iters/s

running (2m26.0s), 002/100 VUs, 7298 complete and 0 interrupted iterations
a1     [  81% ] 002/100 VUs  2m26.0s/3m0s  50.00 iters/s

running (2m27.0s), 003/100 VUs, 7347 complete and 0 interrupted iterations
a1     [  82% ] 003/100 VUs  2m27.0s/3m0s  50.00 iters/s

running (2m28.0s), 002/100 VUs, 7398 complete and 0 interrupted iterations
a1     [  82% ] 002/100 VUs  2m28.0s/3m0s  50.00 iters/s

running (2m29.0s), 002/100 VUs, 7448 complete and 0 interrupted iterations
a1     [  83% ] 002/100 VUs  2m29.0s/3m0s  50.00 iters/s

running (2m30.0s), 002/100 VUs, 7498 complete and 0 interrupted iterations
a1     [  83% ] 002/100 VUs  2m30.0s/3m0s  50.00 iters/s

running (2m31.0s), 001/100 VUs, 7549 complete and 0 interrupted iterations
a1     [  84% ] 001/100 VUs  2m31.0s/3m0s  50.00 iters/s

running (2m32.0s), 002/100 VUs, 7598 complete and 0 interrupted iterations
a1     [  84% ] 002/100 VUs  2m32.0s/3m0s  50.00 iters/s

running (2m33.0s), 002/100 VUs, 7648 complete and 0 interrupted iterations
a1     [  85% ] 002/100 VUs  2m33.0s/3m0s  50.00 iters/s

running (2m34.0s), 002/100 VUs, 7698 complete and 0 interrupted iterations
a1     [  86% ] 002/100 VUs  2m34.0s/3m0s  50.00 iters/s

running (2m35.0s), 001/100 VUs, 7749 complete and 0 interrupted iterations
a1     [  86% ] 001/100 VUs  2m35.0s/3m0s  50.00 iters/s

running (2m36.0s), 001/100 VUs, 7799 complete and 0 interrupted iterations
a1     [  87% ] 001/100 VUs  2m36.0s/3m0s  50.00 iters/s

running (2m37.0s), 001/100 VUs, 7849 complete and 0 interrupted iterations
a1     [  87% ] 001/100 VUs  2m37.0s/3m0s  50.00 iters/s

running (2m38.0s), 001/100 VUs, 7899 complete and 0 interrupted iterations
a1     [  88% ] 001/100 VUs  2m38.0s/3m0s  50.00 iters/s

running (2m39.0s), 001/100 VUs, 7949 complete and 0 interrupted iterations
a1     [  88% ] 001/100 VUs  2m39.0s/3m0s  50.00 iters/s

running (2m40.0s), 001/100 VUs, 7999 complete and 0 interrupted iterations
a1     [  89% ] 001/100 VUs  2m40.0s/3m0s  50.00 iters/s

running (2m41.0s), 001/100 VUs, 8049 complete and 0 interrupted iterations
a1     [  89% ] 001/100 VUs  2m41.0s/3m0s  50.00 iters/s

running (2m42.0s), 001/100 VUs, 8099 complete and 0 interrupted iterations
a1     [  90% ] 001/100 VUs  2m42.0s/3m0s  50.00 iters/s

running (2m43.0s), 001/100 VUs, 8149 complete and 0 interrupted iterations
a1     [  91% ] 001/100 VUs  2m43.0s/3m0s  50.00 iters/s

running (2m44.0s), 001/100 VUs, 8199 complete and 0 interrupted iterations
a1     [  91% ] 001/100 VUs  2m44.0s/3m0s  50.00 iters/s

running (2m45.0s), 001/100 VUs, 8249 complete and 0 interrupted iterations
a1     [  92% ] 001/100 VUs  2m45.0s/3m0s  50.00 iters/s

running (2m46.0s), 001/100 VUs, 8299 complete and 0 interrupted iterations
a1     [  92% ] 001/100 VUs  2m46.0s/3m0s  50.00 iters/s

running (2m47.0s), 001/100 VUs, 8349 complete and 0 interrupted iterations
a1     [  93% ] 001/100 VUs  2m47.0s/3m0s  50.00 iters/s

running (2m48.0s), 046/100 VUs, 8354 complete and 0 interrupted iterations
a1     [  93% ] 046/100 VUs  2m48.0s/3m0s  50.00 iters/s

running (2m49.0s), 001/100 VUs, 8449 complete and 0 interrupted iterations
a1     [  94% ] 001/100 VUs  2m49.0s/3m0s  50.00 iters/s

running (2m50.0s), 001/100 VUs, 8499 complete and 0 interrupted iterations
a1     [  94% ] 001/100 VUs  2m50.0s/3m0s  50.00 iters/s

running (2m51.0s), 001/100 VUs, 8549 complete and 0 interrupted iterations
a1     [  95% ] 001/100 VUs  2m51.0s/3m0s  50.00 iters/s

running (2m52.0s), 002/100 VUs, 8598 complete and 0 interrupted iterations
a1     [  96% ] 002/100 VUs  2m52.0s/3m0s  50.00 iters/s

running (2m53.0s), 001/100 VUs, 8649 complete and 0 interrupted iterations
a1     [  96% ] 001/100 VUs  2m53.0s/3m0s  50.00 iters/s

running (2m54.0s), 001/100 VUs, 8699 complete and 0 interrupted iterations
a1     [  97% ] 001/100 VUs  2m54.0s/3m0s  50.00 iters/s

running (2m55.0s), 001/100 VUs, 8749 complete and 0 interrupted iterations
a1     [  97% ] 001/100 VUs  2m55.0s/3m0s  50.00 iters/s

running (2m56.0s), 001/100 VUs, 8799 complete and 0 interrupted iterations
a1     [  98% ] 001/100 VUs  2m56.0s/3m0s  50.00 iters/s

running (2m57.0s), 001/100 VUs, 8849 complete and 0 interrupted iterations
a1     [  98% ] 001/100 VUs  2m57.0s/3m0s  50.00 iters/s

running (2m58.0s), 001/100 VUs, 8899 complete and 0 interrupted iterations
a1     [  99% ] 001/100 VUs  2m58.0s/3m0s  50.00 iters/s

running (2m59.0s), 046/100 VUs, 8904 complete and 0 interrupted iterations
a1     [  99% ] 046/100 VUs  2m59.0s/3m0s  50.00 iters/s

running (3m00.0s), 074/100 VUs, 8926 complete and 0 interrupted iterations
a1     [ 100% ] 074/100 VUs  3m00.0s/3m0s  50.00 iters/s

running (3m01.0s), 062/100 VUs, 8939 complete and 0 interrupted iterations
a1   ↓ [ 100% ] 075/100 VUs  3m0s  50.00 iters/s

running (3m02.0s), 057/100 VUs, 8944 complete and 0 interrupted iterations
a1   ↓ [ 100% ] 075/100 VUs  3m0s  50.00 iters/s

running (3m03.0s), 017/100 VUs, 8984 complete and 0 interrupted iterations
a1   ↓ [ 100% ] 075/100 VUs  3m0s  50.00 iters/s


  █ THRESHOLDS 

    http_req_failed
    ✓ 'rate<0.05' rate=0.00%


  █ TOTAL RESULTS 

    checks_total.......: 27003   147.551959/s
    checks_succeeded...: 100.00% 27003 out of 27003
    checks_failed......: 0.00%   0 out of 27003

    ✓ initiated
    ✓ validated
    ✓ terminal

    CUSTOM
    a1_lifecycle_duration..........: avg=165.76ms min=6ms    med=33ms    p(95)=550ms    p(99)=1.38s    max=3.88s
    a1_lifecycles_completed........: 9001   49.183986/s
    a1_transitions_committed.......: 27003  147.551959/s

    HTTP
    http_req_duration..............: avg=55.09ms  min=1.55ms med=6.32ms  p(95)=275.72ms p(99)=535.22ms max=2.09s
      { expected_response:true }...: avg=55.09ms  min=1.55ms med=6.32ms  p(95)=275.72ms p(99)=535.22ms max=2.09s
    http_req_failed................: 0.00%  0 out of 27003
    http_reqs......................: 27003  147.551959/s

    EXECUTION
    iteration_duration.............: avg=165.8ms  min=6.82ms med=33.61ms p(95)=550.04ms p(99)=1.38s    max=3.88s
    iterations.....................: 9001   49.183986/s
    vus............................: 17     min=1          max=74 
    vus_max........................: 100    min=100        max=100

    NETWORK
    data_received..................: 10 MB  56 kB/s
    data_sent......................: 5.8 MB 32 kB/s




running (3m03.0s), 000/100 VUs, 9001 complete and 0 interrupted iterations
a1   ✓ [ 100% ] 000/100 VUs  3m0s  50.00 iters/s
