[10:06:51] === RUN CDC-C2N4OFF-r3-20260910100651 ===
[10:06:51] mode=CDC profile=C2N4OFF rep=3 tps=50 duration=180s fault=none
[10:06:51] jar: target/master-thesis-observability-0.0.1-SNAPSHOT.jar
[10:06:51] arxiv redo tozalanmoqda
[10:06:51] workload tozalanmoqda (reference saqlanadi)
workload reset; reference data preserved
AQ backlog purged: 0 -> 0
[10:06:53] Kafka topigi qayta yaratilmoqda
[10:07:03] ilova ishga tushirilmoqda (mode=CDC)
[10:07:21] ilova tayyor (pid 618885)
[10:07:21] --no-connector: konnektorsiz ishlatilmoqda (C2 bazaviy sharti)
[10:07:25] k6 yuklamasi boshlandi
[10:10:29] k6 iteratsiyalari: 9001
[10:10:29] qat'iy settle: 45s (o'lchov oynasi ikkala qo'lda bir xil)
[10:11:14] pipeline bo'shashi kutilmoqda (maks 120s)
[10:11:35] pipeline bo'sh (15s, sink=0 / gt=27003)
[10:11:45] ground truth eksport qilinmoqda
[10:11:46] Kafka topigi eksport qilinmoqda
[10:11:56] tahlil
{
  "mode": "CDC",
  "profile": "C2N4OFF",
  "rep": "3",
  "fault": "none",
  "ground_truth_transitions": 27003,
  "delivered_distinct": 0,
  "delivered_total": 0,
  "matched": 0,
  "missing": 27003,
  "phantom": 0,
  "malformed": 0,
  "loss_rate": 1.0,
  "loss_rate_ppm": 1000000.0,
  "duplicate_rate": 0.0,
  "ordering_violation_rate": 0.0,
  "txns_split_across_partitions": 0,
  "latency_ms_p50": null,
  "latency_ms_p95": null,
  "latency_ms_p99": null,
  "latency_ms_max": null,
  "latency_ms_mean": null,
  "latency_samples": 0,
  "latency_negative_samples": 0
}
[10:11:56] ilova va konnektor to'xtatilmoqda
[10:12:01] === TUGADI: results/CDC-C2N4OFF-r3-20260910100651 ===
