[16:44:31] === RUN AQ-P1-r91-20260903164431 ===
[16:44:31] mode=AQ profile=P1 rep=91 tps=50 duration=60s fault=none
[16:44:31] jar: target/master-thesis-observability-0.0.1-SNAPSHOT.jar
[16:44:31] workload tozalanmoqda (reference saqlanadi)
workload reset; reference data preserved
AQ backlog purged: 0 -> 0
[16:44:32] Kafka topigi qayta yaratilmoqda
[16:44:43] ilova ishga tushirilmoqda (mode=AQ)
[16:44:55] ilova tayyor (pid 1514404)
[16:44:56] k6 yuklamasi boshlandi
[16:46:03] pipeline bo'shashi kutilmoqda (maks 120s)
[16:46:03] pipeline bo'sh (1s)
[16:46:13] ground truth eksport qilinmoqda
[16:46:14] Kafka topigi eksport qilinmoqda
[16:46:41] tahlil
{
  "mode": "AQ",
  "profile": "P1",
  "rep": "91",
  "fault": "none",
  "ground_truth_transitions": 9003,
  "delivered_distinct": 9003,
  "delivered_total": 9003,
  "matched": 9003,
  "missing": 0,
  "phantom": 0,
  "malformed": 0,
  "loss_rate": 0.0,
  "loss_rate_ppm": 0.0,
  "duplicate_rate": 0.0,
  "ordering_violation_rate": 0.0,
  "txns_split_across_partitions": 0,
  "latency_ms_p50": 7,
  "latency_ms_p95": 16,
  "latency_ms_p99": 1149,
  "latency_ms_max": 2945,
  "latency_ms_mean": 32.8,
  "latency_samples": 9003,
  "loss_rate_upper_bound_95_ppm": 333.22
}
[16:46:41] ilova to'xtatilmoqda
[16:46:42] === TUGADI: results/AQ-P1-r91-20260903164431 ===
