[17:39:32] === RUN CDC-P1-r1-F5R-20260909173932 ===
[17:39:32] mode=CDC profile=P1 rep=1 tps=50 duration=420s fault=F5R
[17:39:32] jar: target/master-thesis-observability-0.0.1-SNAPSHOT.jar
[17:39:32] arxiv redo tozalanmoqda
[17:39:32] workload tozalanmoqda (reference saqlanadi)
workload reset; reference data preserved
AQ backlog purged: 0 -> 0
[17:39:36] Kafka topigi qayta yaratilmoqda
[17:39:45] ilova ishga tushirilmoqda (mode=CDC)
[17:39:59] ilova tayyor (pid 387557)
[17:39:59] Debezium konnektori ro'yxatdan o'tkazilmoqda (CDC, prefix=obsv_cdc_p1_r1_f5r_20260909173932)
konnektor ro'yxatdan o'tkazilmoqda: a1-cdc-obsv_cdc_p1_r1_f5r_20260909173932 (prefix=obsv_cdc_p1_r1_f5r_20260909173932)
konnektor RUNNING (2s)
streaming tasdiqlanmoqda (heartbeat topigi: __debezium-heartbeat.obsv_cdc_p1_r1_f5r_20260909173932)
streaming tasdiqlandi (1 urinish)
[17:40:06] fault F5R 30s dan keyin yuboriladi
[17:40:06] k6 yuklamasi boshlandi
[fault 17:40:36] bitta ochiq tranzaksiyada 5000 satr, 240 soniya ushlab turiladi
[fault 17:40:36] F5R tugadi
PL/SQL procedure successfully completed.

[17:47:07] k6 iteratsiyalari: 21000
[17:47:07] pipeline bo'shashi kutilmoqda (maks 120s)
[17:47:51] pipeline bo'sh (15s, sink=78000 xabar)
[17:48:01] ground truth eksport qilinmoqda
[17:48:02] Kafka topigi eksport qilinmoqda
[17:48:30] tahlil
{
  "mode": "CDC",
  "profile": "P1",
  "rep": "1",
  "fault": "F5R",
  "ground_truth_transitions": 78000,
  "delivered_distinct": 78000,
  "delivered_total": 78000,
  "matched": 78000,
  "missing": 0,
  "phantom": 0,
  "malformed": 0,
  "loss_rate": 0.0,
  "loss_rate_ppm": 0.0,
  "duplicate_rate": 0.0,
  "ordering_violation_rate": 0.0,
  "txns_split_across_partitions": 0,
  "latency_ms_p50": 3866,
  "latency_ms_p95": 10171,
  "latency_ms_p99": 11646,
  "latency_ms_max": 11991,
  "latency_ms_mean": 4491.8,
  "latency_samples": 78000,
  "latency_negative_samples": 0,
  "loss_rate_upper_bound_95_ppm": 38.46
}
[17:48:32] ilova va konnektor to'xtatilmoqda
connector o'chirilmoqda: a1-cdc-obsv_cdc_p1_r1_f5r_20260909173932
[17:48:42] === TUGADI: results/CDC-P1-r1-F5R-20260909173932 ===
