
         /\      Grafana   /‾‾/  
    /\  /  \     |\  __   /  /   
   /  \/    \    | |/ /  /   ‾‾\ 
  /          \   |   (  |  (‾)  |
 / __________ \  |_|\_\  \_____/ 


     execution: local
        script: harness/k6/a1-workload.js
        output: -

     scenarios: (100.00%) 1 scenario, 600 max VUs, 2m30s max duration (incl. graceful stop):
              * a1: 50.00 iterations/s for 2m0s (maxVUs: 100-600, gracefulStop: 30s)


running (0m01.0s), 050/100 VUs, 0 complete and 0 interrupted iterations
a1     [   1% ] 050/100 VUs  0m01.0s/2m0s  50.00 iters/s

running (0m02.0s), 100/100 VUs, 0 complete and 0 interrupted iterations
a1     [   2% ] 100/100 VUs  0m02.0s/2m0s  50.00 iters/s

running (0m03.0s), 001/104 VUs, 145 complete and 0 interrupted iterations
a1     [   2% ] 001/104 VUs  0m03.0s/2m0s  50.00 iters/s

running (0m04.0s), 001/104 VUs, 195 complete and 0 interrupted iterations
a1     [   3% ] 001/104 VUs  0m04.0s/2m0s  50.00 iters/s

running (0m05.0s), 001/104 VUs, 245 complete and 0 interrupted iterations
a1     [   4% ] 001/104 VUs  0m05.0s/2m0s  50.00 iters/s

running (0m06.0s), 001/104 VUs, 295 complete and 0 interrupted iterations
a1     [   5% ] 001/104 VUs  0m06.0s/2m0s  50.00 iters/s

running (0m07.0s), 001/104 VUs, 345 complete and 0 interrupted iterations
a1     [   6% ] 001/104 VUs  0m07.0s/2m0s  50.00 iters/s

running (0m08.0s), 002/104 VUs, 394 complete and 0 interrupted iterations
a1     [   7% ] 002/104 VUs  0m08.0s/2m0s  50.00 iters/s

running (0m09.0s), 001/104 VUs, 445 complete and 0 interrupted iterations
a1     [   7% ] 001/104 VUs  0m09.0s/2m0s  50.00 iters/s

running (0m10.0s), 001/104 VUs, 495 complete and 0 interrupted iterations
a1     [   8% ] 001/104 VUs  0m10.0s/2m0s  50.00 iters/s

running (0m11.0s), 001/104 VUs, 545 complete and 0 interrupted iterations
a1     [   9% ] 001/104 VUs  0m11.0s/2m0s  50.00 iters/s

running (0m12.0s), 001/104 VUs, 595 complete and 0 interrupted iterations
a1     [  10% ] 001/104 VUs  0m12.0s/2m0s  50.00 iters/s

running (0m13.0s), 001/104 VUs, 645 complete and 0 interrupted iterations
a1     [  11% ] 001/104 VUs  0m13.0s/2m0s  50.00 iters/s

running (0m14.0s), 001/104 VUs, 695 complete and 0 interrupted iterations
a1     [  12% ] 001/104 VUs  0m14.0s/2m0s  50.00 iters/s

running (0m17.9s), 001/104 VUs, 745 complete and 0 interrupted iterations
a1     [  12% ] 001/104 VUs  0m15.0s/2m0s  50.00 iters/s

running (0m18.9s), 001/104 VUs, 795 complete and 0 interrupted iterations
a1     [  13% ] 001/104 VUs  0m16.0s/2m0s  50.00 iters/s

running (0m19.9s), 001/104 VUs, 845 complete and 0 interrupted iterations
a1     [  14% ] 001/104 VUs  0m17.0s/2m0s  50.00 iters/s

running (0m20.9s), 001/104 VUs, 895 complete and 0 interrupted iterations
a1     [  15% ] 001/104 VUs  0m18.0s/2m0s  50.00 iters/s

running (0m21.9s), 001/104 VUs, 945 complete and 0 interrupted iterations
a1     [  16% ] 001/104 VUs  0m19.0s/2m0s  50.00 iters/s

running (0m22.9s), 001/104 VUs, 995 complete and 0 interrupted iterations
a1     [  17% ] 001/104 VUs  0m20.0s/2m0s  50.00 iters/s

running (0m23.9s), 001/104 VUs, 1045 complete and 0 interrupted iterations
a1     [  17% ] 001/104 VUs  0m21.0s/2m0s  50.00 iters/s

running (0m24.9s), 001/104 VUs, 1095 complete and 0 interrupted iterations
a1     [  18% ] 001/104 VUs  0m22.0s/2m0s  50.00 iters/s

running (0m25.9s), 001/104 VUs, 1145 complete and 0 interrupted iterations
a1     [  19% ] 001/104 VUs  0m23.0s/2m0s  50.00 iters/s

running (0m26.9s), 001/104 VUs, 1195 complete and 0 interrupted iterations
a1     [  20% ] 001/104 VUs  0m24.0s/2m0s  50.00 iters/s

running (0m27.9s), 001/104 VUs, 1245 complete and 0 interrupted iterations
a1     [  21% ] 001/104 VUs  0m25.0s/2m0s  50.00 iters/s

running (0m28.9s), 001/104 VUs, 1295 complete and 0 interrupted iterations
a1     [  22% ] 001/104 VUs  0m26.0s/2m0s  50.00 iters/s

running (0m29.9s), 001/104 VUs, 1345 complete and 0 interrupted iterations
a1     [  22% ] 001/104 VUs  0m27.0s/2m0s  50.00 iters/s

running (0m30.9s), 001/104 VUs, 1395 complete and 0 interrupted iterations
a1     [  23% ] 001/104 VUs  0m28.0s/2m0s  50.00 iters/s

running (0m31.9s), 001/104 VUs, 1445 complete and 0 interrupted iterations
a1     [  24% ] 001/104 VUs  0m29.0s/2m0s  50.00 iters/s

running (0m32.9s), 001/104 VUs, 1495 complete and 0 interrupted iterations
a1     [  25% ] 001/104 VUs  0m30.0s/2m0s  50.00 iters/s

running (0m33.9s), 001/104 VUs, 1545 complete and 0 interrupted iterations
a1     [  26% ] 001/104 VUs  0m31.0s/2m0s  50.00 iters/s

running (0m34.9s), 001/104 VUs, 1595 complete and 0 interrupted iterations
a1     [  27% ] 001/104 VUs  0m32.0s/2m0s  50.00 iters/s

running (0m35.9s), 001/104 VUs, 1645 complete and 0 interrupted iterations
a1     [  27% ] 001/104 VUs  0m33.0s/2m0s  50.00 iters/s

running (0m36.9s), 001/104 VUs, 1695 complete and 0 interrupted iterations
a1     [  28% ] 001/104 VUs  0m34.0s/2m0s  50.00 iters/s

running (0m37.9s), 001/104 VUs, 1745 complete and 0 interrupted iterations
a1     [  29% ] 001/104 VUs  0m35.0s/2m0s  50.00 iters/s

running (0m38.9s), 001/104 VUs, 1795 complete and 0 interrupted iterations
a1     [  30% ] 001/104 VUs  0m36.0s/2m0s  50.00 iters/s

running (0m39.9s), 001/104 VUs, 1845 complete and 0 interrupted iterations
a1     [  31% ] 001/104 VUs  0m37.0s/2m0s  50.00 iters/s

running (0m40.9s), 001/104 VUs, 1895 complete and 0 interrupted iterations
a1     [  32% ] 001/104 VUs  0m38.0s/2m0s  50.00 iters/s

running (0m41.9s), 001/104 VUs, 1945 complete and 0 interrupted iterations
a1     [  32% ] 001/104 VUs  0m39.0s/2m0s  50.00 iters/s

running (0m42.9s), 001/104 VUs, 1995 complete and 0 interrupted iterations
a1     [  33% ] 001/104 VUs  0m40.0s/2m0s  50.00 iters/s

running (0m43.9s), 001/104 VUs, 2045 complete and 0 interrupted iterations
a1     [  34% ] 001/104 VUs  0m41.0s/2m0s  50.00 iters/s

running (0m44.9s), 001/104 VUs, 2095 complete and 0 interrupted iterations
a1     [  35% ] 001/104 VUs  0m42.0s/2m0s  50.00 iters/s

running (0m45.9s), 001/104 VUs, 2145 complete and 0 interrupted iterations
a1     [  36% ] 001/104 VUs  0m43.0s/2m0s  50.00 iters/s

running (0m46.9s), 001/104 VUs, 2195 complete and 0 interrupted iterations
a1     [  37% ] 001/104 VUs  0m44.0s/2m0s  50.00 iters/s

running (0m47.9s), 001/104 VUs, 2245 complete and 0 interrupted iterations
a1     [  37% ] 001/104 VUs  0m45.0s/2m0s  50.00 iters/s

running (0m48.9s), 001/104 VUs, 2295 complete and 0 interrupted iterations
a1     [  38% ] 001/104 VUs  0m46.0s/2m0s  50.00 iters/s

running (0m52.9s), 001/104 VUs, 2345 complete and 0 interrupted iterations
a1     [  39% ] 001/104 VUs  0m47.0s/2m0s  50.00 iters/s

running (0m53.9s), 001/104 VUs, 2395 complete and 0 interrupted iterations
a1     [  40% ] 001/104 VUs  0m48.0s/2m0s  50.00 iters/s

running (0m54.9s), 001/104 VUs, 2445 complete and 0 interrupted iterations
a1     [  41% ] 001/104 VUs  0m49.0s/2m0s  50.00 iters/s

running (0m55.9s), 001/104 VUs, 2495 complete and 0 interrupted iterations
a1     [  42% ] 001/104 VUs  0m50.0s/2m0s  50.00 iters/s

running (0m56.9s), 001/104 VUs, 2545 complete and 0 interrupted iterations
a1     [  42% ] 001/104 VUs  0m51.0s/2m0s  50.00 iters/s

running (0m57.9s), 001/104 VUs, 2595 complete and 0 interrupted iterations
a1     [  43% ] 001/104 VUs  0m52.0s/2m0s  50.00 iters/s

running (0m58.9s), 001/104 VUs, 2645 complete and 0 interrupted iterations
a1     [  44% ] 001/104 VUs  0m53.0s/2m0s  50.00 iters/s

running (0m59.9s), 001/104 VUs, 2695 complete and 0 interrupted iterations
a1     [  45% ] 001/104 VUs  0m54.0s/2m0s  50.00 iters/s

running (1m00.9s), 001/104 VUs, 2745 complete and 0 interrupted iterations
a1     [  46% ] 001/104 VUs  0m55.0s/2m0s  50.00 iters/s

running (1m01.9s), 001/104 VUs, 2795 complete and 0 interrupted iterations
a1     [  47% ] 001/104 VUs  0m56.0s/2m0s  50.00 iters/s

running (1m02.9s), 001/104 VUs, 2845 complete and 0 interrupted iterations
a1     [  47% ] 001/104 VUs  0m57.0s/2m0s  50.00 iters/s

running (1m03.9s), 001/104 VUs, 2895 complete and 0 interrupted iterations
a1     [  48% ] 001/104 VUs  0m58.0s/2m0s  50.00 iters/s

running (1m04.9s), 001/104 VUs, 2945 complete and 0 interrupted iterations
a1     [  49% ] 001/104 VUs  0m59.0s/2m0s  50.00 iters/s

running (1m05.9s), 001/104 VUs, 2995 complete and 0 interrupted iterations
a1     [  50% ] 001/104 VUs  1m00.0s/2m0s  50.00 iters/s

running (1m06.9s), 001/104 VUs, 3045 complete and 0 interrupted iterations
a1     [  51% ] 001/104 VUs  1m01.0s/2m0s  50.00 iters/s

running (1m07.9s), 001/104 VUs, 3095 complete and 0 interrupted iterations
a1     [  52% ] 001/104 VUs  1m02.0s/2m0s  50.00 iters/s

running (1m08.9s), 001/104 VUs, 3145 complete and 0 interrupted iterations
a1     [  52% ] 001/104 VUs  1m03.0s/2m0s  50.00 iters/s

running (1m09.9s), 001/104 VUs, 3195 complete and 0 interrupted iterations
a1     [  53% ] 001/104 VUs  1m04.0s/2m0s  50.00 iters/s

running (1m10.9s), 001/104 VUs, 3245 complete and 0 interrupted iterations
a1     [  54% ] 001/104 VUs  1m05.0s/2m0s  50.00 iters/s

running (1m11.9s), 001/104 VUs, 3295 complete and 0 interrupted iterations
a1     [  55% ] 001/104 VUs  1m06.0s/2m0s  50.00 iters/s

running (1m12.9s), 001/104 VUs, 3345 complete and 0 interrupted iterations
a1     [  56% ] 001/104 VUs  1m07.0s/2m0s  50.00 iters/s

running (1m13.9s), 001/104 VUs, 3395 complete and 0 interrupted iterations
a1     [  57% ] 001/104 VUs  1m08.0s/2m0s  50.00 iters/s

running (1m14.9s), 001/104 VUs, 3445 complete and 0 interrupted iterations
a1     [  57% ] 001/104 VUs  1m09.0s/2m0s  50.00 iters/s

running (1m15.9s), 001/104 VUs, 3495 complete and 0 interrupted iterations
a1     [  58% ] 001/104 VUs  1m10.0s/2m0s  50.00 iters/s

running (1m16.9s), 001/104 VUs, 3545 complete and 0 interrupted iterations
a1     [  59% ] 001/104 VUs  1m11.0s/2m0s  50.00 iters/s

running (1m17.9s), 001/104 VUs, 3595 complete and 0 interrupted iterations
a1     [  60% ] 001/104 VUs  1m12.0s/2m0s  50.00 iters/s

running (1m18.9s), 001/104 VUs, 3645 complete and 0 interrupted iterations
a1     [  61% ] 001/104 VUs  1m13.0s/2m0s  50.00 iters/s

running (1m19.9s), 001/104 VUs, 3695 complete and 0 interrupted iterations
a1     [  62% ] 001/104 VUs  1m14.0s/2m0s  50.00 iters/s

running (1m20.9s), 001/104 VUs, 3745 complete and 0 interrupted iterations
a1     [  62% ] 001/104 VUs  1m15.0s/2m0s  50.00 iters/s

running (1m21.9s), 001/104 VUs, 3795 complete and 0 interrupted iterations
a1     [  63% ] 001/104 VUs  1m16.0s/2m0s  50.00 iters/s

running (1m22.9s), 001/104 VUs, 3845 complete and 0 interrupted iterations
a1     [  64% ] 001/104 VUs  1m17.0s/2m0s  50.00 iters/s

running (1m23.9s), 001/104 VUs, 3895 complete and 0 interrupted iterations
a1     [  65% ] 001/104 VUs  1m18.0s/2m0s  50.00 iters/s

running (1m24.9s), 001/104 VUs, 3945 complete and 0 interrupted iterations
a1     [  66% ] 001/104 VUs  1m19.0s/2m0s  50.00 iters/s

running (1m28.8s), 001/104 VUs, 3995 complete and 0 interrupted iterations
a1     [  67% ] 001/104 VUs  1m20.0s/2m0s  50.00 iters/s

running (1m29.8s), 001/104 VUs, 4045 complete and 0 interrupted iterations
a1     [  67% ] 001/104 VUs  1m21.0s/2m0s  50.00 iters/s

running (1m30.8s), 001/104 VUs, 4095 complete and 0 interrupted iterations
a1     [  68% ] 001/104 VUs  1m22.0s/2m0s  50.00 iters/s

running (1m31.8s), 001/104 VUs, 4145 complete and 0 interrupted iterations
a1     [  69% ] 001/104 VUs  1m23.0s/2m0s  50.00 iters/s

running (1m32.8s), 001/104 VUs, 4195 complete and 0 interrupted iterations
a1     [  70% ] 001/104 VUs  1m24.0s/2m0s  50.00 iters/s

running (1m33.8s), 001/104 VUs, 4245 complete and 0 interrupted iterations
a1     [  71% ] 001/104 VUs  1m25.0s/2m0s  50.00 iters/s

running (1m34.8s), 001/104 VUs, 4295 complete and 0 interrupted iterations
a1     [  72% ] 001/104 VUs  1m26.0s/2m0s  50.00 iters/s

running (1m35.8s), 001/104 VUs, 4345 complete and 0 interrupted iterations
a1     [  72% ] 001/104 VUs  1m27.0s/2m0s  50.00 iters/s

running (1m36.8s), 001/104 VUs, 4395 complete and 0 interrupted iterations
a1     [  73% ] 001/104 VUs  1m28.0s/2m0s  50.00 iters/s

running (1m37.8s), 001/104 VUs, 4445 complete and 0 interrupted iterations
a1     [  74% ] 001/104 VUs  1m29.0s/2m0s  50.00 iters/s

running (1m38.8s), 001/104 VUs, 4495 complete and 0 interrupted iterations
a1     [  75% ] 001/104 VUs  1m30.0s/2m0s  50.00 iters/s

running (1m39.8s), 001/104 VUs, 4545 complete and 0 interrupted iterations
a1     [  76% ] 001/104 VUs  1m31.0s/2m0s  50.00 iters/s

running (1m40.8s), 001/104 VUs, 4595 complete and 0 interrupted iterations
a1     [  77% ] 001/104 VUs  1m32.0s/2m0s  50.00 iters/s

running (1m41.8s), 001/104 VUs, 4645 complete and 0 interrupted iterations
a1     [  77% ] 001/104 VUs  1m33.0s/2m0s  50.00 iters/s

running (1m42.8s), 001/104 VUs, 4695 complete and 0 interrupted iterations
a1     [  78% ] 001/104 VUs  1m34.0s/2m0s  50.00 iters/s

running (1m43.8s), 001/104 VUs, 4745 complete and 0 interrupted iterations
a1     [  79% ] 001/104 VUs  1m35.0s/2m0s  50.00 iters/s

running (1m44.8s), 001/104 VUs, 4795 complete and 0 interrupted iterations
a1     [  80% ] 001/104 VUs  1m36.0s/2m0s  50.00 iters/s

running (1m45.8s), 001/104 VUs, 4845 complete and 0 interrupted iterations
a1     [  81% ] 001/104 VUs  1m37.0s/2m0s  50.00 iters/s

running (1m46.8s), 001/104 VUs, 4895 complete and 0 interrupted iterations
a1     [  82% ] 001/104 VUs  1m38.0s/2m0s  50.00 iters/s

running (1m47.8s), 001/104 VUs, 4945 complete and 0 interrupted iterations
a1     [  82% ] 001/104 VUs  1m39.0s/2m0s  50.00 iters/s

running (1m48.8s), 001/104 VUs, 4995 complete and 0 interrupted iterations
a1     [  83% ] 001/104 VUs  1m40.0s/2m0s  50.00 iters/s

running (1m49.8s), 001/104 VUs, 5045 complete and 0 interrupted iterations
a1     [  84% ] 001/104 VUs  1m41.0s/2m0s  50.00 iters/s

running (1m50.8s), 001/104 VUs, 5095 complete and 0 interrupted iterations
a1     [  85% ] 001/104 VUs  1m42.0s/2m0s  50.00 iters/s

running (1m51.8s), 001/104 VUs, 5145 complete and 0 interrupted iterations
a1     [  86% ] 001/104 VUs  1m43.0s/2m0s  50.00 iters/s

running (1m52.8s), 001/104 VUs, 5195 complete and 0 interrupted iterations
a1     [  87% ] 001/104 VUs  1m44.0s/2m0s  50.00 iters/s

running (1m53.8s), 001/104 VUs, 5245 complete and 0 interrupted iterations
a1     [  87% ] 001/104 VUs  1m45.0s/2m0s  50.00 iters/s

running (1m54.8s), 001/104 VUs, 5295 complete and 0 interrupted iterations
a1     [  88% ] 001/104 VUs  1m46.0s/2m0s  50.00 iters/s

running (1m55.8s), 001/104 VUs, 5345 complete and 0 interrupted iterations
a1     [  89% ] 001/104 VUs  1m47.0s/2m0s  50.00 iters/s

running (1m56.8s), 001/104 VUs, 5395 complete and 0 interrupted iterations
a1     [  90% ] 001/104 VUs  1m48.0s/2m0s  50.00 iters/s

running (1m57.8s), 001/104 VUs, 5445 complete and 0 interrupted iterations
a1     [  91% ] 001/104 VUs  1m49.0s/2m0s  50.00 iters/s

running (1m58.8s), 001/104 VUs, 5495 complete and 0 interrupted iterations
a1     [  92% ] 001/104 VUs  1m50.0s/2m0s  50.00 iters/s

running (1m59.8s), 001/104 VUs, 5545 complete and 0 interrupted iterations
a1     [  92% ] 001/104 VUs  1m51.0s/2m0s  50.00 iters/s
time="2026-09-04T12:32:13+05:00" level=warning msg="The test has generated metrics with 100066 unique time series, which is higher than the suggested limit of 100000 and could cause high memory usage. Consider not using high-cardinality values like unique IDs as metric tags or, if you need them in the URL, use the name metric tag or URL grouping. See https://grafana.com/docs/k6/latest/using-k6/tags-and-groups/ for details." component=metrics-engine-ingester

running (2m03.7s), 001/104 VUs, 5595 complete and 0 interrupted iterations
a1     [  93% ] 001/104 VUs  1m52.0s/2m0s  50.00 iters/s

running (2m04.7s), 001/104 VUs, 5645 complete and 0 interrupted iterations
a1     [  94% ] 001/104 VUs  1m53.0s/2m0s  50.00 iters/s

running (2m05.7s), 001/104 VUs, 5695 complete and 0 interrupted iterations
a1     [  95% ] 001/104 VUs  1m54.0s/2m0s  50.00 iters/s

running (2m06.7s), 001/104 VUs, 5745 complete and 0 interrupted iterations
a1     [  96% ] 001/104 VUs  1m55.0s/2m0s  50.00 iters/s

running (2m07.7s), 001/104 VUs, 5795 complete and 0 interrupted iterations
a1     [  97% ] 001/104 VUs  1m56.0s/2m0s  50.00 iters/s

running (2m08.7s), 001/104 VUs, 5845 complete and 0 interrupted iterations
a1     [  97% ] 001/104 VUs  1m57.0s/2m0s  50.00 iters/s

running (2m09.7s), 001/104 VUs, 5895 complete and 0 interrupted iterations
a1     [  98% ] 001/104 VUs  1m58.0s/2m0s  50.00 iters/s

running (2m10.7s), 001/104 VUs, 5945 complete and 0 interrupted iterations
a1     [  99% ] 001/104 VUs  1m59.0s/2m0s  50.00 iters/s

running (2m11.7s), 001/104 VUs, 5995 complete and 0 interrupted iterations
a1     [ 100% ] 001/104 VUs  2m00.0s/2m0s  50.00 iters/s


  █ THRESHOLDS 

    http_req_failed
    ✓ 'rate<0.05' rate=0.00%


  █ TOTAL RESULTS 

    checks_total.......: 17991   136.564818/s
    checks_succeeded...: 100.00% 17991 out of 17991
    checks_failed......: 0.00%   0 out of 17991

    ✓ initiated
    ✓ validated
    ✓ terminal

    CUSTOM
    a1_lifecycle_duration..........: avg=33.25ms min=5ms    med=11ms    p(95)=19ms    p(99)=1.07s    max=2.94s
    a1_lifecycles_completed........: 5997   45.521606/s
    a1_transitions_committed.......: 17991  136.564818/s

    HTTP
    http_req_duration..............: avg=10.94ms min=1.37ms med=3.61ms  p(95)=6.53ms  p(99)=123.33ms max=2.93s
      { expected_response:true }...: avg=10.94ms min=1.37ms med=3.61ms  p(95)=6.53ms  p(99)=123.33ms max=2.93s
    http_req_failed................: 0.00%  0 out of 17991
    http_reqs......................: 17991  136.564818/s

    EXECUTION
    dropped_iterations.............: 4      0.030363/s
    iteration_duration.............: avg=31.87ms min=5.83ms med=11.15ms p(95)=18.97ms p(99)=990.16ms max=2.18s
    iterations.....................: 5997   45.521606/s
    vus............................: 1      min=0          max=100
    vus_max........................: 104    min=100        max=104

    NETWORK
    data_received..................: 6.9 MB 52 kB/s
    data_sent......................: 3.9 MB 30 kB/s




running (2m11.7s), 000/104 VUs, 5997 complete and 0 interrupted iterations
a1   ✓ [ 100% ] 000/104 VUs  2m0s  50.00 iters/s
