[14:50:02] === RUN CDC-P1-r1-F5-20260904145002 ===
[14:50:02] mode=CDC profile=P1 rep=1 tps=50 duration=420s fault=F5
[14:50:02] jar: target/master-thesis-observability-0.0.1-SNAPSHOT.jar
[14:50:02] workload tozalanmoqda (reference saqlanadi)
workload reset; reference data preserved
AQ backlog purged: 0 -> 0
[14:50:04] Kafka topigi qayta yaratilmoqda
[14:50:13] ilova ishga tushirilmoqda (mode=CDC)
[14:50:28] ilova tayyor (pid 1997094)
[14:50:28] Debezium konnektori ro'yxatdan o'tkazilmoqda (CDC, prefix=obsv_cdc_p1_r1_f5_20260904145002)
konnektor ro'yxatdan o'tkazilmoqda: a1-cdc-obsv_cdc_p1_r1_f5_20260904145002 (prefix=obsv_cdc_p1_r1_f5_20260904145002)
konnektor RUNNING (2s)
streaming tasdiqlanmoqda (heartbeat topigi: __debezium-heartbeat.obsv_cdc_p1_r1_f5_20260904145002)
streaming tasdiqlandi (1 urinish)
[14:50:35] fault F5 30s dan keyin yuboriladi
[14:50:35] k6 yuklamasi boshlandi
[fault 14:51:08] bitta ochiq tranzaksiyada 5000 satr, 240 soniya ushlab turiladi
[fault 14:51:08] F5 tugadi
PL/SQL procedure successfully completed.

[14:58:13] pipeline bo'shashi kutilmoqda (maks 120s)
[14:58:26] pipeline bo'sh (5s, sink=78000 xabar)
[14:58:39] ground truth eksport qilinmoqda
[14:58:40] Kafka topigi eksport qilinmoqda
[14:59:09] tahlil
{
  "mode": "CDC",
  "profile": "P1",
  "rep": "1",
  "fault": "F5",
  "ground_truth_transitions": 78000,
  "delivered_distinct": 78000,
  "delivered_total": 78000,
  "matched": 78000,
  "missing": 0,
  "phantom": 0,
  "malformed": 0,
  "loss_rate": 0.0,
  "loss_rate_ppm": 0.0,
  "duplicate_rate": 0.0,
  "ordering_violation_rate": 0.0,
  "txns_split_across_partitions": 0,
  "latency_ms_p50": 3854,
  "latency_ms_p95": 6361,
  "latency_ms_p99": 8098,
  "latency_ms_max": 9349,
  "latency_ms_mean": 3798.6,
  "latency_samples": 78000,
  "latency_negative_samples": 0,
  "loss_rate_upper_bound_95_ppm": 38.46
}
[14:59:10] ilova va konnektor to'xtatilmoqda
connector o'chirilmoqda: a1-cdc-obsv_cdc_p1_r1_f5_20260904145002
[14:59:14] === TUGADI: results/CDC-P1-r1-F5-20260904145002 ===
