
         /\      Grafana   /‾‾/  
    /\  /  \     |\  __   /  /   
   /  \/    \    | |/ /  /   ‾‾\ 
  /          \   |   (  |  (‾)  |
 / __________ \  |_|\_\  \_____/ 


     execution: local
        script: harness/k6/a1-workload.js
        output: -

     scenarios: (100.00%) 1 scenario, 600 max VUs, 3m30s max duration (incl. graceful stop):
              * a1: 50.00 iterations/s for 3m0s (maxVUs: 100-600, gracefulStop: 30s)


running (0m01.0s), 033/100 VUs, 16 complete and 0 interrupted iterations
a1     [   1% ] 033/100 VUs  0m01.0s/3m0s  50.00 iters/s

running (0m02.0s), 001/100 VUs, 98 complete and 0 interrupted iterations
a1     [   1% ] 001/100 VUs  0m02.0s/3m0s  50.00 iters/s

running (0m03.0s), 001/100 VUs, 148 complete and 0 interrupted iterations
a1     [   2% ] 001/100 VUs  0m03.0s/3m0s  50.00 iters/s

running (0m04.0s), 001/100 VUs, 198 complete and 0 interrupted iterations
a1     [   2% ] 001/100 VUs  0m04.0s/3m0s  50.00 iters/s

running (0m05.0s), 001/100 VUs, 248 complete and 0 interrupted iterations
a1     [   3% ] 001/100 VUs  0m05.0s/3m0s  50.00 iters/s

running (0m06.0s), 001/100 VUs, 298 complete and 0 interrupted iterations
a1     [   3% ] 001/100 VUs  0m06.0s/3m0s  50.00 iters/s

running (0m07.0s), 001/100 VUs, 348 complete and 0 interrupted iterations
a1     [   4% ] 001/100 VUs  0m07.0s/3m0s  50.00 iters/s

running (0m08.0s), 001/100 VUs, 398 complete and 0 interrupted iterations
a1     [   4% ] 001/100 VUs  0m08.0s/3m0s  50.00 iters/s

running (0m09.0s), 001/100 VUs, 448 complete and 0 interrupted iterations
a1     [   5% ] 001/100 VUs  0m09.0s/3m0s  50.00 iters/s

running (0m10.0s), 001/100 VUs, 498 complete and 0 interrupted iterations
a1     [   6% ] 001/100 VUs  0m10.0s/3m0s  50.00 iters/s

running (0m11.0s), 000/100 VUs, 549 complete and 0 interrupted iterations
a1     [   6% ] 000/100 VUs  0m11.0s/3m0s  50.00 iters/s

running (0m12.0s), 002/100 VUs, 597 complete and 0 interrupted iterations
a1     [   7% ] 002/100 VUs  0m12.0s/3m0s  50.00 iters/s

running (0m13.0s), 001/100 VUs, 648 complete and 0 interrupted iterations
a1     [   7% ] 001/100 VUs  0m13.0s/3m0s  50.00 iters/s

running (0m14.0s), 001/100 VUs, 698 complete and 0 interrupted iterations
a1     [   8% ] 001/100 VUs  0m14.0s/3m0s  50.00 iters/s

running (0m15.0s), 001/100 VUs, 748 complete and 0 interrupted iterations
a1     [   8% ] 001/100 VUs  0m15.0s/3m0s  50.00 iters/s

running (0m16.0s), 001/100 VUs, 798 complete and 0 interrupted iterations
a1     [   9% ] 001/100 VUs  0m16.0s/3m0s  50.00 iters/s

running (0m17.0s), 001/100 VUs, 848 complete and 0 interrupted iterations
a1     [   9% ] 001/100 VUs  0m17.0s/3m0s  50.00 iters/s

running (0m18.0s), 001/100 VUs, 898 complete and 0 interrupted iterations
a1     [  10% ] 001/100 VUs  0m18.0s/3m0s  50.00 iters/s

running (0m19.0s), 045/100 VUs, 904 complete and 0 interrupted iterations
a1     [  11% ] 045/100 VUs  0m19.0s/3m0s  50.00 iters/s

running (0m20.0s), 001/100 VUs, 998 complete and 0 interrupted iterations
a1     [  11% ] 001/100 VUs  0m20.0s/3m0s  50.00 iters/s

running (0m21.0s), 001/100 VUs, 1048 complete and 0 interrupted iterations
a1     [  12% ] 001/100 VUs  0m21.0s/3m0s  50.00 iters/s

running (0m22.0s), 001/100 VUs, 1098 complete and 0 interrupted iterations
a1     [  12% ] 001/100 VUs  0m22.0s/3m0s  50.00 iters/s

running (0m23.0s), 001/100 VUs, 1148 complete and 0 interrupted iterations
a1     [  13% ] 001/100 VUs  0m23.0s/3m0s  50.00 iters/s

running (0m24.0s), 001/100 VUs, 1198 complete and 0 interrupted iterations
a1     [  13% ] 001/100 VUs  0m24.0s/3m0s  50.00 iters/s

running (0m25.0s), 005/100 VUs, 1244 complete and 0 interrupted iterations
a1     [  14% ] 005/100 VUs  0m25.0s/3m0s  50.00 iters/s

running (0m26.0s), 001/100 VUs, 1298 complete and 0 interrupted iterations
a1     [  14% ] 001/100 VUs  0m26.0s/3m0s  50.00 iters/s

running (0m27.0s), 001/100 VUs, 1348 complete and 0 interrupted iterations
a1     [  15% ] 001/100 VUs  0m27.0s/3m0s  50.00 iters/s

running (0m28.0s), 008/100 VUs, 1391 complete and 0 interrupted iterations
a1     [  16% ] 008/100 VUs  0m28.0s/3m0s  50.00 iters/s

running (0m29.0s), 001/100 VUs, 1448 complete and 0 interrupted iterations
a1     [  16% ] 001/100 VUs  0m29.0s/3m0s  50.00 iters/s

running (0m30.0s), 001/100 VUs, 1498 complete and 0 interrupted iterations
a1     [  17% ] 001/100 VUs  0m30.0s/3m0s  50.00 iters/s

running (0m31.0s), 001/100 VUs, 1548 complete and 0 interrupted iterations
a1     [  17% ] 001/100 VUs  0m31.0s/3m0s  50.00 iters/s

running (0m32.0s), 001/100 VUs, 1598 complete and 0 interrupted iterations
a1     [  18% ] 001/100 VUs  0m32.0s/3m0s  50.00 iters/s

running (0m33.0s), 001/100 VUs, 1648 complete and 0 interrupted iterations
a1     [  18% ] 001/100 VUs  0m33.0s/3m0s  50.00 iters/s

running (0m34.0s), 023/100 VUs, 1676 complete and 0 interrupted iterations
a1     [  19% ] 023/100 VUs  0m34.0s/3m0s  50.00 iters/s

running (0m35.0s), 001/100 VUs, 1748 complete and 0 interrupted iterations
a1     [  19% ] 001/100 VUs  0m35.0s/3m0s  50.00 iters/s

running (0m36.0s), 001/100 VUs, 1798 complete and 0 interrupted iterations
a1     [  20% ] 001/100 VUs  0m36.0s/3m0s  50.00 iters/s

running (0m37.0s), 001/100 VUs, 1848 complete and 0 interrupted iterations
a1     [  21% ] 001/100 VUs  0m37.0s/3m0s  50.00 iters/s

running (0m38.0s), 001/100 VUs, 1898 complete and 0 interrupted iterations
a1     [  21% ] 001/100 VUs  0m38.0s/3m0s  50.00 iters/s

running (0m39.0s), 001/100 VUs, 1948 complete and 0 interrupted iterations
a1     [  22% ] 001/100 VUs  0m39.0s/3m0s  50.00 iters/s

running (0m40.0s), 001/100 VUs, 1998 complete and 0 interrupted iterations
a1     [  22% ] 001/100 VUs  0m40.0s/3m0s  50.00 iters/s

running (0m41.0s), 000/100 VUs, 2049 complete and 0 interrupted iterations
a1     [  23% ] 000/100 VUs  0m41.0s/3m0s  50.00 iters/s

running (0m42.0s), 001/100 VUs, 2098 complete and 0 interrupted iterations
a1     [  23% ] 001/100 VUs  0m42.0s/3m0s  50.00 iters/s

running (0m43.0s), 001/100 VUs, 2148 complete and 0 interrupted iterations
a1     [  24% ] 001/100 VUs  0m43.0s/3m0s  50.00 iters/s

running (0m44.0s), 001/100 VUs, 2198 complete and 0 interrupted iterations
a1     [  24% ] 001/100 VUs  0m44.0s/3m0s  50.00 iters/s

running (0m45.0s), 000/100 VUs, 2249 complete and 0 interrupted iterations
a1     [  25% ] 000/100 VUs  0m45.0s/3m0s  50.00 iters/s

running (0m46.0s), 000/100 VUs, 2299 complete and 0 interrupted iterations
a1     [  26% ] 000/100 VUs  0m46.0s/3m0s  50.00 iters/s

running (0m47.0s), 040/100 VUs, 2309 complete and 0 interrupted iterations
a1     [  26% ] 040/100 VUs  0m47.0s/3m0s  50.00 iters/s

running (0m48.0s), 000/100 VUs, 2399 complete and 0 interrupted iterations
a1     [  27% ] 000/100 VUs  0m48.0s/3m0s  50.00 iters/s

running (0m49.0s), 000/100 VUs, 2449 complete and 0 interrupted iterations
a1     [  27% ] 000/100 VUs  0m49.0s/3m0s  50.00 iters/s

running (0m50.0s), 001/100 VUs, 2498 complete and 0 interrupted iterations
a1     [  28% ] 001/100 VUs  0m50.0s/3m0s  50.00 iters/s

running (0m51.0s), 001/100 VUs, 2548 complete and 0 interrupted iterations
a1     [  28% ] 001/100 VUs  0m51.0s/3m0s  50.00 iters/s

running (0m52.0s), 000/100 VUs, 2599 complete and 0 interrupted iterations
a1     [  29% ] 000/100 VUs  0m52.0s/3m0s  50.00 iters/s

running (0m53.0s), 001/100 VUs, 2648 complete and 0 interrupted iterations
a1     [  29% ] 001/100 VUs  0m53.0s/3m0s  50.00 iters/s

running (0m54.0s), 000/100 VUs, 2699 complete and 0 interrupted iterations
a1     [  30% ] 000/100 VUs  0m54.0s/3m0s  50.00 iters/s

running (0m55.0s), 001/100 VUs, 2748 complete and 0 interrupted iterations
a1     [  31% ] 001/100 VUs  0m55.0s/3m0s  50.00 iters/s

running (0m56.0s), 000/100 VUs, 2799 complete and 0 interrupted iterations
a1     [  31% ] 000/100 VUs  0m56.0s/3m0s  50.00 iters/s

running (0m57.0s), 001/100 VUs, 2848 complete and 0 interrupted iterations
a1     [  32% ] 001/100 VUs  0m57.0s/3m0s  50.00 iters/s

running (0m58.0s), 001/100 VUs, 2898 complete and 0 interrupted iterations
a1     [  32% ] 001/100 VUs  0m58.0s/3m0s  50.00 iters/s

running (0m59.0s), 000/100 VUs, 2949 complete and 0 interrupted iterations
a1     [  33% ] 000/100 VUs  0m59.0s/3m0s  50.00 iters/s

running (1m00.0s), 001/100 VUs, 2998 complete and 0 interrupted iterations
a1     [  33% ] 001/100 VUs  1m00.0s/3m0s  50.00 iters/s

running (1m01.0s), 029/100 VUs, 3020 complete and 0 interrupted iterations
a1     [  34% ] 029/100 VUs  1m01.0s/3m0s  50.00 iters/s

running (1m02.0s), 001/100 VUs, 3098 complete and 0 interrupted iterations
a1     [  34% ] 001/100 VUs  1m02.0s/3m0s  50.00 iters/s

running (1m03.0s), 000/100 VUs, 3149 complete and 0 interrupted iterations
a1     [  35% ] 000/100 VUs  1m03.0s/3m0s  50.00 iters/s

running (1m04.0s), 000/100 VUs, 3199 complete and 0 interrupted iterations
a1     [  36% ] 000/100 VUs  1m04.0s/3m0s  50.00 iters/s

running (1m05.0s), 001/100 VUs, 3248 complete and 0 interrupted iterations
a1     [  36% ] 001/100 VUs  1m05.0s/3m0s  50.00 iters/s

running (1m06.0s), 001/100 VUs, 3298 complete and 0 interrupted iterations
a1     [  37% ] 001/100 VUs  1m06.0s/3m0s  50.00 iters/s

running (1m07.0s), 049/100 VUs, 3300 complete and 0 interrupted iterations
a1     [  37% ] 049/100 VUs  1m07.0s/3m0s  50.00 iters/s

running (1m08.0s), 099/100 VUs, 3300 complete and 0 interrupted iterations
a1     [  38% ] 099/100 VUs  1m08.0s/3m0s  50.00 iters/s

running (1m09.0s), 113/114 VUs, 3322 complete and 0 interrupted iterations
a1     [  38% ] 113/114 VUs  1m09.0s/3m0s  50.00 iters/s

running (1m10.0s), 135/136 VUs, 3328 complete and 0 interrupted iterations
a1     [  39% ] 135/136 VUs  1m10.0s/3m0s  50.00 iters/s

running (1m11.0s), 150/150 VUs, 3349 complete and 0 interrupted iterations
a1     [  39% ] 150/150 VUs  1m11.0s/3m0s  50.00 iters/s

running (1m12.0s), 155/170 VUs, 3374 complete and 0 interrupted iterations
a1     [  40% ] 155/170 VUs  1m12.0s/3m0s  50.00 iters/s

running (1m13.0s), 001/170 VUs, 3578 complete and 0 interrupted iterations
a1     [  41% ] 001/170 VUs  1m13.0s/3m0s  50.00 iters/s

running (1m14.0s), 001/170 VUs, 3628 complete and 0 interrupted iterations
a1     [  41% ] 001/170 VUs  1m14.0s/3m0s  50.00 iters/s

running (1m15.0s), 001/170 VUs, 3678 complete and 0 interrupted iterations
a1     [  42% ] 001/170 VUs  1m15.0s/3m0s  50.00 iters/s

running (1m16.0s), 001/170 VUs, 3728 complete and 0 interrupted iterations
a1     [  42% ] 001/170 VUs  1m16.0s/3m0s  50.00 iters/s

running (1m17.0s), 001/170 VUs, 3778 complete and 0 interrupted iterations
a1     [  43% ] 001/170 VUs  1m17.0s/3m0s  50.00 iters/s

running (1m18.0s), 002/170 VUs, 3827 complete and 0 interrupted iterations
a1     [  43% ] 002/170 VUs  1m18.0s/3m0s  50.00 iters/s

running (1m19.0s), 001/170 VUs, 3878 complete and 0 interrupted iterations
a1     [  44% ] 001/170 VUs  1m19.0s/3m0s  50.00 iters/s

running (1m20.0s), 001/170 VUs, 3928 complete and 0 interrupted iterations
a1     [  44% ] 001/170 VUs  1m20.0s/3m0s  50.00 iters/s

running (1m21.0s), 001/170 VUs, 3978 complete and 0 interrupted iterations
a1     [  45% ] 001/170 VUs  1m21.0s/3m0s  50.00 iters/s

running (1m22.0s), 001/170 VUs, 4028 complete and 0 interrupted iterations
a1     [  46% ] 001/170 VUs  1m22.0s/3m0s  50.00 iters/s

running (1m23.0s), 001/170 VUs, 4078 complete and 0 interrupted iterations
a1     [  46% ] 001/170 VUs  1m23.0s/3m0s  50.00 iters/s

running (1m24.0s), 001/170 VUs, 4128 complete and 0 interrupted iterations
a1     [  47% ] 001/170 VUs  1m24.0s/3m0s  50.00 iters/s

running (1m25.0s), 001/170 VUs, 4178 complete and 0 interrupted iterations
a1     [  47% ] 001/170 VUs  1m25.0s/3m0s  50.00 iters/s

running (1m26.0s), 001/170 VUs, 4228 complete and 0 interrupted iterations
a1     [  48% ] 001/170 VUs  1m26.0s/3m0s  50.00 iters/s

running (1m27.0s), 001/170 VUs, 4278 complete and 0 interrupted iterations
a1     [  48% ] 001/170 VUs  1m27.0s/3m0s  50.00 iters/s

running (1m28.0s), 001/170 VUs, 4328 complete and 0 interrupted iterations
a1     [  49% ] 001/170 VUs  1m28.0s/3m0s  50.00 iters/s

running (1m29.0s), 001/170 VUs, 4378 complete and 0 interrupted iterations
a1     [  49% ] 001/170 VUs  1m29.0s/3m0s  50.00 iters/s

running (1m30.0s), 001/170 VUs, 4428 complete and 0 interrupted iterations
a1     [  50% ] 001/170 VUs  1m30.0s/3m0s  50.00 iters/s

running (1m31.0s), 048/170 VUs, 4431 complete and 0 interrupted iterations
a1     [  51% ] 048/170 VUs  1m31.0s/3m0s  50.00 iters/s

running (1m32.0s), 086/170 VUs, 4443 complete and 0 interrupted iterations
a1     [  51% ] 086/170 VUs  1m32.0s/3m0s  50.00 iters/s

running (1m33.0s), 119/170 VUs, 4460 complete and 0 interrupted iterations
a1     [  52% ] 119/170 VUs  1m33.0s/3m0s  50.00 iters/s

running (1m34.0s), 158/170 VUs, 4471 complete and 0 interrupted iterations
a1     [  52% ] 158/170 VUs  1m34.0s/3m0s  50.00 iters/s

running (1m35.0s), 183/183 VUs, 4483 complete and 0 interrupted iterations
a1     [  53% ] 183/183 VUs  1m35.0s/3m0s  50.00 iters/s

running (1m36.0s), 201/201 VUs, 4497 complete and 0 interrupted iterations
a1     [  53% ] 201/201 VUs  1m36.0s/3m0s  50.00 iters/s

running (1m37.0s), 214/222 VUs, 4513 complete and 0 interrupted iterations
a1     [  54% ] 214/222 VUs  1m37.0s/3m0s  50.00 iters/s

running (1m38.0s), 005/223 VUs, 4771 complete and 0 interrupted iterations
a1     [  54% ] 005/223 VUs  1m38.0s/3m0s  50.00 iters/s

running (1m39.0s), 005/223 VUs, 4821 complete and 0 interrupted iterations
a1     [  55% ] 005/223 VUs  1m39.0s/3m0s  50.00 iters/s

running (1m40.0s), 005/223 VUs, 4871 complete and 0 interrupted iterations
a1     [  56% ] 005/223 VUs  1m40.0s/3m0s  50.00 iters/s

running (1m41.0s), 005/223 VUs, 4921 complete and 0 interrupted iterations
a1     [  56% ] 005/223 VUs  1m41.0s/3m0s  50.00 iters/s

running (1m42.0s), 005/223 VUs, 4971 complete and 0 interrupted iterations
a1     [  57% ] 005/223 VUs  1m42.0s/3m0s  50.00 iters/s

running (1m43.0s), 048/223 VUs, 4978 complete and 0 interrupted iterations
a1     [  57% ] 048/223 VUs  1m43.0s/3m0s  50.00 iters/s

running (1m44.0s), 088/223 VUs, 4988 complete and 0 interrupted iterations
a1     [  58% ] 088/223 VUs  1m44.0s/3m0s  50.00 iters/s

running (1m45.0s), 133/223 VUs, 4993 complete and 0 interrupted iterations
a1     [  58% ] 133/223 VUs  1m45.0s/3m0s  50.00 iters/s

running (1m46.0s), 174/223 VUs, 5002 complete and 0 interrupted iterations
a1     [  59% ] 174/223 VUs  1m46.0s/3m0s  50.00 iters/s

running (1m47.0s), 207/223 VUs, 5019 complete and 0 interrupted iterations
a1     [  59% ] 207/223 VUs  1m47.0s/3m0s  50.00 iters/s

running (1m48.0s), 234/235 VUs, 5030 complete and 0 interrupted iterations
a1     [  60% ] 234/235 VUs  1m48.0s/3m0s  50.00 iters/s

running (1m49.0s), 006/239 VUs, 5304 complete and 0 interrupted iterations
a1     [  61% ] 006/239 VUs  1m49.0s/3m0s  50.00 iters/s

running (1m50.0s), 010/239 VUs, 5350 complete and 0 interrupted iterations
a1     [  61% ] 010/239 VUs  1m50.0s/3m0s  50.00 iters/s

running (1m51.0s), 010/239 VUs, 5400 complete and 0 interrupted iterations
a1     [  62% ] 010/239 VUs  1m51.0s/3m0s  50.00 iters/s

running (1m52.0s), 011/239 VUs, 5449 complete and 0 interrupted iterations
a1     [  62% ] 011/239 VUs  1m52.0s/3m0s  50.00 iters/s

running (1m53.0s), 007/239 VUs, 5503 complete and 0 interrupted iterations
a1     [  63% ] 007/239 VUs  1m53.0s/3m0s  50.00 iters/s
time="2026-09-09T15:44:09+05:00" level=warning msg="The test has generated metrics with 100012 unique time series, which is higher than the suggested limit of 100000 and could cause high memory usage. Consider not using high-cardinality values like unique IDs as metric tags or, if you need them in the URL, use the name metric tag or URL grouping. See https://grafana.com/docs/k6/latest/using-k6/tags-and-groups/ for details." component=metrics-engine-ingester

running (1m54.0s), 003/239 VUs, 5557 complete and 0 interrupted iterations
a1     [  63% ] 003/239 VUs  1m54.0s/3m0s  50.00 iters/s

running (1m55.0s), 011/239 VUs, 5599 complete and 0 interrupted iterations
a1     [  64% ] 011/239 VUs  1m55.0s/3m0s  50.00 iters/s

running (1m56.0s), 011/239 VUs, 5649 complete and 0 interrupted iterations
a1     [  64% ] 011/239 VUs  1m56.0s/3m0s  50.00 iters/s

running (1m57.0s), 001/239 VUs, 5709 complete and 0 interrupted iterations
a1     [  65% ] 001/239 VUs  1m57.0s/3m0s  50.00 iters/s

running (1m58.0s), 011/239 VUs, 5749 complete and 0 interrupted iterations
a1     [  66% ] 011/239 VUs  1m58.0s/3m0s  50.00 iters/s

running (1m59.0s), 011/239 VUs, 5799 complete and 0 interrupted iterations
a1     [  66% ] 011/239 VUs  1m59.0s/3m0s  50.00 iters/s

running (2m00.0s), 011/239 VUs, 5849 complete and 0 interrupted iterations
a1     [  67% ] 011/239 VUs  2m00.0s/3m0s  50.00 iters/s

running (2m01.0s), 011/239 VUs, 5899 complete and 0 interrupted iterations
a1     [  67% ] 011/239 VUs  2m01.0s/3m0s  50.00 iters/s

running (2m02.0s), 011/239 VUs, 5949 complete and 0 interrupted iterations
a1     [  68% ] 011/239 VUs  2m02.0s/3m0s  50.00 iters/s

running (2m03.0s), 011/239 VUs, 5999 complete and 0 interrupted iterations
a1     [  68% ] 011/239 VUs  2m03.0s/3m0s  50.00 iters/s

running (2m04.0s), 002/239 VUs, 6058 complete and 0 interrupted iterations
a1     [  69% ] 002/239 VUs  2m04.0s/3m0s  50.00 iters/s

running (2m05.0s), 011/239 VUs, 6099 complete and 0 interrupted iterations
a1     [  69% ] 011/239 VUs  2m05.0s/3m0s  50.00 iters/s

running (2m06.0s), 011/239 VUs, 6149 complete and 0 interrupted iterations
a1     [  70% ] 011/239 VUs  2m06.0s/3m0s  50.00 iters/s

running (2m07.0s), 012/239 VUs, 6198 complete and 0 interrupted iterations
a1     [  71% ] 012/239 VUs  2m07.0s/3m0s  50.00 iters/s

running (2m08.0s), 061/239 VUs, 6199 complete and 0 interrupted iterations
a1     [  71% ] 061/239 VUs  2m08.0s/3m0s  50.00 iters/s

running (2m09.0s), 104/239 VUs, 6206 complete and 0 interrupted iterations
a1     [  72% ] 104/239 VUs  2m09.0s/3m0s  50.00 iters/s

running (2m10.0s), 134/239 VUs, 6226 complete and 0 interrupted iterations
a1     [  72% ] 134/239 VUs  2m10.0s/3m0s  50.00 iters/s

running (2m11.0s), 179/239 VUs, 6231 complete and 0 interrupted iterations
a1     [  73% ] 179/239 VUs  2m11.0s/3m0s  50.00 iters/s

running (2m12.0s), 187/239 VUs, 6273 complete and 0 interrupted iterations
a1     [  73% ] 187/239 VUs  2m12.0s/3m0s  50.00 iters/s

running (2m13.0s), 164/239 VUs, 6346 complete and 0 interrupted iterations
a1     [  74% ] 164/239 VUs  2m13.0s/3m0s  50.00 iters/s

running (2m14.0s), 000/239 VUs, 6560 complete and 0 interrupted iterations
a1     [  74% ] 000/239 VUs  2m14.0s/3m0s  50.00 iters/s

running (2m15.0s), 023/239 VUs, 6587 complete and 0 interrupted iterations
a1     [  75% ] 023/239 VUs  2m15.0s/3m0s  50.00 iters/s

running (2m16.0s), 000/239 VUs, 6660 complete and 0 interrupted iterations
a1     [  76% ] 000/239 VUs  2m16.0s/3m0s  50.00 iters/s

running (2m17.0s), 000/239 VUs, 6710 complete and 0 interrupted iterations
a1     [  76% ] 000/239 VUs  2m17.0s/3m0s  50.00 iters/s

running (2m18.0s), 025/239 VUs, 6735 complete and 0 interrupted iterations
a1     [  77% ] 025/239 VUs  2m18.0s/3m0s  50.00 iters/s

running (2m19.0s), 057/239 VUs, 6753 complete and 0 interrupted iterations
a1     [  77% ] 057/239 VUs  2m19.0s/3m0s  50.00 iters/s

running (2m20.0s), 107/239 VUs, 6753 complete and 0 interrupted iterations
a1     [  78% ] 107/239 VUs  2m20.0s/3m0s  50.00 iters/s

running (2m21.0s), 145/239 VUs, 6765 complete and 0 interrupted iterations
a1     [  78% ] 145/239 VUs  2m21.0s/3m0s  50.00 iters/s

running (2m22.0s), 186/239 VUs, 6774 complete and 0 interrupted iterations
a1     [  79% ] 186/239 VUs  2m22.0s/3m0s  50.00 iters/s

running (2m23.0s), 215/239 VUs, 6795 complete and 0 interrupted iterations
a1     [  79% ] 215/239 VUs  2m23.0s/3m0s  50.00 iters/s

running (2m24.0s), 163/239 VUs, 6897 complete and 0 interrupted iterations
a1     [  80% ] 163/239 VUs  2m24.0s/3m0s  50.00 iters/s

running (2m25.0s), 000/239 VUs, 7110 complete and 0 interrupted iterations
a1     [  81% ] 000/239 VUs  2m25.0s/3m0s  50.00 iters/s

running (2m26.0s), 000/239 VUs, 7160 complete and 0 interrupted iterations
a1     [  81% ] 000/239 VUs  2m26.0s/3m0s  50.00 iters/s

running (2m27.0s), 001/239 VUs, 7209 complete and 0 interrupted iterations
a1     [  82% ] 001/239 VUs  2m27.0s/3m0s  50.00 iters/s

running (2m28.0s), 000/239 VUs, 7260 complete and 0 interrupted iterations
a1     [  82% ] 000/239 VUs  2m28.0s/3m0s  50.00 iters/s

running (2m29.0s), 000/239 VUs, 7310 complete and 0 interrupted iterations
a1     [  83% ] 000/239 VUs  2m29.0s/3m0s  50.00 iters/s

running (2m30.0s), 000/239 VUs, 7360 complete and 0 interrupted iterations
a1     [  83% ] 000/239 VUs  2m30.0s/3m0s  50.00 iters/s

running (2m31.0s), 001/239 VUs, 7409 complete and 0 interrupted iterations
a1     [  84% ] 001/239 VUs  2m31.0s/3m0s  50.00 iters/s

running (2m32.0s), 000/239 VUs, 7460 complete and 0 interrupted iterations
a1     [  84% ] 000/239 VUs  2m32.0s/3m0s  50.00 iters/s

running (2m33.0s), 001/239 VUs, 7509 complete and 0 interrupted iterations
a1     [  85% ] 001/239 VUs  2m33.0s/3m0s  50.00 iters/s

running (2m34.0s), 001/239 VUs, 7559 complete and 0 interrupted iterations
a1     [  86% ] 001/239 VUs  2m34.0s/3m0s  50.00 iters/s

running (2m35.0s), 001/239 VUs, 7609 complete and 0 interrupted iterations
a1     [  86% ] 001/239 VUs  2m35.0s/3m0s  50.00 iters/s

running (2m36.0s), 001/239 VUs, 7659 complete and 0 interrupted iterations
a1     [  87% ] 001/239 VUs  2m36.0s/3m0s  50.00 iters/s

running (2m37.0s), 000/239 VUs, 7710 complete and 0 interrupted iterations
a1     [  87% ] 000/239 VUs  2m37.0s/3m0s  50.00 iters/s

running (2m38.0s), 000/239 VUs, 7760 complete and 0 interrupted iterations
a1     [  88% ] 000/239 VUs  2m38.0s/3m0s  50.00 iters/s

running (2m39.0s), 000/239 VUs, 7810 complete and 0 interrupted iterations
a1     [  88% ] 000/239 VUs  2m39.0s/3m0s  50.00 iters/s

running (2m40.0s), 001/239 VUs, 7859 complete and 0 interrupted iterations
a1     [  89% ] 001/239 VUs  2m40.0s/3m0s  50.00 iters/s

running (2m41.0s), 045/239 VUs, 7865 complete and 0 interrupted iterations
a1     [  89% ] 045/239 VUs  2m41.0s/3m0s  50.00 iters/s

running (2m42.0s), 000/239 VUs, 7960 complete and 0 interrupted iterations
a1     [  90% ] 000/239 VUs  2m42.0s/3m0s  50.00 iters/s

running (2m43.0s), 046/239 VUs, 7964 complete and 0 interrupted iterations
a1     [  91% ] 046/239 VUs  2m43.0s/3m0s  50.00 iters/s

running (2m44.0s), 082/239 VUs, 7978 complete and 0 interrupted iterations
a1     [  91% ] 082/239 VUs  2m44.0s/3m0s  50.00 iters/s

running (2m45.0s), 118/239 VUs, 7992 complete and 0 interrupted iterations
a1     [  92% ] 118/239 VUs  2m45.0s/3m0s  50.00 iters/s

running (2m46.0s), 157/239 VUs, 8003 complete and 0 interrupted iterations
a1     [  92% ] 157/239 VUs  2m46.0s/3m0s  50.00 iters/s

running (2m47.0s), 199/239 VUs, 8011 complete and 0 interrupted iterations
a1     [  93% ] 199/239 VUs  2m47.0s/3m0s  50.00 iters/s

running (2m48.0s), 233/239 VUs, 8027 complete and 0 interrupted iterations
a1     [  93% ] 233/239 VUs  2m48.0s/3m0s  50.00 iters/s

running (2m49.0s), 226/246 VUs, 8077 complete and 0 interrupted iterations
a1     [  94% ] 226/246 VUs  2m49.0s/3m0s  50.00 iters/s

running (2m50.0s), 010/246 VUs, 8343 complete and 0 interrupted iterations
a1     [  94% ] 010/246 VUs  2m50.0s/3m0s  50.00 iters/s

running (2m51.0s), 010/246 VUs, 8393 complete and 0 interrupted iterations
a1     [  95% ] 010/246 VUs  2m51.0s/3m0s  50.00 iters/s

running (2m52.0s), 009/246 VUs, 8444 complete and 0 interrupted iterations
a1     [  96% ] 009/246 VUs  2m52.0s/3m0s  50.00 iters/s

running (2m53.0s), 007/246 VUs, 8496 complete and 0 interrupted iterations
a1     [  96% ] 007/246 VUs  2m53.0s/3m0s  50.00 iters/s

running (2m54.0s), 017/246 VUs, 8536 complete and 0 interrupted iterations
a1     [  97% ] 017/246 VUs  2m54.0s/3m0s  50.00 iters/s

running (2m55.0s), 062/246 VUs, 8541 complete and 0 interrupted iterations
a1     [  97% ] 062/246 VUs  2m55.0s/3m0s  50.00 iters/s

running (2m56.0s), 105/246 VUs, 8548 complete and 0 interrupted iterations
a1     [  98% ] 105/246 VUs  2m56.0s/3m0s  50.00 iters/s

running (2m57.0s), 137/246 VUs, 8566 complete and 0 interrupted iterations
a1     [  98% ] 137/246 VUs  2m57.0s/3m0s  50.00 iters/s

running (2m58.0s), 170/246 VUs, 8583 complete and 0 interrupted iterations
a1     [  99% ] 170/246 VUs  2m58.0s/3m0s  50.00 iters/s

running (2m59.0s), 200/246 VUs, 8603 complete and 0 interrupted iterations
a1     [  99% ] 200/246 VUs  2m59.0s/3m0s  50.00 iters/s

running (3m00.0s), 191/246 VUs, 8662 complete and 0 interrupted iterations
a1     [ 100% ] 191/246 VUs  3m00.0s/3m0s  50.00 iters/s


  █ THRESHOLDS 

    http_req_failed
    ✓ 'rate<0.05' rate=0.00%


  █ TOTAL RESULTS 

    checks_total.......: 26565   147.50288/s
    checks_succeeded...: 100.00% 26565 out of 26565
    checks_failed......: 0.00%   0 out of 26565

    ✓ initiated
    ✓ validated
    ✓ terminal

    CUSTOM
    a1_lifecycle_duration..........: avg=833.75ms min=5ms    med=232ms   p(95)=4.12s p(99)=5.19s max=6.57s
    a1_lifecycles_completed........: 8855   49.167627/s
    a1_transitions_committed.......: 26565  147.50288/s

    HTTP
    http_req_duration..............: avg=277.74ms min=1.47ms med=40.06ms p(95)=1.76s p(99)=2.61s max=4.75s
      { expected_response:true }...: avg=277.74ms min=1.47ms med=40.06ms p(95)=1.76s p(99)=2.61s max=4.75s
    http_req_failed................: 0.00%  0 out of 26565
    http_reqs......................: 26565  147.50288/s

    EXECUTION
    dropped_iterations.............: 146    0.810669/s
    iteration_duration.............: avg=833.81ms min=5.62ms med=232.3ms p(95)=4.12s p(99)=5.19s max=6.57s
    iterations.....................: 8855   49.167627/s
    vus............................: 191    min=0          max=234
    vus_max........................: 246    min=100        max=246

    NETWORK
    data_received..................: 10 MB  56 kB/s
    data_sent......................: 5.7 MB 32 kB/s




running (3m00.1s), 000/246 VUs, 8855 complete and 0 interrupted iterations
a1   ✓ [ 100% ] 000/246 VUs  3m0s  50.00 iters/s
