
         /\      Grafana   /‾‾/  
    /\  /  \     |\  __   /  /   
   /  \/    \    | |/ /  /   ‾‾\ 
  /          \   |   (  |  (‾)  |
 / __________ \  |_|\_\  \_____/ 


     execution: local
        script: harness/k6/a1-workload.js
        output: -

     scenarios: (100.00%) 1 scenario, 600 max VUs, 3m30s max duration (incl. graceful stop):
              * a1: 50.00 iterations/s for 3m0s (maxVUs: 100-600, gracefulStop: 30s)


running (0m01.0s), 021/100 VUs, 28 complete and 0 interrupted iterations
a1     [   1% ] 021/100 VUs  0m01.0s/3m0s  50.00 iters/s

running (0m02.0s), 001/100 VUs, 98 complete and 0 interrupted iterations
a1     [   1% ] 001/100 VUs  0m02.0s/3m0s  50.00 iters/s

running (0m03.0s), 002/100 VUs, 147 complete and 0 interrupted iterations
a1     [   2% ] 002/100 VUs  0m03.0s/3m0s  50.00 iters/s

running (0m04.0s), 001/100 VUs, 198 complete and 0 interrupted iterations
a1     [   2% ] 001/100 VUs  0m04.0s/3m0s  50.00 iters/s

running (0m05.0s), 001/100 VUs, 248 complete and 0 interrupted iterations
a1     [   3% ] 001/100 VUs  0m05.0s/3m0s  50.00 iters/s

running (0m06.0s), 002/100 VUs, 297 complete and 0 interrupted iterations
a1     [   3% ] 002/100 VUs  0m06.0s/3m0s  50.00 iters/s

running (0m07.0s), 001/100 VUs, 348 complete and 0 interrupted iterations
a1     [   4% ] 001/100 VUs  0m07.0s/3m0s  50.00 iters/s

running (0m08.0s), 001/100 VUs, 398 complete and 0 interrupted iterations
a1     [   4% ] 001/100 VUs  0m08.0s/3m0s  50.00 iters/s

running (0m09.0s), 001/100 VUs, 448 complete and 0 interrupted iterations
a1     [   5% ] 001/100 VUs  0m09.0s/3m0s  50.00 iters/s

running (0m10.0s), 001/100 VUs, 498 complete and 0 interrupted iterations
a1     [   6% ] 001/100 VUs  0m10.0s/3m0s  50.00 iters/s

running (0m11.0s), 001/100 VUs, 548 complete and 0 interrupted iterations
a1     [   6% ] 001/100 VUs  0m11.0s/3m0s  50.00 iters/s

running (0m12.0s), 001/100 VUs, 598 complete and 0 interrupted iterations
a1     [   7% ] 001/100 VUs  0m12.0s/3m0s  50.00 iters/s

running (0m13.0s), 001/100 VUs, 648 complete and 0 interrupted iterations
a1     [   7% ] 001/100 VUs  0m13.0s/3m0s  50.00 iters/s

running (0m14.0s), 004/100 VUs, 695 complete and 0 interrupted iterations
a1     [   8% ] 004/100 VUs  0m14.0s/3m0s  50.00 iters/s

running (0m15.0s), 002/100 VUs, 747 complete and 0 interrupted iterations
a1     [   8% ] 002/100 VUs  0m15.0s/3m0s  50.00 iters/s

running (0m16.0s), 001/100 VUs, 798 complete and 0 interrupted iterations
a1     [   9% ] 001/100 VUs  0m16.0s/3m0s  50.00 iters/s

running (0m17.0s), 001/100 VUs, 848 complete and 0 interrupted iterations
a1     [   9% ] 001/100 VUs  0m17.0s/3m0s  50.00 iters/s

running (0m18.0s), 001/100 VUs, 898 complete and 0 interrupted iterations
a1     [  10% ] 001/100 VUs  0m18.0s/3m0s  50.00 iters/s

running (0m19.0s), 001/100 VUs, 948 complete and 0 interrupted iterations
a1     [  11% ] 001/100 VUs  0m19.0s/3m0s  50.00 iters/s

running (0m20.0s), 001/100 VUs, 998 complete and 0 interrupted iterations
a1     [  11% ] 001/100 VUs  0m20.0s/3m0s  50.00 iters/s

running (0m21.0s), 001/100 VUs, 1048 complete and 0 interrupted iterations
a1     [  12% ] 001/100 VUs  0m21.0s/3m0s  50.00 iters/s

running (0m22.0s), 001/100 VUs, 1098 complete and 0 interrupted iterations
a1     [  12% ] 001/100 VUs  0m22.0s/3m0s  50.00 iters/s

running (0m23.0s), 001/100 VUs, 1148 complete and 0 interrupted iterations
a1     [  13% ] 001/100 VUs  0m23.0s/3m0s  50.00 iters/s

running (0m24.0s), 001/100 VUs, 1198 complete and 0 interrupted iterations
a1     [  13% ] 001/100 VUs  0m24.0s/3m0s  50.00 iters/s

running (0m25.0s), 001/100 VUs, 1248 complete and 0 interrupted iterations
a1     [  14% ] 001/100 VUs  0m25.0s/3m0s  50.00 iters/s

running (0m26.0s), 001/100 VUs, 1298 complete and 0 interrupted iterations
a1     [  14% ] 001/100 VUs  0m26.0s/3m0s  50.00 iters/s

running (0m27.0s), 001/100 VUs, 1348 complete and 0 interrupted iterations
a1     [  15% ] 001/100 VUs  0m27.0s/3m0s  50.00 iters/s

running (0m28.0s), 001/100 VUs, 1398 complete and 0 interrupted iterations
a1     [  16% ] 001/100 VUs  0m28.0s/3m0s  50.00 iters/s

running (0m29.0s), 001/100 VUs, 1448 complete and 0 interrupted iterations
a1     [  16% ] 001/100 VUs  0m29.0s/3m0s  50.00 iters/s

running (0m30.0s), 001/100 VUs, 1498 complete and 0 interrupted iterations
a1     [  17% ] 001/100 VUs  0m30.0s/3m0s  50.00 iters/s

running (0m31.0s), 001/100 VUs, 1548 complete and 0 interrupted iterations
a1     [  17% ] 001/100 VUs  0m31.0s/3m0s  50.00 iters/s

running (0m32.0s), 001/100 VUs, 1598 complete and 0 interrupted iterations
a1     [  18% ] 001/100 VUs  0m32.0s/3m0s  50.00 iters/s

running (0m33.0s), 001/100 VUs, 1648 complete and 0 interrupted iterations
a1     [  18% ] 001/100 VUs  0m33.0s/3m0s  50.00 iters/s

running (0m34.0s), 001/100 VUs, 1698 complete and 0 interrupted iterations
a1     [  19% ] 001/100 VUs  0m34.0s/3m0s  50.00 iters/s

running (0m35.0s), 002/100 VUs, 1747 complete and 0 interrupted iterations
a1     [  19% ] 002/100 VUs  0m35.0s/3m0s  50.00 iters/s

running (0m36.0s), 001/100 VUs, 1798 complete and 0 interrupted iterations
a1     [  20% ] 001/100 VUs  0m36.0s/3m0s  50.00 iters/s

running (0m37.0s), 001/100 VUs, 1848 complete and 0 interrupted iterations
a1     [  21% ] 001/100 VUs  0m37.0s/3m0s  50.00 iters/s

running (0m38.0s), 001/100 VUs, 1898 complete and 0 interrupted iterations
a1     [  21% ] 001/100 VUs  0m38.0s/3m0s  50.00 iters/s

running (0m39.0s), 001/100 VUs, 1948 complete and 0 interrupted iterations
a1     [  22% ] 001/100 VUs  0m39.0s/3m0s  50.00 iters/s

running (0m40.0s), 001/100 VUs, 1998 complete and 0 interrupted iterations
a1     [  22% ] 001/100 VUs  0m40.0s/3m0s  50.00 iters/s

running (0m41.0s), 001/100 VUs, 2048 complete and 0 interrupted iterations
a1     [  23% ] 001/100 VUs  0m41.0s/3m0s  50.00 iters/s

running (0m42.0s), 001/100 VUs, 2098 complete and 0 interrupted iterations
a1     [  23% ] 001/100 VUs  0m42.0s/3m0s  50.00 iters/s

running (0m43.0s), 001/100 VUs, 2148 complete and 0 interrupted iterations
a1     [  24% ] 001/100 VUs  0m43.0s/3m0s  50.00 iters/s

running (0m44.0s), 001/100 VUs, 2198 complete and 0 interrupted iterations
a1     [  24% ] 001/100 VUs  0m44.0s/3m0s  50.00 iters/s

running (0m45.0s), 001/100 VUs, 2248 complete and 0 interrupted iterations
a1     [  25% ] 001/100 VUs  0m45.0s/3m0s  50.00 iters/s

running (0m46.0s), 001/100 VUs, 2298 complete and 0 interrupted iterations
a1     [  26% ] 001/100 VUs  0m46.0s/3m0s  50.00 iters/s

running (0m47.0s), 001/100 VUs, 2348 complete and 0 interrupted iterations
a1     [  26% ] 001/100 VUs  0m47.0s/3m0s  50.00 iters/s

running (0m48.0s), 001/100 VUs, 2398 complete and 0 interrupted iterations
a1     [  27% ] 001/100 VUs  0m48.0s/3m0s  50.00 iters/s

running (0m49.0s), 001/100 VUs, 2448 complete and 0 interrupted iterations
a1     [  27% ] 001/100 VUs  0m49.0s/3m0s  50.00 iters/s

running (0m50.0s), 001/100 VUs, 2498 complete and 0 interrupted iterations
a1     [  28% ] 001/100 VUs  0m50.0s/3m0s  50.00 iters/s

running (0m51.0s), 001/100 VUs, 2548 complete and 0 interrupted iterations
a1     [  28% ] 001/100 VUs  0m51.0s/3m0s  50.00 iters/s

running (0m52.0s), 001/100 VUs, 2598 complete and 0 interrupted iterations
a1     [  29% ] 001/100 VUs  0m52.0s/3m0s  50.00 iters/s

running (0m53.0s), 001/100 VUs, 2648 complete and 0 interrupted iterations
a1     [  29% ] 001/100 VUs  0m53.0s/3m0s  50.00 iters/s

running (0m54.0s), 001/100 VUs, 2698 complete and 0 interrupted iterations
a1     [  30% ] 001/100 VUs  0m54.0s/3m0s  50.00 iters/s

running (0m55.0s), 001/100 VUs, 2748 complete and 0 interrupted iterations
a1     [  31% ] 001/100 VUs  0m55.0s/3m0s  50.00 iters/s

running (0m56.0s), 001/100 VUs, 2798 complete and 0 interrupted iterations
a1     [  31% ] 001/100 VUs  0m56.0s/3m0s  50.00 iters/s

running (0m57.0s), 001/100 VUs, 2848 complete and 0 interrupted iterations
a1     [  32% ] 001/100 VUs  0m57.0s/3m0s  50.00 iters/s

running (0m58.0s), 001/100 VUs, 2898 complete and 0 interrupted iterations
a1     [  32% ] 001/100 VUs  0m58.0s/3m0s  50.00 iters/s

running (0m59.0s), 001/100 VUs, 2948 complete and 0 interrupted iterations
a1     [  33% ] 001/100 VUs  0m59.0s/3m0s  50.00 iters/s

running (1m00.0s), 001/100 VUs, 2998 complete and 0 interrupted iterations
a1     [  33% ] 001/100 VUs  1m00.0s/3m0s  50.00 iters/s

running (1m01.0s), 001/100 VUs, 3048 complete and 0 interrupted iterations
a1     [  34% ] 001/100 VUs  1m01.0s/3m0s  50.00 iters/s

running (1m02.0s), 001/100 VUs, 3098 complete and 0 interrupted iterations
a1     [  34% ] 001/100 VUs  1m02.0s/3m0s  50.00 iters/s

running (1m03.0s), 001/100 VUs, 3148 complete and 0 interrupted iterations
a1     [  35% ] 001/100 VUs  1m03.0s/3m0s  50.00 iters/s

running (1m04.0s), 001/100 VUs, 3198 complete and 0 interrupted iterations
a1     [  36% ] 001/100 VUs  1m04.0s/3m0s  50.00 iters/s

running (1m05.0s), 001/100 VUs, 3248 complete and 0 interrupted iterations
a1     [  36% ] 001/100 VUs  1m05.0s/3m0s  50.00 iters/s

running (1m06.0s), 001/100 VUs, 3298 complete and 0 interrupted iterations
a1     [  37% ] 001/100 VUs  1m06.0s/3m0s  50.00 iters/s

running (1m07.0s), 001/100 VUs, 3348 complete and 0 interrupted iterations
a1     [  37% ] 001/100 VUs  1m07.0s/3m0s  50.00 iters/s

running (1m08.0s), 001/100 VUs, 3398 complete and 0 interrupted iterations
a1     [  38% ] 001/100 VUs  1m08.0s/3m0s  50.00 iters/s

running (1m09.0s), 001/100 VUs, 3448 complete and 0 interrupted iterations
a1     [  38% ] 001/100 VUs  1m09.0s/3m0s  50.00 iters/s

running (1m10.0s), 001/100 VUs, 3498 complete and 0 interrupted iterations
a1     [  39% ] 001/100 VUs  1m10.0s/3m0s  50.00 iters/s

running (1m11.0s), 001/100 VUs, 3548 complete and 0 interrupted iterations
a1     [  39% ] 001/100 VUs  1m11.0s/3m0s  50.00 iters/s

running (1m12.0s), 001/100 VUs, 3598 complete and 0 interrupted iterations
a1     [  40% ] 001/100 VUs  1m12.0s/3m0s  50.00 iters/s

running (1m13.0s), 001/100 VUs, 3648 complete and 0 interrupted iterations
a1     [  41% ] 001/100 VUs  1m13.0s/3m0s  50.00 iters/s

running (1m14.0s), 001/100 VUs, 3698 complete and 0 interrupted iterations
a1     [  41% ] 001/100 VUs  1m14.0s/3m0s  50.00 iters/s

running (1m15.0s), 001/100 VUs, 3748 complete and 0 interrupted iterations
a1     [  42% ] 001/100 VUs  1m15.0s/3m0s  50.00 iters/s

running (1m16.0s), 001/100 VUs, 3798 complete and 0 interrupted iterations
a1     [  42% ] 001/100 VUs  1m16.0s/3m0s  50.00 iters/s

running (1m17.0s), 001/100 VUs, 3848 complete and 0 interrupted iterations
a1     [  43% ] 001/100 VUs  1m17.0s/3m0s  50.00 iters/s

running (1m18.0s), 001/100 VUs, 3898 complete and 0 interrupted iterations
a1     [  43% ] 001/100 VUs  1m18.0s/3m0s  50.00 iters/s

running (1m19.0s), 001/100 VUs, 3948 complete and 0 interrupted iterations
a1     [  44% ] 001/100 VUs  1m19.0s/3m0s  50.00 iters/s

running (1m20.0s), 001/100 VUs, 3998 complete and 0 interrupted iterations
a1     [  44% ] 001/100 VUs  1m20.0s/3m0s  50.00 iters/s

running (1m21.0s), 001/100 VUs, 4048 complete and 0 interrupted iterations
a1     [  45% ] 001/100 VUs  1m21.0s/3m0s  50.00 iters/s

running (1m22.0s), 001/100 VUs, 4098 complete and 0 interrupted iterations
a1     [  46% ] 001/100 VUs  1m22.0s/3m0s  50.00 iters/s

running (1m23.0s), 001/100 VUs, 4148 complete and 0 interrupted iterations
a1     [  46% ] 001/100 VUs  1m23.0s/3m0s  50.00 iters/s

running (1m24.0s), 001/100 VUs, 4198 complete and 0 interrupted iterations
a1     [  47% ] 001/100 VUs  1m24.0s/3m0s  50.00 iters/s

running (1m25.0s), 001/100 VUs, 4248 complete and 0 interrupted iterations
a1     [  47% ] 001/100 VUs  1m25.0s/3m0s  50.00 iters/s

running (1m26.0s), 001/100 VUs, 4298 complete and 0 interrupted iterations
a1     [  48% ] 001/100 VUs  1m26.0s/3m0s  50.00 iters/s

running (1m27.0s), 001/100 VUs, 4348 complete and 0 interrupted iterations
a1     [  48% ] 001/100 VUs  1m27.0s/3m0s  50.00 iters/s

running (1m28.0s), 001/100 VUs, 4398 complete and 0 interrupted iterations
a1     [  49% ] 001/100 VUs  1m28.0s/3m0s  50.00 iters/s

running (1m29.0s), 001/100 VUs, 4448 complete and 0 interrupted iterations
a1     [  49% ] 001/100 VUs  1m29.0s/3m0s  50.00 iters/s

running (1m30.0s), 001/100 VUs, 4498 complete and 0 interrupted iterations
a1     [  50% ] 001/100 VUs  1m30.0s/3m0s  50.00 iters/s

running (1m31.0s), 001/100 VUs, 4548 complete and 0 interrupted iterations
a1     [  51% ] 001/100 VUs  1m31.0s/3m0s  50.00 iters/s

running (1m32.0s), 001/100 VUs, 4598 complete and 0 interrupted iterations
a1     [  51% ] 001/100 VUs  1m32.0s/3m0s  50.00 iters/s

running (1m33.0s), 001/100 VUs, 4648 complete and 0 interrupted iterations
a1     [  52% ] 001/100 VUs  1m33.0s/3m0s  50.00 iters/s

running (1m34.0s), 002/100 VUs, 4697 complete and 0 interrupted iterations
a1     [  52% ] 002/100 VUs  1m34.0s/3m0s  50.00 iters/s

running (1m35.0s), 001/100 VUs, 4748 complete and 0 interrupted iterations
a1     [  53% ] 001/100 VUs  1m35.0s/3m0s  50.00 iters/s

running (1m36.0s), 001/100 VUs, 4798 complete and 0 interrupted iterations
a1     [  53% ] 001/100 VUs  1m36.0s/3m0s  50.00 iters/s

running (1m37.0s), 001/100 VUs, 4848 complete and 0 interrupted iterations
a1     [  54% ] 001/100 VUs  1m37.0s/3m0s  50.00 iters/s

running (1m38.0s), 001/100 VUs, 4898 complete and 0 interrupted iterations
a1     [  54% ] 001/100 VUs  1m38.0s/3m0s  50.00 iters/s

running (1m39.0s), 001/100 VUs, 4948 complete and 0 interrupted iterations
a1     [  55% ] 001/100 VUs  1m39.0s/3m0s  50.00 iters/s

running (1m40.0s), 001/100 VUs, 4998 complete and 0 interrupted iterations
a1     [  56% ] 001/100 VUs  1m40.0s/3m0s  50.00 iters/s

running (1m41.0s), 001/100 VUs, 5048 complete and 0 interrupted iterations
a1     [  56% ] 001/100 VUs  1m41.0s/3m0s  50.00 iters/s

running (1m42.0s), 001/100 VUs, 5098 complete and 0 interrupted iterations
a1     [  57% ] 001/100 VUs  1m42.0s/3m0s  50.00 iters/s

running (1m43.0s), 001/100 VUs, 5148 complete and 0 interrupted iterations
a1     [  57% ] 001/100 VUs  1m43.0s/3m0s  50.00 iters/s

running (1m44.0s), 001/100 VUs, 5198 complete and 0 interrupted iterations
a1     [  58% ] 001/100 VUs  1m44.0s/3m0s  50.00 iters/s

running (1m45.0s), 001/100 VUs, 5248 complete and 0 interrupted iterations
a1     [  58% ] 001/100 VUs  1m45.0s/3m0s  50.00 iters/s

running (1m46.0s), 001/100 VUs, 5298 complete and 0 interrupted iterations
a1     [  59% ] 001/100 VUs  1m46.0s/3m0s  50.00 iters/s

running (1m47.0s), 001/100 VUs, 5348 complete and 0 interrupted iterations
a1     [  59% ] 001/100 VUs  1m47.0s/3m0s  50.00 iters/s

running (1m48.0s), 001/100 VUs, 5398 complete and 0 interrupted iterations
a1     [  60% ] 001/100 VUs  1m48.0s/3m0s  50.00 iters/s

running (1m49.0s), 002/100 VUs, 5447 complete and 0 interrupted iterations
a1     [  61% ] 002/100 VUs  1m49.0s/3m0s  50.00 iters/s

running (1m50.0s), 001/100 VUs, 5498 complete and 0 interrupted iterations
a1     [  61% ] 001/100 VUs  1m50.0s/3m0s  50.00 iters/s

running (1m51.0s), 002/100 VUs, 5547 complete and 0 interrupted iterations
a1     [  62% ] 002/100 VUs  1m51.0s/3m0s  50.00 iters/s
time="2026-09-09T14:39:54+05:00" level=warning msg="The test has generated metrics with 100029 unique time series, which is higher than the suggested limit of 100000 and could cause high memory usage. Consider not using high-cardinality values like unique IDs as metric tags or, if you need them in the URL, use the name metric tag or URL grouping. See https://grafana.com/docs/k6/latest/using-k6/tags-and-groups/ for details." component=metrics-engine-ingester

running (1m52.0s), 001/100 VUs, 5598 complete and 0 interrupted iterations
a1     [  62% ] 001/100 VUs  1m52.0s/3m0s  50.00 iters/s

running (1m53.0s), 001/100 VUs, 5648 complete and 0 interrupted iterations
a1     [  63% ] 001/100 VUs  1m53.0s/3m0s  50.00 iters/s

running (1m54.0s), 001/100 VUs, 5698 complete and 0 interrupted iterations
a1     [  63% ] 001/100 VUs  1m54.0s/3m0s  50.00 iters/s

running (1m55.0s), 001/100 VUs, 5748 complete and 0 interrupted iterations
a1     [  64% ] 001/100 VUs  1m55.0s/3m0s  50.00 iters/s

running (1m56.0s), 001/100 VUs, 5798 complete and 0 interrupted iterations
a1     [  64% ] 001/100 VUs  1m56.0s/3m0s  50.00 iters/s

running (1m57.0s), 001/100 VUs, 5848 complete and 0 interrupted iterations
a1     [  65% ] 001/100 VUs  1m57.0s/3m0s  50.00 iters/s

running (1m58.0s), 001/100 VUs, 5898 complete and 0 interrupted iterations
a1     [  66% ] 001/100 VUs  1m58.0s/3m0s  50.00 iters/s

running (1m59.0s), 001/100 VUs, 5948 complete and 0 interrupted iterations
a1     [  66% ] 001/100 VUs  1m59.0s/3m0s  50.00 iters/s

running (2m00.0s), 001/100 VUs, 5998 complete and 0 interrupted iterations
a1     [  67% ] 001/100 VUs  2m00.0s/3m0s  50.00 iters/s

running (2m01.0s), 001/100 VUs, 6048 complete and 0 interrupted iterations
a1     [  67% ] 001/100 VUs  2m01.0s/3m0s  50.00 iters/s

running (2m02.0s), 001/100 VUs, 6098 complete and 0 interrupted iterations
a1     [  68% ] 001/100 VUs  2m02.0s/3m0s  50.00 iters/s

running (2m03.0s), 001/100 VUs, 6148 complete and 0 interrupted iterations
a1     [  68% ] 001/100 VUs  2m03.0s/3m0s  50.00 iters/s

running (2m04.0s), 001/100 VUs, 6198 complete and 0 interrupted iterations
a1     [  69% ] 001/100 VUs  2m04.0s/3m0s  50.00 iters/s

running (2m05.0s), 002/100 VUs, 6247 complete and 0 interrupted iterations
a1     [  69% ] 002/100 VUs  2m05.0s/3m0s  50.00 iters/s

running (2m06.0s), 001/100 VUs, 6298 complete and 0 interrupted iterations
a1     [  70% ] 001/100 VUs  2m06.0s/3m0s  50.00 iters/s

running (2m07.0s), 001/100 VUs, 6348 complete and 0 interrupted iterations
a1     [  71% ] 001/100 VUs  2m07.0s/3m0s  50.00 iters/s

running (2m08.0s), 001/100 VUs, 6398 complete and 0 interrupted iterations
a1     [  71% ] 001/100 VUs  2m08.0s/3m0s  50.00 iters/s

running (2m09.0s), 001/100 VUs, 6448 complete and 0 interrupted iterations
a1     [  72% ] 001/100 VUs  2m09.0s/3m0s  50.00 iters/s

running (2m10.0s), 001/100 VUs, 6498 complete and 0 interrupted iterations
a1     [  72% ] 001/100 VUs  2m10.0s/3m0s  50.00 iters/s

running (2m11.0s), 001/100 VUs, 6548 complete and 0 interrupted iterations
a1     [  73% ] 001/100 VUs  2m11.0s/3m0s  50.00 iters/s

running (2m12.0s), 001/100 VUs, 6598 complete and 0 interrupted iterations
a1     [  73% ] 001/100 VUs  2m12.0s/3m0s  50.00 iters/s

running (2m13.0s), 001/100 VUs, 6648 complete and 0 interrupted iterations
a1     [  74% ] 001/100 VUs  2m13.0s/3m0s  50.00 iters/s

running (2m14.0s), 001/100 VUs, 6698 complete and 0 interrupted iterations
a1     [  74% ] 001/100 VUs  2m14.0s/3m0s  50.00 iters/s

running (2m15.0s), 001/100 VUs, 6748 complete and 0 interrupted iterations
a1     [  75% ] 001/100 VUs  2m15.0s/3m0s  50.00 iters/s

running (2m16.0s), 001/100 VUs, 6798 complete and 0 interrupted iterations
a1     [  76% ] 001/100 VUs  2m16.0s/3m0s  50.00 iters/s

running (2m17.0s), 001/100 VUs, 6848 complete and 0 interrupted iterations
a1     [  76% ] 001/100 VUs  2m17.0s/3m0s  50.00 iters/s

running (2m18.0s), 001/100 VUs, 6898 complete and 0 interrupted iterations
a1     [  77% ] 001/100 VUs  2m18.0s/3m0s  50.00 iters/s

running (2m19.0s), 001/100 VUs, 6948 complete and 0 interrupted iterations
a1     [  77% ] 001/100 VUs  2m19.0s/3m0s  50.00 iters/s

running (2m20.0s), 001/100 VUs, 6998 complete and 0 interrupted iterations
a1     [  78% ] 001/100 VUs  2m20.0s/3m0s  50.00 iters/s

running (2m21.0s), 001/100 VUs, 7048 complete and 0 interrupted iterations
a1     [  78% ] 001/100 VUs  2m21.0s/3m0s  50.00 iters/s

running (2m22.0s), 002/100 VUs, 7097 complete and 0 interrupted iterations
a1     [  79% ] 002/100 VUs  2m22.0s/3m0s  50.00 iters/s

running (2m23.0s), 001/100 VUs, 7148 complete and 0 interrupted iterations
a1     [  79% ] 001/100 VUs  2m23.0s/3m0s  50.00 iters/s

running (2m24.0s), 001/100 VUs, 7198 complete and 0 interrupted iterations
a1     [  80% ] 001/100 VUs  2m24.0s/3m0s  50.00 iters/s

running (2m25.0s), 001/100 VUs, 7248 complete and 0 interrupted iterations
a1     [  81% ] 001/100 VUs  2m25.0s/3m0s  50.00 iters/s

running (2m26.0s), 002/100 VUs, 7297 complete and 0 interrupted iterations
a1     [  81% ] 002/100 VUs  2m26.0s/3m0s  50.00 iters/s

running (2m27.0s), 001/100 VUs, 7348 complete and 0 interrupted iterations
a1     [  82% ] 001/100 VUs  2m27.0s/3m0s  50.00 iters/s

running (2m28.0s), 001/100 VUs, 7398 complete and 0 interrupted iterations
a1     [  82% ] 001/100 VUs  2m28.0s/3m0s  50.00 iters/s

running (2m29.0s), 001/100 VUs, 7448 complete and 0 interrupted iterations
a1     [  83% ] 001/100 VUs  2m29.0s/3m0s  50.00 iters/s

running (2m30.0s), 001/100 VUs, 7498 complete and 0 interrupted iterations
a1     [  83% ] 001/100 VUs  2m30.0s/3m0s  50.00 iters/s

running (2m31.0s), 001/100 VUs, 7548 complete and 0 interrupted iterations
a1     [  84% ] 001/100 VUs  2m31.0s/3m0s  50.00 iters/s

running (2m32.0s), 001/100 VUs, 7598 complete and 0 interrupted iterations
a1     [  84% ] 001/100 VUs  2m32.0s/3m0s  50.00 iters/s

running (2m33.0s), 001/100 VUs, 7648 complete and 0 interrupted iterations
a1     [  85% ] 001/100 VUs  2m33.0s/3m0s  50.00 iters/s

running (2m34.0s), 001/100 VUs, 7698 complete and 0 interrupted iterations
a1     [  86% ] 001/100 VUs  2m34.0s/3m0s  50.00 iters/s

running (2m35.0s), 001/100 VUs, 7748 complete and 0 interrupted iterations
a1     [  86% ] 001/100 VUs  2m35.0s/3m0s  50.00 iters/s

running (2m36.0s), 001/100 VUs, 7798 complete and 0 interrupted iterations
a1     [  87% ] 001/100 VUs  2m36.0s/3m0s  50.00 iters/s

running (2m37.0s), 001/100 VUs, 7848 complete and 0 interrupted iterations
a1     [  87% ] 001/100 VUs  2m37.0s/3m0s  50.00 iters/s

running (2m38.0s), 001/100 VUs, 7898 complete and 0 interrupted iterations
a1     [  88% ] 001/100 VUs  2m38.0s/3m0s  50.00 iters/s

running (2m39.0s), 001/100 VUs, 7948 complete and 0 interrupted iterations
a1     [  88% ] 001/100 VUs  2m39.0s/3m0s  50.00 iters/s

running (2m40.0s), 001/100 VUs, 7998 complete and 0 interrupted iterations
a1     [  89% ] 001/100 VUs  2m40.0s/3m0s  50.00 iters/s

running (2m41.0s), 001/100 VUs, 8048 complete and 0 interrupted iterations
a1     [  89% ] 001/100 VUs  2m41.0s/3m0s  50.00 iters/s

running (2m42.0s), 001/100 VUs, 8098 complete and 0 interrupted iterations
a1     [  90% ] 001/100 VUs  2m42.0s/3m0s  50.00 iters/s

running (2m43.0s), 001/100 VUs, 8148 complete and 0 interrupted iterations
a1     [  91% ] 001/100 VUs  2m43.0s/3m0s  50.00 iters/s

running (2m44.0s), 001/100 VUs, 8198 complete and 0 interrupted iterations
a1     [  91% ] 001/100 VUs  2m44.0s/3m0s  50.00 iters/s

running (2m45.0s), 001/100 VUs, 8248 complete and 0 interrupted iterations
a1     [  92% ] 001/100 VUs  2m45.0s/3m0s  50.00 iters/s

running (2m46.0s), 001/100 VUs, 8298 complete and 0 interrupted iterations
a1     [  92% ] 001/100 VUs  2m46.0s/3m0s  50.00 iters/s

running (2m47.0s), 001/100 VUs, 8348 complete and 0 interrupted iterations
a1     [  93% ] 001/100 VUs  2m47.0s/3m0s  50.00 iters/s

running (2m48.0s), 001/100 VUs, 8398 complete and 0 interrupted iterations
a1     [  93% ] 001/100 VUs  2m48.0s/3m0s  50.00 iters/s

running (2m49.0s), 001/100 VUs, 8448 complete and 0 interrupted iterations
a1     [  94% ] 001/100 VUs  2m49.0s/3m0s  50.00 iters/s

running (2m50.0s), 001/100 VUs, 8498 complete and 0 interrupted iterations
a1     [  94% ] 001/100 VUs  2m50.0s/3m0s  50.00 iters/s

running (2m51.0s), 001/100 VUs, 8548 complete and 0 interrupted iterations
a1     [  95% ] 001/100 VUs  2m51.0s/3m0s  50.00 iters/s

running (2m52.0s), 001/100 VUs, 8598 complete and 0 interrupted iterations
a1     [  96% ] 001/100 VUs  2m52.0s/3m0s  50.00 iters/s

running (2m53.0s), 001/100 VUs, 8648 complete and 0 interrupted iterations
a1     [  96% ] 001/100 VUs  2m53.0s/3m0s  50.00 iters/s

running (2m54.0s), 001/100 VUs, 8698 complete and 0 interrupted iterations
a1     [  97% ] 001/100 VUs  2m54.0s/3m0s  50.00 iters/s

running (2m55.0s), 001/100 VUs, 8748 complete and 0 interrupted iterations
a1     [  97% ] 001/100 VUs  2m55.0s/3m0s  50.00 iters/s

running (2m56.0s), 001/100 VUs, 8798 complete and 0 interrupted iterations
a1     [  98% ] 001/100 VUs  2m56.0s/3m0s  50.00 iters/s

running (2m57.0s), 002/100 VUs, 8847 complete and 0 interrupted iterations
a1     [  98% ] 002/100 VUs  2m57.0s/3m0s  50.00 iters/s

running (2m58.0s), 001/100 VUs, 8898 complete and 0 interrupted iterations
a1     [  99% ] 001/100 VUs  2m58.0s/3m0s  50.00 iters/s

running (2m59.0s), 001/100 VUs, 8948 complete and 0 interrupted iterations
a1     [  99% ] 001/100 VUs  2m59.0s/3m0s  50.00 iters/s

running (3m00.0s), 001/100 VUs, 8998 complete and 0 interrupted iterations
a1     [ 100% ] 001/100 VUs  3m00.0s/3m0s  50.00 iters/s


  █ THRESHOLDS 

    http_req_failed
    ✓ 'rate<0.05' rate=0.00%


  █ TOTAL RESULTS 

    checks_total.......: 27000   149.999202/s
    checks_succeeded...: 100.00% 27000 out of 27000
    checks_failed......: 0.00%   0 out of 27000

    ✓ initiated
    ✓ validated
    ✓ terminal

    CUSTOM
    a1_lifecycle_duration..........: avg=15.8ms  min=5ms    med=11ms    p(95)=29ms    p(99)=59.01ms max=932ms   
    a1_lifecycles_completed........: 9000   49.999734/s
    a1_transitions_committed.......: 27000  149.999202/s

    HTTP
    http_req_duration..............: avg=5.11ms  min=1.46ms med=3.53ms  p(95)=8.15ms  p(99)=23.33ms max=556.39ms
      { expected_response:true }...: avg=5.11ms  min=1.46ms med=3.53ms  p(95)=8.15ms  p(99)=23.33ms max=556.39ms
    http_req_failed................: 0.00%  0 out of 27000
    http_reqs......................: 27000  149.999202/s

    EXECUTION
    iteration_duration.............: avg=15.84ms min=5.19ms med=11.35ms p(95)=28.72ms p(99)=59.93ms max=931.96ms
    iterations.....................: 9000   49.999734/s
    vus............................: 1      min=1          max=21 
    vus_max........................: 100    min=100        max=100

    NETWORK
    data_received..................: 10 MB  57 kB/s
    data_sent......................: 5.8 MB 32 kB/s




running (3m00.0s), 000/100 VUs, 9000 complete and 0 interrupted iterations
a1   ✓ [ 100% ] 000/100 VUs  3m0s  50.00 iters/s
