[14:37:32] === RUN CDC-C2N0OFF-r3-20260909143732 ===
[14:37:32] mode=CDC profile=C2N0OFF rep=3 tps=50 duration=180s fault=none
[14:37:32] jar: target/master-thesis-observability-0.0.1-SNAPSHOT.jar
[14:37:32] arxiv redo tozalanmoqda
[14:37:33] workload tozalanmoqda (reference saqlanadi)
workload reset; reference data preserved
AQ backlog purged: 0 -> 0
[14:37:34] Kafka topigi qayta yaratilmoqda
[14:37:44] ilova ishga tushirilmoqda (mode=CDC)
[14:37:59] ilova tayyor (pid 2038167)
[14:37:59] --no-connector: konnektorsiz ishlatilmoqda (C2 bazaviy sharti)
[14:38:02] k6 yuklamasi boshlandi
[14:41:03] k6 iteratsiyalari: 9000
[14:41:03] pipeline bo'shashi kutilmoqda (maks 120s)
[14:47:39] OGOHLANTIRISH: pipeline 120s ichida bo'shamadi (db_pending=0 sink=0) - LOSS raqamlari ishonchsiz
[14:47:50] ground truth eksport qilinmoqda
[14:47:50] Kafka topigi eksport qilinmoqda
[14:48:17] tahlil
{
  "mode": "CDC",
  "profile": "C2N0OFF",
  "rep": "3",
  "fault": "none",
  "ground_truth_transitions": 27000,
  "delivered_distinct": 0,
  "delivered_total": 0,
  "matched": 0,
  "missing": 27000,
  "phantom": 0,
  "malformed": 0,
  "loss_rate": 1.0,
  "loss_rate_ppm": 1000000.0,
  "duplicate_rate": 0.0,
  "ordering_violation_rate": 0.0,
  "txns_split_across_partitions": 0,
  "latency_ms_p50": null,
  "latency_ms_p95": null,
  "latency_ms_p99": null,
  "latency_ms_max": null,
  "latency_ms_mean": null,
  "latency_samples": 0,
  "latency_negative_samples": 0
}
[14:48:18] ilova va konnektor to'xtatilmoqda
[14:48:23] === TUGADI: results/CDC-C2N0OFF-r3-20260909143732 ===
