[10:39:15] === RUN WRAPPER_B1-P1-r1-20260904103915 ===
[10:39:15] mode=WRAPPER_B1 profile=P1 rep=1 tps=50 duration=120s fault=none
[10:39:15] jar: target/master-thesis-observability-0.0.1-SNAPSHOT.jar
[10:39:15] workload tozalanmoqda (reference saqlanadi)
workload reset; reference data preserved
AQ backlog purged: 0 -> 0
[10:39:16] Kafka topigi qayta yaratilmoqda
[10:39:25] ilova ishga tushirilmoqda (mode=WRAPPER_B1)
[10:39:37] ilova tayyor (pid 3435376)
[10:39:43] k6 yuklamasi boshlandi
[10:41:53] pipeline bo'shashi kutilmoqda (maks 120s)
[10:42:07] pipeline bo'sh (4s, sink=17514 xabar)
[10:42:18] ground truth eksport qilinmoqda
[10:42:18] Kafka topigi eksport qilinmoqda
[10:42:49] tahlil
{
  "mode": "WRAPPER_B1",
  "profile": "P1",
  "rep": "1",
  "fault": "none",
  "ground_truth_transitions": 17514,
  "delivered_distinct": 17514,
  "delivered_total": 17514,
  "matched": 17514,
  "missing": 0,
  "phantom": 0,
  "malformed": 0,
  "loss_rate": 0.0,
  "loss_rate_ppm": 0.0,
  "duplicate_rate": 0.0,
  "ordering_violation_rate": 0.0,
  "txns_split_across_partitions": 0,
  "latency_ms_p50": 0,
  "latency_ms_p95": 1,
  "latency_ms_p99": 1,
  "latency_ms_max": 4396,
  "latency_ms_mean": 0.7,
  "latency_samples": 17514,
  "latency_negative_samples": 7361,
  "loss_rate_upper_bound_95_ppm": 171.29
}
[10:42:50] ilova va konnektor to'xtatilmoqda
[10:42:54] === TUGADI: results/WRAPPER_B1-P1-r1-20260904103915 ===
