[11:13:17] === RUN CDC-C2N0OFF-r1-20260909111317 ===
[11:13:17] mode=CDC profile=C2N0OFF rep=1 tps=50 duration=180s fault=none
[11:13:17] jar: target/master-thesis-observability-0.0.1-SNAPSHOT.jar
[11:13:17] workload tozalanmoqda (reference saqlanadi)
workload reset; reference data preserved
AQ backlog purged: 0 -> 0
[11:13:19] Kafka topigi qayta yaratilmoqda
[11:13:28] ilova ishga tushirilmoqda (mode=CDC)
[11:13:43] ilova tayyor (pid 185217)
[11:13:43] --no-connector: konnektorsiz ishlatilmoqda (C2 bazaviy sharti)
[11:13:46] k6 yuklamasi boshlandi
[11:16:47] k6 iteratsiyalari: 8287
[11:16:47] pipeline bo'shashi kutilmoqda (maks 120s)
[11:23:01] OGOHLANTIRISH: pipeline 120s ichida bo'shamadi (db_pending=0 sink=0) - LOSS raqamlari ishonchsiz
[11:23:12] ground truth eksport qilinmoqda
[11:23:12] Kafka topigi eksport qilinmoqda
[11:23:39] tahlil
{
  "mode": "CDC",
  "profile": "C2N0OFF",
  "rep": "1",
  "fault": "none",
  "ground_truth_transitions": 24861,
  "delivered_distinct": 0,
  "delivered_total": 0,
  "matched": 0,
  "missing": 24861,
  "phantom": 0,
  "malformed": 0,
  "loss_rate": 1.0,
  "loss_rate_ppm": 1000000.0,
  "duplicate_rate": 0.0,
  "ordering_violation_rate": 0.0,
  "txns_split_across_partitions": 0,
  "latency_ms_p50": null,
  "latency_ms_p95": null,
  "latency_ms_p99": null,
  "latency_ms_max": null,
  "latency_ms_mean": null,
  "latency_samples": 0,
  "latency_negative_samples": 0
}
[11:23:39] ilova va konnektor to'xtatilmoqda
[11:23:43] === TUGADI: results/CDC-C2N0OFF-r1-20260909111317 ===
