
         /\      Grafana   /‾‾/  
    /\  /  \     |\  __   /  /   
   /  \/    \    | |/ /  /   ‾‾\ 
  /          \   |   (  |  (‾)  |
 / __________ \  |_|\_\  \_____/ 


     execution: local
        script: harness/k6/a1-workload.js
        output: -

     scenarios: (100.00%) 1 scenario, 600 max VUs, 1m30s max duration (incl. graceful stop):
              * a1: 100.00 iterations/s for 1m0s (maxVUs: 100-600, gracefulStop: 30s)


running (0m01.0s), 002/100 VUs, 97 complete and 0 interrupted iterations
a1     [   2% ] 002/100 VUs  0m01.0s/1m0s  100.00 iters/s

running (0m02.0s), 001/100 VUs, 198 complete and 0 interrupted iterations
a1     [   3% ] 001/100 VUs  0m02.0s/1m0s  100.00 iters/s

running (0m03.0s), 001/100 VUs, 298 complete and 0 interrupted iterations
a1     [   5% ] 001/100 VUs  0m03.0s/1m0s  100.00 iters/s

running (0m04.0s), 001/100 VUs, 398 complete and 0 interrupted iterations
a1     [   7% ] 001/100 VUs  0m04.0s/1m0s  100.00 iters/s

running (0m05.0s), 001/100 VUs, 498 complete and 0 interrupted iterations
a1     [   8% ] 001/100 VUs  0m05.0s/1m0s  100.00 iters/s

running (0m06.0s), 001/100 VUs, 598 complete and 0 interrupted iterations
a1     [  10% ] 001/100 VUs  0m06.0s/1m0s  100.00 iters/s

running (0m07.0s), 001/100 VUs, 698 complete and 0 interrupted iterations
a1     [  12% ] 001/100 VUs  0m07.0s/1m0s  100.00 iters/s

running (0m08.0s), 001/100 VUs, 798 complete and 0 interrupted iterations
a1     [  13% ] 001/100 VUs  0m08.0s/1m0s  100.00 iters/s

running (0m09.0s), 001/100 VUs, 898 complete and 0 interrupted iterations
a1     [  15% ] 001/100 VUs  0m09.0s/1m0s  100.00 iters/s

running (0m10.0s), 001/100 VUs, 998 complete and 0 interrupted iterations
a1     [  17% ] 001/100 VUs  0m10.0s/1m0s  100.00 iters/s

running (0m11.0s), 001/100 VUs, 1098 complete and 0 interrupted iterations
a1     [  18% ] 001/100 VUs  0m11.0s/1m0s  100.00 iters/s

running (0m12.0s), 001/100 VUs, 1198 complete and 0 interrupted iterations
a1     [  20% ] 001/100 VUs  0m12.0s/1m0s  100.00 iters/s

running (0m13.0s), 001/100 VUs, 1298 complete and 0 interrupted iterations
a1     [  22% ] 001/100 VUs  0m13.0s/1m0s  100.00 iters/s

running (0m14.0s), 001/100 VUs, 1398 complete and 0 interrupted iterations
a1     [  23% ] 001/100 VUs  0m14.0s/1m0s  100.00 iters/s

running (0m15.0s), 001/100 VUs, 1498 complete and 0 interrupted iterations
a1     [  25% ] 001/100 VUs  0m15.0s/1m0s  100.00 iters/s

running (0m18.9s), 001/100 VUs, 1598 complete and 0 interrupted iterations
a1     [  27% ] 001/100 VUs  0m16.0s/1m0s  100.00 iters/s

running (0m19.9s), 001/100 VUs, 1698 complete and 0 interrupted iterations
a1     [  28% ] 001/100 VUs  0m17.0s/1m0s  100.00 iters/s

running (0m20.9s), 001/100 VUs, 1798 complete and 0 interrupted iterations
a1     [  30% ] 001/100 VUs  0m18.0s/1m0s  100.00 iters/s

running (0m21.9s), 001/100 VUs, 1898 complete and 0 interrupted iterations
a1     [  32% ] 001/100 VUs  0m19.0s/1m0s  100.00 iters/s

running (0m22.9s), 000/100 VUs, 1999 complete and 0 interrupted iterations
a1     [  33% ] 000/100 VUs  0m20.0s/1m0s  100.00 iters/s

running (0m23.9s), 001/100 VUs, 2098 complete and 0 interrupted iterations
a1     [  35% ] 001/100 VUs  0m21.0s/1m0s  100.00 iters/s

running (0m24.9s), 001/100 VUs, 2198 complete and 0 interrupted iterations
a1     [  37% ] 001/100 VUs  0m22.0s/1m0s  100.00 iters/s

running (0m25.9s), 001/100 VUs, 2298 complete and 0 interrupted iterations
a1     [  38% ] 001/100 VUs  0m23.0s/1m0s  100.00 iters/s

running (0m26.9s), 001/100 VUs, 2398 complete and 0 interrupted iterations
a1     [  40% ] 001/100 VUs  0m24.0s/1m0s  100.00 iters/s

running (0m27.9s), 001/100 VUs, 2498 complete and 0 interrupted iterations
a1     [  42% ] 001/100 VUs  0m25.0s/1m0s  100.00 iters/s

running (0m28.9s), 001/100 VUs, 2598 complete and 0 interrupted iterations
a1     [  43% ] 001/100 VUs  0m26.0s/1m0s  100.00 iters/s

running (0m29.9s), 001/100 VUs, 2698 complete and 0 interrupted iterations
a1     [  45% ] 001/100 VUs  0m27.0s/1m0s  100.00 iters/s

running (0m30.9s), 001/100 VUs, 2798 complete and 0 interrupted iterations
a1     [  47% ] 001/100 VUs  0m28.0s/1m0s  100.00 iters/s

running (0m31.9s), 001/100 VUs, 2898 complete and 0 interrupted iterations
a1     [  48% ] 001/100 VUs  0m29.0s/1m0s  100.00 iters/s

running (0m32.9s), 001/100 VUs, 2998 complete and 0 interrupted iterations
a1     [  50% ] 001/100 VUs  0m30.0s/1m0s  100.00 iters/s

running (0m33.9s), 001/100 VUs, 3098 complete and 0 interrupted iterations
a1     [  52% ] 001/100 VUs  0m31.0s/1m0s  100.00 iters/s

running (0m34.9s), 001/100 VUs, 3198 complete and 0 interrupted iterations
a1     [  53% ] 001/100 VUs  0m32.0s/1m0s  100.00 iters/s

running (0m35.9s), 001/100 VUs, 3298 complete and 0 interrupted iterations
a1     [  55% ] 001/100 VUs  0m33.0s/1m0s  100.00 iters/s

running (0m36.9s), 001/100 VUs, 3398 complete and 0 interrupted iterations
a1     [  57% ] 001/100 VUs  0m34.0s/1m0s  100.00 iters/s

running (0m37.9s), 001/100 VUs, 3498 complete and 0 interrupted iterations
a1     [  58% ] 001/100 VUs  0m35.0s/1m0s  100.00 iters/s

running (0m38.9s), 001/100 VUs, 3598 complete and 0 interrupted iterations
a1     [  60% ] 001/100 VUs  0m36.0s/1m0s  100.00 iters/s

running (0m39.9s), 001/100 VUs, 3698 complete and 0 interrupted iterations
a1     [  62% ] 001/100 VUs  0m37.0s/1m0s  100.00 iters/s

running (0m40.9s), 001/100 VUs, 3798 complete and 0 interrupted iterations
a1     [  63% ] 001/100 VUs  0m38.0s/1m0s  100.00 iters/s

running (0m41.9s), 000/100 VUs, 3899 complete and 0 interrupted iterations
a1     [  65% ] 000/100 VUs  0m39.0s/1m0s  100.00 iters/s

running (0m42.9s), 000/100 VUs, 3999 complete and 0 interrupted iterations
a1     [  67% ] 000/100 VUs  0m40.0s/1m0s  100.00 iters/s

running (0m43.9s), 001/100 VUs, 4098 complete and 0 interrupted iterations
a1     [  68% ] 001/100 VUs  0m41.0s/1m0s  100.00 iters/s

running (0m44.9s), 000/100 VUs, 4199 complete and 0 interrupted iterations
a1     [  70% ] 000/100 VUs  0m42.0s/1m0s  100.00 iters/s

running (0m45.9s), 001/100 VUs, 4298 complete and 0 interrupted iterations
a1     [  72% ] 001/100 VUs  0m43.0s/1m0s  100.00 iters/s

running (0m46.9s), 000/100 VUs, 4399 complete and 0 interrupted iterations
a1     [  73% ] 000/100 VUs  0m44.0s/1m0s  100.00 iters/s

running (0m47.9s), 001/100 VUs, 4498 complete and 0 interrupted iterations
a1     [  75% ] 001/100 VUs  0m45.0s/1m0s  100.00 iters/s

running (0m48.9s), 000/100 VUs, 4599 complete and 0 interrupted iterations
a1     [  77% ] 000/100 VUs  0m46.0s/1m0s  100.00 iters/s

running (0m49.9s), 000/100 VUs, 4699 complete and 0 interrupted iterations
a1     [  78% ] 000/100 VUs  0m47.0s/1m0s  100.00 iters/s

running (0m53.8s), 001/100 VUs, 4798 complete and 0 interrupted iterations
a1     [  80% ] 001/100 VUs  0m48.0s/1m0s  100.00 iters/s

running (0m54.8s), 001/100 VUs, 4898 complete and 0 interrupted iterations
a1     [  82% ] 001/100 VUs  0m49.0s/1m0s  100.00 iters/s

running (0m55.8s), 001/100 VUs, 4998 complete and 0 interrupted iterations
a1     [  83% ] 001/100 VUs  0m50.0s/1m0s  100.00 iters/s

running (0m56.8s), 000/100 VUs, 5099 complete and 0 interrupted iterations
a1     [  85% ] 000/100 VUs  0m51.0s/1m0s  100.00 iters/s

running (0m57.8s), 001/100 VUs, 5198 complete and 0 interrupted iterations
a1     [  87% ] 001/100 VUs  0m52.0s/1m0s  100.00 iters/s

running (0m58.8s), 001/100 VUs, 5298 complete and 0 interrupted iterations
a1     [  88% ] 001/100 VUs  0m53.0s/1m0s  100.00 iters/s

running (0m59.8s), 000/100 VUs, 5399 complete and 0 interrupted iterations
a1     [  90% ] 000/100 VUs  0m54.0s/1m0s  100.00 iters/s

running (1m00.8s), 001/100 VUs, 5498 complete and 0 interrupted iterations
a1     [  92% ] 001/100 VUs  0m55.0s/1m0s  100.00 iters/s
time="2026-09-02T18:58:46+05:00" level=warning msg="The test has generated metrics with 100074 unique time series, which is higher than the suggested limit of 100000 and could cause high memory usage. Consider not using high-cardinality values like unique IDs as metric tags or, if you need them in the URL, use the name metric tag or URL grouping. See https://grafana.com/docs/k6/latest/using-k6/tags-and-groups/ for details." component=metrics-engine-ingester

running (1m01.8s), 000/100 VUs, 5599 complete and 0 interrupted iterations
a1     [  93% ] 000/100 VUs  0m56.0s/1m0s  100.00 iters/s

running (1m02.8s), 000/100 VUs, 5699 complete and 0 interrupted iterations
a1     [  95% ] 000/100 VUs  0m57.0s/1m0s  100.00 iters/s

running (1m03.8s), 000/100 VUs, 5799 complete and 0 interrupted iterations
a1     [  97% ] 000/100 VUs  0m58.0s/1m0s  100.00 iters/s

running (1m04.8s), 001/100 VUs, 5898 complete and 0 interrupted iterations
a1     [  98% ] 001/100 VUs  0m59.0s/1m0s  100.00 iters/s

running (1m05.8s), 001/100 VUs, 5998 complete and 0 interrupted iterations
a1     [ 100% ] 001/100 VUs  1m00.0s/1m0s  100.00 iters/s


  █ THRESHOLDS 

    http_req_failed
    ✓ 'rate<0.05' rate=0.00%


  █ TOTAL RESULTS 

    checks_total.......: 18003   273.420008/s
    checks_succeeded...: 100.00% 18003 out of 18003
    checks_failed......: 0.00%   0 out of 18003

    ✓ initiated
    ✓ validated
    ✓ terminal

    CUSTOM
    a1_lifecycle_duration..........: avg=13.45ms min=4ms    med=8ms    p(95)=14ms    p(99)=129ms    max=2.93s   
    a1_lifecycles_completed........: 6001   91.140003/s
    a1_transitions_committed.......: 18003  273.420008/s

    HTTP
    http_req_duration..............: avg=4.38ms  min=1.23ms med=2.44ms p(95)=5.04ms  p(99)=23.66ms  max=2.92s   
      { expected_response:true }...: avg=4.38ms  min=1.23ms med=2.44ms p(95)=5.04ms  p(99)=23.66ms  max=2.92s   
    http_req_failed................: 0.00%  0 out of 18003
    http_reqs......................: 18003  273.420008/s

    EXECUTION
    iteration_duration.............: avg=12.53ms min=4.71ms med=7.84ms p(95)=14.24ms p(99)=105.74ms max=675.97ms
    iterations.....................: 6001   91.140003/s
    vus............................: 1      min=0          max=2  
    vus_max........................: 100    min=100        max=100

    NETWORK
    data_received..................: 6.9 MB 105 kB/s
    data_sent......................: 3.9 MB 60 kB/s




running (1m05.8s), 000/100 VUs, 6001 complete and 0 interrupted iterations
a1   ✓ [ 100% ] 000/100 VUs  1m0s  100.00 iters/s
