[18:57:15] === RUN BASELINE_GT-P1-r1-20260902185715 ===
[18:57:15] mode=BASELINE_GT profile=P1 rep=1 tps=100 duration=60s fault=none
[18:57:15] jar: target/master-thesis-observability-0.0.1-SNAPSHOT.jar
[18:57:15] oldingi ilova to'xtatilmoqda: 1951717
[18:57:20] workload tozalanmoqda (reference saqlanadi)
workload reset; reference data preserved
[18:57:22] Kafka topigi qayta yaratilmoqda
[18:57:34] ilova ishga tushirilmoqda (mode=BASELINE_GT)
[18:57:44] ilova tayyor (pid 1979396)
[18:57:44] k6 yuklamasi boshlandi
[18:58:51] pipeline bo'shashi kutilmoqda (maks 120s)
[18:58:51] pipeline bo'sh (1s)
[18:59:01] ground truth eksport qilinmoqda
[18:59:02] Kafka topigi eksport qilinmoqda
[18:59:28] tahlil
{
  "mode": "BASELINE_GT",
  "profile": "P1",
  "rep": "1",
  "fault": "none",
  "ground_truth_transitions": 18003,
  "delivered_distinct": 0,
  "delivered_total": 0,
  "matched": 0,
  "missing": 18003,
  "phantom": null,
  "malformed": 0,
  "loss_rate": null,
  "loss_rate_ppm": null,
  "duplicate_rate": null,
  "ordering_violation_rate": null,
  "txns_split_across_partitions": 0,
  "latency_ms_p50": null,
  "latency_ms_p95": null,
  "latency_ms_p99": null,
  "latency_ms_max": null,
  "latency_ms_mean": null,
  "latency_samples": 0,
  "pipeline": "none (baseline mode)"
}
[18:59:28] === TUGADI: results/BASELINE_GT-P1-r1-20260902185715 ===
