[16:23:29] === RUN CDC-C2NARROW-r3-20260909162329 ===
[16:23:29] mode=CDC profile=C2NARROW rep=3 tps=50 duration=180s fault=none
[16:23:29] jar: target/master-thesis-observability-0.0.1-SNAPSHOT.jar
[16:23:29] arxiv redo tozalanmoqda
[16:23:30] workload tozalanmoqda (reference saqlanadi)
workload reset; reference data preserved
AQ backlog purged: 0 -> 0
[16:23:31] Kafka topigi qayta yaratilmoqda
[16:23:41] ilova ishga tushirilmoqda (mode=CDC)
[16:23:55] ilova tayyor (pid 3598461)
[16:23:55] Debezium konnektori ro'yxatdan o'tkazilmoqda (CDC, prefix=obsv_cdc_c2narrow_r3_20260909162329)
C2 shabloni ishlatilmoqda: docker/connect/connectors/cdc.json.tmpl
konnektor ro'yxatdan o'tkazilmoqda: a1-cdc-obsv_cdc_c2narrow_r3_20260909162329 (prefix=obsv_cdc_c2narrow_r3_20260909162329)
konnektor RUNNING (2s)
streaming tasdiqlanmoqda (heartbeat topigi: __debezium-heartbeat.obsv_cdc_c2narrow_r3_20260909162329)
streaming tasdiqlandi (1 urinish)
[16:24:03] k6 yuklamasi boshlandi
[16:27:05] k6 iteratsiyalari: 8836
[16:27:05] pipeline bo'shashi kutilmoqda (maks 120s)
[16:32:57] OGOHLANTIRISH: pipeline 120s ichida bo'shamadi (db_pending=0 sink=0) - LOSS raqamlari ishonchsiz
[16:33:08] ground truth eksport qilinmoqda
[16:33:09] Kafka topigi eksport qilinmoqda
[16:33:36] tahlil
{
  "mode": "CDC",
  "profile": "C2NARROW",
  "rep": "3",
  "fault": "none",
  "ground_truth_transitions": 26508,
  "delivered_distinct": 0,
  "delivered_total": 0,
  "matched": 0,
  "missing": 26508,
  "phantom": 0,
  "malformed": 0,
  "loss_rate": 1.0,
  "loss_rate_ppm": 1000000.0,
  "duplicate_rate": 0.0,
  "ordering_violation_rate": 0.0,
  "txns_split_across_partitions": 0,
  "latency_ms_p50": null,
  "latency_ms_p95": null,
  "latency_ms_p99": null,
  "latency_ms_max": null,
  "latency_ms_mean": null,
  "latency_samples": 0,
  "latency_negative_samples": 0
}
[16:33:36] ilova va konnektor to'xtatilmoqda
connector o'chirilmoqda: a1-cdc-obsv_cdc_c2narrow_r3_20260909162329
[16:33:49] === TUGADI: results/CDC-C2NARROW-r3-20260909162329 ===
