[11:22:21] === RUN HYBRID-P1-r2-20260904112221 ===
[11:22:21] mode=HYBRID profile=P1 rep=2 tps=50 duration=120s fault=none
[11:22:21] jar: target/master-thesis-observability-0.0.1-SNAPSHOT.jar
[11:22:21] workload tozalanmoqda (reference saqlanadi)
workload reset; reference data preserved
AQ backlog purged: 0 -> 0
[11:22:22] Kafka topigi qayta yaratilmoqda
[11:22:35] ilova ishga tushirilmoqda (mode=HYBRID)
[11:22:49] ilova tayyor (pid 3903385)
[11:22:49] Debezium konnektori ro'yxatdan o'tkazilmoqda (HYBRID, prefix=obsv_hybrid_p1_r2_20260904112221)
konnektor ro'yxatdan o'tkazilmoqda: a1-hybrid-obsv_hybrid_p1_r2_20260904112221 (prefix=obsv_hybrid_p1_r2_20260904112221)
konnektor RUNNING (2s)
streaming tasdiqlanmoqda (heartbeat topigi: __debezium-heartbeat.obsv_hybrid_p1_r2_20260904112221)
streaming tasdiqlandi (2 urinish)
[11:23:00] k6 yuklamasi boshlandi
[11:25:12] pipeline bo'shashi kutilmoqda (maks 120s)
[11:25:22] pipeline bo'sh (4s, sink=18000 xabar)
[11:25:35] ground truth eksport qilinmoqda
[11:25:36] Kafka topigi eksport qilinmoqda
[11:26:28] tahlil
{
  "mode": "HYBRID",
  "profile": "P1",
  "rep": "2",
  "fault": "none",
  "ground_truth_transitions": 18000,
  "delivered_distinct": 18000,
  "delivered_total": 18000,
  "matched": 18000,
  "missing": 0,
  "phantom": 0,
  "malformed": 0,
  "loss_rate": 0.0,
  "loss_rate_ppm": 0.0,
  "duplicate_rate": 0.0,
  "ordering_violation_rate": 0.0,
  "txns_split_across_partitions": 0,
  "latency_ms_p50": 3028,
  "latency_ms_p95": 6558,
  "latency_ms_p99": 8256,
  "latency_ms_max": 8900,
  "latency_ms_mean": 3247.7,
  "latency_samples": 18000,
  "latency_negative_samples": 0,
  "loss_rate_upper_bound_95_ppm": 166.67
}
[11:26:29] ilova va konnektor to'xtatilmoqda
connector o'chirilmoqda: a1-hybrid-obsv_hybrid_p1_r2_20260904112221
[11:26:36] === TUGADI: results/HYBRID-P1-r2-20260904112221 ===
