[10:34:22] === RUN CDC-C2N2OFF-r3-20260909103422 ===
[10:34:22] mode=CDC profile=C2N2OFF rep=3 tps=50 duration=180s fault=none
[10:34:22] jar: target/master-thesis-observability-0.0.1-SNAPSHOT.jar
[10:34:22] workload tozalanmoqda (reference saqlanadi)
workload reset; reference data preserved
AQ backlog purged: 0 -> 0
[10:34:23] Kafka topigi qayta yaratilmoqda
[10:34:32] ilova ishga tushirilmoqda (mode=CDC)
[10:34:46] ilova tayyor (pid 2153520)
[10:34:46] --no-connector: konnektorsiz ishlatilmoqda (C2 bazaviy sharti)
[10:34:50] k6 yuklamasi boshlandi
[10:34:50] k6 nolga teng bo'lmagan kod bilan tugadi (natija baribir tahlil qilinadi)
[10:34:50] pipeline bo'shashi kutilmoqda (maks 120s)
[10:35:01] pipeline bo'sh (4s, sink=0 xabar)
[10:35:11] ground truth eksport qilinmoqda
[10:35:11] Kafka topigi eksport qilinmoqda
[10:35:38] tahlil
{
  "mode": "CDC",
  "profile": "C2N2OFF",
  "rep": "3",
  "fault": "none",
  "ground_truth_transitions": 0,
  "delivered_distinct": 0,
  "delivered_total": 0,
  "matched": 0,
  "missing": 0,
  "phantom": 0,
  "malformed": 0,
  "loss_rate": 0.0,
  "loss_rate_ppm": 0.0,
  "duplicate_rate": 0.0,
  "ordering_violation_rate": 0.0,
  "txns_split_across_partitions": 0,
  "latency_ms_p50": null,
  "latency_ms_p95": null,
  "latency_ms_p99": null,
  "latency_ms_max": null,
  "latency_ms_mean": null,
  "latency_samples": 0,
  "latency_negative_samples": 0
}
[10:35:38] ilova va konnektor to'xtatilmoqda
[10:35:42] === TUGADI: results/CDC-C2N2OFF-r3-20260909103422 ===
