[19:39:28] === RUN WRAPPER_B3-P1-r3-F11B-20260909193928 ===
[19:39:28] mode=WRAPPER_B3 profile=P1 rep=3 tps=50 duration=180s fault=F11B
[19:39:28] jar: target/master-thesis-observability-0.0.1-SNAPSHOT.jar
[19:39:28] arxiv redo tozalanmoqda
[19:39:28] workload tozalanmoqda (reference saqlanadi)
workload reset; reference data preserved
AQ backlog purged: 0 -> 0
[19:39:30] Kafka topigi qayta yaratilmoqda
[19:39:40] ilova ishga tushirilmoqda (mode=WRAPPER_B3)
[19:39:56] ilova tayyor (pid 1780568)
[19:40:00] fault F11B 60s dan keyin yuboriladi
[19:40:00] k6 yuklamasi boshlandi
[fault 19:41:00] 20000 tranzaksiya batch orqali, LEKIN outbox shartnomasi bilan
PL/SQL procedure successfully completed.

[fault 19:42:01] F11B tugadi
[19:43:01] k6 iteratsiyalari: 9001
[19:43:01] pipeline bo'shashi kutilmoqda (maks 120s)
[19:43:33] pipeline bo'sh (15s, sink=86991 xabar)
[19:43:44] ground truth eksport qilinmoqda
[19:43:46] Kafka topigi eksport qilinmoqda
[19:44:06] tahlil
{
  "mode": "WRAPPER_B3",
  "profile": "P1",
  "rep": "3",
  "fault": "F11B",
  "ground_truth_transitions": 86991,
  "delivered_distinct": 86991,
  "delivered_total": 86991,
  "matched": 86991,
  "missing": 0,
  "phantom": 0,
  "malformed": 0,
  "loss_rate": 0.0,
  "loss_rate_ppm": 0.0,
  "duplicate_rate": 0.0,
  "ordering_violation_rate": 0.0,
  "txns_split_across_partitions": 0,
  "latency_ms_p50": 19270,
  "latency_ms_p95": 23594,
  "latency_ms_p99": 24405,
  "latency_ms_max": 24775,
  "latency_ms_mean": 16095.7,
  "latency_samples": 86991,
  "latency_negative_samples": 0,
  "loss_rate_upper_bound_95_ppm": 34.49
}
[19:44:10] ilova va konnektor to'xtatilmoqda
[19:44:14] === TUGADI: results/WRAPPER_B3-P1-r3-F11B-20260909193928 ===
