
         /\      Grafana   /‾‾/  
    /\  /  \     |\  __   /  /   
   /  \/    \    | |/ /  /   ‾‾\ 
  /          \   |   (  |  (‾)  |
 / __________ \  |_|\_\  \_____/ 


     execution: local
        script: harness/k6/a1-workload.js
        output: -

     scenarios: (100.00%) 1 scenario, 600 max VUs, 3m30s max duration (incl. graceful stop):
              * a1: 50.00 iterations/s for 3m0s (maxVUs: 100-600, gracefulStop: 30s)


running (0m01.0s), 050/100 VUs, 0 complete and 0 interrupted iterations
a1     [   1% ] 050/100 VUs  0m01.0s/3m0s  50.00 iters/s

running (0m02.0s), 029/100 VUs, 71 complete and 0 interrupted iterations
a1     [   1% ] 029/100 VUs  0m02.0s/3m0s  50.00 iters/s

running (0m03.0s), 020/100 VUs, 130 complete and 0 interrupted iterations
a1     [   2% ] 020/100 VUs  0m03.0s/3m0s  50.00 iters/s

running (0m04.0s), 029/100 VUs, 171 complete and 0 interrupted iterations
a1     [   2% ] 029/100 VUs  0m04.0s/3m0s  50.00 iters/s

running (0m05.0s), 054/100 VUs, 196 complete and 0 interrupted iterations
a1     [   3% ] 054/100 VUs  0m05.0s/3m0s  50.00 iters/s

running (0m06.0s), 005/100 VUs, 295 complete and 0 interrupted iterations
a1     [   3% ] 005/100 VUs  0m06.0s/3m0s  50.00 iters/s

running (0m07.0s), 053/100 VUs, 297 complete and 0 interrupted iterations
a1     [   4% ] 053/100 VUs  0m07.0s/3m0s  50.00 iters/s

running (0m08.0s), 086/100 VUs, 314 complete and 0 interrupted iterations
a1     [   4% ] 086/100 VUs  0m08.0s/3m0s  50.00 iters/s

running (0m09.0s), 118/118 VUs, 314 complete and 0 interrupted iterations
a1     [   5% ] 118/118 VUs  0m09.0s/3m0s  50.00 iters/s

running (0m10.0s), 139/139 VUs, 322 complete and 0 interrupted iterations
a1     [   6% ] 139/139 VUs  0m10.0s/3m0s  50.00 iters/s

running (0m11.0s), 163/164 VUs, 323 complete and 0 interrupted iterations
a1     [   6% ] 163/164 VUs  0m11.0s/3m0s  50.00 iters/s

running (0m12.0s), 184/184 VUs, 332 complete and 0 interrupted iterations
a1     [   7% ] 184/184 VUs  0m12.0s/3m0s  50.00 iters/s

running (0m13.0s), 200/202 VUs, 348 complete and 0 interrupted iterations
a1     [   7% ] 200/202 VUs  0m13.0s/3m0s  50.00 iters/s

running (0m14.0s), 220/221 VUs, 359 complete and 0 interrupted iterations
a1     [   8% ] 220/221 VUs  0m14.0s/3m0s  50.00 iters/s

running (0m15.0s), 245/246 VUs, 359 complete and 0 interrupted iterations
a1     [   8% ] 245/246 VUs  0m15.0s/3m0s  50.00 iters/s

running (0m16.0s), 258/259 VUs, 383 complete and 0 interrupted iterations
a1     [   9% ] 258/259 VUs  0m16.0s/3m0s  50.00 iters/s

running (0m17.0s), 264/276 VUs, 410 complete and 0 interrupted iterations
a1     [   9% ] 263/276 VUs  0m17.0s/3m0s  50.00 iters/s

running (0m18.0s), 107/276 VUs, 617 complete and 0 interrupted iterations
a1     [  10% ] 107/276 VUs  0m18.0s/3m0s  50.00 iters/s

running (0m19.0s), 108/276 VUs, 666 complete and 0 interrupted iterations
a1     [  11% ] 108/276 VUs  0m19.0s/3m0s  50.00 iters/s

running (0m20.0s), 139/276 VUs, 685 complete and 0 interrupted iterations
a1     [  11% ] 139/276 VUs  0m20.0s/3m0s  50.00 iters/s

running (0m21.0s), 008/276 VUs, 866 complete and 0 interrupted iterations
a1     [  12% ] 008/276 VUs  0m21.0s/3m0s  50.00 iters/s

running (0m22.0s), 008/276 VUs, 916 complete and 0 interrupted iterations
a1     [  12% ] 008/276 VUs  0m22.0s/3m0s  50.00 iters/s

running (0m23.0s), 058/276 VUs, 916 complete and 0 interrupted iterations
a1     [  13% ] 058/276 VUs  0m23.0s/3m0s  50.00 iters/s

running (0m24.0s), 108/276 VUs, 916 complete and 0 interrupted iterations
a1     [  13% ] 108/276 VUs  0m24.0s/3m0s  50.00 iters/s

running (0m25.0s), 141/276 VUs, 933 complete and 0 interrupted iterations
a1     [  14% ] 141/276 VUs  0m25.0s/3m0s  50.00 iters/s

running (0m26.0s), 191/276 VUs, 933 complete and 0 interrupted iterations
a1     [  14% ] 191/276 VUs  0m26.0s/3m0s  50.00 iters/s

running (0m27.0s), 237/276 VUs, 937 complete and 0 interrupted iterations
a1     [  15% ] 237/276 VUs  0m27.0s/3m0s  50.00 iters/s

running (0m28.0s), 262/276 VUs, 962 complete and 0 interrupted iterations
a1     [  16% ] 262/276 VUs  0m28.0s/3m0s  50.00 iters/s

running (0m29.0s), 291/294 VUs, 965 complete and 0 interrupted iterations
a1     [  16% ] 291/294 VUs  0m29.0s/3m0s  50.00 iters/s

running (0m30.0s), 171/298 VUs, 1131 complete and 0 interrupted iterations
a1     [  17% ] 171/298 VUs  0m30.0s/3m0s  50.00 iters/s

running (0m31.0s), 012/298 VUs, 1340 complete and 0 interrupted iterations
a1     [  17% ] 012/298 VUs  0m31.0s/3m0s  50.00 iters/s

running (0m32.0s), 002/298 VUs, 1400 complete and 0 interrupted iterations
a1     [  18% ] 002/298 VUs  0m32.0s/3m0s  50.00 iters/s

running (0m33.0s), 035/298 VUs, 1417 complete and 0 interrupted iterations
a1     [  18% ] 035/298 VUs  0m33.0s/3m0s  50.00 iters/s

running (0m34.0s), 001/298 VUs, 1501 complete and 0 interrupted iterations
a1     [  19% ] 001/298 VUs  0m34.0s/3m0s  50.00 iters/s

running (0m35.0s), 028/298 VUs, 1524 complete and 0 interrupted iterations
a1     [  19% ] 028/298 VUs  0m35.0s/3m0s  50.00 iters/s

running (0m36.0s), 020/298 VUs, 1582 complete and 0 interrupted iterations
a1     [  20% ] 020/298 VUs  0m36.0s/3m0s  50.00 iters/s

running (0m37.0s), 020/298 VUs, 1632 complete and 0 interrupted iterations
a1     [  21% ] 020/298 VUs  0m37.0s/3m0s  50.00 iters/s

running (0m38.0s), 005/298 VUs, 1697 complete and 0 interrupted iterations
a1     [  21% ] 005/298 VUs  0m38.0s/3m0s  50.00 iters/s

running (0m39.0s), 005/298 VUs, 1747 complete and 0 interrupted iterations
a1     [  22% ] 005/298 VUs  0m39.0s/3m0s  50.00 iters/s

running (0m40.0s), 004/298 VUs, 1798 complete and 0 interrupted iterations
a1     [  22% ] 004/298 VUs  0m40.0s/3m0s  50.00 iters/s

running (0m41.0s), 005/298 VUs, 1847 complete and 0 interrupted iterations
a1     [  23% ] 005/298 VUs  0m41.0s/3m0s  50.00 iters/s

running (0m42.0s), 019/298 VUs, 1883 complete and 0 interrupted iterations
a1     [  23% ] 019/298 VUs  0m42.0s/3m0s  50.00 iters/s

running (0m43.0s), 069/298 VUs, 1883 complete and 0 interrupted iterations
a1     [  24% ] 069/298 VUs  0m43.0s/3m0s  50.00 iters/s

running (0m44.0s), 119/298 VUs, 1883 complete and 0 interrupted iterations
a1     [  24% ] 119/298 VUs  0m44.0s/3m0s  50.00 iters/s

running (0m45.0s), 167/298 VUs, 1885 complete and 0 interrupted iterations
a1     [  25% ] 167/298 VUs  0m45.0s/3m0s  50.00 iters/s

running (0m46.0s), 214/298 VUs, 1888 complete and 0 interrupted iterations
a1     [  26% ] 214/298 VUs  0m46.0s/3m0s  50.00 iters/s

running (0m47.0s), 261/298 VUs, 1891 complete and 0 interrupted iterations
a1     [  26% ] 261/298 VUs  0m47.0s/3m0s  50.00 iters/s

running (0m48.0s), 283/298 VUs, 1919 complete and 0 interrupted iterations
a1     [  27% ] 283/298 VUs  0m48.0s/3m0s  50.00 iters/s

running (0m49.0s), 311/312 VUs, 1927 complete and 0 interrupted iterations
a1     [  27% ] 311/312 VUs  0m49.0s/3m0s  50.00 iters/s

running (0m50.0s), 322/329 VUs, 1949 complete and 0 interrupted iterations
a1     [  28% ] 322/329 VUs  0m50.0s/3m0s  50.00 iters/s

running (0m51.0s), 119/329 VUs, 2202 complete and 0 interrupted iterations
a1     [  28% ] 119/329 VUs  0m51.0s/3m0s  50.00 iters/s

running (0m52.0s), 169/329 VUs, 2202 complete and 0 interrupted iterations
a1     [  29% ] 169/329 VUs  0m52.0s/3m0s  50.00 iters/s

running (0m53.0s), 175/329 VUs, 2246 complete and 0 interrupted iterations
a1     [  29% ] 175/329 VUs  0m53.0s/3m0s  50.00 iters/s

running (0m54.0s), 189/329 VUs, 2282 complete and 0 interrupted iterations
a1     [  30% ] 189/329 VUs  0m54.0s/3m0s  50.00 iters/s

running (0m55.0s), 239/329 VUs, 2282 complete and 0 interrupted iterations
a1     [  31% ] 239/329 VUs  0m55.0s/3m0s  50.00 iters/s

running (0m56.0s), 275/329 VUs, 2296 complete and 0 interrupted iterations
a1     [  31% ] 275/329 VUs  0m56.0s/3m0s  50.00 iters/s

running (0m57.0s), 322/329 VUs, 2299 complete and 0 interrupted iterations
a1     [  32% ] 322/329 VUs  0m57.0s/3m0s  50.00 iters/s

running (0m58.0s), 349/349 VUs, 2302 complete and 0 interrupted iterations
a1     [  32% ] 349/349 VUs  0m58.0s/3m0s  50.00 iters/s

running (0m59.0s), 361/361 VUs, 2328 complete and 0 interrupted iterations
a1     [  33% ] 361/361 VUs  0m59.0s/3m0s  50.00 iters/s

running (1m00.0s), 097/366 VUs, 2637 complete and 0 interrupted iterations
a1     [  33% ] 097/366 VUs  1m00.0s/3m0s  50.00 iters/s

running (1m01.0s), 085/366 VUs, 2699 complete and 0 interrupted iterations
a1     [  34% ] 085/366 VUs  1m01.0s/3m0s  50.00 iters/s

running (1m02.0s), 005/366 VUs, 2829 complete and 0 interrupted iterations
a1     [  34% ] 005/366 VUs  1m02.0s/3m0s  50.00 iters/s

running (1m03.0s), 022/366 VUs, 2862 complete and 0 interrupted iterations
a1     [  35% ] 022/366 VUs  1m03.0s/3m0s  50.00 iters/s

running (1m04.0s), 028/366 VUs, 2906 complete and 0 interrupted iterations
a1     [  36% ] 028/366 VUs  1m04.0s/3m0s  50.00 iters/s

running (1m05.0s), 056/366 VUs, 2928 complete and 0 interrupted iterations
a1     [  36% ] 056/366 VUs  1m05.0s/3m0s  50.00 iters/s

running (1m06.0s), 074/366 VUs, 2960 complete and 0 interrupted iterations
a1     [  37% ] 074/366 VUs  1m06.0s/3m0s  50.00 iters/s

running (1m07.0s), 023/366 VUs, 3061 complete and 0 interrupted iterations
a1     [  37% ] 023/366 VUs  1m07.0s/3m0s  50.00 iters/s

running (1m08.0s), 006/366 VUs, 3128 complete and 0 interrupted iterations
a1     [  38% ] 006/366 VUs  1m08.0s/3m0s  50.00 iters/s

running (1m09.0s), 001/366 VUs, 3183 complete and 0 interrupted iterations
a1     [  38% ] 001/366 VUs  1m09.0s/3m0s  50.00 iters/s

running (1m10.0s), 001/366 VUs, 3233 complete and 0 interrupted iterations
a1     [  39% ] 001/366 VUs  1m10.0s/3m0s  50.00 iters/s

running (1m11.0s), 001/366 VUs, 3283 complete and 0 interrupted iterations
a1     [  39% ] 001/366 VUs  1m11.0s/3m0s  50.00 iters/s

running (1m12.0s), 021/366 VUs, 3313 complete and 0 interrupted iterations
a1     [  40% ] 021/366 VUs  1m12.0s/3m0s  50.00 iters/s

running (1m13.0s), 004/366 VUs, 3380 complete and 0 interrupted iterations
a1     [  41% ] 004/366 VUs  1m13.0s/3m0s  50.00 iters/s

running (1m14.0s), 054/366 VUs, 3380 complete and 0 interrupted iterations
a1     [  41% ] 054/366 VUs  1m14.0s/3m0s  50.00 iters/s

running (1m15.0s), 103/366 VUs, 3381 complete and 0 interrupted iterations
a1     [  42% ] 103/366 VUs  1m15.0s/3m0s  50.00 iters/s

running (1m16.0s), 153/366 VUs, 3381 complete and 0 interrupted iterations
a1     [  42% ] 153/366 VUs  1m16.0s/3m0s  50.00 iters/s

running (1m17.0s), 018/366 VUs, 3566 complete and 0 interrupted iterations
a1     [  43% ] 018/366 VUs  1m17.0s/3m0s  50.00 iters/s

running (1m18.0s), 067/366 VUs, 3567 complete and 0 interrupted iterations
a1     [  43% ] 067/366 VUs  1m18.0s/3m0s  50.00 iters/s

running (1m19.0s), 117/366 VUs, 3567 complete and 0 interrupted iterations
a1     [  44% ] 117/366 VUs  1m19.0s/3m0s  50.00 iters/s

running (1m20.0s), 146/366 VUs, 3588 complete and 0 interrupted iterations
a1     [  44% ] 146/366 VUs  1m20.0s/3m0s  50.00 iters/s

running (1m21.0s), 166/366 VUs, 3618 complete and 0 interrupted iterations
a1     [  45% ] 166/366 VUs  1m21.0s/3m0s  50.00 iters/s

running (1m22.0s), 001/366 VUs, 3833 complete and 0 interrupted iterations
a1     [  46% ] 001/366 VUs  1m22.0s/3m0s  50.00 iters/s

running (1m23.0s), 001/366 VUs, 3883 complete and 0 interrupted iterations
a1     [  46% ] 001/366 VUs  1m23.0s/3m0s  50.00 iters/s

running (1m24.0s), 001/366 VUs, 3933 complete and 0 interrupted iterations
a1     [  47% ] 001/366 VUs  1m24.0s/3m0s  50.00 iters/s

running (1m25.0s), 014/366 VUs, 3970 complete and 0 interrupted iterations
a1     [  47% ] 014/366 VUs  1m25.0s/3m0s  50.00 iters/s

running (1m26.0s), 014/366 VUs, 4020 complete and 0 interrupted iterations
a1     [  48% ] 014/366 VUs  1m26.0s/3m0s  50.00 iters/s

running (1m27.0s), 037/366 VUs, 4047 complete and 0 interrupted iterations
a1     [  48% ] 037/366 VUs  1m27.0s/3m0s  50.00 iters/s

running (1m28.0s), 063/366 VUs, 4071 complete and 0 interrupted iterations
a1     [  49% ] 063/366 VUs  1m28.0s/3m0s  50.00 iters/s

running (1m29.0s), 069/366 VUs, 4115 complete and 0 interrupted iterations
a1     [  49% ] 069/366 VUs  1m29.0s/3m0s  50.00 iters/s

running (1m30.0s), 025/366 VUs, 4209 complete and 0 interrupted iterations
a1     [  50% ] 025/366 VUs  1m30.0s/3m0s  50.00 iters/s

running (1m31.0s), 027/366 VUs, 4257 complete and 0 interrupted iterations
a1     [  51% ] 027/366 VUs  1m31.0s/3m0s  50.00 iters/s

running (1m32.0s), 001/366 VUs, 4333 complete and 0 interrupted iterations
a1     [  51% ] 001/366 VUs  1m32.0s/3m0s  50.00 iters/s

running (1m33.0s), 001/366 VUs, 4383 complete and 0 interrupted iterations
a1     [  52% ] 001/366 VUs  1m33.0s/3m0s  50.00 iters/s

running (1m34.0s), 001/366 VUs, 4433 complete and 0 interrupted iterations
a1     [  52% ] 001/366 VUs  1m34.0s/3m0s  50.00 iters/s

running (1m35.0s), 001/366 VUs, 4483 complete and 0 interrupted iterations
a1     [  53% ] 001/366 VUs  1m35.0s/3m0s  50.00 iters/s

running (1m36.0s), 001/366 VUs, 4533 complete and 0 interrupted iterations
a1     [  53% ] 001/366 VUs  1m36.0s/3m0s  50.00 iters/s

running (1m37.0s), 002/366 VUs, 4582 complete and 0 interrupted iterations
a1     [  54% ] 002/366 VUs  1m37.0s/3m0s  50.00 iters/s

running (1m38.0s), 045/366 VUs, 4589 complete and 0 interrupted iterations
a1     [  54% ] 045/366 VUs  1m38.0s/3m0s  50.00 iters/s

running (1m39.0s), 012/366 VUs, 4672 complete and 0 interrupted iterations
a1     [  55% ] 012/366 VUs  1m39.0s/3m0s  50.00 iters/s

running (1m40.0s), 031/366 VUs, 4703 complete and 0 interrupted iterations
a1     [  56% ] 031/366 VUs  1m40.0s/3m0s  50.00 iters/s

running (1m41.0s), 048/366 VUs, 4736 complete and 0 interrupted iterations
a1     [  56% ] 048/366 VUs  1m41.0s/3m0s  50.00 iters/s

running (1m42.0s), 071/366 VUs, 4763 complete and 0 interrupted iterations
a1     [  57% ] 071/366 VUs  1m42.0s/3m0s  50.00 iters/s

running (1m43.0s), 080/366 VUs, 4804 complete and 0 interrupted iterations
a1     [  57% ] 080/366 VUs  1m43.0s/3m0s  50.00 iters/s

running (1m44.0s), 098/366 VUs, 4836 complete and 0 interrupted iterations
a1     [  58% ] 098/366 VUs  1m44.0s/3m0s  50.00 iters/s

running (1m45.0s), 119/366 VUs, 4865 complete and 0 interrupted iterations
a1     [  58% ] 119/366 VUs  1m45.0s/3m0s  50.00 iters/s

running (1m46.0s), 108/366 VUs, 4926 complete and 0 interrupted iterations
a1     [  59% ] 108/366 VUs  1m46.0s/3m0s  50.00 iters/s

running (1m47.0s), 006/366 VUs, 5078 complete and 0 interrupted iterations
a1     [  59% ] 006/366 VUs  1m47.0s/3m0s  50.00 iters/s

running (1m48.0s), 006/366 VUs, 5128 complete and 0 interrupted iterations
a1     [  60% ] 006/366 VUs  1m48.0s/3m0s  50.00 iters/s

running (1m49.0s), 007/366 VUs, 5177 complete and 0 interrupted iterations
a1     [  61% ] 007/366 VUs  1m49.0s/3m0s  50.00 iters/s

running (1m50.0s), 055/366 VUs, 5179 complete and 0 interrupted iterations
a1     [  61% ] 055/366 VUs  1m50.0s/3m0s  50.00 iters/s

running (1m51.0s), 060/366 VUs, 5224 complete and 0 interrupted iterations
a1     [  62% ] 060/366 VUs  1m51.0s/3m0s  50.00 iters/s

running (1m52.0s), 069/366 VUs, 5265 complete and 0 interrupted iterations
a1     [  62% ] 069/366 VUs  1m52.0s/3m0s  50.00 iters/s

running (1m53.0s), 089/366 VUs, 5295 complete and 0 interrupted iterations
a1     [  63% ] 089/366 VUs  1m53.0s/3m0s  50.00 iters/s

running (1m54.0s), 104/366 VUs, 5330 complete and 0 interrupted iterations
a1     [  63% ] 104/366 VUs  1m54.0s/3m0s  50.00 iters/s

running (1m55.0s), 122/366 VUs, 5362 complete and 0 interrupted iterations
a1     [  64% ] 122/366 VUs  1m55.0s/3m0s  50.00 iters/s

running (1m56.0s), 134/366 VUs, 5400 complete and 0 interrupted iterations
a1     [  64% ] 134/366 VUs  1m56.0s/3m0s  50.00 iters/s

running (1m57.0s), 153/366 VUs, 5431 complete and 0 interrupted iterations
a1     [  65% ] 153/366 VUs  1m57.0s/3m0s  50.00 iters/s

running (1m58.0s), 141/366 VUs, 5493 complete and 0 interrupted iterations
a1     [  66% ] 141/366 VUs  1m58.0s/3m0s  50.00 iters/s
time="2026-09-10T10:32:00+05:00" level=warning msg="The test has generated metrics with 100012 unique time series, which is higher than the suggested limit of 100000 and could cause high memory usage. Consider not using high-cardinality values like unique IDs as metric tags or, if you need them in the URL, use the name metric tag or URL grouping. See https://grafana.com/docs/k6/latest/using-k6/tags-and-groups/ for details." component=metrics-engine-ingester

running (1m59.0s), 003/366 VUs, 5681 complete and 0 interrupted iterations
a1     [  66% ] 003/366 VUs  1m59.0s/3m0s  50.00 iters/s

running (2m00.0s), 003/366 VUs, 5731 complete and 0 interrupted iterations
a1     [  67% ] 003/366 VUs  2m00.0s/3m0s  50.00 iters/s

running (2m01.0s), 031/366 VUs, 5753 complete and 0 interrupted iterations
a1     [  67% ] 031/366 VUs  2m01.0s/3m0s  50.00 iters/s

running (2m02.0s), 050/366 VUs, 5784 complete and 0 interrupted iterations
a1     [  68% ] 050/366 VUs  2m02.0s/3m0s  50.00 iters/s

running (2m03.0s), 014/366 VUs, 5870 complete and 0 interrupted iterations
a1     [  68% ] 014/366 VUs  2m03.0s/3m0s  50.00 iters/s

running (2m04.0s), 021/366 VUs, 5913 complete and 0 interrupted iterations
a1     [  69% ] 021/366 VUs  2m04.0s/3m0s  50.00 iters/s

running (2m05.0s), 040/366 VUs, 5944 complete and 0 interrupted iterations
a1     [  69% ] 040/366 VUs  2m05.0s/3m0s  50.00 iters/s

running (2m06.0s), 027/366 VUs, 6007 complete and 0 interrupted iterations
a1     [  70% ] 027/366 VUs  2m06.0s/3m0s  50.00 iters/s

running (2m07.0s), 004/366 VUs, 6080 complete and 0 interrupted iterations
a1     [  71% ] 004/366 VUs  2m07.0s/3m0s  50.00 iters/s

running (2m08.0s), 004/366 VUs, 6130 complete and 0 interrupted iterations
a1     [  71% ] 004/366 VUs  2m08.0s/3m0s  50.00 iters/s

running (2m09.0s), 011/366 VUs, 6173 complete and 0 interrupted iterations
a1     [  72% ] 011/366 VUs  2m09.0s/3m0s  50.00 iters/s

running (2m10.0s), 001/366 VUs, 6233 complete and 0 interrupted iterations
a1     [  72% ] 001/366 VUs  2m10.0s/3m0s  50.00 iters/s

running (2m11.0s), 001/366 VUs, 6283 complete and 0 interrupted iterations
a1     [  73% ] 001/366 VUs  2m11.0s/3m0s  50.00 iters/s

running (2m12.0s), 001/366 VUs, 6333 complete and 0 interrupted iterations
a1     [  73% ] 001/366 VUs  2m12.0s/3m0s  50.00 iters/s

running (2m13.0s), 001/366 VUs, 6383 complete and 0 interrupted iterations
a1     [  74% ] 001/366 VUs  2m13.0s/3m0s  50.00 iters/s

running (2m14.0s), 001/366 VUs, 6433 complete and 0 interrupted iterations
a1     [  74% ] 001/366 VUs  2m14.0s/3m0s  50.00 iters/s

running (2m15.0s), 046/366 VUs, 6438 complete and 0 interrupted iterations
a1     [  75% ] 046/366 VUs  2m15.0s/3m0s  50.00 iters/s

running (2m16.0s), 052/366 VUs, 6482 complete and 0 interrupted iterations
a1     [  76% ] 052/366 VUs  2m16.0s/3m0s  50.00 iters/s

running (2m17.0s), 068/366 VUs, 6516 complete and 0 interrupted iterations
a1     [  76% ] 068/366 VUs  2m17.0s/3m0s  50.00 iters/s

running (2m18.0s), 091/366 VUs, 6543 complete and 0 interrupted iterations
a1     [  77% ] 091/366 VUs  2m18.0s/3m0s  50.00 iters/s

running (2m19.0s), 102/366 VUs, 6582 complete and 0 interrupted iterations
a1     [  77% ] 102/366 VUs  2m19.0s/3m0s  50.00 iters/s

running (2m20.0s), 108/366 VUs, 6626 complete and 0 interrupted iterations
a1     [  78% ] 108/366 VUs  2m20.0s/3m0s  50.00 iters/s

running (2m21.0s), 121/366 VUs, 6663 complete and 0 interrupted iterations
a1     [  78% ] 121/366 VUs  2m21.0s/3m0s  50.00 iters/s

running (2m22.0s), 152/366 VUs, 6682 complete and 0 interrupted iterations
a1     [  79% ] 152/366 VUs  2m22.0s/3m0s  50.00 iters/s

running (2m23.0s), 000/366 VUs, 6884 complete and 0 interrupted iterations
a1     [  79% ] 000/366 VUs  2m23.0s/3m0s  50.00 iters/s

running (2m24.0s), 001/366 VUs, 6933 complete and 0 interrupted iterations
a1     [  80% ] 001/366 VUs  2m24.0s/3m0s  50.00 iters/s

running (2m25.0s), 001/366 VUs, 6983 complete and 0 interrupted iterations
a1     [  81% ] 001/366 VUs  2m25.0s/3m0s  50.00 iters/s

running (2m26.0s), 001/366 VUs, 7033 complete and 0 interrupted iterations
a1     [  81% ] 001/366 VUs  2m26.0s/3m0s  50.00 iters/s

running (2m27.0s), 048/366 VUs, 7036 complete and 0 interrupted iterations
a1     [  82% ] 048/366 VUs  2m27.0s/3m0s  50.00 iters/s

running (2m28.0s), 098/366 VUs, 7036 complete and 0 interrupted iterations
a1     [  82% ] 098/366 VUs  2m28.0s/3m0s  50.00 iters/s

running (2m29.0s), 138/366 VUs, 7046 complete and 0 interrupted iterations
a1     [  83% ] 138/366 VUs  2m29.0s/3m0s  50.00 iters/s

running (2m30.0s), 185/366 VUs, 7049 complete and 0 interrupted iterations
a1     [  83% ] 185/366 VUs  2m30.0s/3m0s  50.00 iters/s

running (2m31.0s), 225/366 VUs, 7059 complete and 0 interrupted iterations
a1     [  84% ] 225/366 VUs  2m31.0s/3m0s  50.00 iters/s

running (2m32.0s), 262/366 VUs, 7072 complete and 0 interrupted iterations
a1     [  84% ] 262/366 VUs  2m32.0s/3m0s  50.00 iters/s

running (2m33.0s), 309/366 VUs, 7075 complete and 0 interrupted iterations
a1     [  85% ] 309/366 VUs  2m33.0s/3m0s  50.00 iters/s

running (2m34.0s), 336/366 VUs, 7098 complete and 0 interrupted iterations
a1     [  86% ] 336/366 VUs  2m34.0s/3m0s  50.00 iters/s

running (2m35.0s), 358/366 VUs, 7126 complete and 0 interrupted iterations
a1     [  86% ] 358/366 VUs  2m35.0s/3m0s  50.00 iters/s

running (2m36.0s), 001/366 VUs, 7533 complete and 0 interrupted iterations
a1     [  87% ] 001/366 VUs  2m36.0s/3m0s  50.00 iters/s

running (2m37.0s), 024/366 VUs, 7560 complete and 0 interrupted iterations
a1     [  87% ] 024/366 VUs  2m37.0s/3m0s  50.00 iters/s

running (2m38.0s), 034/366 VUs, 7600 complete and 0 interrupted iterations
a1     [  88% ] 034/366 VUs  2m38.0s/3m0s  50.00 iters/s

running (2m39.0s), 067/366 VUs, 7617 complete and 0 interrupted iterations
a1     [  88% ] 067/366 VUs  2m39.0s/3m0s  50.00 iters/s

running (2m40.0s), 072/366 VUs, 7662 complete and 0 interrupted iterations
a1     [  89% ] 072/366 VUs  2m40.0s/3m0s  50.00 iters/s

running (2m41.0s), 103/366 VUs, 7681 complete and 0 interrupted iterations
a1     [  89% ] 103/366 VUs  2m41.0s/3m0s  50.00 iters/s

running (2m42.0s), 107/366 VUs, 7727 complete and 0 interrupted iterations
a1     [  90% ] 107/366 VUs  2m42.0s/3m0s  50.00 iters/s

running (2m43.0s), 108/366 VUs, 7776 complete and 0 interrupted iterations
a1     [  91% ] 108/366 VUs  2m43.0s/3m0s  50.00 iters/s

running (2m44.0s), 116/366 VUs, 7818 complete and 0 interrupted iterations
a1     [  91% ] 116/366 VUs  2m44.0s/3m0s  50.00 iters/s

running (2m45.0s), 141/366 VUs, 7843 complete and 0 interrupted iterations
a1     [  92% ] 141/366 VUs  2m45.0s/3m0s  50.00 iters/s

running (2m46.0s), 000/366 VUs, 8034 complete and 0 interrupted iterations
a1     [  92% ] 000/366 VUs  2m46.0s/3m0s  50.00 iters/s

running (2m47.0s), 020/366 VUs, 8064 complete and 0 interrupted iterations
a1     [  93% ] 020/366 VUs  2m47.0s/3m0s  50.00 iters/s

running (2m48.0s), 001/366 VUs, 8133 complete and 0 interrupted iterations
a1     [  93% ] 001/366 VUs  2m48.0s/3m0s  50.00 iters/s

running (2m49.0s), 001/366 VUs, 8183 complete and 0 interrupted iterations
a1     [  94% ] 001/366 VUs  2m49.0s/3m0s  50.00 iters/s

running (2m50.0s), 027/366 VUs, 8207 complete and 0 interrupted iterations
a1     [  94% ] 027/366 VUs  2m50.0s/3m0s  50.00 iters/s

running (2m51.0s), 056/366 VUs, 8228 complete and 0 interrupted iterations
a1     [  95% ] 056/366 VUs  2m51.0s/3m0s  50.00 iters/s

running (2m52.0s), 066/366 VUs, 8268 complete and 0 interrupted iterations
a1     [  96% ] 066/366 VUs  2m52.0s/3m0s  50.00 iters/s

running (2m53.0s), 073/366 VUs, 8311 complete and 0 interrupted iterations
a1     [  96% ] 073/366 VUs  2m53.0s/3m0s  50.00 iters/s

running (2m54.0s), 102/366 VUs, 8332 complete and 0 interrupted iterations
a1     [  97% ] 102/366 VUs  2m54.0s/3m0s  50.00 iters/s

running (2m55.0s), 112/366 VUs, 8372 complete and 0 interrupted iterations
a1     [  97% ] 112/366 VUs  2m55.0s/3m0s  50.00 iters/s

running (2m56.0s), 113/366 VUs, 8421 complete and 0 interrupted iterations
a1     [  98% ] 113/366 VUs  2m56.0s/3m0s  50.00 iters/s

running (2m57.0s), 133/366 VUs, 8451 complete and 0 interrupted iterations
a1     [  98% ] 133/366 VUs  2m57.0s/3m0s  50.00 iters/s

running (2m58.0s), 141/366 VUs, 8493 complete and 0 interrupted iterations
a1     [  99% ] 141/366 VUs  2m58.0s/3m0s  50.00 iters/s

running (2m59.0s), 121/366 VUs, 8563 complete and 0 interrupted iterations
a1     [  99% ] 121/366 VUs  2m59.0s/3m0s  50.00 iters/s

running (3m00.0s), 013/366 VUs, 8721 complete and 0 interrupted iterations
a1     [ 100% ] 013/366 VUs  3m00.0s/3m0s  50.00 iters/s


  █ THRESHOLDS 

    http_req_failed
    ✓ 'rate<0.05' rate=0.00%


  █ TOTAL RESULTS 

    checks_total.......: 26205   145.523305/s
    checks_succeeded...: 100.00% 26205 out of 26205
    checks_failed......: 0.00%   0 out of 26205

    ✓ initiated
    ✓ validated
    ✓ terminal

    CUSTOM
    a1_lifecycle_duration..........: avg=1.78s    min=6ms    med=1.03s   p(95)=6.46s p(99)=8.17s max=11.73s
    a1_lifecycles_completed........: 8735   48.507768/s
    a1_transitions_committed.......: 26205  145.523305/s

    HTTP
    http_req_duration..............: avg=596.18ms min=1.51ms med=221.4ms p(95)=2.79s p(99)=4.69s max=8.32s 
      { expected_response:true }...: avg=596.18ms min=1.51ms med=221.4ms p(95)=2.79s p(99)=4.69s max=8.32s 
    http_req_failed................: 0.00%  0 out of 26205
    http_reqs......................: 26205  145.523305/s

    EXECUTION
    dropped_iterations.............: 266    1.477168/s
    iteration_duration.............: avg=1.78s    min=6.04ms med=1.03s   p(95)=6.46s p(99)=8.17s max=11.73s
    iterations.....................: 8735   48.507768/s
    vus............................: 13     min=0          max=361
    vus_max........................: 366    min=100        max=366

    NETWORK
    data_received..................: 10 MB  56 kB/s
    data_sent......................: 5.7 MB 32 kB/s




running (3m00.1s), 000/366 VUs, 8735 complete and 0 interrupted iterations
a1   ✓ [ 100% ] 000/366 VUs  3m0s  50.00 iters/s
