[10:29:16] === RUN CDC-C2NARROW-r2-20260910102916 ===
[10:29:16] mode=CDC profile=C2NARROW rep=2 tps=50 duration=180s fault=none
[10:29:16] jar: target/master-thesis-observability-0.0.1-SNAPSHOT.jar
[10:29:16] arxiv redo tozalanmoqda
[10:29:17] workload tozalanmoqda (reference saqlanadi)
workload reset; reference data preserved
AQ backlog purged: 0 -> 0
[10:29:30] Kafka topigi qayta yaratilmoqda
[10:29:40] ilova ishga tushirilmoqda (mode=CDC)
[10:29:55] ilova tayyor (pid 884949)
[10:29:55] Debezium konnektori ro'yxatdan o'tkazilmoqda (CDC, prefix=obsv_cdc_c2narrow_r2_20260910102916)
C2 shabloni ishlatilmoqda: docker/connect/connectors/cdc.json.tmpl
konnektor ro'yxatdan o'tkazilmoqda: a1-cdc-obsv_cdc_c2narrow_r2_20260910102916 (prefix=obsv_cdc_c2narrow_r2_20260910102916)
konnektor RUNNING (2s)
streaming tasdiqlanmoqda (heartbeat topigi: __debezium-heartbeat.obsv_cdc_c2narrow_r2_20260910102916)
streaming tasdiqlandi (1 urinish)
[10:30:02] k6 yuklamasi boshlandi
[10:33:03] k6 iteratsiyalari: 8735
[10:33:03] qat'iy settle: 45s (o'lchov oynasi ikkala qo'lda bir xil)
[10:33:48] pipeline bo'shashi kutilmoqda (maks 120s)
[10:34:08] pipeline bo'sh (15s, sink=26205 / gt=26205)
[10:34:18] ground truth eksport qilinmoqda
[10:34:19] Kafka topigi eksport qilinmoqda
[10:34:29] tahlil
{
  "mode": "CDC",
  "profile": "C2NARROW",
  "rep": "2",
  "fault": "none",
  "ground_truth_transitions": 26205,
  "delivered_distinct": 26205,
  "delivered_total": 26205,
  "matched": 26205,
  "missing": 0,
  "phantom": 0,
  "malformed": 0,
  "loss_rate": 0.0,
  "loss_rate_ppm": 0.0,
  "duplicate_rate": 0.0,
  "ordering_violation_rate": 0.0,
  "txns_split_across_partitions": 0,
  "latency_ms_p50": 6226,
  "latency_ms_p95": 10814,
  "latency_ms_p99": 14149,
  "latency_ms_max": 17107,
  "latency_ms_mean": 6673.9,
  "latency_samples": 26205,
  "latency_negative_samples": 0,
  "loss_rate_upper_bound_95_ppm": 114.48
}
[10:34:30] ilova va konnektor to'xtatilmoqda
connector o'chirilmoqda: a1-cdc-obsv_cdc_c2narrow_r2_20260910102916
[10:34:40] === TUGADI: results/CDC-C2NARROW-r2-20260910102916 ===
