[10:50:15] === RUN CDC-P1-r1-20260904105015 ===
[10:50:15] mode=CDC profile=P1 rep=1 tps=50 duration=120s fault=none
[10:50:15] jar: target/master-thesis-observability-0.0.1-SNAPSHOT.jar
[10:50:15] workload tozalanmoqda (reference saqlanadi)
workload reset; reference data preserved
AQ backlog purged: 0 -> 0
[10:50:17] Kafka topigi qayta yaratilmoqda
[10:50:25] ilova ishga tushirilmoqda (mode=CDC)
[10:50:38] ilova tayyor (pid 3552893)
[10:50:38] Debezium konnektori ro'yxatdan o'tkazilmoqda (CDC, prefix=obsv_cdc_p1_r1_20260904105015)
konnektor ro'yxatdan o'tkazilmoqda: a1-cdc-obsv_cdc_p1_r1_20260904105015 (prefix=obsv_cdc_p1_r1_20260904105015)
konnektor RUNNING (2s)
streaming tasdiqlanmoqda (heartbeat topigi: __debezium-heartbeat.obsv_cdc_p1_r1_20260904105015)
streaming tasdiqlandi (7 urinish)
[10:51:10] k6 yuklamasi boshlandi
[10:53:22] pipeline bo'shashi kutilmoqda (maks 120s)
[10:53:36] pipeline bo'sh (5s, sink=18000 xabar)
[10:53:50] ground truth eksport qilinmoqda
[10:53:50] Kafka topigi eksport qilinmoqda
[10:54:17] tahlil
{
  "mode": "CDC",
  "profile": "P1",
  "rep": "1",
  "fault": "none",
  "ground_truth_transitions": 18000,
  "delivered_distinct": 18000,
  "delivered_total": 18000,
  "matched": 18000,
  "missing": 0,
  "phantom": 0,
  "malformed": 0,
  "loss_rate": 0.0,
  "loss_rate_ppm": 0.0,
  "duplicate_rate": 0.0,
  "ordering_violation_rate": 0.0,
  "txns_split_across_partitions": 0,
  "latency_ms_p50": 3404,
  "latency_ms_p95": 7297,
  "latency_ms_p99": 8584,
  "latency_ms_max": 9184,
  "latency_ms_mean": 3634.7,
  "latency_samples": 18000,
  "latency_negative_samples": 0,
  "loss_rate_upper_bound_95_ppm": 166.67
}
[10:54:17] ilova va konnektor to'xtatilmoqda
connector o'chirilmoqda: a1-cdc-obsv_cdc_p1_r1_20260904105015
[10:54:24] === TUGADI: results/CDC-P1-r1-20260904105015 ===
