[17:24:47] === RUN CDC-P1-r1-F4R-20260909172447 ===
[17:24:47] mode=CDC profile=P1 rep=1 tps=50 duration=300s fault=F4R
[17:24:47] jar: target/master-thesis-observability-0.0.1-SNAPSHOT.jar
[17:24:47] arxiv redo tozalanmoqda
[17:24:48] workload tozalanmoqda (reference saqlanadi)
workload reset; reference data preserved
AQ backlog purged: 0 -> 0
[17:24:56] Kafka topigi qayta yaratilmoqda
[17:25:06] ilova ishga tushirilmoqda (mode=CDC)
[17:25:24] ilova tayyor (pid 208430)
[17:25:24] Debezium konnektori ro'yxatdan o'tkazilmoqda (CDC, prefix=obsv_cdc_p1_r1_f4r_20260909172447)
konnektor ro'yxatdan o'tkazilmoqda: a1-cdc-obsv_cdc_p1_r1_f4r_20260909172447 (prefix=obsv_cdc_p1_r1_f4r_20260909172447)
konnektor RUNNING (2s)
streaming tasdiqlanmoqda (heartbeat topigi: __debezium-heartbeat.obsv_cdc_p1_r1_f4r_20260909172447)
streaming tasdiqlandi (1 urinish)
[17:25:32] fault F4R 60s dan keyin yuboriladi
[17:25:32] k6 yuklamasi boshlandi
[fault 17:26:32] Connect to'xtatilmoqda; 10 marta log almashtiriladi, so'ng archive'lar o'chiriladi
[fault 17:27:11] RMAN: barcha archive log'lar o'chirilmoqda
bash: rman: command not found
[fault 17:27:32] Connect qaytarildi — endi ORA-01291 kutilmoqda
[fault 17:27:32] F4R tugadi
[17:30:33] k6 iteratsiyalari: 15001
[17:30:33] pipeline bo'shashi kutilmoqda (maks 120s)
[17:31:20] pipeline bo'sh (15s, sink=45003 xabar)
[17:31:30] ground truth eksport qilinmoqda
[17:31:31] Kafka topigi eksport qilinmoqda
[17:31:59] tahlil
{
  "mode": "CDC",
  "profile": "P1",
  "rep": "1",
  "fault": "F4R",
  "ground_truth_transitions": 45003,
  "delivered_distinct": 45003,
  "delivered_total": 45003,
  "matched": 45003,
  "missing": 0,
  "phantom": 0,
  "malformed": 0,
  "loss_rate": 0.0,
  "loss_rate_ppm": 0.0,
  "duplicate_rate": 0.0,
  "ordering_violation_rate": 0.0,
  "txns_split_across_partitions": 0,
  "latency_ms_p50": 3860,
  "latency_ms_p95": 64211,
  "latency_ms_p99": 75800,
  "latency_ms_max": 78692,
  "latency_ms_mean": 13293.8,
  "latency_samples": 45003,
  "latency_negative_samples": 0,
  "loss_rate_upper_bound_95_ppm": 66.66
}
[17:32:00] ilova va konnektor to'xtatilmoqda
connector o'chirilmoqda: a1-cdc-obsv_cdc_p1_r1_f4r_20260909172447
[17:32:18] === TUGADI: results/CDC-P1-r1-F4R-20260909172447 ===
