[12:03:05] === RUN WRAPPER_B2-P1-r4-20260904120305 ===
[12:03:05] mode=WRAPPER_B2 profile=P1 rep=4 tps=50 duration=120s fault=none
[12:03:05] jar: target/master-thesis-observability-0.0.1-SNAPSHOT.jar
[12:03:05] workload tozalanmoqda (reference saqlanadi)
workload reset; reference data preserved
AQ backlog purged: 0 -> 0
[12:03:06] Kafka topigi qayta yaratilmoqda
[12:03:15] ilova ishga tushirilmoqda (mode=WRAPPER_B2)
[12:03:29] ilova tayyor (pid 142105)
[12:03:35] k6 yuklamasi boshlandi
[12:05:45] pipeline bo'shashi kutilmoqda (maks 120s)
[12:05:59] pipeline bo'sh (4s, sink=17988 xabar)
[12:06:09] ground truth eksport qilinmoqda
[12:06:09] Kafka topigi eksport qilinmoqda
[12:06:37] tahlil
{
  "mode": "WRAPPER_B2",
  "profile": "P1",
  "rep": "4",
  "fault": "none",
  "ground_truth_transitions": 17988,
  "delivered_distinct": 17988,
  "delivered_total": 17988,
  "matched": 17988,
  "missing": 0,
  "phantom": 0,
  "malformed": 0,
  "loss_rate": 0.0,
  "loss_rate_ppm": 0.0,
  "duplicate_rate": 0.0,
  "ordering_violation_rate": 0.0,
  "txns_split_across_partitions": 0,
  "latency_ms_p50": 1,
  "latency_ms_p95": 2,
  "latency_ms_p99": 7,
  "latency_ms_max": 2933,
  "latency_ms_mean": 2.8,
  "latency_samples": 17988,
  "latency_negative_samples": 0,
  "loss_rate_upper_bound_95_ppm": 166.78
}
[12:06:37] ilova va konnektor to'xtatilmoqda
[12:06:41] === TUGADI: results/WRAPPER_B2-P1-r4-20260904120305 ===
