
         /\      Grafana   /‾‾/  
    /\  /  \     |\  __   /  /   
   /  \/    \    | |/ /  /   ‾‾\ 
  /          \   |   (  |  (‾)  |
 / __________ \  |_|\_\  \_____/ 


     execution: local
        script: harness/k6/a1-workload.js
        output: -

     scenarios: (100.00%) 1 scenario, 600 max VUs, 3m30s max duration (incl. graceful stop):
              * a1: 50.00 iterations/s for 3m0s (maxVUs: 100-600, gracefulStop: 30s)


running (0m01.0s), 002/100 VUs, 47 complete and 0 interrupted iterations
a1     [   1% ] 002/100 VUs  0m01.0s/3m0s  50.00 iters/s

running (0m02.0s), 001/100 VUs, 98 complete and 0 interrupted iterations
a1     [   1% ] 001/100 VUs  0m02.0s/3m0s  50.00 iters/s

running (0m03.0s), 001/100 VUs, 148 complete and 0 interrupted iterations
a1     [   2% ] 001/100 VUs  0m03.0s/3m0s  50.00 iters/s

running (0m04.0s), 002/100 VUs, 197 complete and 0 interrupted iterations
a1     [   2% ] 002/100 VUs  0m04.0s/3m0s  50.00 iters/s

running (0m05.0s), 040/100 VUs, 209 complete and 0 interrupted iterations
a1     [   3% ] 040/100 VUs  0m05.0s/3m0s  50.00 iters/s

running (0m06.0s), 025/100 VUs, 274 complete and 0 interrupted iterations
a1     [   3% ] 025/100 VUs  0m06.0s/3m0s  50.00 iters/s

running (0m07.0s), 022/100 VUs, 327 complete and 0 interrupted iterations
a1     [   4% ] 022/100 VUs  0m07.0s/3m0s  50.00 iters/s

running (0m08.0s), 005/100 VUs, 394 complete and 0 interrupted iterations
a1     [   4% ] 005/100 VUs  0m08.0s/3m0s  50.00 iters/s

running (0m09.0s), 026/100 VUs, 423 complete and 0 interrupted iterations
a1     [   5% ] 026/100 VUs  0m09.0s/3m0s  50.00 iters/s

running (0m10.0s), 002/100 VUs, 497 complete and 0 interrupted iterations
a1     [   6% ] 002/100 VUs  0m10.0s/3m0s  50.00 iters/s

running (0m11.0s), 000/100 VUs, 549 complete and 0 interrupted iterations
a1     [   6% ] 000/100 VUs  0m11.0s/3m0s  50.00 iters/s

running (0m12.0s), 033/100 VUs, 566 complete and 0 interrupted iterations
a1     [   7% ] 033/100 VUs  0m12.0s/3m0s  50.00 iters/s

running (0m13.0s), 001/100 VUs, 648 complete and 0 interrupted iterations
a1     [   7% ] 001/100 VUs  0m13.0s/3m0s  50.00 iters/s

running (0m14.0s), 000/100 VUs, 699 complete and 0 interrupted iterations
a1     [   8% ] 000/100 VUs  0m14.0s/3m0s  50.00 iters/s

running (0m15.0s), 000/100 VUs, 749 complete and 0 interrupted iterations
a1     [   8% ] 000/100 VUs  0m15.0s/3m0s  50.00 iters/s

running (0m16.0s), 000/100 VUs, 799 complete and 0 interrupted iterations
a1     [   9% ] 000/100 VUs  0m16.0s/3m0s  50.00 iters/s

running (0m17.0s), 000/100 VUs, 849 complete and 0 interrupted iterations
a1     [   9% ] 000/100 VUs  0m17.0s/3m0s  50.00 iters/s

running (0m18.0s), 001/100 VUs, 898 complete and 0 interrupted iterations
a1     [  10% ] 001/100 VUs  0m18.0s/3m0s  50.00 iters/s

running (0m19.0s), 000/100 VUs, 949 complete and 0 interrupted iterations
a1     [  11% ] 000/100 VUs  0m19.0s/3m0s  50.00 iters/s

running (0m20.0s), 001/100 VUs, 998 complete and 0 interrupted iterations
a1     [  11% ] 001/100 VUs  0m20.0s/3m0s  50.00 iters/s

running (0m21.0s), 021/100 VUs, 1028 complete and 0 interrupted iterations
a1     [  12% ] 021/100 VUs  0m21.0s/3m0s  50.00 iters/s

running (0m22.0s), 031/100 VUs, 1068 complete and 0 interrupted iterations
a1     [  12% ] 031/100 VUs  0m22.0s/3m0s  50.00 iters/s

running (0m23.0s), 001/100 VUs, 1148 complete and 0 interrupted iterations
a1     [  13% ] 001/100 VUs  0m23.0s/3m0s  50.00 iters/s

running (0m24.0s), 000/100 VUs, 1199 complete and 0 interrupted iterations
a1     [  13% ] 000/100 VUs  0m24.0s/3m0s  50.00 iters/s

running (0m25.0s), 041/100 VUs, 1208 complete and 0 interrupted iterations
a1     [  14% ] 041/100 VUs  0m25.0s/3m0s  50.00 iters/s

running (0m26.0s), 056/100 VUs, 1243 complete and 0 interrupted iterations
a1     [  14% ] 056/100 VUs  0m26.0s/3m0s  50.00 iters/s

running (0m27.0s), 064/100 VUs, 1285 complete and 0 interrupted iterations
a1     [  15% ] 064/100 VUs  0m27.0s/3m0s  50.00 iters/s

running (0m28.0s), 052/100 VUs, 1347 complete and 0 interrupted iterations
a1     [  16% ] 052/100 VUs  0m28.0s/3m0s  50.00 iters/s

running (0m29.0s), 000/100 VUs, 1449 complete and 0 interrupted iterations
a1     [  16% ] 000/100 VUs  0m29.0s/3m0s  50.00 iters/s

running (0m30.0s), 000/100 VUs, 1499 complete and 0 interrupted iterations
a1     [  17% ] 000/100 VUs  0m30.0s/3m0s  50.00 iters/s

running (0m31.0s), 000/100 VUs, 1549 complete and 0 interrupted iterations
a1     [  17% ] 000/100 VUs  0m31.0s/3m0s  50.00 iters/s

running (0m32.0s), 019/100 VUs, 1580 complete and 0 interrupted iterations
a1     [  18% ] 019/100 VUs  0m32.0s/3m0s  50.00 iters/s

running (0m33.0s), 016/100 VUs, 1633 complete and 0 interrupted iterations
a1     [  18% ] 016/100 VUs  0m33.0s/3m0s  50.00 iters/s

running (0m34.0s), 017/100 VUs, 1682 complete and 0 interrupted iterations
a1     [  19% ] 017/100 VUs  0m34.0s/3m0s  50.00 iters/s

running (0m35.0s), 013/100 VUs, 1736 complete and 0 interrupted iterations
a1     [  19% ] 013/100 VUs  0m35.0s/3m0s  50.00 iters/s

running (0m36.0s), 023/100 VUs, 1776 complete and 0 interrupted iterations
a1     [  20% ] 023/100 VUs  0m36.0s/3m0s  50.00 iters/s

running (0m37.0s), 028/100 VUs, 1821 complete and 0 interrupted iterations
a1     [  21% ] 028/100 VUs  0m37.0s/3m0s  50.00 iters/s

running (0m38.0s), 018/100 VUs, 1881 complete and 0 interrupted iterations
a1     [  21% ] 018/100 VUs  0m38.0s/3m0s  50.00 iters/s

running (0m39.0s), 018/100 VUs, 1931 complete and 0 interrupted iterations
a1     [  22% ] 018/100 VUs  0m39.0s/3m0s  50.00 iters/s

running (0m40.0s), 028/100 VUs, 1971 complete and 0 interrupted iterations
a1     [  22% ] 028/100 VUs  0m40.0s/3m0s  50.00 iters/s

running (0m41.0s), 011/100 VUs, 2038 complete and 0 interrupted iterations
a1     [  23% ] 011/100 VUs  0m41.0s/3m0s  50.00 iters/s

running (0m42.0s), 001/100 VUs, 2098 complete and 0 interrupted iterations
a1     [  23% ] 001/100 VUs  0m42.0s/3m0s  50.00 iters/s

running (0m43.0s), 026/100 VUs, 2123 complete and 0 interrupted iterations
a1     [  24% ] 026/100 VUs  0m43.0s/3m0s  50.00 iters/s

running (0m44.0s), 001/100 VUs, 2198 complete and 0 interrupted iterations
a1     [  24% ] 001/100 VUs  0m44.0s/3m0s  50.00 iters/s

running (0m45.0s), 000/100 VUs, 2249 complete and 0 interrupted iterations
a1     [  25% ] 000/100 VUs  0m45.0s/3m0s  50.00 iters/s

running (0m46.0s), 021/100 VUs, 2278 complete and 0 interrupted iterations
a1     [  26% ] 021/100 VUs  0m46.0s/3m0s  50.00 iters/s

running (0m47.0s), 022/100 VUs, 2327 complete and 0 interrupted iterations
a1     [  26% ] 022/100 VUs  0m47.0s/3m0s  50.00 iters/s

running (0m48.0s), 001/100 VUs, 2398 complete and 0 interrupted iterations
a1     [  27% ] 001/100 VUs  0m48.0s/3m0s  50.00 iters/s

running (0m49.0s), 000/100 VUs, 2449 complete and 0 interrupted iterations
a1     [  27% ] 000/100 VUs  0m49.0s/3m0s  50.00 iters/s

running (0m50.0s), 022/100 VUs, 2477 complete and 0 interrupted iterations
a1     [  28% ] 022/100 VUs  0m50.0s/3m0s  50.00 iters/s

running (0m51.0s), 026/100 VUs, 2523 complete and 0 interrupted iterations
a1     [  28% ] 026/100 VUs  0m51.0s/3m0s  50.00 iters/s

running (0m52.0s), 030/100 VUs, 2569 complete and 0 interrupted iterations
a1     [  29% ] 030/100 VUs  0m52.0s/3m0s  50.00 iters/s

running (0m53.0s), 030/100 VUs, 2619 complete and 0 interrupted iterations
a1     [  29% ] 030/100 VUs  0m53.0s/3m0s  50.00 iters/s

running (0m54.0s), 027/100 VUs, 2672 complete and 0 interrupted iterations
a1     [  30% ] 027/100 VUs  0m54.0s/3m0s  50.00 iters/s

running (0m55.0s), 000/100 VUs, 2749 complete and 0 interrupted iterations
a1     [  31% ] 000/100 VUs  0m55.0s/3m0s  50.00 iters/s

running (0m56.0s), 000/100 VUs, 2799 complete and 0 interrupted iterations
a1     [  31% ] 000/100 VUs  0m56.0s/3m0s  50.00 iters/s

running (0m57.0s), 025/100 VUs, 2824 complete and 0 interrupted iterations
a1     [  32% ] 025/100 VUs  0m57.0s/3m0s  50.00 iters/s

running (0m58.0s), 016/100 VUs, 2883 complete and 0 interrupted iterations
a1     [  32% ] 016/100 VUs  0m58.0s/3m0s  50.00 iters/s

running (0m59.0s), 030/100 VUs, 2919 complete and 0 interrupted iterations
a1     [  33% ] 030/100 VUs  0m59.0s/3m0s  50.00 iters/s

running (1m00.0s), 080/100 VUs, 2919 complete and 0 interrupted iterations
a1     [  33% ] 080/100 VUs  1m00.0s/3m0s  50.00 iters/s

running (1m01.0s), 105/106 VUs, 2938 complete and 0 interrupted iterations
a1     [  34% ] 105/106 VUs  1m01.0s/3m0s  50.00 iters/s

running (1m02.0s), 121/122 VUs, 2956 complete and 0 interrupted iterations
a1     [  34% ] 121/122 VUs  1m02.0s/3m0s  50.00 iters/s

running (1m03.0s), 142/143 VUs, 2964 complete and 0 interrupted iterations
a1     [  35% ] 142/143 VUs  1m03.0s/3m0s  50.00 iters/s

running (1m04.0s), 160/161 VUs, 2978 complete and 0 interrupted iterations
a1     [  36% ] 160/161 VUs  1m04.0s/3m0s  50.00 iters/s

running (1m05.0s), 175/175 VUs, 2999 complete and 0 interrupted iterations
a1     [  36% ] 175/175 VUs  1m05.0s/3m0s  50.00 iters/s

running (1m06.0s), 162/176 VUs, 3061 complete and 0 interrupted iterations
a1     [  37% ] 162/176 VUs  1m06.0s/3m0s  50.00 iters/s

running (1m07.0s), 030/176 VUs, 3243 complete and 0 interrupted iterations
a1     [  37% ] 030/176 VUs  1m07.0s/3m0s  50.00 iters/s

running (1m08.0s), 000/176 VUs, 3323 complete and 0 interrupted iterations
a1     [  38% ] 000/176 VUs  1m08.0s/3m0s  50.00 iters/s

running (1m09.0s), 001/176 VUs, 3372 complete and 0 interrupted iterations
a1     [  38% ] 001/176 VUs  1m09.0s/3m0s  50.00 iters/s

running (1m10.0s), 028/176 VUs, 3395 complete and 0 interrupted iterations
a1     [  39% ] 028/176 VUs  1m10.0s/3m0s  50.00 iters/s

running (1m11.0s), 031/176 VUs, 3442 complete and 0 interrupted iterations
a1     [  39% ] 031/176 VUs  1m11.0s/3m0s  50.00 iters/s

running (1m12.0s), 024/176 VUs, 3499 complete and 0 interrupted iterations
a1     [  40% ] 024/176 VUs  1m12.0s/3m0s  50.00 iters/s

running (1m13.0s), 029/176 VUs, 3544 complete and 0 interrupted iterations
a1     [  41% ] 029/176 VUs  1m13.0s/3m0s  50.00 iters/s

running (1m14.0s), 002/176 VUs, 3621 complete and 0 interrupted iterations
a1     [  41% ] 002/176 VUs  1m14.0s/3m0s  50.00 iters/s

running (1m15.0s), 031/176 VUs, 3642 complete and 0 interrupted iterations
a1     [  42% ] 031/176 VUs  1m15.0s/3m0s  50.00 iters/s

running (1m16.0s), 024/176 VUs, 3699 complete and 0 interrupted iterations
a1     [  42% ] 024/176 VUs  1m16.0s/3m0s  50.00 iters/s

running (1m17.0s), 032/176 VUs, 3741 complete and 0 interrupted iterations
a1     [  43% ] 032/176 VUs  1m17.0s/3m0s  50.00 iters/s

running (1m18.0s), 031/176 VUs, 3792 complete and 0 interrupted iterations
a1     [  43% ] 031/176 VUs  1m18.0s/3m0s  50.00 iters/s

running (1m19.0s), 034/176 VUs, 3839 complete and 0 interrupted iterations
a1     [  44% ] 034/176 VUs  1m19.0s/3m0s  50.00 iters/s

running (1m20.0s), 000/176 VUs, 3923 complete and 0 interrupted iterations
a1     [  44% ] 000/176 VUs  1m20.0s/3m0s  50.00 iters/s

running (1m21.0s), 000/176 VUs, 3973 complete and 0 interrupted iterations
a1     [  45% ] 000/176 VUs  1m21.0s/3m0s  50.00 iters/s

running (1m22.0s), 018/176 VUs, 4005 complete and 0 interrupted iterations
a1     [  46% ] 018/176 VUs  1m22.0s/3m0s  50.00 iters/s

running (1m23.0s), 032/176 VUs, 4041 complete and 0 interrupted iterations
a1     [  46% ] 032/176 VUs  1m23.0s/3m0s  50.00 iters/s

running (1m24.0s), 018/176 VUs, 4105 complete and 0 interrupted iterations
a1     [  47% ] 018/176 VUs  1m24.0s/3m0s  50.00 iters/s

running (1m25.0s), 033/176 VUs, 4140 complete and 0 interrupted iterations
a1     [  47% ] 033/176 VUs  1m25.0s/3m0s  50.00 iters/s

running (1m26.0s), 019/176 VUs, 4204 complete and 0 interrupted iterations
a1     [  48% ] 019/176 VUs  1m26.0s/3m0s  50.00 iters/s

running (1m27.0s), 033/176 VUs, 4240 complete and 0 interrupted iterations
a1     [  48% ] 033/176 VUs  1m27.0s/3m0s  50.00 iters/s

running (1m28.0s), 016/176 VUs, 4307 complete and 0 interrupted iterations
a1     [  49% ] 016/176 VUs  1m28.0s/3m0s  50.00 iters/s

running (1m29.0s), 017/176 VUs, 4356 complete and 0 interrupted iterations
a1     [  49% ] 017/176 VUs  1m29.0s/3m0s  50.00 iters/s

running (1m30.0s), 033/176 VUs, 4390 complete and 0 interrupted iterations
a1     [  50% ] 033/176 VUs  1m30.0s/3m0s  50.00 iters/s

running (1m31.0s), 001/176 VUs, 4472 complete and 0 interrupted iterations
a1     [  51% ] 001/176 VUs  1m31.0s/3m0s  50.00 iters/s

running (1m32.0s), 000/176 VUs, 4523 complete and 0 interrupted iterations
a1     [  51% ] 000/176 VUs  1m32.0s/3m0s  50.00 iters/s

running (1m33.0s), 000/176 VUs, 4573 complete and 0 interrupted iterations
a1     [  52% ] 000/176 VUs  1m33.0s/3m0s  50.00 iters/s

running (1m34.0s), 000/176 VUs, 4623 complete and 0 interrupted iterations
a1     [  52% ] 000/176 VUs  1m34.0s/3m0s  50.00 iters/s

running (1m35.0s), 000/176 VUs, 4673 complete and 0 interrupted iterations
a1     [  53% ] 000/176 VUs  1m35.0s/3m0s  50.00 iters/s

running (1m36.0s), 036/176 VUs, 4687 complete and 0 interrupted iterations
a1     [  53% ] 036/176 VUs  1m36.0s/3m0s  50.00 iters/s

running (1m37.0s), 086/176 VUs, 4687 complete and 0 interrupted iterations
a1     [  54% ] 086/176 VUs  1m37.0s/3m0s  50.00 iters/s

running (1m38.0s), 114/176 VUs, 4709 complete and 0 interrupted iterations
a1     [  54% ] 114/176 VUs  1m38.0s/3m0s  50.00 iters/s

running (1m39.0s), 149/176 VUs, 4724 complete and 0 interrupted iterations
a1     [  55% ] 149/176 VUs  1m39.0s/3m0s  50.00 iters/s

running (1m40.0s), 185/186 VUs, 4728 complete and 0 interrupted iterations
a1     [  56% ] 185/186 VUs  1m40.0s/3m0s  50.00 iters/s

running (1m41.0s), 201/202 VUs, 4746 complete and 0 interrupted iterations
a1     [  56% ] 201/202 VUs  1m41.0s/3m0s  50.00 iters/s

running (1m42.0s), 212/218 VUs, 4769 complete and 0 interrupted iterations
a1     [  57% ] 212/218 VUs  1m42.0s/3m0s  50.00 iters/s

running (1m43.0s), 000/218 VUs, 5031 complete and 0 interrupted iterations
a1     [  57% ] 000/218 VUs  1m43.0s/3m0s  50.00 iters/s

running (1m44.0s), 000/218 VUs, 5081 complete and 0 interrupted iterations
a1     [  58% ] 000/218 VUs  1m44.0s/3m0s  50.00 iters/s

running (1m45.0s), 000/218 VUs, 5131 complete and 0 interrupted iterations
a1     [  58% ] 000/218 VUs  1m45.0s/3m0s  50.00 iters/s

running (1m46.0s), 001/218 VUs, 5180 complete and 0 interrupted iterations
a1     [  59% ] 001/218 VUs  1m46.0s/3m0s  50.00 iters/s

running (1m47.0s), 029/218 VUs, 5202 complete and 0 interrupted iterations
a1     [  59% ] 029/218 VUs  1m47.0s/3m0s  50.00 iters/s

running (1m48.0s), 077/218 VUs, 5204 complete and 0 interrupted iterations
a1     [  60% ] 077/218 VUs  1m48.0s/3m0s  50.00 iters/s

running (1m49.0s), 107/218 VUs, 5224 complete and 0 interrupted iterations
a1     [  61% ] 107/218 VUs  1m49.0s/3m0s  50.00 iters/s

running (1m50.0s), 145/218 VUs, 5236 complete and 0 interrupted iterations
a1     [  61% ] 145/218 VUs  1m50.0s/3m0s  50.00 iters/s

running (1m51.0s), 176/218 VUs, 5255 complete and 0 interrupted iterations
a1     [  62% ] 176/218 VUs  1m51.0s/3m0s  50.00 iters/s

running (1m52.0s), 214/218 VUs, 5267 complete and 0 interrupted iterations
a1     [  62% ] 214/218 VUs  1m52.0s/3m0s  50.00 iters/s

running (1m53.0s), 235/236 VUs, 5278 complete and 0 interrupted iterations
a1     [  63% ] 235/236 VUs  1m53.0s/3m0s  50.00 iters/s
time="2026-09-09T13:06:27+05:00" level=warning msg="The test has generated metrics with 100030 unique time series, which is higher than the suggested limit of 100000 and could cause high memory usage. Consider not using high-cardinality values like unique IDs as metric tags or, if you need them in the URL, use the name metric tag or URL grouping. See https://grafana.com/docs/k6/latest/using-k6/tags-and-groups/ for details." component=metrics-engine-ingester

running (1m54.0s), 000/238 VUs, 5561 complete and 0 interrupted iterations
a1     [  63% ] 000/238 VUs  1m54.0s/3m0s  50.00 iters/s

running (1m55.0s), 000/238 VUs, 5611 complete and 0 interrupted iterations
a1     [  64% ] 000/238 VUs  1m55.0s/3m0s  50.00 iters/s

running (1m56.0s), 000/238 VUs, 5661 complete and 0 interrupted iterations
a1     [  64% ] 000/238 VUs  1m56.0s/3m0s  50.00 iters/s

running (1m57.0s), 000/238 VUs, 5711 complete and 0 interrupted iterations
a1     [  65% ] 000/238 VUs  1m57.0s/3m0s  50.00 iters/s

running (1m58.0s), 000/238 VUs, 5761 complete and 0 interrupted iterations
a1     [  66% ] 000/238 VUs  1m58.0s/3m0s  50.00 iters/s

running (1m59.0s), 000/238 VUs, 5811 complete and 0 interrupted iterations
a1     [  66% ] 000/238 VUs  1m59.0s/3m0s  50.00 iters/s

running (2m00.0s), 000/238 VUs, 5861 complete and 0 interrupted iterations
a1     [  67% ] 000/238 VUs  2m00.0s/3m0s  50.00 iters/s

running (2m01.0s), 000/238 VUs, 5911 complete and 0 interrupted iterations
a1     [  67% ] 000/238 VUs  2m01.0s/3m0s  50.00 iters/s

running (2m02.0s), 000/238 VUs, 5961 complete and 0 interrupted iterations
a1     [  68% ] 000/238 VUs  2m02.0s/3m0s  50.00 iters/s

running (2m03.0s), 000/238 VUs, 6011 complete and 0 interrupted iterations
a1     [  68% ] 000/238 VUs  2m03.0s/3m0s  50.00 iters/s

running (2m04.0s), 000/238 VUs, 6061 complete and 0 interrupted iterations
a1     [  69% ] 000/238 VUs  2m04.0s/3m0s  50.00 iters/s

running (2m05.0s), 000/238 VUs, 6111 complete and 0 interrupted iterations
a1     [  69% ] 000/238 VUs  2m05.0s/3m0s  50.00 iters/s

running (2m06.0s), 000/238 VUs, 6161 complete and 0 interrupted iterations
a1     [  70% ] 000/238 VUs  2m06.0s/3m0s  50.00 iters/s

running (2m07.0s), 000/238 VUs, 6211 complete and 0 interrupted iterations
a1     [  71% ] 000/238 VUs  2m07.0s/3m0s  50.00 iters/s

running (2m08.0s), 000/238 VUs, 6261 complete and 0 interrupted iterations
a1     [  71% ] 000/238 VUs  2m08.0s/3m0s  50.00 iters/s

running (2m09.0s), 000/238 VUs, 6311 complete and 0 interrupted iterations
a1     [  72% ] 000/238 VUs  2m09.0s/3m0s  50.00 iters/s

running (2m10.0s), 045/238 VUs, 6316 complete and 0 interrupted iterations
a1     [  72% ] 045/238 VUs  2m10.0s/3m0s  50.00 iters/s

running (2m11.0s), 041/238 VUs, 6370 complete and 0 interrupted iterations
a1     [  73% ] 041/238 VUs  2m11.0s/3m0s  50.00 iters/s

running (2m12.0s), 046/238 VUs, 6415 complete and 0 interrupted iterations
a1     [  73% ] 046/238 VUs  2m12.0s/3m0s  50.00 iters/s

running (2m13.0s), 090/238 VUs, 6421 complete and 0 interrupted iterations
a1     [  74% ] 090/238 VUs  2m13.0s/3m0s  50.00 iters/s

running (2m14.0s), 129/238 VUs, 6432 complete and 0 interrupted iterations
a1     [  74% ] 129/238 VUs  2m14.0s/3m0s  50.00 iters/s

running (2m15.0s), 169/238 VUs, 6442 complete and 0 interrupted iterations
a1     [  75% ] 169/238 VUs  2m15.0s/3m0s  50.00 iters/s

running (2m16.0s), 198/238 VUs, 6463 complete and 0 interrupted iterations
a1     [  76% ] 198/238 VUs  2m16.0s/3m0s  50.00 iters/s

running (2m17.0s), 241/242 VUs, 6466 complete and 0 interrupted iterations
a1     [  76% ] 241/242 VUs  2m17.0s/3m0s  50.00 iters/s

running (2m18.0s), 197/252 VUs, 6550 complete and 0 interrupted iterations
a1     [  77% ] 197/252 VUs  2m18.0s/3m0s  50.00 iters/s

running (2m19.0s), 000/252 VUs, 6797 complete and 0 interrupted iterations
a1     [  77% ] 000/252 VUs  2m19.0s/3m0s  50.00 iters/s

running (2m20.0s), 000/252 VUs, 6847 complete and 0 interrupted iterations
a1     [  78% ] 000/252 VUs  2m20.0s/3m0s  50.00 iters/s

running (2m21.0s), 000/252 VUs, 6897 complete and 0 interrupted iterations
a1     [  78% ] 000/252 VUs  2m21.0s/3m0s  50.00 iters/s

running (2m22.0s), 000/252 VUs, 6947 complete and 0 interrupted iterations
a1     [  79% ] 000/252 VUs  2m22.0s/3m0s  50.00 iters/s

running (2m23.0s), 000/252 VUs, 6997 complete and 0 interrupted iterations
a1     [  79% ] 000/252 VUs  2m23.0s/3m0s  50.00 iters/s

running (2m24.0s), 000/252 VUs, 7047 complete and 0 interrupted iterations
a1     [  80% ] 000/252 VUs  2m24.0s/3m0s  50.00 iters/s

running (2m25.0s), 000/252 VUs, 7097 complete and 0 interrupted iterations
a1     [  81% ] 000/252 VUs  2m25.0s/3m0s  50.00 iters/s

running (2m26.0s), 003/252 VUs, 7144 complete and 0 interrupted iterations
a1     [  81% ] 003/252 VUs  2m26.0s/3m0s  50.00 iters/s

running (2m27.0s), 017/252 VUs, 7180 complete and 0 interrupted iterations
a1     [  82% ] 017/252 VUs  2m27.0s/3m0s  50.00 iters/s

running (2m28.0s), 022/252 VUs, 7225 complete and 0 interrupted iterations
a1     [  82% ] 022/252 VUs  2m28.0s/3m0s  50.00 iters/s

running (2m29.0s), 000/252 VUs, 7297 complete and 0 interrupted iterations
a1     [  83% ] 000/252 VUs  2m29.0s/3m0s  50.00 iters/s

running (2m30.0s), 020/252 VUs, 7327 complete and 0 interrupted iterations
a1     [  83% ] 020/252 VUs  2m30.0s/3m0s  50.00 iters/s

running (2m31.0s), 024/252 VUs, 7373 complete and 0 interrupted iterations
a1     [  84% ] 024/252 VUs  2m31.0s/3m0s  50.00 iters/s

running (2m32.0s), 021/252 VUs, 7426 complete and 0 interrupted iterations
a1     [  84% ] 021/252 VUs  2m32.0s/3m0s  50.00 iters/s

running (2m33.0s), 000/252 VUs, 7497 complete and 0 interrupted iterations
a1     [  85% ] 000/252 VUs  2m33.0s/3m0s  50.00 iters/s

running (2m34.0s), 000/252 VUs, 7547 complete and 0 interrupted iterations
a1     [  86% ] 000/252 VUs  2m34.0s/3m0s  50.00 iters/s

running (2m35.0s), 000/252 VUs, 7597 complete and 0 interrupted iterations
a1     [  86% ] 000/252 VUs  2m35.0s/3m0s  50.00 iters/s

running (2m36.0s), 000/252 VUs, 7647 complete and 0 interrupted iterations
a1     [  87% ] 000/252 VUs  2m36.0s/3m0s  50.00 iters/s

running (2m37.0s), 000/252 VUs, 7697 complete and 0 interrupted iterations
a1     [  87% ] 000/252 VUs  2m37.0s/3m0s  50.00 iters/s

running (2m38.0s), 041/252 VUs, 7706 complete and 0 interrupted iterations
a1     [  88% ] 041/252 VUs  2m38.0s/3m0s  50.00 iters/s

running (2m39.0s), 082/252 VUs, 7715 complete and 0 interrupted iterations
a1     [  88% ] 082/252 VUs  2m39.0s/3m0s  50.00 iters/s

running (2m40.0s), 123/252 VUs, 7724 complete and 0 interrupted iterations
a1     [  89% ] 123/252 VUs  2m40.0s/3m0s  50.00 iters/s

running (2m41.0s), 153/252 VUs, 7744 complete and 0 interrupted iterations
a1     [  89% ] 153/252 VUs  2m41.0s/3m0s  50.00 iters/s

running (2m42.0s), 195/252 VUs, 7752 complete and 0 interrupted iterations
a1     [  90% ] 195/252 VUs  2m42.0s/3m0s  50.00 iters/s

running (2m43.0s), 232/252 VUs, 7765 complete and 0 interrupted iterations
a1     [  91% ] 232/252 VUs  2m43.0s/3m0s  50.00 iters/s

running (2m44.0s), 257/262 VUs, 7780 complete and 0 interrupted iterations
a1     [  91% ] 257/262 VUs  2m44.0s/3m0s  50.00 iters/s

running (2m45.0s), 000/262 VUs, 8087 complete and 0 interrupted iterations
a1     [  92% ] 000/262 VUs  2m45.0s/3m0s  50.00 iters/s

running (2m46.0s), 000/262 VUs, 8137 complete and 0 interrupted iterations
a1     [  92% ] 000/262 VUs  2m46.0s/3m0s  50.00 iters/s

running (2m47.0s), 000/262 VUs, 8187 complete and 0 interrupted iterations
a1     [  93% ] 000/262 VUs  2m47.0s/3m0s  50.00 iters/s

running (2m48.0s), 000/262 VUs, 8237 complete and 0 interrupted iterations
a1     [  93% ] 000/262 VUs  2m48.0s/3m0s  50.00 iters/s

running (2m49.0s), 000/262 VUs, 8287 complete and 0 interrupted iterations
a1     [  94% ] 000/262 VUs  2m49.0s/3m0s  50.00 iters/s

running (2m50.0s), 001/262 VUs, 8336 complete and 0 interrupted iterations
a1     [  94% ] 001/262 VUs  2m50.0s/3m0s  50.00 iters/s

running (2m51.0s), 043/262 VUs, 8344 complete and 0 interrupted iterations
a1     [  95% ] 043/262 VUs  2m51.0s/3m0s  50.00 iters/s

running (2m52.0s), 081/262 VUs, 8356 complete and 0 interrupted iterations
a1     [  96% ] 081/262 VUs  2m52.0s/3m0s  50.00 iters/s

running (2m53.0s), 120/262 VUs, 8367 complete and 0 interrupted iterations
a1     [  96% ] 120/262 VUs  2m53.0s/3m0s  50.00 iters/s

running (2m54.0s), 155/262 VUs, 8382 complete and 0 interrupted iterations
a1     [  97% ] 155/262 VUs  2m54.0s/3m0s  50.00 iters/s

running (2m55.0s), 204/262 VUs, 8383 complete and 0 interrupted iterations
a1     [  97% ] 204/262 VUs  2m55.0s/3m0s  50.00 iters/s

running (2m56.0s), 237/262 VUs, 8400 complete and 0 interrupted iterations
a1     [  98% ] 237/262 VUs  2m56.0s/3m0s  50.00 iters/s

running (2m57.0s), 014/262 VUs, 8673 complete and 0 interrupted iterations
a1     [  98% ] 014/262 VUs  2m57.0s/3m0s  50.00 iters/s

running (2m58.0s), 000/262 VUs, 8737 complete and 0 interrupted iterations
a1     [  99% ] 000/262 VUs  2m58.0s/3m0s  50.00 iters/s

running (2m59.0s), 000/262 VUs, 8787 complete and 0 interrupted iterations
a1     [  99% ] 000/262 VUs  2m59.0s/3m0s  50.00 iters/s

running (3m00.0s), 000/262 VUs, 8837 complete and 0 interrupted iterations
a1     [ 100% ] 000/262 VUs  3m00.0s/3m0s  50.00 iters/s


  █ THRESHOLDS 

    http_req_failed
    ✓ 'rate<0.05' rate=0.00%


  █ TOTAL RESULTS 

    checks_total.......: 26514   147.298924/s
    checks_succeeded...: 100.00% 26514 out of 26514
    checks_failed......: 0.00%   0 out of 26514

    ✓ initiated
    ✓ validated
    ✓ terminal

    CUSTOM
    a1_lifecycle_duration..........: avg=840.37ms min=6ms    med=254.5ms  p(95)=4.37s p(99)=5.38s max=6.44s
    a1_lifecycles_completed........: 8838   49.099641/s
    a1_transitions_committed.......: 26514  147.298924/s

    HTTP
    http_req_duration..............: avg=279.97ms min=1.69ms med=40.72ms  p(95)=1.81s p(99)=2.78s max=5.37s
      { expected_response:true }...: avg=279.97ms min=1.69ms med=40.72ms  p(95)=1.81s p(99)=2.78s max=5.37s
    http_req_failed................: 0.00%  0 out of 26514
    http_reqs......................: 26514  147.298924/s

    EXECUTION
    dropped_iterations.............: 162    0.899993/s
    iteration_duration.............: avg=840.44ms min=6.68ms med=254.42ms p(95)=4.37s p(99)=5.38s max=6.44s
    iterations.....................: 8838   49.099641/s
    vus............................: 0      min=0          max=257
    vus_max........................: 262    min=100        max=262

    NETWORK
    data_received..................: 10 MB  56 kB/s
    data_sent......................: 5.7 MB 32 kB/s




running (3m00.0s), 000/262 VUs, 8838 complete and 0 interrupted iterations
a1   ✓ [ 100% ] 000/262 VUs  3m0s  50.00 iters/s
