[13:03:56] === RUN CDC-C2N4OFF-r1-20260909130355 ===
[13:03:56] mode=CDC profile=C2N4OFF rep=1 tps=50 duration=180s fault=none
[13:03:56] jar: target/master-thesis-observability-0.0.1-SNAPSHOT.jar
[13:03:56] arxiv redo tozalanmoqda
[13:03:56] workload tozalanmoqda (reference saqlanadi)
workload reset; reference data preserved
AQ backlog purged: 0 -> 0
[13:04:03] Kafka topigi qayta yaratilmoqda
[13:04:12] ilova ishga tushirilmoqda (mode=CDC)
[13:04:29] ilova tayyor (pid 620702)
[13:04:29] --no-connector: konnektorsiz ishlatilmoqda (C2 bazaviy sharti)
[13:04:32] k6 yuklamasi boshlandi
[13:07:33] k6 iteratsiyalari: 8838
[13:07:33] pipeline bo'shashi kutilmoqda (maks 120s)
[13:13:38] OGOHLANTIRISH: pipeline 120s ichida bo'shamadi (db_pending=0 sink=0) - LOSS raqamlari ishonchsiz
[13:13:49] ground truth eksport qilinmoqda
[13:13:49] Kafka topigi eksport qilinmoqda
[13:14:16] tahlil
{
  "mode": "CDC",
  "profile": "C2N4OFF",
  "rep": "1",
  "fault": "none",
  "ground_truth_transitions": 26514,
  "delivered_distinct": 0,
  "delivered_total": 0,
  "matched": 0,
  "missing": 26514,
  "phantom": 0,
  "malformed": 0,
  "loss_rate": 1.0,
  "loss_rate_ppm": 1000000.0,
  "duplicate_rate": 0.0,
  "ordering_violation_rate": 0.0,
  "txns_split_across_partitions": 0,
  "latency_ms_p50": null,
  "latency_ms_p95": null,
  "latency_ms_p99": null,
  "latency_ms_max": null,
  "latency_ms_mean": null,
  "latency_samples": 0,
  "latency_negative_samples": 0
}
[13:14:16] ilova va konnektor to'xtatilmoqda
[13:14:22] === TUGADI: results/CDC-C2N4OFF-r1-20260909130355 ===
