[18:03:18] === RUN WRAPPER_B3-P1-r3-F2-20260904180318 ===
[18:03:18] mode=WRAPPER_B3 profile=P1 rep=3 tps=50 duration=180s fault=F2
[18:03:18] jar: target/master-thesis-observability-0.0.1-SNAPSHOT.jar
[18:03:18] workload tozalanmoqda (reference saqlanadi)
workload reset; reference data preserved
AQ backlog purged: 0 -> 0
[18:03:20] Kafka topigi qayta yaratilmoqda
[18:03:30] ilova ishga tushirilmoqda (mode=WRAPPER_B3)
[18:03:47] ilova tayyor (pid 4179833)
[18:03:50] fault F2 60s dan keyin yuboriladi
[18:03:50] k6 yuklamasi boshlandi
[fault 18:04:56] kafka-2 va kafka-3 to'xtatilmoqda (90s)
[fault 18:06:40] brokerlar qaytarilmoqda
[fault 18:06:41] F2 tugadi
[18:07:09] pipeline bo'shashi kutilmoqda (maks 120s)
[18:07:19] pipeline bo'sh (4s, sink=27003 xabar)
[18:07:29] ground truth eksport qilinmoqda
[18:07:30] Kafka topigi eksport qilinmoqda
[18:08:22] tahlil
{
  "mode": "WRAPPER_B3",
  "profile": "P1",
  "rep": "3",
  "fault": "F2",
  "ground_truth_transitions": 27003,
  "delivered_distinct": 27003,
  "delivered_total": 27003,
  "matched": 27003,
  "missing": 0,
  "phantom": 0,
  "malformed": 0,
  "loss_rate": 0.0,
  "loss_rate_ppm": 0.0,
  "duplicate_rate": 0.0,
  "ordering_violation_rate": 0.0,
  "txns_split_across_partitions": 0,
  "latency_ms_p50": 19789,
  "latency_ms_p95": 103087,
  "latency_ms_p99": 109737,
  "latency_ms_max": 111537,
  "latency_ms_mean": 34418.1,
  "latency_samples": 27003,
  "latency_negative_samples": 0,
  "loss_rate_upper_bound_95_ppm": 111.1
}
[18:08:22] ilova va konnektor to'xtatilmoqda
[18:08:26] === TUGADI: results/WRAPPER_B3-P1-r3-F2-20260904180318 ===
