
         /\      Grafana   /‾‾/  
    /\  /  \     |\  __   /  /   
   /  \/    \    | |/ /  /   ‾‾\ 
  /          \   |   (  |  (‾)  |
 / __________ \  |_|\_\  \_____/ 


     execution: local
        script: harness/k6/a1-workload.js
        output: -

     scenarios: (100.00%) 1 scenario, 600 max VUs, 3m30s max duration (incl. graceful stop):
              * a1: 50.00 iterations/s for 3m0s (maxVUs: 100-600, gracefulStop: 30s)


running (0m01.0s), 050/100 VUs, 0 complete and 0 interrupted iterations
a1     [   1% ] 050/100 VUs  0m01.0s/3m0s  50.00 iters/s

running (0m02.0s), 100/100 VUs, 0 complete and 0 interrupted iterations
a1     [   1% ] 100/100 VUs  0m02.0s/3m0s  50.00 iters/s

running (0m03.0s), 003/102 VUs, 145 complete and 0 interrupted iterations
a1     [   2% ] 003/102 VUs  0m03.0s/3m0s  50.00 iters/s

running (0m04.0s), 002/102 VUs, 196 complete and 0 interrupted iterations
a1     [   2% ] 002/102 VUs  0m04.0s/3m0s  50.00 iters/s

running (0m05.0s), 002/102 VUs, 246 complete and 0 interrupted iterations
a1     [   3% ] 002/102 VUs  0m05.0s/3m0s  50.00 iters/s

running (0m06.0s), 002/102 VUs, 296 complete and 0 interrupted iterations
a1     [   3% ] 002/102 VUs  0m06.0s/3m0s  50.00 iters/s

running (0m07.0s), 001/102 VUs, 347 complete and 0 interrupted iterations
a1     [   4% ] 001/102 VUs  0m07.0s/3m0s  50.00 iters/s

running (0m08.0s), 002/102 VUs, 396 complete and 0 interrupted iterations
a1     [   4% ] 002/102 VUs  0m08.0s/3m0s  50.00 iters/s

running (0m09.0s), 046/102 VUs, 402 complete and 0 interrupted iterations
a1     [   5% ] 046/102 VUs  0m09.0s/3m0s  50.00 iters/s

running (0m10.0s), 096/102 VUs, 402 complete and 0 interrupted iterations
a1     [   6% ] 096/102 VUs  0m10.0s/3m0s  50.00 iters/s

running (0m11.0s), 124/124 VUs, 402 complete and 0 interrupted iterations
a1     [   6% ] 124/124 VUs  0m11.0s/3m0s  50.00 iters/s

running (0m12.0s), 149/149 VUs, 402 complete and 0 interrupted iterations
a1     [   7% ] 149/149 VUs  0m12.0s/3m0s  50.00 iters/s

running (0m13.0s), 174/174 VUs, 402 complete and 0 interrupted iterations
a1     [   7% ] 174/174 VUs  0m13.0s/3m0s  50.00 iters/s

running (0m14.0s), 199/199 VUs, 402 complete and 0 interrupted iterations
a1     [   8% ] 199/199 VUs  0m14.0s/3m0s  50.00 iters/s

running (0m15.0s), 224/224 VUs, 402 complete and 0 interrupted iterations
a1     [   8% ] 224/224 VUs  0m15.0s/3m0s  50.00 iters/s

running (0m16.0s), 187/239 VUs, 474 complete and 0 interrupted iterations
a1     [   9% ] 187/239 VUs  0m16.0s/3m0s  50.00 iters/s

running (0m17.0s), 001/239 VUs, 710 complete and 0 interrupted iterations
a1     [   9% ] 001/239 VUs  0m17.0s/3m0s  50.00 iters/s

running (0m18.0s), 001/239 VUs, 760 complete and 0 interrupted iterations
a1     [  10% ] 001/239 VUs  0m18.0s/3m0s  50.00 iters/s

running (0m19.0s), 001/239 VUs, 810 complete and 0 interrupted iterations
a1     [  11% ] 001/239 VUs  0m19.0s/3m0s  50.00 iters/s

running (0m20.0s), 001/239 VUs, 860 complete and 0 interrupted iterations
a1     [  11% ] 001/239 VUs  0m20.0s/3m0s  50.00 iters/s

running (0m21.0s), 001/239 VUs, 910 complete and 0 interrupted iterations
a1     [  12% ] 001/239 VUs  0m21.0s/3m0s  50.00 iters/s

running (0m22.0s), 001/239 VUs, 960 complete and 0 interrupted iterations
a1     [  12% ] 001/239 VUs  0m22.0s/3m0s  50.00 iters/s

running (0m23.0s), 001/239 VUs, 1010 complete and 0 interrupted iterations
a1     [  13% ] 001/239 VUs  0m23.0s/3m0s  50.00 iters/s

running (0m24.0s), 001/239 VUs, 1060 complete and 0 interrupted iterations
a1     [  13% ] 001/239 VUs  0m24.0s/3m0s  50.00 iters/s

running (0m25.0s), 002/239 VUs, 1109 complete and 0 interrupted iterations
a1     [  14% ] 002/239 VUs  0m25.0s/3m0s  50.00 iters/s

running (0m26.0s), 001/239 VUs, 1160 complete and 0 interrupted iterations
a1     [  14% ] 001/239 VUs  0m26.0s/3m0s  50.00 iters/s

running (0m27.0s), 002/239 VUs, 1209 complete and 0 interrupted iterations
a1     [  15% ] 002/239 VUs  0m27.0s/3m0s  50.00 iters/s

running (0m28.0s), 002/239 VUs, 1259 complete and 0 interrupted iterations
a1     [  16% ] 002/239 VUs  0m28.0s/3m0s  50.00 iters/s

running (0m29.0s), 001/239 VUs, 1310 complete and 0 interrupted iterations
a1     [  16% ] 001/239 VUs  0m29.0s/3m0s  50.00 iters/s

running (0m30.0s), 001/239 VUs, 1360 complete and 0 interrupted iterations
a1     [  17% ] 001/239 VUs  0m30.0s/3m0s  50.00 iters/s

running (0m31.0s), 001/239 VUs, 1410 complete and 0 interrupted iterations
a1     [  17% ] 001/239 VUs  0m31.0s/3m0s  50.00 iters/s

running (0m32.0s), 001/239 VUs, 1460 complete and 0 interrupted iterations
a1     [  18% ] 001/239 VUs  0m32.0s/3m0s  50.00 iters/s

running (0m33.0s), 001/239 VUs, 1510 complete and 0 interrupted iterations
a1     [  18% ] 001/239 VUs  0m33.0s/3m0s  50.00 iters/s

running (0m34.0s), 001/239 VUs, 1560 complete and 0 interrupted iterations
a1     [  19% ] 001/239 VUs  0m34.0s/3m0s  50.00 iters/s

running (0m35.0s), 001/239 VUs, 1610 complete and 0 interrupted iterations
a1     [  19% ] 001/239 VUs  0m35.0s/3m0s  50.00 iters/s

running (0m36.0s), 001/239 VUs, 1660 complete and 0 interrupted iterations
a1     [  20% ] 001/239 VUs  0m36.0s/3m0s  50.00 iters/s

running (0m37.0s), 001/239 VUs, 1710 complete and 0 interrupted iterations
a1     [  21% ] 001/239 VUs  0m37.0s/3m0s  50.00 iters/s

running (0m38.0s), 001/239 VUs, 1760 complete and 0 interrupted iterations
a1     [  21% ] 001/239 VUs  0m38.0s/3m0s  50.00 iters/s

running (0m39.0s), 002/239 VUs, 1809 complete and 0 interrupted iterations
a1     [  22% ] 002/239 VUs  0m39.0s/3m0s  50.00 iters/s

running (0m40.0s), 002/239 VUs, 1859 complete and 0 interrupted iterations
a1     [  22% ] 002/239 VUs  0m40.0s/3m0s  50.00 iters/s

running (0m41.0s), 001/239 VUs, 1910 complete and 0 interrupted iterations
a1     [  23% ] 001/239 VUs  0m41.0s/3m0s  50.00 iters/s

running (0m42.0s), 001/239 VUs, 1960 complete and 0 interrupted iterations
a1     [  23% ] 001/239 VUs  0m42.0s/3m0s  50.00 iters/s

running (0m43.0s), 001/239 VUs, 2010 complete and 0 interrupted iterations
a1     [  24% ] 001/239 VUs  0m43.0s/3m0s  50.00 iters/s

running (0m44.0s), 001/239 VUs, 2060 complete and 0 interrupted iterations
a1     [  24% ] 001/239 VUs  0m44.0s/3m0s  50.00 iters/s

running (0m45.0s), 001/239 VUs, 2110 complete and 0 interrupted iterations
a1     [  25% ] 001/239 VUs  0m45.0s/3m0s  50.00 iters/s

running (0m46.0s), 001/239 VUs, 2160 complete and 0 interrupted iterations
a1     [  26% ] 001/239 VUs  0m46.0s/3m0s  50.00 iters/s

running (0m47.0s), 001/239 VUs, 2210 complete and 0 interrupted iterations
a1     [  26% ] 001/239 VUs  0m47.0s/3m0s  50.00 iters/s

running (0m48.0s), 001/239 VUs, 2260 complete and 0 interrupted iterations
a1     [  27% ] 001/239 VUs  0m48.0s/3m0s  50.00 iters/s

running (0m49.0s), 001/239 VUs, 2310 complete and 0 interrupted iterations
a1     [  27% ] 001/239 VUs  0m49.0s/3m0s  50.00 iters/s

running (0m50.0s), 001/239 VUs, 2360 complete and 0 interrupted iterations
a1     [  28% ] 001/239 VUs  0m50.0s/3m0s  50.00 iters/s

running (0m51.0s), 002/239 VUs, 2409 complete and 0 interrupted iterations
a1     [  28% ] 002/239 VUs  0m51.0s/3m0s  50.00 iters/s

running (0m52.0s), 001/239 VUs, 2460 complete and 0 interrupted iterations
a1     [  29% ] 001/239 VUs  0m52.0s/3m0s  50.00 iters/s

running (0m53.0s), 001/239 VUs, 2510 complete and 0 interrupted iterations
a1     [  29% ] 001/239 VUs  0m53.0s/3m0s  50.00 iters/s

running (0m54.0s), 001/239 VUs, 2560 complete and 0 interrupted iterations
a1     [  30% ] 001/239 VUs  0m54.0s/3m0s  50.00 iters/s

running (0m55.0s), 001/239 VUs, 2610 complete and 0 interrupted iterations
a1     [  31% ] 001/239 VUs  0m55.0s/3m0s  50.00 iters/s

running (0m56.0s), 001/239 VUs, 2660 complete and 0 interrupted iterations
a1     [  31% ] 001/239 VUs  0m56.0s/3m0s  50.00 iters/s

running (0m57.0s), 001/239 VUs, 2710 complete and 0 interrupted iterations
a1     [  32% ] 001/239 VUs  0m57.0s/3m0s  50.00 iters/s

running (0m58.0s), 001/239 VUs, 2760 complete and 0 interrupted iterations
a1     [  32% ] 001/239 VUs  0m58.0s/3m0s  50.00 iters/s

running (0m59.0s), 001/239 VUs, 2810 complete and 0 interrupted iterations
a1     [  33% ] 001/239 VUs  0m59.0s/3m0s  50.00 iters/s

running (1m00.0s), 001/239 VUs, 2860 complete and 0 interrupted iterations
a1     [  33% ] 001/239 VUs  1m00.0s/3m0s  50.00 iters/s

running (1m01.0s), 016/239 VUs, 2895 complete and 0 interrupted iterations
a1     [  34% ] 016/239 VUs  1m01.0s/3m0s  50.00 iters/s

running (1m02.0s), 001/239 VUs, 2960 complete and 0 interrupted iterations
a1     [  34% ] 001/239 VUs  1m02.0s/3m0s  50.00 iters/s

running (1m03.0s), 002/239 VUs, 3009 complete and 0 interrupted iterations
a1     [  35% ] 002/239 VUs  1m03.0s/3m0s  50.00 iters/s

running (1m04.0s), 001/239 VUs, 3060 complete and 0 interrupted iterations
a1     [  36% ] 001/239 VUs  1m04.0s/3m0s  50.00 iters/s

running (1m05.0s), 001/239 VUs, 3110 complete and 0 interrupted iterations
a1     [  36% ] 001/239 VUs  1m05.0s/3m0s  50.00 iters/s

running (1m06.0s), 001/239 VUs, 3160 complete and 0 interrupted iterations
a1     [  37% ] 001/239 VUs  1m06.0s/3m0s  50.00 iters/s

running (1m07.0s), 001/239 VUs, 3210 complete and 0 interrupted iterations
a1     [  37% ] 001/239 VUs  1m07.0s/3m0s  50.00 iters/s

running (1m08.0s), 001/239 VUs, 3260 complete and 0 interrupted iterations
a1     [  38% ] 001/239 VUs  1m08.0s/3m0s  50.00 iters/s

running (1m09.0s), 001/239 VUs, 3310 complete and 0 interrupted iterations
a1     [  38% ] 001/239 VUs  1m09.0s/3m0s  50.00 iters/s

running (1m10.0s), 038/239 VUs, 3323 complete and 0 interrupted iterations
a1     [  39% ] 038/239 VUs  1m10.0s/3m0s  50.00 iters/s

running (1m11.0s), 029/239 VUs, 3382 complete and 0 interrupted iterations
a1     [  39% ] 029/239 VUs  1m11.0s/3m0s  50.00 iters/s

running (1m12.0s), 001/239 VUs, 3460 complete and 0 interrupted iterations
a1     [  40% ] 001/239 VUs  1m12.0s/3m0s  50.00 iters/s

running (1m13.0s), 001/239 VUs, 3510 complete and 0 interrupted iterations
a1     [  41% ] 001/239 VUs  1m13.0s/3m0s  50.00 iters/s

running (1m14.0s), 001/239 VUs, 3560 complete and 0 interrupted iterations
a1     [  41% ] 001/239 VUs  1m14.0s/3m0s  50.00 iters/s

running (1m15.0s), 023/239 VUs, 3588 complete and 0 interrupted iterations
a1     [  42% ] 023/239 VUs  1m15.0s/3m0s  50.00 iters/s

running (1m16.0s), 013/239 VUs, 3648 complete and 0 interrupted iterations
a1     [  42% ] 013/239 VUs  1m16.0s/3m0s  50.00 iters/s

running (1m17.0s), 001/239 VUs, 3710 complete and 0 interrupted iterations
a1     [  43% ] 001/239 VUs  1m17.0s/3m0s  50.00 iters/s

running (1m18.0s), 001/239 VUs, 3760 complete and 0 interrupted iterations
a1     [  43% ] 001/239 VUs  1m18.0s/3m0s  50.00 iters/s

running (1m19.0s), 001/239 VUs, 3810 complete and 0 interrupted iterations
a1     [  44% ] 001/239 VUs  1m19.0s/3m0s  50.00 iters/s

running (1m20.0s), 001/239 VUs, 3860 complete and 0 interrupted iterations
a1     [  44% ] 001/239 VUs  1m20.0s/3m0s  50.00 iters/s

running (1m21.0s), 006/239 VUs, 3905 complete and 0 interrupted iterations
a1     [  45% ] 006/239 VUs  1m21.0s/3m0s  50.00 iters/s

running (1m22.0s), 008/239 VUs, 3953 complete and 0 interrupted iterations
a1     [  46% ] 008/239 VUs  1m22.0s/3m0s  50.00 iters/s

running (1m23.0s), 001/239 VUs, 4010 complete and 0 interrupted iterations
a1     [  46% ] 001/239 VUs  1m23.0s/3m0s  50.00 iters/s

running (1m24.0s), 001/239 VUs, 4060 complete and 0 interrupted iterations
a1     [  47% ] 001/239 VUs  1m24.0s/3m0s  50.00 iters/s

running (1m25.0s), 003/239 VUs, 4108 complete and 0 interrupted iterations
a1     [  47% ] 003/239 VUs  1m25.0s/3m0s  50.00 iters/s

running (1m26.0s), 016/239 VUs, 4145 complete and 0 interrupted iterations
a1     [  48% ] 016/239 VUs  1m26.0s/3m0s  50.00 iters/s

running (1m27.0s), 019/239 VUs, 4192 complete and 0 interrupted iterations
a1     [  48% ] 019/239 VUs  1m27.0s/3m0s  50.00 iters/s

running (1m28.0s), 013/239 VUs, 4248 complete and 0 interrupted iterations
a1     [  49% ] 013/239 VUs  1m28.0s/3m0s  50.00 iters/s

running (1m29.0s), 001/239 VUs, 4310 complete and 0 interrupted iterations
a1     [  49% ] 001/239 VUs  1m29.0s/3m0s  50.00 iters/s

running (1m30.0s), 001/239 VUs, 4360 complete and 0 interrupted iterations
a1     [  50% ] 001/239 VUs  1m30.0s/3m0s  50.00 iters/s

running (1m31.0s), 001/239 VUs, 4410 complete and 0 interrupted iterations
a1     [  51% ] 001/239 VUs  1m31.0s/3m0s  50.00 iters/s

running (1m32.0s), 006/239 VUs, 4455 complete and 0 interrupted iterations
a1     [  51% ] 006/239 VUs  1m32.0s/3m0s  50.00 iters/s

running (1m33.0s), 002/239 VUs, 4509 complete and 0 interrupted iterations
a1     [  52% ] 002/239 VUs  1m33.0s/3m0s  50.00 iters/s

running (1m34.0s), 002/239 VUs, 4559 complete and 0 interrupted iterations
a1     [  52% ] 002/239 VUs  1m34.0s/3m0s  50.00 iters/s

running (1m35.0s), 034/239 VUs, 4577 complete and 0 interrupted iterations
a1     [  53% ] 034/239 VUs  1m35.0s/3m0s  50.00 iters/s

running (1m36.0s), 005/239 VUs, 4656 complete and 0 interrupted iterations
a1     [  53% ] 005/239 VUs  1m36.0s/3m0s  50.00 iters/s

running (1m37.0s), 025/239 VUs, 4686 complete and 0 interrupted iterations
a1     [  54% ] 025/239 VUs  1m37.0s/3m0s  50.00 iters/s

running (1m38.0s), 026/239 VUs, 4735 complete and 0 interrupted iterations
a1     [  54% ] 026/239 VUs  1m38.0s/3m0s  50.00 iters/s

running (1m39.0s), 024/239 VUs, 4787 complete and 0 interrupted iterations
a1     [  55% ] 024/239 VUs  1m39.0s/3m0s  50.00 iters/s

running (1m40.0s), 001/239 VUs, 4860 complete and 0 interrupted iterations
a1     [  56% ] 001/239 VUs  1m40.0s/3m0s  50.00 iters/s

running (1m41.0s), 001/239 VUs, 4910 complete and 0 interrupted iterations
a1     [  56% ] 001/239 VUs  1m41.0s/3m0s  50.00 iters/s

running (1m42.0s), 001/239 VUs, 4960 complete and 0 interrupted iterations
a1     [  57% ] 001/239 VUs  1m42.0s/3m0s  50.00 iters/s

running (1m43.0s), 009/239 VUs, 5002 complete and 0 interrupted iterations
a1     [  57% ] 009/239 VUs  1m43.0s/3m0s  50.00 iters/s

running (1m44.0s), 001/239 VUs, 5060 complete and 0 interrupted iterations
a1     [  58% ] 001/239 VUs  1m44.0s/3m0s  50.00 iters/s

running (1m45.0s), 001/239 VUs, 5110 complete and 0 interrupted iterations
a1     [  58% ] 001/239 VUs  1m45.0s/3m0s  50.00 iters/s

running (1m46.0s), 001/239 VUs, 5160 complete and 0 interrupted iterations
a1     [  59% ] 001/239 VUs  1m46.0s/3m0s  50.00 iters/s

running (1m47.0s), 003/239 VUs, 5208 complete and 0 interrupted iterations
a1     [  59% ] 003/239 VUs  1m47.0s/3m0s  50.00 iters/s

running (1m48.0s), 001/239 VUs, 5260 complete and 0 interrupted iterations
a1     [  60% ] 001/239 VUs  1m48.0s/3m0s  50.00 iters/s

running (1m49.0s), 001/239 VUs, 5310 complete and 0 interrupted iterations
a1     [  61% ] 001/239 VUs  1m49.0s/3m0s  50.00 iters/s

running (1m50.0s), 001/239 VUs, 5360 complete and 0 interrupted iterations
a1     [  61% ] 001/239 VUs  1m50.0s/3m0s  50.00 iters/s

running (1m51.0s), 001/239 VUs, 5410 complete and 0 interrupted iterations
a1     [  62% ] 001/239 VUs  1m51.0s/3m0s  50.00 iters/s

running (1m52.0s), 001/239 VUs, 5460 complete and 0 interrupted iterations
a1     [  62% ] 001/239 VUs  1m52.0s/3m0s  50.00 iters/s

running (1m53.0s), 001/239 VUs, 5510 complete and 0 interrupted iterations
a1     [  63% ] 001/239 VUs  1m53.0s/3m0s  50.00 iters/s

running (1m54.0s), 001/239 VUs, 5560 complete and 0 interrupted iterations
a1     [  63% ] 001/239 VUs  1m54.0s/3m0s  50.00 iters/s
time="2026-09-09T17:16:07+05:00" level=warning msg="The test has generated metrics with 100102 unique time series, which is higher than the suggested limit of 100000 and could cause high memory usage. Consider not using high-cardinality values like unique IDs as metric tags or, if you need them in the URL, use the name metric tag or URL grouping. See https://grafana.com/docs/k6/latest/using-k6/tags-and-groups/ for details." component=metrics-engine-ingester

running (1m55.0s), 001/239 VUs, 5610 complete and 0 interrupted iterations
a1     [  64% ] 001/239 VUs  1m55.0s/3m0s  50.00 iters/s

running (1m56.0s), 001/239 VUs, 5660 complete and 0 interrupted iterations
a1     [  64% ] 001/239 VUs  1m56.0s/3m0s  50.00 iters/s

running (1m57.0s), 001/239 VUs, 5710 complete and 0 interrupted iterations
a1     [  65% ] 001/239 VUs  1m57.0s/3m0s  50.00 iters/s

running (1m58.0s), 001/239 VUs, 5760 complete and 0 interrupted iterations
a1     [  66% ] 001/239 VUs  1m58.0s/3m0s  50.00 iters/s

running (1m59.0s), 001/239 VUs, 5810 complete and 0 interrupted iterations
a1     [  66% ] 001/239 VUs  1m59.0s/3m0s  50.00 iters/s

running (2m00.0s), 002/239 VUs, 5859 complete and 0 interrupted iterations
a1     [  67% ] 002/239 VUs  2m00.0s/3m0s  50.00 iters/s

running (2m01.0s), 001/239 VUs, 5910 complete and 0 interrupted iterations
a1     [  67% ] 001/239 VUs  2m01.0s/3m0s  50.00 iters/s

running (2m02.0s), 002/239 VUs, 5959 complete and 0 interrupted iterations
a1     [  68% ] 002/239 VUs  2m02.0s/3m0s  50.00 iters/s

running (2m03.0s), 001/239 VUs, 6010 complete and 0 interrupted iterations
a1     [  68% ] 001/239 VUs  2m03.0s/3m0s  50.00 iters/s

running (2m04.0s), 002/239 VUs, 6059 complete and 0 interrupted iterations
a1     [  69% ] 002/239 VUs  2m04.0s/3m0s  50.00 iters/s

running (2m05.0s), 001/239 VUs, 6110 complete and 0 interrupted iterations
a1     [  69% ] 001/239 VUs  2m05.0s/3m0s  50.00 iters/s

running (2m06.0s), 001/239 VUs, 6160 complete and 0 interrupted iterations
a1     [  70% ] 001/239 VUs  2m06.0s/3m0s  50.00 iters/s

running (2m07.0s), 001/239 VUs, 6210 complete and 0 interrupted iterations
a1     [  71% ] 001/239 VUs  2m07.0s/3m0s  50.00 iters/s

running (2m08.0s), 001/239 VUs, 6260 complete and 0 interrupted iterations
a1     [  71% ] 001/239 VUs  2m08.0s/3m0s  50.00 iters/s

running (2m09.0s), 001/239 VUs, 6310 complete and 0 interrupted iterations
a1     [  72% ] 001/239 VUs  2m09.0s/3m0s  50.00 iters/s

running (2m10.0s), 001/239 VUs, 6360 complete and 0 interrupted iterations
a1     [  72% ] 001/239 VUs  2m10.0s/3m0s  50.00 iters/s

running (2m11.0s), 001/239 VUs, 6410 complete and 0 interrupted iterations
a1     [  73% ] 001/239 VUs  2m11.0s/3m0s  50.00 iters/s

running (2m12.0s), 001/239 VUs, 6460 complete and 0 interrupted iterations
a1     [  73% ] 001/239 VUs  2m12.0s/3m0s  50.00 iters/s

running (2m13.0s), 001/239 VUs, 6510 complete and 0 interrupted iterations
a1     [  74% ] 001/239 VUs  2m13.0s/3m0s  50.00 iters/s

running (2m14.0s), 002/239 VUs, 6559 complete and 0 interrupted iterations
a1     [  74% ] 002/239 VUs  2m14.0s/3m0s  50.00 iters/s

running (2m15.0s), 001/239 VUs, 6610 complete and 0 interrupted iterations
a1     [  75% ] 001/239 VUs  2m15.0s/3m0s  50.00 iters/s

running (2m16.0s), 001/239 VUs, 6660 complete and 0 interrupted iterations
a1     [  76% ] 001/239 VUs  2m16.0s/3m0s  50.00 iters/s

running (2m17.0s), 001/239 VUs, 6710 complete and 0 interrupted iterations
a1     [  76% ] 001/239 VUs  2m17.0s/3m0s  50.00 iters/s

running (2m18.0s), 001/239 VUs, 6760 complete and 0 interrupted iterations
a1     [  77% ] 001/239 VUs  2m18.0s/3m0s  50.00 iters/s

running (2m19.0s), 001/239 VUs, 6810 complete and 0 interrupted iterations
a1     [  77% ] 001/239 VUs  2m19.0s/3m0s  50.00 iters/s

running (2m20.0s), 001/239 VUs, 6860 complete and 0 interrupted iterations
a1     [  78% ] 001/239 VUs  2m20.0s/3m0s  50.00 iters/s

running (2m21.0s), 001/239 VUs, 6910 complete and 0 interrupted iterations
a1     [  78% ] 001/239 VUs  2m21.0s/3m0s  50.00 iters/s

running (2m22.0s), 001/239 VUs, 6960 complete and 0 interrupted iterations
a1     [  79% ] 001/239 VUs  2m22.0s/3m0s  50.00 iters/s

running (2m23.0s), 008/239 VUs, 7003 complete and 0 interrupted iterations
a1     [  79% ] 008/239 VUs  2m23.0s/3m0s  50.00 iters/s

running (2m24.0s), 001/239 VUs, 7060 complete and 0 interrupted iterations
a1     [  80% ] 001/239 VUs  2m24.0s/3m0s  50.00 iters/s

running (2m25.0s), 001/239 VUs, 7110 complete and 0 interrupted iterations
a1     [  81% ] 001/239 VUs  2m25.0s/3m0s  50.00 iters/s

running (2m26.0s), 001/239 VUs, 7160 complete and 0 interrupted iterations
a1     [  81% ] 001/239 VUs  2m26.0s/3m0s  50.00 iters/s

running (2m27.0s), 001/239 VUs, 7210 complete and 0 interrupted iterations
a1     [  82% ] 001/239 VUs  2m27.0s/3m0s  50.00 iters/s

running (2m28.0s), 001/239 VUs, 7260 complete and 0 interrupted iterations
a1     [  82% ] 001/239 VUs  2m28.0s/3m0s  50.00 iters/s

running (2m29.0s), 001/239 VUs, 7310 complete and 0 interrupted iterations
a1     [  83% ] 001/239 VUs  2m29.0s/3m0s  50.00 iters/s

running (2m30.0s), 001/239 VUs, 7360 complete and 0 interrupted iterations
a1     [  83% ] 001/239 VUs  2m30.0s/3m0s  50.00 iters/s

running (2m31.0s), 001/239 VUs, 7410 complete and 0 interrupted iterations
a1     [  84% ] 001/239 VUs  2m31.0s/3m0s  50.00 iters/s

running (2m32.0s), 001/239 VUs, 7460 complete and 0 interrupted iterations
a1     [  84% ] 001/239 VUs  2m32.0s/3m0s  50.00 iters/s

running (2m33.0s), 001/239 VUs, 7510 complete and 0 interrupted iterations
a1     [  85% ] 001/239 VUs  2m33.0s/3m0s  50.00 iters/s

running (2m34.0s), 001/239 VUs, 7560 complete and 0 interrupted iterations
a1     [  86% ] 001/239 VUs  2m34.0s/3m0s  50.00 iters/s

running (2m35.0s), 001/239 VUs, 7610 complete and 0 interrupted iterations
a1     [  86% ] 001/239 VUs  2m35.0s/3m0s  50.00 iters/s

running (2m36.0s), 001/239 VUs, 7660 complete and 0 interrupted iterations
a1     [  87% ] 001/239 VUs  2m36.0s/3m0s  50.00 iters/s

running (2m37.0s), 002/239 VUs, 7709 complete and 0 interrupted iterations
a1     [  87% ] 002/239 VUs  2m37.0s/3m0s  50.00 iters/s

running (2m38.0s), 001/239 VUs, 7760 complete and 0 interrupted iterations
a1     [  88% ] 001/239 VUs  2m38.0s/3m0s  50.00 iters/s

running (2m39.0s), 001/239 VUs, 7810 complete and 0 interrupted iterations
a1     [  88% ] 001/239 VUs  2m39.0s/3m0s  50.00 iters/s

running (2m40.0s), 001/239 VUs, 7860 complete and 0 interrupted iterations
a1     [  89% ] 001/239 VUs  2m40.0s/3m0s  50.00 iters/s

running (2m41.0s), 001/239 VUs, 7910 complete and 0 interrupted iterations
a1     [  89% ] 001/239 VUs  2m41.0s/3m0s  50.00 iters/s

running (2m42.0s), 001/239 VUs, 7960 complete and 0 interrupted iterations
a1     [  90% ] 001/239 VUs  2m42.0s/3m0s  50.00 iters/s

running (2m43.0s), 001/239 VUs, 8010 complete and 0 interrupted iterations
a1     [  91% ] 001/239 VUs  2m43.0s/3m0s  50.00 iters/s

running (2m44.0s), 001/239 VUs, 8060 complete and 0 interrupted iterations
a1     [  91% ] 001/239 VUs  2m44.0s/3m0s  50.00 iters/s

running (2m45.0s), 003/239 VUs, 8108 complete and 0 interrupted iterations
a1     [  92% ] 003/239 VUs  2m45.0s/3m0s  50.00 iters/s

running (2m46.0s), 005/239 VUs, 8156 complete and 0 interrupted iterations
a1     [  92% ] 005/239 VUs  2m46.0s/3m0s  50.00 iters/s

running (2m47.0s), 001/239 VUs, 8210 complete and 0 interrupted iterations
a1     [  93% ] 001/239 VUs  2m47.0s/3m0s  50.00 iters/s

running (2m48.0s), 001/239 VUs, 8260 complete and 0 interrupted iterations
a1     [  93% ] 001/239 VUs  2m48.0s/3m0s  50.00 iters/s

running (2m49.0s), 001/239 VUs, 8310 complete and 0 interrupted iterations
a1     [  94% ] 001/239 VUs  2m49.0s/3m0s  50.00 iters/s

running (2m50.0s), 001/239 VUs, 8360 complete and 0 interrupted iterations
a1     [  94% ] 001/239 VUs  2m50.0s/3m0s  50.00 iters/s

running (2m51.0s), 001/239 VUs, 8410 complete and 0 interrupted iterations
a1     [  95% ] 001/239 VUs  2m51.0s/3m0s  50.00 iters/s

running (2m52.0s), 001/239 VUs, 8460 complete and 0 interrupted iterations
a1     [  96% ] 001/239 VUs  2m52.0s/3m0s  50.00 iters/s

running (2m53.0s), 001/239 VUs, 8510 complete and 0 interrupted iterations
a1     [  96% ] 001/239 VUs  2m53.0s/3m0s  50.00 iters/s

running (2m54.0s), 001/239 VUs, 8560 complete and 0 interrupted iterations
a1     [  97% ] 001/239 VUs  2m54.0s/3m0s  50.00 iters/s

running (2m55.0s), 001/239 VUs, 8610 complete and 0 interrupted iterations
a1     [  97% ] 001/239 VUs  2m55.0s/3m0s  50.00 iters/s

running (2m56.0s), 001/239 VUs, 8660 complete and 0 interrupted iterations
a1     [  98% ] 001/239 VUs  2m56.0s/3m0s  50.00 iters/s

running (2m57.0s), 001/239 VUs, 8710 complete and 0 interrupted iterations
a1     [  98% ] 001/239 VUs  2m57.0s/3m0s  50.00 iters/s

running (2m58.0s), 001/239 VUs, 8760 complete and 0 interrupted iterations
a1     [  99% ] 001/239 VUs  2m58.0s/3m0s  50.00 iters/s

running (2m59.0s), 001/239 VUs, 8810 complete and 0 interrupted iterations
a1     [  99% ] 001/239 VUs  2m59.0s/3m0s  50.00 iters/s

running (3m00.0s), 001/239 VUs, 8860 complete and 0 interrupted iterations
a1     [ 100% ] 001/239 VUs  3m00.0s/3m0s  50.00 iters/s


  █ THRESHOLDS 

    http_req_failed
    ✓ 'rate<0.05' rate=0.00%


  █ TOTAL RESULTS 

    checks_total.......: 26586   147.685238/s
    checks_succeeded...: 100.00% 26586 out of 26586
    checks_failed......: 0.00%   0 out of 26586

    ✓ initiated
    ✓ validated
    ✓ terminal

    CUSTOM
    a1_lifecycle_duration..........: avg=202.29ms min=11ms    med=19ms    p(95)=544.89ms p(99)=6.34s    max=8.03s
    a1_lifecycles_completed........: 8862   49.228413/s
    a1_transitions_committed.......: 26586  147.685238/s

    HTTP
    http_req_duration..............: avg=67.25ms  min=3ms     med=6ms     p(95)=190.27ms p(99)=932.79ms max=7.11s
      { expected_response:true }...: avg=67.25ms  min=3ms     med=6ms     p(95)=190.27ms p(99)=932.79ms max=7.11s
    http_req_failed................: 0.00%  0 out of 26586
    http_reqs......................: 26586  147.685238/s

    EXECUTION
    dropped_iterations.............: 139    0.772145/s
    iteration_duration.............: avg=202.35ms min=11.08ms med=19.41ms p(95)=545.53ms p(99)=6.34s    max=8.03s
    iterations.....................: 8862   49.228413/s
    vus............................: 1      min=1          max=224
    vus_max........................: 239    min=100        max=239

    NETWORK
    data_received..................: 10 MB  57 kB/s
    data_sent......................: 5.9 MB 33 kB/s




running (3m00.0s), 000/239 VUs, 8862 complete and 0 interrupted iterations
a1   ✓ [ 100% ] 000/239 VUs  3m0s  50.00 iters/s
