
         /\      Grafana   /‾‾/  
    /\  /  \     |\  __   /  /   
   /  \/    \    | |/ /  /   ‾‾\ 
  /          \   |   (  |  (‾)  |
 / __________ \  |_|\_\  \_____/ 


     execution: local
        script: harness/k6/a1-workload.js
        output: -

     scenarios: (100.00%) 1 scenario, 600 max VUs, 1m30s max duration (incl. graceful stop):
              * a1: 50.00 iterations/s for 1m0s (maxVUs: 100-600, gracefulStop: 30s)


running (0m01.0s), 050/100 VUs, 0 complete and 0 interrupted iterations
a1     [   2% ] 050/100 VUs  0m01.0s/1m0s  50.00 iters/s

running (0m02.0s), 003/100 VUs, 97 complete and 0 interrupted iterations
a1     [   3% ] 003/100 VUs  0m02.0s/1m0s  50.00 iters/s

running (0m03.0s), 001/100 VUs, 149 complete and 0 interrupted iterations
a1     [   5% ] 001/100 VUs  0m03.0s/1m0s  50.00 iters/s

running (0m04.0s), 002/100 VUs, 198 complete and 0 interrupted iterations
a1     [   7% ] 002/100 VUs  0m04.0s/1m0s  50.00 iters/s

running (0m05.0s), 001/100 VUs, 249 complete and 0 interrupted iterations
a1     [   8% ] 001/100 VUs  0m05.0s/1m0s  50.00 iters/s

running (0m06.0s), 002/100 VUs, 298 complete and 0 interrupted iterations
a1     [  10% ] 002/100 VUs  0m06.0s/1m0s  50.00 iters/s

running (0m07.0s), 002/100 VUs, 348 complete and 0 interrupted iterations
a1     [  12% ] 002/100 VUs  0m07.0s/1m0s  50.00 iters/s

running (0m08.0s), 001/100 VUs, 399 complete and 0 interrupted iterations
a1     [  13% ] 001/100 VUs  0m08.0s/1m0s  50.00 iters/s

running (0m09.0s), 001/100 VUs, 449 complete and 0 interrupted iterations
a1     [  15% ] 001/100 VUs  0m09.0s/1m0s  50.00 iters/s

running (0m10.0s), 002/100 VUs, 498 complete and 0 interrupted iterations
a1     [  17% ] 002/100 VUs  0m10.0s/1m0s  50.00 iters/s

running (0m11.0s), 001/100 VUs, 549 complete and 0 interrupted iterations
a1     [  18% ] 001/100 VUs  0m11.0s/1m0s  50.00 iters/s

running (0m12.0s), 001/100 VUs, 599 complete and 0 interrupted iterations
a1     [  20% ] 001/100 VUs  0m12.0s/1m0s  50.00 iters/s

running (0m13.0s), 002/100 VUs, 648 complete and 0 interrupted iterations
a1     [  22% ] 002/100 VUs  0m13.0s/1m0s  50.00 iters/s

running (0m14.0s), 001/100 VUs, 699 complete and 0 interrupted iterations
a1     [  23% ] 001/100 VUs  0m14.0s/1m0s  50.00 iters/s

running (0m15.0s), 001/100 VUs, 749 complete and 0 interrupted iterations
a1     [  25% ] 001/100 VUs  0m15.0s/1m0s  50.00 iters/s

running (0m16.0s), 001/100 VUs, 799 complete and 0 interrupted iterations
a1     [  27% ] 001/100 VUs  0m16.0s/1m0s  50.00 iters/s

running (0m17.0s), 002/100 VUs, 848 complete and 0 interrupted iterations
a1     [  28% ] 002/100 VUs  0m17.0s/1m0s  50.00 iters/s

running (0m18.0s), 001/100 VUs, 899 complete and 0 interrupted iterations
a1     [  30% ] 001/100 VUs  0m18.0s/1m0s  50.00 iters/s

running (0m19.0s), 001/100 VUs, 949 complete and 0 interrupted iterations
a1     [  32% ] 001/100 VUs  0m19.0s/1m0s  50.00 iters/s

running (0m20.0s), 001/100 VUs, 999 complete and 0 interrupted iterations
a1     [  33% ] 001/100 VUs  0m20.0s/1m0s  50.00 iters/s

running (0m21.0s), 001/100 VUs, 1049 complete and 0 interrupted iterations
a1     [  35% ] 001/100 VUs  0m21.0s/1m0s  50.00 iters/s

running (0m22.0s), 001/100 VUs, 1099 complete and 0 interrupted iterations
a1     [  37% ] 001/100 VUs  0m22.0s/1m0s  50.00 iters/s

running (0m23.0s), 001/100 VUs, 1149 complete and 0 interrupted iterations
a1     [  38% ] 001/100 VUs  0m23.0s/1m0s  50.00 iters/s

running (0m24.0s), 001/100 VUs, 1199 complete and 0 interrupted iterations
a1     [  40% ] 001/100 VUs  0m24.0s/1m0s  50.00 iters/s

running (0m25.0s), 002/100 VUs, 1248 complete and 0 interrupted iterations
a1     [  42% ] 002/100 VUs  0m25.0s/1m0s  50.00 iters/s

running (0m26.0s), 001/100 VUs, 1299 complete and 0 interrupted iterations
a1     [  43% ] 001/100 VUs  0m26.0s/1m0s  50.00 iters/s

running (0m27.0s), 001/100 VUs, 1349 complete and 0 interrupted iterations
a1     [  45% ] 001/100 VUs  0m27.0s/1m0s  50.00 iters/s

running (0m28.0s), 001/100 VUs, 1399 complete and 0 interrupted iterations
a1     [  47% ] 001/100 VUs  0m28.0s/1m0s  50.00 iters/s

running (0m29.0s), 001/100 VUs, 1449 complete and 0 interrupted iterations
a1     [  48% ] 001/100 VUs  0m29.0s/1m0s  50.00 iters/s

running (0m30.0s), 001/100 VUs, 1499 complete and 0 interrupted iterations
a1     [  50% ] 001/100 VUs  0m30.0s/1m0s  50.00 iters/s

running (0m31.0s), 001/100 VUs, 1549 complete and 0 interrupted iterations
a1     [  52% ] 001/100 VUs  0m31.0s/1m0s  50.00 iters/s

running (0m32.0s), 001/100 VUs, 1599 complete and 0 interrupted iterations
a1     [  53% ] 001/100 VUs  0m32.0s/1m0s  50.00 iters/s

running (0m33.0s), 002/100 VUs, 1648 complete and 0 interrupted iterations
a1     [  55% ] 002/100 VUs  0m33.0s/1m0s  50.00 iters/s

running (0m34.0s), 015/100 VUs, 1685 complete and 0 interrupted iterations
a1     [  57% ] 015/100 VUs  0m34.0s/1m0s  50.00 iters/s

running (0m35.0s), 001/100 VUs, 1749 complete and 0 interrupted iterations
a1     [  58% ] 001/100 VUs  0m35.0s/1m0s  50.00 iters/s

running (0m36.0s), 001/100 VUs, 1799 complete and 0 interrupted iterations
a1     [  60% ] 001/100 VUs  0m36.0s/1m0s  50.00 iters/s

running (0m37.0s), 001/100 VUs, 1849 complete and 0 interrupted iterations
a1     [  62% ] 001/100 VUs  0m37.0s/1m0s  50.00 iters/s

running (0m38.0s), 001/100 VUs, 1899 complete and 0 interrupted iterations
a1     [  63% ] 001/100 VUs  0m38.0s/1m0s  50.00 iters/s

running (0m39.0s), 002/100 VUs, 1948 complete and 0 interrupted iterations
a1     [  65% ] 002/100 VUs  0m39.0s/1m0s  50.00 iters/s

running (0m40.0s), 002/100 VUs, 1998 complete and 0 interrupted iterations
a1     [  67% ] 002/100 VUs  0m40.0s/1m0s  50.00 iters/s

running (0m41.0s), 001/100 VUs, 2049 complete and 0 interrupted iterations
a1     [  68% ] 001/100 VUs  0m41.0s/1m0s  50.00 iters/s

running (0m42.0s), 002/100 VUs, 2098 complete and 0 interrupted iterations
a1     [  70% ] 002/100 VUs  0m42.0s/1m0s  50.00 iters/s

running (0m43.0s), 001/100 VUs, 2149 complete and 0 interrupted iterations
a1     [  72% ] 001/100 VUs  0m43.0s/1m0s  50.00 iters/s

running (0m44.0s), 001/100 VUs, 2199 complete and 0 interrupted iterations
a1     [  73% ] 001/100 VUs  0m44.0s/1m0s  50.00 iters/s

running (0m45.0s), 001/100 VUs, 2249 complete and 0 interrupted iterations
a1     [  75% ] 001/100 VUs  0m45.0s/1m0s  50.00 iters/s

running (0m46.0s), 001/100 VUs, 2299 complete and 0 interrupted iterations
a1     [  77% ] 001/100 VUs  0m46.0s/1m0s  50.00 iters/s

running (0m47.0s), 001/100 VUs, 2349 complete and 0 interrupted iterations
a1     [  78% ] 001/100 VUs  0m47.0s/1m0s  50.00 iters/s

running (0m48.0s), 001/100 VUs, 2399 complete and 0 interrupted iterations
a1     [  80% ] 001/100 VUs  0m48.0s/1m0s  50.00 iters/s

running (0m49.0s), 001/100 VUs, 2449 complete and 0 interrupted iterations
a1     [  82% ] 001/100 VUs  0m49.0s/1m0s  50.00 iters/s

running (0m50.0s), 001/100 VUs, 2499 complete and 0 interrupted iterations
a1     [  83% ] 001/100 VUs  0m50.0s/1m0s  50.00 iters/s

running (0m51.0s), 001/100 VUs, 2549 complete and 0 interrupted iterations
a1     [  85% ] 001/100 VUs  0m51.0s/1m0s  50.00 iters/s

running (0m52.0s), 001/100 VUs, 2599 complete and 0 interrupted iterations
a1     [  87% ] 001/100 VUs  0m52.0s/1m0s  50.00 iters/s

running (0m53.0s), 001/100 VUs, 2649 complete and 0 interrupted iterations
a1     [  88% ] 001/100 VUs  0m53.0s/1m0s  50.00 iters/s

running (0m54.0s), 001/100 VUs, 2699 complete and 0 interrupted iterations
a1     [  90% ] 001/100 VUs  0m54.0s/1m0s  50.00 iters/s

running (0m55.0s), 001/100 VUs, 2749 complete and 0 interrupted iterations
a1     [  92% ] 001/100 VUs  0m55.0s/1m0s  50.00 iters/s

running (0m56.0s), 001/100 VUs, 2799 complete and 0 interrupted iterations
a1     [  93% ] 001/100 VUs  0m56.0s/1m0s  50.00 iters/s

running (0m57.0s), 001/100 VUs, 2849 complete and 0 interrupted iterations
a1     [  95% ] 001/100 VUs  0m57.0s/1m0s  50.00 iters/s

running (0m58.0s), 001/100 VUs, 2899 complete and 0 interrupted iterations
a1     [  97% ] 001/100 VUs  0m58.0s/1m0s  50.00 iters/s

running (0m59.0s), 001/100 VUs, 2949 complete and 0 interrupted iterations
a1     [  98% ] 001/100 VUs  0m59.0s/1m0s  50.00 iters/s

running (1m00.0s), 001/100 VUs, 2999 complete and 0 interrupted iterations
a1     [ 100% ] 001/100 VUs  1m00.0s/1m0s  50.00 iters/s


  █ THRESHOLDS 

    http_req_failed
    ✓ 'rate<0.05' rate=0.00%


  █ TOTAL RESULTS 

    checks_total.......: 9003    150.015839/s
    checks_succeeded...: 100.00% 9003 out of 9003
    checks_failed......: 0.00%   0 out of 9003

    ✓ initiated
    ✓ validated
    ✓ terminal

    CUSTOM
    a1_lifecycle_duration..........: avg=58.69ms min=7ms    med=15ms    p(95)=293ms   p(99)=636ms    max=1.39s   
    a1_lifecycles_completed........: 3001   50.00528/s
    a1_transitions_committed.......: 9003   150.015839/s

    HTTP
    http_req_duration..............: avg=19.4ms  min=1.61ms med=4.67ms  p(95)=98.14ms p(99)=302.66ms max=689.06ms
      { expected_response:true }...: avg=19.4ms  min=1.61ms med=4.67ms  p(95)=98.14ms p(99)=302.66ms max=689.06ms
    http_req_failed................: 0.00%  0 out of 9003
    http_reqs......................: 9003   150.015839/s

    EXECUTION
    iteration_duration.............: avg=58.79ms min=6.69ms med=14.89ms p(95)=292.8ms p(99)=636.84ms max=1.39s   
    iterations.....................: 3001   50.00528/s
    vus............................: 1      min=1         max=49 
    vus_max........................: 100    min=100       max=100

    NETWORK
    data_received..................: 3.4 MB 57 kB/s
    data_sent......................: 1.9 MB 32 kB/s




running (1m00.0s), 000/100 VUs, 3001 complete and 0 interrupted iterations
a1   ✓ [ 100% ] 000/100 VUs  1m0s  50.00 iters/s
