[11:04:51] === RUN CDC-C2SMOKE-r9-20260909110451 ===
[11:04:51] mode=CDC profile=C2SMOKE rep=9 tps=50 duration=60s fault=none
[11:04:51] jar: target/master-thesis-observability-0.0.1-SNAPSHOT.jar
[11:04:51] workload tozalanmoqda (reference saqlanadi)
workload reset; reference data preserved
AQ backlog purged: 0 -> 0
[11:04:52] Kafka topigi qayta yaratilmoqda
[11:05:01] ilova ishga tushirilmoqda (mode=CDC)
[11:05:16] ilova tayyor (pid 78597)
[11:05:16] Debezium konnektori ro'yxatdan o'tkazilmoqda (CDC, prefix=obsv_cdc_c2smoke_r9_20260909110451)
connector o'chirilmoqda: a1-cdc-obsv_cdc_c2narrow_r3_20260909104955
konnektor ro'yxatdan o'tkazilmoqda: a1-cdc-obsv_cdc_c2smoke_r9_20260909110451 (prefix=obsv_cdc_c2smoke_r9_20260909110451)
konnektor RUNNING (2s)
streaming tasdiqlanmoqda (heartbeat topigi: __debezium-heartbeat.obsv_cdc_c2smoke_r9_20260909110451)
streaming tasdiqlandi (9 urinish)
[11:05:55] k6 yuklamasi boshlandi
[11:06:57] k6 iteratsiyalari: 3001
[11:06:57] pipeline bo'shashi kutilmoqda (maks 120s)
[11:07:09] pipeline bo'sh (4s, sink=0 xabar)
[11:07:19] ground truth eksport qilinmoqda
[11:07:20] Kafka topigi eksport qilinmoqda
[11:07:47] tahlil
{
  "mode": "CDC",
  "profile": "C2SMOKE",
  "rep": "9",
  "fault": "none",
  "ground_truth_transitions": 9003,
  "delivered_distinct": 0,
  "delivered_total": 0,
  "matched": 0,
  "missing": 9003,
  "phantom": 0,
  "malformed": 0,
  "loss_rate": 1.0,
  "loss_rate_ppm": 1000000.0,
  "duplicate_rate": 0.0,
  "ordering_violation_rate": 0.0,
  "txns_split_across_partitions": 0,
  "latency_ms_p50": null,
  "latency_ms_p95": null,
  "latency_ms_p99": null,
  "latency_ms_max": null,
  "latency_ms_mean": null,
  "latency_samples": 0,
  "latency_negative_samples": 0
}
[11:07:48] ilova va konnektor to'xtatilmoqda
connector o'chirilmoqda: a1-cdc-obsv_cdc_c2smoke_r9_20260909110451
[11:07:52] === TUGADI: results/CDC-C2SMOKE-r9-20260909110451 ===
