
         /\      Grafana   /‾‾/  
    /\  /  \     |\  __   /  /   
   /  \/    \    | |/ /  /   ‾‾\ 
  /          \   |   (  |  (‾)  |
 / __________ \  |_|\_\  \_____/ 


     execution: local
        script: harness/k6/a1-workload.js
        output: -

     scenarios: (100.00%) 1 scenario, 600 max VUs, 3m30s max duration (incl. graceful stop):
              * a1: 50.00 iterations/s for 3m0s (maxVUs: 100-600, gracefulStop: 30s)


running (0m01.0s), 050/100 VUs, 0 complete and 0 interrupted iterations
a1     [   1% ] 050/100 VUs  0m01.0s/3m0s  50.00 iters/s

running (0m02.0s), 002/100 VUs, 98 complete and 0 interrupted iterations
a1     [   1% ] 002/100 VUs  0m02.0s/3m0s  50.00 iters/s

running (0m03.0s), 001/100 VUs, 149 complete and 0 interrupted iterations
a1     [   2% ] 001/100 VUs  0m03.0s/3m0s  50.00 iters/s

running (0m04.0s), 001/100 VUs, 199 complete and 0 interrupted iterations
a1     [   2% ] 001/100 VUs  0m04.0s/3m0s  50.00 iters/s

running (0m05.0s), 001/100 VUs, 249 complete and 0 interrupted iterations
a1     [   3% ] 001/100 VUs  0m05.0s/3m0s  50.00 iters/s

running (0m06.0s), 001/100 VUs, 299 complete and 0 interrupted iterations
a1     [   3% ] 001/100 VUs  0m06.0s/3m0s  50.00 iters/s

running (0m07.0s), 001/100 VUs, 349 complete and 0 interrupted iterations
a1     [   4% ] 001/100 VUs  0m07.0s/3m0s  50.00 iters/s

running (0m08.0s), 001/100 VUs, 399 complete and 0 interrupted iterations
a1     [   4% ] 001/100 VUs  0m08.0s/3m0s  50.00 iters/s

running (0m09.0s), 001/100 VUs, 449 complete and 0 interrupted iterations
a1     [   5% ] 001/100 VUs  0m09.0s/3m0s  50.00 iters/s

running (0m10.0s), 001/100 VUs, 499 complete and 0 interrupted iterations
a1     [   6% ] 001/100 VUs  0m10.0s/3m0s  50.00 iters/s

running (0m11.0s), 001/100 VUs, 549 complete and 0 interrupted iterations
a1     [   6% ] 001/100 VUs  0m11.0s/3m0s  50.00 iters/s

running (0m12.0s), 001/100 VUs, 599 complete and 0 interrupted iterations
a1     [   7% ] 001/100 VUs  0m12.0s/3m0s  50.00 iters/s

running (0m13.0s), 001/100 VUs, 649 complete and 0 interrupted iterations
a1     [   7% ] 001/100 VUs  0m13.0s/3m0s  50.00 iters/s

running (0m14.0s), 001/100 VUs, 699 complete and 0 interrupted iterations
a1     [   8% ] 001/100 VUs  0m14.0s/3m0s  50.00 iters/s

running (0m15.0s), 001/100 VUs, 749 complete and 0 interrupted iterations
a1     [   8% ] 001/100 VUs  0m15.0s/3m0s  50.00 iters/s

running (0m16.0s), 001/100 VUs, 799 complete and 0 interrupted iterations
a1     [   9% ] 001/100 VUs  0m16.0s/3m0s  50.00 iters/s

running (0m17.0s), 001/100 VUs, 849 complete and 0 interrupted iterations
a1     [   9% ] 001/100 VUs  0m17.0s/3m0s  50.00 iters/s

running (0m18.0s), 002/100 VUs, 898 complete and 0 interrupted iterations
a1     [  10% ] 002/100 VUs  0m18.0s/3m0s  50.00 iters/s

running (0m19.0s), 002/100 VUs, 948 complete and 0 interrupted iterations
a1     [  11% ] 002/100 VUs  0m19.0s/3m0s  50.00 iters/s

running (0m20.0s), 002/100 VUs, 998 complete and 0 interrupted iterations
a1     [  11% ] 002/100 VUs  0m20.0s/3m0s  50.00 iters/s

running (0m21.0s), 001/100 VUs, 1049 complete and 0 interrupted iterations
a1     [  12% ] 001/100 VUs  0m21.0s/3m0s  50.00 iters/s

running (0m22.0s), 001/100 VUs, 1099 complete and 0 interrupted iterations
a1     [  12% ] 001/100 VUs  0m22.0s/3m0s  50.00 iters/s

running (0m23.0s), 001/100 VUs, 1149 complete and 0 interrupted iterations
a1     [  13% ] 001/100 VUs  0m23.0s/3m0s  50.00 iters/s

running (0m24.0s), 001/100 VUs, 1199 complete and 0 interrupted iterations
a1     [  13% ] 001/100 VUs  0m24.0s/3m0s  50.00 iters/s

running (0m25.0s), 001/100 VUs, 1249 complete and 0 interrupted iterations
a1     [  14% ] 001/100 VUs  0m25.0s/3m0s  50.00 iters/s

running (0m26.0s), 001/100 VUs, 1299 complete and 0 interrupted iterations
a1     [  14% ] 001/100 VUs  0m26.0s/3m0s  50.00 iters/s

running (0m27.0s), 005/100 VUs, 1345 complete and 0 interrupted iterations
a1     [  15% ] 005/100 VUs  0m27.0s/3m0s  50.00 iters/s

running (0m28.0s), 001/100 VUs, 1399 complete and 0 interrupted iterations
a1     [  16% ] 001/100 VUs  0m28.0s/3m0s  50.00 iters/s

running (0m29.0s), 001/100 VUs, 1449 complete and 0 interrupted iterations
a1     [  16% ] 001/100 VUs  0m29.0s/3m0s  50.00 iters/s

running (0m32.9s), 001/100 VUs, 1499 complete and 0 interrupted iterations
a1     [  17% ] 001/100 VUs  0m30.0s/3m0s  50.00 iters/s

running (0m33.9s), 002/100 VUs, 1548 complete and 0 interrupted iterations
a1     [  17% ] 002/100 VUs  0m31.0s/3m0s  50.00 iters/s

running (0m34.9s), 001/100 VUs, 1599 complete and 0 interrupted iterations
a1     [  18% ] 001/100 VUs  0m32.0s/3m0s  50.00 iters/s

running (0m35.9s), 001/100 VUs, 1649 complete and 0 interrupted iterations
a1     [  18% ] 001/100 VUs  0m33.0s/3m0s  50.00 iters/s

running (0m36.9s), 001/100 VUs, 1699 complete and 0 interrupted iterations
a1     [  19% ] 001/100 VUs  0m34.0s/3m0s  50.00 iters/s

running (0m37.9s), 001/100 VUs, 1749 complete and 0 interrupted iterations
a1     [  19% ] 001/100 VUs  0m35.0s/3m0s  50.00 iters/s

running (0m38.9s), 001/100 VUs, 1799 complete and 0 interrupted iterations
a1     [  20% ] 001/100 VUs  0m36.0s/3m0s  50.00 iters/s

running (0m39.9s), 001/100 VUs, 1849 complete and 0 interrupted iterations
a1     [  21% ] 001/100 VUs  0m37.0s/3m0s  50.00 iters/s

running (0m40.9s), 001/100 VUs, 1899 complete and 0 interrupted iterations
a1     [  21% ] 001/100 VUs  0m38.0s/3m0s  50.00 iters/s

running (0m41.9s), 001/100 VUs, 1949 complete and 0 interrupted iterations
a1     [  22% ] 001/100 VUs  0m39.0s/3m0s  50.00 iters/s

running (0m42.9s), 001/100 VUs, 1999 complete and 0 interrupted iterations
a1     [  22% ] 001/100 VUs  0m40.0s/3m0s  50.00 iters/s

running (0m43.9s), 001/100 VUs, 2049 complete and 0 interrupted iterations
a1     [  23% ] 001/100 VUs  0m41.0s/3m0s  50.00 iters/s

running (0m44.9s), 001/100 VUs, 2099 complete and 0 interrupted iterations
a1     [  23% ] 001/100 VUs  0m42.0s/3m0s  50.00 iters/s

running (0m45.9s), 001/100 VUs, 2149 complete and 0 interrupted iterations
a1     [  24% ] 001/100 VUs  0m43.0s/3m0s  50.00 iters/s

running (0m46.9s), 002/100 VUs, 2198 complete and 0 interrupted iterations
a1     [  24% ] 002/100 VUs  0m44.0s/3m0s  50.00 iters/s

running (0m47.9s), 001/100 VUs, 2249 complete and 0 interrupted iterations
a1     [  25% ] 001/100 VUs  0m45.0s/3m0s  50.00 iters/s

running (0m48.9s), 001/100 VUs, 2299 complete and 0 interrupted iterations
a1     [  26% ] 001/100 VUs  0m46.0s/3m0s  50.00 iters/s

running (0m49.9s), 001/100 VUs, 2349 complete and 0 interrupted iterations
a1     [  26% ] 001/100 VUs  0m47.0s/3m0s  50.00 iters/s

running (0m50.9s), 001/100 VUs, 2399 complete and 0 interrupted iterations
a1     [  27% ] 001/100 VUs  0m48.0s/3m0s  50.00 iters/s

running (0m51.9s), 001/100 VUs, 2449 complete and 0 interrupted iterations
a1     [  27% ] 001/100 VUs  0m49.0s/3m0s  50.00 iters/s

running (0m52.9s), 001/100 VUs, 2499 complete and 0 interrupted iterations
a1     [  28% ] 001/100 VUs  0m50.0s/3m0s  50.00 iters/s

running (0m53.9s), 001/100 VUs, 2549 complete and 0 interrupted iterations
a1     [  28% ] 001/100 VUs  0m51.0s/3m0s  50.00 iters/s

running (0m54.9s), 001/100 VUs, 2599 complete and 0 interrupted iterations
a1     [  29% ] 001/100 VUs  0m52.0s/3m0s  50.00 iters/s

running (0m55.9s), 001/100 VUs, 2649 complete and 0 interrupted iterations
a1     [  29% ] 001/100 VUs  0m53.0s/3m0s  50.00 iters/s

running (0m56.9s), 001/100 VUs, 2699 complete and 0 interrupted iterations
a1     [  30% ] 001/100 VUs  0m54.0s/3m0s  50.00 iters/s

running (0m57.9s), 001/100 VUs, 2749 complete and 0 interrupted iterations
a1     [  31% ] 001/100 VUs  0m55.0s/3m0s  50.00 iters/s

running (0m58.9s), 001/100 VUs, 2799 complete and 0 interrupted iterations
a1     [  31% ] 001/100 VUs  0m56.0s/3m0s  50.00 iters/s

running (0m59.9s), 001/100 VUs, 2849 complete and 0 interrupted iterations
a1     [  32% ] 001/100 VUs  0m57.0s/3m0s  50.00 iters/s

running (1m00.9s), 001/100 VUs, 2899 complete and 0 interrupted iterations
a1     [  32% ] 001/100 VUs  0m58.0s/3m0s  50.00 iters/s

running (1m01.9s), 001/100 VUs, 2949 complete and 0 interrupted iterations
a1     [  33% ] 001/100 VUs  0m59.0s/3m0s  50.00 iters/s

running (1m02.9s), 002/100 VUs, 2998 complete and 0 interrupted iterations
a1     [  33% ] 002/100 VUs  1m00.0s/3m0s  50.00 iters/s

running (1m03.9s), 002/100 VUs, 3048 complete and 0 interrupted iterations
a1     [  34% ] 002/100 VUs  1m01.0s/3m0s  50.00 iters/s

running (1m07.8s), 001/100 VUs, 3099 complete and 0 interrupted iterations
a1     [  34% ] 001/100 VUs  1m02.0s/3m0s  50.00 iters/s

running (1m08.8s), 001/100 VUs, 3149 complete and 0 interrupted iterations
a1     [  35% ] 001/100 VUs  1m03.0s/3m0s  50.00 iters/s

running (1m09.8s), 001/100 VUs, 3199 complete and 0 interrupted iterations
a1     [  36% ] 001/100 VUs  1m04.0s/3m0s  50.00 iters/s

running (1m10.8s), 001/100 VUs, 3249 complete and 0 interrupted iterations
a1     [  36% ] 001/100 VUs  1m05.0s/3m0s  50.00 iters/s

running (1m11.8s), 001/100 VUs, 3299 complete and 0 interrupted iterations
a1     [  37% ] 001/100 VUs  1m06.0s/3m0s  50.00 iters/s

running (1m12.8s), 001/100 VUs, 3349 complete and 0 interrupted iterations
a1     [  37% ] 001/100 VUs  1m07.0s/3m0s  50.00 iters/s

running (1m13.8s), 001/100 VUs, 3399 complete and 0 interrupted iterations
a1     [  38% ] 001/100 VUs  1m08.0s/3m0s  50.00 iters/s

running (1m14.8s), 001/100 VUs, 3449 complete and 0 interrupted iterations
a1     [  38% ] 001/100 VUs  1m09.0s/3m0s  50.00 iters/s

running (1m15.8s), 001/100 VUs, 3499 complete and 0 interrupted iterations
a1     [  39% ] 001/100 VUs  1m10.0s/3m0s  50.00 iters/s

running (1m16.8s), 001/100 VUs, 3549 complete and 0 interrupted iterations
a1     [  39% ] 001/100 VUs  1m11.0s/3m0s  50.00 iters/s

running (1m17.8s), 001/100 VUs, 3599 complete and 0 interrupted iterations
a1     [  40% ] 001/100 VUs  1m12.0s/3m0s  50.00 iters/s

running (1m18.8s), 001/100 VUs, 3649 complete and 0 interrupted iterations
a1     [  41% ] 001/100 VUs  1m13.0s/3m0s  50.00 iters/s

running (1m19.8s), 001/100 VUs, 3699 complete and 0 interrupted iterations
a1     [  41% ] 001/100 VUs  1m14.0s/3m0s  50.00 iters/s

running (1m20.8s), 001/100 VUs, 3749 complete and 0 interrupted iterations
a1     [  42% ] 001/100 VUs  1m15.0s/3m0s  50.00 iters/s

running (1m21.8s), 001/100 VUs, 3799 complete and 0 interrupted iterations
a1     [  42% ] 001/100 VUs  1m16.0s/3m0s  50.00 iters/s

running (1m22.8s), 001/100 VUs, 3849 complete and 0 interrupted iterations
a1     [  43% ] 001/100 VUs  1m17.0s/3m0s  50.00 iters/s

running (1m23.8s), 001/100 VUs, 3899 complete and 0 interrupted iterations
a1     [  43% ] 001/100 VUs  1m18.0s/3m0s  50.00 iters/s

running (1m24.8s), 001/100 VUs, 3949 complete and 0 interrupted iterations
a1     [  44% ] 001/100 VUs  1m19.0s/3m0s  50.00 iters/s

running (1m25.8s), 001/100 VUs, 3999 complete and 0 interrupted iterations
a1     [  44% ] 001/100 VUs  1m20.0s/3m0s  50.00 iters/s

running (1m26.8s), 001/100 VUs, 4049 complete and 0 interrupted iterations
a1     [  45% ] 001/100 VUs  1m21.0s/3m0s  50.00 iters/s

running (1m27.8s), 001/100 VUs, 4099 complete and 0 interrupted iterations
a1     [  46% ] 001/100 VUs  1m22.0s/3m0s  50.00 iters/s

running (1m28.8s), 001/100 VUs, 4149 complete and 0 interrupted iterations
a1     [  46% ] 001/100 VUs  1m23.0s/3m0s  50.00 iters/s

running (1m29.8s), 001/100 VUs, 4199 complete and 0 interrupted iterations
a1     [  47% ] 001/100 VUs  1m24.0s/3m0s  50.00 iters/s

running (1m30.8s), 001/100 VUs, 4249 complete and 0 interrupted iterations
a1     [  47% ] 001/100 VUs  1m25.0s/3m0s  50.00 iters/s

running (1m31.8s), 001/100 VUs, 4299 complete and 0 interrupted iterations
a1     [  48% ] 001/100 VUs  1m26.0s/3m0s  50.00 iters/s

running (1m32.8s), 001/100 VUs, 4349 complete and 0 interrupted iterations
a1     [  48% ] 001/100 VUs  1m27.0s/3m0s  50.00 iters/s

running (1m33.8s), 001/100 VUs, 4399 complete and 0 interrupted iterations
a1     [  49% ] 001/100 VUs  1m28.0s/3m0s  50.00 iters/s

running (1m34.8s), 001/100 VUs, 4449 complete and 0 interrupted iterations
a1     [  49% ] 001/100 VUs  1m29.0s/3m0s  50.00 iters/s

running (1m35.8s), 001/100 VUs, 4499 complete and 0 interrupted iterations
a1     [  50% ] 001/100 VUs  1m30.0s/3m0s  50.00 iters/s

running (1m36.8s), 001/100 VUs, 4549 complete and 0 interrupted iterations
a1     [  51% ] 001/100 VUs  1m31.0s/3m0s  50.00 iters/s

running (1m37.8s), 001/100 VUs, 4599 complete and 0 interrupted iterations
a1     [  51% ] 001/100 VUs  1m32.0s/3m0s  50.00 iters/s

running (1m38.8s), 001/100 VUs, 4649 complete and 0 interrupted iterations
a1     [  52% ] 001/100 VUs  1m33.0s/3m0s  50.00 iters/s

running (1m39.8s), 001/100 VUs, 4699 complete and 0 interrupted iterations
a1     [  52% ] 001/100 VUs  1m34.0s/3m0s  50.00 iters/s

running (1m43.8s), 001/100 VUs, 4749 complete and 0 interrupted iterations
a1     [  53% ] 001/100 VUs  1m35.0s/3m0s  50.00 iters/s

running (1m44.8s), 001/100 VUs, 4799 complete and 0 interrupted iterations
a1     [  53% ] 001/100 VUs  1m36.0s/3m0s  50.00 iters/s

running (1m45.8s), 001/100 VUs, 4849 complete and 0 interrupted iterations
a1     [  54% ] 001/100 VUs  1m37.0s/3m0s  50.00 iters/s

running (1m46.8s), 001/100 VUs, 4899 complete and 0 interrupted iterations
a1     [  54% ] 001/100 VUs  1m38.0s/3m0s  50.00 iters/s

running (1m47.8s), 001/100 VUs, 4949 complete and 0 interrupted iterations
a1     [  55% ] 001/100 VUs  1m39.0s/3m0s  50.00 iters/s

running (1m48.8s), 001/100 VUs, 4999 complete and 0 interrupted iterations
a1     [  56% ] 001/100 VUs  1m40.0s/3m0s  50.00 iters/s

running (1m49.8s), 001/100 VUs, 5049 complete and 0 interrupted iterations
a1     [  56% ] 001/100 VUs  1m41.0s/3m0s  50.00 iters/s

running (1m50.8s), 001/100 VUs, 5099 complete and 0 interrupted iterations
a1     [  57% ] 001/100 VUs  1m42.0s/3m0s  50.00 iters/s

running (1m51.8s), 001/100 VUs, 5149 complete and 0 interrupted iterations
a1     [  57% ] 001/100 VUs  1m43.0s/3m0s  50.00 iters/s

running (1m52.8s), 001/100 VUs, 5199 complete and 0 interrupted iterations
a1     [  58% ] 001/100 VUs  1m44.0s/3m0s  50.00 iters/s

running (1m53.8s), 001/100 VUs, 5249 complete and 0 interrupted iterations
a1     [  58% ] 001/100 VUs  1m45.0s/3m0s  50.00 iters/s

running (1m54.8s), 001/100 VUs, 5299 complete and 0 interrupted iterations
a1     [  59% ] 001/100 VUs  1m46.0s/3m0s  50.00 iters/s

running (1m55.8s), 001/100 VUs, 5349 complete and 0 interrupted iterations
a1     [  59% ] 001/100 VUs  1m47.0s/3m0s  50.00 iters/s

running (1m56.8s), 001/100 VUs, 5399 complete and 0 interrupted iterations
a1     [  60% ] 001/100 VUs  1m48.0s/3m0s  50.00 iters/s

running (1m57.8s), 001/100 VUs, 5449 complete and 0 interrupted iterations
a1     [  61% ] 001/100 VUs  1m49.0s/3m0s  50.00 iters/s

running (1m58.8s), 001/100 VUs, 5499 complete and 0 interrupted iterations
a1     [  61% ] 001/100 VUs  1m50.0s/3m0s  50.00 iters/s

running (1m59.8s), 001/100 VUs, 5549 complete and 0 interrupted iterations
a1     [  62% ] 001/100 VUs  1m51.0s/3m0s  50.00 iters/s
time="2026-09-04T18:20:51+05:00" level=warning msg="The test has generated metrics with 100038 unique time series, which is higher than the suggested limit of 100000 and could cause high memory usage. Consider not using high-cardinality values like unique IDs as metric tags or, if you need them in the URL, use the name metric tag or URL grouping. See https://grafana.com/docs/k6/latest/using-k6/tags-and-groups/ for details." component=metrics-engine-ingester

running (2m00.8s), 001/100 VUs, 5599 complete and 0 interrupted iterations
a1     [  62% ] 001/100 VUs  1m52.0s/3m0s  50.00 iters/s

running (2m01.8s), 001/100 VUs, 5649 complete and 0 interrupted iterations
a1     [  63% ] 001/100 VUs  1m53.0s/3m0s  50.00 iters/s

running (2m02.8s), 001/100 VUs, 5699 complete and 0 interrupted iterations
a1     [  63% ] 001/100 VUs  1m54.0s/3m0s  50.00 iters/s

running (2m03.8s), 001/100 VUs, 5749 complete and 0 interrupted iterations
a1     [  64% ] 001/100 VUs  1m55.0s/3m0s  50.00 iters/s

running (2m04.8s), 001/100 VUs, 5799 complete and 0 interrupted iterations
a1     [  64% ] 001/100 VUs  1m56.0s/3m0s  50.00 iters/s

running (2m05.8s), 001/100 VUs, 5849 complete and 0 interrupted iterations
a1     [  65% ] 001/100 VUs  1m57.0s/3m0s  50.00 iters/s

running (2m06.8s), 001/100 VUs, 5899 complete and 0 interrupted iterations
a1     [  66% ] 001/100 VUs  1m58.0s/3m0s  50.00 iters/s

running (2m07.8s), 001/100 VUs, 5949 complete and 0 interrupted iterations
a1     [  66% ] 001/100 VUs  1m59.0s/3m0s  50.00 iters/s

running (2m08.8s), 001/100 VUs, 5999 complete and 0 interrupted iterations
a1     [  67% ] 001/100 VUs  2m00.0s/3m0s  50.00 iters/s

running (2m09.8s), 001/100 VUs, 6049 complete and 0 interrupted iterations
a1     [  67% ] 001/100 VUs  2m01.0s/3m0s  50.00 iters/s

running (2m10.8s), 001/100 VUs, 6099 complete and 0 interrupted iterations
a1     [  68% ] 001/100 VUs  2m02.0s/3m0s  50.00 iters/s

running (2m11.8s), 001/100 VUs, 6149 complete and 0 interrupted iterations
a1     [  68% ] 001/100 VUs  2m03.0s/3m0s  50.00 iters/s

running (2m12.8s), 001/100 VUs, 6199 complete and 0 interrupted iterations
a1     [  69% ] 001/100 VUs  2m04.0s/3m0s  50.00 iters/s

running (2m13.8s), 001/100 VUs, 6249 complete and 0 interrupted iterations
a1     [  69% ] 001/100 VUs  2m05.0s/3m0s  50.00 iters/s

running (2m14.8s), 001/100 VUs, 6299 complete and 0 interrupted iterations
a1     [  70% ] 001/100 VUs  2m06.0s/3m0s  50.00 iters/s

running (2m18.7s), 001/100 VUs, 6349 complete and 0 interrupted iterations
a1     [  71% ] 001/100 VUs  2m07.0s/3m0s  50.00 iters/s

running (2m19.7s), 001/100 VUs, 6399 complete and 0 interrupted iterations
a1     [  71% ] 001/100 VUs  2m08.0s/3m0s  50.00 iters/s

running (2m20.7s), 001/100 VUs, 6449 complete and 0 interrupted iterations
a1     [  72% ] 001/100 VUs  2m09.0s/3m0s  50.00 iters/s

running (2m21.7s), 001/100 VUs, 6499 complete and 0 interrupted iterations
a1     [  72% ] 001/100 VUs  2m10.0s/3m0s  50.00 iters/s

running (2m22.7s), 001/100 VUs, 6549 complete and 0 interrupted iterations
a1     [  73% ] 001/100 VUs  2m11.0s/3m0s  50.00 iters/s

running (2m23.7s), 001/100 VUs, 6599 complete and 0 interrupted iterations
a1     [  73% ] 001/100 VUs  2m12.0s/3m0s  50.00 iters/s

running (2m24.7s), 001/100 VUs, 6649 complete and 0 interrupted iterations
a1     [  74% ] 001/100 VUs  2m13.0s/3m0s  50.00 iters/s

running (2m25.7s), 001/100 VUs, 6699 complete and 0 interrupted iterations
a1     [  74% ] 001/100 VUs  2m14.0s/3m0s  50.00 iters/s

running (2m26.7s), 001/100 VUs, 6749 complete and 0 interrupted iterations
a1     [  75% ] 001/100 VUs  2m15.0s/3m0s  50.00 iters/s

running (2m27.7s), 001/100 VUs, 6799 complete and 0 interrupted iterations
a1     [  76% ] 001/100 VUs  2m16.0s/3m0s  50.00 iters/s

running (2m28.7s), 001/100 VUs, 6849 complete and 0 interrupted iterations
a1     [  76% ] 001/100 VUs  2m17.0s/3m0s  50.00 iters/s

running (2m29.7s), 001/100 VUs, 6899 complete and 0 interrupted iterations
a1     [  77% ] 001/100 VUs  2m18.0s/3m0s  50.00 iters/s

running (2m30.7s), 001/100 VUs, 6949 complete and 0 interrupted iterations
a1     [  77% ] 001/100 VUs  2m19.0s/3m0s  50.00 iters/s

running (2m31.7s), 001/100 VUs, 6999 complete and 0 interrupted iterations
a1     [  78% ] 001/100 VUs  2m20.0s/3m0s  50.00 iters/s

running (2m32.7s), 001/100 VUs, 7049 complete and 0 interrupted iterations
a1     [  78% ] 001/100 VUs  2m21.0s/3m0s  50.00 iters/s

running (2m33.7s), 001/100 VUs, 7099 complete and 0 interrupted iterations
a1     [  79% ] 001/100 VUs  2m22.0s/3m0s  50.00 iters/s

running (2m34.7s), 001/100 VUs, 7149 complete and 0 interrupted iterations
a1     [  79% ] 001/100 VUs  2m23.0s/3m0s  50.00 iters/s

running (2m35.7s), 001/100 VUs, 7199 complete and 0 interrupted iterations
a1     [  80% ] 001/100 VUs  2m24.0s/3m0s  50.00 iters/s

running (2m36.7s), 001/100 VUs, 7249 complete and 0 interrupted iterations
a1     [  81% ] 001/100 VUs  2m25.0s/3m0s  50.00 iters/s

running (2m37.7s), 001/100 VUs, 7299 complete and 0 interrupted iterations
a1     [  81% ] 001/100 VUs  2m26.0s/3m0s  50.00 iters/s

running (2m38.7s), 001/100 VUs, 7349 complete and 0 interrupted iterations
a1     [  82% ] 001/100 VUs  2m27.0s/3m0s  50.00 iters/s

running (2m39.7s), 001/100 VUs, 7399 complete and 0 interrupted iterations
a1     [  82% ] 001/100 VUs  2m28.0s/3m0s  50.00 iters/s

running (2m40.7s), 001/100 VUs, 7449 complete and 0 interrupted iterations
a1     [  83% ] 001/100 VUs  2m29.0s/3m0s  50.00 iters/s

running (2m41.7s), 001/100 VUs, 7499 complete and 0 interrupted iterations
a1     [  83% ] 001/100 VUs  2m30.0s/3m0s  50.00 iters/s

running (2m42.7s), 001/100 VUs, 7549 complete and 0 interrupted iterations
a1     [  84% ] 001/100 VUs  2m31.0s/3m0s  50.00 iters/s

running (2m43.7s), 001/100 VUs, 7599 complete and 0 interrupted iterations
a1     [  84% ] 001/100 VUs  2m32.0s/3m0s  50.00 iters/s

running (2m44.7s), 001/100 VUs, 7649 complete and 0 interrupted iterations
a1     [  85% ] 001/100 VUs  2m33.0s/3m0s  50.00 iters/s

running (2m45.7s), 001/100 VUs, 7699 complete and 0 interrupted iterations
a1     [  86% ] 001/100 VUs  2m34.0s/3m0s  50.00 iters/s

running (2m46.7s), 001/100 VUs, 7749 complete and 0 interrupted iterations
a1     [  86% ] 001/100 VUs  2m35.0s/3m0s  50.00 iters/s

running (2m47.7s), 001/100 VUs, 7799 complete and 0 interrupted iterations
a1     [  87% ] 001/100 VUs  2m36.0s/3m0s  50.00 iters/s

running (2m48.7s), 002/100 VUs, 7848 complete and 0 interrupted iterations
a1     [  87% ] 002/100 VUs  2m37.0s/3m0s  50.00 iters/s

running (2m49.7s), 001/100 VUs, 7899 complete and 0 interrupted iterations
a1     [  88% ] 001/100 VUs  2m38.0s/3m0s  50.00 iters/s

running (2m53.6s), 002/100 VUs, 7948 complete and 0 interrupted iterations
a1     [  88% ] 002/100 VUs  2m39.0s/3m0s  50.00 iters/s

running (2m54.6s), 001/100 VUs, 7999 complete and 0 interrupted iterations
a1     [  89% ] 001/100 VUs  2m40.0s/3m0s  50.00 iters/s

running (2m55.6s), 001/100 VUs, 8049 complete and 0 interrupted iterations
a1     [  89% ] 001/100 VUs  2m41.0s/3m0s  50.00 iters/s

running (2m56.6s), 001/100 VUs, 8099 complete and 0 interrupted iterations
a1     [  90% ] 001/100 VUs  2m42.0s/3m0s  50.00 iters/s

running (2m57.6s), 001/100 VUs, 8149 complete and 0 interrupted iterations
a1     [  91% ] 001/100 VUs  2m43.0s/3m0s  50.00 iters/s

running (2m58.6s), 001/100 VUs, 8199 complete and 0 interrupted iterations
a1     [  91% ] 001/100 VUs  2m44.0s/3m0s  50.00 iters/s

running (2m59.6s), 001/100 VUs, 8249 complete and 0 interrupted iterations
a1     [  92% ] 001/100 VUs  2m45.0s/3m0s  50.00 iters/s

running (3m00.6s), 001/100 VUs, 8299 complete and 0 interrupted iterations
a1     [  92% ] 001/100 VUs  2m46.0s/3m0s  50.00 iters/s

running (3m01.6s), 001/100 VUs, 8349 complete and 0 interrupted iterations
a1     [  93% ] 001/100 VUs  2m47.0s/3m0s  50.00 iters/s

running (3m02.6s), 001/100 VUs, 8399 complete and 0 interrupted iterations
a1     [  93% ] 001/100 VUs  2m48.0s/3m0s  50.00 iters/s

running (3m03.6s), 001/100 VUs, 8449 complete and 0 interrupted iterations
a1     [  94% ] 001/100 VUs  2m49.0s/3m0s  50.00 iters/s

running (3m04.6s), 001/100 VUs, 8499 complete and 0 interrupted iterations
a1     [  94% ] 001/100 VUs  2m50.0s/3m0s  50.00 iters/s

running (3m05.6s), 001/100 VUs, 8549 complete and 0 interrupted iterations
a1     [  95% ] 001/100 VUs  2m51.0s/3m0s  50.00 iters/s

running (3m06.6s), 001/100 VUs, 8599 complete and 0 interrupted iterations
a1     [  96% ] 001/100 VUs  2m52.0s/3m0s  50.00 iters/s

running (3m07.6s), 001/100 VUs, 8649 complete and 0 interrupted iterations
a1     [  96% ] 001/100 VUs  2m53.0s/3m0s  50.00 iters/s

running (3m08.6s), 001/100 VUs, 8699 complete and 0 interrupted iterations
a1     [  97% ] 001/100 VUs  2m54.0s/3m0s  50.00 iters/s

running (3m09.6s), 001/100 VUs, 8749 complete and 0 interrupted iterations
a1     [  97% ] 001/100 VUs  2m55.0s/3m0s  50.00 iters/s

running (3m10.6s), 001/100 VUs, 8799 complete and 0 interrupted iterations
a1     [  98% ] 001/100 VUs  2m56.0s/3m0s  50.00 iters/s

running (3m11.6s), 001/100 VUs, 8849 complete and 0 interrupted iterations
a1     [  98% ] 001/100 VUs  2m57.0s/3m0s  50.00 iters/s

running (3m12.6s), 001/100 VUs, 8899 complete and 0 interrupted iterations
a1     [  99% ] 001/100 VUs  2m58.0s/3m0s  50.00 iters/s

running (3m13.6s), 001/100 VUs, 8949 complete and 0 interrupted iterations
a1     [  99% ] 001/100 VUs  2m59.0s/3m0s  50.00 iters/s

running (3m14.6s), 001/100 VUs, 8999 complete and 0 interrupted iterations
a1     [ 100% ] 001/100 VUs  3m00.0s/3m0s  50.00 iters/s


  █ THRESHOLDS 

    http_req_failed
    ✓ 'rate<0.05' rate=0.00%


  █ TOTAL RESULTS 

    checks_total.......: 27003   138.709513/s
    checks_succeeded...: 100.00% 27003 out of 27003
    checks_failed......: 0.00%   0 out of 27003

    ✓ initiated
    ✓ validated
    ✓ terminal

    CUSTOM
    a1_lifecycle_duration..........: avg=23.66ms min=9ms    med=14ms    p(95)=28ms    p(99)=125ms   max=2.96s
    a1_lifecycles_completed........: 9001   46.236504/s
    a1_transitions_committed.......: 27003  138.709513/s

    HTTP
    http_req_duration..............: avg=7.74ms  min=2.37ms med=4.57ms  p(95)=9.08ms  p(99)=47.5ms  max=2.95s
      { expected_response:true }...: avg=7.74ms  min=2.37ms med=4.57ms  p(95)=9.08ms  p(99)=47.5ms  max=2.95s
    http_req_failed................: 0.00%  0 out of 27003
    http_reqs......................: 27003  138.709513/s

    EXECUTION
    iteration_duration.............: avg=22.41ms min=8.88ms med=14.11ms p(95)=27.62ms p(99)=113.2ms max=1.49s
    iterations.....................: 9001   46.236504/s
    vus............................: 1      min=1          max=50 
    vus_max........................: 100    min=100        max=100

    NETWORK
    data_received..................: 10 MB  53 kB/s
    data_sent......................: 5.9 MB 30 kB/s




running (3m14.7s), 000/100 VUs, 9001 complete and 0 interrupted iterations
a1   ✓ [ 100% ] 000/100 VUs  3m0s  50.00 iters/s
