[18:18:17] === RUN HYBRID-P1-r3-F2-20260904181817 ===
[18:18:17] mode=HYBRID profile=P1 rep=3 tps=50 duration=180s fault=F2
[18:18:17] jar: target/master-thesis-observability-0.0.1-SNAPSHOT.jar
[18:18:17] workload tozalanmoqda (reference saqlanadi)
workload reset; reference data preserved
AQ backlog purged: 0 -> 0
[18:18:18] Kafka topigi qayta yaratilmoqda
[18:18:27] ilova ishga tushirilmoqda (mode=HYBRID)
[18:18:41] ilova tayyor (pid 136875)
[18:18:41] Debezium konnektori ro'yxatdan o'tkazilmoqda (HYBRID, prefix=obsv_hybrid_p1_r3_f2_20260904181817)
konnektor ro'yxatdan o'tkazilmoqda: a1-hybrid-obsv_hybrid_p1_r3_f2_20260904181817 (prefix=obsv_hybrid_p1_r3_f2_20260904181817)
konnektor RUNNING (2s)
streaming tasdiqlanmoqda (heartbeat topigi: __debezium-heartbeat.obsv_hybrid_p1_r3_f2_20260904181817)
streaming tasdiqlandi (1 urinish)
[18:18:51] fault F2 60s dan keyin yuboriladi
[18:18:51] k6 yuklamasi boshlandi
[fault 18:19:54] kafka-2 va kafka-3 to'xtatilmoqda (90s)
[fault 18:21:38] brokerlar qaytarilmoqda
[fault 18:21:39] F2 tugadi
[18:22:07] pipeline bo'shashi kutilmoqda (maks 120s)
[18:22:17] pipeline bo'sh (4s, sink=27003 xabar)
[18:22:30] ground truth eksport qilinmoqda
[18:22:30] Kafka topigi eksport qilinmoqda
[18:22:58] tahlil
{
  "mode": "HYBRID",
  "profile": "P1",
  "rep": "3",
  "fault": "F2",
  "ground_truth_transitions": 27003,
  "delivered_distinct": 27003,
  "delivered_total": 27003,
  "matched": 27003,
  "missing": 0,
  "phantom": 0,
  "malformed": 0,
  "loss_rate": 0.0,
  "loss_rate_ppm": 0.0,
  "duplicate_rate": 0.0,
  "ordering_violation_rate": 0.0,
  "txns_split_across_partitions": 0,
  "latency_ms_p50": 3580,
  "latency_ms_p95": 7276,
  "latency_ms_p99": 8308,
  "latency_ms_max": 9044,
  "latency_ms_mean": 3780.1,
  "latency_samples": 27003,
  "latency_negative_samples": 0,
  "loss_rate_upper_bound_95_ppm": 111.1
}
[18:22:58] ilova va konnektor to'xtatilmoqda
connector o'chirilmoqda: a1-hybrid-obsv_hybrid_p1_r3_f2_20260904181817
[18:23:02] === TUGADI: results/HYBRID-P1-r3-F2-20260904181817 ===
