[14:13:50] === RUN AQ-P1-r1-F8-20260904141350 ===
[14:13:50] mode=AQ profile=P1 rep=1 tps=50 duration=180s fault=F8
[14:13:50] jar: target/master-thesis-observability-0.0.1-SNAPSHOT.jar
[14:13:50] workload tozalanmoqda (reference saqlanadi)
workload reset; reference data preserved
AQ backlog purged: 0 -> 0
[14:13:53] Kafka topigi qayta yaratilmoqda
[14:14:02] ilova ishga tushirilmoqda (mode=AQ)
[14:14:20] ilova tayyor (pid 1610700)
[14:14:23] fault F8 60s dan keyin yuboriladi
[14:14:23] k6 yuklamasi boshlandi
[fault 14:15:29] AQ triggerini sindirmoqdamiz (PKG_A1_EVENT yaroqsiz qilinadi)
Warning: Package Body created with compilation errors.

[fault 14:15:29] paket endi yaroqsiz — AQ rejimida DML yiqilishi kerak
[fault 14:15:29] F8 tugadi
[14:17:39] k6 nolga teng bo'lmagan kod bilan tugadi (natija baribir tahlil qilinadi)
[14:17:39] pipeline bo'shashi kutilmoqda (maks 120s)
[14:17:52] pipeline bo'sh (4s, sink=8985 xabar)
[14:18:02] ground truth eksport qilinmoqda
[14:18:03] Kafka topigi eksport qilinmoqda
[14:18:55] tahlil
{
  "mode": "AQ",
  "profile": "P1",
  "rep": "1",
  "fault": "F8",
  "ground_truth_transitions": 8985,
  "delivered_distinct": 8985,
  "delivered_total": 8985,
  "matched": 8985,
  "missing": 0,
  "phantom": 0,
  "malformed": 0,
  "loss_rate": 0.0,
  "loss_rate_ppm": 0.0,
  "duplicate_rate": 0.0,
  "ordering_violation_rate": 0.0,
  "txns_split_across_partitions": 0,
  "latency_ms_p50": 9,
  "latency_ms_p95": 51,
  "latency_ms_p99": 1318,
  "latency_ms_max": 2945,
  "latency_ms_mean": 44.7,
  "latency_samples": 8985,
  "latency_negative_samples": 0,
  "loss_rate_upper_bound_95_ppm": 333.89
}
[14:18:55] ilova va konnektor to'xtatilmoqda
[14:19:02] === TUGADI: results/AQ-P1-r1-F8-20260904141350 ===
