[16:51:47] === RUN WRAPPER_B3-P1-r1-F1R-20260909165147 ===
[16:51:47] mode=WRAPPER_B3 profile=P1 rep=1 tps=50 duration=180s fault=F1R
[16:51:47] jar: target/master-thesis-observability-0.0.1-SNAPSHOT.jar
[16:51:47] arxiv redo tozalanmoqda
[16:51:47] workload tozalanmoqda (reference saqlanadi)
workload reset; reference data preserved
AQ backlog purged: 0 -> 0
[16:51:48] Kafka topigi qayta yaratilmoqda
[16:51:57] ilova ishga tushirilmoqda (mode=WRAPPER_B3)
[16:52:09] ilova tayyor (pid 3987642)
[16:52:12] fault F1R 60s dan keyin yuboriladi
[16:52:12] k6 yuklamasi boshlandi
[fault 16:53:12] SIGKILL ilovaga: 3987642
[fault 16:53:23] ilova qayta ishga tushirilmoqda (mode=results/WRAPPER_B3-P1-r91-20260903164920/run.log:WRAPPER_B3)
[fault 16:53:23] F1R tugadi
[16:55:13] k6 nolga teng bo'lmagan kod bilan tugadi (natija baribir tahlil qilinadi)
[16:55:13] k6 iteratsiyalari: 9001
[16:55:13] ilova ishlamayapti (fault=F1R) — drenaj uchun qayta ishga tushirilmoqda
[16:55:26] ilova qayta tiklandi (7x2s)
[16:55:26] pipeline bo'shashi kutilmoqda (maks 120s)
[16:56:11] pipeline bo'sh (15s, sink=8980 xabar)
[16:56:21] ground truth eksport qilinmoqda
[16:56:21] Kafka topigi eksport qilinmoqda
[16:56:49] tahlil
{
  "mode": "WRAPPER_B3",
  "profile": "P1",
  "rep": "1",
  "fault": "F1R",
  "ground_truth_transitions": 8980,
  "delivered_distinct": 8980,
  "delivered_total": 8980,
  "matched": 8980,
  "missing": 0,
  "phantom": 0,
  "malformed": 0,
  "loss_rate": 0.0,
  "loss_rate_ppm": 0.0,
  "duplicate_rate": 0.0,
  "ordering_violation_rate": 0.0,
  "txns_split_across_partitions": 0,
  "latency_ms_p50": 142,
  "latency_ms_p95": 251,
  "latency_ms_p99": 1285,
  "latency_ms_max": 133993,
  "latency_ms_mean": 276.6,
  "latency_samples": 8980,
  "latency_negative_samples": 0,
  "loss_rate_upper_bound_95_ppm": 334.08
}
[16:56:49] ilova va konnektor to'xtatilmoqda
[16:56:53] === TUGADI: results/WRAPPER_B3-P1-r1-F1R-20260909165147 ===
