
         /\      Grafana   /‾‾/  
    /\  /  \     |\  __   /  /   
   /  \/    \    | |/ /  /   ‾‾\ 
  /          \   |   (  |  (‾)  |
 / __________ \  |_|\_\  \_____/ 


     execution: local
        script: harness/k6/a1-workload.js
        output: -

     scenarios: (100.00%) 1 scenario, 600 max VUs, 3m30s max duration (incl. graceful stop):
              * a1: 50.00 iterations/s for 3m0s (maxVUs: 100-600, gracefulStop: 30s)


running (0m01.0s), 050/100 VUs, 0 complete and 0 interrupted iterations
a1     [   1% ] 050/100 VUs  0m01.0s/3m0s  50.00 iters/s

running (0m02.0s), 100/100 VUs, 0 complete and 0 interrupted iterations
a1     [   1% ] 100/100 VUs  0m02.0s/3m0s  50.00 iters/s

running (0m03.0s), 125/125 VUs, 0 complete and 0 interrupted iterations
a1     [   2% ] 125/125 VUs  0m03.0s/3m0s  50.00 iters/s

running (0m04.0s), 150/150 VUs, 0 complete and 0 interrupted iterations
a1     [   2% ] 150/150 VUs  0m04.0s/3m0s  50.00 iters/s

running (0m05.0s), 175/175 VUs, 0 complete and 0 interrupted iterations
a1     [   3% ] 175/175 VUs  0m05.0s/3m0s  50.00 iters/s

running (0m06.0s), 199/200 VUs, 1 complete and 0 interrupted iterations
a1     [   3% ] 199/200 VUs  0m06.0s/3m0s  50.00 iters/s

running (0m07.0s), 133/215 VUs, 102 complete and 0 interrupted iterations
a1     [   4% ] 133/215 VUs  0m07.0s/3m0s  50.00 iters/s

running (0m08.0s), 001/215 VUs, 284 complete and 0 interrupted iterations
a1     [   4% ] 001/215 VUs  0m08.0s/3m0s  50.00 iters/s

running (0m09.0s), 001/215 VUs, 334 complete and 0 interrupted iterations
a1     [   5% ] 001/215 VUs  0m09.0s/3m0s  50.00 iters/s

running (0m10.0s), 001/215 VUs, 384 complete and 0 interrupted iterations
a1     [   6% ] 001/215 VUs  0m10.0s/3m0s  50.00 iters/s

running (0m11.0s), 001/215 VUs, 434 complete and 0 interrupted iterations
a1     [   6% ] 001/215 VUs  0m11.0s/3m0s  50.00 iters/s

running (0m12.0s), 001/215 VUs, 484 complete and 0 interrupted iterations
a1     [   7% ] 001/215 VUs  0m12.0s/3m0s  50.00 iters/s

running (0m13.0s), 001/215 VUs, 534 complete and 0 interrupted iterations
a1     [   7% ] 001/215 VUs  0m13.0s/3m0s  50.00 iters/s

running (0m14.0s), 001/215 VUs, 584 complete and 0 interrupted iterations
a1     [   8% ] 001/215 VUs  0m14.0s/3m0s  50.00 iters/s

running (0m15.0s), 001/215 VUs, 634 complete and 0 interrupted iterations
a1     [   8% ] 001/215 VUs  0m15.0s/3m0s  50.00 iters/s

running (0m16.0s), 001/215 VUs, 684 complete and 0 interrupted iterations
a1     [   9% ] 001/215 VUs  0m16.0s/3m0s  50.00 iters/s

running (0m17.0s), 002/215 VUs, 733 complete and 0 interrupted iterations
a1     [   9% ] 002/215 VUs  0m17.0s/3m0s  50.00 iters/s

running (0m18.0s), 002/215 VUs, 783 complete and 0 interrupted iterations
a1     [  10% ] 002/215 VUs  0m18.0s/3m0s  50.00 iters/s

running (0m19.0s), 016/215 VUs, 819 complete and 0 interrupted iterations
a1     [  11% ] 016/215 VUs  0m19.0s/3m0s  50.00 iters/s

running (0m20.0s), 001/215 VUs, 884 complete and 0 interrupted iterations
a1     [  11% ] 001/215 VUs  0m20.0s/3m0s  50.00 iters/s

running (0m21.0s), 030/215 VUs, 905 complete and 0 interrupted iterations
a1     [  12% ] 030/215 VUs  0m21.0s/3m0s  50.00 iters/s

running (0m22.0s), 001/215 VUs, 984 complete and 0 interrupted iterations
a1     [  12% ] 001/215 VUs  0m22.0s/3m0s  50.00 iters/s

running (0m23.0s), 017/215 VUs, 1018 complete and 0 interrupted iterations
a1     [  13% ] 017/215 VUs  0m23.0s/3m0s  50.00 iters/s

running (0m24.0s), 001/215 VUs, 1084 complete and 0 interrupted iterations
a1     [  13% ] 001/215 VUs  0m24.0s/3m0s  50.00 iters/s

running (0m25.0s), 001/215 VUs, 1134 complete and 0 interrupted iterations
a1     [  14% ] 001/215 VUs  0m25.0s/3m0s  50.00 iters/s

running (0m26.0s), 018/215 VUs, 1167 complete and 0 interrupted iterations
a1     [  14% ] 018/215 VUs  0m26.0s/3m0s  50.00 iters/s

running (0m27.0s), 001/215 VUs, 1234 complete and 0 interrupted iterations
a1     [  15% ] 001/215 VUs  0m27.0s/3m0s  50.00 iters/s

running (0m28.0s), 021/215 VUs, 1264 complete and 0 interrupted iterations
a1     [  16% ] 021/215 VUs  0m28.0s/3m0s  50.00 iters/s

running (0m29.0s), 031/215 VUs, 1304 complete and 0 interrupted iterations
a1     [  16% ] 031/215 VUs  0m29.0s/3m0s  50.00 iters/s

running (0m30.0s), 001/215 VUs, 1384 complete and 0 interrupted iterations
a1     [  17% ] 001/215 VUs  0m30.0s/3m0s  50.00 iters/s

running (0m31.0s), 001/215 VUs, 1434 complete and 0 interrupted iterations
a1     [  17% ] 001/215 VUs  0m31.0s/3m0s  50.00 iters/s

running (0m32.0s), 001/215 VUs, 1484 complete and 0 interrupted iterations
a1     [  18% ] 001/215 VUs  0m32.0s/3m0s  50.00 iters/s

running (0m33.0s), 001/215 VUs, 1534 complete and 0 interrupted iterations
a1     [  18% ] 001/215 VUs  0m33.0s/3m0s  50.00 iters/s

running (0m34.0s), 001/215 VUs, 1584 complete and 0 interrupted iterations
a1     [  19% ] 001/215 VUs  0m34.0s/3m0s  50.00 iters/s

running (0m35.0s), 001/215 VUs, 1634 complete and 0 interrupted iterations
a1     [  19% ] 001/215 VUs  0m35.0s/3m0s  50.00 iters/s

running (0m36.0s), 012/215 VUs, 1673 complete and 0 interrupted iterations
a1     [  20% ] 012/215 VUs  0m36.0s/3m0s  50.00 iters/s

running (0m37.0s), 001/215 VUs, 1734 complete and 0 interrupted iterations
a1     [  21% ] 001/215 VUs  0m37.0s/3m0s  50.00 iters/s

running (0m38.0s), 001/215 VUs, 1784 complete and 0 interrupted iterations
a1     [  21% ] 001/215 VUs  0m38.0s/3m0s  50.00 iters/s

running (0m39.0s), 015/215 VUs, 1820 complete and 0 interrupted iterations
a1     [  22% ] 015/215 VUs  0m39.0s/3m0s  50.00 iters/s

running (0m40.0s), 002/215 VUs, 1883 complete and 0 interrupted iterations
a1     [  22% ] 002/215 VUs  0m40.0s/3m0s  50.00 iters/s

running (0m41.0s), 021/215 VUs, 1914 complete and 0 interrupted iterations
a1     [  23% ] 021/215 VUs  0m41.0s/3m0s  50.00 iters/s

running (0m42.0s), 001/215 VUs, 1984 complete and 0 interrupted iterations
a1     [  23% ] 001/215 VUs  0m42.0s/3m0s  50.00 iters/s

running (0m43.0s), 013/215 VUs, 2022 complete and 0 interrupted iterations
a1     [  24% ] 013/215 VUs  0m43.0s/3m0s  50.00 iters/s

running (0m44.0s), 001/215 VUs, 2084 complete and 0 interrupted iterations
a1     [  24% ] 001/215 VUs  0m44.0s/3m0s  50.00 iters/s

running (0m45.0s), 018/215 VUs, 2117 complete and 0 interrupted iterations
a1     [  25% ] 018/215 VUs  0m45.0s/3m0s  50.00 iters/s

running (0m46.0s), 001/215 VUs, 2184 complete and 0 interrupted iterations
a1     [  26% ] 001/215 VUs  0m46.0s/3m0s  50.00 iters/s

running (0m47.0s), 030/215 VUs, 2205 complete and 0 interrupted iterations
a1     [  26% ] 030/215 VUs  0m47.0s/3m0s  50.00 iters/s

running (0m48.0s), 047/215 VUs, 2238 complete and 0 interrupted iterations
a1     [  27% ] 047/215 VUs  0m48.0s/3m0s  50.00 iters/s

running (0m49.0s), 001/215 VUs, 2334 complete and 0 interrupted iterations
a1     [  27% ] 001/215 VUs  0m49.0s/3m0s  50.00 iters/s

running (0m50.0s), 001/215 VUs, 2384 complete and 0 interrupted iterations
a1     [  28% ] 001/215 VUs  0m50.0s/3m0s  50.00 iters/s

running (0m51.0s), 001/215 VUs, 2434 complete and 0 interrupted iterations
a1     [  28% ] 001/215 VUs  0m51.0s/3m0s  50.00 iters/s

running (0m52.0s), 001/215 VUs, 2484 complete and 0 interrupted iterations
a1     [  29% ] 001/215 VUs  0m52.0s/3m0s  50.00 iters/s

running (0m53.0s), 001/215 VUs, 2534 complete and 0 interrupted iterations
a1     [  29% ] 001/215 VUs  0m53.0s/3m0s  50.00 iters/s

running (0m54.0s), 001/215 VUs, 2584 complete and 0 interrupted iterations
a1     [  30% ] 001/215 VUs  0m54.0s/3m0s  50.00 iters/s

running (0m55.0s), 001/215 VUs, 2634 complete and 0 interrupted iterations
a1     [  31% ] 001/215 VUs  0m55.0s/3m0s  50.00 iters/s

running (0m56.0s), 024/215 VUs, 2661 complete and 0 interrupted iterations
a1     [  31% ] 024/215 VUs  0m56.0s/3m0s  50.00 iters/s

running (0m57.0s), 002/215 VUs, 2733 complete and 0 interrupted iterations
a1     [  32% ] 002/215 VUs  0m57.0s/3m0s  50.00 iters/s

running (0m58.0s), 026/215 VUs, 2759 complete and 0 interrupted iterations
a1     [  32% ] 026/215 VUs  0m58.0s/3m0s  50.00 iters/s

running (0m59.0s), 026/215 VUs, 2809 complete and 0 interrupted iterations
a1     [  33% ] 026/215 VUs  0m59.0s/3m0s  50.00 iters/s

running (1m00.0s), 003/215 VUs, 2882 complete and 0 interrupted iterations
a1     [  33% ] 003/215 VUs  1m00.0s/3m0s  50.00 iters/s

running (1m01.0s), 001/215 VUs, 2934 complete and 0 interrupted iterations
a1     [  34% ] 001/215 VUs  1m01.0s/3m0s  50.00 iters/s

running (1m02.0s), 001/215 VUs, 2984 complete and 0 interrupted iterations
a1     [  34% ] 001/215 VUs  1m02.0s/3m0s  50.00 iters/s

running (1m03.0s), 020/215 VUs, 3015 complete and 0 interrupted iterations
a1     [  35% ] 020/215 VUs  1m03.0s/3m0s  50.00 iters/s

running (1m04.0s), 001/215 VUs, 3084 complete and 0 interrupted iterations
a1     [  36% ] 001/215 VUs  1m04.0s/3m0s  50.00 iters/s

running (1m05.0s), 011/215 VUs, 3124 complete and 0 interrupted iterations
a1     [  36% ] 011/215 VUs  1m05.0s/3m0s  50.00 iters/s

running (1m06.0s), 043/215 VUs, 3142 complete and 0 interrupted iterations
a1     [  37% ] 043/215 VUs  1m06.0s/3m0s  50.00 iters/s

running (1m07.0s), 014/215 VUs, 3221 complete and 0 interrupted iterations
a1     [  37% ] 014/215 VUs  1m07.0s/3m0s  50.00 iters/s

running (1m08.0s), 001/215 VUs, 3284 complete and 0 interrupted iterations
a1     [  38% ] 001/215 VUs  1m08.0s/3m0s  50.00 iters/s

running (1m09.0s), 001/215 VUs, 3334 complete and 0 interrupted iterations
a1     [  38% ] 001/215 VUs  1m09.0s/3m0s  50.00 iters/s

running (1m10.0s), 001/215 VUs, 3384 complete and 0 interrupted iterations
a1     [  39% ] 001/215 VUs  1m10.0s/3m0s  50.00 iters/s

running (1m11.0s), 001/215 VUs, 3434 complete and 0 interrupted iterations
a1     [  39% ] 001/215 VUs  1m11.0s/3m0s  50.00 iters/s

running (1m12.0s), 001/215 VUs, 3484 complete and 0 interrupted iterations
a1     [  40% ] 001/215 VUs  1m12.0s/3m0s  50.00 iters/s

running (1m13.0s), 001/215 VUs, 3534 complete and 0 interrupted iterations
a1     [  41% ] 001/215 VUs  1m13.0s/3m0s  50.00 iters/s

running (1m14.0s), 021/215 VUs, 3564 complete and 0 interrupted iterations
a1     [  41% ] 021/215 VUs  1m14.0s/3m0s  50.00 iters/s

running (1m15.0s), 001/215 VUs, 3634 complete and 0 interrupted iterations
a1     [  42% ] 001/215 VUs  1m15.0s/3m0s  50.00 iters/s

running (1m16.0s), 025/215 VUs, 3660 complete and 0 interrupted iterations
a1     [  42% ] 025/215 VUs  1m16.0s/3m0s  50.00 iters/s

running (1m17.0s), 001/215 VUs, 3734 complete and 0 interrupted iterations
a1     [  43% ] 001/215 VUs  1m17.0s/3m0s  50.00 iters/s

running (1m18.0s), 011/215 VUs, 3774 complete and 0 interrupted iterations
a1     [  43% ] 011/215 VUs  1m18.0s/3m0s  50.00 iters/s

running (1m19.0s), 001/215 VUs, 3834 complete and 0 interrupted iterations
a1     [  44% ] 001/215 VUs  1m19.0s/3m0s  50.00 iters/s

running (1m20.0s), 014/215 VUs, 3871 complete and 0 interrupted iterations
a1     [  44% ] 014/215 VUs  1m20.0s/3m0s  50.00 iters/s

running (1m21.0s), 001/215 VUs, 3934 complete and 0 interrupted iterations
a1     [  45% ] 001/215 VUs  1m21.0s/3m0s  50.00 iters/s

running (1m22.0s), 016/215 VUs, 3969 complete and 0 interrupted iterations
a1     [  46% ] 016/215 VUs  1m22.0s/3m0s  50.00 iters/s

running (1m23.0s), 001/215 VUs, 4034 complete and 0 interrupted iterations
a1     [  46% ] 001/215 VUs  1m23.0s/3m0s  50.00 iters/s

running (1m24.0s), 026/215 VUs, 4059 complete and 0 interrupted iterations
a1     [  47% ] 026/215 VUs  1m24.0s/3m0s  50.00 iters/s

running (1m25.0s), 001/215 VUs, 4134 complete and 0 interrupted iterations
a1     [  47% ] 001/215 VUs  1m25.0s/3m0s  50.00 iters/s

running (1m26.0s), 001/215 VUs, 4184 complete and 0 interrupted iterations
a1     [  48% ] 001/215 VUs  1m26.0s/3m0s  50.00 iters/s

running (1m27.0s), 001/215 VUs, 4234 complete and 0 interrupted iterations
a1     [  48% ] 001/215 VUs  1m27.0s/3m0s  50.00 iters/s

running (1m28.0s), 001/215 VUs, 4284 complete and 0 interrupted iterations
a1     [  49% ] 001/215 VUs  1m28.0s/3m0s  50.00 iters/s

running (1m29.0s), 001/215 VUs, 4334 complete and 0 interrupted iterations
a1     [  49% ] 001/215 VUs  1m29.0s/3m0s  50.00 iters/s

running (1m30.0s), 001/215 VUs, 4384 complete and 0 interrupted iterations
a1     [  50% ] 001/215 VUs  1m30.0s/3m0s  50.00 iters/s

running (1m31.0s), 022/215 VUs, 4413 complete and 0 interrupted iterations
a1     [  51% ] 022/215 VUs  1m31.0s/3m0s  50.00 iters/s

running (1m32.0s), 002/215 VUs, 4483 complete and 0 interrupted iterations
a1     [  51% ] 002/215 VUs  1m32.0s/3m0s  50.00 iters/s

running (1m33.0s), 024/215 VUs, 4511 complete and 0 interrupted iterations
a1     [  52% ] 024/215 VUs  1m33.0s/3m0s  50.00 iters/s

running (1m34.0s), 001/215 VUs, 4584 complete and 0 interrupted iterations
a1     [  52% ] 001/215 VUs  1m34.0s/3m0s  50.00 iters/s

running (1m35.0s), 019/215 VUs, 4616 complete and 0 interrupted iterations
a1     [  53% ] 019/215 VUs  1m35.0s/3m0s  50.00 iters/s

running (1m36.0s), 001/215 VUs, 4684 complete and 0 interrupted iterations
a1     [  53% ] 001/215 VUs  1m36.0s/3m0s  50.00 iters/s

running (1m37.0s), 001/215 VUs, 4734 complete and 0 interrupted iterations
a1     [  54% ] 001/215 VUs  1m37.0s/3m0s  50.00 iters/s

running (1m38.0s), 024/215 VUs, 4761 complete and 0 interrupted iterations
a1     [  54% ] 024/215 VUs  1m38.0s/3m0s  50.00 iters/s

running (1m39.0s), 001/215 VUs, 4834 complete and 0 interrupted iterations
a1     [  55% ] 001/215 VUs  1m39.0s/3m0s  50.00 iters/s

running (1m40.0s), 019/215 VUs, 4866 complete and 0 interrupted iterations
a1     [  56% ] 019/215 VUs  1m40.0s/3m0s  50.00 iters/s

running (1m41.0s), 001/215 VUs, 4934 complete and 0 interrupted iterations
a1     [  56% ] 001/215 VUs  1m41.0s/3m0s  50.00 iters/s

running (1m42.0s), 026/215 VUs, 4959 complete and 0 interrupted iterations
a1     [  57% ] 026/215 VUs  1m42.0s/3m0s  50.00 iters/s

running (1m43.0s), 001/215 VUs, 5034 complete and 0 interrupted iterations
a1     [  57% ] 001/215 VUs  1m43.0s/3m0s  50.00 iters/s

running (1m44.0s), 001/215 VUs, 5084 complete and 0 interrupted iterations
a1     [  58% ] 001/215 VUs  1m44.0s/3m0s  50.00 iters/s

running (1m45.0s), 001/215 VUs, 5134 complete and 0 interrupted iterations
a1     [  58% ] 001/215 VUs  1m45.0s/3m0s  50.00 iters/s

running (1m46.0s), 001/215 VUs, 5184 complete and 0 interrupted iterations
a1     [  59% ] 001/215 VUs  1m46.0s/3m0s  50.00 iters/s

running (1m47.0s), 001/215 VUs, 5234 complete and 0 interrupted iterations
a1     [  59% ] 001/215 VUs  1m47.0s/3m0s  50.00 iters/s

running (1m48.0s), 016/215 VUs, 5269 complete and 0 interrupted iterations
a1     [  60% ] 016/215 VUs  1m48.0s/3m0s  50.00 iters/s

running (1m49.0s), 001/215 VUs, 5334 complete and 0 interrupted iterations
a1     [  61% ] 001/215 VUs  1m49.0s/3m0s  50.00 iters/s

running (1m50.0s), 001/215 VUs, 5384 complete and 0 interrupted iterations
a1     [  61% ] 001/215 VUs  1m50.0s/3m0s  50.00 iters/s

running (1m51.0s), 022/215 VUs, 5413 complete and 0 interrupted iterations
a1     [  62% ] 022/215 VUs  1m51.0s/3m0s  50.00 iters/s

running (1m52.0s), 001/215 VUs, 5484 complete and 0 interrupted iterations
a1     [  62% ] 001/215 VUs  1m52.0s/3m0s  50.00 iters/s

running (1m53.0s), 026/215 VUs, 5509 complete and 0 interrupted iterations
a1     [  63% ] 026/215 VUs  1m53.0s/3m0s  50.00 iters/s
time="2026-09-09T21:04:30+05:00" level=warning msg="The test has generated metrics with 100048 unique time series, which is higher than the suggested limit of 100000 and could cause high memory usage. Consider not using high-cardinality values like unique IDs as metric tags or, if you need them in the URL, use the name metric tag or URL grouping. See https://grafana.com/docs/k6/latest/using-k6/tags-and-groups/ for details." component=metrics-engine-ingester

running (1m54.0s), 001/215 VUs, 5584 complete and 0 interrupted iterations
a1     [  63% ] 001/215 VUs  1m54.0s/3m0s  50.00 iters/s

running (1m55.0s), 024/215 VUs, 5611 complete and 0 interrupted iterations
a1     [  64% ] 024/215 VUs  1m55.0s/3m0s  50.00 iters/s

running (1m56.0s), 001/215 VUs, 5684 complete and 0 interrupted iterations
a1     [  64% ] 001/215 VUs  1m56.0s/3m0s  50.00 iters/s

running (1m57.0s), 020/215 VUs, 5715 complete and 0 interrupted iterations
a1     [  65% ] 020/215 VUs  1m57.0s/3m0s  50.00 iters/s

running (1m58.0s), 001/215 VUs, 5784 complete and 0 interrupted iterations
a1     [  66% ] 001/215 VUs  1m58.0s/3m0s  50.00 iters/s

running (1m59.0s), 027/215 VUs, 5808 complete and 0 interrupted iterations
a1     [  66% ] 027/215 VUs  1m59.0s/3m0s  50.00 iters/s

running (2m00.0s), 001/215 VUs, 5884 complete and 0 interrupted iterations
a1     [  67% ] 001/215 VUs  2m00.0s/3m0s  50.00 iters/s

running (2m01.0s), 010/215 VUs, 5925 complete and 0 interrupted iterations
a1     [  67% ] 010/215 VUs  2m01.0s/3m0s  50.00 iters/s

running (2m02.0s), 001/215 VUs, 5984 complete and 0 interrupted iterations
a1     [  68% ] 001/215 VUs  2m02.0s/3m0s  50.00 iters/s

running (2m03.0s), 015/215 VUs, 6020 complete and 0 interrupted iterations
a1     [  68% ] 015/215 VUs  2m03.0s/3m0s  50.00 iters/s

running (2m04.0s), 001/215 VUs, 6084 complete and 0 interrupted iterations
a1     [  69% ] 001/215 VUs  2m04.0s/3m0s  50.00 iters/s

running (2m05.0s), 017/215 VUs, 6118 complete and 0 interrupted iterations
a1     [  69% ] 017/215 VUs  2m05.0s/3m0s  50.00 iters/s

running (2m06.0s), 016/215 VUs, 6169 complete and 0 interrupted iterations
a1     [  70% ] 016/215 VUs  2m06.0s/3m0s  50.00 iters/s

running (2m07.0s), 017/215 VUs, 6218 complete and 0 interrupted iterations
a1     [  71% ] 017/215 VUs  2m07.0s/3m0s  50.00 iters/s

running (2m08.0s), 017/215 VUs, 6268 complete and 0 interrupted iterations
a1     [  71% ] 017/215 VUs  2m08.0s/3m0s  50.00 iters/s

running (2m09.0s), 016/215 VUs, 6319 complete and 0 interrupted iterations
a1     [  72% ] 016/215 VUs  2m09.0s/3m0s  50.00 iters/s

running (2m10.0s), 017/215 VUs, 6368 complete and 0 interrupted iterations
a1     [  72% ] 017/215 VUs  2m10.0s/3m0s  50.00 iters/s

running (2m11.0s), 016/215 VUs, 6419 complete and 0 interrupted iterations
a1     [  73% ] 016/215 VUs  2m11.0s/3m0s  50.00 iters/s

running (2m12.0s), 016/215 VUs, 6469 complete and 0 interrupted iterations
a1     [  73% ] 016/215 VUs  2m12.0s/3m0s  50.00 iters/s

running (2m13.0s), 016/215 VUs, 6519 complete and 0 interrupted iterations
a1     [  74% ] 016/215 VUs  2m13.0s/3m0s  50.00 iters/s

running (2m14.0s), 010/215 VUs, 6575 complete and 0 interrupted iterations
a1     [  74% ] 010/215 VUs  2m14.0s/3m0s  50.00 iters/s

running (2m15.0s), 016/215 VUs, 6619 complete and 0 interrupted iterations
a1     [  75% ] 016/215 VUs  2m15.0s/3m0s  50.00 iters/s

running (2m16.0s), 017/215 VUs, 6668 complete and 0 interrupted iterations
a1     [  76% ] 017/215 VUs  2m16.0s/3m0s  50.00 iters/s

running (2m17.0s), 016/215 VUs, 6719 complete and 0 interrupted iterations
a1     [  76% ] 016/215 VUs  2m17.0s/3m0s  50.00 iters/s

running (2m18.0s), 001/215 VUs, 6784 complete and 0 interrupted iterations
a1     [  77% ] 001/215 VUs  2m18.0s/3m0s  50.00 iters/s

running (2m19.0s), 005/215 VUs, 6830 complete and 0 interrupted iterations
a1     [  77% ] 005/215 VUs  2m19.0s/3m0s  50.00 iters/s

running (2m20.0s), 001/215 VUs, 6884 complete and 0 interrupted iterations
a1     [  78% ] 001/215 VUs  2m20.0s/3m0s  50.00 iters/s

running (2m21.0s), 016/215 VUs, 6919 complete and 0 interrupted iterations
a1     [  78% ] 016/215 VUs  2m21.0s/3m0s  50.00 iters/s

running (2m22.0s), 016/215 VUs, 6969 complete and 0 interrupted iterations
a1     [  79% ] 016/215 VUs  2m22.0s/3m0s  50.00 iters/s

running (2m23.0s), 016/215 VUs, 7019 complete and 0 interrupted iterations
a1     [  79% ] 016/215 VUs  2m23.0s/3m0s  50.00 iters/s

running (2m24.0s), 066/215 VUs, 7019 complete and 0 interrupted iterations
a1     [  80% ] 066/215 VUs  2m24.0s/3m0s  50.00 iters/s

running (2m25.0s), 102/215 VUs, 7033 complete and 0 interrupted iterations
a1     [  81% ] 102/215 VUs  2m25.0s/3m0s  50.00 iters/s

running (2m26.0s), 139/215 VUs, 7046 complete and 0 interrupted iterations
a1     [  81% ] 139/215 VUs  2m26.0s/3m0s  50.00 iters/s

running (2m27.0s), 179/215 VUs, 7056 complete and 0 interrupted iterations
a1     [  82% ] 179/215 VUs  2m27.0s/3m0s  50.00 iters/s

running (2m28.0s), 204/217 VUs, 7078 complete and 0 interrupted iterations
a1     [  82% ] 204/217 VUs  2m28.0s/3m0s  50.00 iters/s

running (2m29.0s), 210/227 VUs, 7112 complete and 0 interrupted iterations
a1     [  83% ] 210/227 VUs  2m29.0s/3m0s  50.00 iters/s

running (2m30.0s), 001/227 VUs, 7371 complete and 0 interrupted iterations
a1     [  83% ] 001/227 VUs  2m30.0s/3m0s  50.00 iters/s

running (2m31.0s), 001/227 VUs, 7421 complete and 0 interrupted iterations
a1     [  84% ] 001/227 VUs  2m31.0s/3m0s  50.00 iters/s

running (2m32.0s), 001/227 VUs, 7471 complete and 0 interrupted iterations
a1     [  84% ] 001/227 VUs  2m32.0s/3m0s  50.00 iters/s

running (2m33.0s), 001/227 VUs, 7521 complete and 0 interrupted iterations
a1     [  85% ] 001/227 VUs  2m33.0s/3m0s  50.00 iters/s

running (2m34.0s), 001/227 VUs, 7571 complete and 0 interrupted iterations
a1     [  86% ] 001/227 VUs  2m34.0s/3m0s  50.00 iters/s

running (2m35.0s), 001/227 VUs, 7621 complete and 0 interrupted iterations
a1     [  86% ] 001/227 VUs  2m35.0s/3m0s  50.00 iters/s

running (2m36.0s), 023/227 VUs, 7649 complete and 0 interrupted iterations
a1     [  87% ] 023/227 VUs  2m36.0s/3m0s  50.00 iters/s

running (2m37.0s), 001/227 VUs, 7721 complete and 0 interrupted iterations
a1     [  87% ] 001/227 VUs  2m37.0s/3m0s  50.00 iters/s

running (2m38.0s), 012/227 VUs, 7760 complete and 0 interrupted iterations
a1     [  88% ] 012/227 VUs  2m38.0s/3m0s  50.00 iters/s

running (2m39.0s), 001/227 VUs, 7821 complete and 0 interrupted iterations
a1     [  88% ] 001/227 VUs  2m39.0s/3m0s  50.00 iters/s

running (2m40.0s), 025/227 VUs, 7847 complete and 0 interrupted iterations
a1     [  89% ] 025/227 VUs  2m40.0s/3m0s  50.00 iters/s

running (2m41.0s), 001/227 VUs, 7921 complete and 0 interrupted iterations
a1     [  89% ] 001/227 VUs  2m41.0s/3m0s  50.00 iters/s

running (2m42.0s), 025/227 VUs, 7947 complete and 0 interrupted iterations
a1     [  90% ] 025/227 VUs  2m42.0s/3m0s  50.00 iters/s

running (2m43.0s), 014/227 VUs, 8008 complete and 0 interrupted iterations
a1     [  91% ] 014/227 VUs  2m43.0s/3m0s  50.00 iters/s

running (2m44.0s), 001/227 VUs, 8071 complete and 0 interrupted iterations
a1     [  91% ] 001/227 VUs  2m44.0s/3m0s  50.00 iters/s

running (2m45.0s), 001/227 VUs, 8121 complete and 0 interrupted iterations
a1     [  92% ] 001/227 VUs  2m45.0s/3m0s  50.00 iters/s

running (2m46.0s), 002/227 VUs, 8170 complete and 0 interrupted iterations
a1     [  92% ] 002/227 VUs  2m46.0s/3m0s  50.00 iters/s

running (2m47.0s), 019/227 VUs, 8203 complete and 0 interrupted iterations
a1     [  93% ] 019/227 VUs  2m47.0s/3m0s  50.00 iters/s

running (2m48.0s), 001/227 VUs, 8271 complete and 0 interrupted iterations
a1     [  93% ] 001/227 VUs  2m48.0s/3m0s  50.00 iters/s

running (2m49.0s), 021/227 VUs, 8301 complete and 0 interrupted iterations
a1     [  94% ] 021/227 VUs  2m49.0s/3m0s  50.00 iters/s

running (2m50.0s), 001/227 VUs, 8371 complete and 0 interrupted iterations
a1     [  94% ] 001/227 VUs  2m50.0s/3m0s  50.00 iters/s

running (2m51.0s), 001/227 VUs, 8421 complete and 0 interrupted iterations
a1     [  95% ] 001/227 VUs  2m51.0s/3m0s  50.00 iters/s

running (2m52.0s), 001/227 VUs, 8471 complete and 0 interrupted iterations
a1     [  96% ] 001/227 VUs  2m52.0s/3m0s  50.00 iters/s

running (2m53.0s), 026/227 VUs, 8496 complete and 0 interrupted iterations
a1     [  96% ] 026/227 VUs  2m53.0s/3m0s  50.00 iters/s

running (2m54.0s), 072/227 VUs, 8500 complete and 0 interrupted iterations
a1     [  97% ] 072/227 VUs  2m54.0s/3m0s  50.00 iters/s

running (2m55.0s), 107/227 VUs, 8515 complete and 0 interrupted iterations
a1     [  97% ] 107/227 VUs  2m55.0s/3m0s  50.00 iters/s

running (2m56.0s), 144/227 VUs, 8528 complete and 0 interrupted iterations
a1     [  98% ] 144/227 VUs  2m56.0s/3m0s  50.00 iters/s

running (2m57.0s), 185/227 VUs, 8537 complete and 0 interrupted iterations
a1     [  98% ] 185/227 VUs  2m57.0s/3m0s  50.00 iters/s

running (2m58.0s), 214/227 VUs, 8558 complete and 0 interrupted iterations
a1     [  99% ] 214/227 VUs  2m58.0s/3m0s  50.00 iters/s

running (2m59.0s), 244/244 VUs, 8560 complete and 0 interrupted iterations
a1     [  99% ] 244/244 VUs  2m59.0s/3m0s  50.00 iters/s

running (3m00.0s), 001/245 VUs, 8852 complete and 0 interrupted iterations
a1     [ 100% ] 001/245 VUs  3m00.0s/3m0s  50.00 iters/s


  █ THRESHOLDS 

    http_req_failed
    ✓ 'rate<0.05' rate=0.00%


  █ TOTAL RESULTS 

    checks_total.......: 26562   147.558979/s
    checks_succeeded...: 100.00% 26562 out of 26562
    checks_failed......: 0.00%   0 out of 26562

    ✓ initiated
    ✓ validated
    ✓ terminal

    CUSTOM
    a1_lifecycle_duration..........: avg=435.94ms min=6ms    med=67.5ms p(95)=3.03s    p(99)=5.43s max=6.73s
    a1_lifecycles_completed........: 8854   49.186326/s
    a1_transitions_committed.......: 26562  147.558979/s

    HTTP
    http_req_duration..............: avg=145.15ms min=1.43ms med=7.55ms p(95)=605.46ms p(99)=2.48s max=5.04s
      { expected_response:true }...: avg=145.15ms min=1.43ms med=7.55ms p(95)=605.46ms p(99)=2.48s max=5.04s
    http_req_failed................: 0.00%  0 out of 26562
    http_reqs......................: 26562  147.558979/s

    EXECUTION
    dropped_iterations.............: 147    0.816624/s
    iteration_duration.............: avg=435.99ms min=6.21ms med=67.6ms p(95)=3.03s    p(99)=5.43s max=6.73s
    iterations.....................: 8854   49.186326/s
    vus............................: 1      min=1          max=244
    vus_max........................: 245    min=100        max=245

    NETWORK
    data_received..................: 10 MB  56 kB/s
    data_sent......................: 5.7 MB 32 kB/s




running (3m00.0s), 000/245 VUs, 8854 complete and 0 interrupted iterations
a1   ✓ [ 100% ] 000/245 VUs  3m0s  50.00 iters/s
