[14:53:37] === RUN CDC-C2N1OFF-r3-20260909145337 ===
[14:53:37] mode=CDC profile=C2N1OFF rep=3 tps=50 duration=180s fault=none
[14:53:37] jar: target/master-thesis-observability-0.0.1-SNAPSHOT.jar
[14:53:37] arxiv redo tozalanmoqda
[14:53:37] workload tozalanmoqda (reference saqlanadi)
workload reset; reference data preserved
AQ backlog purged: 0 -> 0
[14:53:38] Kafka topigi qayta yaratilmoqda
[14:53:48] ilova ishga tushirilmoqda (mode=CDC)
[14:54:07] ilova tayyor (pid 2278331)
[14:54:07] --no-connector: konnektorsiz ishlatilmoqda (C2 bazaviy sharti)
[14:54:10] k6 yuklamasi boshlandi
[14:57:11] k6 iteratsiyalari: 9001
[14:57:11] pipeline bo'shashi kutilmoqda (maks 120s)
[15:03:59] OGOHLANTIRISH: pipeline 120s ichida bo'shamadi (db_pending=0 sink=0) - LOSS raqamlari ishonchsiz
[15:04:09] ground truth eksport qilinmoqda
[15:04:10] Kafka topigi eksport qilinmoqda
[15:04:37] tahlil
{
  "mode": "CDC",
  "profile": "C2N1OFF",
  "rep": "3",
  "fault": "none",
  "ground_truth_transitions": 27003,
  "delivered_distinct": 0,
  "delivered_total": 0,
  "matched": 0,
  "missing": 27003,
  "phantom": 0,
  "malformed": 0,
  "loss_rate": 1.0,
  "loss_rate_ppm": 1000000.0,
  "duplicate_rate": 0.0,
  "ordering_violation_rate": 0.0,
  "txns_split_across_partitions": 0,
  "latency_ms_p50": null,
  "latency_ms_p95": null,
  "latency_ms_p99": null,
  "latency_ms_max": null,
  "latency_ms_mean": null,
  "latency_samples": 0,
  "latency_negative_samples": 0
}
[15:04:37] ilova va konnektor to'xtatilmoqda
[15:04:43] === TUGADI: results/CDC-C2N1OFF-r3-20260909145337 ===
