[21:33:10] === RUN CDC-C2N2OFF-r2-20260909213310 ===
[21:33:10] mode=CDC profile=C2N2OFF rep=2 tps=50 duration=180s fault=none
[21:33:10] jar: target/master-thesis-observability-0.0.1-SNAPSHOT.jar
[21:33:10] arxiv redo tozalanmoqda
[21:33:11] workload tozalanmoqda (reference saqlanadi)
workload reset; reference data preserved
AQ backlog purged: 0 -> 0
[21:33:12] Kafka topigi qayta yaratilmoqda
[21:33:21] ilova ishga tushirilmoqda (mode=CDC)
[21:33:35] ilova tayyor (pid 3058527)
[21:33:35] --no-connector: konnektorsiz ishlatilmoqda (C2 bazaviy sharti)
[21:33:39] k6 yuklamasi boshlandi
[21:36:40] k6 iteratsiyalari: 9001
[21:36:40] qat'iy settle: 45s (o'lchov oynasi ikkala qo'lda bir xil)
[21:37:25] pipeline bo'shashi kutilmoqda (maks 120s)
[21:37:47] pipeline bo'sh (15s, sink=0 xabar)
[21:37:57] ground truth eksport qilinmoqda
[21:37:57] Kafka topigi eksport qilinmoqda
[21:38:07] tahlil
{
  "mode": "CDC",
  "profile": "C2N2OFF",
  "rep": "2",
  "fault": "none",
  "ground_truth_transitions": 27003,
  "delivered_distinct": 0,
  "delivered_total": 0,
  "matched": 0,
  "missing": 27003,
  "phantom": 0,
  "malformed": 0,
  "loss_rate": 1.0,
  "loss_rate_ppm": 1000000.0,
  "duplicate_rate": 0.0,
  "ordering_violation_rate": 0.0,
  "txns_split_across_partitions": 0,
  "latency_ms_p50": null,
  "latency_ms_p95": null,
  "latency_ms_p99": null,
  "latency_ms_max": null,
  "latency_ms_mean": null,
  "latency_samples": 0,
  "latency_negative_samples": 0
}
[21:38:07] ilova va konnektor to'xtatilmoqda
[21:38:13] === TUGADI: results/CDC-C2N2OFF-r2-20260909213310 ===
