
         /\      Grafana   /‾‾/  
    /\  /  \     |\  __   /  /   
   /  \/    \    | |/ /  /   ‾‾\ 
  /          \   |   (  |  (‾)  |
 / __________ \  |_|\_\  \_____/ 


     execution: local
        script: harness/k6/a1-workload.js
        output: -

     scenarios: (100.00%) 1 scenario, 600 max VUs, 1m30s max duration (incl. graceful stop):
              * a1: 50.00 iterations/s for 1m0s (maxVUs: 100-600, gracefulStop: 30s)


running (0m01.0s), 049/100 VUs, 0 complete and 0 interrupted iterations
a1     [   2% ] 049/100 VUs  0m01.0s/1m0s  50.00 iters/s

running (0m02.0s), 001/100 VUs, 98 complete and 0 interrupted iterations
a1     [   3% ] 001/100 VUs  0m02.0s/1m0s  50.00 iters/s

running (0m03.0s), 001/100 VUs, 148 complete and 0 interrupted iterations
a1     [   5% ] 001/100 VUs  0m03.0s/1m0s  50.00 iters/s

running (0m04.0s), 001/100 VUs, 198 complete and 0 interrupted iterations
a1     [   7% ] 001/100 VUs  0m04.0s/1m0s  50.00 iters/s

running (0m05.0s), 001/100 VUs, 248 complete and 0 interrupted iterations
a1     [   8% ] 001/100 VUs  0m05.0s/1m0s  50.00 iters/s

running (0m06.0s), 001/100 VUs, 298 complete and 0 interrupted iterations
a1     [  10% ] 001/100 VUs  0m06.0s/1m0s  50.00 iters/s

running (0m07.0s), 001/100 VUs, 348 complete and 0 interrupted iterations
a1     [  12% ] 001/100 VUs  0m07.0s/1m0s  50.00 iters/s

running (0m08.0s), 001/100 VUs, 398 complete and 0 interrupted iterations
a1     [  13% ] 001/100 VUs  0m08.0s/1m0s  50.00 iters/s

running (0m09.0s), 001/100 VUs, 448 complete and 0 interrupted iterations
a1     [  15% ] 001/100 VUs  0m09.0s/1m0s  50.00 iters/s

running (0m12.9s), 001/100 VUs, 498 complete and 0 interrupted iterations
a1     [  17% ] 001/100 VUs  0m10.0s/1m0s  50.00 iters/s

running (0m13.9s), 001/100 VUs, 548 complete and 0 interrupted iterations
a1     [  18% ] 001/100 VUs  0m11.0s/1m0s  50.00 iters/s

running (0m14.9s), 001/100 VUs, 598 complete and 0 interrupted iterations
a1     [  20% ] 001/100 VUs  0m12.0s/1m0s  50.00 iters/s

running (0m15.9s), 001/100 VUs, 648 complete and 0 interrupted iterations
a1     [  22% ] 001/100 VUs  0m13.0s/1m0s  50.00 iters/s

running (0m16.9s), 000/100 VUs, 699 complete and 0 interrupted iterations
a1     [  23% ] 000/100 VUs  0m14.0s/1m0s  50.00 iters/s

running (0m17.9s), 001/100 VUs, 748 complete and 0 interrupted iterations
a1     [  25% ] 001/100 VUs  0m15.0s/1m0s  50.00 iters/s

running (0m18.9s), 001/100 VUs, 798 complete and 0 interrupted iterations
a1     [  27% ] 001/100 VUs  0m16.0s/1m0s  50.00 iters/s

running (0m19.9s), 001/100 VUs, 848 complete and 0 interrupted iterations
a1     [  28% ] 001/100 VUs  0m17.0s/1m0s  50.00 iters/s

running (0m20.9s), 001/100 VUs, 898 complete and 0 interrupted iterations
a1     [  30% ] 001/100 VUs  0m18.0s/1m0s  50.00 iters/s

running (0m21.9s), 001/100 VUs, 948 complete and 0 interrupted iterations
a1     [  32% ] 001/100 VUs  0m19.0s/1m0s  50.00 iters/s

running (0m22.9s), 001/100 VUs, 998 complete and 0 interrupted iterations
a1     [  33% ] 001/100 VUs  0m20.0s/1m0s  50.00 iters/s

running (0m23.9s), 001/100 VUs, 1048 complete and 0 interrupted iterations
a1     [  35% ] 001/100 VUs  0m21.0s/1m0s  50.00 iters/s

running (0m24.9s), 001/100 VUs, 1098 complete and 0 interrupted iterations
a1     [  37% ] 001/100 VUs  0m22.0s/1m0s  50.00 iters/s

running (0m25.9s), 001/100 VUs, 1148 complete and 0 interrupted iterations
a1     [  38% ] 001/100 VUs  0m23.0s/1m0s  50.00 iters/s

running (0m26.9s), 001/100 VUs, 1198 complete and 0 interrupted iterations
a1     [  40% ] 001/100 VUs  0m24.0s/1m0s  50.00 iters/s

running (0m27.9s), 000/100 VUs, 1249 complete and 0 interrupted iterations
a1     [  42% ] 000/100 VUs  0m25.0s/1m0s  50.00 iters/s

running (0m28.9s), 001/100 VUs, 1298 complete and 0 interrupted iterations
a1     [  43% ] 001/100 VUs  0m26.0s/1m0s  50.00 iters/s

running (0m29.9s), 001/100 VUs, 1348 complete and 0 interrupted iterations
a1     [  45% ] 001/100 VUs  0m27.0s/1m0s  50.00 iters/s

running (0m30.9s), 001/100 VUs, 1398 complete and 0 interrupted iterations
a1     [  47% ] 001/100 VUs  0m28.0s/1m0s  50.00 iters/s

running (0m31.9s), 000/100 VUs, 1449 complete and 0 interrupted iterations
a1     [  48% ] 000/100 VUs  0m29.0s/1m0s  50.00 iters/s

running (0m32.9s), 001/100 VUs, 1498 complete and 0 interrupted iterations
a1     [  50% ] 001/100 VUs  0m30.0s/1m0s  50.00 iters/s

running (0m33.9s), 001/100 VUs, 1548 complete and 0 interrupted iterations
a1     [  52% ] 001/100 VUs  0m31.0s/1m0s  50.00 iters/s

running (0m34.9s), 001/100 VUs, 1598 complete and 0 interrupted iterations
a1     [  53% ] 001/100 VUs  0m32.0s/1m0s  50.00 iters/s

running (0m35.9s), 001/100 VUs, 1648 complete and 0 interrupted iterations
a1     [  55% ] 001/100 VUs  0m33.0s/1m0s  50.00 iters/s

running (0m36.9s), 001/100 VUs, 1698 complete and 0 interrupted iterations
a1     [  57% ] 001/100 VUs  0m34.0s/1m0s  50.00 iters/s

running (0m37.9s), 001/100 VUs, 1748 complete and 0 interrupted iterations
a1     [  58% ] 001/100 VUs  0m35.0s/1m0s  50.00 iters/s

running (0m38.9s), 001/100 VUs, 1798 complete and 0 interrupted iterations
a1     [  60% ] 001/100 VUs  0m36.0s/1m0s  50.00 iters/s

running (0m39.9s), 001/100 VUs, 1848 complete and 0 interrupted iterations
a1     [  62% ] 001/100 VUs  0m37.0s/1m0s  50.00 iters/s

running (0m40.9s), 001/100 VUs, 1898 complete and 0 interrupted iterations
a1     [  63% ] 001/100 VUs  0m38.0s/1m0s  50.00 iters/s

running (0m41.9s), 000/100 VUs, 1949 complete and 0 interrupted iterations
a1     [  65% ] 000/100 VUs  0m39.0s/1m0s  50.00 iters/s

running (0m42.9s), 000/100 VUs, 1999 complete and 0 interrupted iterations
a1     [  67% ] 000/100 VUs  0m40.0s/1m0s  50.00 iters/s

running (0m43.9s), 001/100 VUs, 2048 complete and 0 interrupted iterations
a1     [  68% ] 001/100 VUs  0m41.0s/1m0s  50.00 iters/s

running (0m44.9s), 000/100 VUs, 2099 complete and 0 interrupted iterations
a1     [  70% ] 000/100 VUs  0m42.0s/1m0s  50.00 iters/s

running (0m48.8s), 000/100 VUs, 2149 complete and 0 interrupted iterations
a1     [  72% ] 000/100 VUs  0m43.0s/1m0s  50.00 iters/s

running (0m49.8s), 001/100 VUs, 2198 complete and 0 interrupted iterations
a1     [  73% ] 001/100 VUs  0m44.0s/1m0s  50.00 iters/s

running (0m50.8s), 000/100 VUs, 2249 complete and 0 interrupted iterations
a1     [  75% ] 000/100 VUs  0m45.0s/1m0s  50.00 iters/s

running (0m51.8s), 000/100 VUs, 2299 complete and 0 interrupted iterations
a1     [  77% ] 000/100 VUs  0m46.0s/1m0s  50.00 iters/s

running (0m52.8s), 000/100 VUs, 2349 complete and 0 interrupted iterations
a1     [  78% ] 000/100 VUs  0m47.0s/1m0s  50.00 iters/s

running (0m53.8s), 000/100 VUs, 2399 complete and 0 interrupted iterations
a1     [  80% ] 000/100 VUs  0m48.0s/1m0s  50.00 iters/s

running (0m54.8s), 000/100 VUs, 2449 complete and 0 interrupted iterations
a1     [  82% ] 000/100 VUs  0m49.0s/1m0s  50.00 iters/s

running (0m55.8s), 001/100 VUs, 2498 complete and 0 interrupted iterations
a1     [  83% ] 001/100 VUs  0m50.0s/1m0s  50.00 iters/s

running (0m56.8s), 001/100 VUs, 2548 complete and 0 interrupted iterations
a1     [  85% ] 001/100 VUs  0m51.0s/1m0s  50.00 iters/s

running (0m57.8s), 001/100 VUs, 2598 complete and 0 interrupted iterations
a1     [  87% ] 001/100 VUs  0m52.0s/1m0s  50.00 iters/s

running (0m58.8s), 000/100 VUs, 2649 complete and 0 interrupted iterations
a1     [  88% ] 000/100 VUs  0m53.0s/1m0s  50.00 iters/s

running (0m59.8s), 001/100 VUs, 2698 complete and 0 interrupted iterations
a1     [  90% ] 001/100 VUs  0m54.0s/1m0s  50.00 iters/s

running (1m00.8s), 001/100 VUs, 2748 complete and 0 interrupted iterations
a1     [  92% ] 001/100 VUs  0m55.0s/1m0s  50.00 iters/s

running (1m01.8s), 000/100 VUs, 2799 complete and 0 interrupted iterations
a1     [  93% ] 000/100 VUs  0m56.0s/1m0s  50.00 iters/s

running (1m02.8s), 000/100 VUs, 2849 complete and 0 interrupted iterations
a1     [  95% ] 000/100 VUs  0m57.0s/1m0s  50.00 iters/s

running (1m03.8s), 000/100 VUs, 2899 complete and 0 interrupted iterations
a1     [  97% ] 000/100 VUs  0m58.0s/1m0s  50.00 iters/s

running (1m04.8s), 000/100 VUs, 2949 complete and 0 interrupted iterations
a1     [  98% ] 000/100 VUs  0m59.0s/1m0s  50.00 iters/s

running (1m05.8s), 000/100 VUs, 2999 complete and 0 interrupted iterations
a1     [ 100% ] 000/100 VUs  1m00.0s/1m0s  50.00 iters/s


  █ THRESHOLDS 

    http_req_failed
    ✓ 'rate<0.05' rate=0.00%


  █ TOTAL RESULTS 

    checks_total.......: 9003    136.729608/s
    checks_succeeded...: 100.00% 9003 out of 9003
    checks_failed......: 0.00%   0 out of 9003

    ✓ initiated
    ✓ validated
    ✓ terminal

    CUSTOM
    a1_lifecycle_duration..........: avg=32.55ms min=9ms    med=16ms    p(95)=28ms    p(99)=726ms    max=2.93s
    a1_lifecycles_completed........: 3001   45.576536/s
    a1_transitions_committed.......: 9003   136.729608/s

    HTTP
    http_req_duration..............: avg=10.37ms min=2.7ms  med=5.05ms  p(95)=9.51ms  p(99)=183.71ms max=2.92s
      { expected_response:true }...: avg=10.37ms min=2.7ms  med=5.05ms  p(95)=9.51ms  p(99)=183.71ms max=2.92s
    http_req_failed................: 0.00%  0 out of 9003
    http_reqs......................: 9003   136.729608/s

    EXECUTION
    iteration_duration.............: avg=30.67ms min=9.38ms med=15.86ms p(95)=27.98ms p(99)=700.33ms max=1.28s
    iterations.....................: 3001   45.576536/s
    vus............................: 1      min=1         max=49 
    vus_max........................: 100    min=100       max=100

    NETWORK
    data_received..................: 3.4 MB 52 kB/s
    data_sent......................: 2.0 MB 30 kB/s




running (1m05.8s), 000/100 VUs, 3001 complete and 0 interrupted iterations
a1   ✓ [ 100% ] 000/100 VUs  1m0s  50.00 iters/s
