[09:39:27] === RUN CDC-C2N1ON-r3-20260910093927 ===
[09:39:27] mode=CDC profile=C2N1ON rep=3 tps=50 duration=180s fault=none
[09:39:27] jar: target/master-thesis-observability-0.0.1-SNAPSHOT.jar
[09:39:27] arxiv redo tozalanmoqda
[09:39:27] workload tozalanmoqda (reference saqlanadi)
workload reset; reference data preserved
AQ backlog purged: 0 -> 0
[09:39:28] Kafka topigi qayta yaratilmoqda
[09:39:37] ilova ishga tushirilmoqda (mode=CDC)
[09:39:49] ilova tayyor (pid 298133)
[09:39:49] Debezium konnektori ro'yxatdan o'tkazilmoqda (CDC, prefix=obsv_cdc_c2n1on_r3_20260910093927)
konnektor ro'yxatdan o'tkazilmoqda: a1-cdc-obsv_cdc_c2n1on_r3_20260910093927 (prefix=obsv_cdc_c2n1on_r3_20260910093927)
konnektor RUNNING (2s)
streaming tasdiqlanmoqda (heartbeat topigi: __debezium-heartbeat.obsv_cdc_c2n1on_r3_20260910093927)
streaming tasdiqlandi (1 urinish)
[09:39:57] k6 yuklamasi boshlandi
[09:42:57] k6 iteratsiyalari: 9001
[09:42:57] qat'iy settle: 45s (o'lchov oynasi ikkala qo'lda bir xil)
[09:43:43] pipeline bo'shashi kutilmoqda (maks 120s)
[09:44:04] pipeline bo'sh (15s, sink=27003 / gt=27003)
[09:44:14] ground truth eksport qilinmoqda
[09:44:14] Kafka topigi eksport qilinmoqda
[09:44:33] tahlil
{
  "mode": "CDC",
  "profile": "C2N1ON",
  "rep": "3",
  "fault": "none",
  "ground_truth_transitions": 27003,
  "delivered_distinct": 27003,
  "delivered_total": 27003,
  "matched": 27003,
  "missing": 0,
  "phantom": 0,
  "malformed": 0,
  "loss_rate": 0.0,
  "loss_rate_ppm": 0.0,
  "duplicate_rate": 0.0,
  "ordering_violation_rate": 0.0,
  "txns_split_across_partitions": 0,
  "latency_ms_p50": 3462,
  "latency_ms_p95": 5683,
  "latency_ms_p99": 6348,
  "latency_ms_max": 7045,
  "latency_ms_mean": 3485.0,
  "latency_samples": 27003,
  "latency_negative_samples": 0,
  "loss_rate_upper_bound_95_ppm": 111.1
}
[09:44:33] ilova va konnektor to'xtatilmoqda
connector o'chirilmoqda: a1-cdc-obsv_cdc_c2n1on_r3_20260910093927
[09:44:43] === TUGADI: results/CDC-C2N1ON-r3-20260910093927 ===
