
  .   ____          _            __ _ _
 /\\ / ___'_ __ _ _(_)_ __  __ _ \ \ \ \
( ( )\___ | '_ | '_| | '_ \/ _` | \ \ \ \
 \\/  ___)| |_)| | | | | || (_| |  ) ) ) )
  '  |____| .__|_| |_|_| |_\__, | / / / /
 =========|_|==============|___/=/_/_/_/

 :: Spring Boot ::                (v4.1.1)

2026-09-04T18:08:41.412+05:00  INFO 39223 --- [a1-observability] [           main] u.m.MasterThesisObservabilityApplication : Starting MasterThesisObservabilityApplication v0.0.1-SNAPSHOT using Java 21.0.12 with PID 39223 (/mnt/c/Users/O.Ustemirov/IdeaProjects/master-thesis-observability/target/master-thesis-observability-0.0.1-SNAPSHOT.jar started by stemirovustemirov in /mnt/c/Users/O.Ustemirov/IdeaProjects/master-thesis-observability)
2026-09-04T18:08:41.421+05:00  INFO 39223 --- [a1-observability] [           main] u.m.MasterThesisObservabilityApplication : No active profile set, falling back to 1 default profile: "default"
2026-09-04T18:08:43.251+05:00  INFO 39223 --- [a1-observability] [           main] .s.d.r.c.RepositoryConfigurationDelegate : Bootstrapping Spring Data JPA repositories in DEFAULT mode.
2026-09-04T18:08:43.325+05:00  INFO 39223 --- [a1-observability] [           main] .s.d.r.c.RepositoryConfigurationDelegate : Finished Spring Data repository scanning in 56 ms. Found 2 JPA repository interfaces.
2026-09-04T18:08:44.521+05:00  INFO 39223 --- [a1-observability] [           main] o.s.boot.tomcat.TomcatWebServer          : Tomcat initialized with port 8095 (http)
2026-09-04T18:08:44.543+05:00  INFO 39223 --- [a1-observability] [           main] o.apache.catalina.core.StandardService   : Starting service [Tomcat]
2026-09-04T18:08:44.543+05:00  INFO 39223 --- [a1-observability] [           main] o.apache.catalina.core.StandardEngine    : Starting Servlet engine: [Apache Tomcat/11.0.24]
2026-09-04T18:08:44.588+05:00  INFO 39223 --- [a1-observability] [           main] b.w.c.s.WebApplicationContextInitializer : Root WebApplicationContext: initialization completed in 3036 ms
2026-09-04T18:08:45.207+05:00  INFO 39223 --- [a1-observability] [           main] org.hibernate.orm.jpa                    : HHH008540: Processing PersistenceUnitInfo [name: default]
2026-09-04T18:08:45.325+05:00  INFO 39223 --- [a1-observability] [           main] org.hibernate.orm.core                   : HHH000001: Hibernate ORM core version 7.4.5.Final
2026-09-04T18:08:46.254+05:00  INFO 39223 --- [a1-observability] [           main] com.zaxxer.hikari.HikariDataSource       : a1-oltp - Starting...
2026-09-04T18:08:46.731+05:00  INFO 39223 --- [a1-observability] [           main] com.zaxxer.hikari.pool.HikariPool        : a1-oltp - Added connection oracle.jdbc.driver.T4CConnection@11d422fd
2026-09-04T18:08:46.735+05:00  INFO 39223 --- [a1-observability] [           main] com.zaxxer.hikari.HikariDataSource       : a1-oltp - Start completed.
2026-09-04T18:08:47.320+05:00  WARN 39223 --- [a1-observability] [           main] org.hibernate.orm.jdbc                   : HHH100123: Low default JDBC fetch size: 10 (consider setting 'hibernate.jdbc.fetch_size')
2026-09-04T18:08:47.328+05:00  INFO 39223 --- [a1-observability] [           main] org.hibernate.orm.connections.pooling    : HHH10001005: Database info:
	Database JDBC URL [jdbc:oracle:thin:@//localhost:1521/OBSVPDB]
	Database driver: Oracle JDBC driver
	Database dialect: OracleDialect
	Database version: 23.26.3
	Default catalog/schema: undefined/OBSV
	Autocommit mode: undefined/unknown
	Isolation level: READ_COMMITTED [default READ_COMMITTED]
	JDBC fetch size: 10
	Pool: DataSourceConnectionProvider
	Minimum pool size: undefined/unknown
	Maximum pool size: undefined/unknown
2026-09-04T18:08:51.740+05:00  INFO 39223 --- [a1-observability] [           main] org.hibernate.orm.core                   : HHH000489: No JTA platform available (set 'hibernate.transaction.jta.platform' to enable JTA platform integration)
2026-09-04T18:08:51.749+05:00  INFO 39223 --- [a1-observability] [           main] org.hibernate.orm.jdbc.batch             : HHH100501: Automatic JDBC statement batching enabled (maximum batch size 50)
2026-09-04T18:08:52.179+05:00  INFO 39223 --- [a1-observability] [           main] o.s.d.j.r.query.QueryEnhancerFactories   : Hibernate is in classpath; If applicable, HQL parser will be used.
2026-09-04T18:08:53.580+05:00  INFO 39223 --- [a1-observability] [           main] i.u.m.aq.AqJmsConfiguration              : AQ JMS connection factory bound to OBSV.A1_EVT_Q as durable subscriber OBSERVABILITY_BRIDGE
2026-09-04T18:08:53.908+05:00  INFO 39223 --- [a1-observability] [           main] i.u.m.config.EventEmitterConfiguration   : observability.mode=AQ -> emitter=NoOpEventEmitter
2026-09-04T18:08:54.709+05:00  INFO 39223 --- [a1-observability] [           main] o.s.b.a.e.web.EndpointLinksResolver      : Exposing 4 endpoints beneath base path '/actuator'
2026-09-04T18:08:54.813+05:00  INFO 39223 --- [a1-observability] [           main] o.s.boot.tomcat.TomcatWebServer          : Tomcat started on port 8095 (http) with context path '/'
2026-09-04T18:08:54.886+05:00  INFO 39223 --- [a1-observability] [           main] i.u.m.aq.AqToKafkaBridge                 : AQ bridge started: OBSV.A1_EVT_Q -> topic bank.a1.transaction.events
2026-09-04T18:08:54.902+05:00  INFO 39223 --- [a1-observability] [           main] u.m.MasterThesisObservabilityApplication : Started MasterThesisObservabilityApplication in 14.386 seconds (process running for 12.414)
2026-09-04T18:08:54.913+05:00  INFO 39223 --- [a1-observability] [           main] i.u.m.harness.EnvironmentAssertions      : environment ok: mode=AQ oltpPool=a1-oltp maxSize=32
2026-09-04T18:08:54.963+05:00  INFO 39223 --- [a1-observability] [           main] i.u.m.harness.ModeActivator              : mode=AQ activated: groundTruth=true aqCapture=true supplementalLogging=none
2026-09-04T18:08:55.967+05:00  INFO 39223 --- [a1-observability] [nio-8095-exec-1] o.a.c.c.C.[Tomcat].[localhost].[/]       : Initializing Spring DispatcherServlet 'dispatcherServlet'
2026-09-04T18:08:55.967+05:00  INFO 39223 --- [a1-observability] [nio-8095-exec-1] o.s.web.servlet.DispatcherServlet        : Initializing Servlet 'dispatcherServlet'
2026-09-04T18:08:55.969+05:00  INFO 39223 --- [a1-observability] [nio-8095-exec-1] o.s.web.servlet.DispatcherServlet        : Completed initialization in 1 ms
2026-09-04T18:09:00.985+05:00  INFO 39223 --- [a1-observability] [aq-kafka-bridge] o.a.kafka.common.config.AbstractConfig   : ProducerConfig values: 
	acks = -1
	batch.size = 16384
	bootstrap.servers = [localhost:19092, localhost:29092, localhost:39092]
	buffer.memory = 33554432
	client.dns.lookup = use_all_dns_ips
	client.id = a1-observability-producer-1
	compression.gzip.level = -1
	compression.lz4.level = 9
	compression.type = lz4
	compression.zstd.level = 3
	config.providers = []
	connections.max.idle.ms = 540000
	delivery.timeout.ms = 120000
	enable.idempotence = true
	enable.metrics.push = true
	interceptor.classes = []
	key.serializer = class org.apache.kafka.common.serialization.StringSerializer
	linger.ms = 5
	max.block.ms = 60000
	max.in.flight.requests.per.connection = 5
	max.request.size = 1048576
	metadata.max.age.ms = 300000
	metadata.max.idle.ms = 300000
	metadata.recovery.rebootstrap.trigger.ms = 300000
	metadata.recovery.strategy = rebootstrap
	metric.reporters = [org.apache.kafka.common.metrics.JmxReporter]
	metrics.num.samples = 2
	metrics.recording.level = INFO
	metrics.sample.window.ms = 30000
	partitioner.adaptive.partitioning.enable = true
	partitioner.availability.timeout.ms = 0
	partitioner.class = null
	partitioner.ignore.keys = false
	receive.buffer.bytes = 32768
	reconnect.backoff.max.ms = 1000
	reconnect.backoff.ms = 50
	request.timeout.ms = 30000
	retries = 2147483647
	retry.backoff.max.ms = 1000
	retry.backoff.ms = 100
	sasl.client.callback.handler.class = null
	sasl.jaas.config = null
	sasl.kerberos.kinit.cmd = /usr/bin/kinit
	sasl.kerberos.min.time.before.relogin = 60000
	sasl.kerberos.service.name = null
	sasl.kerberos.ticket.renew.jitter = 0.05
	sasl.kerberos.ticket.renew.window.factor = 0.8
	sasl.login.callback.handler.class = null
	sasl.login.class = null
	sasl.login.connect.timeout.ms = null
	sasl.login.read.timeout.ms = null
	sasl.login.refresh.buffer.seconds = 300
	sasl.login.refresh.min.period.seconds = 60
	sasl.login.refresh.window.factor = 0.8
	sasl.login.refresh.window.jitter = 0.05
	sasl.login.retry.backoff.max.ms = 10000
	sasl.login.retry.backoff.ms = 100
	sasl.mechanism = GSSAPI
	sasl.oauthbearer.assertion.algorithm = RS256
	sasl.oauthbearer.assertion.claim.aud = null
	sasl.oauthbearer.assertion.claim.exp.seconds = 300
	sasl.oauthbearer.assertion.claim.iss = null
	sasl.oauthbearer.assertion.claim.jti.include = false
	sasl.oauthbearer.assertion.claim.nbf.seconds = 60
	sasl.oauthbearer.assertion.claim.sub = null
	sasl.oauthbearer.assertion.file = null
	sasl.oauthbearer.assertion.private.key.file = null
	sasl.oauthbearer.assertion.private.key.passphrase = null
	sasl.oauthbearer.assertion.template.file = null
	sasl.oauthbearer.client.credentials.client.id = null
	sasl.oauthbearer.client.credentials.client.secret = null
	sasl.oauthbearer.clock.skew.seconds = 30
	sasl.oauthbearer.expected.audience = []
	sasl.oauthbearer.expected.issuer = null
	sasl.oauthbearer.header.urlencode = false
	sasl.oauthbearer.jwks.endpoint.refresh.ms = 3600000
	sasl.oauthbearer.jwks.endpoint.retry.backoff.max.ms = 10000
	sasl.oauthbearer.jwks.endpoint.retry.backoff.ms = 100
	sasl.oauthbearer.jwks.endpoint.url = null
	sasl.oauthbearer.jwt.retriever.class = class org.apache.kafka.common.security.oauthbearer.DefaultJwtRetriever
	sasl.oauthbearer.jwt.validator.class = class org.apache.kafka.common.security.oauthbearer.DefaultJwtValidator
	sasl.oauthbearer.scope = null
	sasl.oauthbearer.scope.claim.name = scope
	sasl.oauthbearer.sub.claim.name = sub
	sasl.oauthbearer.token.endpoint.url = null
	security.protocol = PLAINTEXT
	security.providers = null
	send.buffer.bytes = 131072
	socket.connection.setup.timeout.max.ms = 30000
	socket.connection.setup.timeout.ms = 10000
	ssl.cipher.suites = []
	ssl.enabled.protocols = [TLSv1.2, TLSv1.3]
	ssl.endpoint.identification.algorithm = https
	ssl.engine.factory.class = null
	ssl.key.password = null
	ssl.keymanager.algorithm = SunX509
	ssl.keystore.certificate.chain = null
	ssl.keystore.key = null
	ssl.keystore.location = null
	ssl.keystore.password = null
	ssl.keystore.type = JKS
	ssl.protocol = TLSv1.3
	ssl.provider = null
	ssl.secure.random.implementation = null
	ssl.trustmanager.algorithm = PKIX
	ssl.truststore.certificates = null
	ssl.truststore.location = null
	ssl.truststore.password = null
	ssl.truststore.type = JKS
	transaction.timeout.ms = 60000
	transaction.two.phase.commit.enable = false
	transactional.id = null
	value.serializer = class org.apache.kafka.common.serialization.StringSerializer

2026-09-04T18:09:01.113+05:00  INFO 39223 --- [a1-observability] [aq-kafka-bridge] o.a.k.c.t.i.KafkaMetricsCollector        : initializing Kafka metrics collector
2026-09-04T18:09:01.183+05:00  INFO 39223 --- [a1-observability] [aq-kafka-bridge] o.a.k.clients.producer.KafkaProducer     : [Producer clientId=a1-observability-producer-1] Instantiated an idempotent producer.
2026-09-04T18:09:01.323+05:00  INFO 39223 --- [a1-observability] [aq-kafka-bridge] o.a.kafka.common.utils.AppInfoParser     : Kafka version: 4.2.1
2026-09-04T18:09:01.324+05:00  INFO 39223 --- [a1-observability] [aq-kafka-bridge] o.a.kafka.common.utils.AppInfoParser     : Kafka commitId: 92f61c44867f39dc
2026-09-04T18:09:01.325+05:00  INFO 39223 --- [a1-observability] [aq-kafka-bridge] o.a.kafka.common.utils.AppInfoParser     : Kafka startTimeMs: 1788527341317
2026-09-04T18:09:02.143+05:00  INFO 39223 --- [a1-observability] [lity-producer-1] org.apache.kafka.clients.Metadata        : [Producer clientId=a1-observability-producer-1] Cluster ID: 4L6g3nShT-eMCtK--X86sw
2026-09-04T18:09:02.255+05:00  INFO 39223 --- [a1-observability] [lity-producer-1] o.a.k.c.p.internals.TransactionManager   : [Producer clientId=a1-observability-producer-1] ProducerId set to 17000 with epoch 0
2026-09-04T18:10:06.403+05:00  WARN 39223 --- [a1-observability] [lity-producer-1] o.a.k.clients.producer.internals.Sender  : [Producer clientId=a1-observability-producer-1] Got error produce response with correlation id 5430 on topic-partition bank.a1.transaction.events-4, retrying (2147483646 attempts left). Error: NOT_LEADER_OR_FOLLOWER
2026-09-04T18:10:06.405+05:00  WARN 39223 --- [a1-observability] [lity-producer-1] o.a.k.clients.producer.internals.Sender  : [Producer clientId=a1-observability-producer-1] Received invalid metadata error in produce request on partition bank.a1.transaction.events-4 due to org.apache.kafka.common.errors.NotLeaderOrFollowerException: For requests intended only for the leader, this error indicates that the broker is not the current leader. For requests intended for any replica, this error indicates that the broker is not a replica of the topic partition. Going to request metadata update now
2026-09-04T18:10:06.419+05:00  WARN 39223 --- [a1-observability] [lity-producer-1] o.a.k.clients.producer.internals.Sender  : [Producer clientId=a1-observability-producer-1] Got error produce response with correlation id 5432 on topic-partition bank.a1.transaction.events-4, retrying (2147483645 attempts left). Error: NOT_ENOUGH_REPLICAS
2026-09-04T18:10:06.620+05:00  WARN 39223 --- [a1-observability] [lity-producer-1] o.a.k.clients.producer.internals.Sender  : [Producer clientId=a1-observability-producer-1] Got error produce response with correlation id 5433 on topic-partition bank.a1.transaction.events-4, retrying (2147483644 attempts left). Error: NOT_ENOUGH_REPLICAS
2026-09-04T18:10:07.023+05:00  WARN 39223 --- [a1-observability] [lity-producer-1] o.a.k.clients.producer.internals.Sender  : [Producer clientId=a1-observability-producer-1] Got error produce response with correlation id 5434 on topic-partition bank.a1.transaction.events-4, retrying (2147483643 attempts left). Error: NOT_ENOUGH_REPLICAS
2026-09-04T18:10:07.771+05:00  WARN 39223 --- [a1-observability] [lity-producer-1] o.a.k.clients.producer.internals.Sender  : [Producer clientId=a1-observability-producer-1] Got error produce response with correlation id 5435 on topic-partition bank.a1.transaction.events-4, retrying (2147483642 attempts left). Error: NOT_ENOUGH_REPLICAS
2026-09-04T18:10:08.451+05:00  INFO 39223 --- [a1-observability] [lity-producer-1] org.apache.kafka.clients.NetworkClient   : [Producer clientId=a1-observability-producer-1] Node 3 disconnected.
2026-09-04T18:10:08.453+05:00  INFO 39223 --- [a1-observability] [lity-producer-1] org.apache.kafka.clients.NetworkClient   : [Producer clientId=a1-observability-producer-1] Node -3 disconnected.
2026-09-04T18:10:08.455+05:00  INFO 39223 --- [a1-observability] [lity-producer-1] org.apache.kafka.clients.NetworkClient   : [Producer clientId=a1-observability-producer-1] Node 2 disconnected.
2026-09-04T18:10:08.717+05:00  WARN 39223 --- [a1-observability] [lity-producer-1] o.a.k.clients.producer.internals.Sender  : [Producer clientId=a1-observability-producer-1] Got error produce response with correlation id 5437 on topic-partition bank.a1.transaction.events-4, retrying (2147483641 attempts left). Error: NOT_ENOUGH_REPLICAS
2026-09-04T18:10:09.719+05:00  WARN 39223 --- [a1-observability] [lity-producer-1] o.a.k.clients.producer.internals.Sender  : [Producer clientId=a1-observability-producer-1] Got error produce response with correlation id 5438 on topic-partition bank.a1.transaction.events-4, retrying (2147483640 attempts left). Error: NOT_ENOUGH_REPLICAS
2026-09-04T18:10:10.720+05:00  WARN 39223 --- [a1-observability] [lity-producer-1] o.a.k.clients.producer.internals.Sender  : [Producer clientId=a1-observability-producer-1] Got error produce response with correlation id 5439 on topic-partition bank.a1.transaction.events-4, retrying (2147483639 attempts left). Error: NOT_ENOUGH_REPLICAS
2026-09-04T18:10:11.722+05:00  WARN 39223 --- [a1-observability] [lity-producer-1] o.a.k.clients.producer.internals.Sender  : [Producer clientId=a1-observability-producer-1] Got error produce response with correlation id 5440 on topic-partition bank.a1.transaction.events-4, retrying (2147483638 attempts left). Error: NOT_ENOUGH_REPLICAS
2026-09-04T18:10:12.724+05:00  WARN 39223 --- [a1-observability] [lity-producer-1] o.a.k.clients.producer.internals.Sender  : [Producer clientId=a1-observability-producer-1] Got error produce response with correlation id 5441 on topic-partition bank.a1.transaction.events-4, retrying (2147483637 attempts left). Error: NOT_ENOUGH_REPLICAS
2026-09-04T18:10:13.720+05:00  WARN 39223 --- [a1-observability] [lity-producer-1] o.a.k.clients.producer.internals.Sender  : [Producer clientId=a1-observability-producer-1] Got error produce response with correlation id 5442 on topic-partition bank.a1.transaction.events-4, retrying (2147483636 attempts left). Error: NOT_ENOUGH_REPLICAS
2026-09-04T18:10:14.721+05:00  WARN 39223 --- [a1-observability] [lity-producer-1] o.a.k.clients.producer.internals.Sender  : [Producer clientId=a1-observability-producer-1] Got error produce response with correlation id 5443 on topic-partition bank.a1.transaction.events-4, retrying (2147483635 attempts left). Error: NOT_ENOUGH_REPLICAS
2026-09-04T18:10:15.722+05:00  WARN 39223 --- [a1-observability] [lity-producer-1] o.a.k.clients.producer.internals.Sender  : [Producer clientId=a1-observability-producer-1] Got error produce response with correlation id 5444 on topic-partition bank.a1.transaction.events-4, retrying (2147483634 attempts left). Error: NOT_ENOUGH_REPLICAS
2026-09-04T18:10:16.724+05:00  WARN 39223 --- [a1-observability] [lity-producer-1] o.a.k.clients.producer.internals.Sender  : [Producer clientId=a1-observability-producer-1] Got error produce response with correlation id 5445 on topic-partition bank.a1.transaction.events-4, retrying (2147483633 attempts left). Error: NOT_ENOUGH_REPLICAS
2026-09-04T18:10:17.725+05:00  WARN 39223 --- [a1-observability] [lity-producer-1] o.a.k.clients.producer.internals.Sender  : [Producer clientId=a1-observability-producer-1] Got error produce response with correlation id 5446 on topic-partition bank.a1.transaction.events-4, retrying (2147483632 attempts left). Error: NOT_ENOUGH_REPLICAS
2026-09-04T18:10:18.727+05:00  WARN 39223 --- [a1-observability] [lity-producer-1] o.a.k.clients.producer.internals.Sender  : [Producer clientId=a1-observability-producer-1] Got error produce response with correlation id 5447 on topic-partition bank.a1.transaction.events-4, retrying (2147483631 attempts left). Error: NOT_ENOUGH_REPLICAS
2026-09-04T18:10:19.728+05:00  WARN 39223 --- [a1-observability] [lity-producer-1] o.a.k.clients.producer.internals.Sender  : [Producer clientId=a1-observability-producer-1] Got error produce response with correlation id 5448 on topic-partition bank.a1.transaction.events-4, retrying (2147483630 attempts left). Error: NOT_ENOUGH_REPLICAS
2026-09-04T18:10:20.730+05:00  WARN 39223 --- [a1-observability] [lity-producer-1] o.a.k.clients.producer.internals.Sender  : [Producer clientId=a1-observability-producer-1] Got error produce response with correlation id 5449 on topic-partition bank.a1.transaction.events-4, retrying (2147483629 attempts left). Error: NOT_ENOUGH_REPLICAS
2026-09-04T18:10:21.731+05:00  WARN 39223 --- [a1-observability] [lity-producer-1] o.a.k.clients.producer.internals.Sender  : [Producer clientId=a1-observability-producer-1] Got error produce response with correlation id 5450 on topic-partition bank.a1.transaction.events-4, retrying (2147483628 attempts left). Error: NOT_ENOUGH_REPLICAS
2026-09-04T18:10:22.644+05:00  WARN 39223 --- [a1-observability] [lity-producer-1] o.a.k.clients.producer.internals.Sender  : [Producer clientId=a1-observability-producer-1] Got error produce response with correlation id 5451 on topic-partition bank.a1.transaction.events-4, retrying (2147483627 attempts left). Error: NOT_ENOUGH_REPLICAS
2026-09-04T18:10:23.646+05:00  WARN 39223 --- [a1-observability] [lity-producer-1] o.a.k.clients.producer.internals.Sender  : [Producer clientId=a1-observability-producer-1] Got error produce response with correlation id 5452 on topic-partition bank.a1.transaction.events-4, retrying (2147483626 attempts left). Error: NOT_ENOUGH_REPLICAS
2026-09-04T18:10:24.647+05:00  WARN 39223 --- [a1-observability] [lity-producer-1] o.a.k.clients.producer.internals.Sender  : [Producer clientId=a1-observability-producer-1] Got error produce response with correlation id 5453 on topic-partition bank.a1.transaction.events-4, retrying (2147483625 attempts left). Error: NOT_ENOUGH_REPLICAS
2026-09-04T18:10:25.649+05:00  WARN 39223 --- [a1-observability] [lity-producer-1] o.a.k.clients.producer.internals.Sender  : [Producer clientId=a1-observability-producer-1] Got error produce response with correlation id 5454 on topic-partition bank.a1.transaction.events-4, retrying (2147483624 attempts left). Error: NOT_ENOUGH_REPLICAS
2026-09-04T18:10:26.572+05:00  WARN 39223 --- [a1-observability] [lity-producer-1] o.a.k.clients.producer.internals.Sender  : [Producer clientId=a1-observability-producer-1] Got error produce response with correlation id 5455 on topic-partition bank.a1.transaction.events-4, retrying (2147483623 attempts left). Error: NOT_ENOUGH_REPLICAS
2026-09-04T18:10:27.573+05:00  WARN 39223 --- [a1-observability] [lity-producer-1] o.a.k.clients.producer.internals.Sender  : [Producer clientId=a1-observability-producer-1] Got error produce response with correlation id 5456 on topic-partition bank.a1.transaction.events-4, retrying (2147483622 attempts left). Error: NOT_ENOUGH_REPLICAS
2026-09-04T18:10:28.573+05:00  WARN 39223 --- [a1-observability] [lity-producer-1] o.a.k.clients.producer.internals.Sender  : [Producer clientId=a1-observability-producer-1] Got error produce response with correlation id 5457 on topic-partition bank.a1.transaction.events-4, retrying (2147483621 attempts left). Error: NOT_ENOUGH_REPLICAS
2026-09-04T18:10:29.575+05:00  WARN 39223 --- [a1-observability] [lity-producer-1] o.a.k.clients.producer.internals.Sender  : [Producer clientId=a1-observability-producer-1] Got error produce response with correlation id 5458 on topic-partition bank.a1.transaction.events-4, retrying (2147483620 attempts left). Error: NOT_ENOUGH_REPLICAS
2026-09-04T18:10:30.576+05:00  WARN 39223 --- [a1-observability] [lity-producer-1] o.a.k.clients.producer.internals.Sender  : [Producer clientId=a1-observability-producer-1] Got error produce response with correlation id 5459 on topic-partition bank.a1.transaction.events-4, retrying (2147483619 attempts left). Error: NOT_ENOUGH_REPLICAS
2026-09-04T18:10:31.577+05:00  WARN 39223 --- [a1-observability] [lity-producer-1] o.a.k.clients.producer.internals.Sender  : [Producer clientId=a1-observability-producer-1] Got error produce response with correlation id 5460 on topic-partition bank.a1.transaction.events-4, retrying (2147483618 attempts left). Error: NOT_ENOUGH_REPLICAS
2026-09-04T18:10:32.578+05:00  WARN 39223 --- [a1-observability] [lity-producer-1] o.a.k.clients.producer.internals.Sender  : [Producer clientId=a1-observability-producer-1] Got error produce response with correlation id 5461 on topic-partition bank.a1.transaction.events-4, retrying (2147483617 attempts left). Error: NOT_ENOUGH_REPLICAS
2026-09-04T18:10:33.574+05:00  WARN 39223 --- [a1-observability] [lity-producer-1] o.a.k.clients.producer.internals.Sender  : [Producer clientId=a1-observability-producer-1] Got error produce response with correlation id 5462 on topic-partition bank.a1.transaction.events-4, retrying (2147483616 attempts left). Error: NOT_ENOUGH_REPLICAS
2026-09-04T18:10:37.373+05:00  WARN 39223 --- [a1-observability] [lity-producer-1] o.a.k.clients.producer.internals.Sender  : [Producer clientId=a1-observability-producer-1] Got error produce response with correlation id 5463 on topic-partition bank.a1.transaction.events-4, retrying (2147483615 attempts left). Error: NOT_ENOUGH_REPLICAS
2026-09-04T18:10:38.375+05:00  WARN 39223 --- [a1-observability] [lity-producer-1] o.a.k.clients.producer.internals.Sender  : [Producer clientId=a1-observability-producer-1] Got error produce response with correlation id 5464 on topic-partition bank.a1.transaction.events-4, retrying (2147483614 attempts left). Error: NOT_ENOUGH_REPLICAS
2026-09-04T18:10:39.377+05:00  WARN 39223 --- [a1-observability] [lity-producer-1] o.a.k.clients.producer.internals.Sender  : [Producer clientId=a1-observability-producer-1] Got error produce response with correlation id 5465 on topic-partition bank.a1.transaction.events-4, retrying (2147483613 attempts left). Error: NOT_ENOUGH_REPLICAS
2026-09-04T18:10:40.379+05:00  WARN 39223 --- [a1-observability] [lity-producer-1] o.a.k.clients.producer.internals.Sender  : [Producer clientId=a1-observability-producer-1] Got error produce response with correlation id 5466 on topic-partition bank.a1.transaction.events-4, retrying (2147483612 attempts left). Error: NOT_ENOUGH_REPLICAS
2026-09-04T18:10:41.381+05:00  WARN 39223 --- [a1-observability] [lity-producer-1] o.a.k.clients.producer.internals.Sender  : [Producer clientId=a1-observability-producer-1] Got error produce response with correlation id 5467 on topic-partition bank.a1.transaction.events-4, retrying (2147483611 attempts left). Error: NOT_ENOUGH_REPLICAS
2026-09-04T18:10:42.382+05:00  WARN 39223 --- [a1-observability] [lity-producer-1] o.a.k.clients.producer.internals.Sender  : [Producer clientId=a1-observability-producer-1] Got error produce response with correlation id 5468 on topic-partition bank.a1.transaction.events-4, retrying (2147483610 attempts left). Error: NOT_ENOUGH_REPLICAS
2026-09-04T18:10:43.380+05:00  WARN 39223 --- [a1-observability] [lity-producer-1] o.a.k.clients.producer.internals.Sender  : [Producer clientId=a1-observability-producer-1] Got error produce response with correlation id 5469 on topic-partition bank.a1.transaction.events-4, retrying (2147483609 attempts left). Error: NOT_ENOUGH_REPLICAS
2026-09-04T18:10:44.381+05:00  WARN 39223 --- [a1-observability] [lity-producer-1] o.a.k.clients.producer.internals.Sender  : [Producer clientId=a1-observability-producer-1] Got error produce response with correlation id 5470 on topic-partition bank.a1.transaction.events-4, retrying (2147483608 attempts left). Error: NOT_ENOUGH_REPLICAS
2026-09-04T18:10:45.382+05:00  WARN 39223 --- [a1-observability] [lity-producer-1] o.a.k.clients.producer.internals.Sender  : [Producer clientId=a1-observability-producer-1] Got error produce response with correlation id 5471 on topic-partition bank.a1.transaction.events-4, retrying (2147483607 attempts left). Error: NOT_ENOUGH_REPLICAS
2026-09-04T18:10:46.383+05:00  WARN 39223 --- [a1-observability] [lity-producer-1] o.a.k.clients.producer.internals.Sender  : [Producer clientId=a1-observability-producer-1] Got error produce response with correlation id 5472 on topic-partition bank.a1.transaction.events-4, retrying (2147483606 attempts left). Error: NOT_ENOUGH_REPLICAS
2026-09-04T18:10:47.385+05:00  WARN 39223 --- [a1-observability] [lity-producer-1] o.a.k.clients.producer.internals.Sender  : [Producer clientId=a1-observability-producer-1] Got error produce response with correlation id 5473 on topic-partition bank.a1.transaction.events-4, retrying (2147483605 attempts left). Error: NOT_ENOUGH_REPLICAS
2026-09-04T18:10:48.386+05:00  WARN 39223 --- [a1-observability] [lity-producer-1] o.a.k.clients.producer.internals.Sender  : [Producer clientId=a1-observability-producer-1] Got error produce response with correlation id 5474 on topic-partition bank.a1.transaction.events-4, retrying (2147483604 attempts left). Error: NOT_ENOUGH_REPLICAS
2026-09-04T18:10:49.388+05:00  WARN 39223 --- [a1-observability] [lity-producer-1] o.a.k.clients.producer.internals.Sender  : [Producer clientId=a1-observability-producer-1] Got error produce response with correlation id 5475 on topic-partition bank.a1.transaction.events-4, retrying (2147483603 attempts left). Error: NOT_ENOUGH_REPLICAS
2026-09-04T18:10:50.390+05:00  WARN 39223 --- [a1-observability] [lity-producer-1] o.a.k.clients.producer.internals.Sender  : [Producer clientId=a1-observability-producer-1] Got error produce response with correlation id 5476 on topic-partition bank.a1.transaction.events-4, retrying (2147483602 attempts left). Error: NOT_ENOUGH_REPLICAS
2026-09-04T18:10:51.392+05:00  WARN 39223 --- [a1-observability] [lity-producer-1] o.a.k.clients.producer.internals.Sender  : [Producer clientId=a1-observability-producer-1] Got error produce response with correlation id 5477 on topic-partition bank.a1.transaction.events-4, retrying (2147483601 attempts left). Error: NOT_ENOUGH_REPLICAS
2026-09-04T18:10:52.394+05:00  WARN 39223 --- [a1-observability] [lity-producer-1] o.a.k.clients.producer.internals.Sender  : [Producer clientId=a1-observability-producer-1] Got error produce response with correlation id 5478 on topic-partition bank.a1.transaction.events-4, retrying (2147483600 attempts left). Error: NOT_ENOUGH_REPLICAS
2026-09-04T18:10:53.396+05:00  WARN 39223 --- [a1-observability] [lity-producer-1] o.a.k.clients.producer.internals.Sender  : [Producer clientId=a1-observability-producer-1] Got error produce response with correlation id 5479 on topic-partition bank.a1.transaction.events-4, retrying (2147483599 attempts left). Error: NOT_ENOUGH_REPLICAS
2026-09-04T18:10:54.398+05:00  WARN 39223 --- [a1-observability] [lity-producer-1] o.a.k.clients.producer.internals.Sender  : [Producer clientId=a1-observability-producer-1] Got error produce response with correlation id 5480 on topic-partition bank.a1.transaction.events-4, retrying (2147483598 attempts left). Error: NOT_ENOUGH_REPLICAS
2026-09-04T18:10:55.400+05:00  WARN 39223 --- [a1-observability] [lity-producer-1] o.a.k.clients.producer.internals.Sender  : [Producer clientId=a1-observability-producer-1] Got error produce response with correlation id 5481 on topic-partition bank.a1.transaction.events-4, retrying (2147483597 attempts left). Error: NOT_ENOUGH_REPLICAS
2026-09-04T18:10:56.402+05:00  WARN 39223 --- [a1-observability] [lity-producer-1] o.a.k.clients.producer.internals.Sender  : [Producer clientId=a1-observability-producer-1] Got error produce response with correlation id 5482 on topic-partition bank.a1.transaction.events-4, retrying (2147483596 attempts left). Error: NOT_ENOUGH_REPLICAS
2026-09-04T18:10:57.404+05:00  WARN 39223 --- [a1-observability] [lity-producer-1] o.a.k.clients.producer.internals.Sender  : [Producer clientId=a1-observability-producer-1] Got error produce response with correlation id 5483 on topic-partition bank.a1.transaction.events-4, retrying (2147483595 attempts left). Error: NOT_ENOUGH_REPLICAS
2026-09-04T18:10:58.405+05:00  WARN 39223 --- [a1-observability] [lity-producer-1] o.a.k.clients.producer.internals.Sender  : [Producer clientId=a1-observability-producer-1] Got error produce response with correlation id 5484 on topic-partition bank.a1.transaction.events-4, retrying (2147483594 attempts left). Error: NOT_ENOUGH_REPLICAS
2026-09-04T18:10:59.407+05:00  WARN 39223 --- [a1-observability] [lity-producer-1] o.a.k.clients.producer.internals.Sender  : [Producer clientId=a1-observability-producer-1] Got error produce response with correlation id 5485 on topic-partition bank.a1.transaction.events-4, retrying (2147483593 attempts left). Error: NOT_ENOUGH_REPLICAS
2026-09-04T18:11:00.409+05:00  WARN 39223 --- [a1-observability] [lity-producer-1] o.a.k.clients.producer.internals.Sender  : [Producer clientId=a1-observability-producer-1] Got error produce response with correlation id 5486 on topic-partition bank.a1.transaction.events-4, retrying (2147483592 attempts left). Error: NOT_ENOUGH_REPLICAS
2026-09-04T18:11:01.410+05:00  WARN 39223 --- [a1-observability] [lity-producer-1] o.a.k.clients.producer.internals.Sender  : [Producer clientId=a1-observability-producer-1] Got error produce response with correlation id 5487 on topic-partition bank.a1.transaction.events-4, retrying (2147483591 attempts left). Error: NOT_ENOUGH_REPLICAS
2026-09-04T18:11:02.412+05:00  WARN 39223 --- [a1-observability] [lity-producer-1] o.a.k.clients.producer.internals.Sender  : [Producer clientId=a1-observability-producer-1] Got error produce response with correlation id 5488 on topic-partition bank.a1.transaction.events-4, retrying (2147483590 attempts left). Error: NOT_ENOUGH_REPLICAS
2026-09-04T18:11:03.382+05:00  WARN 39223 --- [a1-observability] [lity-producer-1] o.a.k.clients.producer.internals.Sender  : [Producer clientId=a1-observability-producer-1] Got error produce response with correlation id 5489 on topic-partition bank.a1.transaction.events-4, retrying (2147483589 attempts left). Error: NOT_ENOUGH_REPLICAS
2026-09-04T18:11:04.323+05:00  WARN 39223 --- [a1-observability] [lity-producer-1] o.a.k.clients.producer.internals.Sender  : [Producer clientId=a1-observability-producer-1] Got error produce response with correlation id 5490 on topic-partition bank.a1.transaction.events-4, retrying (2147483588 attempts left). Error: NOT_ENOUGH_REPLICAS
2026-09-04T18:11:05.325+05:00  WARN 39223 --- [a1-observability] [lity-producer-1] o.a.k.clients.producer.internals.Sender  : [Producer clientId=a1-observability-producer-1] Got error produce response with correlation id 5491 on topic-partition bank.a1.transaction.events-4, retrying (2147483587 attempts left). Error: NOT_ENOUGH_REPLICAS
2026-09-04T18:11:06.327+05:00  WARN 39223 --- [a1-observability] [lity-producer-1] o.a.k.clients.producer.internals.Sender  : [Producer clientId=a1-observability-producer-1] Got error produce response with correlation id 5492 on topic-partition bank.a1.transaction.events-4, retrying (2147483586 attempts left). Error: NOT_ENOUGH_REPLICAS
2026-09-04T18:11:07.328+05:00  WARN 39223 --- [a1-observability] [lity-producer-1] o.a.k.clients.producer.internals.Sender  : [Producer clientId=a1-observability-producer-1] Got error produce response with correlation id 5493 on topic-partition bank.a1.transaction.events-4, retrying (2147483585 attempts left). Error: NOT_ENOUGH_REPLICAS
2026-09-04T18:11:08.330+05:00  WARN 39223 --- [a1-observability] [lity-producer-1] o.a.k.clients.producer.internals.Sender  : [Producer clientId=a1-observability-producer-1] Got error produce response with correlation id 5494 on topic-partition bank.a1.transaction.events-4, retrying (2147483584 attempts left). Error: NOT_ENOUGH_REPLICAS
2026-09-04T18:11:12.133+05:00  WARN 39223 --- [a1-observability] [lity-producer-1] o.a.k.clients.producer.internals.Sender  : [Producer clientId=a1-observability-producer-1] Got error produce response with correlation id 5495 on topic-partition bank.a1.transaction.events-4, retrying (2147483583 attempts left). Error: NOT_ENOUGH_REPLICAS
2026-09-04T18:11:13.135+05:00  WARN 39223 --- [a1-observability] [lity-producer-1] o.a.k.clients.producer.internals.Sender  : [Producer clientId=a1-observability-producer-1] Got error produce response with correlation id 5496 on topic-partition bank.a1.transaction.events-4, retrying (2147483582 attempts left). Error: NOT_ENOUGH_REPLICAS
2026-09-04T18:11:14.137+05:00  WARN 39223 --- [a1-observability] [lity-producer-1] o.a.k.clients.producer.internals.Sender  : [Producer clientId=a1-observability-producer-1] Got error produce response with correlation id 5497 on topic-partition bank.a1.transaction.events-4, retrying (2147483581 attempts left). Error: NOT_ENOUGH_REPLICAS
2026-09-04T18:11:15.138+05:00  WARN 39223 --- [a1-observability] [lity-producer-1] o.a.k.clients.producer.internals.Sender  : [Producer clientId=a1-observability-producer-1] Got error produce response with correlation id 5498 on topic-partition bank.a1.transaction.events-4, retrying (2147483580 attempts left). Error: NOT_ENOUGH_REPLICAS
2026-09-04T18:11:16.139+05:00  WARN 39223 --- [a1-observability] [lity-producer-1] o.a.k.clients.producer.internals.Sender  : [Producer clientId=a1-observability-producer-1] Got error produce response with correlation id 5499 on topic-partition bank.a1.transaction.events-4, retrying (2147483579 attempts left). Error: NOT_ENOUGH_REPLICAS
2026-09-04T18:11:17.141+05:00  WARN 39223 --- [a1-observability] [lity-producer-1] o.a.k.clients.producer.internals.Sender  : [Producer clientId=a1-observability-producer-1] Got error produce response with correlation id 5500 on topic-partition bank.a1.transaction.events-4, retrying (2147483578 attempts left). Error: NOT_ENOUGH_REPLICAS
2026-09-04T18:11:18.143+05:00  WARN 39223 --- [a1-observability] [lity-producer-1] o.a.k.clients.producer.internals.Sender  : [Producer clientId=a1-observability-producer-1] Got error produce response with correlation id 5501 on topic-partition bank.a1.transaction.events-4, retrying (2147483577 attempts left). Error: NOT_ENOUGH_REPLICAS
2026-09-04T18:11:19.145+05:00  WARN 39223 --- [a1-observability] [lity-producer-1] o.a.k.clients.producer.internals.Sender  : [Producer clientId=a1-observability-producer-1] Got error produce response with correlation id 5502 on topic-partition bank.a1.transaction.events-4, retrying (2147483576 attempts left). Error: NOT_ENOUGH_REPLICAS
2026-09-04T18:11:20.146+05:00  WARN 39223 --- [a1-observability] [lity-producer-1] o.a.k.clients.producer.internals.Sender  : [Producer clientId=a1-observability-producer-1] Got error produce response with correlation id 5503 on topic-partition bank.a1.transaction.events-4, retrying (2147483575 attempts left). Error: NOT_ENOUGH_REPLICAS
2026-09-04T18:11:21.139+05:00  WARN 39223 --- [a1-observability] [lity-producer-1] o.a.k.clients.producer.internals.Sender  : [Producer clientId=a1-observability-producer-1] Got error produce response with correlation id 5504 on topic-partition bank.a1.transaction.events-4, retrying (2147483574 attempts left). Error: NOT_ENOUGH_REPLICAS
2026-09-04T18:11:22.139+05:00  WARN 39223 --- [a1-observability] [lity-producer-1] o.a.k.clients.producer.internals.Sender  : [Producer clientId=a1-observability-producer-1] Got error produce response with correlation id 5505 on topic-partition bank.a1.transaction.events-4, retrying (2147483573 attempts left). Error: NOT_ENOUGH_REPLICAS
2026-09-04T18:11:23.141+05:00  WARN 39223 --- [a1-observability] [lity-producer-1] o.a.k.clients.producer.internals.Sender  : [Producer clientId=a1-observability-producer-1] Got error produce response with correlation id 5506 on topic-partition bank.a1.transaction.events-4, retrying (2147483572 attempts left). Error: NOT_ENOUGH_REPLICAS
2026-09-04T18:11:24.142+05:00  WARN 39223 --- [a1-observability] [lity-producer-1] o.a.k.clients.producer.internals.Sender  : [Producer clientId=a1-observability-producer-1] Got error produce response with correlation id 5507 on topic-partition bank.a1.transaction.events-4, retrying (2147483571 attempts left). Error: NOT_ENOUGH_REPLICAS
2026-09-04T18:11:25.143+05:00  WARN 39223 --- [a1-observability] [lity-producer-1] o.a.k.clients.producer.internals.Sender  : [Producer clientId=a1-observability-producer-1] Got error produce response with correlation id 5508 on topic-partition bank.a1.transaction.events-4, retrying (2147483570 attempts left). Error: NOT_ENOUGH_REPLICAS
2026-09-04T18:11:26.145+05:00  WARN 39223 --- [a1-observability] [lity-producer-1] o.a.k.clients.producer.internals.Sender  : [Producer clientId=a1-observability-producer-1] Got error produce response with correlation id 5509 on topic-partition bank.a1.transaction.events-4, retrying (2147483569 attempts left). Error: NOT_ENOUGH_REPLICAS
2026-09-04T18:11:27.147+05:00  WARN 39223 --- [a1-observability] [lity-producer-1] o.a.k.clients.producer.internals.Sender  : [Producer clientId=a1-observability-producer-1] Got error produce response with correlation id 5510 on topic-partition bank.a1.transaction.events-4, retrying (2147483568 attempts left). Error: NOT_ENOUGH_REPLICAS
2026-09-04T18:11:28.148+05:00  WARN 39223 --- [a1-observability] [lity-producer-1] o.a.k.clients.producer.internals.Sender  : [Producer clientId=a1-observability-producer-1] Got error produce response with correlation id 5511 on topic-partition bank.a1.transaction.events-4, retrying (2147483567 attempts left). Error: NOT_ENOUGH_REPLICAS
2026-09-04T18:11:29.149+05:00  WARN 39223 --- [a1-observability] [lity-producer-1] o.a.k.clients.producer.internals.Sender  : [Producer clientId=a1-observability-producer-1] Got error produce response with correlation id 5512 on topic-partition bank.a1.transaction.events-4, retrying (2147483566 attempts left). Error: NOT_ENOUGH_REPLICAS
2026-09-04T18:11:30.151+05:00  WARN 39223 --- [a1-observability] [lity-producer-1] o.a.k.clients.producer.internals.Sender  : [Producer clientId=a1-observability-producer-1] Got error produce response with correlation id 5513 on topic-partition bank.a1.transaction.events-4, retrying (2147483565 attempts left). Error: NOT_ENOUGH_REPLICAS
2026-09-04T18:11:31.147+05:00  WARN 39223 --- [a1-observability] [lity-producer-1] o.a.k.clients.producer.internals.Sender  : [Producer clientId=a1-observability-producer-1] Got error produce response with correlation id 5514 on topic-partition bank.a1.transaction.events-4, retrying (2147483564 attempts left). Error: NOT_ENOUGH_REPLICAS
2026-09-04T18:11:32.147+05:00  WARN 39223 --- [a1-observability] [lity-producer-1] o.a.k.clients.producer.internals.Sender  : [Producer clientId=a1-observability-producer-1] Got error produce response with correlation id 5515 on topic-partition bank.a1.transaction.events-4, retrying (2147483563 attempts left). Error: NOT_ENOUGH_REPLICAS
2026-09-04T18:11:33.149+05:00  WARN 39223 --- [a1-observability] [lity-producer-1] o.a.k.clients.producer.internals.Sender  : [Producer clientId=a1-observability-producer-1] Got error produce response with correlation id 5516 on topic-partition bank.a1.transaction.events-4, retrying (2147483562 attempts left). Error: NOT_ENOUGH_REPLICAS
2026-09-04T18:11:34.043+05:00  WARN 39223 --- [a1-observability] [lity-producer-1] o.a.k.clients.producer.internals.Sender  : [Producer clientId=a1-observability-producer-1] Got error produce response with correlation id 5517 on topic-partition bank.a1.transaction.events-4, retrying (2147483561 attempts left). Error: NOT_ENOUGH_REPLICAS
2026-09-04T18:11:35.045+05:00  WARN 39223 --- [a1-observability] [lity-producer-1] o.a.k.clients.producer.internals.Sender  : [Producer clientId=a1-observability-producer-1] Got error produce response with correlation id 5518 on topic-partition bank.a1.transaction.events-4, retrying (2147483560 attempts left). Error: NOT_ENOUGH_REPLICAS
2026-09-04T18:11:36.047+05:00  WARN 39223 --- [a1-observability] [lity-producer-1] o.a.k.clients.producer.internals.Sender  : [Producer clientId=a1-observability-producer-1] Got error produce response with correlation id 5519 on topic-partition bank.a1.transaction.events-4, retrying (2147483559 attempts left). Error: NOT_ENOUGH_REPLICAS
2026-09-04T18:11:37.019+05:00  WARN 39223 --- [a1-observability] [lity-producer-1] o.a.k.clients.producer.internals.Sender  : [Producer clientId=a1-observability-producer-1] Got error produce response with correlation id 5520 on topic-partition bank.a1.transaction.events-4, retrying (2147483558 attempts left). Error: NOT_ENOUGH_REPLICAS
2026-09-04T18:11:38.020+05:00  WARN 39223 --- [a1-observability] [lity-producer-1] o.a.k.clients.producer.internals.Sender  : [Producer clientId=a1-observability-producer-1] Got error produce response with correlation id 5521 on topic-partition bank.a1.transaction.events-4, retrying (2147483557 attempts left). Error: NOT_ENOUGH_REPLICAS
2026-09-04T18:11:39.021+05:00  WARN 39223 --- [a1-observability] [lity-producer-1] o.a.k.clients.producer.internals.Sender  : [Producer clientId=a1-observability-producer-1] Got error produce response with correlation id 5522 on topic-partition bank.a1.transaction.events-4, retrying (2147483556 attempts left). Error: NOT_ENOUGH_REPLICAS
2026-09-04T18:11:40.022+05:00  WARN 39223 --- [a1-observability] [lity-producer-1] o.a.k.clients.producer.internals.Sender  : [Producer clientId=a1-observability-producer-1] Got error produce response with correlation id 5523 on topic-partition bank.a1.transaction.events-4, retrying (2147483555 attempts left). Error: NOT_ENOUGH_REPLICAS
2026-09-04T18:11:41.023+05:00  WARN 39223 --- [a1-observability] [lity-producer-1] o.a.k.clients.producer.internals.Sender  : [Producer clientId=a1-observability-producer-1] Got error produce response with correlation id 5524 on topic-partition bank.a1.transaction.events-4, retrying (2147483554 attempts left). Error: NOT_ENOUGH_REPLICAS
2026-09-04T18:11:42.025+05:00  WARN 39223 --- [a1-observability] [lity-producer-1] o.a.k.clients.producer.internals.Sender  : [Producer clientId=a1-observability-producer-1] Got error produce response with correlation id 5525 on topic-partition bank.a1.transaction.events-4, retrying (2147483553 attempts left). Error: NOT_ENOUGH_REPLICAS
2026-09-04T18:11:43.025+05:00  WARN 39223 --- [a1-observability] [lity-producer-1] o.a.k.clients.producer.internals.Sender  : [Producer clientId=a1-observability-producer-1] Got error produce response with correlation id 5526 on topic-partition bank.a1.transaction.events-4, retrying (2147483552 attempts left). Error: NOT_ENOUGH_REPLICAS
2026-09-04T18:11:44.026+05:00  WARN 39223 --- [a1-observability] [lity-producer-1] o.a.k.clients.producer.internals.Sender  : [Producer clientId=a1-observability-producer-1] Got error produce response with correlation id 5527 on topic-partition bank.a1.transaction.events-4, retrying (2147483551 attempts left). Error: NOT_ENOUGH_REPLICAS
2026-09-04T18:11:47.940+05:00  WARN 39223 --- [a1-observability] [lity-producer-1] o.a.k.clients.producer.internals.Sender  : [Producer clientId=a1-observability-producer-1] Got error produce response with correlation id 5528 on topic-partition bank.a1.transaction.events-4, retrying (2147483550 attempts left). Error: NOT_ENOUGH_REPLICAS
2026-09-04T18:11:48.895+05:00  WARN 39223 --- [a1-observability] [lity-producer-1] o.a.k.clients.producer.internals.Sender  : [Producer clientId=a1-observability-producer-1] Got error produce response with correlation id 5529 on topic-partition bank.a1.transaction.events-4, retrying (2147483549 attempts left). Error: NOT_ENOUGH_REPLICAS
2026-09-04T18:11:49.897+05:00  WARN 39223 --- [a1-observability] [lity-producer-1] o.a.k.clients.producer.internals.Sender  : [Producer clientId=a1-observability-producer-1] Got error produce response with correlation id 5530 on topic-partition bank.a1.transaction.events-4, retrying (2147483548 attempts left). Error: NOT_ENOUGH_REPLICAS
2026-09-04T18:11:50.897+05:00  WARN 39223 --- [a1-observability] [lity-producer-1] o.a.k.clients.producer.internals.Sender  : [Producer clientId=a1-observability-producer-1] Got error produce response with correlation id 5531 on topic-partition bank.a1.transaction.events-4, retrying (2147483547 attempts left). Error: NOT_ENOUGH_REPLICAS
2026-09-04T18:11:51.802+05:00  WARN 39223 --- [a1-observability] [lity-producer-1] o.a.k.clients.producer.internals.Sender  : [Producer clientId=a1-observability-producer-1] Got error produce response with correlation id 5532 on topic-partition bank.a1.transaction.events-4, retrying (2147483546 attempts left). Error: NOT_ENOUGH_REPLICAS
2026-09-04T18:11:52.804+05:00  WARN 39223 --- [a1-observability] [lity-producer-1] o.a.k.clients.producer.internals.Sender  : [Producer clientId=a1-observability-producer-1] Got error produce response with correlation id 5533 on topic-partition bank.a1.transaction.events-4, retrying (2147483545 attempts left). Error: NOT_ENOUGH_REPLICAS
2026-09-04T18:11:53.804+05:00  WARN 39223 --- [a1-observability] [lity-producer-1] o.a.k.clients.producer.internals.Sender  : [Producer clientId=a1-observability-producer-1] Got error produce response with correlation id 5534 on topic-partition bank.a1.transaction.events-4, retrying (2147483544 attempts left). Error: NOT_ENOUGH_REPLICAS
2026-09-04T18:11:54.806+05:00  WARN 39223 --- [a1-observability] [lity-producer-1] o.a.k.clients.producer.internals.Sender  : [Producer clientId=a1-observability-producer-1] Got error produce response with correlation id 5535 on topic-partition bank.a1.transaction.events-4, retrying (2147483543 attempts left). Error: NOT_ENOUGH_REPLICAS
2026-09-04T18:11:55.808+05:00  WARN 39223 --- [a1-observability] [lity-producer-1] o.a.k.clients.producer.internals.Sender  : [Producer clientId=a1-observability-producer-1] Got error produce response with correlation id 5536 on topic-partition bank.a1.transaction.events-4, retrying (2147483542 attempts left). Error: NOT_ENOUGH_REPLICAS
2026-09-04T18:11:56.810+05:00  WARN 39223 --- [a1-observability] [lity-producer-1] o.a.k.clients.producer.internals.Sender  : [Producer clientId=a1-observability-producer-1] Got error produce response with correlation id 5537 on topic-partition bank.a1.transaction.events-4, retrying (2147483541 attempts left). Error: NOT_ENOUGH_REPLICAS
2026-09-04T18:13:18.620+05:00  INFO 39223 --- [a1-observability] [ionShutdownHook] i.u.m.aq.AqToKafkaBridge                 : AQ bridge stopped
2026-09-04T18:13:18.624+05:00  INFO 39223 --- [a1-observability] [ionShutdownHook] o.s.boot.tomcat.GracefulShutdown         : Commencing graceful shutdown. Waiting for active requests to complete
2026-09-04T18:13:18.629+05:00  INFO 39223 --- [a1-observability] [tomcat-shutdown] o.s.boot.tomcat.GracefulShutdown         : Graceful shutdown complete
2026-09-04T18:13:18.634+05:00  INFO 39223 --- [a1-observability] [ionShutdownHook] o.a.k.clients.producer.KafkaProducer     : [Producer clientId=a1-observability-producer-1] Closing the Kafka producer with timeoutMillis = 30000 ms.
2026-09-04T18:13:18.643+05:00  INFO 39223 --- [a1-observability] [ionShutdownHook] o.apache.kafka.common.metrics.Metrics    : Metrics scheduler closed
2026-09-04T18:13:18.644+05:00  INFO 39223 --- [a1-observability] [ionShutdownHook] o.apache.kafka.common.metrics.Metrics    : Closing reporter org.apache.kafka.common.metrics.JmxReporter
2026-09-04T18:13:18.644+05:00  INFO 39223 --- [a1-observability] [ionShutdownHook] o.apache.kafka.common.metrics.Metrics    : Closing reporter org.apache.kafka.common.telemetry.internals.ClientTelemetryReporter
2026-09-04T18:13:18.645+05:00  INFO 39223 --- [a1-observability] [ionShutdownHook] o.apache.kafka.common.metrics.Metrics    : Metrics reporters closed
2026-09-04T18:13:18.650+05:00  INFO 39223 --- [a1-observability] [ionShutdownHook] o.a.kafka.common.utils.AppInfoParser     : App info kafka.producer for a1-observability-producer-1 unregistered
2026-09-04T18:13:18.662+05:00  INFO 39223 --- [a1-observability] [ionShutdownHook] com.zaxxer.hikari.HikariDataSource       : a1-oltp - Shutdown initiated...
2026-09-04T18:13:18.683+05:00  INFO 39223 --- [a1-observability] [ionShutdownHook] com.zaxxer.hikari.HikariDataSource       : a1-oltp - Shutdown completed.
