[18:08:28] === RUN AQ-P1-r3-F2-20260904180828 ===
[18:08:28] mode=AQ profile=P1 rep=3 tps=50 duration=180s fault=F2
[18:08:28] jar: target/master-thesis-observability-0.0.1-SNAPSHOT.jar
[18:08:28] workload tozalanmoqda (reference saqlanadi)
workload reset; reference data preserved
AQ backlog purged: 0 -> 0
[18:08:30] Kafka topigi qayta yaratilmoqda
[18:08:39] ilova ishga tushirilmoqda (mode=AQ)
[18:08:56] ilova tayyor (pid 39223)
[18:09:00] fault F2 60s dan keyin yuboriladi
[18:09:00] k6 yuklamasi boshlandi
[fault 18:10:06] kafka-2 va kafka-3 to'xtatilmoqda (90s)
[fault 18:11:49] brokerlar qaytarilmoqda
[fault 18:11:50] F2 tugadi
[18:12:15] pipeline bo'shashi kutilmoqda (maks 120s)
[18:12:34] pipeline bo'sh (4s, sink=27003 xabar)
[18:12:45] ground truth eksport qilinmoqda
[18:12:46] Kafka topigi eksport qilinmoqda
[18:13:14] tahlil
{
  "mode": "AQ",
  "profile": "P1",
  "rep": "3",
  "fault": "F2",
  "ground_truth_transitions": 27003,
  "delivered_distinct": 27003,
  "delivered_total": 27003,
  "matched": 27003,
  "missing": 0,
  "phantom": 0,
  "malformed": 0,
  "loss_rate": 0.0,
  "loss_rate_ppm": 0.0,
  "duplicate_rate": 0.0,
  "ordering_violation_rate": 0.0,
  "txns_split_across_partitions": 0,
  "latency_ms_p50": 20856,
  "latency_ms_p95": 103033,
  "latency_ms_p99": 109850,
  "latency_ms_max": 111644,
  "latency_ms_mean": 34041.4,
  "latency_samples": 27003,
  "latency_negative_samples": 0,
  "loss_rate_upper_bound_95_ppm": 111.1
}
[18:13:15] ilova va konnektor to'xtatilmoqda
[18:13:19] === TUGADI: results/AQ-P1-r3-F2-20260904180828 ===
