[10:01:23] === RUN CDC-C2N2ON-r1-20260909100123 ===
[10:01:23] mode=CDC profile=C2N2ON rep=1 tps=50 duration=180s fault=none
[10:01:23] jar: target/master-thesis-observability-0.0.1-SNAPSHOT.jar
[10:01:23] workload tozalanmoqda (reference saqlanadi)
workload reset; reference data preserved
AQ backlog purged: 0 -> 0
[10:01:23] Kafka topigi qayta yaratilmoqda
[10:01:33] ilova ishga tushirilmoqda (mode=CDC)
[10:01:47] ilova tayyor (pid 1701745)
[10:01:47] Debezium konnektori ro'yxatdan o'tkazilmoqda (CDC, prefix=obsv_cdc_c2n2on_r1_20260909100123)
konnektor ro'yxatdan o'tkazilmoqda: a1-cdc-obsv_cdc_c2n2on_r1_20260909100123 (prefix=obsv_cdc_c2n2on_r1_20260909100123)
konnektor RUNNING (2s)
streaming tasdiqlanmoqda (heartbeat topigi: __debezium-heartbeat.obsv_cdc_c2n2on_r1_20260909100123)
streaming tasdiqlandi (16 urinish)
[10:02:52] k6 yuklamasi boshlandi
[10:02:53] k6 nolga teng bo'lmagan kod bilan tugadi (natija baribir tahlil qilinadi)
[10:02:53] pipeline bo'shashi kutilmoqda (maks 120s)
[10:03:04] pipeline bo'sh (4s, sink=0 xabar)
[10:03:14] ground truth eksport qilinmoqda
[10:03:14] Kafka topigi eksport qilinmoqda
[10:04:06] tahlil
{
  "mode": "CDC",
  "profile": "C2N2ON",
  "rep": "1",
  "fault": "none",
  "ground_truth_transitions": 0,
  "delivered_distinct": 0,
  "delivered_total": 0,
  "matched": 0,
  "missing": 0,
  "phantom": 0,
  "malformed": 0,
  "loss_rate": 0.0,
  "loss_rate_ppm": 0.0,
  "duplicate_rate": 0.0,
  "ordering_violation_rate": 0.0,
  "txns_split_across_partitions": 0,
  "latency_ms_p50": null,
  "latency_ms_p95": null,
  "latency_ms_p99": null,
  "latency_ms_max": null,
  "latency_ms_mean": null,
  "latency_samples": 0,
  "latency_negative_samples": 0
}
[10:04:06] ilova va konnektor to'xtatilmoqda
connector o'chirilmoqda: a1-cdc-obsv_cdc_c2n2on_r1_20260909100123
[10:04:10] === TUGADI: results/CDC-C2N2ON-r1-20260909100123 ===
