[19:10:40] === RUN WRAPPER_B1-P1-r3-F1R-20260909191040 ===
[19:10:40] mode=WRAPPER_B1 profile=P1 rep=3 tps=50 duration=180s fault=F1R
[19:10:40] jar: target/master-thesis-observability-0.0.1-SNAPSHOT.jar
[19:10:40] arxiv redo tozalanmoqda
[19:10:40] workload tozalanmoqda (reference saqlanadi)
workload reset; reference data preserved
AQ backlog purged: 0 -> 0
[19:10:49] Kafka topigi qayta yaratilmoqda
[19:10:58] ilova ishga tushirilmoqda (mode=WRAPPER_B1)
[19:11:12] ilova tayyor (pid 1448024)
[19:11:16] fault F1R 60s dan keyin yuboriladi
[19:11:16] k6 yuklamasi boshlandi
[fault 19:12:16] SIGKILL ilovaga: 1448024
[fault 19:12:27] ilova qayta ishga tushirilmoqda (mode=results/WRAPPER_B3-P1-r91-20260903164920/run.log:WRAPPER_B3)
[fault 19:12:27] F1R tugadi
[19:14:17] k6 nolga teng bo'lmagan kod bilan tugadi (natija baribir tahlil qilinadi)
[19:14:17] k6 iteratsiyalari: 8993
[19:14:17] ilova ishlamayapti (fault=F1R) — drenaj uchun qayta ishga tushirilmoqda
[19:14:39] ilova qayta tiklandi (12x2s)
[19:14:39] pipeline bo'shashi kutilmoqda (maks 120s)
[19:15:04] pipeline bo'sh (15s, sink=8946 xabar)
[19:15:15] ground truth eksport qilinmoqda
[19:15:16] Kafka topigi eksport qilinmoqda
[19:15:27] tahlil
{
  "mode": "WRAPPER_B1",
  "profile": "P1",
  "rep": "3",
  "fault": "F1R",
  "ground_truth_transitions": 8946,
  "delivered_distinct": 8946,
  "delivered_total": 8946,
  "matched": 8946,
  "missing": 0,
  "phantom": 0,
  "malformed": 0,
  "loss_rate": 0.0,
  "loss_rate_ppm": 0.0,
  "duplicate_rate": 0.0,
  "ordering_violation_rate": 0.0,
  "txns_split_across_partitions": 0,
  "latency_ms_p50": 0,
  "latency_ms_p95": 1,
  "latency_ms_p99": 2,
  "latency_ms_max": 1285,
  "latency_ms_mean": 2.2,
  "latency_samples": 8946,
  "latency_negative_samples": 3826,
  "loss_rate_upper_bound_95_ppm": 335.35
}
[19:15:27] ilova va konnektor to'xtatilmoqda
[19:15:32] === TUGADI: results/WRAPPER_B1-P1-r3-F1R-20260909191040 ===
