
         /\      Grafana   /‾‾/  
    /\  /  \     |\  __   /  /   
   /  \/    \    | |/ /  /   ‾‾\ 
  /          \   |   (  |  (‾)  |
 / __________ \  |_|\_\  \_____/ 


     execution: local
        script: harness/k6/a1-workload.js
        output: -

     scenarios: (100.00%) 1 scenario, 600 max VUs, 3m30s max duration (incl. graceful stop):
              * a1: 50.00 iterations/s for 3m0s (maxVUs: 100-600, gracefulStop: 30s)


running (0m01.0s), 050/100 VUs, 0 complete and 0 interrupted iterations
a1     [   1% ] 050/100 VUs  0m01.0s/3m0s  50.00 iters/s

running (0m02.0s), 100/100 VUs, 0 complete and 0 interrupted iterations
a1     [   1% ] 100/100 VUs  0m02.0s/3m0s  50.00 iters/s

running (0m03.0s), 125/125 VUs, 0 complete and 0 interrupted iterations
a1     [   2% ] 125/125 VUs  0m03.0s/3m0s  50.00 iters/s

running (0m04.0s), 150/150 VUs, 0 complete and 0 interrupted iterations
a1     [   2% ] 150/150 VUs  0m04.0s/3m0s  50.00 iters/s

running (0m05.0s), 175/175 VUs, 0 complete and 0 interrupted iterations
a1     [   3% ] 175/175 VUs  0m05.0s/3m0s  50.00 iters/s

running (0m06.0s), 200/200 VUs, 0 complete and 0 interrupted iterations
a1     [   3% ] 200/200 VUs  0m06.0s/3m0s  50.00 iters/s

running (0m07.0s), 225/225 VUs, 0 complete and 0 interrupted iterations
a1     [   4% ] 225/225 VUs  0m07.0s/3m0s  50.00 iters/s

running (0m08.0s), 250/250 VUs, 0 complete and 0 interrupted iterations
a1     [   4% ] 250/250 VUs  0m08.0s/3m0s  50.00 iters/s

running (0m09.0s), 273/273 VUs, 4 complete and 0 interrupted iterations
a1     [   5% ] 273/273 VUs  0m09.0s/3m0s  50.00 iters/s

running (0m10.0s), 294/297 VUs, 9 complete and 0 interrupted iterations
a1     [   6% ] 294/297 VUs  0m10.0s/3m0s  50.00 iters/s

running (0m11.0s), 319/320 VUs, 11 complete and 0 interrupted iterations
a1     [   6% ] 319/320 VUs  0m11.0s/3m0s  50.00 iters/s

running (0m12.0s), 338/338 VUs, 24 complete and 0 interrupted iterations
a1     [   7% ] 338/338 VUs  0m12.0s/3m0s  50.00 iters/s

running (0m13.0s), 343/357 VUs, 50 complete and 0 interrupted iterations
a1     [   7% ] 342/357 VUs  0m13.0s/3m0s  50.00 iters/s

running (0m14.0s), 123/357 VUs, 320 complete and 0 interrupted iterations
a1     [   8% ] 123/357 VUs  0m14.0s/3m0s  50.00 iters/s

running (0m15.0s), 004/357 VUs, 489 complete and 0 interrupted iterations
a1     [   8% ] 004/357 VUs  0m15.0s/3m0s  50.00 iters/s

running (0m16.0s), 004/357 VUs, 539 complete and 0 interrupted iterations
a1     [   9% ] 004/357 VUs  0m16.0s/3m0s  50.00 iters/s

running (0m17.0s), 004/357 VUs, 589 complete and 0 interrupted iterations
a1     [   9% ] 004/357 VUs  0m17.0s/3m0s  50.00 iters/s

running (0m18.0s), 005/357 VUs, 638 complete and 0 interrupted iterations
a1     [  10% ] 005/357 VUs  0m18.0s/3m0s  50.00 iters/s

running (0m19.0s), 051/357 VUs, 642 complete and 0 interrupted iterations
a1     [  11% ] 051/357 VUs  0m19.0s/3m0s  50.00 iters/s

running (0m20.0s), 062/357 VUs, 681 complete and 0 interrupted iterations
a1     [  11% ] 062/357 VUs  0m20.0s/3m0s  50.00 iters/s

running (0m21.0s), 069/357 VUs, 724 complete and 0 interrupted iterations
a1     [  12% ] 069/357 VUs  0m21.0s/3m0s  50.00 iters/s

running (0m22.0s), 104/357 VUs, 739 complete and 0 interrupted iterations
a1     [  12% ] 104/357 VUs  0m22.0s/3m0s  50.00 iters/s

running (0m23.0s), 127/357 VUs, 766 complete and 0 interrupted iterations
a1     [  13% ] 127/357 VUs  0m23.0s/3m0s  50.00 iters/s

running (0m24.0s), 131/357 VUs, 812 complete and 0 interrupted iterations
a1     [  13% ] 131/357 VUs  0m24.0s/3m0s  50.00 iters/s

running (0m25.0s), 145/357 VUs, 848 complete and 0 interrupted iterations
a1     [  14% ] 145/357 VUs  0m25.0s/3m0s  50.00 iters/s

running (0m26.0s), 154/357 VUs, 889 complete and 0 interrupted iterations
a1     [  14% ] 154/357 VUs  0m26.0s/3m0s  50.00 iters/s

running (0m27.0s), 153/357 VUs, 940 complete and 0 interrupted iterations
a1     [  15% ] 153/357 VUs  0m27.0s/3m0s  50.00 iters/s

running (0m28.0s), 010/357 VUs, 1133 complete and 0 interrupted iterations
a1     [  16% ] 010/357 VUs  0m28.0s/3m0s  50.00 iters/s

running (0m29.0s), 009/357 VUs, 1184 complete and 0 interrupted iterations
a1     [  16% ] 009/357 VUs  0m29.0s/3m0s  50.00 iters/s

running (0m30.0s), 009/357 VUs, 1234 complete and 0 interrupted iterations
a1     [  17% ] 009/357 VUs  0m30.0s/3m0s  50.00 iters/s

running (0m31.0s), 009/357 VUs, 1284 complete and 0 interrupted iterations
a1     [  17% ] 009/357 VUs  0m31.0s/3m0s  50.00 iters/s

running (0m32.0s), 009/357 VUs, 1334 complete and 0 interrupted iterations
a1     [  18% ] 009/357 VUs  0m32.0s/3m0s  50.00 iters/s

running (0m33.0s), 009/357 VUs, 1384 complete and 0 interrupted iterations
a1     [  18% ] 009/357 VUs  0m33.0s/3m0s  50.00 iters/s

running (0m34.0s), 033/357 VUs, 1410 complete and 0 interrupted iterations
a1     [  19% ] 033/357 VUs  0m34.0s/3m0s  50.00 iters/s

running (0m35.0s), 069/357 VUs, 1424 complete and 0 interrupted iterations
a1     [  19% ] 069/357 VUs  0m35.0s/3m0s  50.00 iters/s

running (0m36.0s), 080/357 VUs, 1463 complete and 0 interrupted iterations
a1     [  20% ] 080/357 VUs  0m36.0s/3m0s  50.00 iters/s

running (0m37.0s), 096/357 VUs, 1497 complete and 0 interrupted iterations
a1     [  21% ] 096/357 VUs  0m37.0s/3m0s  50.00 iters/s

running (0m38.0s), 117/357 VUs, 1526 complete and 0 interrupted iterations
a1     [  21% ] 117/357 VUs  0m38.0s/3m0s  50.00 iters/s

running (0m39.0s), 121/357 VUs, 1572 complete and 0 interrupted iterations
a1     [  22% ] 121/357 VUs  0m39.0s/3m0s  50.00 iters/s

running (0m40.0s), 123/357 VUs, 1620 complete and 0 interrupted iterations
a1     [  22% ] 123/357 VUs  0m40.0s/3m0s  50.00 iters/s

running (0m41.0s), 136/357 VUs, 1657 complete and 0 interrupted iterations
a1     [  23% ] 136/357 VUs  0m41.0s/3m0s  50.00 iters/s

running (0m42.0s), 007/357 VUs, 1836 complete and 0 interrupted iterations
a1     [  23% ] 007/357 VUs  0m42.0s/3m0s  50.00 iters/s

running (0m43.0s), 007/357 VUs, 1886 complete and 0 interrupted iterations
a1     [  24% ] 007/357 VUs  0m43.0s/3m0s  50.00 iters/s

running (0m44.0s), 007/357 VUs, 1936 complete and 0 interrupted iterations
a1     [  24% ] 007/357 VUs  0m44.0s/3m0s  50.00 iters/s

running (0m45.0s), 007/357 VUs, 1986 complete and 0 interrupted iterations
a1     [  25% ] 007/357 VUs  0m45.0s/3m0s  50.00 iters/s

running (0m46.0s), 007/357 VUs, 2036 complete and 0 interrupted iterations
a1     [  26% ] 007/357 VUs  0m46.0s/3m0s  50.00 iters/s

running (0m47.0s), 056/357 VUs, 2037 complete and 0 interrupted iterations
a1     [  26% ] 056/357 VUs  0m47.0s/3m0s  50.00 iters/s

running (0m48.0s), 060/357 VUs, 2083 complete and 0 interrupted iterations
a1     [  27% ] 060/357 VUs  0m48.0s/3m0s  50.00 iters/s

running (0m49.0s), 070/357 VUs, 2123 complete and 0 interrupted iterations
a1     [  27% ] 070/357 VUs  0m49.0s/3m0s  50.00 iters/s

running (0m50.0s), 098/357 VUs, 2145 complete and 0 interrupted iterations
a1     [  28% ] 098/357 VUs  0m50.0s/3m0s  50.00 iters/s

running (0m51.0s), 105/357 VUs, 2188 complete and 0 interrupted iterations
a1     [  28% ] 105/357 VUs  0m51.0s/3m0s  50.00 iters/s

running (0m52.0s), 109/357 VUs, 2234 complete and 0 interrupted iterations
a1     [  29% ] 109/357 VUs  0m52.0s/3m0s  50.00 iters/s

running (0m53.0s), 107/357 VUs, 2286 complete and 0 interrupted iterations
a1     [  29% ] 107/357 VUs  0m53.0s/3m0s  50.00 iters/s

running (0m54.0s), 143/357 VUs, 2300 complete and 0 interrupted iterations
a1     [  30% ] 143/357 VUs  0m54.0s/3m0s  50.00 iters/s

running (0m55.0s), 000/357 VUs, 2493 complete and 0 interrupted iterations
a1     [  31% ] 000/357 VUs  0m55.0s/3m0s  50.00 iters/s

running (0m56.0s), 001/357 VUs, 2542 complete and 0 interrupted iterations
a1     [  31% ] 001/357 VUs  0m56.0s/3m0s  50.00 iters/s

running (0m57.0s), 001/357 VUs, 2592 complete and 0 interrupted iterations
a1     [  32% ] 001/357 VUs  0m57.0s/3m0s  50.00 iters/s

running (0m58.0s), 001/357 VUs, 2642 complete and 0 interrupted iterations
a1     [  32% ] 001/357 VUs  0m58.0s/3m0s  50.00 iters/s

running (0m59.0s), 001/357 VUs, 2692 complete and 0 interrupted iterations
a1     [  33% ] 001/357 VUs  0m59.0s/3m0s  50.00 iters/s

running (1m00.0s), 039/357 VUs, 2704 complete and 0 interrupted iterations
a1     [  33% ] 039/357 VUs  1m00.0s/3m0s  50.00 iters/s

running (1m01.0s), 089/357 VUs, 2704 complete and 0 interrupted iterations
a1     [  34% ] 089/357 VUs  1m01.0s/3m0s  50.00 iters/s

running (1m02.0s), 138/357 VUs, 2705 complete and 0 interrupted iterations
a1     [  34% ] 138/357 VUs  1m02.0s/3m0s  50.00 iters/s

running (1m03.0s), 175/357 VUs, 2718 complete and 0 interrupted iterations
a1     [  35% ] 175/357 VUs  1m03.0s/3m0s  50.00 iters/s

running (1m04.0s), 220/357 VUs, 2723 complete and 0 interrupted iterations
a1     [  36% ] 220/357 VUs  1m04.0s/3m0s  50.00 iters/s

running (1m05.0s), 266/357 VUs, 2727 complete and 0 interrupted iterations
a1     [  36% ] 266/357 VUs  1m05.0s/3m0s  50.00 iters/s

running (1m06.0s), 302/357 VUs, 2741 complete and 0 interrupted iterations
a1     [  37% ] 302/357 VUs  1m06.0s/3m0s  50.00 iters/s

running (1m07.0s), 338/357 VUs, 2755 complete and 0 interrupted iterations
a1     [  37% ] 338/357 VUs  1m07.0s/3m0s  50.00 iters/s

running (1m08.0s), 208/357 VUs, 2935 complete and 0 interrupted iterations
a1     [  38% ] 208/357 VUs  1m08.0s/3m0s  50.00 iters/s

running (1m09.0s), 008/357 VUs, 3185 complete and 0 interrupted iterations
a1     [  38% ] 008/357 VUs  1m09.0s/3m0s  50.00 iters/s

running (1m10.0s), 008/357 VUs, 3235 complete and 0 interrupted iterations
a1     [  39% ] 008/357 VUs  1m10.0s/3m0s  50.00 iters/s

running (1m11.0s), 007/357 VUs, 3286 complete and 0 interrupted iterations
a1     [  39% ] 007/357 VUs  1m11.0s/3m0s  50.00 iters/s

running (1m12.0s), 008/357 VUs, 3335 complete and 0 interrupted iterations
a1     [  40% ] 008/357 VUs  1m12.0s/3m0s  50.00 iters/s

running (1m13.0s), 036/357 VUs, 3357 complete and 0 interrupted iterations
a1     [  41% ] 036/357 VUs  1m13.0s/3m0s  50.00 iters/s

running (1m14.0s), 065/357 VUs, 3378 complete and 0 interrupted iterations
a1     [  41% ] 065/357 VUs  1m14.0s/3m0s  50.00 iters/s

running (1m15.0s), 083/357 VUs, 3410 complete and 0 interrupted iterations
a1     [  42% ] 083/357 VUs  1m15.0s/3m0s  50.00 iters/s

running (1m16.0s), 095/357 VUs, 3448 complete and 0 interrupted iterations
a1     [  42% ] 095/357 VUs  1m16.0s/3m0s  50.00 iters/s

running (1m17.0s), 125/357 VUs, 3468 complete and 0 interrupted iterations
a1     [  43% ] 125/357 VUs  1m17.0s/3m0s  50.00 iters/s

running (1m18.0s), 143/357 VUs, 3500 complete and 0 interrupted iterations
a1     [  43% ] 143/357 VUs  1m18.0s/3m0s  50.00 iters/s

running (1m19.0s), 150/357 VUs, 3543 complete and 0 interrupted iterations
a1     [  44% ] 150/357 VUs  1m19.0s/3m0s  50.00 iters/s

running (1m20.0s), 160/357 VUs, 3583 complete and 0 interrupted iterations
a1     [  44% ] 160/357 VUs  1m20.0s/3m0s  50.00 iters/s

running (1m21.0s), 161/357 VUs, 3632 complete and 0 interrupted iterations
a1     [  45% ] 161/357 VUs  1m21.0s/3m0s  50.00 iters/s

running (1m22.0s), 146/357 VUs, 3697 complete and 0 interrupted iterations
a1     [  46% ] 146/357 VUs  1m22.0s/3m0s  50.00 iters/s

running (1m23.0s), 000/357 VUs, 3893 complete and 0 interrupted iterations
a1     [  46% ] 000/357 VUs  1m23.0s/3m0s  50.00 iters/s

running (1m24.0s), 000/357 VUs, 3943 complete and 0 interrupted iterations
a1     [  47% ] 000/357 VUs  1m24.0s/3m0s  50.00 iters/s

running (1m25.0s), 000/357 VUs, 3993 complete and 0 interrupted iterations
a1     [  47% ] 000/357 VUs  1m25.0s/3m0s  50.00 iters/s

running (1m26.0s), 033/357 VUs, 4010 complete and 0 interrupted iterations
a1     [  48% ] 033/357 VUs  1m26.0s/3m0s  50.00 iters/s

running (1m27.0s), 041/357 VUs, 4052 complete and 0 interrupted iterations
a1     [  48% ] 041/357 VUs  1m27.0s/3m0s  50.00 iters/s

running (1m28.0s), 078/357 VUs, 4065 complete and 0 interrupted iterations
a1     [  49% ] 078/357 VUs  1m28.0s/3m0s  50.00 iters/s

running (1m29.0s), 079/357 VUs, 4114 complete and 0 interrupted iterations
a1     [  49% ] 079/357 VUs  1m29.0s/3m0s  50.00 iters/s

running (1m30.0s), 106/357 VUs, 4137 complete and 0 interrupted iterations
a1     [  50% ] 106/357 VUs  1m30.0s/3m0s  50.00 iters/s

running (1m31.0s), 110/357 VUs, 4183 complete and 0 interrupted iterations
a1     [  51% ] 110/357 VUs  1m31.0s/3m0s  50.00 iters/s

running (1m32.0s), 095/357 VUs, 4248 complete and 0 interrupted iterations
a1     [  51% ] 095/357 VUs  1m32.0s/3m0s  50.00 iters/s

running (1m33.0s), 064/357 VUs, 4329 complete and 0 interrupted iterations
a1     [  52% ] 064/357 VUs  1m33.0s/3m0s  50.00 iters/s

running (1m34.0s), 058/357 VUs, 4385 complete and 0 interrupted iterations
a1     [  52% ] 058/357 VUs  1m34.0s/3m0s  50.00 iters/s

running (1m35.0s), 000/357 VUs, 4493 complete and 0 interrupted iterations
a1     [  53% ] 000/357 VUs  1m35.0s/3m0s  50.00 iters/s

running (1m36.0s), 000/357 VUs, 4543 complete and 0 interrupted iterations
a1     [  53% ] 000/357 VUs  1m36.0s/3m0s  50.00 iters/s

running (1m37.0s), 001/357 VUs, 4592 complete and 0 interrupted iterations
a1     [  54% ] 001/357 VUs  1m37.0s/3m0s  50.00 iters/s

running (1m38.0s), 000/357 VUs, 4643 complete and 0 interrupted iterations
a1     [  54% ] 000/357 VUs  1m38.0s/3m0s  50.00 iters/s

running (1m39.0s), 000/357 VUs, 4693 complete and 0 interrupted iterations
a1     [  55% ] 000/357 VUs  1m39.0s/3m0s  50.00 iters/s

running (1m40.0s), 049/357 VUs, 4694 complete and 0 interrupted iterations
a1     [  56% ] 049/357 VUs  1m40.0s/3m0s  50.00 iters/s

running (1m41.0s), 056/357 VUs, 4737 complete and 0 interrupted iterations
a1     [  56% ] 056/357 VUs  1m41.0s/3m0s  50.00 iters/s

running (1m42.0s), 061/357 VUs, 4782 complete and 0 interrupted iterations
a1     [  57% ] 061/357 VUs  1m42.0s/3m0s  50.00 iters/s

running (1m43.0s), 088/357 VUs, 4805 complete and 0 interrupted iterations
a1     [  57% ] 088/357 VUs  1m43.0s/3m0s  50.00 iters/s

running (1m44.0s), 113/357 VUs, 4830 complete and 0 interrupted iterations
a1     [  58% ] 113/357 VUs  1m44.0s/3m0s  50.00 iters/s

running (1m45.0s), 112/357 VUs, 4881 complete and 0 interrupted iterations
a1     [  58% ] 112/357 VUs  1m45.0s/3m0s  50.00 iters/s

running (1m46.0s), 123/357 VUs, 4920 complete and 0 interrupted iterations
a1     [  59% ] 123/357 VUs  1m46.0s/3m0s  50.00 iters/s

running (1m47.0s), 151/357 VUs, 4942 complete and 0 interrupted iterations
a1     [  59% ] 151/357 VUs  1m47.0s/3m0s  50.00 iters/s

running (1m48.0s), 001/357 VUs, 5142 complete and 0 interrupted iterations
a1     [  60% ] 001/357 VUs  1m48.0s/3m0s  50.00 iters/s

running (1m49.0s), 000/357 VUs, 5193 complete and 0 interrupted iterations
a1     [  61% ] 000/357 VUs  1m49.0s/3m0s  50.00 iters/s

running (1m50.0s), 001/357 VUs, 5242 complete and 0 interrupted iterations
a1     [  61% ] 001/357 VUs  1m50.0s/3m0s  50.00 iters/s

running (1m51.0s), 001/357 VUs, 5292 complete and 0 interrupted iterations
a1     [  62% ] 001/357 VUs  1m51.0s/3m0s  50.00 iters/s

running (1m52.0s), 001/357 VUs, 5342 complete and 0 interrupted iterations
a1     [  62% ] 001/357 VUs  1m52.0s/3m0s  50.00 iters/s

running (1m53.0s), 042/357 VUs, 5351 complete and 0 interrupted iterations
a1     [  63% ] 042/357 VUs  1m53.0s/3m0s  50.00 iters/s

running (1m54.0s), 052/357 VUs, 5391 complete and 0 interrupted iterations
a1     [  63% ] 052/357 VUs  1m54.0s/3m0s  50.00 iters/s

running (1m55.0s), 064/357 VUs, 5429 complete and 0 interrupted iterations
a1     [  64% ] 064/357 VUs  1m55.0s/3m0s  50.00 iters/s

running (1m56.0s), 084/357 VUs, 5459 complete and 0 interrupted iterations
a1     [  64% ] 084/357 VUs  1m56.0s/3m0s  50.00 iters/s

running (1m57.0s), 098/357 VUs, 5495 complete and 0 interrupted iterations
a1     [  65% ] 098/357 VUs  1m57.0s/3m0s  50.00 iters/s
time="2026-09-09T15:59:36+05:00" level=warning msg="The test has generated metrics with 100021 unique time series, which is higher than the suggested limit of 100000 and could cause high memory usage. Consider not using high-cardinality values like unique IDs as metric tags or, if you need them in the URL, use the name metric tag or URL grouping. See https://grafana.com/docs/k6/latest/using-k6/tags-and-groups/ for details." component=metrics-engine-ingester

running (1m58.0s), 109/357 VUs, 5534 complete and 0 interrupted iterations
a1     [  66% ] 109/357 VUs  1m58.0s/3m0s  50.00 iters/s

running (1m59.0s), 137/357 VUs, 5556 complete and 0 interrupted iterations
a1     [  66% ] 137/357 VUs  1m59.0s/3m0s  50.00 iters/s

running (2m00.0s), 146/357 VUs, 5597 complete and 0 interrupted iterations
a1     [  67% ] 146/357 VUs  2m00.0s/3m0s  50.00 iters/s

running (2m01.0s), 146/357 VUs, 5647 complete and 0 interrupted iterations
a1     [  67% ] 146/357 VUs  2m01.0s/3m0s  50.00 iters/s

running (2m02.0s), 001/357 VUs, 5842 complete and 0 interrupted iterations
a1     [  68% ] 001/357 VUs  2m02.0s/3m0s  50.00 iters/s

running (2m03.0s), 001/357 VUs, 5892 complete and 0 interrupted iterations
a1     [  68% ] 001/357 VUs  2m03.0s/3m0s  50.00 iters/s

running (2m04.0s), 001/357 VUs, 5942 complete and 0 interrupted iterations
a1     [  69% ] 001/357 VUs  2m04.0s/3m0s  50.00 iters/s

running (2m05.0s), 001/357 VUs, 5992 complete and 0 interrupted iterations
a1     [  69% ] 001/357 VUs  2m05.0s/3m0s  50.00 iters/s

running (2m06.0s), 039/357 VUs, 6004 complete and 0 interrupted iterations
a1     [  70% ] 039/357 VUs  2m06.0s/3m0s  50.00 iters/s

running (2m07.0s), 048/357 VUs, 6045 complete and 0 interrupted iterations
a1     [  71% ] 048/357 VUs  2m07.0s/3m0s  50.00 iters/s

running (2m08.0s), 075/357 VUs, 6068 complete and 0 interrupted iterations
a1     [  71% ] 075/357 VUs  2m08.0s/3m0s  50.00 iters/s

running (2m09.0s), 084/357 VUs, 6109 complete and 0 interrupted iterations
a1     [  72% ] 084/357 VUs  2m09.0s/3m0s  50.00 iters/s

running (2m10.0s), 097/357 VUs, 6146 complete and 0 interrupted iterations
a1     [  72% ] 097/357 VUs  2m10.0s/3m0s  50.00 iters/s

running (2m11.0s), 105/357 VUs, 6188 complete and 0 interrupted iterations
a1     [  73% ] 105/357 VUs  2m11.0s/3m0s  50.00 iters/s

running (2m12.0s), 121/357 VUs, 6222 complete and 0 interrupted iterations
a1     [  73% ] 121/357 VUs  2m12.0s/3m0s  50.00 iters/s

running (2m13.0s), 146/357 VUs, 6247 complete and 0 interrupted iterations
a1     [  74% ] 146/357 VUs  2m13.0s/3m0s  50.00 iters/s

running (2m14.0s), 001/357 VUs, 6442 complete and 0 interrupted iterations
a1     [  74% ] 001/357 VUs  2m14.0s/3m0s  50.00 iters/s

running (2m15.0s), 000/357 VUs, 6493 complete and 0 interrupted iterations
a1     [  75% ] 000/357 VUs  2m15.0s/3m0s  50.00 iters/s

running (2m16.0s), 001/357 VUs, 6542 complete and 0 interrupted iterations
a1     [  76% ] 001/357 VUs  2m16.0s/3m0s  50.00 iters/s

running (2m17.0s), 001/357 VUs, 6592 complete and 0 interrupted iterations
a1     [  76% ] 001/357 VUs  2m17.0s/3m0s  50.00 iters/s

running (2m18.0s), 042/357 VUs, 6601 complete and 0 interrupted iterations
a1     [  77% ] 042/357 VUs  2m18.0s/3m0s  50.00 iters/s

running (2m19.0s), 091/357 VUs, 6602 complete and 0 interrupted iterations
a1     [  77% ] 091/357 VUs  2m19.0s/3m0s  50.00 iters/s

running (2m20.0s), 136/357 VUs, 6607 complete and 0 interrupted iterations
a1     [  78% ] 136/357 VUs  2m20.0s/3m0s  50.00 iters/s

running (2m21.0s), 183/357 VUs, 6610 complete and 0 interrupted iterations
a1     [  78% ] 183/357 VUs  2m21.0s/3m0s  50.00 iters/s

running (2m22.0s), 233/357 VUs, 6610 complete and 0 interrupted iterations
a1     [  79% ] 233/357 VUs  2m22.0s/3m0s  50.00 iters/s

running (2m23.0s), 279/357 VUs, 6614 complete and 0 interrupted iterations
a1     [  79% ] 279/357 VUs  2m23.0s/3m0s  50.00 iters/s

running (2m24.0s), 319/357 VUs, 6624 complete and 0 interrupted iterations
a1     [  80% ] 319/357 VUs  2m24.0s/3m0s  50.00 iters/s

running (2m25.0s), 346/357 VUs, 6647 complete and 0 interrupted iterations
a1     [  81% ] 346/357 VUs  2m25.0s/3m0s  50.00 iters/s

running (2m26.0s), 359/367 VUs, 6674 complete and 0 interrupted iterations
a1     [  81% ] 359/367 VUs  2m26.0s/3m0s  50.00 iters/s

running (2m27.0s), 297/367 VUs, 6786 complete and 0 interrupted iterations
a1     [  82% ] 297/367 VUs  2m27.0s/3m0s  50.00 iters/s

running (2m28.0s), 316/367 VUs, 6817 complete and 0 interrupted iterations
a1     [  82% ] 316/367 VUs  2m28.0s/3m0s  50.00 iters/s

running (2m29.0s), 311/367 VUs, 6872 complete and 0 interrupted iterations
a1     [  83% ] 311/367 VUs  2m29.0s/3m0s  50.00 iters/s

running (2m30.0s), 303/367 VUs, 6930 complete and 0 interrupted iterations
a1     [  83% ] 303/367 VUs  2m30.0s/3m0s  50.00 iters/s

running (2m31.0s), 327/367 VUs, 6956 complete and 0 interrupted iterations
a1     [  84% ] 327/367 VUs  2m31.0s/3m0s  50.00 iters/s

running (2m32.0s), 328/367 VUs, 7005 complete and 0 interrupted iterations
a1     [  84% ] 328/367 VUs  2m32.0s/3m0s  50.00 iters/s

running (2m33.0s), 363/367 VUs, 7020 complete and 0 interrupted iterations
a1     [  85% ] 363/367 VUs  2m33.0s/3m0s  50.00 iters/s

running (2m34.0s), 374/375 VUs, 7051 complete and 0 interrupted iterations
a1     [  86% ] 374/375 VUs  2m34.0s/3m0s  50.00 iters/s

running (2m35.0s), 384/392 VUs, 7074 complete and 0 interrupted iterations
a1     [  86% ] 384/392 VUs  2m35.0s/3m0s  50.00 iters/s

running (2m36.0s), 376/400 VUs, 7124 complete and 0 interrupted iterations
a1     [  87% ] 376/400 VUs  2m36.0s/3m0s  50.00 iters/s

running (2m37.0s), 007/400 VUs, 7543 complete and 0 interrupted iterations
a1     [  87% ] 007/400 VUs  2m37.0s/3m0s  50.00 iters/s

running (2m38.0s), 007/400 VUs, 7593 complete and 0 interrupted iterations
a1     [  88% ] 007/400 VUs  2m38.0s/3m0s  50.00 iters/s

running (2m39.0s), 006/400 VUs, 7644 complete and 0 interrupted iterations
a1     [  88% ] 006/400 VUs  2m39.0s/3m0s  50.00 iters/s

running (2m40.0s), 023/400 VUs, 7677 complete and 0 interrupted iterations
a1     [  89% ] 023/400 VUs  2m40.0s/3m0s  50.00 iters/s

running (2m41.0s), 050/400 VUs, 7700 complete and 0 interrupted iterations
a1     [  89% ] 050/400 VUs  2m41.0s/3m0s  50.00 iters/s

running (2m42.0s), 064/400 VUs, 7736 complete and 0 interrupted iterations
a1     [  90% ] 064/400 VUs  2m42.0s/3m0s  50.00 iters/s

running (2m43.0s), 093/400 VUs, 7757 complete and 0 interrupted iterations
a1     [  91% ] 093/400 VUs  2m43.0s/3m0s  50.00 iters/s

running (2m44.0s), 102/400 VUs, 7798 complete and 0 interrupted iterations
a1     [  91% ] 102/400 VUs  2m44.0s/3m0s  50.00 iters/s

running (2m45.0s), 136/400 VUs, 7814 complete and 0 interrupted iterations
a1     [  92% ] 136/400 VUs  2m45.0s/3m0s  50.00 iters/s

running (2m46.0s), 148/400 VUs, 7852 complete and 0 interrupted iterations
a1     [  92% ] 148/400 VUs  2m46.0s/3m0s  50.00 iters/s

running (2m47.0s), 149/400 VUs, 7901 complete and 0 interrupted iterations
a1     [  93% ] 149/400 VUs  2m47.0s/3m0s  50.00 iters/s

running (2m48.0s), 186/400 VUs, 7914 complete and 0 interrupted iterations
a1     [  93% ] 186/400 VUs  2m48.0s/3m0s  50.00 iters/s

running (2m49.0s), 126/400 VUs, 8024 complete and 0 interrupted iterations
a1     [  94% ] 126/400 VUs  2m49.0s/3m0s  50.00 iters/s

running (2m50.0s), 001/400 VUs, 8199 complete and 0 interrupted iterations
a1     [  94% ] 001/400 VUs  2m50.0s/3m0s  50.00 iters/s

running (2m51.0s), 013/400 VUs, 8237 complete and 0 interrupted iterations
a1     [  95% ] 013/400 VUs  2m51.0s/3m0s  50.00 iters/s

running (2m52.0s), 026/400 VUs, 8274 complete and 0 interrupted iterations
a1     [  96% ] 026/400 VUs  2m52.0s/3m0s  50.00 iters/s

running (2m53.0s), 030/400 VUs, 8320 complete and 0 interrupted iterations
a1     [  96% ] 030/400 VUs  2m53.0s/3m0s  50.00 iters/s

running (2m54.0s), 049/400 VUs, 8351 complete and 0 interrupted iterations
a1     [  97% ] 049/400 VUs  2m54.0s/3m0s  50.00 iters/s

running (2m55.0s), 043/400 VUs, 8407 complete and 0 interrupted iterations
a1     [  97% ] 043/400 VUs  2m55.0s/3m0s  50.00 iters/s

running (2m56.0s), 081/400 VUs, 8419 complete and 0 interrupted iterations
a1     [  98% ] 081/400 VUs  2m56.0s/3m0s  50.00 iters/s

running (2m57.0s), 096/400 VUs, 8454 complete and 0 interrupted iterations
a1     [  98% ] 096/400 VUs  2m57.0s/3m0s  50.00 iters/s

running (2m58.0s), 113/400 VUs, 8487 complete and 0 interrupted iterations
a1     [  99% ] 113/400 VUs  2m58.0s/3m0s  50.00 iters/s

running (2m59.0s), 134/400 VUs, 8516 complete and 0 interrupted iterations
a1     [  99% ] 134/400 VUs  2m59.0s/3m0s  50.00 iters/s

running (3m00.0s), 140/400 VUs, 8560 complete and 0 interrupted iterations
a1     [ 100% ] 140/400 VUs  3m00.0s/3m0s  50.00 iters/s

running (3m01.0s), 101/400 VUs, 8600 complete and 0 interrupted iterations
a1   ↓ [ 100% ] 141/400 VUs  3m0s  50.00 iters/s

running (3m02.0s), 007/400 VUs, 8694 complete and 0 interrupted iterations
a1   ↓ [ 100% ] 141/400 VUs  3m0s  50.00 iters/s


  █ THRESHOLDS 

    http_req_failed
    ✓ 'rate<0.05' rate=0.00%


  █ TOTAL RESULTS 

    checks_total.......: 26103   143.305708/s
    checks_succeeded...: 100.00% 26103 out of 26103
    checks_failed......: 0.00%   0 out of 26103

    ✓ initiated
    ✓ validated
    ✓ terminal

    CUSTOM
    a1_lifecycle_duration..........: avg=2.21s    min=6ms    med=1.64s    p(95)=7.68s p(99)=11.54s max=14.58s
    a1_lifecycles_completed........: 8701   47.768569/s
    a1_transitions_committed.......: 26103  143.305708/s

    HTTP
    http_req_duration..............: avg=738.27ms min=1.59ms med=485.47ms p(95)=3.06s p(99)=5.13s  max=9.78s 
      { expected_response:true }...: avg=738.27ms min=1.59ms med=485.47ms p(95)=3.06s p(99)=5.13s  max=9.78s 
    http_req_failed................: 0.00%  0 out of 26103
    http_reqs......................: 26103  143.305708/s

    EXECUTION
    dropped_iterations.............: 300    1.647003/s
    iteration_duration.............: avg=2.21s    min=6.2ms  med=1.64s    p(95)=7.68s p(99)=11.54s max=14.58s
    iterations.....................: 8701   47.768569/s
    vus............................: 7      min=0          max=384
    vus_max........................: 400    min=100        max=400

    NETWORK
    data_received..................: 10 MB  55 kB/s
    data_sent......................: 5.7 MB 31 kB/s




running (3m02.1s), 000/400 VUs, 8701 complete and 0 interrupted iterations
a1   ✓ [ 100% ] 000/400 VUs  3m0s  50.00 iters/s
