
         /\      Grafana   /‾‾/  
    /\  /  \     |\  __   /  /   
   /  \/    \    | |/ /  /   ‾‾\ 
  /          \   |   (  |  (‾)  |
 / __________ \  |_|\_\  \_____/ 


     execution: local
        script: harness/k6/a1-workload.js
        output: -

     scenarios: (100.00%) 1 scenario, 600 max VUs, 2m30s max duration (incl. graceful stop):
              * a1: 50.00 iterations/s for 2m0s (maxVUs: 100-600, gracefulStop: 30s)


running (0m01.0s), 049/100 VUs, 0 complete and 0 interrupted iterations
a1     [   1% ] 049/100 VUs  0m01.0s/2m0s  50.00 iters/s

running (0m02.0s), 099/100 VUs, 0 complete and 0 interrupted iterations
a1     [   2% ] 099/100 VUs  0m02.0s/2m0s  50.00 iters/s

running (0m03.0s), 001/104 VUs, 144 complete and 0 interrupted iterations
a1     [   2% ] 001/104 VUs  0m03.0s/2m0s  50.00 iters/s

running (0m04.0s), 002/104 VUs, 193 complete and 0 interrupted iterations
a1     [   3% ] 002/104 VUs  0m04.0s/2m0s  50.00 iters/s

running (0m05.0s), 001/104 VUs, 244 complete and 0 interrupted iterations
a1     [   4% ] 001/104 VUs  0m05.0s/2m0s  50.00 iters/s

running (0m06.0s), 001/104 VUs, 294 complete and 0 interrupted iterations
a1     [   5% ] 001/104 VUs  0m06.0s/2m0s  50.00 iters/s

running (0m07.0s), 001/104 VUs, 344 complete and 0 interrupted iterations
a1     [   6% ] 001/104 VUs  0m07.0s/2m0s  50.00 iters/s

running (0m08.0s), 001/104 VUs, 394 complete and 0 interrupted iterations
a1     [   7% ] 001/104 VUs  0m08.0s/2m0s  50.00 iters/s

running (0m09.0s), 001/104 VUs, 444 complete and 0 interrupted iterations
a1     [   7% ] 001/104 VUs  0m09.0s/2m0s  50.00 iters/s

running (0m10.0s), 001/104 VUs, 494 complete and 0 interrupted iterations
a1     [   8% ] 001/104 VUs  0m10.0s/2m0s  50.00 iters/s

running (0m11.0s), 001/104 VUs, 544 complete and 0 interrupted iterations
a1     [   9% ] 001/104 VUs  0m11.0s/2m0s  50.00 iters/s

running (0m12.0s), 001/104 VUs, 594 complete and 0 interrupted iterations
a1     [  10% ] 001/104 VUs  0m12.0s/2m0s  50.00 iters/s

running (0m13.0s), 001/104 VUs, 644 complete and 0 interrupted iterations
a1     [  11% ] 001/104 VUs  0m13.0s/2m0s  50.00 iters/s

running (0m14.0s), 001/104 VUs, 694 complete and 0 interrupted iterations
a1     [  12% ] 001/104 VUs  0m14.0s/2m0s  50.00 iters/s

running (0m15.0s), 001/104 VUs, 744 complete and 0 interrupted iterations
a1     [  12% ] 001/104 VUs  0m15.0s/2m0s  50.00 iters/s

running (0m16.0s), 001/104 VUs, 794 complete and 0 interrupted iterations
a1     [  13% ] 001/104 VUs  0m16.0s/2m0s  50.00 iters/s

running (0m17.0s), 001/104 VUs, 844 complete and 0 interrupted iterations
a1     [  14% ] 001/104 VUs  0m17.0s/2m0s  50.00 iters/s

running (0m18.0s), 001/104 VUs, 894 complete and 0 interrupted iterations
a1     [  15% ] 001/104 VUs  0m18.0s/2m0s  50.00 iters/s

running (0m19.0s), 000/104 VUs, 945 complete and 0 interrupted iterations
a1     [  16% ] 000/104 VUs  0m19.0s/2m0s  50.00 iters/s

running (0m20.0s), 001/104 VUs, 994 complete and 0 interrupted iterations
a1     [  17% ] 001/104 VUs  0m20.0s/2m0s  50.00 iters/s

running (0m21.0s), 000/104 VUs, 1045 complete and 0 interrupted iterations
a1     [  17% ] 000/104 VUs  0m21.0s/2m0s  50.00 iters/s

running (0m22.0s), 001/104 VUs, 1094 complete and 0 interrupted iterations
a1     [  18% ] 001/104 VUs  0m22.0s/2m0s  50.00 iters/s

running (0m23.0s), 001/104 VUs, 1144 complete and 0 interrupted iterations
a1     [  19% ] 001/104 VUs  0m23.0s/2m0s  50.00 iters/s

running (0m24.0s), 001/104 VUs, 1194 complete and 0 interrupted iterations
a1     [  20% ] 001/104 VUs  0m24.0s/2m0s  50.00 iters/s

running (0m25.0s), 000/104 VUs, 1245 complete and 0 interrupted iterations
a1     [  21% ] 000/104 VUs  0m25.0s/2m0s  50.00 iters/s

running (0m26.0s), 000/104 VUs, 1295 complete and 0 interrupted iterations
a1     [  22% ] 000/104 VUs  0m26.0s/2m0s  50.00 iters/s

running (0m27.0s), 001/104 VUs, 1344 complete and 0 interrupted iterations
a1     [  22% ] 001/104 VUs  0m27.0s/2m0s  50.00 iters/s

running (0m28.0s), 000/104 VUs, 1395 complete and 0 interrupted iterations
a1     [  23% ] 000/104 VUs  0m28.0s/2m0s  50.00 iters/s

running (0m31.9s), 000/104 VUs, 1445 complete and 0 interrupted iterations
a1     [  24% ] 000/104 VUs  0m29.0s/2m0s  50.00 iters/s

running (0m32.9s), 001/104 VUs, 1494 complete and 0 interrupted iterations
a1     [  25% ] 001/104 VUs  0m30.0s/2m0s  50.00 iters/s

running (0m33.9s), 001/104 VUs, 1544 complete and 0 interrupted iterations
a1     [  26% ] 001/104 VUs  0m31.0s/2m0s  50.00 iters/s

running (0m34.9s), 000/104 VUs, 1595 complete and 0 interrupted iterations
a1     [  27% ] 000/104 VUs  0m32.0s/2m0s  50.00 iters/s

running (0m35.9s), 001/104 VUs, 1644 complete and 0 interrupted iterations
a1     [  27% ] 001/104 VUs  0m33.0s/2m0s  50.00 iters/s

running (0m36.9s), 001/104 VUs, 1694 complete and 0 interrupted iterations
a1     [  28% ] 001/104 VUs  0m34.0s/2m0s  50.00 iters/s

running (0m37.9s), 001/104 VUs, 1744 complete and 0 interrupted iterations
a1     [  29% ] 001/104 VUs  0m35.0s/2m0s  50.00 iters/s

running (0m38.9s), 000/104 VUs, 1795 complete and 0 interrupted iterations
a1     [  30% ] 000/104 VUs  0m36.0s/2m0s  50.00 iters/s

running (0m39.9s), 000/104 VUs, 1845 complete and 0 interrupted iterations
a1     [  31% ] 000/104 VUs  0m37.0s/2m0s  50.00 iters/s

running (0m40.9s), 000/104 VUs, 1895 complete and 0 interrupted iterations
a1     [  32% ] 000/104 VUs  0m38.0s/2m0s  50.00 iters/s

running (0m41.9s), 000/104 VUs, 1945 complete and 0 interrupted iterations
a1     [  32% ] 000/104 VUs  0m39.0s/2m0s  50.00 iters/s

running (0m42.9s), 001/104 VUs, 1994 complete and 0 interrupted iterations
a1     [  33% ] 001/104 VUs  0m40.0s/2m0s  50.00 iters/s

running (0m43.9s), 001/104 VUs, 2044 complete and 0 interrupted iterations
a1     [  34% ] 001/104 VUs  0m41.0s/2m0s  50.00 iters/s

running (0m44.9s), 001/104 VUs, 2094 complete and 0 interrupted iterations
a1     [  35% ] 001/104 VUs  0m42.0s/2m0s  50.00 iters/s

running (0m45.9s), 001/104 VUs, 2144 complete and 0 interrupted iterations
a1     [  36% ] 001/104 VUs  0m43.0s/2m0s  50.00 iters/s

running (0m46.9s), 001/104 VUs, 2194 complete and 0 interrupted iterations
a1     [  37% ] 001/104 VUs  0m44.0s/2m0s  50.00 iters/s

running (0m47.9s), 001/104 VUs, 2244 complete and 0 interrupted iterations
a1     [  37% ] 001/104 VUs  0m45.0s/2m0s  50.00 iters/s

running (0m48.9s), 001/104 VUs, 2294 complete and 0 interrupted iterations
a1     [  38% ] 001/104 VUs  0m46.0s/2m0s  50.00 iters/s

running (0m49.9s), 000/104 VUs, 2345 complete and 0 interrupted iterations
a1     [  39% ] 000/104 VUs  0m47.0s/2m0s  50.00 iters/s

running (0m50.9s), 000/104 VUs, 2395 complete and 0 interrupted iterations
a1     [  40% ] 000/104 VUs  0m48.0s/2m0s  50.00 iters/s

running (0m51.9s), 000/104 VUs, 2445 complete and 0 interrupted iterations
a1     [  41% ] 000/104 VUs  0m49.0s/2m0s  50.00 iters/s

running (0m52.9s), 001/104 VUs, 2494 complete and 0 interrupted iterations
a1     [  42% ] 001/104 VUs  0m50.0s/2m0s  50.00 iters/s

running (0m53.9s), 001/104 VUs, 2544 complete and 0 interrupted iterations
a1     [  42% ] 001/104 VUs  0m51.0s/2m0s  50.00 iters/s

running (0m54.9s), 001/104 VUs, 2594 complete and 0 interrupted iterations
a1     [  43% ] 001/104 VUs  0m52.0s/2m0s  50.00 iters/s

running (0m55.9s), 001/104 VUs, 2644 complete and 0 interrupted iterations
a1     [  44% ] 001/104 VUs  0m53.0s/2m0s  50.00 iters/s

running (0m56.9s), 001/104 VUs, 2694 complete and 0 interrupted iterations
a1     [  45% ] 001/104 VUs  0m54.0s/2m0s  50.00 iters/s

running (0m57.9s), 000/104 VUs, 2745 complete and 0 interrupted iterations
a1     [  46% ] 000/104 VUs  0m55.0s/2m0s  50.00 iters/s

running (0m58.9s), 001/104 VUs, 2794 complete and 0 interrupted iterations
a1     [  47% ] 001/104 VUs  0m56.0s/2m0s  50.00 iters/s

running (0m59.9s), 001/104 VUs, 2844 complete and 0 interrupted iterations
a1     [  47% ] 001/104 VUs  0m57.0s/2m0s  50.00 iters/s

running (1m00.9s), 001/104 VUs, 2894 complete and 0 interrupted iterations
a1     [  48% ] 001/104 VUs  0m58.0s/2m0s  50.00 iters/s

running (1m01.9s), 000/104 VUs, 2945 complete and 0 interrupted iterations
a1     [  49% ] 000/104 VUs  0m59.0s/2m0s  50.00 iters/s

running (1m02.9s), 001/104 VUs, 2994 complete and 0 interrupted iterations
a1     [  50% ] 001/104 VUs  1m00.0s/2m0s  50.00 iters/s

running (1m06.8s), 001/104 VUs, 3044 complete and 0 interrupted iterations
a1     [  51% ] 001/104 VUs  1m01.0s/2m0s  50.00 iters/s

running (1m07.8s), 000/104 VUs, 3095 complete and 0 interrupted iterations
a1     [  52% ] 000/104 VUs  1m02.0s/2m0s  50.00 iters/s

running (1m08.8s), 000/104 VUs, 3145 complete and 0 interrupted iterations
a1     [  52% ] 000/104 VUs  1m03.0s/2m0s  50.00 iters/s

running (1m09.8s), 000/104 VUs, 3195 complete and 0 interrupted iterations
a1     [  53% ] 000/104 VUs  1m04.0s/2m0s  50.00 iters/s

running (1m10.8s), 000/104 VUs, 3245 complete and 0 interrupted iterations
a1     [  54% ] 000/104 VUs  1m05.0s/2m0s  50.00 iters/s

running (1m11.8s), 001/104 VUs, 3294 complete and 0 interrupted iterations
a1     [  55% ] 001/104 VUs  1m06.0s/2m0s  50.00 iters/s

running (1m12.8s), 001/104 VUs, 3344 complete and 0 interrupted iterations
a1     [  56% ] 001/104 VUs  1m07.0s/2m0s  50.00 iters/s

running (1m13.8s), 000/104 VUs, 3395 complete and 0 interrupted iterations
a1     [  57% ] 000/104 VUs  1m08.0s/2m0s  50.00 iters/s

running (1m14.8s), 001/104 VUs, 3444 complete and 0 interrupted iterations
a1     [  57% ] 001/104 VUs  1m09.0s/2m0s  50.00 iters/s

running (1m15.8s), 000/104 VUs, 3495 complete and 0 interrupted iterations
a1     [  58% ] 000/104 VUs  1m10.0s/2m0s  50.00 iters/s

running (1m16.8s), 000/104 VUs, 3545 complete and 0 interrupted iterations
a1     [  59% ] 000/104 VUs  1m11.0s/2m0s  50.00 iters/s

running (1m17.8s), 000/104 VUs, 3595 complete and 0 interrupted iterations
a1     [  60% ] 000/104 VUs  1m12.0s/2m0s  50.00 iters/s

running (1m18.8s), 000/104 VUs, 3645 complete and 0 interrupted iterations
a1     [  61% ] 000/104 VUs  1m13.0s/2m0s  50.00 iters/s

running (1m19.8s), 000/104 VUs, 3695 complete and 0 interrupted iterations
a1     [  62% ] 000/104 VUs  1m14.0s/2m0s  50.00 iters/s

running (1m20.8s), 000/104 VUs, 3745 complete and 0 interrupted iterations
a1     [  62% ] 000/104 VUs  1m15.0s/2m0s  50.00 iters/s

running (1m21.8s), 000/104 VUs, 3795 complete and 0 interrupted iterations
a1     [  63% ] 000/104 VUs  1m16.0s/2m0s  50.00 iters/s

running (1m22.8s), 000/104 VUs, 3845 complete and 0 interrupted iterations
a1     [  64% ] 000/104 VUs  1m17.0s/2m0s  50.00 iters/s

running (1m23.8s), 000/104 VUs, 3895 complete and 0 interrupted iterations
a1     [  65% ] 000/104 VUs  1m18.0s/2m0s  50.00 iters/s

running (1m24.8s), 002/104 VUs, 3943 complete and 0 interrupted iterations
a1     [  66% ] 002/104 VUs  1m19.0s/2m0s  50.00 iters/s

running (1m25.8s), 000/104 VUs, 3995 complete and 0 interrupted iterations
a1     [  67% ] 000/104 VUs  1m20.0s/2m0s  50.00 iters/s

running (1m26.8s), 000/104 VUs, 4045 complete and 0 interrupted iterations
a1     [  67% ] 000/104 VUs  1m21.0s/2m0s  50.00 iters/s

running (1m27.8s), 000/104 VUs, 4095 complete and 0 interrupted iterations
a1     [  68% ] 000/104 VUs  1m22.0s/2m0s  50.00 iters/s

running (1m28.8s), 000/104 VUs, 4145 complete and 0 interrupted iterations
a1     [  69% ] 000/104 VUs  1m23.0s/2m0s  50.00 iters/s

running (1m29.8s), 001/104 VUs, 4194 complete and 0 interrupted iterations
a1     [  70% ] 001/104 VUs  1m24.0s/2m0s  50.00 iters/s

running (1m30.8s), 000/104 VUs, 4245 complete and 0 interrupted iterations
a1     [  71% ] 000/104 VUs  1m25.0s/2m0s  50.00 iters/s

running (1m31.8s), 000/104 VUs, 4295 complete and 0 interrupted iterations
a1     [  72% ] 000/104 VUs  1m26.0s/2m0s  50.00 iters/s

running (1m32.8s), 000/104 VUs, 4345 complete and 0 interrupted iterations
a1     [  72% ] 000/104 VUs  1m27.0s/2m0s  50.00 iters/s

running (1m33.8s), 001/104 VUs, 4394 complete and 0 interrupted iterations
a1     [  73% ] 001/104 VUs  1m28.0s/2m0s  50.00 iters/s

running (1m34.8s), 000/104 VUs, 4445 complete and 0 interrupted iterations
a1     [  74% ] 000/104 VUs  1m29.0s/2m0s  50.00 iters/s

running (1m35.8s), 001/104 VUs, 4494 complete and 0 interrupted iterations
a1     [  75% ] 001/104 VUs  1m30.0s/2m0s  50.00 iters/s

running (1m36.8s), 000/104 VUs, 4545 complete and 0 interrupted iterations
a1     [  76% ] 000/104 VUs  1m31.0s/2m0s  50.00 iters/s

running (1m37.8s), 001/104 VUs, 4594 complete and 0 interrupted iterations
a1     [  77% ] 001/104 VUs  1m32.0s/2m0s  50.00 iters/s

running (1m41.8s), 000/104 VUs, 4645 complete and 0 interrupted iterations
a1     [  77% ] 000/104 VUs  1m33.0s/2m0s  50.00 iters/s

running (1m42.8s), 000/104 VUs, 4695 complete and 0 interrupted iterations
a1     [  78% ] 000/104 VUs  1m34.0s/2m0s  50.00 iters/s

running (1m43.8s), 000/104 VUs, 4745 complete and 0 interrupted iterations
a1     [  79% ] 000/104 VUs  1m35.0s/2m0s  50.00 iters/s

running (1m44.8s), 000/104 VUs, 4795 complete and 0 interrupted iterations
a1     [  80% ] 000/104 VUs  1m36.0s/2m0s  50.00 iters/s

running (1m45.8s), 000/104 VUs, 4845 complete and 0 interrupted iterations
a1     [  81% ] 000/104 VUs  1m37.0s/2m0s  50.00 iters/s

running (1m46.8s), 000/104 VUs, 4895 complete and 0 interrupted iterations
a1     [  82% ] 000/104 VUs  1m38.0s/2m0s  50.00 iters/s

running (1m47.8s), 000/104 VUs, 4945 complete and 0 interrupted iterations
a1     [  82% ] 000/104 VUs  1m39.0s/2m0s  50.00 iters/s

running (1m48.8s), 001/104 VUs, 4994 complete and 0 interrupted iterations
a1     [  83% ] 001/104 VUs  1m40.0s/2m0s  50.00 iters/s

running (1m49.8s), 001/104 VUs, 5044 complete and 0 interrupted iterations
a1     [  84% ] 001/104 VUs  1m41.0s/2m0s  50.00 iters/s

running (1m50.8s), 001/104 VUs, 5094 complete and 0 interrupted iterations
a1     [  85% ] 001/104 VUs  1m42.0s/2m0s  50.00 iters/s

running (1m51.8s), 001/104 VUs, 5144 complete and 0 interrupted iterations
a1     [  86% ] 001/104 VUs  1m43.0s/2m0s  50.00 iters/s

running (1m52.8s), 001/104 VUs, 5194 complete and 0 interrupted iterations
a1     [  87% ] 001/104 VUs  1m44.0s/2m0s  50.00 iters/s

running (1m53.8s), 001/104 VUs, 5244 complete and 0 interrupted iterations
a1     [  87% ] 001/104 VUs  1m45.0s/2m0s  50.00 iters/s

running (1m54.8s), 001/104 VUs, 5294 complete and 0 interrupted iterations
a1     [  88% ] 001/104 VUs  1m46.0s/2m0s  50.00 iters/s

running (1m55.8s), 001/104 VUs, 5344 complete and 0 interrupted iterations
a1     [  89% ] 001/104 VUs  1m47.0s/2m0s  50.00 iters/s

running (1m56.8s), 001/104 VUs, 5394 complete and 0 interrupted iterations
a1     [  90% ] 001/104 VUs  1m48.0s/2m0s  50.00 iters/s

running (1m57.8s), 000/104 VUs, 5445 complete and 0 interrupted iterations
a1     [  91% ] 000/104 VUs  1m49.0s/2m0s  50.00 iters/s

running (1m58.8s), 000/104 VUs, 5495 complete and 0 interrupted iterations
a1     [  92% ] 000/104 VUs  1m50.0s/2m0s  50.00 iters/s

running (1m59.8s), 001/104 VUs, 5544 complete and 0 interrupted iterations
a1     [  92% ] 001/104 VUs  1m51.0s/2m0s  50.00 iters/s
time="2026-09-04T10:57:35+05:00" level=warning msg="The test has generated metrics with 100003 unique time series, which is higher than the suggested limit of 100000 and could cause high memory usage. Consider not using high-cardinality values like unique IDs as metric tags or, if you need them in the URL, use the name metric tag or URL grouping. See https://grafana.com/docs/k6/latest/using-k6/tags-and-groups/ for details." component=metrics-engine-ingester

running (2m00.8s), 000/104 VUs, 5595 complete and 0 interrupted iterations
a1     [  93% ] 000/104 VUs  1m52.0s/2m0s  50.00 iters/s

running (2m01.8s), 000/104 VUs, 5645 complete and 0 interrupted iterations
a1     [  94% ] 000/104 VUs  1m53.0s/2m0s  50.00 iters/s

running (2m02.8s), 000/104 VUs, 5695 complete and 0 interrupted iterations
a1     [  95% ] 000/104 VUs  1m54.0s/2m0s  50.00 iters/s

running (2m03.8s), 001/104 VUs, 5744 complete and 0 interrupted iterations
a1     [  96% ] 001/104 VUs  1m55.0s/2m0s  50.00 iters/s

running (2m04.8s), 000/104 VUs, 5795 complete and 0 interrupted iterations
a1     [  97% ] 000/104 VUs  1m56.0s/2m0s  50.00 iters/s

running (2m05.8s), 001/104 VUs, 5844 complete and 0 interrupted iterations
a1     [  97% ] 001/104 VUs  1m57.0s/2m0s  50.00 iters/s

running (2m06.8s), 000/104 VUs, 5895 complete and 0 interrupted iterations
a1     [  98% ] 000/104 VUs  1m58.0s/2m0s  50.00 iters/s

running (2m07.8s), 000/104 VUs, 5945 complete and 0 interrupted iterations
a1     [  99% ] 000/104 VUs  1m59.0s/2m0s  50.00 iters/s

running (2m08.8s), 000/104 VUs, 5995 complete and 0 interrupted iterations
a1     [ 100% ] 000/104 VUs  2m00.0s/2m0s  50.00 iters/s


  █ THRESHOLDS 

    http_req_failed
    ✓ 'rate<0.05' rate=0.00%


  █ TOTAL RESULTS 

    checks_total.......: 17991   139.670245/s
    checks_succeeded...: 100.00% 17991 out of 17991
    checks_failed......: 0.00%   0 out of 17991

    ✓ initiated
    ✓ validated
    ✓ terminal

    CUSTOM
    a1_lifecycle_duration..........: avg=36.85ms min=8ms    med=14ms    p(95)=25ms    p(99)=1.09s    max=2.94s
    a1_lifecycles_completed........: 5997   46.556748/s
    a1_transitions_committed.......: 17991  139.670245/s

    HTTP
    http_req_duration..............: avg=12.14ms min=2.34ms med=4.56ms  p(95)=8.52ms  p(99)=163.08ms max=2.93s
      { expected_response:true }...: avg=12.14ms min=2.34ms med=4.56ms  p(95)=8.52ms  p(99)=163.08ms max=2.93s
    http_req_failed................: 0.00%  0 out of 17991
    http_reqs......................: 17991  139.670245/s

    EXECUTION
    dropped_iterations.............: 4      0.031053/s
    iteration_duration.............: avg=36.43ms min=8.82ms med=14.26ms p(95)=24.66ms p(99)=1.06s    max=2.31s
    iterations.....................: 5997   46.556748/s
    vus............................: 0      min=0          max=99 
    vus_max........................: 104    min=100        max=104

    NETWORK
    data_received..................: 6.8 MB 53 kB/s
    data_sent......................: 3.8 MB 30 kB/s




running (2m08.8s), 000/104 VUs, 5997 complete and 0 interrupted iterations
a1   ✓ [ 100% ] 000/104 VUs  2m0s  50.00 iters/s
