[10:28:09] === RUN CDC-C2N0OFF-r3-20260909102809 ===
[10:28:09] mode=CDC profile=C2N0OFF rep=3 tps=50 duration=180s fault=none
[10:28:09] jar: target/master-thesis-observability-0.0.1-SNAPSHOT.jar
[10:28:09] workload tozalanmoqda (reference saqlanadi)
workload reset; reference data preserved
AQ backlog purged: 0 -> 0
[10:28:10] Kafka topigi qayta yaratilmoqda
[10:28:19] ilova ishga tushirilmoqda (mode=CDC)
[10:28:33] ilova tayyor (pid 2068844)
[10:28:33] --no-connector: konnektorsiz ishlatilmoqda (C2 bazaviy sharti)
[10:28:36] k6 yuklamasi boshlandi
[10:28:37] k6 nolga teng bo'lmagan kod bilan tugadi (natija baribir tahlil qilinadi)
[10:28:37] pipeline bo'shashi kutilmoqda (maks 120s)
[10:28:47] pipeline bo'sh (4s, sink=0 xabar)
[10:28:58] ground truth eksport qilinmoqda
[10:28:58] Kafka topigi eksport qilinmoqda
[10:29:25] tahlil
{
  "mode": "CDC",
  "profile": "C2N0OFF",
  "rep": "3",
  "fault": "none",
  "ground_truth_transitions": 0,
  "delivered_distinct": 0,
  "delivered_total": 0,
  "matched": 0,
  "missing": 0,
  "phantom": 0,
  "malformed": 0,
  "loss_rate": 0.0,
  "loss_rate_ppm": 0.0,
  "duplicate_rate": 0.0,
  "ordering_violation_rate": 0.0,
  "txns_split_across_partitions": 0,
  "latency_ms_p50": null,
  "latency_ms_p95": null,
  "latency_ms_p99": null,
  "latency_ms_max": null,
  "latency_ms_mean": null,
  "latency_samples": 0,
  "latency_negative_samples": 0
}
[10:29:25] ilova va konnektor to'xtatilmoqda
[10:29:29] === TUGADI: results/CDC-C2N0OFF-r3-20260909102809 ===
