[15:09:56] === RUN CDC-C2N2OFF-r3-20260909150956 ===
[15:09:56] mode=CDC profile=C2N2OFF rep=3 tps=50 duration=180s fault=none
[15:09:56] jar: target/master-thesis-observability-0.0.1-SNAPSHOT.jar
[15:09:56] arxiv redo tozalanmoqda
[15:09:56] workload tozalanmoqda (reference saqlanadi)
workload reset; reference data preserved
AQ backlog purged: 0 -> 0
[15:09:57] Kafka topigi qayta yaratilmoqda
[15:10:07] ilova ishga tushirilmoqda (mode=CDC)
[15:10:23] ilova tayyor (pid 2521981)
[15:10:23] --no-connector: konnektorsiz ishlatilmoqda (C2 bazaviy sharti)
[15:10:27] k6 yuklamasi boshlandi
[15:13:28] k6 iteratsiyalari: 9001
[15:13:28] pipeline bo'shashi kutilmoqda (maks 120s)
[15:19:44] OGOHLANTIRISH: pipeline 120s ichida bo'shamadi (db_pending=0 sink=0) - LOSS raqamlari ishonchsiz
[15:19:54] ground truth eksport qilinmoqda
[15:19:55] Kafka topigi eksport qilinmoqda
[15:20:22] tahlil
{
  "mode": "CDC",
  "profile": "C2N2OFF",
  "rep": "3",
  "fault": "none",
  "ground_truth_transitions": 27003,
  "delivered_distinct": 0,
  "delivered_total": 0,
  "matched": 0,
  "missing": 27003,
  "phantom": 0,
  "malformed": 0,
  "loss_rate": 1.0,
  "loss_rate_ppm": 1000000.0,
  "duplicate_rate": 0.0,
  "ordering_violation_rate": 0.0,
  "txns_split_across_partitions": 0,
  "latency_ms_p50": null,
  "latency_ms_p95": null,
  "latency_ms_p99": null,
  "latency_ms_max": null,
  "latency_ms_mean": null,
  "latency_samples": 0,
  "latency_negative_samples": 0
}
[15:20:22] ilova va konnektor to'xtatilmoqda
[15:20:28] === TUGADI: results/CDC-C2N2OFF-r3-20260909150956 ===
