
         /\      Grafana   /‾‾/  
    /\  /  \     |\  __   /  /   
   /  \/    \    | |/ /  /   ‾‾\ 
  /          \   |   (  |  (‾)  |
 / __________ \  |_|\_\  \_____/ 


     execution: local
        script: harness/k6/a1-workload.js
        output: -

     scenarios: (100.00%) 1 scenario, 600 max VUs, 3m30s max duration (incl. graceful stop):
              * a1: 50.00 iterations/s for 3m0s (maxVUs: 100-600, gracefulStop: 30s)


running (0m01.0s), 019/100 VUs, 29 complete and 0 interrupted iterations
a1     [   1% ] 019/100 VUs  0m01.0s/3m0s  50.00 iters/s

running (0m02.0s), 001/100 VUs, 97 complete and 0 interrupted iterations
a1     [   1% ] 001/100 VUs  0m02.0s/3m0s  50.00 iters/s

running (0m03.0s), 001/100 VUs, 147 complete and 0 interrupted iterations
a1     [   2% ] 001/100 VUs  0m03.0s/3m0s  50.00 iters/s

running (0m04.0s), 001/100 VUs, 197 complete and 0 interrupted iterations
a1     [   2% ] 001/100 VUs  0m04.0s/3m0s  50.00 iters/s

running (0m05.0s), 001/100 VUs, 247 complete and 0 interrupted iterations
a1     [   3% ] 001/100 VUs  0m05.0s/3m0s  50.00 iters/s

running (0m06.0s), 001/100 VUs, 297 complete and 0 interrupted iterations
a1     [   3% ] 001/100 VUs  0m06.0s/3m0s  50.00 iters/s

running (0m07.0s), 001/100 VUs, 347 complete and 0 interrupted iterations
a1     [   4% ] 001/100 VUs  0m07.0s/3m0s  50.00 iters/s

running (0m08.0s), 002/100 VUs, 396 complete and 0 interrupted iterations
a1     [   4% ] 002/100 VUs  0m08.0s/3m0s  50.00 iters/s

running (0m09.0s), 001/100 VUs, 447 complete and 0 interrupted iterations
a1     [   5% ] 001/100 VUs  0m09.0s/3m0s  50.00 iters/s

running (0m10.0s), 001/100 VUs, 497 complete and 0 interrupted iterations
a1     [   6% ] 001/100 VUs  0m10.0s/3m0s  50.00 iters/s

running (0m11.0s), 002/100 VUs, 546 complete and 0 interrupted iterations
a1     [   6% ] 002/100 VUs  0m11.0s/3m0s  50.00 iters/s

running (0m12.0s), 000/100 VUs, 598 complete and 0 interrupted iterations
a1     [   7% ] 000/100 VUs  0m12.0s/3m0s  50.00 iters/s

running (0m13.0s), 000/100 VUs, 648 complete and 0 interrupted iterations
a1     [   7% ] 000/100 VUs  0m13.0s/3m0s  50.00 iters/s

running (0m14.0s), 001/100 VUs, 697 complete and 0 interrupted iterations
a1     [   8% ] 001/100 VUs  0m14.0s/3m0s  50.00 iters/s

running (0m15.0s), 001/100 VUs, 747 complete and 0 interrupted iterations
a1     [   8% ] 001/100 VUs  0m15.0s/3m0s  50.00 iters/s

running (0m16.0s), 000/100 VUs, 798 complete and 0 interrupted iterations
a1     [   9% ] 000/100 VUs  0m16.0s/3m0s  50.00 iters/s

running (0m17.0s), 000/100 VUs, 848 complete and 0 interrupted iterations
a1     [   9% ] 000/100 VUs  0m17.0s/3m0s  50.00 iters/s

running (0m18.0s), 003/100 VUs, 895 complete and 0 interrupted iterations
a1     [  10% ] 003/100 VUs  0m18.0s/3m0s  50.00 iters/s

running (0m19.0s), 000/100 VUs, 948 complete and 0 interrupted iterations
a1     [  11% ] 000/100 VUs  0m19.0s/3m0s  50.00 iters/s

running (0m20.0s), 000/100 VUs, 998 complete and 0 interrupted iterations
a1     [  11% ] 000/100 VUs  0m20.0s/3m0s  50.00 iters/s

running (0m21.0s), 004/100 VUs, 1044 complete and 0 interrupted iterations
a1     [  12% ] 004/100 VUs  0m21.0s/3m0s  50.00 iters/s

running (0m22.0s), 001/100 VUs, 1097 complete and 0 interrupted iterations
a1     [  12% ] 001/100 VUs  0m22.0s/3m0s  50.00 iters/s

running (0m23.0s), 000/100 VUs, 1148 complete and 0 interrupted iterations
a1     [  13% ] 000/100 VUs  0m23.0s/3m0s  50.00 iters/s

running (0m24.0s), 000/100 VUs, 1198 complete and 0 interrupted iterations
a1     [  13% ] 000/100 VUs  0m24.0s/3m0s  50.00 iters/s

running (0m25.0s), 000/100 VUs, 1248 complete and 0 interrupted iterations
a1     [  14% ] 000/100 VUs  0m25.0s/3m0s  50.00 iters/s

running (0m26.0s), 000/100 VUs, 1298 complete and 0 interrupted iterations
a1     [  14% ] 000/100 VUs  0m26.0s/3m0s  50.00 iters/s

running (0m27.0s), 000/100 VUs, 1348 complete and 0 interrupted iterations
a1     [  15% ] 000/100 VUs  0m27.0s/3m0s  50.00 iters/s

running (0m28.0s), 004/100 VUs, 1394 complete and 0 interrupted iterations
a1     [  16% ] 004/100 VUs  0m28.0s/3m0s  50.00 iters/s

running (0m29.0s), 000/100 VUs, 1448 complete and 0 interrupted iterations
a1     [  16% ] 000/100 VUs  0m29.0s/3m0s  50.00 iters/s

running (0m30.0s), 000/100 VUs, 1498 complete and 0 interrupted iterations
a1     [  17% ] 000/100 VUs  0m30.0s/3m0s  50.00 iters/s

running (0m31.0s), 005/100 VUs, 1543 complete and 0 interrupted iterations
a1     [  17% ] 005/100 VUs  0m31.0s/3m0s  50.00 iters/s

running (0m32.0s), 001/100 VUs, 1597 complete and 0 interrupted iterations
a1     [  18% ] 001/100 VUs  0m32.0s/3m0s  50.00 iters/s

running (0m33.0s), 000/100 VUs, 1648 complete and 0 interrupted iterations
a1     [  18% ] 000/100 VUs  0m33.0s/3m0s  50.00 iters/s

running (0m34.0s), 005/100 VUs, 1693 complete and 0 interrupted iterations
a1     [  19% ] 005/100 VUs  0m34.0s/3m0s  50.00 iters/s

running (0m35.0s), 000/100 VUs, 1748 complete and 0 interrupted iterations
a1     [  19% ] 000/100 VUs  0m35.0s/3m0s  50.00 iters/s

running (0m36.0s), 001/100 VUs, 1797 complete and 0 interrupted iterations
a1     [  20% ] 001/100 VUs  0m36.0s/3m0s  50.00 iters/s

running (0m37.0s), 000/100 VUs, 1848 complete and 0 interrupted iterations
a1     [  21% ] 000/100 VUs  0m37.0s/3m0s  50.00 iters/s

running (0m38.0s), 006/100 VUs, 1892 complete and 0 interrupted iterations
a1     [  21% ] 006/100 VUs  0m38.0s/3m0s  50.00 iters/s

running (0m39.0s), 000/100 VUs, 1948 complete and 0 interrupted iterations
a1     [  22% ] 000/100 VUs  0m39.0s/3m0s  50.00 iters/s

running (0m40.0s), 000/100 VUs, 1998 complete and 0 interrupted iterations
a1     [  22% ] 000/100 VUs  0m40.0s/3m0s  50.00 iters/s

running (0m41.0s), 006/100 VUs, 2042 complete and 0 interrupted iterations
a1     [  23% ] 006/100 VUs  0m41.0s/3m0s  50.00 iters/s

running (0m42.0s), 000/100 VUs, 2098 complete and 0 interrupted iterations
a1     [  23% ] 000/100 VUs  0m42.0s/3m0s  50.00 iters/s

running (0m43.0s), 002/100 VUs, 2146 complete and 0 interrupted iterations
a1     [  24% ] 002/100 VUs  0m43.0s/3m0s  50.00 iters/s

running (0m44.0s), 007/100 VUs, 2191 complete and 0 interrupted iterations
a1     [  24% ] 007/100 VUs  0m44.0s/3m0s  50.00 iters/s

running (0m45.0s), 000/100 VUs, 2248 complete and 0 interrupted iterations
a1     [  25% ] 000/100 VUs  0m45.0s/3m0s  50.00 iters/s

running (0m46.0s), 000/100 VUs, 2298 complete and 0 interrupted iterations
a1     [  26% ] 000/100 VUs  0m46.0s/3m0s  50.00 iters/s

running (0m47.0s), 001/100 VUs, 2347 complete and 0 interrupted iterations
a1     [  26% ] 001/100 VUs  0m47.0s/3m0s  50.00 iters/s

running (0m48.0s), 000/100 VUs, 2398 complete and 0 interrupted iterations
a1     [  27% ] 000/100 VUs  0m48.0s/3m0s  50.00 iters/s

running (0m49.0s), 000/100 VUs, 2448 complete and 0 interrupted iterations
a1     [  27% ] 000/100 VUs  0m49.0s/3m0s  50.00 iters/s

running (0m50.0s), 000/100 VUs, 2498 complete and 0 interrupted iterations
a1     [  28% ] 000/100 VUs  0m50.0s/3m0s  50.00 iters/s

running (0m51.0s), 001/100 VUs, 2547 complete and 0 interrupted iterations
a1     [  28% ] 001/100 VUs  0m51.0s/3m0s  50.00 iters/s

running (0m52.0s), 000/100 VUs, 2598 complete and 0 interrupted iterations
a1     [  29% ] 000/100 VUs  0m52.0s/3m0s  50.00 iters/s

running (0m53.0s), 000/100 VUs, 2648 complete and 0 interrupted iterations
a1     [  29% ] 000/100 VUs  0m53.0s/3m0s  50.00 iters/s

running (0m54.0s), 008/100 VUs, 2690 complete and 0 interrupted iterations
a1     [  30% ] 008/100 VUs  0m54.0s/3m0s  50.00 iters/s

running (0m55.0s), 000/100 VUs, 2748 complete and 0 interrupted iterations
a1     [  31% ] 000/100 VUs  0m55.0s/3m0s  50.00 iters/s

running (0m56.0s), 000/100 VUs, 2798 complete and 0 interrupted iterations
a1     [  31% ] 000/100 VUs  0m56.0s/3m0s  50.00 iters/s

running (0m57.0s), 001/100 VUs, 2847 complete and 0 interrupted iterations
a1     [  32% ] 001/100 VUs  0m57.0s/3m0s  50.00 iters/s

running (0m58.0s), 042/100 VUs, 2856 complete and 0 interrupted iterations
a1     [  32% ] 042/100 VUs  0m58.0s/3m0s  50.00 iters/s

running (0m59.0s), 092/100 VUs, 2856 complete and 0 interrupted iterations
a1     [  33% ] 092/100 VUs  0m59.0s/3m0s  50.00 iters/s

running (1m00.0s), 121/121 VUs, 2856 complete and 0 interrupted iterations
a1     [  33% ] 121/121 VUs  1m00.0s/3m0s  50.00 iters/s

running (1m01.0s), 146/146 VUs, 2856 complete and 0 interrupted iterations
a1     [  34% ] 146/146 VUs  1m01.0s/3m0s  50.00 iters/s

running (1m02.0s), 000/156 VUs, 3042 complete and 0 interrupted iterations
a1     [  34% ] 000/156 VUs  1m02.0s/3m0s  50.00 iters/s

running (1m03.0s), 001/156 VUs, 3091 complete and 0 interrupted iterations
a1     [  35% ] 001/156 VUs  1m03.0s/3m0s  50.00 iters/s

running (1m04.0s), 001/156 VUs, 3141 complete and 0 interrupted iterations
a1     [  36% ] 001/156 VUs  1m04.0s/3m0s  50.00 iters/s

running (1m05.0s), 001/156 VUs, 3191 complete and 0 interrupted iterations
a1     [  36% ] 001/156 VUs  1m05.0s/3m0s  50.00 iters/s

running (1m06.0s), 001/156 VUs, 3241 complete and 0 interrupted iterations
a1     [  37% ] 001/156 VUs  1m06.0s/3m0s  50.00 iters/s

running (1m07.0s), 001/156 VUs, 3291 complete and 0 interrupted iterations
a1     [  37% ] 001/156 VUs  1m07.0s/3m0s  50.00 iters/s

running (1m08.0s), 000/156 VUs, 3342 complete and 0 interrupted iterations
a1     [  38% ] 000/156 VUs  1m08.0s/3m0s  50.00 iters/s

running (1m09.0s), 000/156 VUs, 3392 complete and 0 interrupted iterations
a1     [  38% ] 000/156 VUs  1m09.0s/3m0s  50.00 iters/s

running (1m10.0s), 000/156 VUs, 3442 complete and 0 interrupted iterations
a1     [  39% ] 000/156 VUs  1m10.0s/3m0s  50.00 iters/s

running (1m11.0s), 000/156 VUs, 3492 complete and 0 interrupted iterations
a1     [  39% ] 000/156 VUs  1m11.0s/3m0s  50.00 iters/s

running (1m12.0s), 000/156 VUs, 3542 complete and 0 interrupted iterations
a1     [  40% ] 000/156 VUs  1m12.0s/3m0s  50.00 iters/s

running (1m13.0s), 000/156 VUs, 3592 complete and 0 interrupted iterations
a1     [  41% ] 000/156 VUs  1m13.0s/3m0s  50.00 iters/s

running (1m14.0s), 000/156 VUs, 3642 complete and 0 interrupted iterations
a1     [  41% ] 000/156 VUs  1m14.0s/3m0s  50.00 iters/s

running (1m15.0s), 001/156 VUs, 3691 complete and 0 interrupted iterations
a1     [  42% ] 001/156 VUs  1m15.0s/3m0s  50.00 iters/s

running (1m16.0s), 000/156 VUs, 3742 complete and 0 interrupted iterations
a1     [  42% ] 000/156 VUs  1m16.0s/3m0s  50.00 iters/s

running (1m17.0s), 000/156 VUs, 3792 complete and 0 interrupted iterations
a1     [  43% ] 000/156 VUs  1m17.0s/3m0s  50.00 iters/s

running (1m18.0s), 000/156 VUs, 3842 complete and 0 interrupted iterations
a1     [  43% ] 000/156 VUs  1m18.0s/3m0s  50.00 iters/s

running (1m19.0s), 001/156 VUs, 3891 complete and 0 interrupted iterations
a1     [  44% ] 001/156 VUs  1m19.0s/3m0s  50.00 iters/s

running (1m20.0s), 000/156 VUs, 3942 complete and 0 interrupted iterations
a1     [  44% ] 000/156 VUs  1m20.0s/3m0s  50.00 iters/s

running (1m21.0s), 000/156 VUs, 3992 complete and 0 interrupted iterations
a1     [  45% ] 000/156 VUs  1m21.0s/3m0s  50.00 iters/s

running (1m22.0s), 000/156 VUs, 4042 complete and 0 interrupted iterations
a1     [  46% ] 000/156 VUs  1m22.0s/3m0s  50.00 iters/s

running (1m23.0s), 000/156 VUs, 4092 complete and 0 interrupted iterations
a1     [  46% ] 000/156 VUs  1m23.0s/3m0s  50.00 iters/s

running (1m24.0s), 001/156 VUs, 4141 complete and 0 interrupted iterations
a1     [  47% ] 001/156 VUs  1m24.0s/3m0s  50.00 iters/s

running (1m25.0s), 000/156 VUs, 4192 complete and 0 interrupted iterations
a1     [  47% ] 000/156 VUs  1m25.0s/3m0s  50.00 iters/s

running (1m26.0s), 000/156 VUs, 4242 complete and 0 interrupted iterations
a1     [  48% ] 000/156 VUs  1m26.0s/3m0s  50.00 iters/s

running (1m27.0s), 001/156 VUs, 4291 complete and 0 interrupted iterations
a1     [  48% ] 001/156 VUs  1m27.0s/3m0s  50.00 iters/s

running (1m28.0s), 000/156 VUs, 4342 complete and 0 interrupted iterations
a1     [  49% ] 000/156 VUs  1m28.0s/3m0s  50.00 iters/s

running (1m29.0s), 000/156 VUs, 4392 complete and 0 interrupted iterations
a1     [  49% ] 000/156 VUs  1m29.0s/3m0s  50.00 iters/s

running (1m30.0s), 001/156 VUs, 4441 complete and 0 interrupted iterations
a1     [  50% ] 001/156 VUs  1m30.0s/3m0s  50.00 iters/s

running (1m31.0s), 000/156 VUs, 4492 complete and 0 interrupted iterations
a1     [  51% ] 000/156 VUs  1m31.0s/3m0s  50.00 iters/s

running (1m32.0s), 000/156 VUs, 4542 complete and 0 interrupted iterations
a1     [  51% ] 000/156 VUs  1m32.0s/3m0s  50.00 iters/s

running (1m33.0s), 000/156 VUs, 4592 complete and 0 interrupted iterations
a1     [  52% ] 000/156 VUs  1m33.0s/3m0s  50.00 iters/s

running (1m34.0s), 000/156 VUs, 4642 complete and 0 interrupted iterations
a1     [  52% ] 000/156 VUs  1m34.0s/3m0s  50.00 iters/s

running (1m35.0s), 000/156 VUs, 4692 complete and 0 interrupted iterations
a1     [  53% ] 000/156 VUs  1m35.0s/3m0s  50.00 iters/s

running (1m36.0s), 001/156 VUs, 4741 complete and 0 interrupted iterations
a1     [  53% ] 001/156 VUs  1m36.0s/3m0s  50.00 iters/s

running (1m37.0s), 001/156 VUs, 4791 complete and 0 interrupted iterations
a1     [  54% ] 001/156 VUs  1m37.0s/3m0s  50.00 iters/s

running (1m38.0s), 000/156 VUs, 4842 complete and 0 interrupted iterations
a1     [  54% ] 000/156 VUs  1m38.0s/3m0s  50.00 iters/s

running (1m39.0s), 000/156 VUs, 4892 complete and 0 interrupted iterations
a1     [  55% ] 000/156 VUs  1m39.0s/3m0s  50.00 iters/s

running (1m40.0s), 000/156 VUs, 4942 complete and 0 interrupted iterations
a1     [  56% ] 000/156 VUs  1m40.0s/3m0s  50.00 iters/s

running (1m41.0s), 000/156 VUs, 4992 complete and 0 interrupted iterations
a1     [  56% ] 000/156 VUs  1m41.0s/3m0s  50.00 iters/s

running (1m42.0s), 000/156 VUs, 5042 complete and 0 interrupted iterations
a1     [  57% ] 000/156 VUs  1m42.0s/3m0s  50.00 iters/s

running (1m43.0s), 000/156 VUs, 5092 complete and 0 interrupted iterations
a1     [  57% ] 000/156 VUs  1m43.0s/3m0s  50.00 iters/s

running (1m44.0s), 000/156 VUs, 5142 complete and 0 interrupted iterations
a1     [  58% ] 000/156 VUs  1m44.0s/3m0s  50.00 iters/s

running (1m45.0s), 000/156 VUs, 5192 complete and 0 interrupted iterations
a1     [  58% ] 000/156 VUs  1m45.0s/3m0s  50.00 iters/s

running (1m46.0s), 000/156 VUs, 5242 complete and 0 interrupted iterations
a1     [  59% ] 000/156 VUs  1m46.0s/3m0s  50.00 iters/s

running (1m47.0s), 000/156 VUs, 5292 complete and 0 interrupted iterations
a1     [  59% ] 000/156 VUs  1m47.0s/3m0s  50.00 iters/s

running (1m48.0s), 000/156 VUs, 5342 complete and 0 interrupted iterations
a1     [  60% ] 000/156 VUs  1m48.0s/3m0s  50.00 iters/s

running (1m49.0s), 000/156 VUs, 5392 complete and 0 interrupted iterations
a1     [  61% ] 000/156 VUs  1m49.0s/3m0s  50.00 iters/s

running (1m50.0s), 000/156 VUs, 5442 complete and 0 interrupted iterations
a1     [  61% ] 000/156 VUs  1m50.0s/3m0s  50.00 iters/s

running (1m51.0s), 000/156 VUs, 5492 complete and 0 interrupted iterations
a1     [  62% ] 000/156 VUs  1m51.0s/3m0s  50.00 iters/s

running (1m52.0s), 000/156 VUs, 5542 complete and 0 interrupted iterations
a1     [  62% ] 000/156 VUs  1m52.0s/3m0s  50.00 iters/s
time="2026-09-09T15:07:10+05:00" level=warning msg="The test has generated metrics with 100048 unique time series, which is higher than the suggested limit of 100000 and could cause high memory usage. Consider not using high-cardinality values like unique IDs as metric tags or, if you need them in the URL, use the name metric tag or URL grouping. See https://grafana.com/docs/k6/latest/using-k6/tags-and-groups/ for details." component=metrics-engine-ingester

running (1m53.0s), 000/156 VUs, 5592 complete and 0 interrupted iterations
a1     [  63% ] 000/156 VUs  1m53.0s/3m0s  50.00 iters/s

running (1m54.0s), 000/156 VUs, 5642 complete and 0 interrupted iterations
a1     [  63% ] 000/156 VUs  1m54.0s/3m0s  50.00 iters/s

running (1m55.0s), 000/156 VUs, 5692 complete and 0 interrupted iterations
a1     [  64% ] 000/156 VUs  1m55.0s/3m0s  50.00 iters/s

running (1m56.0s), 000/156 VUs, 5742 complete and 0 interrupted iterations
a1     [  64% ] 000/156 VUs  1m56.0s/3m0s  50.00 iters/s

running (1m57.0s), 000/156 VUs, 5792 complete and 0 interrupted iterations
a1     [  65% ] 000/156 VUs  1m57.0s/3m0s  50.00 iters/s

running (1m58.0s), 000/156 VUs, 5842 complete and 0 interrupted iterations
a1     [  66% ] 000/156 VUs  1m58.0s/3m0s  50.00 iters/s

running (1m59.0s), 000/156 VUs, 5892 complete and 0 interrupted iterations
a1     [  66% ] 000/156 VUs  1m59.0s/3m0s  50.00 iters/s

running (2m00.0s), 000/156 VUs, 5942 complete and 0 interrupted iterations
a1     [  67% ] 000/156 VUs  2m00.0s/3m0s  50.00 iters/s

running (2m01.0s), 000/156 VUs, 5992 complete and 0 interrupted iterations
a1     [  67% ] 000/156 VUs  2m01.0s/3m0s  50.00 iters/s

running (2m02.0s), 000/156 VUs, 6042 complete and 0 interrupted iterations
a1     [  68% ] 000/156 VUs  2m02.0s/3m0s  50.00 iters/s

running (2m03.0s), 000/156 VUs, 6092 complete and 0 interrupted iterations
a1     [  68% ] 000/156 VUs  2m03.0s/3m0s  50.00 iters/s

running (2m04.0s), 000/156 VUs, 6142 complete and 0 interrupted iterations
a1     [  69% ] 000/156 VUs  2m04.0s/3m0s  50.00 iters/s

running (2m05.0s), 000/156 VUs, 6192 complete and 0 interrupted iterations
a1     [  69% ] 000/156 VUs  2m05.0s/3m0s  50.00 iters/s

running (2m06.0s), 000/156 VUs, 6242 complete and 0 interrupted iterations
a1     [  70% ] 000/156 VUs  2m06.0s/3m0s  50.00 iters/s

running (2m07.0s), 000/156 VUs, 6292 complete and 0 interrupted iterations
a1     [  71% ] 000/156 VUs  2m07.0s/3m0s  50.00 iters/s

running (2m08.0s), 000/156 VUs, 6342 complete and 0 interrupted iterations
a1     [  71% ] 000/156 VUs  2m08.0s/3m0s  50.00 iters/s

running (2m09.0s), 000/156 VUs, 6392 complete and 0 interrupted iterations
a1     [  72% ] 000/156 VUs  2m09.0s/3m0s  50.00 iters/s

running (2m10.0s), 000/156 VUs, 6442 complete and 0 interrupted iterations
a1     [  72% ] 000/156 VUs  2m10.0s/3m0s  50.00 iters/s

running (2m11.0s), 000/156 VUs, 6492 complete and 0 interrupted iterations
a1     [  73% ] 000/156 VUs  2m11.0s/3m0s  50.00 iters/s

running (2m12.0s), 000/156 VUs, 6542 complete and 0 interrupted iterations
a1     [  73% ] 000/156 VUs  2m12.0s/3m0s  50.00 iters/s

running (2m13.0s), 000/156 VUs, 6592 complete and 0 interrupted iterations
a1     [  74% ] 000/156 VUs  2m13.0s/3m0s  50.00 iters/s

running (2m14.0s), 000/156 VUs, 6642 complete and 0 interrupted iterations
a1     [  74% ] 000/156 VUs  2m14.0s/3m0s  50.00 iters/s

running (2m15.0s), 000/156 VUs, 6692 complete and 0 interrupted iterations
a1     [  75% ] 000/156 VUs  2m15.0s/3m0s  50.00 iters/s

running (2m16.0s), 000/156 VUs, 6742 complete and 0 interrupted iterations
a1     [  76% ] 000/156 VUs  2m16.0s/3m0s  50.00 iters/s

running (2m17.0s), 000/156 VUs, 6792 complete and 0 interrupted iterations
a1     [  76% ] 000/156 VUs  2m17.0s/3m0s  50.00 iters/s

running (2m18.0s), 000/156 VUs, 6842 complete and 0 interrupted iterations
a1     [  77% ] 000/156 VUs  2m18.0s/3m0s  50.00 iters/s

running (2m19.0s), 000/156 VUs, 6892 complete and 0 interrupted iterations
a1     [  77% ] 000/156 VUs  2m19.0s/3m0s  50.00 iters/s

running (2m20.0s), 000/156 VUs, 6942 complete and 0 interrupted iterations
a1     [  78% ] 000/156 VUs  2m20.0s/3m0s  50.00 iters/s

running (2m21.0s), 000/156 VUs, 6992 complete and 0 interrupted iterations
a1     [  78% ] 000/156 VUs  2m21.0s/3m0s  50.00 iters/s

running (2m22.0s), 000/156 VUs, 7042 complete and 0 interrupted iterations
a1     [  79% ] 000/156 VUs  2m22.0s/3m0s  50.00 iters/s

running (2m23.0s), 000/156 VUs, 7092 complete and 0 interrupted iterations
a1     [  79% ] 000/156 VUs  2m23.0s/3m0s  50.00 iters/s

running (2m24.0s), 000/156 VUs, 7142 complete and 0 interrupted iterations
a1     [  80% ] 000/156 VUs  2m24.0s/3m0s  50.00 iters/s

running (2m25.0s), 000/156 VUs, 7192 complete and 0 interrupted iterations
a1     [  81% ] 000/156 VUs  2m25.0s/3m0s  50.00 iters/s

running (2m26.0s), 000/156 VUs, 7242 complete and 0 interrupted iterations
a1     [  81% ] 000/156 VUs  2m26.0s/3m0s  50.00 iters/s

running (2m27.0s), 000/156 VUs, 7292 complete and 0 interrupted iterations
a1     [  82% ] 000/156 VUs  2m27.0s/3m0s  50.00 iters/s

running (2m28.0s), 001/156 VUs, 7341 complete and 0 interrupted iterations
a1     [  82% ] 001/156 VUs  2m28.0s/3m0s  50.00 iters/s

running (2m29.0s), 000/156 VUs, 7392 complete and 0 interrupted iterations
a1     [  83% ] 000/156 VUs  2m29.0s/3m0s  50.00 iters/s

running (2m30.0s), 000/156 VUs, 7442 complete and 0 interrupted iterations
a1     [  83% ] 000/156 VUs  2m30.0s/3m0s  50.00 iters/s

running (2m31.0s), 000/156 VUs, 7492 complete and 0 interrupted iterations
a1     [  84% ] 000/156 VUs  2m31.0s/3m0s  50.00 iters/s

running (2m32.0s), 000/156 VUs, 7542 complete and 0 interrupted iterations
a1     [  84% ] 000/156 VUs  2m32.0s/3m0s  50.00 iters/s

running (2m33.0s), 000/156 VUs, 7592 complete and 0 interrupted iterations
a1     [  85% ] 000/156 VUs  2m33.0s/3m0s  50.00 iters/s

running (2m34.0s), 000/156 VUs, 7642 complete and 0 interrupted iterations
a1     [  86% ] 000/156 VUs  2m34.0s/3m0s  50.00 iters/s

running (2m35.0s), 000/156 VUs, 7692 complete and 0 interrupted iterations
a1     [  86% ] 000/156 VUs  2m35.0s/3m0s  50.00 iters/s

running (2m36.0s), 001/156 VUs, 7741 complete and 0 interrupted iterations
a1     [  87% ] 001/156 VUs  2m36.0s/3m0s  50.00 iters/s

running (2m37.0s), 000/156 VUs, 7792 complete and 0 interrupted iterations
a1     [  87% ] 000/156 VUs  2m37.0s/3m0s  50.00 iters/s

running (2m38.0s), 000/156 VUs, 7842 complete and 0 interrupted iterations
a1     [  88% ] 000/156 VUs  2m38.0s/3m0s  50.00 iters/s

running (2m39.0s), 000/156 VUs, 7892 complete and 0 interrupted iterations
a1     [  88% ] 000/156 VUs  2m39.0s/3m0s  50.00 iters/s

running (2m40.0s), 001/156 VUs, 7941 complete and 0 interrupted iterations
a1     [  89% ] 001/156 VUs  2m40.0s/3m0s  50.00 iters/s

running (2m41.0s), 000/156 VUs, 7992 complete and 0 interrupted iterations
a1     [  89% ] 000/156 VUs  2m41.0s/3m0s  50.00 iters/s

running (2m42.0s), 000/156 VUs, 8042 complete and 0 interrupted iterations
a1     [  90% ] 000/156 VUs  2m42.0s/3m0s  50.00 iters/s

running (2m43.0s), 000/156 VUs, 8092 complete and 0 interrupted iterations
a1     [  91% ] 000/156 VUs  2m43.0s/3m0s  50.00 iters/s

running (2m44.0s), 000/156 VUs, 8142 complete and 0 interrupted iterations
a1     [  91% ] 000/156 VUs  2m44.0s/3m0s  50.00 iters/s

running (2m45.0s), 000/156 VUs, 8192 complete and 0 interrupted iterations
a1     [  92% ] 000/156 VUs  2m45.0s/3m0s  50.00 iters/s

running (2m46.0s), 000/156 VUs, 8242 complete and 0 interrupted iterations
a1     [  92% ] 000/156 VUs  2m46.0s/3m0s  50.00 iters/s

running (2m47.0s), 000/156 VUs, 8292 complete and 0 interrupted iterations
a1     [  93% ] 000/156 VUs  2m47.0s/3m0s  50.00 iters/s

running (2m48.0s), 000/156 VUs, 8342 complete and 0 interrupted iterations
a1     [  93% ] 000/156 VUs  2m48.0s/3m0s  50.00 iters/s

running (2m49.0s), 000/156 VUs, 8392 complete and 0 interrupted iterations
a1     [  94% ] 000/156 VUs  2m49.0s/3m0s  50.00 iters/s

running (2m50.0s), 000/156 VUs, 8442 complete and 0 interrupted iterations
a1     [  94% ] 000/156 VUs  2m50.0s/3m0s  50.00 iters/s

running (2m51.0s), 001/156 VUs, 8491 complete and 0 interrupted iterations
a1     [  95% ] 001/156 VUs  2m51.0s/3m0s  50.00 iters/s

running (2m52.0s), 001/156 VUs, 8541 complete and 0 interrupted iterations
a1     [  96% ] 001/156 VUs  2m52.0s/3m0s  50.00 iters/s

running (2m53.0s), 000/156 VUs, 8592 complete and 0 interrupted iterations
a1     [  96% ] 000/156 VUs  2m53.0s/3m0s  50.00 iters/s

running (2m54.0s), 001/156 VUs, 8641 complete and 0 interrupted iterations
a1     [  97% ] 001/156 VUs  2m54.0s/3m0s  50.00 iters/s

running (2m55.0s), 001/156 VUs, 8691 complete and 0 interrupted iterations
a1     [  97% ] 001/156 VUs  2m55.0s/3m0s  50.00 iters/s

running (2m56.0s), 000/156 VUs, 8742 complete and 0 interrupted iterations
a1     [  98% ] 000/156 VUs  2m56.0s/3m0s  50.00 iters/s

running (2m57.0s), 001/156 VUs, 8791 complete and 0 interrupted iterations
a1     [  98% ] 001/156 VUs  2m57.0s/3m0s  50.00 iters/s

running (2m58.0s), 001/156 VUs, 8841 complete and 0 interrupted iterations
a1     [  99% ] 001/156 VUs  2m58.0s/3m0s  50.00 iters/s

running (2m59.0s), 001/156 VUs, 8891 complete and 0 interrupted iterations
a1     [  99% ] 001/156 VUs  2m59.0s/3m0s  50.00 iters/s

running (3m00.0s), 001/156 VUs, 8941 complete and 0 interrupted iterations
a1     [ 100% ] 001/156 VUs  3m00.0s/3m0s  50.00 iters/s


  █ THRESHOLDS 

    http_req_failed
    ✓ 'rate<0.05' rate=0.00%


  █ TOTAL RESULTS 

    checks_total.......: 26835   149.067979/s
    checks_succeeded...: 100.00% 26835 out of 26835
    checks_failed......: 0.00%   0 out of 26835

    ✓ initiated
    ✓ validated
    ✓ terminal

    CUSTOM
    a1_lifecycle_duration..........: avg=67.62ms min=6ms    med=13ms    p(95)=101ms    p(99)=2.62s    max=4.32s
    a1_lifecycles_completed........: 8945   49.689326/s
    a1_transitions_committed.......: 26835  149.067979/s

    HTTP
    http_req_duration..............: avg=22.36ms min=1.85ms med=3.95ms  p(95)=19.67ms  p(99)=164.71ms max=4.07s
      { expected_response:true }...: avg=22.36ms min=1.85ms med=3.95ms  p(95)=19.67ms  p(99)=164.71ms max=4.07s
    http_req_failed................: 0.00%  0 out of 26835
    http_reqs......................: 26835  149.067979/s

    EXECUTION
    dropped_iterations.............: 56     0.311079/s
    iteration_duration.............: avg=67.66ms min=6.95ms med=12.72ms p(95)=100.93ms p(99)=2.62s    max=4.32s
    iterations.....................: 8945   49.689326/s
    vus............................: 1      min=0          max=146
    vus_max........................: 156    min=100        max=156

    NETWORK
    data_received..................: 10 MB  57 kB/s
    data_sent......................: 5.8 MB 32 kB/s




running (3m00.0s), 000/156 VUs, 8945 complete and 0 interrupted iterations
a1   ✓ [ 100% ] 000/156 VUs  3m0s  50.00 iters/s
