[15:43:38] === RUN HYBRID-P1-r2-F1-20260904154338 ===
[15:43:38] mode=HYBRID profile=P1 rep=2 tps=50 duration=180s fault=F1
[15:43:38] jar: target/master-thesis-observability-0.0.1-SNAPSHOT.jar
[15:43:38] workload tozalanmoqda (reference saqlanadi)
workload reset; reference data preserved
AQ backlog purged: 0 -> 0
[15:43:38] Kafka topigi qayta yaratilmoqda
[15:43:50] ilova ishga tushirilmoqda (mode=HYBRID)
[15:44:00] ilova tayyor (pid 2651586)
[15:44:00] Debezium konnektori ro'yxatdan o'tkazilmoqda (HYBRID, prefix=obsv_hybrid_p1_r2_f1_20260904154338)
konnektor ro'yxatdan o'tkazilmoqda: a1-hybrid-obsv_hybrid_p1_r2_f1_20260904154338 (prefix=obsv_hybrid_p1_r2_f1_20260904154338)
konnektor RUNNING (2s)
streaming tasdiqlanmoqda (heartbeat topigi: __debezium-heartbeat.obsv_hybrid_p1_r2_f1_20260904154338)
streaming tasdiqlandi (1 urinish)
[15:44:07] fault F1 60s dan keyin yuboriladi
[15:44:07] k6 yuklamasi boshlandi
[fault 15:45:13] SIGKILL ilovaga: 2651586
[fault 15:45:23] ilova qayta ishga tushirilmoqda (mode=results/WRAPPER_B3-P1-r91-20260903164920/run.log:WRAPPER_B3)
[fault 15:45:23] F1 tugadi
[15:47:25] k6 nolga teng bo'lmagan kod bilan tugadi (natija baribir tahlil qilinadi)
[15:47:25] pipeline bo'shashi kutilmoqda (maks 120s)
[15:47:35] pipeline bo'sh (4s, sink=8981 xabar)
[15:47:45] ground truth eksport qilinmoqda
[15:47:46] Kafka topigi eksport qilinmoqda
[15:48:40] tahlil
{
  "mode": "HYBRID",
  "profile": "P1",
  "rep": "2",
  "fault": "F1",
  "ground_truth_transitions": 8981,
  "delivered_distinct": 8981,
  "delivered_total": 8981,
  "matched": 8981,
  "missing": 0,
  "phantom": 0,
  "malformed": 0,
  "loss_rate": 0.0,
  "loss_rate_ppm": 0.0,
  "duplicate_rate": 0.0,
  "ordering_violation_rate": 0.0,
  "txns_split_across_partitions": 0,
  "latency_ms_p50": 3186,
  "latency_ms_p95": 6570,
  "latency_ms_p99": 7609,
  "latency_ms_max": 7938,
  "latency_ms_mean": 3344.8,
  "latency_samples": 8981,
  "latency_negative_samples": 0,
  "loss_rate_upper_bound_95_ppm": 334.04
}
[15:48:40] ilova va konnektor to'xtatilmoqda
connector o'chirilmoqda: a1-hybrid-obsv_hybrid_p1_r2_f1_20260904154338
[15:48:43] === TUGADI: results/HYBRID-P1-r2-F1-20260904154338 ===
