
         /\      Grafana   /‾‾/  
    /\  /  \     |\  __   /  /   
   /  \/    \    | |/ /  /   ‾‾\ 
  /          \   |   (  |  (‾)  |
 / __________ \  |_|\_\  \_____/ 


     execution: local
        script: harness/k6/a1-workload.js
        output: -

     scenarios: (100.00%) 1 scenario, 600 max VUs, 2m30s max duration (incl. graceful stop):
              * a1: 50.00 iterations/s for 2m0s (maxVUs: 100-600, gracefulStop: 30s)


running (0m03.8s), 045/100 VUs, 0 complete and 0 interrupted iterations
a1     [   1% ] 045/100 VUs  0m00.9s/2m0s  50.00 iters/s

running (0m04.8s), 001/100 VUs, 93 complete and 0 interrupted iterations
a1     [   2% ] 001/100 VUs  0m01.9s/2m0s  50.00 iters/s

running (0m05.8s), 002/100 VUs, 143 complete and 0 interrupted iterations
a1     [   2% ] 002/100 VUs  0m02.9s/2m0s  50.00 iters/s

running (0m06.8s), 002/100 VUs, 193 complete and 0 interrupted iterations
a1     [   3% ] 002/100 VUs  0m03.9s/2m0s  50.00 iters/s

running (0m07.8s), 001/100 VUs, 243 complete and 0 interrupted iterations
a1     [   4% ] 001/100 VUs  0m04.9s/2m0s  50.00 iters/s

running (0m08.8s), 001/100 VUs, 294 complete and 0 interrupted iterations
a1     [   5% ] 001/100 VUs  0m05.9s/2m0s  50.00 iters/s

running (0m09.8s), 001/100 VUs, 343 complete and 0 interrupted iterations
a1     [   6% ] 001/100 VUs  0m06.9s/2m0s  50.00 iters/s

running (0m10.8s), 000/100 VUs, 394 complete and 0 interrupted iterations
a1     [   7% ] 000/100 VUs  0m07.9s/2m0s  50.00 iters/s

running (0m11.8s), 001/100 VUs, 444 complete and 0 interrupted iterations
a1     [   7% ] 001/100 VUs  0m08.9s/2m0s  50.00 iters/s

running (0m12.8s), 000/100 VUs, 494 complete and 0 interrupted iterations
a1     [   8% ] 000/100 VUs  0m09.9s/2m0s  50.00 iters/s

running (0m13.8s), 001/100 VUs, 544 complete and 0 interrupted iterations
a1     [   9% ] 001/100 VUs  0m10.9s/2m0s  50.00 iters/s

running (0m14.8s), 000/100 VUs, 594 complete and 0 interrupted iterations
a1     [  10% ] 000/100 VUs  0m11.9s/2m0s  50.00 iters/s

running (0m15.8s), 001/100 VUs, 644 complete and 0 interrupted iterations
a1     [  11% ] 001/100 VUs  0m12.9s/2m0s  50.00 iters/s

running (0m16.8s), 000/100 VUs, 694 complete and 0 interrupted iterations
a1     [  12% ] 000/100 VUs  0m13.9s/2m0s  50.00 iters/s

running (0m17.8s), 000/100 VUs, 744 complete and 0 interrupted iterations
a1     [  12% ] 000/100 VUs  0m14.9s/2m0s  50.00 iters/s

running (0m18.8s), 001/100 VUs, 793 complete and 0 interrupted iterations
a1     [  13% ] 001/100 VUs  0m15.9s/2m0s  50.00 iters/s

running (0m19.8s), 001/100 VUs, 844 complete and 0 interrupted iterations
a1     [  14% ] 001/100 VUs  0m16.9s/2m0s  50.00 iters/s

running (0m20.8s), 000/100 VUs, 894 complete and 0 interrupted iterations
a1     [  15% ] 000/100 VUs  0m17.9s/2m0s  50.00 iters/s

running (0m21.8s), 001/100 VUs, 944 complete and 0 interrupted iterations
a1     [  16% ] 001/100 VUs  0m18.9s/2m0s  50.00 iters/s

running (0m22.8s), 000/100 VUs, 994 complete and 0 interrupted iterations
a1     [  17% ] 000/100 VUs  0m19.9s/2m0s  50.00 iters/s

running (0m23.8s), 001/100 VUs, 1044 complete and 0 interrupted iterations
a1     [  17% ] 001/100 VUs  0m20.9s/2m0s  50.00 iters/s

running (0m24.8s), 000/100 VUs, 1094 complete and 0 interrupted iterations
a1     [  18% ] 000/100 VUs  0m21.9s/2m0s  50.00 iters/s

running (0m25.8s), 001/100 VUs, 1143 complete and 0 interrupted iterations
a1     [  19% ] 001/100 VUs  0m22.9s/2m0s  50.00 iters/s

running (0m26.8s), 001/100 VUs, 1194 complete and 0 interrupted iterations
a1     [  20% ] 001/100 VUs  0m23.9s/2m0s  50.00 iters/s

running (0m27.8s), 001/100 VUs, 1244 complete and 0 interrupted iterations
a1     [  21% ] 001/100 VUs  0m24.9s/2m0s  50.00 iters/s

running (0m28.8s), 001/100 VUs, 1294 complete and 0 interrupted iterations
a1     [  22% ] 001/100 VUs  0m25.9s/2m0s  50.00 iters/s

running (0m29.8s), 001/100 VUs, 1344 complete and 0 interrupted iterations
a1     [  22% ] 001/100 VUs  0m26.9s/2m0s  50.00 iters/s

running (0m30.8s), 001/100 VUs, 1394 complete and 0 interrupted iterations
a1     [  23% ] 001/100 VUs  0m27.9s/2m0s  50.00 iters/s

running (0m31.8s), 001/100 VUs, 1444 complete and 0 interrupted iterations
a1     [  24% ] 001/100 VUs  0m28.9s/2m0s  50.00 iters/s

running (0m32.8s), 001/100 VUs, 1494 complete and 0 interrupted iterations
a1     [  25% ] 001/100 VUs  0m29.9s/2m0s  50.00 iters/s

running (0m33.8s), 001/100 VUs, 1544 complete and 0 interrupted iterations
a1     [  26% ] 001/100 VUs  0m30.9s/2m0s  50.00 iters/s

running (0m34.8s), 000/100 VUs, 1594 complete and 0 interrupted iterations
a1     [  27% ] 000/100 VUs  0m31.9s/2m0s  50.00 iters/s

running (0m38.7s), 000/100 VUs, 1644 complete and 0 interrupted iterations
a1     [  27% ] 000/100 VUs  0m32.9s/2m0s  50.00 iters/s

running (0m39.7s), 001/100 VUs, 1694 complete and 0 interrupted iterations
a1     [  28% ] 001/100 VUs  0m33.9s/2m0s  50.00 iters/s

running (0m40.7s), 001/100 VUs, 1744 complete and 0 interrupted iterations
a1     [  29% ] 001/100 VUs  0m34.9s/2m0s  50.00 iters/s

running (0m41.7s), 001/100 VUs, 1794 complete and 0 interrupted iterations
a1     [  30% ] 001/100 VUs  0m35.9s/2m0s  50.00 iters/s

running (0m42.7s), 000/100 VUs, 1844 complete and 0 interrupted iterations
a1     [  31% ] 000/100 VUs  0m36.9s/2m0s  50.00 iters/s

running (0m43.7s), 001/100 VUs, 1894 complete and 0 interrupted iterations
a1     [  32% ] 001/100 VUs  0m37.9s/2m0s  50.00 iters/s

running (0m44.7s), 001/100 VUs, 1944 complete and 0 interrupted iterations
a1     [  32% ] 001/100 VUs  0m38.9s/2m0s  50.00 iters/s

running (0m45.7s), 000/100 VUs, 1994 complete and 0 interrupted iterations
a1     [  33% ] 000/100 VUs  0m39.9s/2m0s  50.00 iters/s

running (0m46.7s), 000/100 VUs, 2044 complete and 0 interrupted iterations
a1     [  34% ] 000/100 VUs  0m40.9s/2m0s  50.00 iters/s

running (0m47.7s), 001/100 VUs, 2094 complete and 0 interrupted iterations
a1     [  35% ] 001/100 VUs  0m41.9s/2m0s  50.00 iters/s

running (0m48.7s), 000/100 VUs, 2144 complete and 0 interrupted iterations
a1     [  36% ] 000/100 VUs  0m42.9s/2m0s  50.00 iters/s

running (0m49.7s), 001/100 VUs, 2194 complete and 0 interrupted iterations
a1     [  37% ] 001/100 VUs  0m43.9s/2m0s  50.00 iters/s

running (0m50.7s), 001/100 VUs, 2244 complete and 0 interrupted iterations
a1     [  37% ] 001/100 VUs  0m44.9s/2m0s  50.00 iters/s

running (0m51.7s), 000/100 VUs, 2294 complete and 0 interrupted iterations
a1     [  38% ] 000/100 VUs  0m45.9s/2m0s  50.00 iters/s

running (0m52.7s), 000/100 VUs, 2344 complete and 0 interrupted iterations
a1     [  39% ] 000/100 VUs  0m46.9s/2m0s  50.00 iters/s

running (0m53.7s), 001/100 VUs, 2394 complete and 0 interrupted iterations
a1     [  40% ] 001/100 VUs  0m47.9s/2m0s  50.00 iters/s

running (0m54.7s), 001/100 VUs, 2444 complete and 0 interrupted iterations
a1     [  41% ] 001/100 VUs  0m48.9s/2m0s  50.00 iters/s

running (0m55.7s), 000/100 VUs, 2494 complete and 0 interrupted iterations
a1     [  42% ] 000/100 VUs  0m49.9s/2m0s  50.00 iters/s

running (0m56.7s), 001/100 VUs, 2544 complete and 0 interrupted iterations
a1     [  42% ] 001/100 VUs  0m50.9s/2m0s  50.00 iters/s

running (0m57.7s), 001/100 VUs, 2594 complete and 0 interrupted iterations
a1     [  43% ] 001/100 VUs  0m51.9s/2m0s  50.00 iters/s

running (0m58.7s), 001/100 VUs, 2644 complete and 0 interrupted iterations
a1     [  44% ] 001/100 VUs  0m52.9s/2m0s  50.00 iters/s

running (0m59.7s), 000/100 VUs, 2694 complete and 0 interrupted iterations
a1     [  45% ] 000/100 VUs  0m53.9s/2m0s  50.00 iters/s

running (1m00.7s), 001/100 VUs, 2744 complete and 0 interrupted iterations
a1     [  46% ] 001/100 VUs  0m54.9s/2m0s  50.00 iters/s

running (1m01.7s), 000/100 VUs, 2794 complete and 0 interrupted iterations
a1     [  47% ] 000/100 VUs  0m55.9s/2m0s  50.00 iters/s

running (1m02.7s), 001/100 VUs, 2844 complete and 0 interrupted iterations
a1     [  47% ] 001/100 VUs  0m56.9s/2m0s  50.00 iters/s

running (1m03.7s), 000/100 VUs, 2894 complete and 0 interrupted iterations
a1     [  48% ] 000/100 VUs  0m57.9s/2m0s  50.00 iters/s

running (1m04.7s), 001/100 VUs, 2944 complete and 0 interrupted iterations
a1     [  49% ] 001/100 VUs  0m58.9s/2m0s  50.00 iters/s

running (1m05.7s), 000/100 VUs, 2994 complete and 0 interrupted iterations
a1     [  50% ] 000/100 VUs  0m59.9s/2m0s  50.00 iters/s

running (1m06.7s), 000/100 VUs, 3044 complete and 0 interrupted iterations
a1     [  51% ] 000/100 VUs  1m00.9s/2m0s  50.00 iters/s

running (1m07.7s), 000/100 VUs, 3094 complete and 0 interrupted iterations
a1     [  52% ] 000/100 VUs  1m01.9s/2m0s  50.00 iters/s

running (1m08.7s), 001/100 VUs, 3144 complete and 0 interrupted iterations
a1     [  52% ] 001/100 VUs  1m02.9s/2m0s  50.00 iters/s

running (1m09.7s), 000/100 VUs, 3194 complete and 0 interrupted iterations
a1     [  53% ] 000/100 VUs  1m03.9s/2m0s  50.00 iters/s

running (1m13.7s), 000/100 VUs, 3244 complete and 0 interrupted iterations
a1     [  54% ] 000/100 VUs  1m04.9s/2m0s  50.00 iters/s

running (1m14.7s), 001/100 VUs, 3294 complete and 0 interrupted iterations
a1     [  55% ] 001/100 VUs  1m05.9s/2m0s  50.00 iters/s

running (1m15.7s), 000/100 VUs, 3344 complete and 0 interrupted iterations
a1     [  56% ] 000/100 VUs  1m06.9s/2m0s  50.00 iters/s

running (1m16.7s), 001/100 VUs, 3394 complete and 0 interrupted iterations
a1     [  57% ] 001/100 VUs  1m07.9s/2m0s  50.00 iters/s

running (1m17.7s), 001/100 VUs, 3444 complete and 0 interrupted iterations
a1     [  57% ] 001/100 VUs  1m08.9s/2m0s  50.00 iters/s

running (1m18.7s), 000/100 VUs, 3494 complete and 0 interrupted iterations
a1     [  58% ] 000/100 VUs  1m09.9s/2m0s  50.00 iters/s

running (1m19.7s), 001/100 VUs, 3544 complete and 0 interrupted iterations
a1     [  59% ] 001/100 VUs  1m10.9s/2m0s  50.00 iters/s

running (1m20.7s), 001/100 VUs, 3594 complete and 0 interrupted iterations
a1     [  60% ] 001/100 VUs  1m11.9s/2m0s  50.00 iters/s

running (1m21.7s), 001/100 VUs, 3644 complete and 0 interrupted iterations
a1     [  61% ] 001/100 VUs  1m12.9s/2m0s  50.00 iters/s

running (1m22.7s), 000/100 VUs, 3694 complete and 0 interrupted iterations
a1     [  62% ] 000/100 VUs  1m13.9s/2m0s  50.00 iters/s

running (1m23.7s), 000/100 VUs, 3744 complete and 0 interrupted iterations
a1     [  62% ] 000/100 VUs  1m14.9s/2m0s  50.00 iters/s

running (1m24.7s), 001/100 VUs, 3794 complete and 0 interrupted iterations
a1     [  63% ] 001/100 VUs  1m15.9s/2m0s  50.00 iters/s

running (1m25.7s), 000/100 VUs, 3844 complete and 0 interrupted iterations
a1     [  64% ] 000/100 VUs  1m16.9s/2m0s  50.00 iters/s

running (1m26.7s), 000/100 VUs, 3894 complete and 0 interrupted iterations
a1     [  65% ] 000/100 VUs  1m17.9s/2m0s  50.00 iters/s

running (1m27.7s), 000/100 VUs, 3944 complete and 0 interrupted iterations
a1     [  66% ] 000/100 VUs  1m18.9s/2m0s  50.00 iters/s

running (1m28.7s), 000/100 VUs, 3994 complete and 0 interrupted iterations
a1     [  67% ] 000/100 VUs  1m19.9s/2m0s  50.00 iters/s

running (1m29.7s), 001/100 VUs, 4044 complete and 0 interrupted iterations
a1     [  67% ] 001/100 VUs  1m20.9s/2m0s  50.00 iters/s

running (1m30.7s), 000/100 VUs, 4094 complete and 0 interrupted iterations
a1     [  68% ] 000/100 VUs  1m21.9s/2m0s  50.00 iters/s

running (1m31.7s), 000/100 VUs, 4144 complete and 0 interrupted iterations
a1     [  69% ] 000/100 VUs  1m22.9s/2m0s  50.00 iters/s

running (1m32.7s), 001/100 VUs, 4194 complete and 0 interrupted iterations
a1     [  70% ] 001/100 VUs  1m23.9s/2m0s  50.00 iters/s

running (1m33.7s), 001/100 VUs, 4244 complete and 0 interrupted iterations
a1     [  71% ] 001/100 VUs  1m24.9s/2m0s  50.00 iters/s

running (1m34.7s), 000/100 VUs, 4294 complete and 0 interrupted iterations
a1     [  72% ] 000/100 VUs  1m25.9s/2m0s  50.00 iters/s

running (1m35.7s), 000/100 VUs, 4344 complete and 0 interrupted iterations
a1     [  72% ] 000/100 VUs  1m26.9s/2m0s  50.00 iters/s

running (1m36.7s), 000/100 VUs, 4394 complete and 0 interrupted iterations
a1     [  73% ] 000/100 VUs  1m27.9s/2m0s  50.00 iters/s

running (1m37.7s), 000/100 VUs, 4444 complete and 0 interrupted iterations
a1     [  74% ] 000/100 VUs  1m28.9s/2m0s  50.00 iters/s

running (1m38.7s), 000/100 VUs, 4494 complete and 0 interrupted iterations
a1     [  75% ] 000/100 VUs  1m29.9s/2m0s  50.00 iters/s

running (1m39.7s), 000/100 VUs, 4544 complete and 0 interrupted iterations
a1     [  76% ] 000/100 VUs  1m30.9s/2m0s  50.00 iters/s

running (1m40.7s), 000/100 VUs, 4594 complete and 0 interrupted iterations
a1     [  77% ] 000/100 VUs  1m31.9s/2m0s  50.00 iters/s

running (1m41.7s), 000/100 VUs, 4644 complete and 0 interrupted iterations
a1     [  77% ] 000/100 VUs  1m32.9s/2m0s  50.00 iters/s

running (1m42.7s), 000/100 VUs, 4694 complete and 0 interrupted iterations
a1     [  78% ] 000/100 VUs  1m33.9s/2m0s  50.00 iters/s

running (1m43.7s), 000/100 VUs, 4744 complete and 0 interrupted iterations
a1     [  79% ] 000/100 VUs  1m34.9s/2m0s  50.00 iters/s

running (1m44.7s), 000/100 VUs, 4794 complete and 0 interrupted iterations
a1     [  80% ] 000/100 VUs  1m35.9s/2m0s  50.00 iters/s

running (1m48.6s), 001/100 VUs, 4844 complete and 0 interrupted iterations
a1     [  81% ] 001/100 VUs  1m36.9s/2m0s  50.00 iters/s

running (1m49.6s), 001/100 VUs, 4894 complete and 0 interrupted iterations
a1     [  82% ] 001/100 VUs  1m37.9s/2m0s  50.00 iters/s

running (1m50.6s), 000/100 VUs, 4944 complete and 0 interrupted iterations
a1     [  82% ] 000/100 VUs  1m38.9s/2m0s  50.00 iters/s

running (1m51.6s), 000/100 VUs, 4994 complete and 0 interrupted iterations
a1     [  83% ] 000/100 VUs  1m39.9s/2m0s  50.00 iters/s

running (1m52.6s), 000/100 VUs, 5044 complete and 0 interrupted iterations
a1     [  84% ] 000/100 VUs  1m40.9s/2m0s  50.00 iters/s

running (1m53.6s), 001/100 VUs, 5094 complete and 0 interrupted iterations
a1     [  85% ] 001/100 VUs  1m41.9s/2m0s  50.00 iters/s

running (1m54.6s), 001/100 VUs, 5144 complete and 0 interrupted iterations
a1     [  86% ] 001/100 VUs  1m42.9s/2m0s  50.00 iters/s

running (1m55.6s), 000/100 VUs, 5194 complete and 0 interrupted iterations
a1     [  87% ] 000/100 VUs  1m43.9s/2m0s  50.00 iters/s

running (1m56.6s), 000/100 VUs, 5244 complete and 0 interrupted iterations
a1     [  87% ] 000/100 VUs  1m44.9s/2m0s  50.00 iters/s

running (1m57.6s), 000/100 VUs, 5294 complete and 0 interrupted iterations
a1     [  88% ] 000/100 VUs  1m45.9s/2m0s  50.00 iters/s

running (1m58.6s), 001/100 VUs, 5344 complete and 0 interrupted iterations
a1     [  89% ] 001/100 VUs  1m46.9s/2m0s  50.00 iters/s

running (1m59.6s), 000/100 VUs, 5394 complete and 0 interrupted iterations
a1     [  90% ] 000/100 VUs  1m47.9s/2m0s  50.00 iters/s

running (2m00.6s), 001/100 VUs, 5444 complete and 0 interrupted iterations
a1     [  91% ] 001/100 VUs  1m48.9s/2m0s  50.00 iters/s

running (2m01.6s), 001/100 VUs, 5494 complete and 0 interrupted iterations
a1     [  92% ] 001/100 VUs  1m49.9s/2m0s  50.00 iters/s

running (2m02.6s), 001/100 VUs, 5544 complete and 0 interrupted iterations
a1     [  92% ] 001/100 VUs  1m50.9s/2m0s  50.00 iters/s
time="2026-09-04T12:43:39+05:00" level=warning msg="The test has generated metrics with 100038 unique time series, which is higher than the suggested limit of 100000 and could cause high memory usage. Consider not using high-cardinality values like unique IDs as metric tags or, if you need them in the URL, use the name metric tag or URL grouping. See https://grafana.com/docs/k6/latest/using-k6/tags-and-groups/ for details." component=metrics-engine-ingester

running (2m03.6s), 001/100 VUs, 5594 complete and 0 interrupted iterations
a1     [  93% ] 001/100 VUs  1m51.9s/2m0s  50.00 iters/s

running (2m04.6s), 001/100 VUs, 5644 complete and 0 interrupted iterations
a1     [  94% ] 001/100 VUs  1m52.9s/2m0s  50.00 iters/s

running (2m05.6s), 001/100 VUs, 5694 complete and 0 interrupted iterations
a1     [  95% ] 001/100 VUs  1m53.9s/2m0s  50.00 iters/s

running (2m06.6s), 000/100 VUs, 5744 complete and 0 interrupted iterations
a1     [  96% ] 000/100 VUs  1m54.9s/2m0s  50.00 iters/s

running (2m07.6s), 000/100 VUs, 5794 complete and 0 interrupted iterations
a1     [  97% ] 000/100 VUs  1m55.9s/2m0s  50.00 iters/s

running (2m08.6s), 001/100 VUs, 5844 complete and 0 interrupted iterations
a1     [  97% ] 001/100 VUs  1m56.9s/2m0s  50.00 iters/s

running (2m09.6s), 001/100 VUs, 5894 complete and 0 interrupted iterations
a1     [  98% ] 001/100 VUs  1m57.9s/2m0s  50.00 iters/s

running (2m10.6s), 000/100 VUs, 5944 complete and 0 interrupted iterations
a1     [  99% ] 000/100 VUs  1m58.9s/2m0s  50.00 iters/s

running (2m11.6s), 001/100 VUs, 5994 complete and 0 interrupted iterations
a1     [ 100% ] 001/100 VUs  1m59.9s/2m0s  50.00 iters/s


  █ THRESHOLDS 

    http_req_failed
    ✓ 'rate<0.05' rate=0.00%


  █ TOTAL RESULTS 

    checks_total.......: 18003   136.656603/s
    checks_succeeded...: 100.00% 18003 out of 18003
    checks_failed......: 0.00%   0 out of 18003

    ✓ initiated
    ✓ validated
    ✓ terminal

    CUSTOM
    a1_lifecycle_duration..........: avg=29.95ms min=8ms    med=14ms    p(95)=23ms    p(99)=549ms    max=4.61s
    a1_lifecycles_completed........: 6001   45.552201/s
    a1_transitions_committed.......: 18003  136.656603/s

    HTTP
    http_req_duration..............: avg=9.84ms  min=2.09ms med=4.47ms  p(95)=7.76ms  p(99)=114.21ms max=4.05s
      { expected_response:true }...: avg=9.84ms  min=2.09ms med=4.47ms  p(95)=7.76ms  p(99)=114.21ms max=4.05s
    http_req_failed................: 0.00%  0 out of 18003
    http_reqs......................: 18003  136.656603/s

    EXECUTION
    iteration_duration.............: avg=27.07ms min=8.56ms med=14.02ms p(95)=23.37ms p(99)=502.59ms max=1.68s
    iterations.....................: 6001   45.552201/s
    vus............................: 1      min=1          max=45 
    vus_max........................: 100    min=100        max=100

    NETWORK
    data_received..................: 6.8 MB 52 kB/s
    data_sent......................: 3.8 MB 29 kB/s




running (2m11.7s), 000/100 VUs, 6001 complete and 0 interrupted iterations
a1   ✓ [ 100% ] 000/100 VUs  2m0s  50.00 iters/s
