[12:41:06] === RUN HYBRID-P1-r5-20260904124106 ===
[12:41:06] mode=HYBRID profile=P1 rep=5 tps=50 duration=120s fault=none
[12:41:06] jar: target/master-thesis-observability-0.0.1-SNAPSHOT.jar
[12:41:06] workload tozalanmoqda (reference saqlanadi)
workload reset; reference data preserved
AQ backlog purged: 0 -> 0
[12:41:07] Kafka topigi qayta yaratilmoqda
[12:41:15] ilova ishga tushirilmoqda (mode=HYBRID)
[12:41:27] ilova tayyor (pid 548880)
[12:41:27] Debezium konnektori ro'yxatdan o'tkazilmoqda (HYBRID, prefix=obsv_hybrid_p1_r5_20260904124106)
konnektor ro'yxatdan o'tkazilmoqda: a1-hybrid-obsv_hybrid_p1_r5_20260904124106 (prefix=obsv_hybrid_p1_r5_20260904124106)
konnektor RUNNING (2s)
streaming tasdiqlanmoqda (heartbeat topigi: __debezium-heartbeat.obsv_hybrid_p1_r5_20260904124106)
streaming tasdiqlandi (1 urinish)
[12:41:35] k6 yuklamasi boshlandi
[12:43:48] pipeline bo'shashi kutilmoqda (maks 120s)
[12:44:01] pipeline bo'sh (4s, sink=18003 xabar)
[12:44:12] ground truth eksport qilinmoqda
[12:44:12] Kafka topigi eksport qilinmoqda
[12:44:39] tahlil
{
  "mode": "HYBRID",
  "profile": "P1",
  "rep": "5",
  "fault": "none",
  "ground_truth_transitions": 18003,
  "delivered_distinct": 18003,
  "delivered_total": 18003,
  "matched": 18003,
  "missing": 0,
  "phantom": 0,
  "malformed": 0,
  "loss_rate": 0.0,
  "loss_rate_ppm": 0.0,
  "duplicate_rate": 0.0,
  "ordering_violation_rate": 0.0,
  "txns_split_across_partitions": 0,
  "latency_ms_p50": 2972,
  "latency_ms_p95": 5804,
  "latency_ms_p99": 7534,
  "latency_ms_max": 8178,
  "latency_ms_mean": 3113.9,
  "latency_samples": 18003,
  "latency_negative_samples": 0,
  "loss_rate_upper_bound_95_ppm": 166.64
}
[12:44:39] ilova va konnektor to'xtatilmoqda
connector o'chirilmoqda: a1-hybrid-obsv_hybrid_p1_r5_20260904124106
[12:44:44] === TUGADI: results/HYBRID-P1-r5-20260904124106 ===
