[12:48:16] === RUN BASELINE_GT-P1-r5-20260904124816 ===
[12:48:16] mode=BASELINE_GT profile=P1 rep=5 tps=50 duration=120s fault=none
[12:48:16] jar: target/master-thesis-observability-0.0.1-SNAPSHOT.jar
[12:48:16] workload tozalanmoqda (reference saqlanadi)
workload reset; reference data preserved
AQ backlog purged: 0 -> 0
[12:48:17] Kafka topigi qayta yaratilmoqda
[12:48:25] ilova ishga tushirilmoqda (mode=BASELINE_GT)
[12:48:38] ilova tayyor (pid 626137)
[12:48:44] k6 yuklamasi boshlandi
[12:50:54] pipeline bo'shashi kutilmoqda (maks 120s)
[12:51:06] pipeline bo'sh (4s, sink=0 xabar)
[12:51:17] ground truth eksport qilinmoqda
[12:51:17] Kafka topigi eksport qilinmoqda
[12:51:44] tahlil
{
  "mode": "BASELINE_GT",
  "profile": "P1",
  "rep": "5",
  "fault": "none",
  "ground_truth_transitions": 17901,
  "delivered_distinct": 0,
  "delivered_total": 0,
  "matched": 0,
  "missing": 17901,
  "phantom": null,
  "malformed": 0,
  "loss_rate": null,
  "loss_rate_ppm": null,
  "duplicate_rate": null,
  "ordering_violation_rate": null,
  "txns_split_across_partitions": 0,
  "latency_ms_p50": null,
  "latency_ms_p95": null,
  "latency_ms_p99": null,
  "latency_ms_max": null,
  "latency_ms_mean": null,
  "latency_samples": 0,
  "latency_negative_samples": 0,
  "pipeline": "none (baseline mode)"
}
[12:51:44] ilova va konnektor to'xtatilmoqda
[12:51:48] === TUGADI: results/BASELINE_GT-P1-r5-20260904124816 ===
