[14:40:05] === RUN CDC-P1-r1-F4-20260904144005 ===
[14:40:05] mode=CDC profile=P1 rep=1 tps=50 duration=180s fault=F4
[14:40:05] jar: target/master-thesis-observability-0.0.1-SNAPSHOT.jar
[14:40:05] workload tozalanmoqda (reference saqlanadi)
workload reset; reference data preserved
AQ backlog purged: 0 -> 0
[14:40:07] Kafka topigi qayta yaratilmoqda
[14:40:16] ilova ishga tushirilmoqda (mode=CDC)
[14:40:31] ilova tayyor (pid 1889159)
[14:40:31] Debezium konnektori ro'yxatdan o'tkazilmoqda (CDC, prefix=obsv_cdc_p1_r1_f4_20260904144005)
konnektor ro'yxatdan o'tkazilmoqda: a1-cdc-obsv_cdc_p1_r1_f4_20260904144005 (prefix=obsv_cdc_p1_r1_f4_20260904144005)
konnektor RUNNING (2s)
streaming tasdiqlanmoqda (heartbeat topigi: __debezium-heartbeat.obsv_cdc_p1_r1_f4_20260904144005)
streaming tasdiqlandi (1 urinish)
[14:40:38] fault F4 60s dan keyin yuboriladi
[14:40:38] k6 yuklamasi boshlandi
[fault 14:41:44] Connect to'xtatilmoqda, so'ng archive log'lar o'chirilmoqda
[fault 14:42:23] RMAN: barcha archive log'lar o'chirilmoqda
bash: rman: command not found
[fault 14:42:57] Connect qaytarildi — endi ORA-01291 kutilmoqda
[fault 14:42:57] F4 tugadi
[14:43:56] pipeline bo'shashi kutilmoqda (maks 120s)
[14:44:06] pipeline bo'sh (4s, sink=27003 xabar)
[14:44:16] ground truth eksport qilinmoqda
[14:44:17] Kafka topigi eksport qilinmoqda
[14:45:09] tahlil
{
  "mode": "CDC",
  "profile": "P1",
  "rep": "1",
  "fault": "F4",
  "ground_truth_transitions": 27003,
  "delivered_distinct": 27003,
  "delivered_total": 27003,
  "matched": 27003,
  "missing": 0,
  "phantom": 0,
  "malformed": 0,
  "loss_rate": 0.0,
  "loss_rate_ppm": 0.0,
  "duplicate_rate": 0.0,
  "ordering_violation_rate": 0.0,
  "txns_split_across_partitions": 0,
  "latency_ms_p50": 6449,
  "latency_ms_p95": 83251,
  "latency_ms_p99": 90388,
  "latency_ms_max": 91736,
  "latency_ms_mean": 25052.5,
  "latency_samples": 27003,
  "latency_negative_samples": 0,
  "loss_rate_upper_bound_95_ppm": 111.1
}
[14:45:10] ilova va konnektor to'xtatilmoqda
connector o'chirilmoqda: a1-cdc-obsv_cdc_p1_r1_f4_20260904144005
[14:45:14] === TUGADI: results/CDC-P1-r1-F4-20260904144005 ===
