[14:48:24] === RUN CDC-C2N0ON-r3-20260909144824 ===
[14:48:24] mode=CDC profile=C2N0ON rep=3 tps=50 duration=180s fault=none
[14:48:24] jar: target/master-thesis-observability-0.0.1-SNAPSHOT.jar
[14:48:24] arxiv redo tozalanmoqda
[14:48:24] workload tozalanmoqda (reference saqlanadi)
workload reset; reference data preserved
AQ backlog purged: 0 -> 0
[14:48:25] Kafka topigi qayta yaratilmoqda
[14:48:35] ilova ishga tushirilmoqda (mode=CDC)
[14:48:49] ilova tayyor (pid 2212783)
[14:48:49] Debezium konnektori ro'yxatdan o'tkazilmoqda (CDC, prefix=obsv_cdc_c2n0on_r3_20260909144824)
konnektor ro'yxatdan o'tkazilmoqda: a1-cdc-obsv_cdc_c2n0on_r3_20260909144824 (prefix=obsv_cdc_c2n0on_r3_20260909144824)
konnektor RUNNING (2s)
streaming tasdiqlanmoqda (heartbeat topigi: __debezium-heartbeat.obsv_cdc_c2n0on_r3_20260909144824)
streaming tasdiqlandi (1 urinish)
[14:48:57] k6 yuklamasi boshlandi
[14:51:58] k6 iteratsiyalari: 9000
[14:51:58] pipeline bo'shashi kutilmoqda (maks 120s)
[14:52:45] pipeline bo'sh (15s, sink=27000 xabar)
[14:52:55] ground truth eksport qilinmoqda
[14:52:56] Kafka topigi eksport qilinmoqda
[14:53:23] tahlil
{
  "mode": "CDC",
  "profile": "C2N0ON",
  "rep": "3",
  "fault": "none",
  "ground_truth_transitions": 27000,
  "delivered_distinct": 27000,
  "delivered_total": 27000,
  "matched": 27000,
  "missing": 0,
  "phantom": 0,
  "malformed": 0,
  "loss_rate": 0.0,
  "loss_rate_ppm": 0.0,
  "duplicate_rate": 0.0,
  "ordering_violation_rate": 0.0,
  "txns_split_across_partitions": 0,
  "latency_ms_p50": 3363,
  "latency_ms_p95": 5466,
  "latency_ms_p99": 5991,
  "latency_ms_max": 6520,
  "latency_ms_mean": 3359.2,
  "latency_samples": 27000,
  "latency_negative_samples": 0,
  "loss_rate_upper_bound_95_ppm": 111.11
}
[14:53:24] ilova va konnektor to'xtatilmoqda
connector o'chirilmoqda: a1-cdc-obsv_cdc_c2n0on_r3_20260909144824
[14:53:36] === TUGADI: results/CDC-C2N0ON-r3-20260909144824 ===
