[09:51:36] === RUN CDC-C2N0OFF-r1-20260909095136 ===
[09:51:36] mode=CDC profile=C2N0OFF rep=1 tps=50 duration=180s fault=none
[09:51:36] jar: target/master-thesis-observability-0.0.1-SNAPSHOT.jar
[09:51:36] workload tozalanmoqda (reference saqlanadi)
workload reset; reference data preserved
AQ backlog purged: 0 -> 0
[09:51:42] Kafka topigi qayta yaratilmoqda
[09:51:52] ilova ishga tushirilmoqda (mode=CDC)
[09:52:08] ilova tayyor (pid 1570110)
[09:52:08] --no-connector: konnektorsiz ishlatilmoqda (C2 bazaviy sharti)
[09:52:12] k6 yuklamasi boshlandi
[09:52:12] k6 nolga teng bo'lmagan kod bilan tugadi (natija baribir tahlil qilinadi)
[09:52:12] pipeline bo'shashi kutilmoqda (maks 120s)
[09:52:25] pipeline bo'sh (4s, sink=0 xabar)
[09:52:35] ground truth eksport qilinmoqda
[09:52:36] Kafka topigi eksport qilinmoqda
[09:53:03] tahlil
{
  "mode": "CDC",
  "profile": "C2N0OFF",
  "rep": "1",
  "fault": "none",
  "ground_truth_transitions": 0,
  "delivered_distinct": 0,
  "delivered_total": 0,
  "matched": 0,
  "missing": 0,
  "phantom": 0,
  "malformed": 0,
  "loss_rate": 0.0,
  "loss_rate_ppm": 0.0,
  "duplicate_rate": 0.0,
  "ordering_violation_rate": 0.0,
  "txns_split_across_partitions": 0,
  "latency_ms_p50": null,
  "latency_ms_p95": null,
  "latency_ms_p99": null,
  "latency_ms_max": null,
  "latency_ms_mean": null,
  "latency_samples": 0,
  "latency_negative_samples": 0
}
[09:53:03] ilova va konnektor to'xtatilmoqda
[09:53:07] === TUGADI: results/CDC-C2N0OFF-r1-20260909095136 ===
