
         /\      Grafana   /‾‾/  
    /\  /  \     |\  __   /  /   
   /  \/    \    | |/ /  /   ‾‾\ 
  /          \   |   (  |  (‾)  |
 / __________ \  |_|\_\  \_____/ 


     execution: local
        script: harness/k6/a1-workload.js
        output: -

     scenarios: (100.00%) 1 scenario, 600 max VUs, 1m30s max duration (incl. graceful stop):
              * a1: 50.00 iterations/s for 1m0s (maxVUs: 100-600, gracefulStop: 30s)


running (0m01.0s), 001/100 VUs, 49 complete and 0 interrupted iterations
a1     [   2% ] 001/100 VUs  0m01.0s/1m0s  50.00 iters/s

running (0m02.0s), 001/100 VUs, 99 complete and 0 interrupted iterations
a1     [   3% ] 001/100 VUs  0m02.0s/1m0s  50.00 iters/s

running (0m03.0s), 001/100 VUs, 149 complete and 0 interrupted iterations
a1     [   5% ] 001/100 VUs  0m03.0s/1m0s  50.00 iters/s

running (0m04.0s), 001/100 VUs, 199 complete and 0 interrupted iterations
a1     [   7% ] 001/100 VUs  0m04.0s/1m0s  50.00 iters/s

running (0m05.0s), 001/100 VUs, 249 complete and 0 interrupted iterations
a1     [   8% ] 001/100 VUs  0m05.0s/1m0s  50.00 iters/s

running (0m06.0s), 001/100 VUs, 299 complete and 0 interrupted iterations
a1     [  10% ] 001/100 VUs  0m06.0s/1m0s  50.00 iters/s

running (0m07.0s), 001/100 VUs, 349 complete and 0 interrupted iterations
a1     [  12% ] 001/100 VUs  0m07.0s/1m0s  50.00 iters/s

running (0m08.0s), 001/100 VUs, 399 complete and 0 interrupted iterations
a1     [  13% ] 001/100 VUs  0m08.0s/1m0s  50.00 iters/s

running (0m09.0s), 001/100 VUs, 449 complete and 0 interrupted iterations
a1     [  15% ] 001/100 VUs  0m09.0s/1m0s  50.00 iters/s

running (0m10.0s), 001/100 VUs, 499 complete and 0 interrupted iterations
a1     [  17% ] 001/100 VUs  0m10.0s/1m0s  50.00 iters/s

running (0m11.0s), 001/100 VUs, 549 complete and 0 interrupted iterations
a1     [  18% ] 001/100 VUs  0m11.0s/1m0s  50.00 iters/s

running (0m12.0s), 001/100 VUs, 599 complete and 0 interrupted iterations
a1     [  20% ] 001/100 VUs  0m12.0s/1m0s  50.00 iters/s

running (0m13.0s), 001/100 VUs, 649 complete and 0 interrupted iterations
a1     [  22% ] 001/100 VUs  0m13.0s/1m0s  50.00 iters/s

running (0m14.0s), 001/100 VUs, 699 complete and 0 interrupted iterations
a1     [  23% ] 001/100 VUs  0m14.0s/1m0s  50.00 iters/s

running (0m15.0s), 001/100 VUs, 749 complete and 0 interrupted iterations
a1     [  25% ] 001/100 VUs  0m15.0s/1m0s  50.00 iters/s

running (0m16.0s), 001/100 VUs, 799 complete and 0 interrupted iterations
a1     [  27% ] 001/100 VUs  0m16.0s/1m0s  50.00 iters/s

running (0m17.0s), 001/100 VUs, 849 complete and 0 interrupted iterations
a1     [  28% ] 001/100 VUs  0m17.0s/1m0s  50.00 iters/s

running (0m18.0s), 001/100 VUs, 899 complete and 0 interrupted iterations
a1     [  30% ] 001/100 VUs  0m18.0s/1m0s  50.00 iters/s

running (0m19.0s), 001/100 VUs, 949 complete and 0 interrupted iterations
a1     [  32% ] 001/100 VUs  0m19.0s/1m0s  50.00 iters/s

running (0m20.0s), 001/100 VUs, 999 complete and 0 interrupted iterations
a1     [  33% ] 001/100 VUs  0m20.0s/1m0s  50.00 iters/s

running (0m21.0s), 001/100 VUs, 1049 complete and 0 interrupted iterations
a1     [  35% ] 001/100 VUs  0m21.0s/1m0s  50.00 iters/s

running (0m22.0s), 001/100 VUs, 1099 complete and 0 interrupted iterations
a1     [  37% ] 001/100 VUs  0m22.0s/1m0s  50.00 iters/s

running (0m23.0s), 001/100 VUs, 1149 complete and 0 interrupted iterations
a1     [  38% ] 001/100 VUs  0m23.0s/1m0s  50.00 iters/s

running (0m24.0s), 001/100 VUs, 1199 complete and 0 interrupted iterations
a1     [  40% ] 001/100 VUs  0m24.0s/1m0s  50.00 iters/s

running (0m25.0s), 001/100 VUs, 1249 complete and 0 interrupted iterations
a1     [  42% ] 001/100 VUs  0m25.0s/1m0s  50.00 iters/s

running (0m26.0s), 001/100 VUs, 1299 complete and 0 interrupted iterations
a1     [  43% ] 001/100 VUs  0m26.0s/1m0s  50.00 iters/s

running (0m27.0s), 001/100 VUs, 1349 complete and 0 interrupted iterations
a1     [  45% ] 001/100 VUs  0m27.0s/1m0s  50.00 iters/s

running (0m28.0s), 001/100 VUs, 1399 complete and 0 interrupted iterations
a1     [  47% ] 001/100 VUs  0m28.0s/1m0s  50.00 iters/s

running (0m29.0s), 001/100 VUs, 1449 complete and 0 interrupted iterations
a1     [  48% ] 001/100 VUs  0m29.0s/1m0s  50.00 iters/s

running (0m32.9s), 001/100 VUs, 1499 complete and 0 interrupted iterations
a1     [  50% ] 001/100 VUs  0m30.0s/1m0s  50.00 iters/s

running (0m33.9s), 001/100 VUs, 1549 complete and 0 interrupted iterations
a1     [  52% ] 001/100 VUs  0m31.0s/1m0s  50.00 iters/s

running (0m34.9s), 000/100 VUs, 1600 complete and 0 interrupted iterations
a1     [  53% ] 000/100 VUs  0m32.0s/1m0s  50.00 iters/s

running (0m35.9s), 001/100 VUs, 1649 complete and 0 interrupted iterations
a1     [  55% ] 001/100 VUs  0m33.0s/1m0s  50.00 iters/s

running (0m36.9s), 001/100 VUs, 1699 complete and 0 interrupted iterations
a1     [  57% ] 001/100 VUs  0m34.0s/1m0s  50.00 iters/s

running (0m37.9s), 001/100 VUs, 1749 complete and 0 interrupted iterations
a1     [  58% ] 001/100 VUs  0m35.0s/1m0s  50.00 iters/s

running (0m38.9s), 001/100 VUs, 1799 complete and 0 interrupted iterations
a1     [  60% ] 001/100 VUs  0m36.0s/1m0s  50.00 iters/s

running (0m39.9s), 001/100 VUs, 1849 complete and 0 interrupted iterations
a1     [  62% ] 001/100 VUs  0m37.0s/1m0s  50.00 iters/s

running (0m40.9s), 001/100 VUs, 1899 complete and 0 interrupted iterations
a1     [  63% ] 001/100 VUs  0m38.0s/1m0s  50.00 iters/s

running (0m41.9s), 000/100 VUs, 1950 complete and 0 interrupted iterations
a1     [  65% ] 000/100 VUs  0m39.0s/1m0s  50.00 iters/s

running (0m42.9s), 000/100 VUs, 2000 complete and 0 interrupted iterations
a1     [  67% ] 000/100 VUs  0m40.0s/1m0s  50.00 iters/s

running (0m43.9s), 000/100 VUs, 2050 complete and 0 interrupted iterations
a1     [  68% ] 000/100 VUs  0m41.0s/1m0s  50.00 iters/s

running (0m44.9s), 001/100 VUs, 2099 complete and 0 interrupted iterations
a1     [  70% ] 001/100 VUs  0m42.0s/1m0s  50.00 iters/s

running (0m45.9s), 001/100 VUs, 2149 complete and 0 interrupted iterations
a1     [  72% ] 001/100 VUs  0m43.0s/1m0s  50.00 iters/s

running (0m46.9s), 001/100 VUs, 2199 complete and 0 interrupted iterations
a1     [  73% ] 001/100 VUs  0m44.0s/1m0s  50.00 iters/s

running (0m47.9s), 001/100 VUs, 2249 complete and 0 interrupted iterations
a1     [  75% ] 001/100 VUs  0m45.0s/1m0s  50.00 iters/s

running (0m48.9s), 000/100 VUs, 2300 complete and 0 interrupted iterations
a1     [  77% ] 000/100 VUs  0m46.0s/1m0s  50.00 iters/s

running (0m49.9s), 000/100 VUs, 2350 complete and 0 interrupted iterations
a1     [  78% ] 000/100 VUs  0m47.0s/1m0s  50.00 iters/s

running (0m50.9s), 000/100 VUs, 2400 complete and 0 interrupted iterations
a1     [  80% ] 000/100 VUs  0m48.0s/1m0s  50.00 iters/s

running (0m51.9s), 001/100 VUs, 2449 complete and 0 interrupted iterations
a1     [  82% ] 001/100 VUs  0m49.0s/1m0s  50.00 iters/s

running (0m52.9s), 000/100 VUs, 2500 complete and 0 interrupted iterations
a1     [  83% ] 000/100 VUs  0m50.0s/1m0s  50.00 iters/s

running (0m53.9s), 001/100 VUs, 2549 complete and 0 interrupted iterations
a1     [  85% ] 001/100 VUs  0m51.0s/1m0s  50.00 iters/s

running (0m54.9s), 000/100 VUs, 2600 complete and 0 interrupted iterations
a1     [  87% ] 000/100 VUs  0m52.0s/1m0s  50.00 iters/s

running (0m55.9s), 000/100 VUs, 2650 complete and 0 interrupted iterations
a1     [  88% ] 000/100 VUs  0m53.0s/1m0s  50.00 iters/s

running (0m56.9s), 000/100 VUs, 2700 complete and 0 interrupted iterations
a1     [  90% ] 000/100 VUs  0m54.0s/1m0s  50.00 iters/s

running (0m57.9s), 000/100 VUs, 2750 complete and 0 interrupted iterations
a1     [  92% ] 000/100 VUs  0m55.0s/1m0s  50.00 iters/s

running (0m58.9s), 001/100 VUs, 2799 complete and 0 interrupted iterations
a1     [  93% ] 001/100 VUs  0m56.0s/1m0s  50.00 iters/s

running (0m59.9s), 000/100 VUs, 2850 complete and 0 interrupted iterations
a1     [  95% ] 000/100 VUs  0m57.0s/1m0s  50.00 iters/s

running (1m00.9s), 001/100 VUs, 2899 complete and 0 interrupted iterations
a1     [  97% ] 001/100 VUs  0m58.0s/1m0s  50.00 iters/s

running (1m01.9s), 000/100 VUs, 2950 complete and 0 interrupted iterations
a1     [  98% ] 000/100 VUs  0m59.0s/1m0s  50.00 iters/s

running (1m02.9s), 000/100 VUs, 3000 complete and 0 interrupted iterations
a1     [ 100% ] 000/100 VUs  1m00.0s/1m0s  50.00 iters/s


  █ THRESHOLDS 

    http_req_failed
    ✓ 'rate<0.05' rate=0.00%


  █ TOTAL RESULTS 

    checks_total.......: 9000    143.011879/s
    checks_succeeded...: 100.00% 9000 out of 9000
    checks_failed......: 0.00%   0 out of 9000

    ✓ initiated
    ✓ validated
    ✓ terminal

    CUSTOM
    a1_lifecycle_duration..........: avg=16.9ms  min=6ms    med=12ms    p(95)=19ms    p(99)=96.14ms max=2.94s   
    a1_lifecycles_completed........: 3000   47.670626/s
    a1_transitions_committed.......: 9000   143.011879/s

    HTTP
    http_req_duration..............: avg=5.16ms  min=1.57ms med=3.78ms  p(95)=6.6ms   p(99)=18.21ms max=396.53ms
      { expected_response:true }...: avg=5.16ms  min=1.57ms med=3.78ms  p(95)=6.6ms   p(99)=18.21ms max=396.53ms
    http_req_failed................: 0.00%  0 out of 9000
    http_reqs......................: 9000   143.011879/s

    EXECUTION
    iteration_duration.............: avg=15.99ms min=6.49ms med=11.88ms p(95)=19.52ms p(99)=84.25ms max=629.27ms
    iterations.....................: 3000   47.670626/s
    vus............................: 0      min=0         max=1  
    vus_max........................: 100    min=100       max=100

    NETWORK
    data_received..................: 3.4 MB 55 kB/s
    data_sent......................: 2.0 MB 31 kB/s




running (1m02.9s), 000/100 VUs, 3000 complete and 0 interrupted iterations
a1   ✓ [ 100% ] 000/100 VUs  1m0s  50.00 iters/s
