[16:47:09] === RUN BASELINE_GT-P1-r91-20260903164709 ===
[16:47:09] mode=BASELINE_GT profile=P1 rep=91 tps=50 duration=60s fault=none
[16:47:09] jar: target/master-thesis-observability-0.0.1-SNAPSHOT.jar
[16:47:09] workload tozalanmoqda (reference saqlanadi)
workload reset; reference data preserved
AQ backlog purged: 0 -> 0
[16:47:10] Kafka topigi qayta yaratilmoqda
[16:47:19] ilova ishga tushirilmoqda (mode=BASELINE_GT)
[16:47:34] ilova tayyor (pid 1540265)
[16:47:34] k6 yuklamasi boshlandi
[16:48:38] pipeline bo'shashi kutilmoqda (maks 120s)
[16:48:39] pipeline bo'sh (1s)
[16:48:52] ground truth eksport qilinmoqda
[16:48:52] Kafka topigi eksport qilinmoqda
[16:49:19] tahlil
{
  "mode": "BASELINE_GT",
  "profile": "P1",
  "rep": "91",
  "fault": "none",
  "ground_truth_transitions": 9000,
  "delivered_distinct": 0,
  "delivered_total": 0,
  "matched": 0,
  "missing": 9000,
  "phantom": null,
  "malformed": 0,
  "loss_rate": null,
  "loss_rate_ppm": null,
  "duplicate_rate": null,
  "ordering_violation_rate": null,
  "txns_split_across_partitions": 0,
  "latency_ms_p50": null,
  "latency_ms_p95": null,
  "latency_ms_p99": null,
  "latency_ms_max": null,
  "latency_ms_mean": null,
  "latency_samples": 0,
  "pipeline": "none (baseline mode)"
}
[16:49:19] ilova to'xtatilmoqda
[16:49:20] === TUGADI: results/BASELINE_GT-P1-r91-20260903164709 ===
