
         /\      Grafana   /‾‾/  
    /\  /  \     |\  __   /  /   
   /  \/    \    | |/ /  /   ‾‾\ 
  /          \   |   (  |  (‾)  |
 / __________ \  |_|\_\  \_____/ 


     execution: local
        script: harness/k6/a1-workload.js
        output: -

     scenarios: (100.00%) 1 scenario, 600 max VUs, 3m30s max duration (incl. graceful stop):
              * a1: 50.00 iterations/s for 3m0s (maxVUs: 100-600, gracefulStop: 30s)


running (0m01.0s), 048/100 VUs, 0 complete and 0 interrupted iterations
a1     [   1% ] 048/100 VUs  0m01.0s/3m0s  50.00 iters/s

running (0m02.0s), 085/100 VUs, 13 complete and 0 interrupted iterations
a1     [   1% ] 085/100 VUs  0m02.0s/3m0s  50.00 iters/s

running (0m03.0s), 084/100 VUs, 64 complete and 0 interrupted iterations
a1     [   2% ] 084/100 VUs  0m03.0s/3m0s  50.00 iters/s

running (0m04.0s), 101/103 VUs, 94 complete and 0 interrupted iterations
a1     [   2% ] 101/103 VUs  0m04.0s/3m0s  50.00 iters/s

running (0m05.0s), 123/124 VUs, 101 complete and 0 interrupted iterations
a1     [   3% ] 123/124 VUs  0m05.0s/3m0s  50.00 iters/s

running (0m06.0s), 126/132 VUs, 140 complete and 0 interrupted iterations
a1     [   3% ] 126/132 VUs  0m06.0s/3m0s  50.00 iters/s

running (0m07.0s), 125/140 VUs, 183 complete and 0 interrupted iterations
a1     [   4% ] 125/140 VUs  0m07.0s/3m0s  50.00 iters/s

running (0m08.0s), 131/146 VUs, 221 complete and 0 interrupted iterations
a1     [   4% ] 131/146 VUs  0m08.0s/3m0s  50.00 iters/s

running (0m09.0s), 133/148 VUs, 267 complete and 0 interrupted iterations
a1     [   5% ] 133/148 VUs  0m09.0s/3m0s  50.00 iters/s

running (0m10.0s), 001/148 VUs, 449 complete and 0 interrupted iterations
a1     [   6% ] 001/148 VUs  0m10.0s/3m0s  50.00 iters/s

running (0m11.0s), 001/148 VUs, 499 complete and 0 interrupted iterations
a1     [   6% ] 001/148 VUs  0m11.0s/3m0s  50.00 iters/s

running (0m12.0s), 021/148 VUs, 529 complete and 0 interrupted iterations
a1     [   7% ] 021/148 VUs  0m12.0s/3m0s  50.00 iters/s

running (0m13.0s), 024/148 VUs, 576 complete and 0 interrupted iterations
a1     [   7% ] 024/148 VUs  0m13.0s/3m0s  50.00 iters/s

running (0m14.0s), 017/148 VUs, 633 complete and 0 interrupted iterations
a1     [   8% ] 017/148 VUs  0m14.0s/3m0s  50.00 iters/s

running (0m15.0s), 018/148 VUs, 682 complete and 0 interrupted iterations
a1     [   8% ] 018/148 VUs  0m15.0s/3m0s  50.00 iters/s

running (0m16.0s), 026/148 VUs, 724 complete and 0 interrupted iterations
a1     [   9% ] 026/148 VUs  0m16.0s/3m0s  50.00 iters/s

running (0m17.0s), 012/148 VUs, 788 complete and 0 interrupted iterations
a1     [   9% ] 012/148 VUs  0m17.0s/3m0s  50.00 iters/s

running (0m18.0s), 013/148 VUs, 837 complete and 0 interrupted iterations
a1     [  10% ] 013/148 VUs  0m18.0s/3m0s  50.00 iters/s

running (0m19.0s), 028/148 VUs, 872 complete and 0 interrupted iterations
a1     [  11% ] 028/148 VUs  0m19.0s/3m0s  50.00 iters/s

running (0m20.0s), 027/148 VUs, 923 complete and 0 interrupted iterations
a1     [  11% ] 027/148 VUs  0m20.0s/3m0s  50.00 iters/s

running (0m21.0s), 029/148 VUs, 971 complete and 0 interrupted iterations
a1     [  12% ] 029/148 VUs  0m21.0s/3m0s  50.00 iters/s

running (0m22.0s), 009/148 VUs, 1041 complete and 0 interrupted iterations
a1     [  12% ] 009/148 VUs  0m22.0s/3m0s  50.00 iters/s

running (0m23.0s), 000/148 VUs, 1100 complete and 0 interrupted iterations
a1     [  13% ] 000/148 VUs  0m23.0s/3m0s  50.00 iters/s

running (0m24.0s), 000/148 VUs, 1150 complete and 0 interrupted iterations
a1     [  13% ] 000/148 VUs  0m24.0s/3m0s  50.00 iters/s

running (0m25.0s), 000/148 VUs, 1200 complete and 0 interrupted iterations
a1     [  14% ] 000/148 VUs  0m25.0s/3m0s  50.00 iters/s

running (0m26.0s), 022/148 VUs, 1228 complete and 0 interrupted iterations
a1     [  14% ] 022/148 VUs  0m26.0s/3m0s  50.00 iters/s

running (0m27.0s), 021/148 VUs, 1279 complete and 0 interrupted iterations
a1     [  15% ] 021/148 VUs  0m27.0s/3m0s  50.00 iters/s

running (0m28.0s), 016/148 VUs, 1334 complete and 0 interrupted iterations
a1     [  16% ] 016/148 VUs  0m28.0s/3m0s  50.00 iters/s

running (0m29.0s), 019/148 VUs, 1381 complete and 0 interrupted iterations
a1     [  16% ] 019/148 VUs  0m29.0s/3m0s  50.00 iters/s

running (0m30.0s), 024/148 VUs, 1426 complete and 0 interrupted iterations
a1     [  17% ] 024/148 VUs  0m30.0s/3m0s  50.00 iters/s

running (0m31.0s), 014/148 VUs, 1486 complete and 0 interrupted iterations
a1     [  17% ] 014/148 VUs  0m31.0s/3m0s  50.00 iters/s

running (0m32.0s), 016/148 VUs, 1534 complete and 0 interrupted iterations
a1     [  18% ] 016/148 VUs  0m32.0s/3m0s  50.00 iters/s

running (0m33.0s), 000/148 VUs, 1600 complete and 0 interrupted iterations
a1     [  18% ] 000/148 VUs  0m33.0s/3m0s  50.00 iters/s

running (0m34.0s), 000/148 VUs, 1650 complete and 0 interrupted iterations
a1     [  19% ] 000/148 VUs  0m34.0s/3m0s  50.00 iters/s

running (0m35.0s), 025/148 VUs, 1675 complete and 0 interrupted iterations
a1     [  19% ] 025/148 VUs  0m35.0s/3m0s  50.00 iters/s

running (0m36.0s), 000/148 VUs, 1750 complete and 0 interrupted iterations
a1     [  20% ] 000/148 VUs  0m36.0s/3m0s  50.00 iters/s

running (0m37.0s), 000/148 VUs, 1800 complete and 0 interrupted iterations
a1     [  21% ] 000/148 VUs  0m37.0s/3m0s  50.00 iters/s

running (0m38.0s), 000/148 VUs, 1850 complete and 0 interrupted iterations
a1     [  21% ] 000/148 VUs  0m38.0s/3m0s  50.00 iters/s

running (0m39.0s), 001/148 VUs, 1899 complete and 0 interrupted iterations
a1     [  22% ] 001/148 VUs  0m39.0s/3m0s  50.00 iters/s

running (0m40.0s), 024/148 VUs, 1926 complete and 0 interrupted iterations
a1     [  22% ] 024/148 VUs  0m40.0s/3m0s  50.00 iters/s

running (0m41.0s), 030/148 VUs, 1970 complete and 0 interrupted iterations
a1     [  23% ] 030/148 VUs  0m41.0s/3m0s  50.00 iters/s

running (0m42.0s), 030/148 VUs, 2020 complete and 0 interrupted iterations
a1     [  23% ] 030/148 VUs  0m42.0s/3m0s  50.00 iters/s

running (0m43.0s), 030/148 VUs, 2070 complete and 0 interrupted iterations
a1     [  24% ] 030/148 VUs  0m43.0s/3m0s  50.00 iters/s

running (0m44.0s), 030/148 VUs, 2120 complete and 0 interrupted iterations
a1     [  24% ] 030/148 VUs  0m44.0s/3m0s  50.00 iters/s

running (0m45.0s), 029/148 VUs, 2171 complete and 0 interrupted iterations
a1     [  25% ] 029/148 VUs  0m45.0s/3m0s  50.00 iters/s

running (0m46.0s), 024/148 VUs, 2226 complete and 0 interrupted iterations
a1     [  26% ] 024/148 VUs  0m46.0s/3m0s  50.00 iters/s

running (0m47.0s), 029/148 VUs, 2271 complete and 0 interrupted iterations
a1     [  26% ] 029/148 VUs  0m47.0s/3m0s  50.00 iters/s

running (0m48.0s), 014/148 VUs, 2336 complete and 0 interrupted iterations
a1     [  27% ] 014/148 VUs  0m48.0s/3m0s  50.00 iters/s

running (0m49.0s), 012/148 VUs, 2388 complete and 0 interrupted iterations
a1     [  27% ] 012/148 VUs  0m49.0s/3m0s  50.00 iters/s

running (0m50.0s), 025/148 VUs, 2425 complete and 0 interrupted iterations
a1     [  28% ] 025/148 VUs  0m50.0s/3m0s  50.00 iters/s

running (0m51.0s), 015/148 VUs, 2485 complete and 0 interrupted iterations
a1     [  28% ] 015/148 VUs  0m51.0s/3m0s  50.00 iters/s

running (0m52.0s), 019/148 VUs, 2531 complete and 0 interrupted iterations
a1     [  29% ] 019/148 VUs  0m52.0s/3m0s  50.00 iters/s

running (0m53.0s), 069/148 VUs, 2531 complete and 0 interrupted iterations
a1     [  29% ] 069/148 VUs  0m53.0s/3m0s  50.00 iters/s

running (0m54.0s), 093/148 VUs, 2557 complete and 0 interrupted iterations
a1     [  30% ] 093/148 VUs  0m54.0s/3m0s  50.00 iters/s

running (0m55.0s), 130/148 VUs, 2570 complete and 0 interrupted iterations
a1     [  31% ] 130/148 VUs  0m55.0s/3m0s  50.00 iters/s

running (0m56.0s), 161/162 VUs, 2575 complete and 0 interrupted iterations
a1     [  31% ] 161/162 VUs  0m56.0s/3m0s  50.00 iters/s

running (0m57.0s), 184/185 VUs, 2579 complete and 0 interrupted iterations
a1     [  32% ] 184/185 VUs  0m57.0s/3m0s  50.00 iters/s

running (0m58.0s), 201/202 VUs, 2595 complete and 0 interrupted iterations
a1     [  32% ] 201/202 VUs  0m58.0s/3m0s  50.00 iters/s

running (0m59.0s), 203/216 VUs, 2629 complete and 0 interrupted iterations
a1     [  33% ] 203/216 VUs  0m59.0s/3m0s  50.00 iters/s

running (1m00.0s), 001/216 VUs, 2881 complete and 0 interrupted iterations
a1     [  33% ] 001/216 VUs  1m00.0s/3m0s  50.00 iters/s

running (1m01.0s), 001/216 VUs, 2931 complete and 0 interrupted iterations
a1     [  34% ] 001/216 VUs  1m01.0s/3m0s  50.00 iters/s

running (1m02.0s), 001/216 VUs, 2981 complete and 0 interrupted iterations
a1     [  34% ] 001/216 VUs  1m02.0s/3m0s  50.00 iters/s

running (1m03.0s), 001/216 VUs, 3031 complete and 0 interrupted iterations
a1     [  35% ] 001/216 VUs  1m03.0s/3m0s  50.00 iters/s

running (1m04.0s), 001/216 VUs, 3081 complete and 0 interrupted iterations
a1     [  36% ] 001/216 VUs  1m04.0s/3m0s  50.00 iters/s

running (1m05.0s), 001/216 VUs, 3131 complete and 0 interrupted iterations
a1     [  36% ] 001/216 VUs  1m05.0s/3m0s  50.00 iters/s

running (1m06.0s), 045/216 VUs, 3137 complete and 0 interrupted iterations
a1     [  37% ] 045/216 VUs  1m06.0s/3m0s  50.00 iters/s

running (1m07.0s), 039/216 VUs, 3193 complete and 0 interrupted iterations
a1     [  37% ] 039/216 VUs  1m07.0s/3m0s  50.00 iters/s

running (1m08.0s), 036/216 VUs, 3246 complete and 0 interrupted iterations
a1     [  38% ] 036/216 VUs  1m08.0s/3m0s  50.00 iters/s

running (1m09.0s), 040/216 VUs, 3292 complete and 0 interrupted iterations
a1     [  38% ] 040/216 VUs  1m09.0s/3m0s  50.00 iters/s

running (1m10.0s), 025/216 VUs, 3357 complete and 0 interrupted iterations
a1     [  39% ] 025/216 VUs  1m10.0s/3m0s  50.00 iters/s

running (1m11.0s), 002/216 VUs, 3430 complete and 0 interrupted iterations
a1     [  39% ] 002/216 VUs  1m11.0s/3m0s  50.00 iters/s

running (1m12.0s), 000/216 VUs, 3482 complete and 0 interrupted iterations
a1     [  40% ] 000/216 VUs  1m12.0s/3m0s  50.00 iters/s

running (1m13.0s), 006/216 VUs, 3526 complete and 0 interrupted iterations
a1     [  41% ] 006/216 VUs  1m13.0s/3m0s  50.00 iters/s

running (1m14.0s), 000/216 VUs, 3582 complete and 0 interrupted iterations
a1     [  41% ] 000/216 VUs  1m14.0s/3m0s  50.00 iters/s

running (1m15.0s), 001/216 VUs, 3631 complete and 0 interrupted iterations
a1     [  42% ] 001/216 VUs  1m15.0s/3m0s  50.00 iters/s

running (1m16.0s), 000/216 VUs, 3682 complete and 0 interrupted iterations
a1     [  42% ] 000/216 VUs  1m16.0s/3m0s  50.00 iters/s

running (1m17.0s), 001/216 VUs, 3731 complete and 0 interrupted iterations
a1     [  43% ] 001/216 VUs  1m17.0s/3m0s  50.00 iters/s

running (1m18.0s), 001/216 VUs, 3781 complete and 0 interrupted iterations
a1     [  43% ] 001/216 VUs  1m18.0s/3m0s  50.00 iters/s

running (1m19.0s), 047/216 VUs, 3785 complete and 0 interrupted iterations
a1     [  44% ] 047/216 VUs  1m19.0s/3m0s  50.00 iters/s

running (1m20.0s), 092/216 VUs, 3790 complete and 0 interrupted iterations
a1     [  44% ] 092/216 VUs  1m20.0s/3m0s  50.00 iters/s

running (1m21.0s), 124/216 VUs, 3808 complete and 0 interrupted iterations
a1     [  45% ] 124/216 VUs  1m21.0s/3m0s  50.00 iters/s

running (1m22.0s), 167/216 VUs, 3815 complete and 0 interrupted iterations
a1     [  46% ] 167/216 VUs  1m22.0s/3m0s  50.00 iters/s

running (1m23.0s), 203/216 VUs, 3829 complete and 0 interrupted iterations
a1     [  46% ] 203/216 VUs  1m23.0s/3m0s  50.00 iters/s

running (1m24.0s), 220/225 VUs, 3853 complete and 0 interrupted iterations
a1     [  47% ] 220/225 VUs  1m24.0s/3m0s  50.00 iters/s

running (1m25.0s), 220/233 VUs, 3895 complete and 0 interrupted iterations
a1     [  47% ] 220/233 VUs  1m25.0s/3m0s  50.00 iters/s

running (1m26.0s), 011/233 VUs, 4154 complete and 0 interrupted iterations
a1     [  48% ] 011/233 VUs  1m26.0s/3m0s  50.00 iters/s

running (1m27.0s), 011/233 VUs, 4204 complete and 0 interrupted iterations
a1     [  48% ] 011/233 VUs  1m27.0s/3m0s  50.00 iters/s

running (1m28.0s), 010/233 VUs, 4255 complete and 0 interrupted iterations
a1     [  49% ] 010/233 VUs  1m28.0s/3m0s  50.00 iters/s

running (1m29.0s), 010/233 VUs, 4305 complete and 0 interrupted iterations
a1     [  49% ] 010/233 VUs  1m29.0s/3m0s  50.00 iters/s

running (1m30.0s), 012/233 VUs, 4353 complete and 0 interrupted iterations
a1     [  50% ] 012/233 VUs  1m30.0s/3m0s  50.00 iters/s

running (1m31.0s), 010/233 VUs, 4405 complete and 0 interrupted iterations
a1     [  51% ] 010/233 VUs  1m31.0s/3m0s  50.00 iters/s

running (1m32.0s), 011/233 VUs, 4454 complete and 0 interrupted iterations
a1     [  51% ] 011/233 VUs  1m32.0s/3m0s  50.00 iters/s

running (1m33.0s), 012/233 VUs, 4503 complete and 0 interrupted iterations
a1     [  52% ] 012/233 VUs  1m33.0s/3m0s  50.00 iters/s

running (1m34.0s), 012/233 VUs, 4553 complete and 0 interrupted iterations
a1     [  52% ] 012/233 VUs  1m34.0s/3m0s  50.00 iters/s

running (1m35.0s), 035/233 VUs, 4580 complete and 0 interrupted iterations
a1     [  53% ] 035/233 VUs  1m35.0s/3m0s  50.00 iters/s

running (1m36.0s), 010/233 VUs, 4655 complete and 0 interrupted iterations
a1     [  53% ] 010/233 VUs  1m36.0s/3m0s  50.00 iters/s

running (1m37.0s), 010/233 VUs, 4705 complete and 0 interrupted iterations
a1     [  54% ] 010/233 VUs  1m37.0s/3m0s  50.00 iters/s

running (1m38.0s), 010/233 VUs, 4755 complete and 0 interrupted iterations
a1     [  54% ] 010/233 VUs  1m38.0s/3m0s  50.00 iters/s

running (1m39.0s), 010/233 VUs, 4805 complete and 0 interrupted iterations
a1     [  55% ] 010/233 VUs  1m39.0s/3m0s  50.00 iters/s

running (1m40.0s), 010/233 VUs, 4855 complete and 0 interrupted iterations
a1     [  56% ] 010/233 VUs  1m40.0s/3m0s  50.00 iters/s

running (1m41.0s), 010/233 VUs, 4905 complete and 0 interrupted iterations
a1     [  56% ] 010/233 VUs  1m41.0s/3m0s  50.00 iters/s

running (1m42.0s), 010/233 VUs, 4955 complete and 0 interrupted iterations
a1     [  57% ] 010/233 VUs  1m42.0s/3m0s  50.00 iters/s

running (1m43.0s), 009/233 VUs, 5006 complete and 0 interrupted iterations
a1     [  57% ] 009/233 VUs  1m43.0s/3m0s  50.00 iters/s

running (1m44.0s), 010/233 VUs, 5055 complete and 0 interrupted iterations
a1     [  58% ] 010/233 VUs  1m44.0s/3m0s  50.00 iters/s

running (1m45.0s), 010/233 VUs, 5105 complete and 0 interrupted iterations
a1     [  58% ] 010/233 VUs  1m45.0s/3m0s  50.00 iters/s

running (1m46.0s), 059/233 VUs, 5106 complete and 0 interrupted iterations
a1     [  59% ] 059/233 VUs  1m46.0s/3m0s  50.00 iters/s

running (1m47.0s), 087/233 VUs, 5128 complete and 0 interrupted iterations
a1     [  59% ] 087/233 VUs  1m47.0s/3m0s  50.00 iters/s

running (1m48.0s), 135/233 VUs, 5130 complete and 0 interrupted iterations
a1     [  60% ] 135/233 VUs  1m48.0s/3m0s  50.00 iters/s

running (1m49.0s), 158/233 VUs, 5157 complete and 0 interrupted iterations
a1     [  61% ] 158/233 VUs  1m49.0s/3m0s  50.00 iters/s

running (1m50.0s), 207/233 VUs, 5158 complete and 0 interrupted iterations
a1     [  61% ] 207/233 VUs  1m50.0s/3m0s  50.00 iters/s

running (1m51.0s), 238/238 VUs, 5172 complete and 0 interrupted iterations
a1     [  62% ] 238/238 VUs  1m51.0s/3m0s  50.00 iters/s

running (1m52.0s), 227/249 VUs, 5222 complete and 0 interrupted iterations
a1     [  62% ] 227/249 VUs  1m52.0s/3m0s  50.00 iters/s

running (1m53.0s), 001/249 VUs, 5498 complete and 0 interrupted iterations
a1     [  63% ] 001/249 VUs  1m53.0s/3m0s  50.00 iters/s

running (1m54.0s), 000/249 VUs, 5549 complete and 0 interrupted iterations
a1     [  63% ] 000/249 VUs  1m54.0s/3m0s  50.00 iters/s
time="2026-09-09T13:16:59+05:00" level=warning msg="The test has generated metrics with 100138 unique time series, which is higher than the suggested limit of 100000 and could cause high memory usage. Consider not using high-cardinality values like unique IDs as metric tags or, if you need them in the URL, use the name metric tag or URL grouping. See https://grafana.com/docs/k6/latest/using-k6/tags-and-groups/ for details." component=metrics-engine-ingester

running (1m55.0s), 001/249 VUs, 5598 complete and 0 interrupted iterations
a1     [  64% ] 001/249 VUs  1m55.0s/3m0s  50.00 iters/s

running (1m56.0s), 001/249 VUs, 5648 complete and 0 interrupted iterations
a1     [  64% ] 001/249 VUs  1m56.0s/3m0s  50.00 iters/s

running (1m57.0s), 001/249 VUs, 5698 complete and 0 interrupted iterations
a1     [  65% ] 001/249 VUs  1m57.0s/3m0s  50.00 iters/s

running (1m58.0s), 001/249 VUs, 5748 complete and 0 interrupted iterations
a1     [  66% ] 001/249 VUs  1m58.0s/3m0s  50.00 iters/s

running (1m59.0s), 001/249 VUs, 5798 complete and 0 interrupted iterations
a1     [  66% ] 001/249 VUs  1m59.0s/3m0s  50.00 iters/s

running (2m00.0s), 000/249 VUs, 5849 complete and 0 interrupted iterations
a1     [  67% ] 000/249 VUs  2m00.0s/3m0s  50.00 iters/s

running (2m01.0s), 026/249 VUs, 5873 complete and 0 interrupted iterations
a1     [  67% ] 026/249 VUs  2m01.0s/3m0s  50.00 iters/s

running (2m02.0s), 002/249 VUs, 5947 complete and 0 interrupted iterations
a1     [  68% ] 002/249 VUs  2m02.0s/3m0s  50.00 iters/s

running (2m03.0s), 000/249 VUs, 5999 complete and 0 interrupted iterations
a1     [  68% ] 000/249 VUs  2m03.0s/3m0s  50.00 iters/s

running (2m04.0s), 000/249 VUs, 6049 complete and 0 interrupted iterations
a1     [  69% ] 000/249 VUs  2m04.0s/3m0s  50.00 iters/s

running (2m05.0s), 001/249 VUs, 6098 complete and 0 interrupted iterations
a1     [  69% ] 001/249 VUs  2m05.0s/3m0s  50.00 iters/s

running (2m06.0s), 015/249 VUs, 6134 complete and 0 interrupted iterations
a1     [  70% ] 015/249 VUs  2m06.0s/3m0s  50.00 iters/s

running (2m07.0s), 000/249 VUs, 6199 complete and 0 interrupted iterations
a1     [  71% ] 000/249 VUs  2m07.0s/3m0s  50.00 iters/s

running (2m08.0s), 001/249 VUs, 6248 complete and 0 interrupted iterations
a1     [  71% ] 001/249 VUs  2m08.0s/3m0s  50.00 iters/s

running (2m09.0s), 000/249 VUs, 6299 complete and 0 interrupted iterations
a1     [  72% ] 000/249 VUs  2m09.0s/3m0s  50.00 iters/s

running (2m10.0s), 001/249 VUs, 6348 complete and 0 interrupted iterations
a1     [  72% ] 001/249 VUs  2m10.0s/3m0s  50.00 iters/s

running (2m11.0s), 031/249 VUs, 6368 complete and 0 interrupted iterations
a1     [  73% ] 031/249 VUs  2m11.0s/3m0s  50.00 iters/s

running (2m12.0s), 046/249 VUs, 6403 complete and 0 interrupted iterations
a1     [  73% ] 046/249 VUs  2m12.0s/3m0s  50.00 iters/s

running (2m13.0s), 096/249 VUs, 6403 complete and 0 interrupted iterations
a1     [  74% ] 096/249 VUs  2m13.0s/3m0s  50.00 iters/s

running (2m14.0s), 130/249 VUs, 6419 complete and 0 interrupted iterations
a1     [  74% ] 130/249 VUs  2m14.0s/3m0s  50.00 iters/s

running (2m15.0s), 173/249 VUs, 6426 complete and 0 interrupted iterations
a1     [  75% ] 173/249 VUs  2m15.0s/3m0s  50.00 iters/s

running (2m16.0s), 191/249 VUs, 6458 complete and 0 interrupted iterations
a1     [  76% ] 191/249 VUs  2m16.0s/3m0s  50.00 iters/s

running (2m17.0s), 230/249 VUs, 6469 complete and 0 interrupted iterations
a1     [  76% ] 230/249 VUs  2m17.0s/3m0s  50.00 iters/s

running (2m18.0s), 154/249 VUs, 6596 complete and 0 interrupted iterations
a1     [  77% ] 154/249 VUs  2m18.0s/3m0s  50.00 iters/s

running (2m19.0s), 008/249 VUs, 6791 complete and 0 interrupted iterations
a1     [  77% ] 008/249 VUs  2m19.0s/3m0s  50.00 iters/s

running (2m20.0s), 008/249 VUs, 6841 complete and 0 interrupted iterations
a1     [  78% ] 008/249 VUs  2m20.0s/3m0s  50.00 iters/s

running (2m21.0s), 008/249 VUs, 6891 complete and 0 interrupted iterations
a1     [  78% ] 008/249 VUs  2m21.0s/3m0s  50.00 iters/s

running (2m22.0s), 008/249 VUs, 6941 complete and 0 interrupted iterations
a1     [  79% ] 008/249 VUs  2m22.0s/3m0s  50.00 iters/s

running (2m23.0s), 057/249 VUs, 6942 complete and 0 interrupted iterations
a1     [  79% ] 057/249 VUs  2m23.0s/3m0s  50.00 iters/s

running (2m24.0s), 103/249 VUs, 6946 complete and 0 interrupted iterations
a1     [  80% ] 103/249 VUs  2m24.0s/3m0s  50.00 iters/s

running (2m25.0s), 140/249 VUs, 6959 complete and 0 interrupted iterations
a1     [  81% ] 140/249 VUs  2m25.0s/3m0s  50.00 iters/s

running (2m26.0s), 052/249 VUs, 7097 complete and 0 interrupted iterations
a1     [  81% ] 052/249 VUs  2m26.0s/3m0s  50.00 iters/s

running (2m27.0s), 080/249 VUs, 7119 complete and 0 interrupted iterations
a1     [  82% ] 080/249 VUs  2m27.0s/3m0s  50.00 iters/s

running (2m28.0s), 117/249 VUs, 7132 complete and 0 interrupted iterations
a1     [  82% ] 117/249 VUs  2m28.0s/3m0s  50.00 iters/s

running (2m29.0s), 018/249 VUs, 7281 complete and 0 interrupted iterations
a1     [  83% ] 018/249 VUs  2m29.0s/3m0s  50.00 iters/s

running (2m30.0s), 001/249 VUs, 7348 complete and 0 interrupted iterations
a1     [  83% ] 001/249 VUs  2m30.0s/3m0s  50.00 iters/s

running (2m31.0s), 007/249 VUs, 7392 complete and 0 interrupted iterations
a1     [  84% ] 007/249 VUs  2m31.0s/3m0s  50.00 iters/s

running (2m32.0s), 024/249 VUs, 7425 complete and 0 interrupted iterations
a1     [  84% ] 024/249 VUs  2m32.0s/3m0s  50.00 iters/s

running (2m33.0s), 022/249 VUs, 7477 complete and 0 interrupted iterations
a1     [  85% ] 022/249 VUs  2m33.0s/3m0s  50.00 iters/s

running (2m34.0s), 015/249 VUs, 7534 complete and 0 interrupted iterations
a1     [  86% ] 015/249 VUs  2m34.0s/3m0s  50.00 iters/s

running (2m35.0s), 028/249 VUs, 7571 complete and 0 interrupted iterations
a1     [  86% ] 028/249 VUs  2m35.0s/3m0s  50.00 iters/s

running (2m36.0s), 007/249 VUs, 7642 complete and 0 interrupted iterations
a1     [  87% ] 007/249 VUs  2m36.0s/3m0s  50.00 iters/s

running (2m37.0s), 000/249 VUs, 7699 complete and 0 interrupted iterations
a1     [  87% ] 000/249 VUs  2m37.0s/3m0s  50.00 iters/s

running (2m38.0s), 026/249 VUs, 7723 complete and 0 interrupted iterations
a1     [  88% ] 026/249 VUs  2m38.0s/3m0s  50.00 iters/s

running (2m39.0s), 021/249 VUs, 7778 complete and 0 interrupted iterations
a1     [  88% ] 021/249 VUs  2m39.0s/3m0s  50.00 iters/s

running (2m40.0s), 029/249 VUs, 7820 complete and 0 interrupted iterations
a1     [  89% ] 029/249 VUs  2m40.0s/3m0s  50.00 iters/s

running (2m41.0s), 000/249 VUs, 7899 complete and 0 interrupted iterations
a1     [  89% ] 000/249 VUs  2m41.0s/3m0s  50.00 iters/s

running (2m42.0s), 000/249 VUs, 7949 complete and 0 interrupted iterations
a1     [  90% ] 000/249 VUs  2m42.0s/3m0s  50.00 iters/s

running (2m43.0s), 000/249 VUs, 7999 complete and 0 interrupted iterations
a1     [  91% ] 000/249 VUs  2m43.0s/3m0s  50.00 iters/s

running (2m44.0s), 023/249 VUs, 8026 complete and 0 interrupted iterations
a1     [  91% ] 023/249 VUs  2m44.0s/3m0s  50.00 iters/s

running (2m45.0s), 068/249 VUs, 8031 complete and 0 interrupted iterations
a1     [  92% ] 068/249 VUs  2m45.0s/3m0s  50.00 iters/s

running (2m46.0s), 097/249 VUs, 8052 complete and 0 interrupted iterations
a1     [  92% ] 097/249 VUs  2m46.0s/3m0s  50.00 iters/s

running (2m47.0s), 126/249 VUs, 8073 complete and 0 interrupted iterations
a1     [  93% ] 126/249 VUs  2m47.0s/3m0s  50.00 iters/s

running (2m48.0s), 173/249 VUs, 8076 complete and 0 interrupted iterations
a1     [  93% ] 173/249 VUs  2m48.0s/3m0s  50.00 iters/s

running (2m49.0s), 208/249 VUs, 8091 complete and 0 interrupted iterations
a1     [  94% ] 208/249 VUs  2m49.0s/3m0s  50.00 iters/s

running (2m50.0s), 250/250 VUs, 8098 complete and 0 interrupted iterations
a1     [  94% ] 250/250 VUs  2m50.0s/3m0s  50.00 iters/s

running (2m51.0s), 233/263 VUs, 8152 complete and 0 interrupted iterations
a1     [  95% ] 233/263 VUs  2m51.0s/3m0s  50.00 iters/s

running (2m52.0s), 000/263 VUs, 8435 complete and 0 interrupted iterations
a1     [  96% ] 000/263 VUs  2m52.0s/3m0s  50.00 iters/s

running (2m53.0s), 000/263 VUs, 8485 complete and 0 interrupted iterations
a1     [  96% ] 000/263 VUs  2m53.0s/3m0s  50.00 iters/s

running (2m54.0s), 000/263 VUs, 8535 complete and 0 interrupted iterations
a1     [  97% ] 000/263 VUs  2m54.0s/3m0s  50.00 iters/s

running (2m55.0s), 023/263 VUs, 8562 complete and 0 interrupted iterations
a1     [  97% ] 023/263 VUs  2m55.0s/3m0s  50.00 iters/s

running (2m56.0s), 021/263 VUs, 8614 complete and 0 interrupted iterations
a1     [  98% ] 021/263 VUs  2m56.0s/3m0s  50.00 iters/s

running (2m57.0s), 020/263 VUs, 8665 complete and 0 interrupted iterations
a1     [  98% ] 020/263 VUs  2m57.0s/3m0s  50.00 iters/s

running (2m58.0s), 019/263 VUs, 8716 complete and 0 interrupted iterations
a1     [  99% ] 019/263 VUs  2m58.0s/3m0s  50.00 iters/s

running (2m59.0s), 017/263 VUs, 8768 complete and 0 interrupted iterations
a1     [  99% ] 017/263 VUs  2m59.0s/3m0s  50.00 iters/s

running (3m00.0s), 018/263 VUs, 8817 complete and 0 interrupted iterations
a1     [ 100% ] 018/263 VUs  3m00.0s/3m0s  50.00 iters/s


  █ THRESHOLDS 

    http_req_failed
    ✓ 'rate<0.05' rate=0.00%


  █ TOTAL RESULTS 

    checks_total.......: 26514   147.112797/s
    checks_succeeded...: 100.00% 26514 out of 26514
    checks_failed......: 0.00%   0 out of 26514

    ✓ initiated
    ✓ validated
    ✓ terminal

    CUSTOM
    a1_lifecycle_duration..........: avg=961.42ms min=7ms    med=325ms    p(95)=4.33s p(99)=5.45s max=6.74s
    a1_lifecycles_completed........: 8838   49.037599/s
    a1_transitions_committed.......: 26514  147.112797/s

    HTTP
    http_req_duration..............: avg=320.28ms min=1.72ms med=59.8ms   p(95)=1.71s p(99)=2.69s max=4.56s
      { expected_response:true }...: avg=320.28ms min=1.72ms med=59.8ms   p(95)=1.71s p(99)=2.69s max=4.56s
    http_req_failed................: 0.00%  0 out of 26514
    http_reqs......................: 26514  147.112797/s

    EXECUTION
    dropped_iterations.............: 163    0.904405/s
    iteration_duration.............: avg=961.52ms min=7.2ms  med=325.44ms p(95)=4.33s p(99)=5.45s max=6.74s
    iterations.....................: 8838   49.037599/s
    vus............................: 18     min=0          max=250
    vus_max........................: 263    min=100        max=263

    NETWORK
    data_received..................: 10 MB  56 kB/s
    data_sent......................: 5.7 MB 32 kB/s




running (3m00.2s), 000/263 VUs, 8838 complete and 0 interrupted iterations
a1   ✓ [ 100% ] 000/263 VUs  3m0s  50.00 iters/s
