[14:19:03] === RUN WRAPPER_B3-P1-r1-F11-20260904141903 ===
[14:19:03] mode=WRAPPER_B3 profile=P1 rep=1 tps=50 duration=180s fault=F11
[14:19:03] jar: target/master-thesis-observability-0.0.1-SNAPSHOT.jar
[14:19:03] workload tozalanmoqda (reference saqlanadi)
workload reset; reference data preserved
AQ backlog purged: 0 -> 0
[14:19:04] Kafka topigi qayta yaratilmoqda
[14:19:13] ilova ishga tushirilmoqda (mode=WRAPPER_B3)
[14:19:26] ilova tayyor (pid 1666984)
[14:19:29] fault F11 60s dan keyin yuboriladi
[14:19:29] k6 yuklamasi boshlandi
[fault 14:20:35] 20000 tranzaksiya ilovadan chetlab yaratilmoqda (PL/SQL batch)
PL/SQL procedure successfully completed.

[fault 14:20:52] F11 tugadi
[14:22:49] pipeline bo'shashi kutilmoqda (maks 120s)
[14:22:59] pipeline bo'sh (4s, sink=27003 xabar)
[14:23:09] ground truth eksport qilinmoqda
[14:23:10] Kafka topigi eksport qilinmoqda
[14:24:03] tahlil
{
  "mode": "WRAPPER_B3",
  "profile": "P1",
  "rep": "1",
  "fault": "F11",
  "ground_truth_transitions": 86982,
  "delivered_distinct": 27003,
  "delivered_total": 27003,
  "matched": 27003,
  "missing": 59979,
  "phantom": 0,
  "malformed": 0,
  "loss_rate": 0.68955646,
  "loss_rate_ppm": 689556.46,
  "duplicate_rate": 0.0,
  "ordering_violation_rate": 0.0,
  "txns_split_across_partitions": 0,
  "latency_ms_p50": 140,
  "latency_ms_p95": 251,
  "latency_ms_p99": 4156,
  "latency_ms_max": 5196,
  "latency_ms_mean": 211.9,
  "latency_samples": 27003,
  "latency_negative_samples": 0
}
[14:24:03] ilova va konnektor to'xtatilmoqda
[14:24:07] === TUGADI: results/WRAPPER_B3-P1-r1-F11-20260904141903 ===
