[10:46:32] === RUN WRAPPER_B3-P1-r1-20260904104632 ===
[10:46:32] mode=WRAPPER_B3 profile=P1 rep=1 tps=50 duration=120s fault=none
[10:46:32] jar: target/master-thesis-observability-0.0.1-SNAPSHOT.jar
[10:46:32] workload tozalanmoqda (reference saqlanadi)
workload reset; reference data preserved
AQ backlog purged: 0 -> 0
[10:46:33] Kafka topigi qayta yaratilmoqda
[10:46:45] ilova ishga tushirilmoqda (mode=WRAPPER_B3)
[10:46:59] ilova tayyor (pid 3513623)
[10:47:03] k6 yuklamasi boshlandi
[10:49:15] pipeline bo'shashi kutilmoqda (maks 120s)
[10:49:26] pipeline bo'sh (4s, sink=18003 xabar)
[10:49:39] ground truth eksport qilinmoqda
[10:49:40] Kafka topigi eksport qilinmoqda
[10:50:07] tahlil
{
  "mode": "WRAPPER_B3",
  "profile": "P1",
  "rep": "1",
  "fault": "none",
  "ground_truth_transitions": 18003,
  "delivered_distinct": 18003,
  "delivered_total": 18003,
  "matched": 18003,
  "missing": 0,
  "phantom": 0,
  "malformed": 0,
  "loss_rate": 0.0,
  "loss_rate_ppm": 0.0,
  "duplicate_rate": 0.0,
  "ordering_violation_rate": 0.0,
  "txns_split_across_partitions": 0,
  "latency_ms_p50": 128,
  "latency_ms_p95": 232,
  "latency_ms_p99": 1304,
  "latency_ms_max": 3175,
  "latency_ms_mean": 157.3,
  "latency_samples": 18003,
  "latency_negative_samples": 0,
  "loss_rate_upper_bound_95_ppm": 166.64
}
[10:50:08] ilova va konnektor to'xtatilmoqda
[10:50:15] === TUGADI: results/WRAPPER_B3-P1-r1-20260904104632 ===
