[09:34:27] === RUN CDC-C2N1OFF-r3-20260910093427 ===
[09:34:27] mode=CDC profile=C2N1OFF rep=3 tps=50 duration=180s fault=none
[09:34:27] jar: target/master-thesis-observability-0.0.1-SNAPSHOT.jar
[09:34:27] arxiv redo tozalanmoqda
[09:34:27] workload tozalanmoqda (reference saqlanadi)
workload reset; reference data preserved
AQ backlog purged: 0 -> 0
[09:34:28] Kafka topigi qayta yaratilmoqda
[09:34:37] ilova ishga tushirilmoqda (mode=CDC)
[09:34:49] ilova tayyor (pid 241802)
[09:34:49] --no-connector: konnektorsiz ishlatilmoqda (C2 bazaviy sharti)
[09:34:52] k6 yuklamasi boshlandi
[09:37:53] k6 iteratsiyalari: 9000
[09:37:53] qat'iy settle: 45s (o'lchov oynasi ikkala qo'lda bir xil)
[09:38:38] pipeline bo'shashi kutilmoqda (maks 120s)
[09:39:00] pipeline bo'sh (15s, sink=0 / gt=27000)
[09:39:10] ground truth eksport qilinmoqda
[09:39:11] Kafka topigi eksport qilinmoqda
[09:39:21] tahlil
{
  "mode": "CDC",
  "profile": "C2N1OFF",
  "rep": "3",
  "fault": "none",
  "ground_truth_transitions": 27000,
  "delivered_distinct": 0,
  "delivered_total": 0,
  "matched": 0,
  "missing": 27000,
  "phantom": 0,
  "malformed": 0,
  "loss_rate": 1.0,
  "loss_rate_ppm": 1000000.0,
  "duplicate_rate": 0.0,
  "ordering_violation_rate": 0.0,
  "txns_split_across_partitions": 0,
  "latency_ms_p50": null,
  "latency_ms_p95": null,
  "latency_ms_p99": null,
  "latency_ms_max": null,
  "latency_ms_mean": null,
  "latency_samples": 0,
  "latency_negative_samples": 0
}
[09:39:21] ilova va konnektor to'xtatilmoqda
[09:39:26] === TUGADI: results/CDC-C2N1OFF-r3-20260910093427 ===
