[19:29:40] === RUN CDC-P1-r3-F1R-20260909192940 ===
[19:29:40] mode=CDC profile=P1 rep=3 tps=50 duration=180s fault=F1R
[19:29:40] jar: target/master-thesis-observability-0.0.1-SNAPSHOT.jar
[19:29:40] arxiv redo tozalanmoqda
[19:29:41] workload tozalanmoqda (reference saqlanadi)
workload reset; reference data preserved
AQ backlog purged: 0 -> 0
[19:29:42] Kafka topigi qayta yaratilmoqda
[19:29:51] ilova ishga tushirilmoqda (mode=CDC)
[19:30:07] ilova tayyor (pid 1663840)
[19:30:07] Debezium konnektori ro'yxatdan o'tkazilmoqda (CDC, prefix=obsv_cdc_p1_r3_f1r_20260909192940)
konnektor ro'yxatdan o'tkazilmoqda: a1-cdc-obsv_cdc_p1_r3_f1r_20260909192940 (prefix=obsv_cdc_p1_r3_f1r_20260909192940)
konnektor RUNNING (2s)
streaming tasdiqlanmoqda (heartbeat topigi: __debezium-heartbeat.obsv_cdc_p1_r3_f1r_20260909192940)
streaming tasdiqlandi (1 urinish)
[19:30:15] fault F1R 60s dan keyin yuboriladi
[19:30:15] k6 yuklamasi boshlandi
[fault 19:31:15] SIGKILL ilovaga: 1663840
[fault 19:31:27] ilova qayta ishga tushirilmoqda (mode=results/WRAPPER_B3-P1-r91-20260903164920/run.log:WRAPPER_B3)
[fault 19:31:27] F1R tugadi
[19:33:16] k6 nolga teng bo'lmagan kod bilan tugadi (natija baribir tahlil qilinadi)
[19:33:16] k6 iteratsiyalari: 9001
[19:33:16] ilova ishlamayapti (fault=F1R) — drenaj uchun qayta ishga tushirilmoqda
[19:33:35] ilova qayta tiklandi (10x2s)
[19:33:35] pipeline bo'shashi kutilmoqda (maks 120s)
[19:33:57] pipeline bo'sh (15s, sink=8967 xabar)
[19:34:08] ground truth eksport qilinmoqda
[19:34:08] Kafka topigi eksport qilinmoqda
[19:34:27] tahlil
{
  "mode": "CDC",
  "profile": "P1",
  "rep": "3",
  "fault": "F1R",
  "ground_truth_transitions": 8967,
  "delivered_distinct": 8967,
  "delivered_total": 8967,
  "matched": 8967,
  "missing": 0,
  "phantom": 0,
  "malformed": 0,
  "loss_rate": 0.0,
  "loss_rate_ppm": 0.0,
  "duplicate_rate": 0.0,
  "ordering_violation_rate": 0.0,
  "txns_split_across_partitions": 0,
  "latency_ms_p50": 3587,
  "latency_ms_p95": 5334,
  "latency_ms_p99": 5860,
  "latency_ms_max": 6066,
  "latency_ms_mean": 3591.8,
  "latency_samples": 8967,
  "latency_negative_samples": 0,
  "loss_rate_upper_bound_95_ppm": 334.56
}
[19:34:27] ilova va konnektor to'xtatilmoqda
connector o'chirilmoqda: a1-cdc-obsv_cdc_p1_r3_f1r_20260909192940
[19:34:38] === TUGADI: results/CDC-P1-r3-F1R-20260909192940 ===
