
         /\      Grafana   /‾‾/  
    /\  /  \     |\  __   /  /   
   /  \/    \    | |/ /  /   ‾‾\ 
  /          \   |   (  |  (‾)  |
 / __________ \  |_|\_\  \_____/ 


     execution: local
        script: harness/k6/a1-workload.js
        output: -

     scenarios: (100.00%) 1 scenario, 600 max VUs, 3m30s max duration (incl. graceful stop):
              * a1: 50.00 iterations/s for 3m0s (maxVUs: 100-600, gracefulStop: 30s)


running (0m01.0s), 021/100 VUs, 28 complete and 0 interrupted iterations
a1     [   1% ] 021/100 VUs  0m01.0s/3m0s  50.00 iters/s

running (0m02.0s), 002/100 VUs, 97 complete and 0 interrupted iterations
a1     [   1% ] 002/100 VUs  0m02.0s/3m0s  50.00 iters/s

running (0m03.0s), 001/100 VUs, 148 complete and 0 interrupted iterations
a1     [   2% ] 001/100 VUs  0m03.0s/3m0s  50.00 iters/s

running (0m04.0s), 001/100 VUs, 198 complete and 0 interrupted iterations
a1     [   2% ] 001/100 VUs  0m04.0s/3m0s  50.00 iters/s

running (0m05.0s), 001/100 VUs, 248 complete and 0 interrupted iterations
a1     [   3% ] 001/100 VUs  0m05.0s/3m0s  50.00 iters/s

running (0m06.0s), 000/100 VUs, 298 complete and 0 interrupted iterations
a1     [   3% ] 000/100 VUs  0m06.0s/3m0s  50.00 iters/s

running (0m07.0s), 001/100 VUs, 348 complete and 0 interrupted iterations
a1     [   4% ] 001/100 VUs  0m07.0s/3m0s  50.00 iters/s

running (0m08.0s), 001/100 VUs, 398 complete and 0 interrupted iterations
a1     [   4% ] 001/100 VUs  0m08.0s/3m0s  50.00 iters/s

running (0m09.0s), 001/100 VUs, 448 complete and 0 interrupted iterations
a1     [   5% ] 001/100 VUs  0m09.0s/3m0s  50.00 iters/s

running (0m10.0s), 000/100 VUs, 498 complete and 0 interrupted iterations
a1     [   6% ] 000/100 VUs  0m10.0s/3m0s  50.00 iters/s

running (0m11.0s), 000/100 VUs, 548 complete and 0 interrupted iterations
a1     [   6% ] 000/100 VUs  0m11.0s/3m0s  50.00 iters/s

running (0m12.0s), 000/100 VUs, 598 complete and 0 interrupted iterations
a1     [   7% ] 000/100 VUs  0m12.0s/3m0s  50.00 iters/s

running (0m13.0s), 001/100 VUs, 648 complete and 0 interrupted iterations
a1     [   7% ] 001/100 VUs  0m13.0s/3m0s  50.00 iters/s

running (0m14.0s), 001/100 VUs, 698 complete and 0 interrupted iterations
a1     [   8% ] 001/100 VUs  0m14.0s/3m0s  50.00 iters/s

running (0m15.0s), 001/100 VUs, 748 complete and 0 interrupted iterations
a1     [   8% ] 001/100 VUs  0m15.0s/3m0s  50.00 iters/s

running (0m16.0s), 001/100 VUs, 798 complete and 0 interrupted iterations
a1     [   9% ] 001/100 VUs  0m16.0s/3m0s  50.00 iters/s

running (0m17.0s), 000/100 VUs, 848 complete and 0 interrupted iterations
a1     [   9% ] 000/100 VUs  0m17.0s/3m0s  50.00 iters/s

running (0m18.0s), 019/100 VUs, 880 complete and 0 interrupted iterations
a1     [  10% ] 019/100 VUs  0m18.0s/3m0s  50.00 iters/s

running (0m19.0s), 019/100 VUs, 930 complete and 0 interrupted iterations
a1     [  11% ] 019/100 VUs  0m19.0s/3m0s  50.00 iters/s

running (0m20.0s), 001/100 VUs, 997 complete and 0 interrupted iterations
a1     [  11% ] 001/100 VUs  0m20.0s/3m0s  50.00 iters/s

running (0m21.0s), 020/100 VUs, 1029 complete and 0 interrupted iterations
a1     [  12% ] 020/100 VUs  0m21.0s/3m0s  50.00 iters/s

running (0m22.0s), 002/100 VUs, 1097 complete and 0 interrupted iterations
a1     [  12% ] 002/100 VUs  0m22.0s/3m0s  50.00 iters/s

running (0m23.0s), 019/100 VUs, 1129 complete and 0 interrupted iterations
a1     [  13% ] 019/100 VUs  0m23.0s/3m0s  50.00 iters/s

running (0m24.0s), 020/100 VUs, 1179 complete and 0 interrupted iterations
a1     [  13% ] 020/100 VUs  0m24.0s/3m0s  50.00 iters/s

running (0m25.0s), 020/100 VUs, 1229 complete and 0 interrupted iterations
a1     [  14% ] 020/100 VUs  0m25.0s/3m0s  50.00 iters/s

running (0m26.0s), 002/100 VUs, 1297 complete and 0 interrupted iterations
a1     [  14% ] 002/100 VUs  0m26.0s/3m0s  50.00 iters/s

running (0m27.0s), 001/100 VUs, 1348 complete and 0 interrupted iterations
a1     [  15% ] 001/100 VUs  0m27.0s/3m0s  50.00 iters/s

running (0m28.0s), 019/100 VUs, 1379 complete and 0 interrupted iterations
a1     [  16% ] 019/100 VUs  0m28.0s/3m0s  50.00 iters/s

running (0m29.0s), 020/100 VUs, 1429 complete and 0 interrupted iterations
a1     [  16% ] 020/100 VUs  0m29.0s/3m0s  50.00 iters/s

running (0m30.0s), 002/100 VUs, 1497 complete and 0 interrupted iterations
a1     [  17% ] 002/100 VUs  0m30.0s/3m0s  50.00 iters/s

running (0m31.0s), 020/100 VUs, 1529 complete and 0 interrupted iterations
a1     [  17% ] 020/100 VUs  0m31.0s/3m0s  50.00 iters/s

running (0m32.0s), 020/100 VUs, 1579 complete and 0 interrupted iterations
a1     [  18% ] 020/100 VUs  0m32.0s/3m0s  50.00 iters/s

running (0m33.0s), 001/100 VUs, 1648 complete and 0 interrupted iterations
a1     [  18% ] 001/100 VUs  0m33.0s/3m0s  50.00 iters/s

running (0m34.0s), 001/100 VUs, 1698 complete and 0 interrupted iterations
a1     [  19% ] 001/100 VUs  0m34.0s/3m0s  50.00 iters/s

running (0m35.0s), 001/100 VUs, 1748 complete and 0 interrupted iterations
a1     [  19% ] 001/100 VUs  0m35.0s/3m0s  50.00 iters/s

running (0m36.0s), 002/100 VUs, 1797 complete and 0 interrupted iterations
a1     [  20% ] 002/100 VUs  0m36.0s/3m0s  50.00 iters/s

running (0m37.0s), 018/100 VUs, 1831 complete and 0 interrupted iterations
a1     [  21% ] 018/100 VUs  0m37.0s/3m0s  50.00 iters/s

running (0m38.0s), 000/100 VUs, 1898 complete and 0 interrupted iterations
a1     [  21% ] 000/100 VUs  0m38.0s/3m0s  50.00 iters/s

running (0m39.0s), 001/100 VUs, 1948 complete and 0 interrupted iterations
a1     [  22% ] 001/100 VUs  0m39.0s/3m0s  50.00 iters/s

running (0m40.0s), 002/100 VUs, 1997 complete and 0 interrupted iterations
a1     [  22% ] 002/100 VUs  0m40.0s/3m0s  50.00 iters/s

running (0m41.0s), 001/100 VUs, 2048 complete and 0 interrupted iterations
a1     [  23% ] 001/100 VUs  0m41.0s/3m0s  50.00 iters/s

running (0m42.0s), 001/100 VUs, 2098 complete and 0 interrupted iterations
a1     [  23% ] 001/100 VUs  0m42.0s/3m0s  50.00 iters/s

running (0m43.0s), 000/100 VUs, 2148 complete and 0 interrupted iterations
a1     [  24% ] 000/100 VUs  0m43.0s/3m0s  50.00 iters/s

running (0m44.0s), 008/100 VUs, 2191 complete and 0 interrupted iterations
a1     [  24% ] 008/100 VUs  0m44.0s/3m0s  50.00 iters/s

running (0m45.0s), 001/100 VUs, 2247 complete and 0 interrupted iterations
a1     [  25% ] 001/100 VUs  0m45.0s/3m0s  50.00 iters/s

running (0m46.0s), 019/100 VUs, 2280 complete and 0 interrupted iterations
a1     [  26% ] 019/100 VUs  0m46.0s/3m0s  50.00 iters/s

running (0m47.0s), 019/100 VUs, 2330 complete and 0 interrupted iterations
a1     [  26% ] 019/100 VUs  0m47.0s/3m0s  50.00 iters/s

running (0m48.0s), 019/100 VUs, 2380 complete and 0 interrupted iterations
a1     [  27% ] 019/100 VUs  0m48.0s/3m0s  50.00 iters/s

running (0m49.0s), 019/100 VUs, 2430 complete and 0 interrupted iterations
a1     [  27% ] 019/100 VUs  0m49.0s/3m0s  50.00 iters/s

running (0m50.0s), 018/100 VUs, 2480 complete and 0 interrupted iterations
a1     [  28% ] 018/100 VUs  0m50.0s/3m0s  50.00 iters/s

running (0m51.0s), 020/100 VUs, 2529 complete and 0 interrupted iterations
a1     [  28% ] 020/100 VUs  0m51.0s/3m0s  50.00 iters/s

running (0m52.0s), 019/100 VUs, 2580 complete and 0 interrupted iterations
a1     [  29% ] 019/100 VUs  0m52.0s/3m0s  50.00 iters/s

running (0m53.0s), 017/100 VUs, 2632 complete and 0 interrupted iterations
a1     [  29% ] 017/100 VUs  0m53.0s/3m0s  50.00 iters/s

running (0m54.0s), 018/100 VUs, 2680 complete and 0 interrupted iterations
a1     [  30% ] 018/100 VUs  0m54.0s/3m0s  50.00 iters/s

running (0m55.0s), 001/100 VUs, 2748 complete and 0 interrupted iterations
a1     [  31% ] 001/100 VUs  0m55.0s/3m0s  50.00 iters/s

running (0m56.0s), 003/100 VUs, 2796 complete and 0 interrupted iterations
a1     [  31% ] 003/100 VUs  0m56.0s/3m0s  50.00 iters/s

running (0m57.0s), 019/100 VUs, 2830 complete and 0 interrupted iterations
a1     [  32% ] 019/100 VUs  0m57.0s/3m0s  50.00 iters/s

running (0m58.0s), 019/100 VUs, 2880 complete and 0 interrupted iterations
a1     [  32% ] 019/100 VUs  0m58.0s/3m0s  50.00 iters/s

running (0m59.0s), 019/100 VUs, 2930 complete and 0 interrupted iterations
a1     [  33% ] 019/100 VUs  0m59.0s/3m0s  50.00 iters/s

running (1m00.0s), 017/100 VUs, 2981 complete and 0 interrupted iterations
a1     [  33% ] 017/100 VUs  1m00.0s/3m0s  50.00 iters/s

running (1m01.0s), 018/100 VUs, 3031 complete and 0 interrupted iterations
a1     [  34% ] 018/100 VUs  1m01.0s/3m0s  50.00 iters/s

running (1m02.0s), 017/100 VUs, 3081 complete and 0 interrupted iterations
a1     [  34% ] 017/100 VUs  1m02.0s/3m0s  50.00 iters/s

running (1m03.0s), 000/100 VUs, 3148 complete and 0 interrupted iterations
a1     [  35% ] 000/100 VUs  1m03.0s/3m0s  50.00 iters/s

running (1m04.0s), 000/100 VUs, 3198 complete and 0 interrupted iterations
a1     [  36% ] 000/100 VUs  1m04.0s/3m0s  50.00 iters/s

running (1m05.0s), 001/100 VUs, 3248 complete and 0 interrupted iterations
a1     [  36% ] 001/100 VUs  1m05.0s/3m0s  50.00 iters/s

running (1m06.0s), 001/100 VUs, 3298 complete and 0 interrupted iterations
a1     [  37% ] 001/100 VUs  1m06.0s/3m0s  50.00 iters/s

running (1m07.0s), 001/100 VUs, 3348 complete and 0 interrupted iterations
a1     [  37% ] 001/100 VUs  1m07.0s/3m0s  50.00 iters/s

running (1m08.0s), 001/100 VUs, 3398 complete and 0 interrupted iterations
a1     [  38% ] 001/100 VUs  1m08.0s/3m0s  50.00 iters/s

running (1m09.0s), 000/100 VUs, 3448 complete and 0 interrupted iterations
a1     [  38% ] 000/100 VUs  1m09.0s/3m0s  50.00 iters/s

running (1m10.0s), 000/100 VUs, 3498 complete and 0 interrupted iterations
a1     [  39% ] 000/100 VUs  1m10.0s/3m0s  50.00 iters/s

running (1m11.0s), 018/100 VUs, 3531 complete and 0 interrupted iterations
a1     [  39% ] 018/100 VUs  1m11.0s/3m0s  50.00 iters/s

running (1m12.0s), 001/100 VUs, 3598 complete and 0 interrupted iterations
a1     [  40% ] 001/100 VUs  1m12.0s/3m0s  50.00 iters/s

running (1m13.0s), 000/100 VUs, 3648 complete and 0 interrupted iterations
a1     [  41% ] 000/100 VUs  1m13.0s/3m0s  50.00 iters/s

running (1m14.0s), 019/100 VUs, 3680 complete and 0 interrupted iterations
a1     [  41% ] 019/100 VUs  1m14.0s/3m0s  50.00 iters/s

running (1m15.0s), 018/100 VUs, 3730 complete and 0 interrupted iterations
a1     [  42% ] 018/100 VUs  1m15.0s/3m0s  50.00 iters/s

running (1m16.0s), 001/100 VUs, 3797 complete and 0 interrupted iterations
a1     [  42% ] 001/100 VUs  1m16.0s/3m0s  50.00 iters/s

running (1m17.0s), 019/100 VUs, 3830 complete and 0 interrupted iterations
a1     [  43% ] 019/100 VUs  1m17.0s/3m0s  50.00 iters/s

running (1m18.0s), 014/100 VUs, 3885 complete and 0 interrupted iterations
a1     [  43% ] 013/100 VUs  1m18.0s/3m0s  50.00 iters/s

running (1m19.0s), 001/100 VUs, 3948 complete and 0 interrupted iterations
a1     [  44% ] 001/100 VUs  1m19.0s/3m0s  50.00 iters/s

running (1m20.0s), 018/100 VUs, 3980 complete and 0 interrupted iterations
a1     [  44% ] 018/100 VUs  1m20.0s/3m0s  50.00 iters/s

running (1m21.0s), 017/100 VUs, 4031 complete and 0 interrupted iterations
a1     [  45% ] 017/100 VUs  1m21.0s/3m0s  50.00 iters/s

running (1m22.0s), 017/100 VUs, 4081 complete and 0 interrupted iterations
a1     [  46% ] 017/100 VUs  1m22.0s/3m0s  50.00 iters/s

running (1m23.0s), 018/100 VUs, 4131 complete and 0 interrupted iterations
a1     [  46% ] 018/100 VUs  1m23.0s/3m0s  50.00 iters/s

running (1m24.0s), 018/100 VUs, 4181 complete and 0 interrupted iterations
a1     [  47% ] 018/100 VUs  1m24.0s/3m0s  50.00 iters/s

running (1m25.0s), 018/100 VUs, 4231 complete and 0 interrupted iterations
a1     [  47% ] 018/100 VUs  1m25.0s/3m0s  50.00 iters/s

running (1m26.0s), 017/100 VUs, 4281 complete and 0 interrupted iterations
a1     [  48% ] 017/100 VUs  1m26.0s/3m0s  50.00 iters/s

running (1m27.0s), 001/100 VUs, 4348 complete and 0 interrupted iterations
a1     [  48% ] 001/100 VUs  1m27.0s/3m0s  50.00 iters/s

running (1m28.0s), 018/100 VUs, 4381 complete and 0 interrupted iterations
a1     [  49% ] 018/100 VUs  1m28.0s/3m0s  50.00 iters/s

running (1m29.0s), 000/100 VUs, 4448 complete and 0 interrupted iterations
a1     [  49% ] 000/100 VUs  1m29.0s/3m0s  50.00 iters/s

running (1m30.0s), 018/100 VUs, 4481 complete and 0 interrupted iterations
a1     [  50% ] 018/100 VUs  1m30.0s/3m0s  50.00 iters/s

running (1m31.0s), 001/100 VUs, 4548 complete and 0 interrupted iterations
a1     [  51% ] 001/100 VUs  1m31.0s/3m0s  50.00 iters/s

running (1m32.0s), 001/100 VUs, 4598 complete and 0 interrupted iterations
a1     [  51% ] 001/100 VUs  1m32.0s/3m0s  50.00 iters/s

running (1m33.0s), 001/100 VUs, 4648 complete and 0 interrupted iterations
a1     [  52% ] 001/100 VUs  1m33.0s/3m0s  50.00 iters/s

running (1m34.0s), 000/100 VUs, 4698 complete and 0 interrupted iterations
a1     [  52% ] 000/100 VUs  1m34.0s/3m0s  50.00 iters/s

running (1m35.0s), 001/100 VUs, 4748 complete and 0 interrupted iterations
a1     [  53% ] 001/100 VUs  1m35.0s/3m0s  50.00 iters/s

running (1m36.0s), 001/100 VUs, 4798 complete and 0 interrupted iterations
a1     [  53% ] 001/100 VUs  1m36.0s/3m0s  50.00 iters/s

running (1m37.0s), 017/100 VUs, 4831 complete and 0 interrupted iterations
a1     [  54% ] 017/100 VUs  1m37.0s/3m0s  50.00 iters/s

running (1m38.0s), 002/100 VUs, 4897 complete and 0 interrupted iterations
a1     [  54% ] 002/100 VUs  1m38.0s/3m0s  50.00 iters/s

running (1m39.0s), 018/100 VUs, 4931 complete and 0 interrupted iterations
a1     [  55% ] 018/100 VUs  1m39.0s/3m0s  50.00 iters/s

running (1m40.0s), 015/100 VUs, 4984 complete and 0 interrupted iterations
a1     [  56% ] 015/100 VUs  1m40.0s/3m0s  50.00 iters/s

running (1m41.0s), 000/100 VUs, 5048 complete and 0 interrupted iterations
a1     [  56% ] 000/100 VUs  1m41.0s/3m0s  50.00 iters/s

running (1m42.0s), 002/100 VUs, 5097 complete and 0 interrupted iterations
a1     [  57% ] 002/100 VUs  1m42.0s/3m0s  50.00 iters/s

running (1m43.0s), 001/100 VUs, 5148 complete and 0 interrupted iterations
a1     [  57% ] 001/100 VUs  1m43.0s/3m0s  50.00 iters/s

running (1m44.0s), 001/100 VUs, 5198 complete and 0 interrupted iterations
a1     [  58% ] 001/100 VUs  1m44.0s/3m0s  50.00 iters/s

running (1m45.0s), 017/100 VUs, 5231 complete and 0 interrupted iterations
a1     [  58% ] 017/100 VUs  1m45.0s/3m0s  50.00 iters/s

running (1m46.0s), 017/100 VUs, 5281 complete and 0 interrupted iterations
a1     [  59% ] 017/100 VUs  1m46.0s/3m0s  50.00 iters/s

running (1m47.0s), 000/100 VUs, 5348 complete and 0 interrupted iterations
a1     [  59% ] 000/100 VUs  1m47.0s/3m0s  50.00 iters/s

running (1m48.0s), 023/100 VUs, 5376 complete and 0 interrupted iterations
a1     [  60% ] 023/100 VUs  1m48.0s/3m0s  50.00 iters/s

running (1m49.0s), 005/100 VUs, 5443 complete and 0 interrupted iterations
a1     [  61% ] 005/100 VUs  1m49.0s/3m0s  50.00 iters/s

running (1m50.0s), 017/100 VUs, 5481 complete and 0 interrupted iterations
a1     [  61% ] 017/100 VUs  1m50.0s/3m0s  50.00 iters/s

running (1m51.0s), 018/100 VUs, 5531 complete and 0 interrupted iterations
a1     [  62% ] 018/100 VUs  1m51.0s/3m0s  50.00 iters/s
time="2026-09-09T12:45:03+05:00" level=warning msg="The test has generated metrics with 100029 unique time series, which is higher than the suggested limit of 100000 and could cause high memory usage. Consider not using high-cardinality values like unique IDs as metric tags or, if you need them in the URL, use the name metric tag or URL grouping. See https://grafana.com/docs/k6/latest/using-k6/tags-and-groups/ for details." component=metrics-engine-ingester

running (1m52.0s), 001/100 VUs, 5598 complete and 0 interrupted iterations
a1     [  62% ] 001/100 VUs  1m52.0s/3m0s  50.00 iters/s

running (1m53.0s), 001/100 VUs, 5648 complete and 0 interrupted iterations
a1     [  63% ] 001/100 VUs  1m53.0s/3m0s  50.00 iters/s

running (1m54.0s), 001/100 VUs, 5698 complete and 0 interrupted iterations
a1     [  63% ] 001/100 VUs  1m54.0s/3m0s  50.00 iters/s

running (1m55.0s), 001/100 VUs, 5748 complete and 0 interrupted iterations
a1     [  64% ] 001/100 VUs  1m55.0s/3m0s  50.00 iters/s

running (1m56.0s), 017/100 VUs, 5781 complete and 0 interrupted iterations
a1     [  64% ] 017/100 VUs  1m56.0s/3m0s  50.00 iters/s

running (1m57.0s), 000/100 VUs, 5848 complete and 0 interrupted iterations
a1     [  65% ] 000/100 VUs  1m57.0s/3m0s  50.00 iters/s

running (1m58.0s), 001/100 VUs, 5898 complete and 0 interrupted iterations
a1     [  66% ] 001/100 VUs  1m58.0s/3m0s  50.00 iters/s

running (1m59.0s), 001/100 VUs, 5947 complete and 0 interrupted iterations
a1     [  66% ] 001/100 VUs  1m59.0s/3m0s  50.00 iters/s

running (2m00.0s), 001/100 VUs, 5998 complete and 0 interrupted iterations
a1     [  67% ] 001/100 VUs  2m00.0s/3m0s  50.00 iters/s

running (2m01.0s), 018/100 VUs, 6031 complete and 0 interrupted iterations
a1     [  67% ] 018/100 VUs  2m01.0s/3m0s  50.00 iters/s

running (2m02.0s), 017/100 VUs, 6082 complete and 0 interrupted iterations
a1     [  68% ] 017/100 VUs  2m02.0s/3m0s  50.00 iters/s

running (2m03.0s), 000/100 VUs, 6148 complete and 0 interrupted iterations
a1     [  68% ] 000/100 VUs  2m03.0s/3m0s  50.00 iters/s

running (2m04.0s), 018/100 VUs, 6181 complete and 0 interrupted iterations
a1     [  69% ] 018/100 VUs  2m04.0s/3m0s  50.00 iters/s

running (2m05.0s), 016/100 VUs, 6232 complete and 0 interrupted iterations
a1     [  69% ] 016/100 VUs  2m05.0s/3m0s  50.00 iters/s

running (2m06.0s), 013/100 VUs, 6285 complete and 0 interrupted iterations
a1     [  70% ] 013/100 VUs  2m06.0s/3m0s  50.00 iters/s

running (2m07.0s), 003/100 VUs, 6346 complete and 0 interrupted iterations
a1     [  71% ] 003/100 VUs  2m07.0s/3m0s  50.00 iters/s

running (2m08.0s), 001/100 VUs, 6398 complete and 0 interrupted iterations
a1     [  71% ] 001/100 VUs  2m08.0s/3m0s  50.00 iters/s

running (2m09.0s), 002/100 VUs, 6447 complete and 0 interrupted iterations
a1     [  72% ] 002/100 VUs  2m09.0s/3m0s  50.00 iters/s

running (2m10.0s), 017/100 VUs, 6482 complete and 0 interrupted iterations
a1     [  72% ] 017/100 VUs  2m10.0s/3m0s  50.00 iters/s

running (2m11.0s), 017/100 VUs, 6532 complete and 0 interrupted iterations
a1     [  73% ] 017/100 VUs  2m11.0s/3m0s  50.00 iters/s

running (2m12.0s), 001/100 VUs, 6598 complete and 0 interrupted iterations
a1     [  73% ] 001/100 VUs  2m12.0s/3m0s  50.00 iters/s

running (2m13.0s), 017/100 VUs, 6632 complete and 0 interrupted iterations
a1     [  74% ] 017/100 VUs  2m13.0s/3m0s  50.00 iters/s

running (2m14.0s), 017/100 VUs, 6682 complete and 0 interrupted iterations
a1     [  74% ] 017/100 VUs  2m14.0s/3m0s  50.00 iters/s

running (2m15.0s), 017/100 VUs, 6732 complete and 0 interrupted iterations
a1     [  75% ] 017/100 VUs  2m15.0s/3m0s  50.00 iters/s

running (2m16.0s), 001/100 VUs, 6798 complete and 0 interrupted iterations
a1     [  76% ] 001/100 VUs  2m16.0s/3m0s  50.00 iters/s

running (2m17.0s), 017/100 VUs, 6832 complete and 0 interrupted iterations
a1     [  76% ] 017/100 VUs  2m17.0s/3m0s  50.00 iters/s

running (2m18.0s), 001/100 VUs, 6898 complete and 0 interrupted iterations
a1     [  77% ] 001/100 VUs  2m18.0s/3m0s  50.00 iters/s

running (2m19.0s), 000/100 VUs, 6948 complete and 0 interrupted iterations
a1     [  77% ] 000/100 VUs  2m19.0s/3m0s  50.00 iters/s

running (2m20.0s), 001/100 VUs, 6998 complete and 0 interrupted iterations
a1     [  78% ] 001/100 VUs  2m20.0s/3m0s  50.00 iters/s

running (2m21.0s), 001/100 VUs, 7048 complete and 0 interrupted iterations
a1     [  78% ] 001/100 VUs  2m21.0s/3m0s  50.00 iters/s

running (2m22.0s), 017/100 VUs, 7082 complete and 0 interrupted iterations
a1     [  79% ] 017/100 VUs  2m22.0s/3m0s  50.00 iters/s

running (2m23.0s), 017/100 VUs, 7132 complete and 0 interrupted iterations
a1     [  79% ] 017/100 VUs  2m23.0s/3m0s  50.00 iters/s

running (2m24.0s), 016/100 VUs, 7182 complete and 0 interrupted iterations
a1     [  80% ] 016/100 VUs  2m24.0s/3m0s  50.00 iters/s

running (2m25.0s), 017/100 VUs, 7232 complete and 0 interrupted iterations
a1     [  81% ] 017/100 VUs  2m25.0s/3m0s  50.00 iters/s

running (2m26.0s), 017/100 VUs, 7282 complete and 0 interrupted iterations
a1     [  81% ] 017/100 VUs  2m26.0s/3m0s  50.00 iters/s

running (2m27.0s), 016/100 VUs, 7332 complete and 0 interrupted iterations
a1     [  82% ] 016/100 VUs  2m27.0s/3m0s  50.00 iters/s

running (2m28.0s), 017/100 VUs, 7382 complete and 0 interrupted iterations
a1     [  82% ] 017/100 VUs  2m28.0s/3m0s  50.00 iters/s

running (2m29.0s), 017/100 VUs, 7432 complete and 0 interrupted iterations
a1     [  83% ] 017/100 VUs  2m29.0s/3m0s  50.00 iters/s

running (2m30.0s), 017/100 VUs, 7482 complete and 0 interrupted iterations
a1     [  83% ] 017/100 VUs  2m30.0s/3m0s  50.00 iters/s

running (2m31.0s), 019/100 VUs, 7530 complete and 0 interrupted iterations
a1     [  84% ] 019/100 VUs  2m31.0s/3m0s  50.00 iters/s

running (2m32.0s), 017/100 VUs, 7582 complete and 0 interrupted iterations
a1     [  84% ] 017/100 VUs  2m32.0s/3m0s  50.00 iters/s

running (2m33.0s), 016/100 VUs, 7632 complete and 0 interrupted iterations
a1     [  85% ] 016/100 VUs  2m33.0s/3m0s  50.00 iters/s

running (2m34.0s), 017/100 VUs, 7682 complete and 0 interrupted iterations
a1     [  86% ] 017/100 VUs  2m34.0s/3m0s  50.00 iters/s

running (2m35.0s), 016/100 VUs, 7732 complete and 0 interrupted iterations
a1     [  86% ] 016/100 VUs  2m35.0s/3m0s  50.00 iters/s

running (2m36.0s), 017/100 VUs, 7782 complete and 0 interrupted iterations
a1     [  87% ] 017/100 VUs  2m36.0s/3m0s  50.00 iters/s

running (2m37.0s), 016/100 VUs, 7832 complete and 0 interrupted iterations
a1     [  87% ] 016/100 VUs  2m37.0s/3m0s  50.00 iters/s

running (2m38.0s), 016/100 VUs, 7882 complete and 0 interrupted iterations
a1     [  88% ] 016/100 VUs  2m38.0s/3m0s  50.00 iters/s

running (2m39.0s), 016/100 VUs, 7932 complete and 0 interrupted iterations
a1     [  88% ] 016/100 VUs  2m39.0s/3m0s  50.00 iters/s

running (2m40.0s), 017/100 VUs, 7982 complete and 0 interrupted iterations
a1     [  89% ] 017/100 VUs  2m40.0s/3m0s  50.00 iters/s

running (2m41.0s), 001/100 VUs, 8048 complete and 0 interrupted iterations
a1     [  89% ] 001/100 VUs  2m41.0s/3m0s  50.00 iters/s

running (2m42.0s), 001/100 VUs, 8098 complete and 0 interrupted iterations
a1     [  90% ] 001/100 VUs  2m42.0s/3m0s  50.00 iters/s

running (2m43.0s), 008/100 VUs, 8140 complete and 0 interrupted iterations
a1     [  91% ] 008/100 VUs  2m43.0s/3m0s  50.00 iters/s

running (2m44.0s), 015/100 VUs, 8184 complete and 0 interrupted iterations
a1     [  91% ] 015/100 VUs  2m44.0s/3m0s  50.00 iters/s

running (2m45.0s), 012/100 VUs, 8237 complete and 0 interrupted iterations
a1     [  92% ] 012/100 VUs  2m45.0s/3m0s  50.00 iters/s

running (2m46.0s), 016/100 VUs, 8283 complete and 0 interrupted iterations
a1     [  92% ] 016/100 VUs  2m46.0s/3m0s  50.00 iters/s

running (2m47.0s), 016/100 VUs, 8333 complete and 0 interrupted iterations
a1     [  93% ] 016/100 VUs  2m47.0s/3m0s  50.00 iters/s

running (2m48.0s), 015/100 VUs, 8384 complete and 0 interrupted iterations
a1     [  93% ] 015/100 VUs  2m48.0s/3m0s  50.00 iters/s

running (2m49.0s), 007/100 VUs, 8441 complete and 0 interrupted iterations
a1     [  94% ] 007/100 VUs  2m49.0s/3m0s  50.00 iters/s

running (2m50.0s), 015/100 VUs, 8483 complete and 0 interrupted iterations
a1     [  94% ] 015/100 VUs  2m50.0s/3m0s  50.00 iters/s

running (2m51.0s), 006/100 VUs, 8542 complete and 0 interrupted iterations
a1     [  95% ] 006/100 VUs  2m51.0s/3m0s  50.00 iters/s

running (2m52.0s), 016/100 VUs, 8583 complete and 0 interrupted iterations
a1     [  96% ] 016/100 VUs  2m52.0s/3m0s  50.00 iters/s

running (2m53.0s), 016/100 VUs, 8633 complete and 0 interrupted iterations
a1     [  96% ] 016/100 VUs  2m53.0s/3m0s  50.00 iters/s

running (2m54.0s), 015/100 VUs, 8683 complete and 0 interrupted iterations
a1     [  97% ] 015/100 VUs  2m54.0s/3m0s  50.00 iters/s

running (2m55.0s), 014/100 VUs, 8734 complete and 0 interrupted iterations
a1     [  97% ] 014/100 VUs  2m55.0s/3m0s  50.00 iters/s

running (2m56.0s), 016/100 VUs, 8783 complete and 0 interrupted iterations
a1     [  98% ] 016/100 VUs  2m56.0s/3m0s  50.00 iters/s

running (2m57.0s), 016/100 VUs, 8833 complete and 0 interrupted iterations
a1     [  98% ] 016/100 VUs  2m57.0s/3m0s  50.00 iters/s

running (2m58.0s), 016/100 VUs, 8883 complete and 0 interrupted iterations
a1     [  99% ] 016/100 VUs  2m58.0s/3m0s  50.00 iters/s

running (2m59.0s), 016/100 VUs, 8933 complete and 0 interrupted iterations
a1     [  99% ] 016/100 VUs  2m59.0s/3m0s  50.00 iters/s

running (3m00.0s), 016/100 VUs, 8983 complete and 0 interrupted iterations
a1     [ 100% ] 016/100 VUs  3m00.0s/3m0s  50.00 iters/s


  █ THRESHOLDS 

    http_req_failed
    ✓ 'rate<0.05' rate=0.00%


  █ TOTAL RESULTS 

    checks_total.......: 27000   149.917854/s
    checks_succeeded...: 100.00% 27000 out of 27000
    checks_failed......: 0.00%   0 out of 27000

    ✓ initiated
    ✓ validated
    ✓ terminal

    CUSTOM
    a1_lifecycle_duration..........: avg=84.42ms min=6ms    med=17ms    p(95)=362ms    p(99)=491.02ms max=914ms   
    a1_lifecycles_completed........: 9000   49.972618/s
    a1_transitions_committed.......: 27000  149.917854/s

    HTTP
    http_req_duration..............: avg=27.98ms min=1.52ms med=5.22ms  p(95)=149.53ms p(99)=326.92ms max=569.3ms 
      { expected_response:true }...: avg=27.98ms min=1.52ms med=5.22ms  p(95)=149.53ms p(99)=326.92ms max=569.3ms 
    http_req_failed................: 0.00%  0 out of 27000
    http_reqs......................: 27000  149.917854/s

    EXECUTION
    iteration_duration.............: avg=84.52ms min=6.11ms med=17.29ms p(95)=361.96ms p(99)=491.51ms max=919.82ms
    iterations.....................: 9000   49.972618/s
    vus............................: 16     min=1          max=23 
    vus_max........................: 100    min=100        max=100

    NETWORK
    data_received..................: 10 MB  57 kB/s
    data_sent......................: 5.8 MB 32 kB/s




running (3m00.1s), 000/100 VUs, 9000 complete and 0 interrupted iterations
a1   ✓ [ 100% ] 000/100 VUs  3m0s  50.00 iters/s
