[12:42:35] === RUN CDC-C2N3OFF-r1-20260909124235 ===
[12:42:35] mode=CDC profile=C2N3OFF rep=1 tps=50 duration=180s fault=none
[12:42:35] jar: target/master-thesis-observability-0.0.1-SNAPSHOT.jar
[12:42:35] arxiv redo tozalanmoqda
[12:42:36] workload tozalanmoqda (reference saqlanadi)
workload reset; reference data preserved
AQ backlog purged: 0 -> 0
[12:42:39] Kafka topigi qayta yaratilmoqda
[12:42:49] ilova ishga tushirilmoqda (mode=CDC)
[12:43:07] ilova tayyor (pid 264926)
[12:43:07] --no-connector: konnektorsiz ishlatilmoqda (C2 bazaviy sharti)
[12:43:11] k6 yuklamasi boshlandi
[12:46:13] k6 iteratsiyalari: 9000
[12:46:13] pipeline bo'shashi kutilmoqda (maks 120s)
[12:52:27] OGOHLANTIRISH: pipeline 120s ichida bo'shamadi (db_pending=0 sink=0) - LOSS raqamlari ishonchsiz
[12:52:37] ground truth eksport qilinmoqda
[12:52:38] Kafka topigi eksport qilinmoqda
[12:53:04] tahlil
{
  "mode": "CDC",
  "profile": "C2N3OFF",
  "rep": "1",
  "fault": "none",
  "ground_truth_transitions": 27000,
  "delivered_distinct": 0,
  "delivered_total": 0,
  "matched": 0,
  "missing": 27000,
  "phantom": 0,
  "malformed": 0,
  "loss_rate": 1.0,
  "loss_rate_ppm": 1000000.0,
  "duplicate_rate": 0.0,
  "ordering_violation_rate": 0.0,
  "txns_split_across_partitions": 0,
  "latency_ms_p50": null,
  "latency_ms_p95": null,
  "latency_ms_p99": null,
  "latency_ms_max": null,
  "latency_ms_mean": null,
  "latency_samples": 0,
  "latency_negative_samples": 0
}
[12:53:04] ilova va konnektor to'xtatilmoqda
[12:53:10] === TUGADI: results/CDC-C2N3OFF-r1-20260909124235 ===
