[17:48:46] === RUN HYBRID-P1-r3-F1-20260904174846 ===
[17:48:46] mode=HYBRID profile=P1 rep=3 tps=50 duration=180s fault=F1
[17:48:46] jar: target/master-thesis-observability-0.0.1-SNAPSHOT.jar
[17:48:46] workload tozalanmoqda (reference saqlanadi)
workload reset; reference data preserved
AQ backlog purged: 0 -> 0
[17:48:46] Kafka topigi qayta yaratilmoqda
[17:48:55] ilova ishga tushirilmoqda (mode=HYBRID)
[17:49:07] ilova tayyor (pid 4024978)
[17:49:07] Debezium konnektori ro'yxatdan o'tkazilmoqda (HYBRID, prefix=obsv_hybrid_p1_r3_f1_20260904174846)
konnektor ro'yxatdan o'tkazilmoqda: a1-hybrid-obsv_hybrid_p1_r3_f1_20260904174846 (prefix=obsv_hybrid_p1_r3_f1_20260904174846)
konnektor RUNNING (2s)
streaming tasdiqlanmoqda (heartbeat topigi: __debezium-heartbeat.obsv_hybrid_p1_r3_f1_20260904174846)
streaming tasdiqlandi (1 urinish)
[17:49:17] fault F1 60s dan keyin yuboriladi
[17:49:17] k6 yuklamasi boshlandi
[fault 17:50:20] SIGKILL ilovaga: 4024978
[fault 17:50:33] ilova qayta ishga tushirilmoqda (mode=results/WRAPPER_B3-P1-r91-20260903164920/run.log:WRAPPER_B3)
[fault 17:50:33] F1 tugadi
[17:52:32] k6 nolga teng bo'lmagan kod bilan tugadi (natija baribir tahlil qilinadi)
[17:52:32] pipeline bo'shashi kutilmoqda (maks 120s)
[17:52:43] pipeline bo'sh (4s, sink=8975 xabar)
[17:52:53] ground truth eksport qilinmoqda
[17:52:54] Kafka topigi eksport qilinmoqda
[17:53:21] tahlil
{
  "mode": "HYBRID",
  "profile": "P1",
  "rep": "3",
  "fault": "F1",
  "ground_truth_transitions": 8975,
  "delivered_distinct": 8975,
  "delivered_total": 8975,
  "matched": 8975,
  "missing": 0,
  "phantom": 0,
  "malformed": 0,
  "loss_rate": 0.0,
  "loss_rate_ppm": 0.0,
  "duplicate_rate": 0.0,
  "ordering_violation_rate": 0.0,
  "txns_split_across_partitions": 0,
  "latency_ms_p50": 3665,
  "latency_ms_p95": 6688,
  "latency_ms_p99": 7881,
  "latency_ms_max": 8241,
  "latency_ms_mean": 3765.7,
  "latency_samples": 8975,
  "latency_negative_samples": 0,
  "loss_rate_upper_bound_95_ppm": 334.26
}
[17:53:21] ilova va konnektor to'xtatilmoqda
connector o'chirilmoqda: a1-hybrid-obsv_hybrid_p1_r3_f1_20260904174846
[17:53:24] === TUGADI: results/HYBRID-P1-r3-F1-20260904174846 ===
