[12:10:43] === RUN CDC-P1-r4-20260904121043 ===
[12:10:43] mode=CDC profile=P1 rep=4 tps=50 duration=120s fault=none
[12:10:43] jar: target/master-thesis-observability-0.0.1-SNAPSHOT.jar
[12:10:43] workload tozalanmoqda (reference saqlanadi)
workload reset; reference data preserved
AQ backlog purged: 0 -> 0
[12:10:45] Kafka topigi qayta yaratilmoqda
[12:10:54] ilova ishga tushirilmoqda (mode=CDC)
[12:11:06] ilova tayyor (pid 222407)
[12:11:06] Debezium konnektori ro'yxatdan o'tkazilmoqda (CDC, prefix=obsv_cdc_p1_r4_20260904121043)
konnektor ro'yxatdan o'tkazilmoqda: a1-cdc-obsv_cdc_p1_r4_20260904121043 (prefix=obsv_cdc_p1_r4_20260904121043)
konnektor RUNNING (2s)
streaming tasdiqlanmoqda (heartbeat topigi: __debezium-heartbeat.obsv_cdc_p1_r4_20260904121043)
streaming tasdiqlandi (7 urinish)
[12:11:38] k6 yuklamasi boshlandi
[12:13:50] pipeline bo'shashi kutilmoqda (maks 120s)
[12:14:00] pipeline bo'sh (4s, sink=18003 xabar)
[12:14:13] ground truth eksport qilinmoqda
[12:14:14] Kafka topigi eksport qilinmoqda
[12:14:42] tahlil
{
  "mode": "CDC",
  "profile": "P1",
  "rep": "4",
  "fault": "none",
  "ground_truth_transitions": 18003,
  "delivered_distinct": 18003,
  "delivered_total": 18003,
  "matched": 18003,
  "missing": 0,
  "phantom": 0,
  "malformed": 0,
  "loss_rate": 0.0,
  "loss_rate_ppm": 0.0,
  "duplicate_rate": 0.0,
  "ordering_violation_rate": 0.0,
  "txns_split_across_partitions": 0,
  "latency_ms_p50": 3512,
  "latency_ms_p95": 6751,
  "latency_ms_p99": 7993,
  "latency_ms_max": 8593,
  "latency_ms_mean": 3664.5,
  "latency_samples": 18003,
  "latency_negative_samples": 0,
  "loss_rate_upper_bound_95_ppm": 166.64
}
[12:14:42] ilova va konnektor to'xtatilmoqda
connector o'chirilmoqda: a1-cdc-obsv_cdc_p1_r4_20260904121043
[12:14:46] === TUGADI: results/CDC-P1-r4-20260904121043 ===
