[10:35:43] === RUN CDC-C2N2ON-r3-20260909103543 ===
[10:35:43] mode=CDC profile=C2N2ON rep=3 tps=50 duration=180s fault=none
[10:35:43] jar: target/master-thesis-observability-0.0.1-SNAPSHOT.jar
[10:35:43] workload tozalanmoqda (reference saqlanadi)
workload reset; reference data preserved
AQ backlog purged: 0 -> 0
[10:35:43] Kafka topigi qayta yaratilmoqda
[10:35:52] ilova ishga tushirilmoqda (mode=CDC)
[10:36:07] ilova tayyor (pid 2170520)
[10:36:07] Debezium konnektori ro'yxatdan o'tkazilmoqda (CDC, prefix=obsv_cdc_c2n2on_r3_20260909103543)
konnektor ro'yxatdan o'tkazilmoqda: a1-cdc-obsv_cdc_c2n2on_r3_20260909103543 (prefix=obsv_cdc_c2n2on_r3_20260909103543)
konnektor RUNNING (2s)
streaming tasdiqlanmoqda (heartbeat topigi: __debezium-heartbeat.obsv_cdc_c2n2on_r3_20260909103543)
streaming tasdiqlandi (7 urinish)
[10:36:36] k6 yuklamasi boshlandi
[10:36:37] k6 nolga teng bo'lmagan kod bilan tugadi (natija baribir tahlil qilinadi)
[10:36:37] pipeline bo'shashi kutilmoqda (maks 120s)
[10:36:48] pipeline bo'sh (4s, sink=0 xabar)
[10:36:59] ground truth eksport qilinmoqda
[10:36:59] Kafka topigi eksport qilinmoqda
[10:37:26] tahlil
{
  "mode": "CDC",
  "profile": "C2N2ON",
  "rep": "3",
  "fault": "none",
  "ground_truth_transitions": 0,
  "delivered_distinct": 0,
  "delivered_total": 0,
  "matched": 0,
  "missing": 0,
  "phantom": 0,
  "malformed": 0,
  "loss_rate": 0.0,
  "loss_rate_ppm": 0.0,
  "duplicate_rate": 0.0,
  "ordering_violation_rate": 0.0,
  "txns_split_across_partitions": 0,
  "latency_ms_p50": null,
  "latency_ms_p95": null,
  "latency_ms_p99": null,
  "latency_ms_max": null,
  "latency_ms_mean": null,
  "latency_samples": 0,
  "latency_negative_samples": 0
}
[10:37:26] ilova va konnektor to'xtatilmoqda
connector o'chirilmoqda: a1-cdc-obsv_cdc_c2n2on_r3_20260909103543
[10:37:30] === TUGADI: results/CDC-C2N2ON-r3-20260909103543 ===
