
         /\      Grafana   /‾‾/  
    /\  /  \     |\  __   /  /   
   /  \/    \    | |/ /  /   ‾‾\ 
  /          \   |   (  |  (‾)  |
 / __________ \  |_|\_\  \_____/ 


     execution: local
        script: harness/k6/a1-workload.js
        output: -

     scenarios: (100.00%) 1 scenario, 600 max VUs, 3m30s max duration (incl. graceful stop):
              * a1: 50.00 iterations/s for 3m0s (maxVUs: 100-600, gracefulStop: 30s)


running (0m01.0s), 010/100 VUs, 40 complete and 0 interrupted iterations
a1     [   1% ] 010/100 VUs  0m01.0s/3m0s  50.00 iters/s

running (0m02.0s), 001/100 VUs, 99 complete and 0 interrupted iterations
a1     [   1% ] 001/100 VUs  0m02.0s/3m0s  50.00 iters/s

running (0m03.0s), 001/100 VUs, 149 complete and 0 interrupted iterations
a1     [   2% ] 001/100 VUs  0m03.0s/3m0s  50.00 iters/s

running (0m04.0s), 008/100 VUs, 192 complete and 0 interrupted iterations
a1     [   2% ] 008/100 VUs  0m04.0s/3m0s  50.00 iters/s

running (0m05.0s), 004/100 VUs, 246 complete and 0 interrupted iterations
a1     [   3% ] 004/100 VUs  0m05.0s/3m0s  50.00 iters/s

running (0m06.0s), 004/100 VUs, 296 complete and 0 interrupted iterations
a1     [   3% ] 004/100 VUs  0m06.0s/3m0s  50.00 iters/s

running (0m07.0s), 009/100 VUs, 341 complete and 0 interrupted iterations
a1     [   4% ] 009/100 VUs  0m07.0s/3m0s  50.00 iters/s

running (0m08.0s), 006/100 VUs, 394 complete and 0 interrupted iterations
a1     [   4% ] 006/100 VUs  0m08.0s/3m0s  50.00 iters/s

running (0m09.0s), 010/100 VUs, 440 complete and 0 interrupted iterations
a1     [   5% ] 010/100 VUs  0m09.0s/3m0s  50.00 iters/s

running (0m10.0s), 010/100 VUs, 490 complete and 0 interrupted iterations
a1     [   6% ] 010/100 VUs  0m10.0s/3m0s  50.00 iters/s

running (0m11.0s), 011/100 VUs, 539 complete and 0 interrupted iterations
a1     [   6% ] 011/100 VUs  0m11.0s/3m0s  50.00 iters/s

running (0m12.0s), 010/100 VUs, 590 complete and 0 interrupted iterations
a1     [   7% ] 010/100 VUs  0m12.0s/3m0s  50.00 iters/s

running (0m13.0s), 011/100 VUs, 639 complete and 0 interrupted iterations
a1     [   7% ] 011/100 VUs  0m13.0s/3m0s  50.00 iters/s

running (0m14.0s), 009/100 VUs, 691 complete and 0 interrupted iterations
a1     [   8% ] 009/100 VUs  0m14.0s/3m0s  50.00 iters/s

running (0m15.0s), 009/100 VUs, 741 complete and 0 interrupted iterations
a1     [   8% ] 009/100 VUs  0m15.0s/3m0s  50.00 iters/s

running (0m16.0s), 009/100 VUs, 791 complete and 0 interrupted iterations
a1     [   9% ] 009/100 VUs  0m16.0s/3m0s  50.00 iters/s

running (0m17.0s), 009/100 VUs, 841 complete and 0 interrupted iterations
a1     [   9% ] 009/100 VUs  0m17.0s/3m0s  50.00 iters/s

running (0m18.0s), 026/100 VUs, 874 complete and 0 interrupted iterations
a1     [  10% ] 026/100 VUs  0m18.0s/3m0s  50.00 iters/s

running (0m19.0s), 006/100 VUs, 944 complete and 0 interrupted iterations
a1     [  11% ] 006/100 VUs  0m19.0s/3m0s  50.00 iters/s

running (0m20.0s), 006/100 VUs, 994 complete and 0 interrupted iterations
a1     [  11% ] 006/100 VUs  0m20.0s/3m0s  50.00 iters/s

running (0m21.0s), 006/100 VUs, 1044 complete and 0 interrupted iterations
a1     [  12% ] 006/100 VUs  0m21.0s/3m0s  50.00 iters/s

running (0m22.0s), 006/100 VUs, 1094 complete and 0 interrupted iterations
a1     [  12% ] 006/100 VUs  0m22.0s/3m0s  50.00 iters/s

running (0m23.0s), 006/100 VUs, 1144 complete and 0 interrupted iterations
a1     [  13% ] 006/100 VUs  0m23.0s/3m0s  50.00 iters/s

running (0m24.0s), 006/100 VUs, 1194 complete and 0 interrupted iterations
a1     [  13% ] 006/100 VUs  0m24.0s/3m0s  50.00 iters/s

running (0m25.0s), 006/100 VUs, 1244 complete and 0 interrupted iterations
a1     [  14% ] 006/100 VUs  0m25.0s/3m0s  50.00 iters/s

running (0m26.0s), 006/100 VUs, 1294 complete and 0 interrupted iterations
a1     [  14% ] 006/100 VUs  0m26.0s/3m0s  50.00 iters/s

running (0m27.0s), 006/100 VUs, 1344 complete and 0 interrupted iterations
a1     [  15% ] 006/100 VUs  0m27.0s/3m0s  50.00 iters/s

running (0m28.0s), 006/100 VUs, 1394 complete and 0 interrupted iterations
a1     [  16% ] 006/100 VUs  0m28.0s/3m0s  50.00 iters/s

running (0m29.0s), 006/100 VUs, 1444 complete and 0 interrupted iterations
a1     [  16% ] 006/100 VUs  0m29.0s/3m0s  50.00 iters/s

running (0m30.0s), 006/100 VUs, 1494 complete and 0 interrupted iterations
a1     [  17% ] 006/100 VUs  0m30.0s/3m0s  50.00 iters/s

running (0m31.0s), 006/100 VUs, 1544 complete and 0 interrupted iterations
a1     [  17% ] 006/100 VUs  0m31.0s/3m0s  50.00 iters/s

running (0m32.0s), 053/100 VUs, 1547 complete and 0 interrupted iterations
a1     [  18% ] 053/100 VUs  0m32.0s/3m0s  50.00 iters/s

running (0m33.0s), 003/100 VUs, 1647 complete and 0 interrupted iterations
a1     [  18% ] 003/100 VUs  0m33.0s/3m0s  50.00 iters/s

running (0m34.0s), 003/100 VUs, 1697 complete and 0 interrupted iterations
a1     [  19% ] 003/100 VUs  0m34.0s/3m0s  50.00 iters/s

running (0m35.0s), 003/100 VUs, 1747 complete and 0 interrupted iterations
a1     [  19% ] 003/100 VUs  0m35.0s/3m0s  50.00 iters/s

running (0m36.0s), 003/100 VUs, 1797 complete and 0 interrupted iterations
a1     [  20% ] 003/100 VUs  0m36.0s/3m0s  50.00 iters/s

running (0m37.0s), 003/100 VUs, 1847 complete and 0 interrupted iterations
a1     [  21% ] 003/100 VUs  0m37.0s/3m0s  50.00 iters/s

running (0m38.0s), 003/100 VUs, 1897 complete and 0 interrupted iterations
a1     [  21% ] 003/100 VUs  0m38.0s/3m0s  50.00 iters/s

running (0m39.0s), 003/100 VUs, 1947 complete and 0 interrupted iterations
a1     [  22% ] 003/100 VUs  0m39.0s/3m0s  50.00 iters/s

running (0m40.0s), 003/100 VUs, 1997 complete and 0 interrupted iterations
a1     [  22% ] 003/100 VUs  0m40.0s/3m0s  50.00 iters/s

running (0m41.0s), 006/100 VUs, 2044 complete and 0 interrupted iterations
a1     [  23% ] 006/100 VUs  0m41.0s/3m0s  50.00 iters/s

running (0m42.0s), 003/100 VUs, 2097 complete and 0 interrupted iterations
a1     [  23% ] 003/100 VUs  0m42.0s/3m0s  50.00 iters/s

running (0m43.0s), 003/100 VUs, 2147 complete and 0 interrupted iterations
a1     [  24% ] 003/100 VUs  0m43.0s/3m0s  50.00 iters/s

running (0m44.0s), 003/100 VUs, 2197 complete and 0 interrupted iterations
a1     [  24% ] 003/100 VUs  0m44.0s/3m0s  50.00 iters/s

running (0m45.0s), 003/100 VUs, 2247 complete and 0 interrupted iterations
a1     [  25% ] 003/100 VUs  0m45.0s/3m0s  50.00 iters/s

running (0m46.0s), 003/100 VUs, 2297 complete and 0 interrupted iterations
a1     [  26% ] 003/100 VUs  0m46.0s/3m0s  50.00 iters/s

running (0m47.0s), 003/100 VUs, 2347 complete and 0 interrupted iterations
a1     [  26% ] 003/100 VUs  0m47.0s/3m0s  50.00 iters/s

running (0m48.0s), 004/100 VUs, 2396 complete and 0 interrupted iterations
a1     [  27% ] 004/100 VUs  0m48.0s/3m0s  50.00 iters/s

running (0m49.0s), 004/100 VUs, 2446 complete and 0 interrupted iterations
a1     [  27% ] 004/100 VUs  0m49.0s/3m0s  50.00 iters/s

running (0m50.0s), 004/100 VUs, 2496 complete and 0 interrupted iterations
a1     [  28% ] 004/100 VUs  0m50.0s/3m0s  50.00 iters/s

running (0m51.0s), 004/100 VUs, 2546 complete and 0 interrupted iterations
a1     [  28% ] 004/100 VUs  0m51.0s/3m0s  50.00 iters/s

running (0m52.0s), 004/100 VUs, 2596 complete and 0 interrupted iterations
a1     [  29% ] 004/100 VUs  0m52.0s/3m0s  50.00 iters/s

running (0m53.0s), 004/100 VUs, 2646 complete and 0 interrupted iterations
a1     [  29% ] 004/100 VUs  0m53.0s/3m0s  50.00 iters/s

running (0m54.0s), 004/100 VUs, 2696 complete and 0 interrupted iterations
a1     [  30% ] 004/100 VUs  0m54.0s/3m0s  50.00 iters/s

running (0m55.0s), 003/100 VUs, 2747 complete and 0 interrupted iterations
a1     [  31% ] 003/100 VUs  0m55.0s/3m0s  50.00 iters/s

running (0m56.0s), 003/100 VUs, 2797 complete and 0 interrupted iterations
a1     [  31% ] 003/100 VUs  0m56.0s/3m0s  50.00 iters/s

running (0m57.0s), 003/100 VUs, 2847 complete and 0 interrupted iterations
a1     [  32% ] 003/100 VUs  0m57.0s/3m0s  50.00 iters/s

running (0m58.0s), 004/100 VUs, 2896 complete and 0 interrupted iterations
a1     [  32% ] 004/100 VUs  0m58.0s/3m0s  50.00 iters/s

running (0m59.0s), 003/100 VUs, 2947 complete and 0 interrupted iterations
a1     [  33% ] 003/100 VUs  0m59.0s/3m0s  50.00 iters/s

running (1m00.0s), 003/100 VUs, 2997 complete and 0 interrupted iterations
a1     [  33% ] 003/100 VUs  1m00.0s/3m0s  50.00 iters/s

running (1m01.0s), 003/100 VUs, 3047 complete and 0 interrupted iterations
a1     [  34% ] 003/100 VUs  1m01.0s/3m0s  50.00 iters/s

running (1m02.0s), 003/100 VUs, 3097 complete and 0 interrupted iterations
a1     [  34% ] 003/100 VUs  1m02.0s/3m0s  50.00 iters/s

running (1m03.0s), 003/100 VUs, 3147 complete and 0 interrupted iterations
a1     [  35% ] 003/100 VUs  1m03.0s/3m0s  50.00 iters/s

running (1m04.0s), 004/100 VUs, 3196 complete and 0 interrupted iterations
a1     [  36% ] 004/100 VUs  1m04.0s/3m0s  50.00 iters/s

running (1m05.0s), 053/100 VUs, 3197 complete and 0 interrupted iterations
a1     [  36% ] 053/100 VUs  1m05.0s/3m0s  50.00 iters/s

running (1m06.0s), 098/100 VUs, 3202 complete and 0 interrupted iterations
a1     [  37% ] 098/100 VUs  1m06.0s/3m0s  50.00 iters/s

running (1m07.0s), 113/114 VUs, 3223 complete and 0 interrupted iterations
a1     [  37% ] 113/114 VUs  1m07.0s/3m0s  50.00 iters/s

running (1m08.0s), 131/131 VUs, 3238 complete and 0 interrupted iterations
a1     [  38% ] 131/131 VUs  1m08.0s/3m0s  50.00 iters/s

running (1m09.0s), 148/149 VUs, 3253 complete and 0 interrupted iterations
a1     [  38% ] 148/149 VUs  1m09.0s/3m0s  50.00 iters/s

running (1m10.0s), 169/169 VUs, 3262 complete and 0 interrupted iterations
a1     [  39% ] 169/169 VUs  1m10.0s/3m0s  50.00 iters/s

running (1m11.0s), 109/177 VUs, 3364 complete and 0 interrupted iterations
a1     [  39% ] 109/177 VUs  1m11.0s/3m0s  50.00 iters/s

running (1m12.0s), 001/177 VUs, 3522 complete and 0 interrupted iterations
a1     [  40% ] 001/177 VUs  1m12.0s/3m0s  50.00 iters/s

running (1m13.0s), 001/177 VUs, 3572 complete and 0 interrupted iterations
a1     [  41% ] 001/177 VUs  1m13.0s/3m0s  50.00 iters/s

running (1m14.0s), 001/177 VUs, 3622 complete and 0 interrupted iterations
a1     [  41% ] 001/177 VUs  1m14.0s/3m0s  50.00 iters/s

running (1m15.0s), 001/177 VUs, 3672 complete and 0 interrupted iterations
a1     [  42% ] 001/177 VUs  1m15.0s/3m0s  50.00 iters/s

running (1m16.0s), 001/177 VUs, 3722 complete and 0 interrupted iterations
a1     [  42% ] 001/177 VUs  1m16.0s/3m0s  50.00 iters/s

running (1m17.0s), 049/177 VUs, 3724 complete and 0 interrupted iterations
a1     [  43% ] 049/177 VUs  1m17.0s/3m0s  50.00 iters/s

running (1m18.0s), 075/177 VUs, 3748 complete and 0 interrupted iterations
a1     [  43% ] 075/177 VUs  1m18.0s/3m0s  50.00 iters/s

running (1m19.0s), 117/177 VUs, 3756 complete and 0 interrupted iterations
a1     [  44% ] 117/177 VUs  1m19.0s/3m0s  50.00 iters/s

running (1m20.0s), 157/177 VUs, 3766 complete and 0 interrupted iterations
a1     [  44% ] 157/177 VUs  1m20.0s/3m0s  50.00 iters/s

running (1m21.0s), 177/191 VUs, 3782 complete and 0 interrupted iterations
a1     [  45% ] 177/191 VUs  1m21.0s/3m0s  50.00 iters/s

running (1m22.0s), 204/205 VUs, 3791 complete and 0 interrupted iterations
a1     [  46% ] 204/205 VUs  1m22.0s/3m0s  50.00 iters/s

running (1m23.0s), 201/218 VUs, 3831 complete and 0 interrupted iterations
a1     [  46% ] 201/218 VUs  1m23.0s/3m0s  50.00 iters/s

running (1m24.0s), 006/218 VUs, 4076 complete and 0 interrupted iterations
a1     [  47% ] 006/218 VUs  1m24.0s/3m0s  50.00 iters/s

running (1m25.0s), 005/218 VUs, 4127 complete and 0 interrupted iterations
a1     [  47% ] 005/218 VUs  1m25.0s/3m0s  50.00 iters/s

running (1m26.0s), 006/218 VUs, 4176 complete and 0 interrupted iterations
a1     [  48% ] 006/218 VUs  1m26.0s/3m0s  50.00 iters/s

running (1m27.0s), 006/218 VUs, 4226 complete and 0 interrupted iterations
a1     [  48% ] 006/218 VUs  1m27.0s/3m0s  50.00 iters/s

running (1m28.0s), 006/218 VUs, 4276 complete and 0 interrupted iterations
a1     [  49% ] 006/218 VUs  1m28.0s/3m0s  50.00 iters/s

running (1m29.0s), 006/218 VUs, 4326 complete and 0 interrupted iterations
a1     [  49% ] 006/218 VUs  1m29.0s/3m0s  50.00 iters/s

running (1m30.0s), 005/218 VUs, 4377 complete and 0 interrupted iterations
a1     [  50% ] 005/218 VUs  1m30.0s/3m0s  50.00 iters/s

running (1m31.0s), 006/218 VUs, 4426 complete and 0 interrupted iterations
a1     [  51% ] 006/218 VUs  1m31.0s/3m0s  50.00 iters/s

running (1m32.0s), 006/218 VUs, 4476 complete and 0 interrupted iterations
a1     [  51% ] 006/218 VUs  1m32.0s/3m0s  50.00 iters/s

running (1m33.0s), 006/218 VUs, 4526 complete and 0 interrupted iterations
a1     [  52% ] 006/218 VUs  1m33.0s/3m0s  50.00 iters/s

running (1m34.0s), 006/218 VUs, 4576 complete and 0 interrupted iterations
a1     [  52% ] 006/218 VUs  1m34.0s/3m0s  50.00 iters/s

running (1m35.0s), 006/218 VUs, 4626 complete and 0 interrupted iterations
a1     [  53% ] 006/218 VUs  1m35.0s/3m0s  50.00 iters/s

running (1m36.0s), 006/218 VUs, 4676 complete and 0 interrupted iterations
a1     [  53% ] 006/218 VUs  1m36.0s/3m0s  50.00 iters/s

running (1m37.0s), 006/218 VUs, 4726 complete and 0 interrupted iterations
a1     [  54% ] 006/218 VUs  1m37.0s/3m0s  50.00 iters/s

running (1m38.0s), 006/218 VUs, 4776 complete and 0 interrupted iterations
a1     [  54% ] 006/218 VUs  1m38.0s/3m0s  50.00 iters/s

running (1m39.0s), 006/218 VUs, 4826 complete and 0 interrupted iterations
a1     [  55% ] 006/218 VUs  1m39.0s/3m0s  50.00 iters/s

running (1m40.0s), 006/218 VUs, 4876 complete and 0 interrupted iterations
a1     [  56% ] 006/218 VUs  1m40.0s/3m0s  50.00 iters/s

running (1m41.0s), 006/218 VUs, 4926 complete and 0 interrupted iterations
a1     [  56% ] 006/218 VUs  1m41.0s/3m0s  50.00 iters/s

running (1m42.0s), 006/218 VUs, 4976 complete and 0 interrupted iterations
a1     [  57% ] 006/218 VUs  1m42.0s/3m0s  50.00 iters/s

running (1m43.0s), 056/218 VUs, 4976 complete and 0 interrupted iterations
a1     [  57% ] 056/218 VUs  1m43.0s/3m0s  50.00 iters/s

running (1m44.0s), 088/218 VUs, 4994 complete and 0 interrupted iterations
a1     [  58% ] 088/218 VUs  1m44.0s/3m0s  50.00 iters/s

running (1m45.0s), 117/218 VUs, 5015 complete and 0 interrupted iterations
a1     [  58% ] 117/218 VUs  1m45.0s/3m0s  50.00 iters/s

running (1m46.0s), 166/218 VUs, 5016 complete and 0 interrupted iterations
a1     [  59% ] 166/218 VUs  1m46.0s/3m0s  50.00 iters/s

running (1m47.0s), 198/218 VUs, 5034 complete and 0 interrupted iterations
a1     [  59% ] 198/218 VUs  1m47.0s/3m0s  50.00 iters/s

running (1m48.0s), 233/233 VUs, 5034 complete and 0 interrupted iterations
a1     [  60% ] 233/233 VUs  1m48.0s/3m0s  50.00 iters/s

running (1m49.0s), 211/245 VUs, 5094 complete and 0 interrupted iterations
a1     [  61% ] 211/245 VUs  1m49.0s/3m0s  50.00 iters/s

running (1m50.0s), 005/245 VUs, 5350 complete and 0 interrupted iterations
a1     [  61% ] 005/245 VUs  1m50.0s/3m0s  50.00 iters/s

running (1m51.0s), 004/245 VUs, 5401 complete and 0 interrupted iterations
a1     [  62% ] 004/245 VUs  1m51.0s/3m0s  50.00 iters/s

running (1m52.0s), 004/245 VUs, 5451 complete and 0 interrupted iterations
a1     [  62% ] 004/245 VUs  1m52.0s/3m0s  50.00 iters/s

running (1m53.0s), 003/245 VUs, 5502 complete and 0 interrupted iterations
a1     [  63% ] 003/245 VUs  1m53.0s/3m0s  50.00 iters/s

running (1m54.0s), 008/245 VUs, 5547 complete and 0 interrupted iterations
a1     [  63% ] 008/245 VUs  1m54.0s/3m0s  50.00 iters/s
time="2026-09-10T10:20:31+05:00" level=warning msg="The test has generated metrics with 100066 unique time series, which is higher than the suggested limit of 100000 and could cause high memory usage. Consider not using high-cardinality values like unique IDs as metric tags or, if you need them in the URL, use the name metric tag or URL grouping. See https://grafana.com/docs/k6/latest/using-k6/tags-and-groups/ for details." component=metrics-engine-ingester

running (1m55.0s), 047/245 VUs, 5558 complete and 0 interrupted iterations
a1     [  64% ] 047/245 VUs  1m55.0s/3m0s  50.00 iters/s

running (1m56.0s), 075/245 VUs, 5580 complete and 0 interrupted iterations
a1     [  64% ] 075/245 VUs  1m56.0s/3m0s  50.00 iters/s

running (1m57.0s), 108/245 VUs, 5597 complete and 0 interrupted iterations
a1     [  65% ] 108/245 VUs  1m57.0s/3m0s  50.00 iters/s

running (1m58.0s), 156/245 VUs, 5599 complete and 0 interrupted iterations
a1     [  66% ] 156/245 VUs  1m58.0s/3m0s  50.00 iters/s

running (1m59.0s), 182/245 VUs, 5623 complete and 0 interrupted iterations
a1     [  66% ] 182/245 VUs  1m59.0s/3m0s  50.00 iters/s

running (2m00.0s), 224/245 VUs, 5631 complete and 0 interrupted iterations
a1     [  67% ] 224/245 VUs  2m00.0s/3m0s  50.00 iters/s

running (2m01.0s), 245/250 VUs, 5655 complete and 0 interrupted iterations
a1     [  67% ] 245/250 VUs  2m01.0s/3m0s  50.00 iters/s

running (2m02.0s), 010/250 VUs, 5940 complete and 0 interrupted iterations
a1     [  68% ] 010/250 VUs  2m02.0s/3m0s  50.00 iters/s

running (2m03.0s), 007/250 VUs, 5993 complete and 0 interrupted iterations
a1     [  68% ] 007/250 VUs  2m03.0s/3m0s  50.00 iters/s

running (2m04.0s), 016/250 VUs, 6034 complete and 0 interrupted iterations
a1     [  69% ] 016/250 VUs  2m04.0s/3m0s  50.00 iters/s

running (2m05.0s), 011/250 VUs, 6089 complete and 0 interrupted iterations
a1     [  69% ] 011/250 VUs  2m05.0s/3m0s  50.00 iters/s

running (2m06.0s), 016/250 VUs, 6134 complete and 0 interrupted iterations
a1     [  70% ] 016/250 VUs  2m06.0s/3m0s  50.00 iters/s

running (2m07.0s), 065/250 VUs, 6135 complete and 0 interrupted iterations
a1     [  71% ] 065/250 VUs  2m07.0s/3m0s  50.00 iters/s

running (2m08.0s), 087/250 VUs, 6163 complete and 0 interrupted iterations
a1     [  71% ] 087/250 VUs  2m08.0s/3m0s  50.00 iters/s

running (2m09.0s), 134/250 VUs, 6166 complete and 0 interrupted iterations
a1     [  72% ] 134/250 VUs  2m09.0s/3m0s  50.00 iters/s

running (2m10.0s), 174/250 VUs, 6176 complete and 0 interrupted iterations
a1     [  72% ] 174/250 VUs  2m10.0s/3m0s  50.00 iters/s

running (2m11.0s), 205/250 VUs, 6195 complete and 0 interrupted iterations
a1     [  73% ] 205/250 VUs  2m11.0s/3m0s  50.00 iters/s

running (2m12.0s), 250/251 VUs, 6199 complete and 0 interrupted iterations
a1     [  73% ] 250/251 VUs  2m12.0s/3m0s  50.00 iters/s

running (2m13.0s), 007/253 VUs, 6490 complete and 0 interrupted iterations
a1     [  74% ] 007/253 VUs  2m13.0s/3m0s  50.00 iters/s

running (2m14.0s), 009/253 VUs, 6538 complete and 0 interrupted iterations
a1     [  74% ] 009/253 VUs  2m14.0s/3m0s  50.00 iters/s

running (2m15.0s), 014/253 VUs, 6583 complete and 0 interrupted iterations
a1     [  75% ] 014/253 VUs  2m15.0s/3m0s  50.00 iters/s

running (2m16.0s), 014/253 VUs, 6633 complete and 0 interrupted iterations
a1     [  76% ] 014/253 VUs  2m16.0s/3m0s  50.00 iters/s

running (2m17.0s), 013/253 VUs, 6684 complete and 0 interrupted iterations
a1     [  76% ] 013/253 VUs  2m17.0s/3m0s  50.00 iters/s

running (2m18.0s), 014/253 VUs, 6733 complete and 0 interrupted iterations
a1     [  77% ] 014/253 VUs  2m18.0s/3m0s  50.00 iters/s

running (2m19.0s), 014/253 VUs, 6783 complete and 0 interrupted iterations
a1     [  77% ] 014/253 VUs  2m19.0s/3m0s  50.00 iters/s

running (2m20.0s), 014/253 VUs, 6833 complete and 0 interrupted iterations
a1     [  78% ] 014/253 VUs  2m20.0s/3m0s  50.00 iters/s

running (2m21.0s), 014/253 VUs, 6883 complete and 0 interrupted iterations
a1     [  78% ] 014/253 VUs  2m21.0s/3m0s  50.00 iters/s

running (2m22.0s), 014/253 VUs, 6933 complete and 0 interrupted iterations
a1     [  79% ] 014/253 VUs  2m22.0s/3m0s  50.00 iters/s

running (2m23.0s), 014/253 VUs, 6983 complete and 0 interrupted iterations
a1     [  79% ] 014/253 VUs  2m23.0s/3m0s  50.00 iters/s

running (2m24.0s), 014/253 VUs, 7033 complete and 0 interrupted iterations
a1     [  80% ] 014/253 VUs  2m24.0s/3m0s  50.00 iters/s

running (2m25.0s), 014/253 VUs, 7083 complete and 0 interrupted iterations
a1     [  81% ] 014/253 VUs  2m25.0s/3m0s  50.00 iters/s

running (2m26.0s), 014/253 VUs, 7133 complete and 0 interrupted iterations
a1     [  81% ] 014/253 VUs  2m26.0s/3m0s  50.00 iters/s

running (2m27.0s), 004/253 VUs, 7193 complete and 0 interrupted iterations
a1     [  82% ] 004/253 VUs  2m27.0s/3m0s  50.00 iters/s

running (2m28.0s), 005/253 VUs, 7242 complete and 0 interrupted iterations
a1     [  82% ] 005/253 VUs  2m28.0s/3m0s  50.00 iters/s

running (2m29.0s), 013/253 VUs, 7284 complete and 0 interrupted iterations
a1     [  83% ] 013/253 VUs  2m29.0s/3m0s  50.00 iters/s

running (2m30.0s), 013/253 VUs, 7334 complete and 0 interrupted iterations
a1     [  83% ] 013/253 VUs  2m30.0s/3m0s  50.00 iters/s

running (2m31.0s), 014/253 VUs, 7383 complete and 0 interrupted iterations
a1     [  84% ] 014/253 VUs  2m31.0s/3m0s  50.00 iters/s

running (2m32.0s), 014/253 VUs, 7433 complete and 0 interrupted iterations
a1     [  84% ] 014/253 VUs  2m32.0s/3m0s  50.00 iters/s

running (2m33.0s), 014/253 VUs, 7483 complete and 0 interrupted iterations
a1     [  85% ] 014/253 VUs  2m33.0s/3m0s  50.00 iters/s

running (2m34.0s), 013/253 VUs, 7534 complete and 0 interrupted iterations
a1     [  86% ] 013/253 VUs  2m34.0s/3m0s  50.00 iters/s

running (2m35.0s), 014/253 VUs, 7583 complete and 0 interrupted iterations
a1     [  86% ] 014/253 VUs  2m35.0s/3m0s  50.00 iters/s

running (2m36.0s), 013/253 VUs, 7634 complete and 0 interrupted iterations
a1     [  87% ] 013/253 VUs  2m36.0s/3m0s  50.00 iters/s

running (2m37.0s), 014/253 VUs, 7683 complete and 0 interrupted iterations
a1     [  87% ] 014/253 VUs  2m37.0s/3m0s  50.00 iters/s

running (2m38.0s), 014/253 VUs, 7733 complete and 0 interrupted iterations
a1     [  88% ] 014/253 VUs  2m38.0s/3m0s  50.00 iters/s

running (2m39.0s), 010/253 VUs, 7787 complete and 0 interrupted iterations
a1     [  88% ] 010/253 VUs  2m39.0s/3m0s  50.00 iters/s

running (2m40.0s), 014/253 VUs, 7833 complete and 0 interrupted iterations
a1     [  89% ] 014/253 VUs  2m40.0s/3m0s  50.00 iters/s

running (2m41.0s), 029/253 VUs, 7868 complete and 0 interrupted iterations
a1     [  89% ] 029/253 VUs  2m41.0s/3m0s  50.00 iters/s

running (2m42.0s), 009/253 VUs, 7938 complete and 0 interrupted iterations
a1     [  90% ] 009/253 VUs  2m42.0s/3m0s  50.00 iters/s

running (2m43.0s), 009/253 VUs, 7988 complete and 0 interrupted iterations
a1     [  91% ] 009/253 VUs  2m43.0s/3m0s  50.00 iters/s

running (2m44.0s), 010/253 VUs, 8037 complete and 0 interrupted iterations
a1     [  91% ] 010/253 VUs  2m44.0s/3m0s  50.00 iters/s

running (2m45.0s), 010/253 VUs, 8087 complete and 0 interrupted iterations
a1     [  92% ] 010/253 VUs  2m45.0s/3m0s  50.00 iters/s

running (2m46.0s), 055/253 VUs, 8092 complete and 0 interrupted iterations
a1     [  92% ] 055/253 VUs  2m46.0s/3m0s  50.00 iters/s

running (2m47.0s), 102/253 VUs, 8095 complete and 0 interrupted iterations
a1     [  93% ] 102/253 VUs  2m47.0s/3m0s  50.00 iters/s

running (2m48.0s), 134/253 VUs, 8113 complete and 0 interrupted iterations
a1     [  93% ] 134/253 VUs  2m48.0s/3m0s  50.00 iters/s

running (2m49.0s), 172/253 VUs, 8125 complete and 0 interrupted iterations
a1     [  94% ] 172/253 VUs  2m49.0s/3m0s  50.00 iters/s

running (2m50.0s), 204/253 VUs, 8143 complete and 0 interrupted iterations
a1     [  94% ] 204/253 VUs  2m50.0s/3m0s  50.00 iters/s

running (2m51.0s), 238/253 VUs, 8159 complete and 0 interrupted iterations
a1     [  95% ] 238/253 VUs  2m51.0s/3m0s  50.00 iters/s

running (2m52.0s), 253/261 VUs, 8186 complete and 0 interrupted iterations
a1     [  96% ] 253/261 VUs  2m52.0s/3m0s  50.00 iters/s

running (2m53.0s), 002/261 VUs, 8487 complete and 0 interrupted iterations
a1     [  96% ] 002/261 VUs  2m53.0s/3m0s  50.00 iters/s

running (2m54.0s), 001/261 VUs, 8538 complete and 0 interrupted iterations
a1     [  97% ] 001/261 VUs  2m54.0s/3m0s  50.00 iters/s

running (2m55.0s), 001/261 VUs, 8588 complete and 0 interrupted iterations
a1     [  97% ] 001/261 VUs  2m55.0s/3m0s  50.00 iters/s

running (2m56.0s), 016/261 VUs, 8623 complete and 0 interrupted iterations
a1     [  98% ] 016/261 VUs  2m56.0s/3m0s  50.00 iters/s

running (2m57.0s), 020/261 VUs, 8669 complete and 0 interrupted iterations
a1     [  98% ] 020/261 VUs  2m57.0s/3m0s  50.00 iters/s

running (2m58.0s), 070/261 VUs, 8669 complete and 0 interrupted iterations
a1     [  99% ] 070/261 VUs  2m58.0s/3m0s  50.00 iters/s

running (2m59.0s), 097/261 VUs, 8692 complete and 0 interrupted iterations
a1     [  99% ] 097/261 VUs  2m59.0s/3m0s  50.00 iters/s

running (3m00.0s), 140/261 VUs, 8699 complete and 0 interrupted iterations
a1     [ 100% ] 140/261 VUs  3m00.0s/3m0s  50.00 iters/s

running (3m01.0s), 134/261 VUs, 8705 complete and 0 interrupted iterations
a1   ↓ [ 100% ] 140/261 VUs  3m0s  50.00 iters/s

running (3m02.0s), 111/261 VUs, 8728 complete and 0 interrupted iterations
a1   ↓ [ 100% ] 140/261 VUs  3m0s  50.00 iters/s

running (3m03.0s), 083/261 VUs, 8756 complete and 0 interrupted iterations
a1   ↓ [ 100% ] 140/261 VUs  3m0s  50.00 iters/s


  █ THRESHOLDS 

    http_req_failed
    ✓ 'rate<0.05' rate=0.00%


  █ TOTAL RESULTS 

    checks_total.......: 26517   144.536909/s
    checks_succeeded...: 100.00% 26517 out of 26517
    checks_failed......: 0.00%   0 out of 26517

    ✓ initiated
    ✓ validated
    ✓ terminal

    CUSTOM
    a1_lifecycle_duration..........: avg=899.38ms min=6ms    med=240ms    p(95)=4.51s p(99)=5.4s  max=6.8s 
    a1_lifecycles_completed........: 8839   48.17897/s
    a1_transitions_committed.......: 26517  144.536909/s

    HTTP
    http_req_duration..............: avg=299.63ms min=1.43ms med=40.19ms  p(95)=1.9s  p(99)=2.74s max=5.54s
      { expected_response:true }...: avg=299.63ms min=1.43ms med=40.19ms  p(95)=1.9s  p(99)=2.74s max=5.54s
    http_req_failed................: 0.00%  0 out of 26517
    http_reqs......................: 26517  144.536909/s

    EXECUTION
    dropped_iterations.............: 161    0.877567/s
    iteration_duration.............: avg=899.47ms min=6.08ms med=240.35ms p(95)=4.51s p(99)=5.4s  max=6.8s 
    iterations.....................: 8839   48.17897/s
    vus............................: 83     min=1          max=253
    vus_max........................: 261    min=100        max=261

    NETWORK
    data_received..................: 10 MB  55 kB/s
    data_sent......................: 5.7 MB 31 kB/s




running (3m03.5s), 000/261 VUs, 8839 complete and 0 interrupted iterations
a1   ✓ [ 100% ] 000/261 VUs  3m0s  50.00 iters/s
