[17:32:53] === RUN AQ-P1-r3-F1-20260904173253 ===
[17:32:53] mode=AQ profile=P1 rep=3 tps=50 duration=180s fault=F1
[17:32:53] jar: target/master-thesis-observability-0.0.1-SNAPSHOT.jar
[17:32:53] workload tozalanmoqda (reference saqlanadi)
workload reset; reference data preserved
AQ backlog purged: 0 -> 0
[17:32:54] Kafka topigi qayta yaratilmoqda
[17:33:03] ilova ishga tushirilmoqda (mode=AQ)
[17:33:16] ilova tayyor (pid 3804127)
[17:33:19] fault F1 60s dan keyin yuboriladi
[17:33:19] k6 yuklamasi boshlandi
[fault 17:34:25] SIGKILL ilovaga: 3804127
[fault 17:34:38] ilova qayta ishga tushirilmoqda (mode=results/WRAPPER_B3-P1-r91-20260903164920/run.log:WRAPPER_B3)
[fault 17:34:38] F1 tugadi
[17:36:38] k6 nolga teng bo'lmagan kod bilan tugadi (natija baribir tahlil qilinadi)
[17:36:38] pipeline bo'shashi kutilmoqda (maks 120s)
[17:42:31] OGOHLANTIRISH: pipeline 120s ichida bo'shamadi (db_pending=1 sink=8894) - LOSS raqamlari ishonchsiz
[17:42:41] ground truth eksport qilinmoqda
[17:42:42] Kafka topigi eksport qilinmoqda
[17:43:37] tahlil
{
  "mode": "AQ",
  "profile": "P1",
  "rep": "3",
  "fault": "F1",
  "ground_truth_transitions": 8895,
  "delivered_distinct": 8894,
  "delivered_total": 8894,
  "matched": 8894,
  "missing": 1,
  "phantom": 0,
  "malformed": 0,
  "loss_rate": 0.00011242,
  "loss_rate_ppm": 112.42,
  "duplicate_rate": 0.0,
  "ordering_violation_rate": 0.0,
  "txns_split_across_partitions": 0,
  "latency_ms_p50": 7,
  "latency_ms_p95": 20,
  "latency_ms_p99": 1541,
  "latency_ms_max": 2940,
  "latency_ms_mean": 57.0,
  "latency_samples": 8894,
  "latency_negative_samples": 0
}
[17:43:37] ilova va konnektor to'xtatilmoqda
[17:43:40] === TUGADI: results/AQ-P1-r3-F1-20260904173253 ===
