
         /\      Grafana   /‾‾/  
    /\  /  \     |\  __   /  /   
   /  \/    \    | |/ /  /   ‾‾\ 
  /          \   |   (  |  (‾)  |
 / __________ \  |_|\_\  \_____/ 


     execution: local
        script: harness/k6/a1-workload.js
        output: -

     scenarios: (100.00%) 1 scenario, 600 max VUs, 7m30s max duration (incl. graceful stop):
              * a1: 50.00 iterations/s for 7m0s (maxVUs: 100-600, gracefulStop: 30s)


running (0m00.8s), 043/100 VUs, 0 complete and 0 interrupted iterations
a1     [   0% ] 043/100 VUs  0m00.8s/7m0s  50.00 iters/s

running (0m01.8s), 002/100 VUs, 91 complete and 0 interrupted iterations
a1     [   0% ] 002/100 VUs  0m01.8s/7m0s  50.00 iters/s

running (0m02.8s), 001/100 VUs, 142 complete and 0 interrupted iterations
a1     [   1% ] 001/100 VUs  0m02.8s/7m0s  50.00 iters/s

running (0m03.8s), 001/100 VUs, 192 complete and 0 interrupted iterations
a1     [   1% ] 001/100 VUs  0m03.8s/7m0s  50.00 iters/s

running (0m04.8s), 001/100 VUs, 242 complete and 0 interrupted iterations
a1     [   1% ] 001/100 VUs  0m04.8s/7m0s  50.00 iters/s

running (0m05.8s), 001/100 VUs, 292 complete and 0 interrupted iterations
a1     [   1% ] 001/100 VUs  0m05.8s/7m0s  50.00 iters/s

running (0m06.8s), 001/100 VUs, 342 complete and 0 interrupted iterations
a1     [   2% ] 001/100 VUs  0m06.8s/7m0s  50.00 iters/s

running (0m07.8s), 001/100 VUs, 392 complete and 0 interrupted iterations
a1     [   2% ] 001/100 VUs  0m07.8s/7m0s  50.00 iters/s

running (0m08.8s), 001/100 VUs, 442 complete and 0 interrupted iterations
a1     [   2% ] 001/100 VUs  0m08.8s/7m0s  50.00 iters/s

running (0m09.8s), 001/100 VUs, 492 complete and 0 interrupted iterations
a1     [   2% ] 001/100 VUs  0m09.8s/7m0s  50.00 iters/s

running (0m10.8s), 001/100 VUs, 542 complete and 0 interrupted iterations
a1     [   3% ] 001/100 VUs  0m10.8s/7m0s  50.00 iters/s

running (0m11.8s), 001/100 VUs, 592 complete and 0 interrupted iterations
a1     [   3% ] 001/100 VUs  0m11.8s/7m0s  50.00 iters/s

running (0m12.8s), 001/100 VUs, 642 complete and 0 interrupted iterations
a1     [   3% ] 001/100 VUs  0m12.8s/7m0s  50.00 iters/s

running (0m13.8s), 001/100 VUs, 692 complete and 0 interrupted iterations
a1     [   3% ] 001/100 VUs  0m13.8s/7m0s  50.00 iters/s

running (0m14.8s), 001/100 VUs, 742 complete and 0 interrupted iterations
a1     [   4% ] 001/100 VUs  0m14.8s/7m0s  50.00 iters/s

running (0m15.8s), 001/100 VUs, 792 complete and 0 interrupted iterations
a1     [   4% ] 001/100 VUs  0m15.8s/7m0s  50.00 iters/s

running (0m16.8s), 001/100 VUs, 842 complete and 0 interrupted iterations
a1     [   4% ] 001/100 VUs  0m16.8s/7m0s  50.00 iters/s

running (0m17.8s), 001/100 VUs, 892 complete and 0 interrupted iterations
a1     [   4% ] 001/100 VUs  0m17.8s/7m0s  50.00 iters/s

running (0m18.8s), 001/100 VUs, 942 complete and 0 interrupted iterations
a1     [   4% ] 001/100 VUs  0m18.8s/7m0s  50.00 iters/s

running (0m19.8s), 001/100 VUs, 992 complete and 0 interrupted iterations
a1     [   5% ] 001/100 VUs  0m19.8s/7m0s  50.00 iters/s

running (0m20.8s), 001/100 VUs, 1042 complete and 0 interrupted iterations
a1     [   5% ] 001/100 VUs  0m20.8s/7m0s  50.00 iters/s

running (0m21.8s), 001/100 VUs, 1092 complete and 0 interrupted iterations
a1     [   5% ] 001/100 VUs  0m21.8s/7m0s  50.00 iters/s

running (0m22.8s), 001/100 VUs, 1142 complete and 0 interrupted iterations
a1     [   5% ] 001/100 VUs  0m22.8s/7m0s  50.00 iters/s

running (0m23.8s), 001/100 VUs, 1192 complete and 0 interrupted iterations
a1     [   6% ] 001/100 VUs  0m23.8s/7m0s  50.00 iters/s

running (0m24.8s), 001/100 VUs, 1242 complete and 0 interrupted iterations
a1     [   6% ] 001/100 VUs  0m24.8s/7m0s  50.00 iters/s

running (0m25.8s), 001/100 VUs, 1292 complete and 0 interrupted iterations
a1     [   6% ] 001/100 VUs  0m25.8s/7m0s  50.00 iters/s

running (0m26.8s), 001/100 VUs, 1342 complete and 0 interrupted iterations
a1     [   6% ] 001/100 VUs  0m26.8s/7m0s  50.00 iters/s

running (0m27.8s), 001/100 VUs, 1392 complete and 0 interrupted iterations
a1     [   7% ] 001/100 VUs  0m27.8s/7m0s  50.00 iters/s

running (0m28.8s), 001/100 VUs, 1442 complete and 0 interrupted iterations
a1     [   7% ] 001/100 VUs  0m28.8s/7m0s  50.00 iters/s

running (0m29.8s), 006/100 VUs, 1487 complete and 0 interrupted iterations
a1     [   7% ] 006/100 VUs  0m29.8s/7m0s  50.00 iters/s

running (0m30.8s), 001/100 VUs, 1542 complete and 0 interrupted iterations
a1     [   7% ] 001/100 VUs  0m30.8s/7m0s  50.00 iters/s

running (0m31.8s), 001/100 VUs, 1592 complete and 0 interrupted iterations
a1     [   8% ] 001/100 VUs  0m31.8s/7m0s  50.00 iters/s

running (0m32.8s), 006/100 VUs, 1637 complete and 0 interrupted iterations
a1     [   8% ] 006/100 VUs  0m32.8s/7m0s  50.00 iters/s

running (0m33.8s), 056/100 VUs, 1637 complete and 0 interrupted iterations
a1     [   8% ] 056/100 VUs  0m33.8s/7m0s  50.00 iters/s

running (0m34.8s), 103/103 VUs, 1637 complete and 0 interrupted iterations
a1     [   8% ] 103/103 VUs  0m34.8s/7m0s  50.00 iters/s

running (0m35.8s), 128/128 VUs, 1637 complete and 0 interrupted iterations
a1     [   9% ] 128/128 VUs  0m35.8s/7m0s  50.00 iters/s

running (0m36.8s), 153/153 VUs, 1637 complete and 0 interrupted iterations
a1     [   9% ] 153/153 VUs  0m36.8s/7m0s  50.00 iters/s

running (0m37.8s), 178/178 VUs, 1637 complete and 0 interrupted iterations
a1     [   9% ] 178/178 VUs  0m37.8s/7m0s  50.00 iters/s

running (0m38.8s), 001/192 VUs, 1850 complete and 0 interrupted iterations
a1     [   9% ] 001/192 VUs  0m38.8s/7m0s  50.00 iters/s

running (0m39.8s), 001/192 VUs, 1900 complete and 0 interrupted iterations
a1     [   9% ] 001/192 VUs  0m39.8s/7m0s  50.00 iters/s

running (0m40.8s), 001/192 VUs, 1950 complete and 0 interrupted iterations
a1     [  10% ] 001/192 VUs  0m40.8s/7m0s  50.00 iters/s

running (0m41.8s), 001/192 VUs, 2000 complete and 0 interrupted iterations
a1     [  10% ] 001/192 VUs  0m41.8s/7m0s  50.00 iters/s

running (0m42.8s), 001/192 VUs, 2050 complete and 0 interrupted iterations
a1     [  10% ] 001/192 VUs  0m42.8s/7m0s  50.00 iters/s

running (0m43.8s), 001/192 VUs, 2100 complete and 0 interrupted iterations
a1     [  10% ] 001/192 VUs  0m43.8s/7m0s  50.00 iters/s

running (0m44.8s), 001/192 VUs, 2150 complete and 0 interrupted iterations
a1     [  11% ] 001/192 VUs  0m44.8s/7m0s  50.00 iters/s

running (0m45.8s), 001/192 VUs, 2200 complete and 0 interrupted iterations
a1     [  11% ] 001/192 VUs  0m45.8s/7m0s  50.00 iters/s

running (0m46.8s), 001/192 VUs, 2250 complete and 0 interrupted iterations
a1     [  11% ] 001/192 VUs  0m46.8s/7m0s  50.00 iters/s

running (0m47.8s), 001/192 VUs, 2300 complete and 0 interrupted iterations
a1     [  11% ] 001/192 VUs  0m47.8s/7m0s  50.00 iters/s

running (0m48.8s), 001/192 VUs, 2350 complete and 0 interrupted iterations
a1     [  12% ] 001/192 VUs  0m48.8s/7m0s  50.00 iters/s

running (0m49.8s), 001/192 VUs, 2400 complete and 0 interrupted iterations
a1     [  12% ] 001/192 VUs  0m49.8s/7m0s  50.00 iters/s

running (0m50.8s), 001/192 VUs, 2450 complete and 0 interrupted iterations
a1     [  12% ] 001/192 VUs  0m50.8s/7m0s  50.00 iters/s

running (0m51.8s), 001/192 VUs, 2500 complete and 0 interrupted iterations
a1     [  12% ] 001/192 VUs  0m51.8s/7m0s  50.00 iters/s

running (0m52.8s), 001/192 VUs, 2550 complete and 0 interrupted iterations
a1     [  13% ] 001/192 VUs  0m52.8s/7m0s  50.00 iters/s

running (0m53.8s), 001/192 VUs, 2600 complete and 0 interrupted iterations
a1     [  13% ] 001/192 VUs  0m53.8s/7m0s  50.00 iters/s

running (0m54.8s), 001/192 VUs, 2650 complete and 0 interrupted iterations
a1     [  13% ] 001/192 VUs  0m54.8s/7m0s  50.00 iters/s

running (0m55.8s), 001/192 VUs, 2700 complete and 0 interrupted iterations
a1     [  13% ] 001/192 VUs  0m55.8s/7m0s  50.00 iters/s

running (0m56.8s), 001/192 VUs, 2750 complete and 0 interrupted iterations
a1     [  14% ] 001/192 VUs  0m56.8s/7m0s  50.00 iters/s

running (0m57.8s), 001/192 VUs, 2800 complete and 0 interrupted iterations
a1     [  14% ] 001/192 VUs  0m57.8s/7m0s  50.00 iters/s

running (0m58.8s), 001/192 VUs, 2850 complete and 0 interrupted iterations
a1     [  14% ] 001/192 VUs  0m58.8s/7m0s  50.00 iters/s

running (0m59.8s), 001/192 VUs, 2900 complete and 0 interrupted iterations
a1     [  14% ] 001/192 VUs  0m59.8s/7m0s  50.00 iters/s

running (1m00.8s), 001/192 VUs, 2950 complete and 0 interrupted iterations
a1     [  14% ] 001/192 VUs  1m00.8s/7m0s  50.00 iters/s

running (1m01.8s), 001/192 VUs, 3000 complete and 0 interrupted iterations
a1     [  15% ] 001/192 VUs  1m01.8s/7m0s  50.00 iters/s

running (1m02.8s), 001/192 VUs, 3050 complete and 0 interrupted iterations
a1     [  15% ] 001/192 VUs  1m02.8s/7m0s  50.00 iters/s

running (1m03.8s), 001/192 VUs, 3100 complete and 0 interrupted iterations
a1     [  15% ] 001/192 VUs  1m03.8s/7m0s  50.00 iters/s

running (1m04.8s), 001/192 VUs, 3150 complete and 0 interrupted iterations
a1     [  15% ] 001/192 VUs  1m04.8s/7m0s  50.00 iters/s

running (1m05.8s), 001/192 VUs, 3200 complete and 0 interrupted iterations
a1     [  16% ] 001/192 VUs  1m05.8s/7m0s  50.00 iters/s

running (1m06.8s), 001/192 VUs, 3250 complete and 0 interrupted iterations
a1     [  16% ] 001/192 VUs  1m06.8s/7m0s  50.00 iters/s

running (1m07.8s), 001/192 VUs, 3300 complete and 0 interrupted iterations
a1     [  16% ] 001/192 VUs  1m07.8s/7m0s  50.00 iters/s

running (1m08.8s), 001/192 VUs, 3350 complete and 0 interrupted iterations
a1     [  16% ] 001/192 VUs  1m08.8s/7m0s  50.00 iters/s

running (1m09.8s), 001/192 VUs, 3400 complete and 0 interrupted iterations
a1     [  17% ] 001/192 VUs  1m09.8s/7m0s  50.00 iters/s

running (1m10.8s), 001/192 VUs, 3450 complete and 0 interrupted iterations
a1     [  17% ] 001/192 VUs  1m10.8s/7m0s  50.00 iters/s

running (1m11.8s), 001/192 VUs, 3500 complete and 0 interrupted iterations
a1     [  17% ] 001/192 VUs  1m11.8s/7m0s  50.00 iters/s

running (1m12.8s), 001/192 VUs, 3550 complete and 0 interrupted iterations
a1     [  17% ] 001/192 VUs  1m12.8s/7m0s  50.00 iters/s

running (1m13.8s), 001/192 VUs, 3600 complete and 0 interrupted iterations
a1     [  18% ] 001/192 VUs  1m13.8s/7m0s  50.00 iters/s

running (1m14.8s), 001/192 VUs, 3650 complete and 0 interrupted iterations
a1     [  18% ] 001/192 VUs  1m14.8s/7m0s  50.00 iters/s

running (1m15.8s), 001/192 VUs, 3700 complete and 0 interrupted iterations
a1     [  18% ] 001/192 VUs  1m15.8s/7m0s  50.00 iters/s

running (1m16.8s), 001/192 VUs, 3750 complete and 0 interrupted iterations
a1     [  18% ] 001/192 VUs  1m16.8s/7m0s  50.00 iters/s

running (1m17.8s), 001/192 VUs, 3800 complete and 0 interrupted iterations
a1     [  19% ] 001/192 VUs  1m17.8s/7m0s  50.00 iters/s

running (1m18.8s), 001/192 VUs, 3850 complete and 0 interrupted iterations
a1     [  19% ] 001/192 VUs  1m18.8s/7m0s  50.00 iters/s

running (1m19.8s), 001/192 VUs, 3900 complete and 0 interrupted iterations
a1     [  19% ] 001/192 VUs  1m19.8s/7m0s  50.00 iters/s

running (1m20.8s), 001/192 VUs, 3950 complete and 0 interrupted iterations
a1     [  19% ] 001/192 VUs  1m20.8s/7m0s  50.00 iters/s

running (1m21.8s), 001/192 VUs, 4000 complete and 0 interrupted iterations
a1     [  19% ] 001/192 VUs  1m21.8s/7m0s  50.00 iters/s

running (1m22.8s), 001/192 VUs, 4050 complete and 0 interrupted iterations
a1     [  20% ] 001/192 VUs  1m22.8s/7m0s  50.00 iters/s

running (1m23.8s), 001/192 VUs, 4100 complete and 0 interrupted iterations
a1     [  20% ] 001/192 VUs  1m23.8s/7m0s  50.00 iters/s

running (1m24.8s), 001/192 VUs, 4150 complete and 0 interrupted iterations
a1     [  20% ] 001/192 VUs  1m24.8s/7m0s  50.00 iters/s

running (1m25.8s), 001/192 VUs, 4200 complete and 0 interrupted iterations
a1     [  20% ] 001/192 VUs  1m25.8s/7m0s  50.00 iters/s

running (1m26.8s), 001/192 VUs, 4250 complete and 0 interrupted iterations
a1     [  21% ] 001/192 VUs  1m26.8s/7m0s  50.00 iters/s

running (1m27.8s), 001/192 VUs, 4300 complete and 0 interrupted iterations
a1     [  21% ] 001/192 VUs  1m27.8s/7m0s  50.00 iters/s

running (1m28.8s), 001/192 VUs, 4350 complete and 0 interrupted iterations
a1     [  21% ] 001/192 VUs  1m28.8s/7m0s  50.00 iters/s

running (1m29.8s), 001/192 VUs, 4400 complete and 0 interrupted iterations
a1     [  21% ] 001/192 VUs  1m29.8s/7m0s  50.00 iters/s

running (1m30.8s), 001/192 VUs, 4450 complete and 0 interrupted iterations
a1     [  22% ] 001/192 VUs  1m30.8s/7m0s  50.00 iters/s

running (1m31.8s), 001/192 VUs, 4500 complete and 0 interrupted iterations
a1     [  22% ] 001/192 VUs  1m31.8s/7m0s  50.00 iters/s

running (1m32.8s), 001/192 VUs, 4550 complete and 0 interrupted iterations
a1     [  22% ] 001/192 VUs  1m32.8s/7m0s  50.00 iters/s

running (1m33.8s), 001/192 VUs, 4600 complete and 0 interrupted iterations
a1     [  22% ] 001/192 VUs  1m33.8s/7m0s  50.00 iters/s

running (1m34.8s), 001/192 VUs, 4650 complete and 0 interrupted iterations
a1     [  23% ] 001/192 VUs  1m34.8s/7m0s  50.00 iters/s

running (1m35.8s), 001/192 VUs, 4700 complete and 0 interrupted iterations
a1     [  23% ] 001/192 VUs  1m35.8s/7m0s  50.00 iters/s

running (1m36.8s), 001/192 VUs, 4750 complete and 0 interrupted iterations
a1     [  23% ] 001/192 VUs  1m36.8s/7m0s  50.00 iters/s

running (1m37.8s), 001/192 VUs, 4800 complete and 0 interrupted iterations
a1     [  23% ] 001/192 VUs  1m37.8s/7m0s  50.00 iters/s

running (1m38.8s), 001/192 VUs, 4850 complete and 0 interrupted iterations
a1     [  24% ] 001/192 VUs  1m38.8s/7m0s  50.00 iters/s

running (1m39.8s), 001/192 VUs, 4900 complete and 0 interrupted iterations
a1     [  24% ] 001/192 VUs  1m39.8s/7m0s  50.00 iters/s

running (1m40.8s), 001/192 VUs, 4950 complete and 0 interrupted iterations
a1     [  24% ] 001/192 VUs  1m40.8s/7m0s  50.00 iters/s

running (1m41.8s), 001/192 VUs, 5000 complete and 0 interrupted iterations
a1     [  24% ] 001/192 VUs  1m41.8s/7m0s  50.00 iters/s

running (1m42.8s), 001/192 VUs, 5050 complete and 0 interrupted iterations
a1     [  24% ] 001/192 VUs  1m42.8s/7m0s  50.00 iters/s

running (1m43.8s), 001/192 VUs, 5100 complete and 0 interrupted iterations
a1     [  25% ] 001/192 VUs  1m43.8s/7m0s  50.00 iters/s

running (1m44.8s), 001/192 VUs, 5150 complete and 0 interrupted iterations
a1     [  25% ] 001/192 VUs  1m44.8s/7m0s  50.00 iters/s

running (1m45.8s), 001/192 VUs, 5200 complete and 0 interrupted iterations
a1     [  25% ] 001/192 VUs  1m45.8s/7m0s  50.00 iters/s

running (1m46.8s), 001/192 VUs, 5250 complete and 0 interrupted iterations
a1     [  25% ] 001/192 VUs  1m46.8s/7m0s  50.00 iters/s

running (1m47.8s), 001/192 VUs, 5300 complete and 0 interrupted iterations
a1     [  26% ] 001/192 VUs  1m47.8s/7m0s  50.00 iters/s

running (1m48.8s), 001/192 VUs, 5350 complete and 0 interrupted iterations
a1     [  26% ] 001/192 VUs  1m48.8s/7m0s  50.00 iters/s

running (1m49.8s), 001/192 VUs, 5400 complete and 0 interrupted iterations
a1     [  26% ] 001/192 VUs  1m49.8s/7m0s  50.00 iters/s

running (1m50.8s), 001/192 VUs, 5450 complete and 0 interrupted iterations
a1     [  26% ] 001/192 VUs  1m50.8s/7m0s  50.00 iters/s

running (1m51.8s), 001/192 VUs, 5500 complete and 0 interrupted iterations
a1     [  27% ] 001/192 VUs  1m51.8s/7m0s  50.00 iters/s

running (1m52.8s), 001/192 VUs, 5550 complete and 0 interrupted iterations
a1     [  27% ] 001/192 VUs  1m52.8s/7m0s  50.00 iters/s
time="2026-09-09T09:35:33+05:00" level=warning msg="The test has generated metrics with 100030 unique time series, which is higher than the suggested limit of 100000 and could cause high memory usage. Consider not using high-cardinality values like unique IDs as metric tags or, if you need them in the URL, use the name metric tag or URL grouping. See https://grafana.com/docs/k6/latest/using-k6/tags-and-groups/ for details." component=metrics-engine-ingester

running (1m53.8s), 001/192 VUs, 5600 complete and 0 interrupted iterations
a1     [  27% ] 001/192 VUs  1m53.8s/7m0s  50.00 iters/s

running (1m54.8s), 001/192 VUs, 5650 complete and 0 interrupted iterations
a1     [  27% ] 001/192 VUs  1m54.8s/7m0s  50.00 iters/s

running (1m55.8s), 001/192 VUs, 5700 complete and 0 interrupted iterations
a1     [  28% ] 001/192 VUs  1m55.8s/7m0s  50.00 iters/s

running (1m56.8s), 001/192 VUs, 5750 complete and 0 interrupted iterations
a1     [  28% ] 001/192 VUs  1m56.8s/7m0s  50.00 iters/s

running (1m57.8s), 001/192 VUs, 5800 complete and 0 interrupted iterations
a1     [  28% ] 001/192 VUs  1m57.8s/7m0s  50.00 iters/s

running (1m58.8s), 001/192 VUs, 5850 complete and 0 interrupted iterations
a1     [  28% ] 001/192 VUs  1m58.8s/7m0s  50.00 iters/s

running (1m59.8s), 001/192 VUs, 5900 complete and 0 interrupted iterations
a1     [  29% ] 001/192 VUs  1m59.8s/7m0s  50.00 iters/s

running (2m00.8s), 001/192 VUs, 5950 complete and 0 interrupted iterations
a1     [  29% ] 001/192 VUs  2m00.8s/7m0s  50.00 iters/s

running (2m01.8s), 001/192 VUs, 6000 complete and 0 interrupted iterations
a1     [  29% ] 001/192 VUs  2m01.8s/7m0s  50.00 iters/s

running (2m02.8s), 001/192 VUs, 6050 complete and 0 interrupted iterations
a1     [  29% ] 001/192 VUs  2m02.8s/7m0s  50.00 iters/s

running (2m03.8s), 001/192 VUs, 6100 complete and 0 interrupted iterations
a1     [  29% ] 001/192 VUs  2m03.8s/7m0s  50.00 iters/s

running (2m04.8s), 001/192 VUs, 6150 complete and 0 interrupted iterations
a1     [  30% ] 001/192 VUs  2m04.8s/7m0s  50.00 iters/s

running (2m05.8s), 001/192 VUs, 6200 complete and 0 interrupted iterations
a1     [  30% ] 001/192 VUs  2m05.8s/7m0s  50.00 iters/s

running (2m06.8s), 001/192 VUs, 6250 complete and 0 interrupted iterations
a1     [  30% ] 001/192 VUs  2m06.8s/7m0s  50.00 iters/s

running (2m07.8s), 001/192 VUs, 6300 complete and 0 interrupted iterations
a1     [  30% ] 001/192 VUs  2m07.8s/7m0s  50.00 iters/s

running (2m08.8s), 001/192 VUs, 6350 complete and 0 interrupted iterations
a1     [  31% ] 001/192 VUs  2m08.8s/7m0s  50.00 iters/s

running (2m09.8s), 001/192 VUs, 6400 complete and 0 interrupted iterations
a1     [  31% ] 001/192 VUs  2m09.8s/7m0s  50.00 iters/s

running (2m10.8s), 001/192 VUs, 6450 complete and 0 interrupted iterations
a1     [  31% ] 001/192 VUs  2m10.8s/7m0s  50.00 iters/s

running (2m11.8s), 001/192 VUs, 6500 complete and 0 interrupted iterations
a1     [  31% ] 001/192 VUs  2m11.8s/7m0s  50.00 iters/s

running (2m12.8s), 001/192 VUs, 6550 complete and 0 interrupted iterations
a1     [  32% ] 001/192 VUs  2m12.8s/7m0s  50.00 iters/s

running (2m13.8s), 001/192 VUs, 6600 complete and 0 interrupted iterations
a1     [  32% ] 001/192 VUs  2m13.8s/7m0s  50.00 iters/s

running (2m14.8s), 001/192 VUs, 6650 complete and 0 interrupted iterations
a1     [  32% ] 001/192 VUs  2m14.8s/7m0s  50.00 iters/s

running (2m15.8s), 001/192 VUs, 6700 complete and 0 interrupted iterations
a1     [  32% ] 001/192 VUs  2m15.8s/7m0s  50.00 iters/s

running (2m16.8s), 001/192 VUs, 6750 complete and 0 interrupted iterations
a1     [  33% ] 001/192 VUs  2m16.8s/7m0s  50.00 iters/s

running (2m17.8s), 001/192 VUs, 6800 complete and 0 interrupted iterations
a1     [  33% ] 001/192 VUs  2m17.8s/7m0s  50.00 iters/s

running (2m18.8s), 001/192 VUs, 6850 complete and 0 interrupted iterations
a1     [  33% ] 001/192 VUs  2m18.8s/7m0s  50.00 iters/s

running (2m19.8s), 001/192 VUs, 6900 complete and 0 interrupted iterations
a1     [  33% ] 001/192 VUs  2m19.8s/7m0s  50.00 iters/s

running (2m20.8s), 001/192 VUs, 6950 complete and 0 interrupted iterations
a1     [  34% ] 001/192 VUs  2m20.8s/7m0s  50.00 iters/s

running (2m21.8s), 001/192 VUs, 7000 complete and 0 interrupted iterations
a1     [  34% ] 001/192 VUs  2m21.8s/7m0s  50.00 iters/s

running (2m22.8s), 001/192 VUs, 7050 complete and 0 interrupted iterations
a1     [  34% ] 001/192 VUs  2m22.8s/7m0s  50.00 iters/s

running (2m23.8s), 001/192 VUs, 7100 complete and 0 interrupted iterations
a1     [  34% ] 001/192 VUs  2m23.8s/7m0s  50.00 iters/s

running (2m24.8s), 001/192 VUs, 7150 complete and 0 interrupted iterations
a1     [  34% ] 001/192 VUs  2m24.8s/7m0s  50.00 iters/s

running (2m25.8s), 001/192 VUs, 7200 complete and 0 interrupted iterations
a1     [  35% ] 001/192 VUs  2m25.8s/7m0s  50.00 iters/s

running (2m26.8s), 001/192 VUs, 7250 complete and 0 interrupted iterations
a1     [  35% ] 001/192 VUs  2m26.8s/7m0s  50.00 iters/s

running (2m27.8s), 001/192 VUs, 7300 complete and 0 interrupted iterations
a1     [  35% ] 001/192 VUs  2m27.8s/7m0s  50.00 iters/s

running (2m28.8s), 001/192 VUs, 7350 complete and 0 interrupted iterations
a1     [  35% ] 001/192 VUs  2m28.8s/7m0s  50.00 iters/s

running (2m29.8s), 001/192 VUs, 7400 complete and 0 interrupted iterations
a1     [  36% ] 001/192 VUs  2m29.8s/7m0s  50.00 iters/s

running (2m30.8s), 001/192 VUs, 7450 complete and 0 interrupted iterations
a1     [  36% ] 001/192 VUs  2m30.8s/7m0s  50.00 iters/s

running (2m31.8s), 001/192 VUs, 7500 complete and 0 interrupted iterations
a1     [  36% ] 001/192 VUs  2m31.8s/7m0s  50.00 iters/s

running (2m32.8s), 001/192 VUs, 7550 complete and 0 interrupted iterations
a1     [  36% ] 001/192 VUs  2m32.8s/7m0s  50.00 iters/s

running (2m33.8s), 001/192 VUs, 7600 complete and 0 interrupted iterations
a1     [  37% ] 001/192 VUs  2m33.8s/7m0s  50.00 iters/s

running (2m34.8s), 001/192 VUs, 7650 complete and 0 interrupted iterations
a1     [  37% ] 001/192 VUs  2m34.8s/7m0s  50.00 iters/s

running (2m35.8s), 001/192 VUs, 7700 complete and 0 interrupted iterations
a1     [  37% ] 001/192 VUs  2m35.8s/7m0s  50.00 iters/s

running (2m36.8s), 001/192 VUs, 7750 complete and 0 interrupted iterations
a1     [  37% ] 001/192 VUs  2m36.8s/7m0s  50.00 iters/s

running (2m37.8s), 001/192 VUs, 7800 complete and 0 interrupted iterations
a1     [  38% ] 001/192 VUs  2m37.8s/7m0s  50.00 iters/s

running (2m38.8s), 001/192 VUs, 7850 complete and 0 interrupted iterations
a1     [  38% ] 001/192 VUs  2m38.8s/7m0s  50.00 iters/s

running (2m39.8s), 001/192 VUs, 7900 complete and 0 interrupted iterations
a1     [  38% ] 001/192 VUs  2m39.8s/7m0s  50.00 iters/s

running (2m40.8s), 001/192 VUs, 7950 complete and 0 interrupted iterations
a1     [  38% ] 001/192 VUs  2m40.8s/7m0s  50.00 iters/s

running (2m41.8s), 001/192 VUs, 8000 complete and 0 interrupted iterations
a1     [  39% ] 001/192 VUs  2m41.8s/7m0s  50.00 iters/s

running (2m42.8s), 001/192 VUs, 8050 complete and 0 interrupted iterations
a1     [  39% ] 001/192 VUs  2m42.8s/7m0s  50.00 iters/s

running (2m43.8s), 001/192 VUs, 8100 complete and 0 interrupted iterations
a1     [  39% ] 001/192 VUs  2m43.8s/7m0s  50.00 iters/s

running (2m44.8s), 001/192 VUs, 8150 complete and 0 interrupted iterations
a1     [  39% ] 001/192 VUs  2m44.8s/7m0s  50.00 iters/s

running (2m45.8s), 001/192 VUs, 8200 complete and 0 interrupted iterations
a1     [  39% ] 001/192 VUs  2m45.8s/7m0s  50.00 iters/s

running (2m46.8s), 001/192 VUs, 8250 complete and 0 interrupted iterations
a1     [  40% ] 001/192 VUs  2m46.8s/7m0s  50.00 iters/s

running (2m47.8s), 001/192 VUs, 8300 complete and 0 interrupted iterations
a1     [  40% ] 001/192 VUs  2m47.8s/7m0s  50.00 iters/s

running (2m48.8s), 001/192 VUs, 8350 complete and 0 interrupted iterations
a1     [  40% ] 001/192 VUs  2m48.8s/7m0s  50.00 iters/s

running (2m49.8s), 001/192 VUs, 8400 complete and 0 interrupted iterations
a1     [  40% ] 001/192 VUs  2m49.8s/7m0s  50.00 iters/s

running (2m50.8s), 001/192 VUs, 8450 complete and 0 interrupted iterations
a1     [  41% ] 001/192 VUs  2m50.8s/7m0s  50.00 iters/s

running (2m51.8s), 001/192 VUs, 8500 complete and 0 interrupted iterations
a1     [  41% ] 001/192 VUs  2m51.8s/7m0s  50.00 iters/s

running (2m52.8s), 001/192 VUs, 8550 complete and 0 interrupted iterations
a1     [  41% ] 001/192 VUs  2m52.8s/7m0s  50.00 iters/s

running (2m53.8s), 001/192 VUs, 8600 complete and 0 interrupted iterations
a1     [  41% ] 001/192 VUs  2m53.8s/7m0s  50.00 iters/s

running (2m54.8s), 001/192 VUs, 8650 complete and 0 interrupted iterations
a1     [  42% ] 001/192 VUs  2m54.8s/7m0s  50.00 iters/s

running (2m55.8s), 001/192 VUs, 8700 complete and 0 interrupted iterations
a1     [  42% ] 001/192 VUs  2m55.8s/7m0s  50.00 iters/s

running (2m56.8s), 001/192 VUs, 8750 complete and 0 interrupted iterations
a1     [  42% ] 001/192 VUs  2m56.8s/7m0s  50.00 iters/s

running (2m57.8s), 001/192 VUs, 8800 complete and 0 interrupted iterations
a1     [  42% ] 001/192 VUs  2m57.8s/7m0s  50.00 iters/s

running (2m58.8s), 001/192 VUs, 8850 complete and 0 interrupted iterations
a1     [  43% ] 001/192 VUs  2m58.8s/7m0s  50.00 iters/s

running (2m59.8s), 001/192 VUs, 8900 complete and 0 interrupted iterations
a1     [  43% ] 001/192 VUs  2m59.8s/7m0s  50.00 iters/s

running (3m00.8s), 001/192 VUs, 8950 complete and 0 interrupted iterations
a1     [  43% ] 001/192 VUs  3m00.8s/7m0s  50.00 iters/s

running (3m01.8s), 001/192 VUs, 9000 complete and 0 interrupted iterations
a1     [  43% ] 001/192 VUs  3m01.8s/7m0s  50.00 iters/s

running (3m02.8s), 001/192 VUs, 9050 complete and 0 interrupted iterations
a1     [  44% ] 001/192 VUs  3m02.8s/7m0s  50.00 iters/s

running (3m03.8s), 001/192 VUs, 9100 complete and 0 interrupted iterations
a1     [  44% ] 001/192 VUs  3m03.8s/7m0s  50.00 iters/s

running (3m04.8s), 001/192 VUs, 9150 complete and 0 interrupted iterations
a1     [  44% ] 001/192 VUs  3m04.8s/7m0s  50.00 iters/s

running (3m05.8s), 001/192 VUs, 9200 complete and 0 interrupted iterations
a1     [  44% ] 001/192 VUs  3m05.8s/7m0s  50.00 iters/s

running (3m06.8s), 001/192 VUs, 9250 complete and 0 interrupted iterations
a1     [  44% ] 001/192 VUs  3m06.8s/7m0s  50.00 iters/s

running (3m07.8s), 001/192 VUs, 9300 complete and 0 interrupted iterations
a1     [  45% ] 001/192 VUs  3m07.8s/7m0s  50.00 iters/s

running (3m08.8s), 001/192 VUs, 9350 complete and 0 interrupted iterations
a1     [  45% ] 001/192 VUs  3m08.8s/7m0s  50.00 iters/s

running (3m09.8s), 001/192 VUs, 9400 complete and 0 interrupted iterations
a1     [  45% ] 001/192 VUs  3m09.8s/7m0s  50.00 iters/s

running (3m10.8s), 001/192 VUs, 9450 complete and 0 interrupted iterations
a1     [  45% ] 001/192 VUs  3m10.8s/7m0s  50.00 iters/s

running (3m11.8s), 001/192 VUs, 9500 complete and 0 interrupted iterations
a1     [  46% ] 001/192 VUs  3m11.8s/7m0s  50.00 iters/s

running (3m12.8s), 001/192 VUs, 9550 complete and 0 interrupted iterations
a1     [  46% ] 001/192 VUs  3m12.8s/7m0s  50.00 iters/s

running (3m13.8s), 001/192 VUs, 9600 complete and 0 interrupted iterations
a1     [  46% ] 001/192 VUs  3m13.8s/7m0s  50.00 iters/s

running (3m14.8s), 001/192 VUs, 9650 complete and 0 interrupted iterations
a1     [  46% ] 001/192 VUs  3m14.8s/7m0s  50.00 iters/s

running (3m15.8s), 001/192 VUs, 9700 complete and 0 interrupted iterations
a1     [  47% ] 001/192 VUs  3m15.8s/7m0s  50.00 iters/s

running (3m16.8s), 001/192 VUs, 9750 complete and 0 interrupted iterations
a1     [  47% ] 001/192 VUs  3m16.8s/7m0s  50.00 iters/s

running (3m17.8s), 001/192 VUs, 9800 complete and 0 interrupted iterations
a1     [  47% ] 001/192 VUs  3m17.8s/7m0s  50.00 iters/s

running (3m18.8s), 001/192 VUs, 9850 complete and 0 interrupted iterations
a1     [  47% ] 001/192 VUs  3m18.8s/7m0s  50.00 iters/s

running (3m19.8s), 001/192 VUs, 9900 complete and 0 interrupted iterations
a1     [  48% ] 001/192 VUs  3m19.8s/7m0s  50.00 iters/s

running (3m20.8s), 001/192 VUs, 9950 complete and 0 interrupted iterations
a1     [  48% ] 001/192 VUs  3m20.8s/7m0s  50.00 iters/s

running (3m21.8s), 001/192 VUs, 10000 complete and 0 interrupted iterations
a1     [  48% ] 001/192 VUs  3m21.8s/7m0s  50.00 iters/s

running (3m22.8s), 001/192 VUs, 10050 complete and 0 interrupted iterations
a1     [  48% ] 001/192 VUs  3m22.8s/7m0s  50.00 iters/s

running (3m23.8s), 001/192 VUs, 10100 complete and 0 interrupted iterations
a1     [  49% ] 001/192 VUs  3m23.8s/7m0s  50.00 iters/s

running (3m24.8s), 001/192 VUs, 10150 complete and 0 interrupted iterations
a1     [  49% ] 001/192 VUs  3m24.8s/7m0s  50.00 iters/s

running (3m25.8s), 001/192 VUs, 10200 complete and 0 interrupted iterations
a1     [  49% ] 001/192 VUs  3m25.8s/7m0s  50.00 iters/s

running (3m26.8s), 001/192 VUs, 10250 complete and 0 interrupted iterations
a1     [  49% ] 001/192 VUs  3m26.8s/7m0s  50.00 iters/s

running (3m27.8s), 001/192 VUs, 10300 complete and 0 interrupted iterations
a1     [  49% ] 001/192 VUs  3m27.8s/7m0s  50.00 iters/s

running (3m28.8s), 001/192 VUs, 10350 complete and 0 interrupted iterations
a1     [  50% ] 001/192 VUs  3m28.8s/7m0s  50.00 iters/s

running (3m29.8s), 001/192 VUs, 10400 complete and 0 interrupted iterations
a1     [  50% ] 001/192 VUs  3m29.8s/7m0s  50.00 iters/s

running (3m30.8s), 001/192 VUs, 10450 complete and 0 interrupted iterations
a1     [  50% ] 001/192 VUs  3m30.8s/7m0s  50.00 iters/s

running (3m31.8s), 001/192 VUs, 10500 complete and 0 interrupted iterations
a1     [  50% ] 001/192 VUs  3m31.8s/7m0s  50.00 iters/s

running (3m32.8s), 001/192 VUs, 10550 complete and 0 interrupted iterations
a1     [  51% ] 001/192 VUs  3m32.8s/7m0s  50.00 iters/s

running (3m33.8s), 001/192 VUs, 10600 complete and 0 interrupted iterations
a1     [  51% ] 001/192 VUs  3m33.8s/7m0s  50.00 iters/s

running (3m34.8s), 001/192 VUs, 10650 complete and 0 interrupted iterations
a1     [  51% ] 001/192 VUs  3m34.8s/7m0s  50.00 iters/s

running (3m35.8s), 001/192 VUs, 10700 complete and 0 interrupted iterations
a1     [  51% ] 001/192 VUs  3m35.8s/7m0s  50.00 iters/s

running (3m36.8s), 001/192 VUs, 10750 complete and 0 interrupted iterations
a1     [  52% ] 001/192 VUs  3m36.8s/7m0s  50.00 iters/s

running (3m37.8s), 001/192 VUs, 10800 complete and 0 interrupted iterations
a1     [  52% ] 001/192 VUs  3m37.8s/7m0s  50.00 iters/s

running (3m38.8s), 001/192 VUs, 10850 complete and 0 interrupted iterations
a1     [  52% ] 001/192 VUs  3m38.8s/7m0s  50.00 iters/s

running (3m39.8s), 001/192 VUs, 10900 complete and 0 interrupted iterations
a1     [  52% ] 001/192 VUs  3m39.8s/7m0s  50.00 iters/s

running (3m40.8s), 001/192 VUs, 10950 complete and 0 interrupted iterations
a1     [  53% ] 001/192 VUs  3m40.8s/7m0s  50.00 iters/s

running (3m41.8s), 001/192 VUs, 11000 complete and 0 interrupted iterations
a1     [  53% ] 001/192 VUs  3m41.8s/7m0s  50.00 iters/s

running (3m42.8s), 001/192 VUs, 11050 complete and 0 interrupted iterations
a1     [  53% ] 001/192 VUs  3m42.8s/7m0s  50.00 iters/s

running (3m43.8s), 001/192 VUs, 11100 complete and 0 interrupted iterations
a1     [  53% ] 001/192 VUs  3m43.8s/7m0s  50.00 iters/s
time="2026-09-09T09:37:25+05:00" level=warning msg="The test has generated metrics with 200020 unique time series, which is higher than the suggested limit of 100000 and could cause high memory usage. Consider not using high-cardinality values like unique IDs as metric tags or, if you need them in the URL, use the name metric tag or URL grouping. See https://grafana.com/docs/k6/latest/using-k6/tags-and-groups/ for details." component=metrics-engine-ingester

running (3m44.8s), 001/192 VUs, 11150 complete and 0 interrupted iterations
a1     [  54% ] 001/192 VUs  3m44.8s/7m0s  50.00 iters/s

running (3m45.8s), 001/192 VUs, 11200 complete and 0 interrupted iterations
a1     [  54% ] 001/192 VUs  3m45.8s/7m0s  50.00 iters/s

running (3m46.8s), 001/192 VUs, 11250 complete and 0 interrupted iterations
a1     [  54% ] 001/192 VUs  3m46.8s/7m0s  50.00 iters/s

running (3m47.8s), 001/192 VUs, 11300 complete and 0 interrupted iterations
a1     [  54% ] 001/192 VUs  3m47.8s/7m0s  50.00 iters/s

running (3m48.8s), 001/192 VUs, 11350 complete and 0 interrupted iterations
a1     [  54% ] 001/192 VUs  3m48.8s/7m0s  50.00 iters/s

running (3m49.8s), 001/192 VUs, 11400 complete and 0 interrupted iterations
a1     [  55% ] 001/192 VUs  3m49.8s/7m0s  50.00 iters/s

running (3m50.8s), 001/192 VUs, 11450 complete and 0 interrupted iterations
a1     [  55% ] 001/192 VUs  3m50.8s/7m0s  50.00 iters/s

running (3m51.8s), 001/192 VUs, 11500 complete and 0 interrupted iterations
a1     [  55% ] 001/192 VUs  3m51.8s/7m0s  50.00 iters/s

running (3m52.8s), 001/192 VUs, 11550 complete and 0 interrupted iterations
a1     [  55% ] 001/192 VUs  3m52.8s/7m0s  50.00 iters/s

running (3m53.8s), 001/192 VUs, 11600 complete and 0 interrupted iterations
a1     [  56% ] 001/192 VUs  3m53.8s/7m0s  50.00 iters/s

running (3m54.8s), 001/192 VUs, 11650 complete and 0 interrupted iterations
a1     [  56% ] 001/192 VUs  3m54.8s/7m0s  50.00 iters/s

running (3m55.8s), 001/192 VUs, 11700 complete and 0 interrupted iterations
a1     [  56% ] 001/192 VUs  3m55.8s/7m0s  50.00 iters/s

running (3m56.8s), 001/192 VUs, 11750 complete and 0 interrupted iterations
a1     [  56% ] 001/192 VUs  3m56.8s/7m0s  50.00 iters/s

running (3m57.8s), 001/192 VUs, 11800 complete and 0 interrupted iterations
a1     [  57% ] 001/192 VUs  3m57.8s/7m0s  50.00 iters/s

running (3m58.8s), 001/192 VUs, 11850 complete and 0 interrupted iterations
a1     [  57% ] 001/192 VUs  3m58.8s/7m0s  50.00 iters/s

running (3m59.8s), 001/192 VUs, 11900 complete and 0 interrupted iterations
a1     [  57% ] 001/192 VUs  3m59.8s/7m0s  50.00 iters/s

running (4m00.8s), 001/192 VUs, 11950 complete and 0 interrupted iterations
a1     [  57% ] 001/192 VUs  4m00.8s/7m0s  50.00 iters/s

running (4m01.8s), 001/192 VUs, 12000 complete and 0 interrupted iterations
a1     [  58% ] 001/192 VUs  4m01.8s/7m0s  50.00 iters/s

running (4m02.8s), 001/192 VUs, 12050 complete and 0 interrupted iterations
a1     [  58% ] 001/192 VUs  4m02.8s/7m0s  50.00 iters/s

running (4m03.8s), 001/192 VUs, 12100 complete and 0 interrupted iterations
a1     [  58% ] 001/192 VUs  4m03.8s/7m0s  50.00 iters/s

running (4m04.8s), 001/192 VUs, 12150 complete and 0 interrupted iterations
a1     [  58% ] 001/192 VUs  4m04.8s/7m0s  50.00 iters/s

running (4m05.8s), 001/192 VUs, 12200 complete and 0 interrupted iterations
a1     [  59% ] 001/192 VUs  4m05.8s/7m0s  50.00 iters/s

running (4m06.8s), 001/192 VUs, 12250 complete and 0 interrupted iterations
a1     [  59% ] 001/192 VUs  4m06.8s/7m0s  50.00 iters/s

running (4m07.8s), 001/192 VUs, 12300 complete and 0 interrupted iterations
a1     [  59% ] 001/192 VUs  4m07.8s/7m0s  50.00 iters/s

running (4m08.8s), 001/192 VUs, 12350 complete and 0 interrupted iterations
a1     [  59% ] 001/192 VUs  4m08.8s/7m0s  50.00 iters/s

running (4m09.8s), 001/192 VUs, 12400 complete and 0 interrupted iterations
a1     [  59% ] 001/192 VUs  4m09.8s/7m0s  50.00 iters/s

running (4m10.8s), 001/192 VUs, 12450 complete and 0 interrupted iterations
a1     [  60% ] 001/192 VUs  4m10.8s/7m0s  50.00 iters/s

running (4m11.8s), 000/192 VUs, 12501 complete and 0 interrupted iterations
a1     [  60% ] 000/192 VUs  4m11.8s/7m0s  50.00 iters/s

running (4m12.8s), 001/192 VUs, 12550 complete and 0 interrupted iterations
a1     [  60% ] 001/192 VUs  4m12.8s/7m0s  50.00 iters/s

running (4m13.8s), 001/192 VUs, 12600 complete and 0 interrupted iterations
a1     [  60% ] 001/192 VUs  4m13.8s/7m0s  50.00 iters/s

running (4m14.8s), 001/192 VUs, 12650 complete and 0 interrupted iterations
a1     [  61% ] 001/192 VUs  4m14.8s/7m0s  50.00 iters/s

running (4m15.8s), 001/192 VUs, 12700 complete and 0 interrupted iterations
a1     [  61% ] 001/192 VUs  4m15.8s/7m0s  50.00 iters/s

running (4m16.8s), 001/192 VUs, 12750 complete and 0 interrupted iterations
a1     [  61% ] 001/192 VUs  4m16.8s/7m0s  50.00 iters/s

running (4m17.8s), 001/192 VUs, 12800 complete and 0 interrupted iterations
a1     [  61% ] 001/192 VUs  4m17.8s/7m0s  50.00 iters/s

running (4m18.8s), 001/192 VUs, 12850 complete and 0 interrupted iterations
a1     [  62% ] 001/192 VUs  4m18.8s/7m0s  50.00 iters/s

running (4m19.8s), 001/192 VUs, 12900 complete and 0 interrupted iterations
a1     [  62% ] 001/192 VUs  4m19.8s/7m0s  50.00 iters/s

running (4m20.8s), 001/192 VUs, 12950 complete and 0 interrupted iterations
a1     [  62% ] 001/192 VUs  4m20.8s/7m0s  50.00 iters/s

running (4m21.8s), 001/192 VUs, 13000 complete and 0 interrupted iterations
a1     [  62% ] 001/192 VUs  4m21.8s/7m0s  50.00 iters/s

running (4m22.8s), 001/192 VUs, 13050 complete and 0 interrupted iterations
a1     [  63% ] 001/192 VUs  4m22.8s/7m0s  50.00 iters/s

running (4m23.8s), 001/192 VUs, 13100 complete and 0 interrupted iterations
a1     [  63% ] 001/192 VUs  4m23.8s/7m0s  50.00 iters/s

running (4m24.8s), 001/192 VUs, 13150 complete and 0 interrupted iterations
a1     [  63% ] 001/192 VUs  4m24.8s/7m0s  50.00 iters/s

running (4m25.8s), 001/192 VUs, 13200 complete and 0 interrupted iterations
a1     [  63% ] 001/192 VUs  4m25.8s/7m0s  50.00 iters/s

running (4m26.8s), 001/192 VUs, 13250 complete and 0 interrupted iterations
a1     [  64% ] 001/192 VUs  4m26.8s/7m0s  50.00 iters/s

running (4m27.8s), 001/192 VUs, 13300 complete and 0 interrupted iterations
a1     [  64% ] 001/192 VUs  4m27.8s/7m0s  50.00 iters/s

running (4m28.8s), 001/192 VUs, 13350 complete and 0 interrupted iterations
a1     [  64% ] 001/192 VUs  4m28.8s/7m0s  50.00 iters/s

running (4m29.8s), 001/192 VUs, 13400 complete and 0 interrupted iterations
a1     [  64% ] 001/192 VUs  4m29.8s/7m0s  50.00 iters/s

running (4m30.8s), 001/192 VUs, 13450 complete and 0 interrupted iterations
a1     [  64% ] 001/192 VUs  4m30.8s/7m0s  50.00 iters/s

running (4m31.8s), 001/192 VUs, 13500 complete and 0 interrupted iterations
a1     [  65% ] 001/192 VUs  4m31.8s/7m0s  50.00 iters/s

running (4m32.8s), 001/192 VUs, 13550 complete and 0 interrupted iterations
a1     [  65% ] 001/192 VUs  4m32.8s/7m0s  50.00 iters/s

running (4m33.8s), 001/192 VUs, 13600 complete and 0 interrupted iterations
a1     [  65% ] 001/192 VUs  4m33.8s/7m0s  50.00 iters/s

running (4m34.8s), 001/192 VUs, 13650 complete and 0 interrupted iterations
a1     [  65% ] 001/192 VUs  4m34.8s/7m0s  50.00 iters/s

running (4m35.8s), 001/192 VUs, 13700 complete and 0 interrupted iterations
a1     [  66% ] 001/192 VUs  4m35.8s/7m0s  50.00 iters/s

running (4m36.8s), 001/192 VUs, 13750 complete and 0 interrupted iterations
a1     [  66% ] 001/192 VUs  4m36.8s/7m0s  50.00 iters/s

running (4m37.8s), 001/192 VUs, 13800 complete and 0 interrupted iterations
a1     [  66% ] 001/192 VUs  4m37.8s/7m0s  50.00 iters/s

running (4m38.8s), 001/192 VUs, 13850 complete and 0 interrupted iterations
a1     [  66% ] 001/192 VUs  4m38.8s/7m0s  50.00 iters/s

running (4m39.8s), 001/192 VUs, 13900 complete and 0 interrupted iterations
a1     [  67% ] 001/192 VUs  4m39.8s/7m0s  50.00 iters/s

running (4m40.8s), 001/192 VUs, 13950 complete and 0 interrupted iterations
a1     [  67% ] 001/192 VUs  4m40.8s/7m0s  50.00 iters/s

running (4m41.8s), 001/192 VUs, 14000 complete and 0 interrupted iterations
a1     [  67% ] 001/192 VUs  4m41.8s/7m0s  50.00 iters/s

running (4m42.8s), 001/192 VUs, 14050 complete and 0 interrupted iterations
a1     [  67% ] 001/192 VUs  4m42.8s/7m0s  50.00 iters/s

running (4m43.8s), 001/192 VUs, 14100 complete and 0 interrupted iterations
a1     [  68% ] 001/192 VUs  4m43.8s/7m0s  50.00 iters/s

running (4m44.8s), 001/192 VUs, 14150 complete and 0 interrupted iterations
a1     [  68% ] 001/192 VUs  4m44.8s/7m0s  50.00 iters/s

running (4m45.8s), 001/192 VUs, 14200 complete and 0 interrupted iterations
a1     [  68% ] 001/192 VUs  4m45.8s/7m0s  50.00 iters/s

running (4m46.8s), 001/192 VUs, 14250 complete and 0 interrupted iterations
a1     [  68% ] 001/192 VUs  4m46.8s/7m0s  50.00 iters/s

running (4m47.8s), 001/192 VUs, 14300 complete and 0 interrupted iterations
a1     [  69% ] 001/192 VUs  4m47.8s/7m0s  50.00 iters/s

running (4m48.8s), 001/192 VUs, 14350 complete and 0 interrupted iterations
a1     [  69% ] 001/192 VUs  4m48.8s/7m0s  50.00 iters/s

running (4m49.8s), 002/192 VUs, 14399 complete and 0 interrupted iterations
a1     [  69% ] 002/192 VUs  4m49.8s/7m0s  50.00 iters/s

running (4m50.8s), 001/192 VUs, 14450 complete and 0 interrupted iterations
a1     [  69% ] 001/192 VUs  4m50.8s/7m0s  50.00 iters/s

running (4m51.8s), 001/192 VUs, 14500 complete and 0 interrupted iterations
a1     [  69% ] 001/192 VUs  4m51.8s/7m0s  50.00 iters/s

running (4m52.8s), 001/192 VUs, 14550 complete and 0 interrupted iterations
a1     [  70% ] 001/192 VUs  4m52.8s/7m0s  50.00 iters/s

running (4m53.8s), 001/192 VUs, 14600 complete and 0 interrupted iterations
a1     [  70% ] 001/192 VUs  4m53.8s/7m0s  50.00 iters/s

running (4m54.8s), 001/192 VUs, 14650 complete and 0 interrupted iterations
a1     [  70% ] 001/192 VUs  4m54.8s/7m0s  50.00 iters/s

running (4m55.8s), 001/192 VUs, 14700 complete and 0 interrupted iterations
a1     [  70% ] 001/192 VUs  4m55.8s/7m0s  50.00 iters/s

running (4m56.8s), 001/192 VUs, 14750 complete and 0 interrupted iterations
a1     [  71% ] 001/192 VUs  4m56.8s/7m0s  50.00 iters/s

running (4m57.8s), 001/192 VUs, 14800 complete and 0 interrupted iterations
a1     [  71% ] 001/192 VUs  4m57.8s/7m0s  50.00 iters/s

running (4m58.8s), 001/192 VUs, 14850 complete and 0 interrupted iterations
a1     [  71% ] 001/192 VUs  4m58.8s/7m0s  50.00 iters/s

running (4m59.8s), 001/192 VUs, 14900 complete and 0 interrupted iterations
a1     [  71% ] 001/192 VUs  4m59.8s/7m0s  50.00 iters/s

running (5m00.8s), 001/192 VUs, 14950 complete and 0 interrupted iterations
a1     [  72% ] 001/192 VUs  5m00.8s/7m0s  50.00 iters/s

running (5m01.8s), 001/192 VUs, 15000 complete and 0 interrupted iterations
a1     [  72% ] 001/192 VUs  5m01.8s/7m0s  50.00 iters/s

running (5m02.8s), 001/192 VUs, 15050 complete and 0 interrupted iterations
a1     [  72% ] 001/192 VUs  5m02.8s/7m0s  50.00 iters/s

running (5m03.8s), 001/192 VUs, 15100 complete and 0 interrupted iterations
a1     [  72% ] 001/192 VUs  5m03.8s/7m0s  50.00 iters/s

running (5m04.8s), 001/192 VUs, 15150 complete and 0 interrupted iterations
a1     [  73% ] 001/192 VUs  5m04.8s/7m0s  50.00 iters/s

running (5m05.8s), 001/192 VUs, 15200 complete and 0 interrupted iterations
a1     [  73% ] 001/192 VUs  5m05.8s/7m0s  50.00 iters/s

running (5m06.8s), 001/192 VUs, 15250 complete and 0 interrupted iterations
a1     [  73% ] 001/192 VUs  5m06.8s/7m0s  50.00 iters/s

running (5m07.8s), 001/192 VUs, 15300 complete and 0 interrupted iterations
a1     [  73% ] 001/192 VUs  5m07.8s/7m0s  50.00 iters/s

running (5m08.8s), 001/192 VUs, 15350 complete and 0 interrupted iterations
a1     [  74% ] 001/192 VUs  5m08.8s/7m0s  50.00 iters/s

running (5m09.8s), 001/192 VUs, 15400 complete and 0 interrupted iterations
a1     [  74% ] 001/192 VUs  5m09.8s/7m0s  50.00 iters/s

running (5m10.8s), 001/192 VUs, 15450 complete and 0 interrupted iterations
a1     [  74% ] 001/192 VUs  5m10.8s/7m0s  50.00 iters/s

running (5m11.8s), 002/192 VUs, 15499 complete and 0 interrupted iterations
a1     [  74% ] 002/192 VUs  5m11.8s/7m0s  50.00 iters/s

running (5m12.8s), 001/192 VUs, 15550 complete and 0 interrupted iterations
a1     [  74% ] 001/192 VUs  5m12.8s/7m0s  50.00 iters/s

running (5m13.8s), 001/192 VUs, 15600 complete and 0 interrupted iterations
a1     [  75% ] 001/192 VUs  5m13.8s/7m0s  50.00 iters/s

running (5m14.8s), 002/192 VUs, 15649 complete and 0 interrupted iterations
a1     [  75% ] 002/192 VUs  5m14.8s/7m0s  50.00 iters/s

running (5m15.8s), 002/192 VUs, 15699 complete and 0 interrupted iterations
a1     [  75% ] 002/192 VUs  5m15.8s/7m0s  50.00 iters/s

running (5m16.8s), 001/192 VUs, 15750 complete and 0 interrupted iterations
a1     [  75% ] 001/192 VUs  5m16.8s/7m0s  50.00 iters/s

running (5m17.8s), 001/192 VUs, 15800 complete and 0 interrupted iterations
a1     [  76% ] 001/192 VUs  5m17.8s/7m0s  50.00 iters/s

running (5m18.8s), 001/192 VUs, 15850 complete and 0 interrupted iterations
a1     [  76% ] 001/192 VUs  5m18.8s/7m0s  50.00 iters/s

running (5m19.8s), 001/192 VUs, 15900 complete and 0 interrupted iterations
a1     [  76% ] 001/192 VUs  5m19.8s/7m0s  50.00 iters/s

running (5m20.8s), 001/192 VUs, 15950 complete and 0 interrupted iterations
a1     [  76% ] 001/192 VUs  5m20.8s/7m0s  50.00 iters/s

running (5m21.8s), 001/192 VUs, 16000 complete and 0 interrupted iterations
a1     [  77% ] 001/192 VUs  5m21.8s/7m0s  50.00 iters/s

running (5m22.8s), 001/192 VUs, 16050 complete and 0 interrupted iterations
a1     [  77% ] 001/192 VUs  5m22.8s/7m0s  50.00 iters/s

running (5m23.8s), 001/192 VUs, 16100 complete and 0 interrupted iterations
a1     [  77% ] 001/192 VUs  5m23.8s/7m0s  50.00 iters/s

running (5m24.8s), 001/192 VUs, 16150 complete and 0 interrupted iterations
a1     [  77% ] 001/192 VUs  5m24.8s/7m0s  50.00 iters/s

running (5m25.8s), 001/192 VUs, 16200 complete and 0 interrupted iterations
a1     [  78% ] 001/192 VUs  5m25.8s/7m0s  50.00 iters/s

running (5m26.8s), 001/192 VUs, 16250 complete and 0 interrupted iterations
a1     [  78% ] 001/192 VUs  5m26.8s/7m0s  50.00 iters/s

running (5m27.8s), 001/192 VUs, 16300 complete and 0 interrupted iterations
a1     [  78% ] 001/192 VUs  5m27.8s/7m0s  50.00 iters/s

running (5m28.8s), 001/192 VUs, 16350 complete and 0 interrupted iterations
a1     [  78% ] 001/192 VUs  5m28.8s/7m0s  50.00 iters/s

running (5m29.8s), 001/192 VUs, 16400 complete and 0 interrupted iterations
a1     [  79% ] 001/192 VUs  5m29.8s/7m0s  50.00 iters/s

running (5m30.8s), 011/192 VUs, 16440 complete and 0 interrupted iterations
a1     [  79% ] 011/192 VUs  5m30.8s/7m0s  50.00 iters/s

running (5m31.8s), 001/192 VUs, 16500 complete and 0 interrupted iterations
a1     [  79% ] 001/192 VUs  5m31.8s/7m0s  50.00 iters/s

running (5m32.8s), 001/192 VUs, 16550 complete and 0 interrupted iterations
a1     [  79% ] 001/192 VUs  5m32.8s/7m0s  50.00 iters/s

running (5m33.8s), 001/192 VUs, 16600 complete and 0 interrupted iterations
a1     [  79% ] 001/192 VUs  5m33.8s/7m0s  50.00 iters/s

running (5m34.8s), 001/192 VUs, 16650 complete and 0 interrupted iterations
a1     [  80% ] 001/192 VUs  5m34.8s/7m0s  50.00 iters/s

running (5m35.8s), 001/192 VUs, 16700 complete and 0 interrupted iterations
a1     [  80% ] 001/192 VUs  5m35.8s/7m0s  50.00 iters/s

running (5m36.8s), 001/192 VUs, 16750 complete and 0 interrupted iterations
a1     [  80% ] 001/192 VUs  5m36.8s/7m0s  50.00 iters/s

running (5m37.8s), 001/192 VUs, 16800 complete and 0 interrupted iterations
a1     [  80% ] 001/192 VUs  5m37.8s/7m0s  50.00 iters/s

running (5m38.8s), 001/192 VUs, 16850 complete and 0 interrupted iterations
a1     [  81% ] 001/192 VUs  5m38.8s/7m0s  50.00 iters/s

running (5m39.8s), 001/192 VUs, 16900 complete and 0 interrupted iterations
a1     [  81% ] 001/192 VUs  5m39.8s/7m0s  50.00 iters/s

running (5m40.8s), 001/192 VUs, 16950 complete and 0 interrupted iterations
a1     [  81% ] 001/192 VUs  5m40.8s/7m0s  50.00 iters/s

running (5m41.8s), 001/192 VUs, 17000 complete and 0 interrupted iterations
a1     [  81% ] 001/192 VUs  5m41.8s/7m0s  50.00 iters/s

running (5m42.8s), 001/192 VUs, 17050 complete and 0 interrupted iterations
a1     [  82% ] 001/192 VUs  5m42.8s/7m0s  50.00 iters/s

running (5m43.8s), 001/192 VUs, 17100 complete and 0 interrupted iterations
a1     [  82% ] 001/192 VUs  5m43.8s/7m0s  50.00 iters/s

running (5m44.8s), 001/192 VUs, 17150 complete and 0 interrupted iterations
a1     [  82% ] 001/192 VUs  5m44.8s/7m0s  50.00 iters/s

running (5m45.8s), 001/192 VUs, 17200 complete and 0 interrupted iterations
a1     [  82% ] 001/192 VUs  5m45.8s/7m0s  50.00 iters/s

running (5m46.8s), 001/192 VUs, 17250 complete and 0 interrupted iterations
a1     [  83% ] 001/192 VUs  5m46.8s/7m0s  50.00 iters/s

running (5m47.8s), 001/192 VUs, 17300 complete and 0 interrupted iterations
a1     [  83% ] 001/192 VUs  5m47.8s/7m0s  50.00 iters/s

running (5m48.8s), 001/192 VUs, 17350 complete and 0 interrupted iterations
a1     [  83% ] 001/192 VUs  5m48.8s/7m0s  50.00 iters/s

running (5m49.8s), 001/192 VUs, 17400 complete and 0 interrupted iterations
a1     [  83% ] 001/192 VUs  5m49.8s/7m0s  50.00 iters/s

running (5m50.8s), 001/192 VUs, 17450 complete and 0 interrupted iterations
a1     [  84% ] 001/192 VUs  5m50.8s/7m0s  50.00 iters/s

running (5m51.8s), 001/192 VUs, 17500 complete and 0 interrupted iterations
a1     [  84% ] 001/192 VUs  5m51.8s/7m0s  50.00 iters/s

running (5m52.8s), 001/192 VUs, 17550 complete and 0 interrupted iterations
a1     [  84% ] 001/192 VUs  5m52.8s/7m0s  50.00 iters/s

running (5m53.8s), 001/192 VUs, 17600 complete and 0 interrupted iterations
a1     [  84% ] 001/192 VUs  5m53.8s/7m0s  50.00 iters/s

running (5m54.8s), 001/192 VUs, 17650 complete and 0 interrupted iterations
a1     [  84% ] 001/192 VUs  5m54.8s/7m0s  50.00 iters/s

running (5m55.8s), 001/192 VUs, 17700 complete and 0 interrupted iterations
a1     [  85% ] 001/192 VUs  5m55.8s/7m0s  50.00 iters/s

running (5m56.8s), 001/192 VUs, 17750 complete and 0 interrupted iterations
a1     [  85% ] 001/192 VUs  5m56.8s/7m0s  50.00 iters/s

running (5m57.8s), 001/192 VUs, 17800 complete and 0 interrupted iterations
a1     [  85% ] 001/192 VUs  5m57.8s/7m0s  50.00 iters/s

running (5m58.8s), 001/192 VUs, 17850 complete and 0 interrupted iterations
a1     [  85% ] 001/192 VUs  5m58.8s/7m0s  50.00 iters/s

running (5m59.8s), 001/192 VUs, 17900 complete and 0 interrupted iterations
a1     [  86% ] 001/192 VUs  5m59.8s/7m0s  50.00 iters/s

running (6m00.8s), 001/192 VUs, 17950 complete and 0 interrupted iterations
a1     [  86% ] 001/192 VUs  6m00.8s/7m0s  50.00 iters/s

running (6m01.8s), 001/192 VUs, 18000 complete and 0 interrupted iterations
a1     [  86% ] 001/192 VUs  6m01.8s/7m0s  50.00 iters/s

running (6m02.8s), 001/192 VUs, 18050 complete and 0 interrupted iterations
a1     [  86% ] 001/192 VUs  6m02.8s/7m0s  50.00 iters/s

running (6m03.8s), 001/192 VUs, 18100 complete and 0 interrupted iterations
a1     [  87% ] 001/192 VUs  6m03.8s/7m0s  50.00 iters/s

running (6m04.8s), 001/192 VUs, 18150 complete and 0 interrupted iterations
a1     [  87% ] 001/192 VUs  6m04.8s/7m0s  50.00 iters/s

running (6m05.8s), 001/192 VUs, 18200 complete and 0 interrupted iterations
a1     [  87% ] 001/192 VUs  6m05.8s/7m0s  50.00 iters/s

running (6m06.8s), 001/192 VUs, 18250 complete and 0 interrupted iterations
a1     [  87% ] 001/192 VUs  6m06.8s/7m0s  50.00 iters/s

running (6m07.8s), 001/192 VUs, 18300 complete and 0 interrupted iterations
a1     [  88% ] 001/192 VUs  6m07.8s/7m0s  50.00 iters/s

running (6m08.8s), 001/192 VUs, 18350 complete and 0 interrupted iterations
a1     [  88% ] 001/192 VUs  6m08.8s/7m0s  50.00 iters/s

running (6m09.8s), 001/192 VUs, 18400 complete and 0 interrupted iterations
a1     [  88% ] 001/192 VUs  6m09.8s/7m0s  50.00 iters/s

running (6m10.8s), 001/192 VUs, 18450 complete and 0 interrupted iterations
a1     [  88% ] 001/192 VUs  6m10.8s/7m0s  50.00 iters/s

running (6m11.8s), 001/192 VUs, 18500 complete and 0 interrupted iterations
a1     [  89% ] 001/192 VUs  6m11.8s/7m0s  50.00 iters/s

running (6m12.8s), 001/192 VUs, 18550 complete and 0 interrupted iterations
a1     [  89% ] 001/192 VUs  6m12.8s/7m0s  50.00 iters/s

running (6m13.8s), 001/192 VUs, 18600 complete and 0 interrupted iterations
a1     [  89% ] 001/192 VUs  6m13.8s/7m0s  50.00 iters/s

running (6m14.8s), 001/192 VUs, 18650 complete and 0 interrupted iterations
a1     [  89% ] 001/192 VUs  6m14.8s/7m0s  50.00 iters/s

running (6m15.8s), 001/192 VUs, 18700 complete and 0 interrupted iterations
a1     [  89% ] 001/192 VUs  6m15.8s/7m0s  50.00 iters/s

running (6m16.8s), 001/192 VUs, 18750 complete and 0 interrupted iterations
a1     [  90% ] 001/192 VUs  6m16.8s/7m0s  50.00 iters/s

running (6m17.8s), 001/192 VUs, 18800 complete and 0 interrupted iterations
a1     [  90% ] 001/192 VUs  6m17.8s/7m0s  50.00 iters/s

running (6m18.8s), 001/192 VUs, 18850 complete and 0 interrupted iterations
a1     [  90% ] 001/192 VUs  6m18.8s/7m0s  50.00 iters/s

running (6m19.8s), 001/192 VUs, 18900 complete and 0 interrupted iterations
a1     [  90% ] 001/192 VUs  6m19.8s/7m0s  50.00 iters/s

running (6m20.8s), 001/192 VUs, 18950 complete and 0 interrupted iterations
a1     [  91% ] 001/192 VUs  6m20.8s/7m0s  50.00 iters/s

running (6m21.8s), 001/192 VUs, 19000 complete and 0 interrupted iterations
a1     [  91% ] 001/192 VUs  6m21.8s/7m0s  50.00 iters/s

running (6m22.8s), 001/192 VUs, 19050 complete and 0 interrupted iterations
a1     [  91% ] 001/192 VUs  6m22.8s/7m0s  50.00 iters/s

running (6m23.8s), 001/192 VUs, 19100 complete and 0 interrupted iterations
a1     [  91% ] 001/192 VUs  6m23.8s/7m0s  50.00 iters/s

running (6m24.8s), 001/192 VUs, 19150 complete and 0 interrupted iterations
a1     [  92% ] 001/192 VUs  6m24.8s/7m0s  50.00 iters/s

running (6m25.8s), 001/192 VUs, 19200 complete and 0 interrupted iterations
a1     [  92% ] 001/192 VUs  6m25.8s/7m0s  50.00 iters/s

running (6m26.8s), 001/192 VUs, 19250 complete and 0 interrupted iterations
a1     [  92% ] 001/192 VUs  6m26.8s/7m0s  50.00 iters/s

running (6m27.8s), 001/192 VUs, 19300 complete and 0 interrupted iterations
a1     [  92% ] 001/192 VUs  6m27.8s/7m0s  50.00 iters/s

running (6m28.8s), 001/192 VUs, 19350 complete and 0 interrupted iterations
a1     [  93% ] 001/192 VUs  6m28.8s/7m0s  50.00 iters/s

running (6m29.8s), 001/192 VUs, 19400 complete and 0 interrupted iterations
a1     [  93% ] 001/192 VUs  6m29.8s/7m0s  50.00 iters/s

running (6m30.8s), 001/192 VUs, 19450 complete and 0 interrupted iterations
a1     [  93% ] 001/192 VUs  6m30.8s/7m0s  50.00 iters/s

running (6m31.8s), 001/192 VUs, 19500 complete and 0 interrupted iterations
a1     [  93% ] 001/192 VUs  6m31.8s/7m0s  50.00 iters/s

running (6m32.8s), 001/192 VUs, 19550 complete and 0 interrupted iterations
a1     [  94% ] 001/192 VUs  6m32.8s/7m0s  50.00 iters/s

running (6m33.8s), 001/192 VUs, 19600 complete and 0 interrupted iterations
a1     [  94% ] 001/192 VUs  6m33.8s/7m0s  50.00 iters/s

running (6m34.8s), 001/192 VUs, 19650 complete and 0 interrupted iterations
a1     [  94% ] 001/192 VUs  6m34.8s/7m0s  50.00 iters/s

running (6m35.8s), 001/192 VUs, 19700 complete and 0 interrupted iterations
a1     [  94% ] 001/192 VUs  6m35.8s/7m0s  50.00 iters/s

running (6m36.8s), 001/192 VUs, 19750 complete and 0 interrupted iterations
a1     [  94% ] 001/192 VUs  6m36.8s/7m0s  50.00 iters/s

running (6m37.8s), 001/192 VUs, 19800 complete and 0 interrupted iterations
a1     [  95% ] 001/192 VUs  6m37.8s/7m0s  50.00 iters/s

running (6m38.8s), 001/192 VUs, 19850 complete and 0 interrupted iterations
a1     [  95% ] 001/192 VUs  6m38.8s/7m0s  50.00 iters/s

running (6m39.8s), 001/192 VUs, 19900 complete and 0 interrupted iterations
a1     [  95% ] 001/192 VUs  6m39.8s/7m0s  50.00 iters/s

running (6m40.8s), 001/192 VUs, 19950 complete and 0 interrupted iterations
a1     [  95% ] 001/192 VUs  6m40.8s/7m0s  50.00 iters/s

running (6m41.8s), 001/192 VUs, 20000 complete and 0 interrupted iterations
a1     [  96% ] 001/192 VUs  6m41.8s/7m0s  50.00 iters/s

running (6m42.8s), 001/192 VUs, 20050 complete and 0 interrupted iterations
a1     [  96% ] 001/192 VUs  6m42.8s/7m0s  50.00 iters/s

running (6m43.8s), 001/192 VUs, 20100 complete and 0 interrupted iterations
a1     [  96% ] 001/192 VUs  6m43.8s/7m0s  50.00 iters/s

running (6m44.8s), 001/192 VUs, 20150 complete and 0 interrupted iterations
a1     [  96% ] 001/192 VUs  6m44.8s/7m0s  50.00 iters/s

running (6m45.8s), 001/192 VUs, 20200 complete and 0 interrupted iterations
a1     [  97% ] 001/192 VUs  6m45.8s/7m0s  50.00 iters/s

running (6m46.8s), 001/192 VUs, 20250 complete and 0 interrupted iterations
a1     [  97% ] 001/192 VUs  6m46.8s/7m0s  50.00 iters/s

running (6m47.8s), 001/192 VUs, 20300 complete and 0 interrupted iterations
a1     [  97% ] 001/192 VUs  6m47.8s/7m0s  50.00 iters/s

running (6m48.8s), 001/192 VUs, 20350 complete and 0 interrupted iterations
a1     [  97% ] 001/192 VUs  6m48.8s/7m0s  50.00 iters/s

running (6m49.8s), 001/192 VUs, 20400 complete and 0 interrupted iterations
a1     [  98% ] 001/192 VUs  6m49.8s/7m0s  50.00 iters/s

running (6m50.8s), 001/192 VUs, 20450 complete and 0 interrupted iterations
a1     [  98% ] 001/192 VUs  6m50.8s/7m0s  50.00 iters/s

running (6m51.8s), 001/192 VUs, 20500 complete and 0 interrupted iterations
a1     [  98% ] 001/192 VUs  6m51.8s/7m0s  50.00 iters/s

running (6m52.8s), 001/192 VUs, 20550 complete and 0 interrupted iterations
a1     [  98% ] 001/192 VUs  6m52.8s/7m0s  50.00 iters/s

running (6m53.8s), 001/192 VUs, 20600 complete and 0 interrupted iterations
a1     [  99% ] 001/192 VUs  6m53.8s/7m0s  50.00 iters/s

running (6m54.8s), 002/192 VUs, 20649 complete and 0 interrupted iterations
a1     [  99% ] 002/192 VUs  6m54.8s/7m0s  50.00 iters/s

running (6m55.8s), 001/192 VUs, 20700 complete and 0 interrupted iterations
a1     [  99% ] 001/192 VUs  6m55.8s/7m0s  50.00 iters/s

running (6m56.8s), 001/192 VUs, 20750 complete and 0 interrupted iterations
a1     [  99% ] 001/192 VUs  6m56.8s/7m0s  50.00 iters/s

running (6m57.8s), 001/192 VUs, 20800 complete and 0 interrupted iterations
a1     [  99% ] 001/192 VUs  6m57.8s/7m0s  50.00 iters/s

running (6m58.8s), 001/192 VUs, 20850 complete and 0 interrupted iterations
a1     [ 100% ] 001/192 VUs  6m58.8s/7m0s  50.00 iters/s

running (6m59.8s), 001/192 VUs, 20900 complete and 0 interrupted iterations
a1     [ 100% ] 001/192 VUs  6m59.8s/7m0s  50.00 iters/s


  █ THRESHOLDS 

    http_req_failed
    ✓ 'rate<0.05' rate=0.00%


  █ TOTAL RESULTS 

    checks_total.......: 62727   149.346511/s
    checks_succeeded...: 100.00% 62727 out of 62727
    checks_failed......: 0.00%   0 out of 62727

    ✓ initiated
    ✓ validated
    ✓ terminal

    CUSTOM
    a1_lifecycle_duration..........: avg=44.86ms min=5ms    med=10ms    p(95)=17ms    p(99)=652ms    max=5.79s
    a1_lifecycles_completed........: 20909 49.78217/s
    a1_transitions_committed.......: 62727 149.346511/s

    HTTP
    http_req_duration..............: avg=14.79ms min=1.42ms med=3.22ms  p(95)=5.62ms  p(99)=83.62ms  max=5.48s
      { expected_response:true }...: avg=14.79ms min=1.42ms med=3.22ms  p(95)=5.62ms  p(99)=83.62ms  max=5.48s
    http_req_failed................: 0.00% 0 out of 62727
    http_reqs......................: 62727 149.346511/s

    EXECUTION
    dropped_iterations.............: 92    0.219043/s
    iteration_duration.............: avg=44.89ms min=5.82ms med=10.11ms p(95)=17.23ms p(99)=652.54ms max=5.79s
    iterations.....................: 20909 49.78217/s
    vus............................: 0     min=0          max=178
    vus_max........................: 192   min=100        max=192

    NETWORK
    data_received..................: 24 MB 57 kB/s
    data_sent......................: 14 MB 32 kB/s




running (7m00.0s), 000/192 VUs, 20909 complete and 0 interrupted iterations
a1   ✓ [ 100% ] 000/192 VUs  7m0s  50.00 iters/s
