[09:31:21] === RUN CDC-P1-r3-F5-20260909093121 ===
[09:31:21] mode=CDC profile=P1 rep=3 tps=50 duration=420s fault=F5
[09:31:21] jar: target/master-thesis-observability-0.0.1-SNAPSHOT.jar
[09:31:21] workload tozalanmoqda (reference saqlanadi)
workload reset; reference data preserved
AQ backlog purged: 0 -> 0
[09:31:27] Kafka topigi qayta yaratilmoqda
[09:31:37] ilova ishga tushirilmoqda (mode=CDC)
[09:31:58] ilova tayyor (pid 1338896)
[09:31:58] Debezium konnektori ro'yxatdan o'tkazilmoqda (CDC, prefix=obsv_cdc_p1_r3_f5_20260909093121)
connector o'chirilmoqda: a1-cdc-obsv_cdc_p1_r3_f5_20260904185748
konnektor ro'yxatdan o'tkazilmoqda: a1-cdc-obsv_cdc_p1_r3_f5_20260909093121 (prefix=obsv_cdc_p1_r3_f5_20260909093121)
konnektor RUNNING (2s)
streaming tasdiqlanmoqda (heartbeat topigi: __debezium-heartbeat.obsv_cdc_p1_r3_f5_20260909093121)
streaming tasdiqlandi (23 urinish)
[09:33:36] fault F5 30s dan keyin yuboriladi
[09:33:36] k6 yuklamasi boshlandi
[fault 09:34:06] bitta ochiq tranzaksiyada 5000 satr, 240 soniya ushlab turiladi
[fault 09:34:06] F5 tugadi
PL/SQL procedure successfully completed.

[09:40:41] pipeline bo'shashi kutilmoqda (maks 120s)
[09:40:55] pipeline bo'sh (5s, sink=77727 xabar)
[09:41:05] ground truth eksport qilinmoqda
[09:41:07] Kafka topigi eksport qilinmoqda
[09:41:35] tahlil
{
  "mode": "CDC",
  "profile": "P1",
  "rep": "3",
  "fault": "F5",
  "ground_truth_transitions": 77727,
  "delivered_distinct": 77727,
  "delivered_total": 77727,
  "matched": 77727,
  "missing": 0,
  "phantom": 0,
  "malformed": 0,
  "loss_rate": 0.0,
  "loss_rate_ppm": 0.0,
  "duplicate_rate": 0.0,
  "ordering_violation_rate": 0.0,
  "txns_split_across_partitions": 0,
  "latency_ms_p50": 3783,
  "latency_ms_p95": 9133,
  "latency_ms_p99": 9417,
  "latency_ms_max": 11620,
  "latency_ms_mean": 4066.3,
  "latency_samples": 77727,
  "latency_negative_samples": 0,
  "loss_rate_upper_bound_95_ppm": 38.6
}
[09:41:37] ilova va konnektor to'xtatilmoqda
connector o'chirilmoqda: a1-cdc-obsv_cdc_p1_r3_f5_20260909093121
[09:41:41] === TUGADI: results/CDC-P1-r3-F5-20260909093121 ===
