[18:19:29] === RUN CDC-P1-r2-F1R-20260909181929 ===
[18:19:29] mode=CDC profile=P1 rep=2 tps=50 duration=180s fault=F1R
[18:19:29] jar: target/master-thesis-observability-0.0.1-SNAPSHOT.jar
[18:19:29] arxiv redo tozalanmoqda
[18:19:29] workload tozalanmoqda (reference saqlanadi)
workload reset; reference data preserved
AQ backlog purged: 0 -> 0
[18:19:30] Kafka topigi qayta yaratilmoqda
[18:19:40] ilova ishga tushirilmoqda (mode=CDC)
[18:20:02] ilova tayyor (pid 860846)
[18:20:02] Debezium konnektori ro'yxatdan o'tkazilmoqda (CDC, prefix=obsv_cdc_p1_r2_f1r_20260909181929)
konnektor ro'yxatdan o'tkazilmoqda: a1-cdc-obsv_cdc_p1_r2_f1r_20260909181929 (prefix=obsv_cdc_p1_r2_f1r_20260909181929)
konnektor RUNNING (2s)
streaming tasdiqlanmoqda (heartbeat topigi: __debezium-heartbeat.obsv_cdc_p1_r2_f1r_20260909181929)
streaming tasdiqlandi (1 urinish)
[18:20:11] fault F1R 60s dan keyin yuboriladi
[18:20:11] k6 yuklamasi boshlandi
[fault 18:21:11] SIGKILL ilovaga: 860846
[fault 18:21:22] ilova qayta ishga tushirilmoqda (mode=results/WRAPPER_B3-P1-r91-20260903164920/run.log:WRAPPER_B3)
[fault 18:21:22] F1R tugadi
[18:23:11] k6 nolga teng bo'lmagan kod bilan tugadi (natija baribir tahlil qilinadi)
[18:23:11] k6 iteratsiyalari: 9001
[18:23:11] ilova ishlamayapti (fault=F1R) — drenaj uchun qayta ishga tushirilmoqda
[18:23:34] ilova qayta tiklandi (12x2s)
[18:23:34] pipeline bo'shashi kutilmoqda (maks 120s)
[18:24:22] pipeline bo'sh (15s, sink=8960 xabar)
[18:24:32] ground truth eksport qilinmoqda
[18:24:33] Kafka topigi eksport qilinmoqda
[18:25:00] tahlil
{
  "mode": "CDC",
  "profile": "P1",
  "rep": "2",
  "fault": "F1R",
  "ground_truth_transitions": 8960,
  "delivered_distinct": 8960,
  "delivered_total": 8960,
  "matched": 8960,
  "missing": 0,
  "phantom": 0,
  "malformed": 0,
  "loss_rate": 0.0,
  "loss_rate_ppm": 0.0,
  "duplicate_rate": 0.0,
  "ordering_violation_rate": 0.0,
  "txns_split_across_partitions": 0,
  "latency_ms_p50": 3412,
  "latency_ms_p95": 5738,
  "latency_ms_p99": 6361,
  "latency_ms_max": 6899,
  "latency_ms_mean": 3431.9,
  "latency_samples": 8960,
  "latency_negative_samples": 0,
  "loss_rate_upper_bound_95_ppm": 334.82
}
[18:25:01] ilova va konnektor to'xtatilmoqda
connector o'chirilmoqda: a1-cdc-obsv_cdc_p1_r2_f1r_20260909181929
[18:25:12] === TUGADI: results/CDC-P1-r2-F1R-20260909181929 ===
