[10:48:09] === RUN CDC-C2WIDE-r2-20260909104809 ===
[10:48:09] mode=CDC profile=C2WIDE rep=2 tps=50 duration=180s fault=none
[10:48:09] jar: target/master-thesis-observability-0.0.1-SNAPSHOT.jar
[10:48:09] workload tozalanmoqda (reference saqlanadi)
workload reset; reference data preserved
AQ backlog purged: 0 -> 0
[10:48:15] Kafka topigi qayta yaratilmoqda
[10:48:24] ilova ishga tushirilmoqda (mode=CDC)
[10:48:41] ilova tayyor (pid 2336529)
[10:48:41] Debezium konnektori ro'yxatdan o'tkazilmoqda (CDC, prefix=obsv_cdc_c2wide_r2_20260909104809)
C2 shabloni ishlatilmoqda: docker/connect/connectors/cdc-wide.json.tmpl
konnektor ro'yxatdan o'tkazilmoqda: a1-cdc-obsv_cdc_c2wide_r2_20260909104809 (prefix=obsv_cdc_c2wide_r2_20260909104809)
konnektor RUNNING (2s)
streaming tasdiqlanmoqda (heartbeat topigi: __debezium-heartbeat.obsv_cdc_c2wide_r2_20260909104809)
streaming tasdiqlandi (2 urinish)
[10:48:53] k6 yuklamasi boshlandi
[10:48:53] k6 nolga teng bo'lmagan kod bilan tugadi (natija baribir tahlil qilinadi)
[10:48:53] pipeline bo'shashi kutilmoqda (maks 120s)
[10:49:09] pipeline bo'sh (4s, sink=0 xabar)
[10:49:20] ground truth eksport qilinmoqda
[10:49:21] Kafka topigi eksport qilinmoqda
[10:49:50] tahlil
{
  "mode": "CDC",
  "profile": "C2WIDE",
  "rep": "2",
  "fault": "none",
  "ground_truth_transitions": 0,
  "delivered_distinct": 0,
  "delivered_total": 0,
  "matched": 0,
  "missing": 0,
  "phantom": 0,
  "malformed": 0,
  "loss_rate": 0.0,
  "loss_rate_ppm": 0.0,
  "duplicate_rate": 0.0,
  "ordering_violation_rate": 0.0,
  "txns_split_across_partitions": 0,
  "latency_ms_p50": null,
  "latency_ms_p95": null,
  "latency_ms_p99": null,
  "latency_ms_max": null,
  "latency_ms_mean": null,
  "latency_samples": 0,
  "latency_negative_samples": 0
}
[10:49:50] ilova va konnektor to'xtatilmoqda
connector o'chirilmoqda: a1-cdc-obsv_cdc_c2wide_r2_20260909104809
[10:49:54] === TUGADI: results/CDC-C2WIDE-r2-20260909104809 ===
