[12:06:41] === RUN WRAPPER_B3-P1-r4-20260904120641 ===
[12:06:41] mode=WRAPPER_B3 profile=P1 rep=4 tps=50 duration=120s fault=none
[12:06:41] jar: target/master-thesis-observability-0.0.1-SNAPSHOT.jar
[12:06:41] workload tozalanmoqda (reference saqlanadi)
workload reset; reference data preserved
AQ backlog purged: 0 -> 0
[12:06:42] Kafka topigi qayta yaratilmoqda
[12:06:51] ilova ishga tushirilmoqda (mode=WRAPPER_B3)
[12:07:09] ilova tayyor (pid 180377)
[12:07:12] k6 yuklamasi boshlandi
[12:09:25] pipeline bo'shashi kutilmoqda (maks 120s)
[12:09:35] pipeline bo'sh (4s, sink=18003 xabar)
[12:09:45] ground truth eksport qilinmoqda
[12:09:46] Kafka topigi eksport qilinmoqda
[12:10:38] tahlil
{
  "mode": "WRAPPER_B3",
  "profile": "P1",
  "rep": "4",
  "fault": "none",
  "ground_truth_transitions": 18003,
  "delivered_distinct": 18003,
  "delivered_total": 18003,
  "matched": 18003,
  "missing": 0,
  "phantom": 0,
  "malformed": 0,
  "loss_rate": 0.0,
  "loss_rate_ppm": 0.0,
  "duplicate_rate": 0.0,
  "ordering_violation_rate": 0.0,
  "txns_split_across_partitions": 0,
  "latency_ms_p50": 129,
  "latency_ms_p95": 231,
  "latency_ms_p99": 1397,
  "latency_ms_max": 3169,
  "latency_ms_mean": 158.7,
  "latency_samples": 18003,
  "latency_negative_samples": 0,
  "loss_rate_upper_bound_95_ppm": 166.64
}
[12:10:39] ilova va konnektor to'xtatilmoqda
[12:10:43] === TUGADI: results/WRAPPER_B3-P1-r4-20260904120641 ===
