[13:49:13] === RUN WRAPPER_B2-P1-r1-F2-20260904134913 ===
[13:49:13] mode=WRAPPER_B2 profile=P1 rep=1 tps=50 duration=180s fault=F2
[13:49:13] jar: target/master-thesis-observability-0.0.1-SNAPSHOT.jar
[13:49:13] workload tozalanmoqda (reference saqlanadi)
workload reset; reference data preserved
AQ backlog purged: 0 -> 0
[13:49:14] Kafka topigi qayta yaratilmoqda
[13:49:23] ilova ishga tushirilmoqda (mode=WRAPPER_B2)
[13:49:36] ilova tayyor (pid 1367467)
[13:49:42] fault F2 60s dan keyin yuboriladi
[13:49:42] k6 yuklamasi boshlandi
[fault 13:50:45] kafka-2 va kafka-3 to'xtatilmoqda (90s)
[fault 13:52:27] brokerlar qaytarilmoqda
[fault 13:52:28] F2 tugadi
[13:52:57] pipeline bo'shashi kutilmoqda (maks 120s)
[13:53:08] pipeline bo'sh (4s, sink=27000 xabar)
[13:53:21] ground truth eksport qilinmoqda
[13:53:21] Kafka topigi eksport qilinmoqda
[13:53:48] tahlil
{
  "mode": "WRAPPER_B2",
  "profile": "P1",
  "rep": "1",
  "fault": "F2",
  "ground_truth_transitions": 27000,
  "delivered_distinct": 27000,
  "delivered_total": 27000,
  "matched": 27000,
  "missing": 0,
  "phantom": 0,
  "malformed": 0,
  "loss_rate": 0.0,
  "loss_rate_ppm": 0.0,
  "duplicate_rate": 0.0,
  "ordering_violation_rate": 0.0,
  "txns_split_across_partitions": 0,
  "latency_ms_p50": 1,
  "latency_ms_p95": 2,
  "latency_ms_p99": 6,
  "latency_ms_max": 2936,
  "latency_ms_mean": 2.2,
  "latency_samples": 27000,
  "latency_negative_samples": 0,
  "loss_rate_upper_bound_95_ppm": 111.11
}
[13:53:49] ilova va konnektor to'xtatilmoqda
[13:53:53] === TUGADI: results/WRAPPER_B2-P1-r1-F2-20260904134913 ===
