[19:34:39] === RUN HYBRID-P1-r3-F1R-20260909193439 ===
[19:34:39] mode=HYBRID profile=P1 rep=3 tps=50 duration=180s fault=F1R
[19:34:39] jar: target/master-thesis-observability-0.0.1-SNAPSHOT.jar
[19:34:39] arxiv redo tozalanmoqda
[19:34:40] workload tozalanmoqda (reference saqlanadi)
workload reset; reference data preserved
AQ backlog purged: 0 -> 0
[19:34:40] Kafka topigi qayta yaratilmoqda
[19:34:50] ilova ishga tushirilmoqda (mode=HYBRID)
[19:35:06] ilova tayyor (pid 1722528)
[19:35:06] Debezium konnektori ro'yxatdan o'tkazilmoqda (HYBRID, prefix=obsv_hybrid_p1_r3_f1r_20260909193439)
konnektor ro'yxatdan o'tkazilmoqda: a1-hybrid-obsv_hybrid_p1_r3_f1r_20260909193439 (prefix=obsv_hybrid_p1_r3_f1r_20260909193439)
konnektor RUNNING (2s)
streaming tasdiqlanmoqda (heartbeat topigi: __debezium-heartbeat.obsv_hybrid_p1_r3_f1r_20260909193439)
streaming tasdiqlandi (1 urinish)
[19:35:13] fault F1R 60s dan keyin yuboriladi
[19:35:13] k6 yuklamasi boshlandi
[fault 19:36:13] SIGKILL ilovaga: 1722528
[fault 19:36:25] ilova qayta ishga tushirilmoqda (mode=results/WRAPPER_B3-P1-r91-20260903164920/run.log:WRAPPER_B3)
[fault 19:36:25] F1R tugadi
[19:38:14] k6 nolga teng bo'lmagan kod bilan tugadi (natija baribir tahlil qilinadi)
[19:38:14] k6 iteratsiyalari: 9001
[19:38:14] ilova ishlamayapti (fault=F1R) — drenaj uchun qayta ishga tushirilmoqda
[19:38:31] ilova qayta tiklandi (9x2s)
[19:38:31] pipeline bo'shashi kutilmoqda (maks 120s)
[19:38:54] pipeline bo'sh (15s, sink=8969 xabar)
[19:39:04] ground truth eksport qilinmoqda
[19:39:05] Kafka topigi eksport qilinmoqda
[19:39:15] tahlil
{
  "mode": "HYBRID",
  "profile": "P1",
  "rep": "3",
  "fault": "F1R",
  "ground_truth_transitions": 8969,
  "delivered_distinct": 8969,
  "delivered_total": 8969,
  "matched": 8969,
  "missing": 0,
  "phantom": 0,
  "malformed": 0,
  "loss_rate": 0.0,
  "loss_rate_ppm": 0.0,
  "duplicate_rate": 0.0,
  "ordering_violation_rate": 0.0,
  "txns_split_across_partitions": 0,
  "latency_ms_p50": 2982,
  "latency_ms_p95": 5326,
  "latency_ms_p99": 5854,
  "latency_ms_max": 6238,
  "latency_ms_mean": 3008.8,
  "latency_samples": 8969,
  "latency_negative_samples": 0,
  "loss_rate_upper_bound_95_ppm": 334.49
}
[19:39:15] ilova va konnektor to'xtatilmoqda
connector o'chirilmoqda: a1-hybrid-obsv_hybrid_p1_r3_f1r_20260909193439
[19:39:27] === TUGADI: results/HYBRID-P1-r3-F1R-20260909193439 ===
