
         /\      Grafana   /‾‾/  
    /\  /  \     |\  __   /  /   
   /  \/    \    | |/ /  /   ‾‾\ 
  /          \   |   (  |  (‾)  |
 / __________ \  |_|\_\  \_____/ 


     execution: local
        script: harness/k6/a1-workload.js
        output: -

     scenarios: (100.00%) 1 scenario, 600 max VUs, 7m30s max duration (incl. graceful stop):
              * a1: 50.00 iterations/s for 7m0s (maxVUs: 100-600, gracefulStop: 30s)


running (0m01.0s), 050/100 VUs, 0 complete and 0 interrupted iterations
a1     [   0% ] 050/100 VUs  0m01.0s/7m0s  50.00 iters/s

running (0m02.0s), 100/100 VUs, 0 complete and 0 interrupted iterations
a1     [   0% ] 100/100 VUs  0m02.0s/7m0s  50.00 iters/s

running (0m03.0s), 003/107 VUs, 140 complete and 0 interrupted iterations
a1     [   1% ] 003/107 VUs  0m03.0s/7m0s  50.00 iters/s

running (0m04.0s), 002/107 VUs, 191 complete and 0 interrupted iterations
a1     [   1% ] 002/107 VUs  0m04.0s/7m0s  50.00 iters/s

running (0m05.0s), 003/107 VUs, 240 complete and 0 interrupted iterations
a1     [   1% ] 003/107 VUs  0m05.0s/7m0s  50.00 iters/s

running (0m06.0s), 002/107 VUs, 291 complete and 0 interrupted iterations
a1     [   1% ] 002/107 VUs  0m06.0s/7m0s  50.00 iters/s

running (0m07.0s), 002/107 VUs, 341 complete and 0 interrupted iterations
a1     [   2% ] 002/107 VUs  0m07.0s/7m0s  50.00 iters/s

running (0m08.0s), 002/107 VUs, 391 complete and 0 interrupted iterations
a1     [   2% ] 002/107 VUs  0m08.0s/7m0s  50.00 iters/s

running (0m09.0s), 001/107 VUs, 442 complete and 0 interrupted iterations
a1     [   2% ] 001/107 VUs  0m09.0s/7m0s  50.00 iters/s

running (0m10.0s), 001/107 VUs, 492 complete and 0 interrupted iterations
a1     [   2% ] 001/107 VUs  0m10.0s/7m0s  50.00 iters/s

running (0m11.0s), 002/107 VUs, 541 complete and 0 interrupted iterations
a1     [   3% ] 002/107 VUs  0m11.0s/7m0s  50.00 iters/s

running (0m12.0s), 001/107 VUs, 592 complete and 0 interrupted iterations
a1     [   3% ] 001/107 VUs  0m12.0s/7m0s  50.00 iters/s

running (0m13.0s), 001/107 VUs, 642 complete and 0 interrupted iterations
a1     [   3% ] 001/107 VUs  0m13.0s/7m0s  50.00 iters/s

running (0m14.0s), 001/107 VUs, 692 complete and 0 interrupted iterations
a1     [   3% ] 001/107 VUs  0m14.0s/7m0s  50.00 iters/s

running (0m15.0s), 002/107 VUs, 741 complete and 0 interrupted iterations
a1     [   4% ] 002/107 VUs  0m15.0s/7m0s  50.00 iters/s

running (0m16.0s), 001/107 VUs, 792 complete and 0 interrupted iterations
a1     [   4% ] 001/107 VUs  0m16.0s/7m0s  50.00 iters/s

running (0m17.0s), 002/107 VUs, 841 complete and 0 interrupted iterations
a1     [   4% ] 002/107 VUs  0m17.0s/7m0s  50.00 iters/s

running (0m18.0s), 001/107 VUs, 892 complete and 0 interrupted iterations
a1     [   4% ] 001/107 VUs  0m18.0s/7m0s  50.00 iters/s

running (0m19.0s), 002/107 VUs, 941 complete and 0 interrupted iterations
a1     [   5% ] 002/107 VUs  0m19.0s/7m0s  50.00 iters/s

running (0m20.0s), 001/107 VUs, 992 complete and 0 interrupted iterations
a1     [   5% ] 001/107 VUs  0m20.0s/7m0s  50.00 iters/s

running (0m21.0s), 001/107 VUs, 1042 complete and 0 interrupted iterations
a1     [   5% ] 001/107 VUs  0m21.0s/7m0s  50.00 iters/s

running (0m22.0s), 001/107 VUs, 1092 complete and 0 interrupted iterations
a1     [   5% ] 001/107 VUs  0m22.0s/7m0s  50.00 iters/s

running (0m23.0s), 001/107 VUs, 1142 complete and 0 interrupted iterations
a1     [   5% ] 001/107 VUs  0m23.0s/7m0s  50.00 iters/s

running (0m24.0s), 001/107 VUs, 1192 complete and 0 interrupted iterations
a1     [   6% ] 001/107 VUs  0m24.0s/7m0s  50.00 iters/s

running (0m25.0s), 001/107 VUs, 1242 complete and 0 interrupted iterations
a1     [   6% ] 001/107 VUs  0m25.0s/7m0s  50.00 iters/s

running (0m26.0s), 001/107 VUs, 1292 complete and 0 interrupted iterations
a1     [   6% ] 001/107 VUs  0m26.0s/7m0s  50.00 iters/s

running (0m27.0s), 001/107 VUs, 1342 complete and 0 interrupted iterations
a1     [   6% ] 001/107 VUs  0m27.0s/7m0s  50.00 iters/s

running (0m28.0s), 002/107 VUs, 1391 complete and 0 interrupted iterations
a1     [   7% ] 002/107 VUs  0m28.0s/7m0s  50.00 iters/s

running (0m29.0s), 002/107 VUs, 1441 complete and 0 interrupted iterations
a1     [   7% ] 002/107 VUs  0m29.0s/7m0s  50.00 iters/s

running (0m30.0s), 002/107 VUs, 1491 complete and 0 interrupted iterations
a1     [   7% ] 002/107 VUs  0m30.0s/7m0s  50.00 iters/s

running (0m31.0s), 002/107 VUs, 1541 complete and 0 interrupted iterations
a1     [   7% ] 002/107 VUs  0m31.0s/7m0s  50.00 iters/s

running (0m32.0s), 002/107 VUs, 1591 complete and 0 interrupted iterations
a1     [   8% ] 002/107 VUs  0m32.0s/7m0s  50.00 iters/s

running (0m33.0s), 001/107 VUs, 1642 complete and 0 interrupted iterations
a1     [   8% ] 001/107 VUs  0m33.0s/7m0s  50.00 iters/s

running (0m34.0s), 001/107 VUs, 1692 complete and 0 interrupted iterations
a1     [   8% ] 001/107 VUs  0m34.0s/7m0s  50.00 iters/s

running (0m35.0s), 001/107 VUs, 1742 complete and 0 interrupted iterations
a1     [   8% ] 001/107 VUs  0m35.0s/7m0s  50.00 iters/s

running (0m36.0s), 001/107 VUs, 1792 complete and 0 interrupted iterations
a1     [   9% ] 001/107 VUs  0m36.0s/7m0s  50.00 iters/s

running (0m37.0s), 001/107 VUs, 1842 complete and 0 interrupted iterations
a1     [   9% ] 001/107 VUs  0m37.0s/7m0s  50.00 iters/s

running (0m38.0s), 001/107 VUs, 1892 complete and 0 interrupted iterations
a1     [   9% ] 001/107 VUs  0m38.0s/7m0s  50.00 iters/s

running (0m39.0s), 009/107 VUs, 1934 complete and 0 interrupted iterations
a1     [   9% ] 009/107 VUs  0m39.0s/7m0s  50.00 iters/s

running (0m40.0s), 007/107 VUs, 1986 complete and 0 interrupted iterations
a1     [  10% ] 007/107 VUs  0m40.0s/7m0s  50.00 iters/s

running (0m41.0s), 001/107 VUs, 2042 complete and 0 interrupted iterations
a1     [  10% ] 001/107 VUs  0m41.0s/7m0s  50.00 iters/s

running (0m42.0s), 001/107 VUs, 2092 complete and 0 interrupted iterations
a1     [  10% ] 001/107 VUs  0m42.0s/7m0s  50.00 iters/s

running (0m43.0s), 001/107 VUs, 2142 complete and 0 interrupted iterations
a1     [  10% ] 001/107 VUs  0m43.0s/7m0s  50.00 iters/s

running (0m44.0s), 001/107 VUs, 2192 complete and 0 interrupted iterations
a1     [  10% ] 001/107 VUs  0m44.0s/7m0s  50.00 iters/s

running (0m45.0s), 001/107 VUs, 2242 complete and 0 interrupted iterations
a1     [  11% ] 001/107 VUs  0m45.0s/7m0s  50.00 iters/s

running (0m46.0s), 001/107 VUs, 2292 complete and 0 interrupted iterations
a1     [  11% ] 001/107 VUs  0m46.0s/7m0s  50.00 iters/s

running (0m47.0s), 001/107 VUs, 2342 complete and 0 interrupted iterations
a1     [  11% ] 001/107 VUs  0m47.0s/7m0s  50.00 iters/s

running (0m48.0s), 001/107 VUs, 2392 complete and 0 interrupted iterations
a1     [  11% ] 001/107 VUs  0m48.0s/7m0s  50.00 iters/s

running (0m49.0s), 001/107 VUs, 2442 complete and 0 interrupted iterations
a1     [  12% ] 001/107 VUs  0m49.0s/7m0s  50.00 iters/s

running (0m50.0s), 001/107 VUs, 2492 complete and 0 interrupted iterations
a1     [  12% ] 001/107 VUs  0m50.0s/7m0s  50.00 iters/s

running (0m51.0s), 001/107 VUs, 2542 complete and 0 interrupted iterations
a1     [  12% ] 001/107 VUs  0m51.0s/7m0s  50.00 iters/s

running (0m52.0s), 001/107 VUs, 2592 complete and 0 interrupted iterations
a1     [  12% ] 001/107 VUs  0m52.0s/7m0s  50.00 iters/s

running (0m53.0s), 001/107 VUs, 2642 complete and 0 interrupted iterations
a1     [  13% ] 001/107 VUs  0m53.0s/7m0s  50.00 iters/s

running (0m54.0s), 001/107 VUs, 2692 complete and 0 interrupted iterations
a1     [  13% ] 001/107 VUs  0m54.0s/7m0s  50.00 iters/s

running (0m55.0s), 001/107 VUs, 2742 complete and 0 interrupted iterations
a1     [  13% ] 001/107 VUs  0m55.0s/7m0s  50.00 iters/s

running (0m56.0s), 001/107 VUs, 2792 complete and 0 interrupted iterations
a1     [  13% ] 001/107 VUs  0m56.0s/7m0s  50.00 iters/s

running (0m57.0s), 001/107 VUs, 2842 complete and 0 interrupted iterations
a1     [  14% ] 001/107 VUs  0m57.0s/7m0s  50.00 iters/s

running (0m58.0s), 001/107 VUs, 2892 complete and 0 interrupted iterations
a1     [  14% ] 001/107 VUs  0m58.0s/7m0s  50.00 iters/s

running (0m59.0s), 001/107 VUs, 2942 complete and 0 interrupted iterations
a1     [  14% ] 001/107 VUs  0m59.0s/7m0s  50.00 iters/s

running (1m00.0s), 001/107 VUs, 2992 complete and 0 interrupted iterations
a1     [  14% ] 001/107 VUs  1m00.0s/7m0s  50.00 iters/s

running (1m01.0s), 001/107 VUs, 3042 complete and 0 interrupted iterations
a1     [  15% ] 001/107 VUs  1m01.0s/7m0s  50.00 iters/s

running (1m02.0s), 001/107 VUs, 3092 complete and 0 interrupted iterations
a1     [  15% ] 001/107 VUs  1m02.0s/7m0s  50.00 iters/s

running (1m03.0s), 001/107 VUs, 3142 complete and 0 interrupted iterations
a1     [  15% ] 001/107 VUs  1m03.0s/7m0s  50.00 iters/s

running (1m04.0s), 001/107 VUs, 3192 complete and 0 interrupted iterations
a1     [  15% ] 001/107 VUs  1m04.0s/7m0s  50.00 iters/s

running (1m05.0s), 001/107 VUs, 3242 complete and 0 interrupted iterations
a1     [  15% ] 001/107 VUs  1m05.0s/7m0s  50.00 iters/s

running (1m06.0s), 001/107 VUs, 3292 complete and 0 interrupted iterations
a1     [  16% ] 001/107 VUs  1m06.0s/7m0s  50.00 iters/s

running (1m07.0s), 001/107 VUs, 3342 complete and 0 interrupted iterations
a1     [  16% ] 001/107 VUs  1m07.0s/7m0s  50.00 iters/s

running (1m08.0s), 001/107 VUs, 3392 complete and 0 interrupted iterations
a1     [  16% ] 001/107 VUs  1m08.0s/7m0s  50.00 iters/s

running (1m09.0s), 001/107 VUs, 3442 complete and 0 interrupted iterations
a1     [  16% ] 001/107 VUs  1m09.0s/7m0s  50.00 iters/s

running (1m10.0s), 001/107 VUs, 3492 complete and 0 interrupted iterations
a1     [  17% ] 001/107 VUs  1m10.0s/7m0s  50.00 iters/s

running (1m11.0s), 001/107 VUs, 3542 complete and 0 interrupted iterations
a1     [  17% ] 001/107 VUs  1m11.0s/7m0s  50.00 iters/s

running (1m12.0s), 001/107 VUs, 3592 complete and 0 interrupted iterations
a1     [  17% ] 001/107 VUs  1m12.0s/7m0s  50.00 iters/s

running (1m13.0s), 001/107 VUs, 3642 complete and 0 interrupted iterations
a1     [  17% ] 001/107 VUs  1m13.0s/7m0s  50.00 iters/s

running (1m14.0s), 001/107 VUs, 3692 complete and 0 interrupted iterations
a1     [  18% ] 001/107 VUs  1m14.0s/7m0s  50.00 iters/s

running (1m15.0s), 001/107 VUs, 3742 complete and 0 interrupted iterations
a1     [  18% ] 001/107 VUs  1m15.0s/7m0s  50.00 iters/s

running (1m16.0s), 001/107 VUs, 3792 complete and 0 interrupted iterations
a1     [  18% ] 001/107 VUs  1m16.0s/7m0s  50.00 iters/s

running (1m17.0s), 001/107 VUs, 3842 complete and 0 interrupted iterations
a1     [  18% ] 001/107 VUs  1m17.0s/7m0s  50.00 iters/s

running (1m18.0s), 001/107 VUs, 3892 complete and 0 interrupted iterations
a1     [  19% ] 001/107 VUs  1m18.0s/7m0s  50.00 iters/s

running (1m19.0s), 001/107 VUs, 3942 complete and 0 interrupted iterations
a1     [  19% ] 001/107 VUs  1m19.0s/7m0s  50.00 iters/s

running (1m20.0s), 001/107 VUs, 3992 complete and 0 interrupted iterations
a1     [  19% ] 001/107 VUs  1m20.0s/7m0s  50.00 iters/s

running (1m21.0s), 001/107 VUs, 4042 complete and 0 interrupted iterations
a1     [  19% ] 001/107 VUs  1m21.0s/7m0s  50.00 iters/s

running (1m22.0s), 001/107 VUs, 4092 complete and 0 interrupted iterations
a1     [  20% ] 001/107 VUs  1m22.0s/7m0s  50.00 iters/s

running (1m23.0s), 001/107 VUs, 4142 complete and 0 interrupted iterations
a1     [  20% ] 001/107 VUs  1m23.0s/7m0s  50.00 iters/s

running (1m24.0s), 001/107 VUs, 4192 complete and 0 interrupted iterations
a1     [  20% ] 001/107 VUs  1m24.0s/7m0s  50.00 iters/s

running (1m25.0s), 001/107 VUs, 4242 complete and 0 interrupted iterations
a1     [  20% ] 001/107 VUs  1m25.0s/7m0s  50.00 iters/s

running (1m26.0s), 001/107 VUs, 4292 complete and 0 interrupted iterations
a1     [  20% ] 001/107 VUs  1m26.0s/7m0s  50.00 iters/s

running (1m27.0s), 001/107 VUs, 4342 complete and 0 interrupted iterations
a1     [  21% ] 001/107 VUs  1m27.0s/7m0s  50.00 iters/s

running (1m28.0s), 001/107 VUs, 4392 complete and 0 interrupted iterations
a1     [  21% ] 001/107 VUs  1m28.0s/7m0s  50.00 iters/s

running (1m29.0s), 001/107 VUs, 4442 complete and 0 interrupted iterations
a1     [  21% ] 001/107 VUs  1m29.0s/7m0s  50.00 iters/s

running (1m30.0s), 001/107 VUs, 4492 complete and 0 interrupted iterations
a1     [  21% ] 001/107 VUs  1m30.0s/7m0s  50.00 iters/s

running (1m31.0s), 001/107 VUs, 4542 complete and 0 interrupted iterations
a1     [  22% ] 001/107 VUs  1m31.0s/7m0s  50.00 iters/s

running (1m32.0s), 001/107 VUs, 4592 complete and 0 interrupted iterations
a1     [  22% ] 001/107 VUs  1m32.0s/7m0s  50.00 iters/s

running (1m33.0s), 001/107 VUs, 4642 complete and 0 interrupted iterations
a1     [  22% ] 001/107 VUs  1m33.0s/7m0s  50.00 iters/s

running (1m34.0s), 001/107 VUs, 4692 complete and 0 interrupted iterations
a1     [  22% ] 001/107 VUs  1m34.0s/7m0s  50.00 iters/s

running (1m35.0s), 001/107 VUs, 4742 complete and 0 interrupted iterations
a1     [  23% ] 001/107 VUs  1m35.0s/7m0s  50.00 iters/s

running (1m36.0s), 001/107 VUs, 4792 complete and 0 interrupted iterations
a1     [  23% ] 001/107 VUs  1m36.0s/7m0s  50.00 iters/s

running (1m37.0s), 001/107 VUs, 4842 complete and 0 interrupted iterations
a1     [  23% ] 001/107 VUs  1m37.0s/7m0s  50.00 iters/s

running (1m38.0s), 001/107 VUs, 4892 complete and 0 interrupted iterations
a1     [  23% ] 001/107 VUs  1m38.0s/7m0s  50.00 iters/s

running (1m39.0s), 001/107 VUs, 4942 complete and 0 interrupted iterations
a1     [  24% ] 001/107 VUs  1m39.0s/7m0s  50.00 iters/s

running (1m40.0s), 001/107 VUs, 4992 complete and 0 interrupted iterations
a1     [  24% ] 001/107 VUs  1m40.0s/7m0s  50.00 iters/s

running (1m41.0s), 001/107 VUs, 5042 complete and 0 interrupted iterations
a1     [  24% ] 001/107 VUs  1m41.0s/7m0s  50.00 iters/s

running (1m42.0s), 001/107 VUs, 5092 complete and 0 interrupted iterations
a1     [  24% ] 001/107 VUs  1m42.0s/7m0s  50.00 iters/s

running (1m43.0s), 001/107 VUs, 5142 complete and 0 interrupted iterations
a1     [  25% ] 001/107 VUs  1m43.0s/7m0s  50.00 iters/s

running (1m44.0s), 001/107 VUs, 5192 complete and 0 interrupted iterations
a1     [  25% ] 001/107 VUs  1m44.0s/7m0s  50.00 iters/s

running (1m45.0s), 001/107 VUs, 5242 complete and 0 interrupted iterations
a1     [  25% ] 001/107 VUs  1m45.0s/7m0s  50.00 iters/s

running (1m46.0s), 001/107 VUs, 5292 complete and 0 interrupted iterations
a1     [  25% ] 001/107 VUs  1m46.0s/7m0s  50.00 iters/s

running (1m47.0s), 001/107 VUs, 5342 complete and 0 interrupted iterations
a1     [  25% ] 001/107 VUs  1m47.0s/7m0s  50.00 iters/s

running (1m48.0s), 001/107 VUs, 5392 complete and 0 interrupted iterations
a1     [  26% ] 001/107 VUs  1m48.0s/7m0s  50.00 iters/s

running (1m49.0s), 001/107 VUs, 5442 complete and 0 interrupted iterations
a1     [  26% ] 001/107 VUs  1m49.0s/7m0s  50.00 iters/s

running (1m50.0s), 001/107 VUs, 5492 complete and 0 interrupted iterations
a1     [  26% ] 001/107 VUs  1m50.0s/7m0s  50.00 iters/s

running (1m51.0s), 001/107 VUs, 5542 complete and 0 interrupted iterations
a1     [  26% ] 001/107 VUs  1m51.0s/7m0s  50.00 iters/s
time="2026-09-09T19:04:32+05:00" level=warning msg="The test has generated metrics with 100012 unique time series, which is higher than the suggested limit of 100000 and could cause high memory usage. Consider not using high-cardinality values like unique IDs as metric tags or, if you need them in the URL, use the name metric tag or URL grouping. See https://grafana.com/docs/k6/latest/using-k6/tags-and-groups/ for details." component=metrics-engine-ingester

running (1m52.0s), 001/107 VUs, 5592 complete and 0 interrupted iterations
a1     [  27% ] 001/107 VUs  1m52.0s/7m0s  50.00 iters/s

running (1m53.0s), 001/107 VUs, 5642 complete and 0 interrupted iterations
a1     [  27% ] 001/107 VUs  1m53.0s/7m0s  50.00 iters/s

running (1m54.0s), 001/107 VUs, 5692 complete and 0 interrupted iterations
a1     [  27% ] 001/107 VUs  1m54.0s/7m0s  50.00 iters/s

running (1m55.0s), 001/107 VUs, 5742 complete and 0 interrupted iterations
a1     [  27% ] 001/107 VUs  1m55.0s/7m0s  50.00 iters/s

running (1m56.0s), 001/107 VUs, 5792 complete and 0 interrupted iterations
a1     [  28% ] 001/107 VUs  1m56.0s/7m0s  50.00 iters/s

running (1m57.0s), 001/107 VUs, 5842 complete and 0 interrupted iterations
a1     [  28% ] 001/107 VUs  1m57.0s/7m0s  50.00 iters/s

running (1m58.0s), 001/107 VUs, 5892 complete and 0 interrupted iterations
a1     [  28% ] 001/107 VUs  1m58.0s/7m0s  50.00 iters/s

running (1m59.0s), 001/107 VUs, 5942 complete and 0 interrupted iterations
a1     [  28% ] 001/107 VUs  1m59.0s/7m0s  50.00 iters/s

running (2m00.0s), 001/107 VUs, 5992 complete and 0 interrupted iterations
a1     [  29% ] 001/107 VUs  2m00.0s/7m0s  50.00 iters/s

running (2m01.0s), 001/107 VUs, 6042 complete and 0 interrupted iterations
a1     [  29% ] 001/107 VUs  2m01.0s/7m0s  50.00 iters/s

running (2m02.0s), 001/107 VUs, 6092 complete and 0 interrupted iterations
a1     [  29% ] 001/107 VUs  2m02.0s/7m0s  50.00 iters/s

running (2m03.0s), 001/107 VUs, 6142 complete and 0 interrupted iterations
a1     [  29% ] 001/107 VUs  2m03.0s/7m0s  50.00 iters/s

running (2m04.0s), 001/107 VUs, 6192 complete and 0 interrupted iterations
a1     [  30% ] 001/107 VUs  2m04.0s/7m0s  50.00 iters/s

running (2m05.0s), 001/107 VUs, 6242 complete and 0 interrupted iterations
a1     [  30% ] 001/107 VUs  2m05.0s/7m0s  50.00 iters/s

running (2m06.0s), 001/107 VUs, 6292 complete and 0 interrupted iterations
a1     [  30% ] 001/107 VUs  2m06.0s/7m0s  50.00 iters/s

running (2m07.0s), 001/107 VUs, 6342 complete and 0 interrupted iterations
a1     [  30% ] 001/107 VUs  2m07.0s/7m0s  50.00 iters/s

running (2m08.0s), 001/107 VUs, 6392 complete and 0 interrupted iterations
a1     [  30% ] 001/107 VUs  2m08.0s/7m0s  50.00 iters/s

running (2m09.0s), 001/107 VUs, 6442 complete and 0 interrupted iterations
a1     [  31% ] 001/107 VUs  2m09.0s/7m0s  50.00 iters/s

running (2m10.0s), 001/107 VUs, 6492 complete and 0 interrupted iterations
a1     [  31% ] 001/107 VUs  2m10.0s/7m0s  50.00 iters/s

running (2m11.0s), 001/107 VUs, 6542 complete and 0 interrupted iterations
a1     [  31% ] 001/107 VUs  2m11.0s/7m0s  50.00 iters/s

running (2m12.0s), 001/107 VUs, 6592 complete and 0 interrupted iterations
a1     [  31% ] 001/107 VUs  2m12.0s/7m0s  50.00 iters/s

running (2m13.0s), 001/107 VUs, 6642 complete and 0 interrupted iterations
a1     [  32% ] 001/107 VUs  2m13.0s/7m0s  50.00 iters/s

running (2m14.0s), 001/107 VUs, 6692 complete and 0 interrupted iterations
a1     [  32% ] 001/107 VUs  2m14.0s/7m0s  50.00 iters/s

running (2m15.0s), 001/107 VUs, 6742 complete and 0 interrupted iterations
a1     [  32% ] 001/107 VUs  2m15.0s/7m0s  50.00 iters/s

running (2m16.0s), 001/107 VUs, 6792 complete and 0 interrupted iterations
a1     [  32% ] 001/107 VUs  2m16.0s/7m0s  50.00 iters/s

running (2m17.0s), 001/107 VUs, 6842 complete and 0 interrupted iterations
a1     [  33% ] 001/107 VUs  2m17.0s/7m0s  50.00 iters/s

running (2m18.0s), 001/107 VUs, 6892 complete and 0 interrupted iterations
a1     [  33% ] 001/107 VUs  2m18.0s/7m0s  50.00 iters/s

running (2m19.0s), 001/107 VUs, 6942 complete and 0 interrupted iterations
a1     [  33% ] 001/107 VUs  2m19.0s/7m0s  50.00 iters/s

running (2m20.0s), 001/107 VUs, 6992 complete and 0 interrupted iterations
a1     [  33% ] 001/107 VUs  2m20.0s/7m0s  50.00 iters/s

running (2m21.0s), 001/107 VUs, 7042 complete and 0 interrupted iterations
a1     [  34% ] 001/107 VUs  2m21.0s/7m0s  50.00 iters/s

running (2m22.0s), 001/107 VUs, 7092 complete and 0 interrupted iterations
a1     [  34% ] 001/107 VUs  2m22.0s/7m0s  50.00 iters/s

running (2m23.0s), 001/107 VUs, 7142 complete and 0 interrupted iterations
a1     [  34% ] 001/107 VUs  2m23.0s/7m0s  50.00 iters/s

running (2m24.0s), 001/107 VUs, 7192 complete and 0 interrupted iterations
a1     [  34% ] 001/107 VUs  2m24.0s/7m0s  50.00 iters/s

running (2m25.0s), 001/107 VUs, 7242 complete and 0 interrupted iterations
a1     [  35% ] 001/107 VUs  2m25.0s/7m0s  50.00 iters/s

running (2m26.0s), 001/107 VUs, 7292 complete and 0 interrupted iterations
a1     [  35% ] 001/107 VUs  2m26.0s/7m0s  50.00 iters/s

running (2m27.0s), 001/107 VUs, 7342 complete and 0 interrupted iterations
a1     [  35% ] 001/107 VUs  2m27.0s/7m0s  50.00 iters/s

running (2m28.0s), 001/107 VUs, 7392 complete and 0 interrupted iterations
a1     [  35% ] 001/107 VUs  2m28.0s/7m0s  50.00 iters/s

running (2m29.0s), 001/107 VUs, 7442 complete and 0 interrupted iterations
a1     [  35% ] 001/107 VUs  2m29.0s/7m0s  50.00 iters/s

running (2m30.0s), 001/107 VUs, 7492 complete and 0 interrupted iterations
a1     [  36% ] 001/107 VUs  2m30.0s/7m0s  50.00 iters/s

running (2m31.0s), 001/107 VUs, 7542 complete and 0 interrupted iterations
a1     [  36% ] 001/107 VUs  2m31.0s/7m0s  50.00 iters/s

running (2m32.0s), 001/107 VUs, 7592 complete and 0 interrupted iterations
a1     [  36% ] 001/107 VUs  2m32.0s/7m0s  50.00 iters/s

running (2m33.0s), 001/107 VUs, 7642 complete and 0 interrupted iterations
a1     [  36% ] 001/107 VUs  2m33.0s/7m0s  50.00 iters/s

running (2m34.0s), 001/107 VUs, 7692 complete and 0 interrupted iterations
a1     [  37% ] 001/107 VUs  2m34.0s/7m0s  50.00 iters/s

running (2m35.0s), 001/107 VUs, 7742 complete and 0 interrupted iterations
a1     [  37% ] 001/107 VUs  2m35.0s/7m0s  50.00 iters/s

running (2m36.0s), 001/107 VUs, 7792 complete and 0 interrupted iterations
a1     [  37% ] 001/107 VUs  2m36.0s/7m0s  50.00 iters/s

running (2m37.0s), 001/107 VUs, 7842 complete and 0 interrupted iterations
a1     [  37% ] 001/107 VUs  2m37.0s/7m0s  50.00 iters/s

running (2m38.0s), 001/107 VUs, 7892 complete and 0 interrupted iterations
a1     [  38% ] 001/107 VUs  2m38.0s/7m0s  50.00 iters/s

running (2m39.0s), 001/107 VUs, 7942 complete and 0 interrupted iterations
a1     [  38% ] 001/107 VUs  2m39.0s/7m0s  50.00 iters/s

running (2m40.0s), 001/107 VUs, 7992 complete and 0 interrupted iterations
a1     [  38% ] 001/107 VUs  2m40.0s/7m0s  50.00 iters/s

running (2m41.0s), 001/107 VUs, 8042 complete and 0 interrupted iterations
a1     [  38% ] 001/107 VUs  2m41.0s/7m0s  50.00 iters/s

running (2m42.0s), 001/107 VUs, 8092 complete and 0 interrupted iterations
a1     [  39% ] 001/107 VUs  2m42.0s/7m0s  50.00 iters/s

running (2m43.0s), 001/107 VUs, 8142 complete and 0 interrupted iterations
a1     [  39% ] 001/107 VUs  2m43.0s/7m0s  50.00 iters/s

running (2m44.0s), 001/107 VUs, 8192 complete and 0 interrupted iterations
a1     [  39% ] 001/107 VUs  2m44.0s/7m0s  50.00 iters/s

running (2m45.0s), 001/107 VUs, 8242 complete and 0 interrupted iterations
a1     [  39% ] 001/107 VUs  2m45.0s/7m0s  50.00 iters/s

running (2m46.0s), 001/107 VUs, 8292 complete and 0 interrupted iterations
a1     [  40% ] 001/107 VUs  2m46.0s/7m0s  50.00 iters/s

running (2m47.0s), 001/107 VUs, 8342 complete and 0 interrupted iterations
a1     [  40% ] 001/107 VUs  2m47.0s/7m0s  50.00 iters/s

running (2m48.0s), 001/107 VUs, 8392 complete and 0 interrupted iterations
a1     [  40% ] 001/107 VUs  2m48.0s/7m0s  50.00 iters/s

running (2m49.0s), 001/107 VUs, 8442 complete and 0 interrupted iterations
a1     [  40% ] 001/107 VUs  2m49.0s/7m0s  50.00 iters/s

running (2m50.0s), 001/107 VUs, 8492 complete and 0 interrupted iterations
a1     [  40% ] 001/107 VUs  2m50.0s/7m0s  50.00 iters/s

running (2m51.0s), 001/107 VUs, 8542 complete and 0 interrupted iterations
a1     [  41% ] 001/107 VUs  2m51.0s/7m0s  50.00 iters/s

running (2m52.0s), 001/107 VUs, 8592 complete and 0 interrupted iterations
a1     [  41% ] 001/107 VUs  2m52.0s/7m0s  50.00 iters/s

running (2m53.0s), 001/107 VUs, 8642 complete and 0 interrupted iterations
a1     [  41% ] 001/107 VUs  2m53.0s/7m0s  50.00 iters/s

running (2m54.0s), 001/107 VUs, 8692 complete and 0 interrupted iterations
a1     [  41% ] 001/107 VUs  2m54.0s/7m0s  50.00 iters/s

running (2m55.0s), 001/107 VUs, 8742 complete and 0 interrupted iterations
a1     [  42% ] 001/107 VUs  2m55.0s/7m0s  50.00 iters/s

running (2m56.0s), 001/107 VUs, 8792 complete and 0 interrupted iterations
a1     [  42% ] 001/107 VUs  2m56.0s/7m0s  50.00 iters/s

running (2m57.0s), 001/107 VUs, 8842 complete and 0 interrupted iterations
a1     [  42% ] 001/107 VUs  2m57.0s/7m0s  50.00 iters/s

running (2m58.0s), 001/107 VUs, 8892 complete and 0 interrupted iterations
a1     [  42% ] 001/107 VUs  2m58.0s/7m0s  50.00 iters/s

running (2m59.0s), 001/107 VUs, 8942 complete and 0 interrupted iterations
a1     [  43% ] 001/107 VUs  2m59.0s/7m0s  50.00 iters/s

running (3m00.0s), 001/107 VUs, 8992 complete and 0 interrupted iterations
a1     [  43% ] 001/107 VUs  3m00.0s/7m0s  50.00 iters/s

running (3m01.0s), 001/107 VUs, 9042 complete and 0 interrupted iterations
a1     [  43% ] 001/107 VUs  3m01.0s/7m0s  50.00 iters/s

running (3m02.0s), 001/107 VUs, 9092 complete and 0 interrupted iterations
a1     [  43% ] 001/107 VUs  3m02.0s/7m0s  50.00 iters/s

running (3m03.0s), 001/107 VUs, 9142 complete and 0 interrupted iterations
a1     [  44% ] 001/107 VUs  3m03.0s/7m0s  50.00 iters/s

running (3m04.0s), 001/107 VUs, 9192 complete and 0 interrupted iterations
a1     [  44% ] 001/107 VUs  3m04.0s/7m0s  50.00 iters/s

running (3m05.0s), 001/107 VUs, 9242 complete and 0 interrupted iterations
a1     [  44% ] 001/107 VUs  3m05.0s/7m0s  50.00 iters/s

running (3m06.0s), 001/107 VUs, 9292 complete and 0 interrupted iterations
a1     [  44% ] 001/107 VUs  3m06.0s/7m0s  50.00 iters/s

running (3m07.0s), 001/107 VUs, 9342 complete and 0 interrupted iterations
a1     [  45% ] 001/107 VUs  3m07.0s/7m0s  50.00 iters/s

running (3m08.0s), 001/107 VUs, 9392 complete and 0 interrupted iterations
a1     [  45% ] 001/107 VUs  3m08.0s/7m0s  50.00 iters/s

running (3m09.0s), 001/107 VUs, 9442 complete and 0 interrupted iterations
a1     [  45% ] 001/107 VUs  3m09.0s/7m0s  50.00 iters/s

running (3m10.0s), 001/107 VUs, 9492 complete and 0 interrupted iterations
a1     [  45% ] 001/107 VUs  3m10.0s/7m0s  50.00 iters/s

running (3m11.0s), 001/107 VUs, 9542 complete and 0 interrupted iterations
a1     [  45% ] 001/107 VUs  3m11.0s/7m0s  50.00 iters/s

running (3m12.0s), 001/107 VUs, 9592 complete and 0 interrupted iterations
a1     [  46% ] 001/107 VUs  3m12.0s/7m0s  50.00 iters/s

running (3m13.0s), 001/107 VUs, 9642 complete and 0 interrupted iterations
a1     [  46% ] 001/107 VUs  3m13.0s/7m0s  50.00 iters/s

running (3m14.0s), 001/107 VUs, 9692 complete and 0 interrupted iterations
a1     [  46% ] 001/107 VUs  3m14.0s/7m0s  50.00 iters/s

running (3m15.0s), 001/107 VUs, 9742 complete and 0 interrupted iterations
a1     [  46% ] 001/107 VUs  3m15.0s/7m0s  50.00 iters/s

running (3m16.0s), 001/107 VUs, 9792 complete and 0 interrupted iterations
a1     [  47% ] 001/107 VUs  3m16.0s/7m0s  50.00 iters/s

running (3m17.0s), 001/107 VUs, 9842 complete and 0 interrupted iterations
a1     [  47% ] 001/107 VUs  3m17.0s/7m0s  50.00 iters/s

running (3m18.0s), 001/107 VUs, 9892 complete and 0 interrupted iterations
a1     [  47% ] 001/107 VUs  3m18.0s/7m0s  50.00 iters/s

running (3m19.0s), 001/107 VUs, 9942 complete and 0 interrupted iterations
a1     [  47% ] 001/107 VUs  3m19.0s/7m0s  50.00 iters/s

running (3m20.0s), 001/107 VUs, 9992 complete and 0 interrupted iterations
a1     [  48% ] 001/107 VUs  3m20.0s/7m0s  50.00 iters/s

running (3m21.0s), 001/107 VUs, 10042 complete and 0 interrupted iterations
a1     [  48% ] 001/107 VUs  3m21.0s/7m0s  50.00 iters/s

running (3m22.0s), 011/107 VUs, 10082 complete and 0 interrupted iterations
a1     [  48% ] 011/107 VUs  3m22.0s/7m0s  50.00 iters/s

running (3m23.0s), 002/107 VUs, 10141 complete and 0 interrupted iterations
a1     [  48% ] 002/107 VUs  3m23.0s/7m0s  50.00 iters/s

running (3m24.0s), 001/107 VUs, 10192 complete and 0 interrupted iterations
a1     [  49% ] 001/107 VUs  3m24.0s/7m0s  50.00 iters/s

running (3m25.0s), 001/107 VUs, 10242 complete and 0 interrupted iterations
a1     [  49% ] 001/107 VUs  3m25.0s/7m0s  50.00 iters/s

running (3m26.0s), 001/107 VUs, 10292 complete and 0 interrupted iterations
a1     [  49% ] 001/107 VUs  3m26.0s/7m0s  50.00 iters/s

running (3m27.0s), 001/107 VUs, 10342 complete and 0 interrupted iterations
a1     [  49% ] 001/107 VUs  3m27.0s/7m0s  50.00 iters/s

running (3m28.0s), 001/107 VUs, 10392 complete and 0 interrupted iterations
a1     [  50% ] 001/107 VUs  3m28.0s/7m0s  50.00 iters/s

running (3m29.0s), 001/107 VUs, 10442 complete and 0 interrupted iterations
a1     [  50% ] 001/107 VUs  3m29.0s/7m0s  50.00 iters/s

running (3m30.0s), 001/107 VUs, 10492 complete and 0 interrupted iterations
a1     [  50% ] 001/107 VUs  3m30.0s/7m0s  50.00 iters/s

running (3m31.0s), 001/107 VUs, 10542 complete and 0 interrupted iterations
a1     [  50% ] 001/107 VUs  3m31.0s/7m0s  50.00 iters/s

running (3m32.0s), 001/107 VUs, 10592 complete and 0 interrupted iterations
a1     [  50% ] 001/107 VUs  3m32.0s/7m0s  50.00 iters/s

running (3m33.0s), 001/107 VUs, 10642 complete and 0 interrupted iterations
a1     [  51% ] 001/107 VUs  3m33.0s/7m0s  50.00 iters/s

running (3m34.0s), 001/107 VUs, 10692 complete and 0 interrupted iterations
a1     [  51% ] 001/107 VUs  3m34.0s/7m0s  50.00 iters/s

running (3m35.0s), 001/107 VUs, 10742 complete and 0 interrupted iterations
a1     [  51% ] 001/107 VUs  3m35.0s/7m0s  50.00 iters/s

running (3m36.0s), 001/107 VUs, 10792 complete and 0 interrupted iterations
a1     [  51% ] 001/107 VUs  3m36.0s/7m0s  50.00 iters/s

running (3m37.0s), 001/107 VUs, 10842 complete and 0 interrupted iterations
a1     [  52% ] 001/107 VUs  3m37.0s/7m0s  50.00 iters/s

running (3m38.0s), 001/107 VUs, 10892 complete and 0 interrupted iterations
a1     [  52% ] 001/107 VUs  3m38.0s/7m0s  50.00 iters/s

running (3m39.0s), 002/107 VUs, 10941 complete and 0 interrupted iterations
a1     [  52% ] 002/107 VUs  3m39.0s/7m0s  50.00 iters/s

running (3m40.0s), 001/107 VUs, 10992 complete and 0 interrupted iterations
a1     [  52% ] 001/107 VUs  3m40.0s/7m0s  50.00 iters/s

running (3m41.0s), 001/107 VUs, 11042 complete and 0 interrupted iterations
a1     [  53% ] 001/107 VUs  3m41.0s/7m0s  50.00 iters/s

running (3m42.0s), 001/107 VUs, 11092 complete and 0 interrupted iterations
a1     [  53% ] 001/107 VUs  3m42.0s/7m0s  50.00 iters/s
time="2026-09-09T19:06:23+05:00" level=warning msg="The test has generated metrics with 200038 unique time series, which is higher than the suggested limit of 100000 and could cause high memory usage. Consider not using high-cardinality values like unique IDs as metric tags or, if you need them in the URL, use the name metric tag or URL grouping. See https://grafana.com/docs/k6/latest/using-k6/tags-and-groups/ for details." component=metrics-engine-ingester

running (3m43.0s), 001/107 VUs, 11142 complete and 0 interrupted iterations
a1     [  53% ] 001/107 VUs  3m43.0s/7m0s  50.00 iters/s

running (3m44.0s), 001/107 VUs, 11192 complete and 0 interrupted iterations
a1     [  53% ] 001/107 VUs  3m44.0s/7m0s  50.00 iters/s

running (3m45.0s), 001/107 VUs, 11242 complete and 0 interrupted iterations
a1     [  54% ] 001/107 VUs  3m45.0s/7m0s  50.00 iters/s

running (3m46.0s), 001/107 VUs, 11292 complete and 0 interrupted iterations
a1     [  54% ] 001/107 VUs  3m46.0s/7m0s  50.00 iters/s

running (3m47.0s), 001/107 VUs, 11342 complete and 0 interrupted iterations
a1     [  54% ] 001/107 VUs  3m47.0s/7m0s  50.00 iters/s

running (3m48.0s), 001/107 VUs, 11392 complete and 0 interrupted iterations
a1     [  54% ] 001/107 VUs  3m48.0s/7m0s  50.00 iters/s

running (3m49.0s), 001/107 VUs, 11442 complete and 0 interrupted iterations
a1     [  55% ] 001/107 VUs  3m49.0s/7m0s  50.00 iters/s

running (3m50.0s), 001/107 VUs, 11492 complete and 0 interrupted iterations
a1     [  55% ] 001/107 VUs  3m50.0s/7m0s  50.00 iters/s

running (3m51.0s), 001/107 VUs, 11542 complete and 0 interrupted iterations
a1     [  55% ] 001/107 VUs  3m51.0s/7m0s  50.00 iters/s

running (3m52.0s), 001/107 VUs, 11592 complete and 0 interrupted iterations
a1     [  55% ] 001/107 VUs  3m52.0s/7m0s  50.00 iters/s

running (3m53.0s), 001/107 VUs, 11642 complete and 0 interrupted iterations
a1     [  55% ] 001/107 VUs  3m53.0s/7m0s  50.00 iters/s

running (3m54.0s), 001/107 VUs, 11692 complete and 0 interrupted iterations
a1     [  56% ] 001/107 VUs  3m54.0s/7m0s  50.00 iters/s

running (3m55.0s), 001/107 VUs, 11742 complete and 0 interrupted iterations
a1     [  56% ] 001/107 VUs  3m55.0s/7m0s  50.00 iters/s

running (3m56.0s), 001/107 VUs, 11792 complete and 0 interrupted iterations
a1     [  56% ] 001/107 VUs  3m56.0s/7m0s  50.00 iters/s

running (3m57.0s), 004/107 VUs, 11839 complete and 0 interrupted iterations
a1     [  56% ] 004/107 VUs  3m57.0s/7m0s  50.00 iters/s

running (3m58.0s), 001/107 VUs, 11892 complete and 0 interrupted iterations
a1     [  57% ] 001/107 VUs  3m58.0s/7m0s  50.00 iters/s

running (3m59.0s), 002/107 VUs, 11941 complete and 0 interrupted iterations
a1     [  57% ] 002/107 VUs  3m59.0s/7m0s  50.00 iters/s

running (4m00.0s), 001/107 VUs, 11992 complete and 0 interrupted iterations
a1     [  57% ] 001/107 VUs  4m00.0s/7m0s  50.00 iters/s

running (4m01.0s), 001/107 VUs, 12042 complete and 0 interrupted iterations
a1     [  57% ] 001/107 VUs  4m01.0s/7m0s  50.00 iters/s

running (4m02.0s), 001/107 VUs, 12092 complete and 0 interrupted iterations
a1     [  58% ] 001/107 VUs  4m02.0s/7m0s  50.00 iters/s

running (4m03.0s), 001/107 VUs, 12142 complete and 0 interrupted iterations
a1     [  58% ] 001/107 VUs  4m03.0s/7m0s  50.00 iters/s

running (4m04.0s), 001/107 VUs, 12192 complete and 0 interrupted iterations
a1     [  58% ] 001/107 VUs  4m04.0s/7m0s  50.00 iters/s

running (4m05.0s), 001/107 VUs, 12242 complete and 0 interrupted iterations
a1     [  58% ] 001/107 VUs  4m05.0s/7m0s  50.00 iters/s

running (4m06.0s), 001/107 VUs, 12292 complete and 0 interrupted iterations
a1     [  59% ] 001/107 VUs  4m06.0s/7m0s  50.00 iters/s

running (4m07.0s), 001/107 VUs, 12342 complete and 0 interrupted iterations
a1     [  59% ] 001/107 VUs  4m07.0s/7m0s  50.00 iters/s

running (4m08.0s), 001/107 VUs, 12392 complete and 0 interrupted iterations
a1     [  59% ] 001/107 VUs  4m08.0s/7m0s  50.00 iters/s

running (4m09.0s), 002/107 VUs, 12441 complete and 0 interrupted iterations
a1     [  59% ] 002/107 VUs  4m09.0s/7m0s  50.00 iters/s

running (4m10.0s), 001/107 VUs, 12492 complete and 0 interrupted iterations
a1     [  60% ] 001/107 VUs  4m10.0s/7m0s  50.00 iters/s

running (4m11.0s), 001/107 VUs, 12542 complete and 0 interrupted iterations
a1     [  60% ] 001/107 VUs  4m11.0s/7m0s  50.00 iters/s

running (4m12.0s), 001/107 VUs, 12592 complete and 0 interrupted iterations
a1     [  60% ] 001/107 VUs  4m12.0s/7m0s  50.00 iters/s

running (4m13.0s), 001/107 VUs, 12642 complete and 0 interrupted iterations
a1     [  60% ] 001/107 VUs  4m13.0s/7m0s  50.00 iters/s

running (4m14.0s), 001/107 VUs, 12692 complete and 0 interrupted iterations
a1     [  60% ] 001/107 VUs  4m14.0s/7m0s  50.00 iters/s

running (4m15.0s), 001/107 VUs, 12742 complete and 0 interrupted iterations
a1     [  61% ] 001/107 VUs  4m15.0s/7m0s  50.00 iters/s

running (4m16.0s), 001/107 VUs, 12792 complete and 0 interrupted iterations
a1     [  61% ] 001/107 VUs  4m16.0s/7m0s  50.00 iters/s

running (4m17.0s), 001/107 VUs, 12842 complete and 0 interrupted iterations
a1     [  61% ] 001/107 VUs  4m17.0s/7m0s  50.00 iters/s

running (4m18.0s), 001/107 VUs, 12892 complete and 0 interrupted iterations
a1     [  61% ] 001/107 VUs  4m18.0s/7m0s  50.00 iters/s

running (4m19.0s), 001/107 VUs, 12942 complete and 0 interrupted iterations
a1     [  62% ] 001/107 VUs  4m19.0s/7m0s  50.00 iters/s

running (4m20.0s), 001/107 VUs, 12992 complete and 0 interrupted iterations
a1     [  62% ] 001/107 VUs  4m20.0s/7m0s  50.00 iters/s

running (4m21.0s), 001/107 VUs, 13042 complete and 0 interrupted iterations
a1     [  62% ] 001/107 VUs  4m21.0s/7m0s  50.00 iters/s

running (4m22.0s), 001/107 VUs, 13092 complete and 0 interrupted iterations
a1     [  62% ] 001/107 VUs  4m22.0s/7m0s  50.00 iters/s

running (4m23.0s), 001/107 VUs, 13142 complete and 0 interrupted iterations
a1     [  63% ] 001/107 VUs  4m23.0s/7m0s  50.00 iters/s

running (4m24.0s), 001/107 VUs, 13192 complete and 0 interrupted iterations
a1     [  63% ] 001/107 VUs  4m24.0s/7m0s  50.00 iters/s

running (4m25.0s), 001/107 VUs, 13242 complete and 0 interrupted iterations
a1     [  63% ] 001/107 VUs  4m25.0s/7m0s  50.00 iters/s

running (4m26.0s), 001/107 VUs, 13292 complete and 0 interrupted iterations
a1     [  63% ] 001/107 VUs  4m26.0s/7m0s  50.00 iters/s

running (4m27.0s), 001/107 VUs, 13342 complete and 0 interrupted iterations
a1     [  64% ] 001/107 VUs  4m27.0s/7m0s  50.00 iters/s

running (4m28.0s), 001/107 VUs, 13392 complete and 0 interrupted iterations
a1     [  64% ] 001/107 VUs  4m28.0s/7m0s  50.00 iters/s

running (4m29.0s), 001/107 VUs, 13442 complete and 0 interrupted iterations
a1     [  64% ] 001/107 VUs  4m29.0s/7m0s  50.00 iters/s

running (4m30.0s), 001/107 VUs, 13492 complete and 0 interrupted iterations
a1     [  64% ] 001/107 VUs  4m30.0s/7m0s  50.00 iters/s

running (4m31.0s), 001/107 VUs, 13542 complete and 0 interrupted iterations
a1     [  65% ] 001/107 VUs  4m31.0s/7m0s  50.00 iters/s

running (4m32.0s), 001/107 VUs, 13592 complete and 0 interrupted iterations
a1     [  65% ] 001/107 VUs  4m32.0s/7m0s  50.00 iters/s

running (4m33.0s), 001/107 VUs, 13642 complete and 0 interrupted iterations
a1     [  65% ] 001/107 VUs  4m33.0s/7m0s  50.00 iters/s

running (4m34.0s), 001/107 VUs, 13692 complete and 0 interrupted iterations
a1     [  65% ] 001/107 VUs  4m34.0s/7m0s  50.00 iters/s

running (4m35.0s), 001/107 VUs, 13742 complete and 0 interrupted iterations
a1     [  65% ] 001/107 VUs  4m35.0s/7m0s  50.00 iters/s

running (4m36.0s), 001/107 VUs, 13792 complete and 0 interrupted iterations
a1     [  66% ] 001/107 VUs  4m36.0s/7m0s  50.00 iters/s

running (4m37.0s), 003/107 VUs, 13840 complete and 0 interrupted iterations
a1     [  66% ] 003/107 VUs  4m37.0s/7m0s  50.00 iters/s

running (4m38.0s), 002/107 VUs, 13891 complete and 0 interrupted iterations
a1     [  66% ] 002/107 VUs  4m38.0s/7m0s  50.00 iters/s

running (4m39.0s), 001/107 VUs, 13942 complete and 0 interrupted iterations
a1     [  66% ] 001/107 VUs  4m39.0s/7m0s  50.00 iters/s

running (4m40.0s), 001/107 VUs, 13992 complete and 0 interrupted iterations
a1     [  67% ] 001/107 VUs  4m40.0s/7m0s  50.00 iters/s

running (4m41.0s), 001/107 VUs, 14042 complete and 0 interrupted iterations
a1     [  67% ] 001/107 VUs  4m41.0s/7m0s  50.00 iters/s

running (4m42.0s), 001/107 VUs, 14092 complete and 0 interrupted iterations
a1     [  67% ] 001/107 VUs  4m42.0s/7m0s  50.00 iters/s

running (4m43.0s), 001/107 VUs, 14142 complete and 0 interrupted iterations
a1     [  67% ] 001/107 VUs  4m43.0s/7m0s  50.00 iters/s

running (4m44.0s), 001/107 VUs, 14192 complete and 0 interrupted iterations
a1     [  68% ] 001/107 VUs  4m44.0s/7m0s  50.00 iters/s

running (4m45.0s), 001/107 VUs, 14242 complete and 0 interrupted iterations
a1     [  68% ] 001/107 VUs  4m45.0s/7m0s  50.00 iters/s

running (4m46.0s), 002/107 VUs, 14291 complete and 0 interrupted iterations
a1     [  68% ] 002/107 VUs  4m46.0s/7m0s  50.00 iters/s

running (4m47.0s), 001/107 VUs, 14342 complete and 0 interrupted iterations
a1     [  68% ] 001/107 VUs  4m47.0s/7m0s  50.00 iters/s

running (4m48.0s), 001/107 VUs, 14392 complete and 0 interrupted iterations
a1     [  69% ] 001/107 VUs  4m48.0s/7m0s  50.00 iters/s

running (4m49.0s), 001/107 VUs, 14442 complete and 0 interrupted iterations
a1     [  69% ] 001/107 VUs  4m49.0s/7m0s  50.00 iters/s

running (4m50.0s), 001/107 VUs, 14492 complete and 0 interrupted iterations
a1     [  69% ] 001/107 VUs  4m50.0s/7m0s  50.00 iters/s

running (4m51.0s), 001/107 VUs, 14542 complete and 0 interrupted iterations
a1     [  69% ] 001/107 VUs  4m51.0s/7m0s  50.00 iters/s

running (4m52.0s), 001/107 VUs, 14592 complete and 0 interrupted iterations
a1     [  70% ] 001/107 VUs  4m52.0s/7m0s  50.00 iters/s

running (4m53.0s), 001/107 VUs, 14642 complete and 0 interrupted iterations
a1     [  70% ] 001/107 VUs  4m53.0s/7m0s  50.00 iters/s

running (4m54.0s), 001/107 VUs, 14692 complete and 0 interrupted iterations
a1     [  70% ] 001/107 VUs  4m54.0s/7m0s  50.00 iters/s

running (4m55.0s), 001/107 VUs, 14742 complete and 0 interrupted iterations
a1     [  70% ] 001/107 VUs  4m55.0s/7m0s  50.00 iters/s

running (4m56.0s), 002/107 VUs, 14791 complete and 0 interrupted iterations
a1     [  70% ] 002/107 VUs  4m56.0s/7m0s  50.00 iters/s

running (4m57.0s), 001/107 VUs, 14842 complete and 0 interrupted iterations
a1     [  71% ] 001/107 VUs  4m57.0s/7m0s  50.00 iters/s

running (4m58.0s), 010/107 VUs, 14883 complete and 0 interrupted iterations
a1     [  71% ] 010/107 VUs  4m58.0s/7m0s  50.00 iters/s

running (4m59.0s), 001/107 VUs, 14942 complete and 0 interrupted iterations
a1     [  71% ] 001/107 VUs  4m59.0s/7m0s  50.00 iters/s

running (5m00.0s), 001/107 VUs, 14992 complete and 0 interrupted iterations
a1     [  71% ] 001/107 VUs  5m00.0s/7m0s  50.00 iters/s

running (5m01.0s), 001/107 VUs, 15042 complete and 0 interrupted iterations
a1     [  72% ] 001/107 VUs  5m01.0s/7m0s  50.00 iters/s

running (5m02.0s), 001/107 VUs, 15092 complete and 0 interrupted iterations
a1     [  72% ] 001/107 VUs  5m02.0s/7m0s  50.00 iters/s

running (5m03.0s), 001/107 VUs, 15142 complete and 0 interrupted iterations
a1     [  72% ] 001/107 VUs  5m03.0s/7m0s  50.00 iters/s

running (5m04.0s), 001/107 VUs, 15192 complete and 0 interrupted iterations
a1     [  72% ] 001/107 VUs  5m04.0s/7m0s  50.00 iters/s

running (5m05.0s), 001/107 VUs, 15242 complete and 0 interrupted iterations
a1     [  73% ] 001/107 VUs  5m05.0s/7m0s  50.00 iters/s

running (5m06.0s), 001/107 VUs, 15292 complete and 0 interrupted iterations
a1     [  73% ] 001/107 VUs  5m06.0s/7m0s  50.00 iters/s

running (5m07.0s), 001/107 VUs, 15342 complete and 0 interrupted iterations
a1     [  73% ] 001/107 VUs  5m07.0s/7m0s  50.00 iters/s

running (5m08.0s), 002/107 VUs, 15391 complete and 0 interrupted iterations
a1     [  73% ] 002/107 VUs  5m08.0s/7m0s  50.00 iters/s

running (5m09.0s), 001/107 VUs, 15442 complete and 0 interrupted iterations
a1     [  74% ] 001/107 VUs  5m09.0s/7m0s  50.00 iters/s

running (5m10.0s), 001/107 VUs, 15492 complete and 0 interrupted iterations
a1     [  74% ] 001/107 VUs  5m10.0s/7m0s  50.00 iters/s

running (5m11.0s), 001/107 VUs, 15542 complete and 0 interrupted iterations
a1     [  74% ] 001/107 VUs  5m11.0s/7m0s  50.00 iters/s

running (5m12.0s), 001/107 VUs, 15592 complete and 0 interrupted iterations
a1     [  74% ] 001/107 VUs  5m12.0s/7m0s  50.00 iters/s

running (5m13.0s), 001/107 VUs, 15642 complete and 0 interrupted iterations
a1     [  75% ] 001/107 VUs  5m13.0s/7m0s  50.00 iters/s

running (5m14.0s), 001/107 VUs, 15692 complete and 0 interrupted iterations
a1     [  75% ] 001/107 VUs  5m14.0s/7m0s  50.00 iters/s

running (5m15.0s), 001/107 VUs, 15742 complete and 0 interrupted iterations
a1     [  75% ] 001/107 VUs  5m15.0s/7m0s  50.00 iters/s

running (5m16.0s), 001/107 VUs, 15792 complete and 0 interrupted iterations
a1     [  75% ] 001/107 VUs  5m16.0s/7m0s  50.00 iters/s

running (5m17.0s), 002/107 VUs, 15841 complete and 0 interrupted iterations
a1     [  75% ] 002/107 VUs  5m17.0s/7m0s  50.00 iters/s

running (5m18.0s), 001/107 VUs, 15892 complete and 0 interrupted iterations
a1     [  76% ] 001/107 VUs  5m18.0s/7m0s  50.00 iters/s

running (5m19.0s), 001/107 VUs, 15942 complete and 0 interrupted iterations
a1     [  76% ] 001/107 VUs  5m19.0s/7m0s  50.00 iters/s

running (5m20.0s), 001/107 VUs, 15992 complete and 0 interrupted iterations
a1     [  76% ] 001/107 VUs  5m20.0s/7m0s  50.00 iters/s

running (5m21.0s), 001/107 VUs, 16042 complete and 0 interrupted iterations
a1     [  76% ] 001/107 VUs  5m21.0s/7m0s  50.00 iters/s

running (5m22.0s), 001/107 VUs, 16092 complete and 0 interrupted iterations
a1     [  77% ] 001/107 VUs  5m22.0s/7m0s  50.00 iters/s

running (5m23.0s), 001/107 VUs, 16142 complete and 0 interrupted iterations
a1     [  77% ] 001/107 VUs  5m23.0s/7m0s  50.00 iters/s

running (5m24.0s), 002/107 VUs, 16191 complete and 0 interrupted iterations
a1     [  77% ] 002/107 VUs  5m24.0s/7m0s  50.00 iters/s

running (5m25.0s), 001/107 VUs, 16242 complete and 0 interrupted iterations
a1     [  77% ] 001/107 VUs  5m25.0s/7m0s  50.00 iters/s

running (5m26.0s), 001/107 VUs, 16292 complete and 0 interrupted iterations
a1     [  78% ] 001/107 VUs  5m26.0s/7m0s  50.00 iters/s

running (5m27.0s), 001/107 VUs, 16342 complete and 0 interrupted iterations
a1     [  78% ] 001/107 VUs  5m27.0s/7m0s  50.00 iters/s

running (5m28.0s), 001/107 VUs, 16392 complete and 0 interrupted iterations
a1     [  78% ] 001/107 VUs  5m28.0s/7m0s  50.00 iters/s

running (5m29.0s), 001/107 VUs, 16442 complete and 0 interrupted iterations
a1     [  78% ] 001/107 VUs  5m29.0s/7m0s  50.00 iters/s

running (5m30.0s), 001/107 VUs, 16492 complete and 0 interrupted iterations
a1     [  79% ] 001/107 VUs  5m30.0s/7m0s  50.00 iters/s

running (5m31.0s), 001/107 VUs, 16542 complete and 0 interrupted iterations
a1     [  79% ] 001/107 VUs  5m31.0s/7m0s  50.00 iters/s

running (5m32.0s), 001/107 VUs, 16592 complete and 0 interrupted iterations
a1     [  79% ] 001/107 VUs  5m32.0s/7m0s  50.00 iters/s

running (5m33.0s), 009/107 VUs, 16634 complete and 0 interrupted iterations
a1     [  79% ] 009/107 VUs  5m33.0s/7m0s  50.00 iters/s

running (5m34.0s), 001/107 VUs, 16692 complete and 0 interrupted iterations
a1     [  80% ] 001/107 VUs  5m34.0s/7m0s  50.00 iters/s

running (5m35.0s), 001/107 VUs, 16742 complete and 0 interrupted iterations
a1     [  80% ] 001/107 VUs  5m35.0s/7m0s  50.00 iters/s

running (5m36.0s), 001/107 VUs, 16792 complete and 0 interrupted iterations
a1     [  80% ] 001/107 VUs  5m36.0s/7m0s  50.00 iters/s

running (5m37.0s), 001/107 VUs, 16842 complete and 0 interrupted iterations
a1     [  80% ] 001/107 VUs  5m37.0s/7m0s  50.00 iters/s

running (5m38.0s), 001/107 VUs, 16892 complete and 0 interrupted iterations
a1     [  80% ] 001/107 VUs  5m38.0s/7m0s  50.00 iters/s

running (5m39.0s), 001/107 VUs, 16942 complete and 0 interrupted iterations
a1     [  81% ] 001/107 VUs  5m39.0s/7m0s  50.00 iters/s

running (5m40.0s), 001/107 VUs, 16992 complete and 0 interrupted iterations
a1     [  81% ] 001/107 VUs  5m40.0s/7m0s  50.00 iters/s

running (5m41.0s), 001/107 VUs, 17042 complete and 0 interrupted iterations
a1     [  81% ] 001/107 VUs  5m41.0s/7m0s  50.00 iters/s

running (5m42.0s), 001/107 VUs, 17092 complete and 0 interrupted iterations
a1     [  81% ] 001/107 VUs  5m42.0s/7m0s  50.00 iters/s

running (5m43.0s), 001/107 VUs, 17142 complete and 0 interrupted iterations
a1     [  82% ] 001/107 VUs  5m43.0s/7m0s  50.00 iters/s

running (5m44.0s), 001/107 VUs, 17192 complete and 0 interrupted iterations
a1     [  82% ] 001/107 VUs  5m44.0s/7m0s  50.00 iters/s

running (5m45.0s), 001/107 VUs, 17242 complete and 0 interrupted iterations
a1     [  82% ] 001/107 VUs  5m45.0s/7m0s  50.00 iters/s

running (5m46.0s), 001/107 VUs, 17292 complete and 0 interrupted iterations
a1     [  82% ] 001/107 VUs  5m46.0s/7m0s  50.00 iters/s

running (5m47.0s), 001/107 VUs, 17342 complete and 0 interrupted iterations
a1     [  83% ] 001/107 VUs  5m47.0s/7m0s  50.00 iters/s

running (5m48.0s), 001/107 VUs, 17392 complete and 0 interrupted iterations
a1     [  83% ] 001/107 VUs  5m48.0s/7m0s  50.00 iters/s

running (5m49.0s), 001/107 VUs, 17442 complete and 0 interrupted iterations
a1     [  83% ] 001/107 VUs  5m49.0s/7m0s  50.00 iters/s

running (5m50.0s), 001/107 VUs, 17492 complete and 0 interrupted iterations
a1     [  83% ] 001/107 VUs  5m50.0s/7m0s  50.00 iters/s

running (5m51.0s), 001/107 VUs, 17542 complete and 0 interrupted iterations
a1     [  84% ] 001/107 VUs  5m51.0s/7m0s  50.00 iters/s

running (5m52.0s), 001/107 VUs, 17592 complete and 0 interrupted iterations
a1     [  84% ] 001/107 VUs  5m52.0s/7m0s  50.00 iters/s

running (5m53.0s), 001/107 VUs, 17642 complete and 0 interrupted iterations
a1     [  84% ] 001/107 VUs  5m53.0s/7m0s  50.00 iters/s

running (5m54.0s), 001/107 VUs, 17692 complete and 0 interrupted iterations
a1     [  84% ] 001/107 VUs  5m54.0s/7m0s  50.00 iters/s

running (5m55.0s), 001/107 VUs, 17742 complete and 0 interrupted iterations
a1     [  85% ] 001/107 VUs  5m55.0s/7m0s  50.00 iters/s

running (5m56.0s), 001/107 VUs, 17792 complete and 0 interrupted iterations
a1     [  85% ] 001/107 VUs  5m56.0s/7m0s  50.00 iters/s

running (5m57.0s), 001/107 VUs, 17842 complete and 0 interrupted iterations
a1     [  85% ] 001/107 VUs  5m57.0s/7m0s  50.00 iters/s

running (5m58.0s), 001/107 VUs, 17892 complete and 0 interrupted iterations
a1     [  85% ] 001/107 VUs  5m58.0s/7m0s  50.00 iters/s

running (5m59.0s), 001/107 VUs, 17942 complete and 0 interrupted iterations
a1     [  85% ] 001/107 VUs  5m59.0s/7m0s  50.00 iters/s

running (6m00.0s), 001/107 VUs, 17992 complete and 0 interrupted iterations
a1     [  86% ] 001/107 VUs  6m00.0s/7m0s  50.00 iters/s

running (6m01.0s), 001/107 VUs, 18042 complete and 0 interrupted iterations
a1     [  86% ] 001/107 VUs  6m01.0s/7m0s  50.00 iters/s

running (6m02.0s), 001/107 VUs, 18092 complete and 0 interrupted iterations
a1     [  86% ] 001/107 VUs  6m02.0s/7m0s  50.00 iters/s

running (6m03.0s), 001/107 VUs, 18142 complete and 0 interrupted iterations
a1     [  86% ] 001/107 VUs  6m03.0s/7m0s  50.00 iters/s

running (6m04.0s), 001/107 VUs, 18192 complete and 0 interrupted iterations
a1     [  87% ] 001/107 VUs  6m04.0s/7m0s  50.00 iters/s

running (6m05.0s), 001/107 VUs, 18242 complete and 0 interrupted iterations
a1     [  87% ] 001/107 VUs  6m05.0s/7m0s  50.00 iters/s

running (6m06.0s), 001/107 VUs, 18292 complete and 0 interrupted iterations
a1     [  87% ] 001/107 VUs  6m06.0s/7m0s  50.00 iters/s

running (6m07.0s), 001/107 VUs, 18342 complete and 0 interrupted iterations
a1     [  87% ] 001/107 VUs  6m07.0s/7m0s  50.00 iters/s

running (6m08.0s), 002/107 VUs, 18391 complete and 0 interrupted iterations
a1     [  88% ] 002/107 VUs  6m08.0s/7m0s  50.00 iters/s

running (6m09.0s), 001/107 VUs, 18442 complete and 0 interrupted iterations
a1     [  88% ] 001/107 VUs  6m09.0s/7m0s  50.00 iters/s

running (6m10.0s), 001/107 VUs, 18492 complete and 0 interrupted iterations
a1     [  88% ] 001/107 VUs  6m10.0s/7m0s  50.00 iters/s

running (6m11.0s), 001/107 VUs, 18542 complete and 0 interrupted iterations
a1     [  88% ] 001/107 VUs  6m11.0s/7m0s  50.00 iters/s

running (6m12.0s), 001/107 VUs, 18592 complete and 0 interrupted iterations
a1     [  89% ] 001/107 VUs  6m12.0s/7m0s  50.00 iters/s

running (6m13.0s), 001/107 VUs, 18642 complete and 0 interrupted iterations
a1     [  89% ] 001/107 VUs  6m13.0s/7m0s  50.00 iters/s

running (6m14.0s), 001/107 VUs, 18692 complete and 0 interrupted iterations
a1     [  89% ] 001/107 VUs  6m14.0s/7m0s  50.00 iters/s

running (6m15.0s), 001/107 VUs, 18742 complete and 0 interrupted iterations
a1     [  89% ] 001/107 VUs  6m15.0s/7m0s  50.00 iters/s

running (6m16.0s), 001/107 VUs, 18792 complete and 0 interrupted iterations
a1     [  90% ] 001/107 VUs  6m16.0s/7m0s  50.00 iters/s

running (6m17.0s), 001/107 VUs, 18842 complete and 0 interrupted iterations
a1     [  90% ] 001/107 VUs  6m17.0s/7m0s  50.00 iters/s

running (6m18.0s), 001/107 VUs, 18892 complete and 0 interrupted iterations
a1     [  90% ] 001/107 VUs  6m18.0s/7m0s  50.00 iters/s

running (6m19.0s), 001/107 VUs, 18942 complete and 0 interrupted iterations
a1     [  90% ] 001/107 VUs  6m19.0s/7m0s  50.00 iters/s

running (6m20.0s), 001/107 VUs, 18992 complete and 0 interrupted iterations
a1     [  90% ] 001/107 VUs  6m20.0s/7m0s  50.00 iters/s

running (6m21.0s), 002/107 VUs, 19041 complete and 0 interrupted iterations
a1     [  91% ] 002/107 VUs  6m21.0s/7m0s  50.00 iters/s

running (6m22.0s), 001/107 VUs, 19092 complete and 0 interrupted iterations
a1     [  91% ] 001/107 VUs  6m22.0s/7m0s  50.00 iters/s

running (6m23.0s), 001/107 VUs, 19142 complete and 0 interrupted iterations
a1     [  91% ] 001/107 VUs  6m23.0s/7m0s  50.00 iters/s

running (6m24.0s), 002/107 VUs, 19191 complete and 0 interrupted iterations
a1     [  91% ] 002/107 VUs  6m24.0s/7m0s  50.00 iters/s

running (6m25.0s), 001/107 VUs, 19242 complete and 0 interrupted iterations
a1     [  92% ] 001/107 VUs  6m25.0s/7m0s  50.00 iters/s

running (6m26.0s), 001/107 VUs, 19292 complete and 0 interrupted iterations
a1     [  92% ] 001/107 VUs  6m26.0s/7m0s  50.00 iters/s

running (6m27.0s), 001/107 VUs, 19342 complete and 0 interrupted iterations
a1     [  92% ] 001/107 VUs  6m27.0s/7m0s  50.00 iters/s

running (6m28.0s), 001/107 VUs, 19392 complete and 0 interrupted iterations
a1     [  92% ] 001/107 VUs  6m28.0s/7m0s  50.00 iters/s

running (6m29.0s), 001/107 VUs, 19442 complete and 0 interrupted iterations
a1     [  93% ] 001/107 VUs  6m29.0s/7m0s  50.00 iters/s

running (6m30.0s), 001/107 VUs, 19492 complete and 0 interrupted iterations
a1     [  93% ] 001/107 VUs  6m30.0s/7m0s  50.00 iters/s

running (6m31.0s), 001/107 VUs, 19542 complete and 0 interrupted iterations
a1     [  93% ] 001/107 VUs  6m31.0s/7m0s  50.00 iters/s

running (6m32.0s), 001/107 VUs, 19592 complete and 0 interrupted iterations
a1     [  93% ] 001/107 VUs  6m32.0s/7m0s  50.00 iters/s

running (6m33.0s), 001/107 VUs, 19642 complete and 0 interrupted iterations
a1     [  94% ] 001/107 VUs  6m33.0s/7m0s  50.00 iters/s

running (6m34.0s), 001/107 VUs, 19692 complete and 0 interrupted iterations
a1     [  94% ] 001/107 VUs  6m34.0s/7m0s  50.00 iters/s

running (6m35.0s), 001/107 VUs, 19742 complete and 0 interrupted iterations
a1     [  94% ] 001/107 VUs  6m35.0s/7m0s  50.00 iters/s

running (6m36.0s), 001/107 VUs, 19792 complete and 0 interrupted iterations
a1     [  94% ] 001/107 VUs  6m36.0s/7m0s  50.00 iters/s

running (6m37.0s), 001/107 VUs, 19842 complete and 0 interrupted iterations
a1     [  95% ] 001/107 VUs  6m37.0s/7m0s  50.00 iters/s

running (6m38.0s), 001/107 VUs, 19892 complete and 0 interrupted iterations
a1     [  95% ] 001/107 VUs  6m38.0s/7m0s  50.00 iters/s

running (6m39.0s), 001/107 VUs, 19942 complete and 0 interrupted iterations
a1     [  95% ] 001/107 VUs  6m39.0s/7m0s  50.00 iters/s

running (6m40.0s), 001/107 VUs, 19992 complete and 0 interrupted iterations
a1     [  95% ] 001/107 VUs  6m40.0s/7m0s  50.00 iters/s

running (6m41.0s), 002/107 VUs, 20041 complete and 0 interrupted iterations
a1     [  95% ] 002/107 VUs  6m41.0s/7m0s  50.00 iters/s

running (6m42.0s), 001/107 VUs, 20092 complete and 0 interrupted iterations
a1     [  96% ] 001/107 VUs  6m42.0s/7m0s  50.00 iters/s

running (6m43.0s), 005/107 VUs, 20138 complete and 0 interrupted iterations
a1     [  96% ] 005/107 VUs  6m43.0s/7m0s  50.00 iters/s

running (6m44.0s), 001/107 VUs, 20192 complete and 0 interrupted iterations
a1     [  96% ] 001/107 VUs  6m44.0s/7m0s  50.00 iters/s

running (6m45.0s), 001/107 VUs, 20242 complete and 0 interrupted iterations
a1     [  96% ] 001/107 VUs  6m45.0s/7m0s  50.00 iters/s

running (6m46.0s), 001/107 VUs, 20292 complete and 0 interrupted iterations
a1     [  97% ] 001/107 VUs  6m46.0s/7m0s  50.00 iters/s

running (6m47.0s), 001/107 VUs, 20342 complete and 0 interrupted iterations
a1     [  97% ] 001/107 VUs  6m47.0s/7m0s  50.00 iters/s

running (6m48.0s), 001/107 VUs, 20392 complete and 0 interrupted iterations
a1     [  97% ] 001/107 VUs  6m48.0s/7m0s  50.00 iters/s

running (6m49.0s), 001/107 VUs, 20442 complete and 0 interrupted iterations
a1     [  97% ] 001/107 VUs  6m49.0s/7m0s  50.00 iters/s

running (6m50.0s), 001/107 VUs, 20492 complete and 0 interrupted iterations
a1     [  98% ] 001/107 VUs  6m50.0s/7m0s  50.00 iters/s

running (6m51.0s), 001/107 VUs, 20542 complete and 0 interrupted iterations
a1     [  98% ] 001/107 VUs  6m51.0s/7m0s  50.00 iters/s

running (6m52.0s), 001/107 VUs, 20592 complete and 0 interrupted iterations
a1     [  98% ] 001/107 VUs  6m52.0s/7m0s  50.00 iters/s

running (6m53.0s), 001/107 VUs, 20642 complete and 0 interrupted iterations
a1     [  98% ] 001/107 VUs  6m53.0s/7m0s  50.00 iters/s

running (6m54.0s), 001/107 VUs, 20692 complete and 0 interrupted iterations
a1     [  99% ] 001/107 VUs  6m54.0s/7m0s  50.00 iters/s

running (6m55.0s), 001/107 VUs, 20742 complete and 0 interrupted iterations
a1     [  99% ] 001/107 VUs  6m55.0s/7m0s  50.00 iters/s

running (6m56.0s), 001/107 VUs, 20792 complete and 0 interrupted iterations
a1     [  99% ] 001/107 VUs  6m56.0s/7m0s  50.00 iters/s

running (6m57.0s), 001/107 VUs, 20842 complete and 0 interrupted iterations
a1     [  99% ] 001/107 VUs  6m57.0s/7m0s  50.00 iters/s

running (6m58.0s), 001/107 VUs, 20892 complete and 0 interrupted iterations
a1     [ 100% ] 001/107 VUs  6m58.0s/7m0s  50.00 iters/s

running (6m59.0s), 001/107 VUs, 20942 complete and 0 interrupted iterations
a1     [ 100% ] 001/107 VUs  6m59.0s/7m0s  50.00 iters/s

running (7m00.0s), 001/107 VUs, 20992 complete and 0 interrupted iterations
a1     [ 100% ] 001/107 VUs  7m00.0s/7m0s  50.00 iters/s


  █ THRESHOLDS 

    http_req_failed
    ✓ 'rate<0.05' rate=0.00%


  █ TOTAL RESULTS 

    checks_total.......: 62982   149.949934/s
    checks_succeeded...: 100.00% 62982 out of 62982
    checks_failed......: 0.00%   0 out of 62982

    ✓ initiated
    ✓ validated
    ✓ terminal

    CUSTOM
    a1_lifecycle_duration..........: avg=27.24ms min=9ms    med=16ms    p(95)=33ms    p(99)=212ms    max=2.53s
    a1_lifecycles_completed........: 20994 49.983311/s
    a1_transitions_committed.......: 62982 149.949934/s

    HTTP
    http_req_duration..............: avg=8.93ms  min=2.48ms med=5.04ms  p(95)=12.14ms p(99)=69.34ms  max=1.48s
      { expected_response:true }...: avg=8.93ms  min=2.48ms med=5.04ms  p(95)=12.14ms p(99)=69.34ms  max=1.48s
    http_req_failed................: 0.00% 0 out of 62982
    http_reqs......................: 62982 149.949934/s

    EXECUTION
    dropped_iterations.............: 7     0.016666/s
    iteration_duration.............: avg=27.33ms min=8.96ms med=15.96ms p(95)=33.31ms p(99)=211.82ms max=2.53s
    iterations.....................: 20994 49.983311/s
    vus............................: 1     min=1          max=100
    vus_max........................: 107   min=100        max=107

    NETWORK
    data_received..................: 24 MB 58 kB/s
    data_sent......................: 14 MB 33 kB/s




running (7m00.0s), 000/107 VUs, 20994 complete and 0 interrupted iterations
a1   ✓ [ 100% ] 000/107 VUs  7m0s  50.00 iters/s
