[19:02:03] === RUN HYBRID-P1-r2-F5R-20260909190203 ===
[19:02:03] mode=HYBRID profile=P1 rep=2 tps=50 duration=420s fault=F5R
[19:02:03] jar: target/master-thesis-observability-0.0.1-SNAPSHOT.jar
[19:02:03] arxiv redo tozalanmoqda
[19:02:03] workload tozalanmoqda (reference saqlanadi)
workload reset; reference data preserved
AQ backlog purged: 0 -> 0
[19:02:07] Kafka topigi qayta yaratilmoqda
[19:02:17] ilova ishga tushirilmoqda (mode=HYBRID)
[19:02:33] ilova tayyor (pid 1351929)
[19:02:33] Debezium konnektori ro'yxatdan o'tkazilmoqda (HYBRID, prefix=obsv_hybrid_p1_r2_f5r_20260909190203)
konnektor ro'yxatdan o'tkazilmoqda: a1-hybrid-obsv_hybrid_p1_r2_f5r_20260909190203 (prefix=obsv_hybrid_p1_r2_f5r_20260909190203)
konnektor RUNNING (2s)
streaming tasdiqlanmoqda (heartbeat topigi: __debezium-heartbeat.obsv_hybrid_p1_r2_f5r_20260909190203)
streaming tasdiqlandi (1 urinish)
[19:02:41] fault F5R 30s dan keyin yuboriladi
[19:02:41] k6 yuklamasi boshlandi
[fault 19:03:11] bitta ochiq tranzaksiyada 5000 satr, 240 soniya ushlab turiladi
[fault 19:03:11] F5R tugadi
PL/SQL procedure successfully completed.

[19:09:41] k6 iteratsiyalari: 20994
[19:09:41] pipeline bo'shashi kutilmoqda (maks 120s)
[19:10:03] pipeline bo'sh (15s, sink=77976 xabar)
[19:10:13] ground truth eksport qilinmoqda
[19:10:14] Kafka topigi eksport qilinmoqda
[19:10:26] tahlil
{
  "mode": "HYBRID",
  "profile": "P1",
  "rep": "2",
  "fault": "F5R",
  "ground_truth_transitions": 77976,
  "delivered_distinct": 77976,
  "delivered_total": 77976,
  "matched": 77976,
  "missing": 0,
  "phantom": 0,
  "malformed": 0,
  "loss_rate": 0.0,
  "loss_rate_ppm": 0.0,
  "duplicate_rate": 0.0,
  "ordering_violation_rate": 0.0,
  "txns_split_across_partitions": 0,
  "latency_ms_p50": 3664,
  "latency_ms_p95": 13108,
  "latency_ms_p99": 15614,
  "latency_ms_max": 16056,
  "latency_ms_mean": 4747.3,
  "latency_samples": 77976,
  "latency_negative_samples": 0,
  "loss_rate_upper_bound_95_ppm": 38.47
}
[19:10:28] ilova va konnektor to'xtatilmoqda
connector o'chirilmoqda: a1-hybrid-obsv_hybrid_p1_r2_f5r_20260909190203
[19:10:39] === TUGADI: results/HYBRID-P1-r2-F5R-20260909190203 ===
