
         /\      Grafana   /‾‾/  
    /\  /  \     |\  __   /  /   
   /  \/    \    | |/ /  /   ‾‾\ 
  /          \   |   (  |  (‾)  |
 / __________ \  |_|\_\  \_____/ 


     execution: local
        script: harness/k6/a1-workload.js
        output: -

     scenarios: (100.00%) 1 scenario, 600 max VUs, 3m30s max duration (incl. graceful stop):
              * a1: 50.00 iterations/s for 3m0s (maxVUs: 100-600, gracefulStop: 30s)


running (0m00.9s), 001/100 VUs, 46 complete and 0 interrupted iterations
a1     [   1% ] 001/100 VUs  0m00.9s/3m0s  50.00 iters/s

running (0m01.9s), 001/100 VUs, 96 complete and 0 interrupted iterations
a1     [   1% ] 001/100 VUs  0m01.9s/3m0s  50.00 iters/s

running (0m02.9s), 001/100 VUs, 146 complete and 0 interrupted iterations
a1     [   2% ] 001/100 VUs  0m02.9s/3m0s  50.00 iters/s

running (0m03.9s), 001/100 VUs, 196 complete and 0 interrupted iterations
a1     [   2% ] 001/100 VUs  0m03.9s/3m0s  50.00 iters/s

running (0m04.9s), 001/100 VUs, 246 complete and 0 interrupted iterations
a1     [   3% ] 001/100 VUs  0m04.9s/3m0s  50.00 iters/s

running (0m05.9s), 001/100 VUs, 296 complete and 0 interrupted iterations
a1     [   3% ] 001/100 VUs  0m05.9s/3m0s  50.00 iters/s

running (0m06.9s), 000/100 VUs, 347 complete and 0 interrupted iterations
a1     [   4% ] 000/100 VUs  0m06.9s/3m0s  50.00 iters/s

running (0m07.9s), 000/100 VUs, 397 complete and 0 interrupted iterations
a1     [   4% ] 000/100 VUs  0m07.9s/3m0s  50.00 iters/s

running (0m08.9s), 001/100 VUs, 446 complete and 0 interrupted iterations
a1     [   5% ] 001/100 VUs  0m08.9s/3m0s  50.00 iters/s

running (0m09.9s), 000/100 VUs, 497 complete and 0 interrupted iterations
a1     [   6% ] 000/100 VUs  0m09.9s/3m0s  50.00 iters/s

running (0m10.9s), 000/100 VUs, 547 complete and 0 interrupted iterations
a1     [   6% ] 000/100 VUs  0m10.9s/3m0s  50.00 iters/s

running (0m11.9s), 000/100 VUs, 597 complete and 0 interrupted iterations
a1     [   7% ] 000/100 VUs  0m11.9s/3m0s  50.00 iters/s

running (0m12.9s), 000/100 VUs, 647 complete and 0 interrupted iterations
a1     [   7% ] 000/100 VUs  0m12.9s/3m0s  50.00 iters/s

running (0m13.9s), 001/100 VUs, 696 complete and 0 interrupted iterations
a1     [   8% ] 001/100 VUs  0m13.9s/3m0s  50.00 iters/s

running (0m14.9s), 001/100 VUs, 746 complete and 0 interrupted iterations
a1     [   8% ] 001/100 VUs  0m14.9s/3m0s  50.00 iters/s

running (0m15.9s), 001/100 VUs, 796 complete and 0 interrupted iterations
a1     [   9% ] 001/100 VUs  0m15.9s/3m0s  50.00 iters/s

running (0m16.9s), 001/100 VUs, 846 complete and 0 interrupted iterations
a1     [   9% ] 001/100 VUs  0m16.9s/3m0s  50.00 iters/s

running (0m17.9s), 001/100 VUs, 896 complete and 0 interrupted iterations
a1     [  10% ] 001/100 VUs  0m17.9s/3m0s  50.00 iters/s

running (0m18.9s), 000/100 VUs, 947 complete and 0 interrupted iterations
a1     [  11% ] 000/100 VUs  0m18.9s/3m0s  50.00 iters/s

running (0m19.9s), 001/100 VUs, 996 complete and 0 interrupted iterations
a1     [  11% ] 001/100 VUs  0m19.9s/3m0s  50.00 iters/s

running (0m20.9s), 001/100 VUs, 1046 complete and 0 interrupted iterations
a1     [  12% ] 001/100 VUs  0m20.9s/3m0s  50.00 iters/s

running (0m21.9s), 001/100 VUs, 1096 complete and 0 interrupted iterations
a1     [  12% ] 001/100 VUs  0m21.9s/3m0s  50.00 iters/s

running (0m22.9s), 000/100 VUs, 1147 complete and 0 interrupted iterations
a1     [  13% ] 000/100 VUs  0m22.9s/3m0s  50.00 iters/s

running (0m23.9s), 000/100 VUs, 1197 complete and 0 interrupted iterations
a1     [  13% ] 000/100 VUs  0m23.9s/3m0s  50.00 iters/s

running (0m24.9s), 001/100 VUs, 1246 complete and 0 interrupted iterations
a1     [  14% ] 001/100 VUs  0m24.9s/3m0s  50.00 iters/s

running (0m25.9s), 001/100 VUs, 1296 complete and 0 interrupted iterations
a1     [  14% ] 001/100 VUs  0m25.9s/3m0s  50.00 iters/s

running (0m26.9s), 001/100 VUs, 1346 complete and 0 interrupted iterations
a1     [  15% ] 001/100 VUs  0m26.9s/3m0s  50.00 iters/s

running (0m30.9s), 001/100 VUs, 1396 complete and 0 interrupted iterations
a1     [  16% ] 001/100 VUs  0m27.9s/3m0s  50.00 iters/s

running (0m31.9s), 000/100 VUs, 1447 complete and 0 interrupted iterations
a1     [  16% ] 000/100 VUs  0m28.9s/3m0s  50.00 iters/s

running (0m32.9s), 000/100 VUs, 1497 complete and 0 interrupted iterations
a1     [  17% ] 000/100 VUs  0m29.9s/3m0s  50.00 iters/s

running (0m33.9s), 000/100 VUs, 1547 complete and 0 interrupted iterations
a1     [  17% ] 000/100 VUs  0m30.9s/3m0s  50.00 iters/s

running (0m34.9s), 001/100 VUs, 1596 complete and 0 interrupted iterations
a1     [  18% ] 001/100 VUs  0m31.9s/3m0s  50.00 iters/s

running (0m35.9s), 000/100 VUs, 1647 complete and 0 interrupted iterations
a1     [  18% ] 000/100 VUs  0m32.9s/3m0s  50.00 iters/s

running (0m36.9s), 001/100 VUs, 1696 complete and 0 interrupted iterations
a1     [  19% ] 001/100 VUs  0m33.9s/3m0s  50.00 iters/s

running (0m37.9s), 001/100 VUs, 1746 complete and 0 interrupted iterations
a1     [  19% ] 001/100 VUs  0m34.9s/3m0s  50.00 iters/s

running (0m38.9s), 001/100 VUs, 1796 complete and 0 interrupted iterations
a1     [  20% ] 001/100 VUs  0m35.9s/3m0s  50.00 iters/s

running (0m39.9s), 000/100 VUs, 1847 complete and 0 interrupted iterations
a1     [  21% ] 000/100 VUs  0m36.9s/3m0s  50.00 iters/s

running (0m40.9s), 000/100 VUs, 1897 complete and 0 interrupted iterations
a1     [  21% ] 000/100 VUs  0m37.9s/3m0s  50.00 iters/s

running (0m41.9s), 000/100 VUs, 1947 complete and 0 interrupted iterations
a1     [  22% ] 000/100 VUs  0m38.9s/3m0s  50.00 iters/s

running (0m42.9s), 001/100 VUs, 1996 complete and 0 interrupted iterations
a1     [  22% ] 001/100 VUs  0m39.9s/3m0s  50.00 iters/s

running (0m43.9s), 000/100 VUs, 2047 complete and 0 interrupted iterations
a1     [  23% ] 000/100 VUs  0m40.9s/3m0s  50.00 iters/s

running (0m44.9s), 000/100 VUs, 2097 complete and 0 interrupted iterations
a1     [  23% ] 000/100 VUs  0m41.9s/3m0s  50.00 iters/s

running (0m45.9s), 000/100 VUs, 2147 complete and 0 interrupted iterations
a1     [  24% ] 000/100 VUs  0m42.9s/3m0s  50.00 iters/s

running (0m46.9s), 001/100 VUs, 2196 complete and 0 interrupted iterations
a1     [  24% ] 001/100 VUs  0m43.9s/3m0s  50.00 iters/s

running (0m47.9s), 000/100 VUs, 2247 complete and 0 interrupted iterations
a1     [  25% ] 000/100 VUs  0m44.9s/3m0s  50.00 iters/s

running (0m48.9s), 000/100 VUs, 2297 complete and 0 interrupted iterations
a1     [  26% ] 000/100 VUs  0m45.9s/3m0s  50.00 iters/s

running (0m49.9s), 000/100 VUs, 2347 complete and 0 interrupted iterations
a1     [  26% ] 000/100 VUs  0m46.9s/3m0s  50.00 iters/s

running (0m50.9s), 001/100 VUs, 2396 complete and 0 interrupted iterations
a1     [  27% ] 001/100 VUs  0m47.9s/3m0s  50.00 iters/s

running (0m51.9s), 000/100 VUs, 2447 complete and 0 interrupted iterations
a1     [  27% ] 000/100 VUs  0m48.9s/3m0s  50.00 iters/s

running (0m52.9s), 001/100 VUs, 2496 complete and 0 interrupted iterations
a1     [  28% ] 001/100 VUs  0m49.9s/3m0s  50.00 iters/s

running (0m53.9s), 001/100 VUs, 2546 complete and 0 interrupted iterations
a1     [  28% ] 001/100 VUs  0m50.9s/3m0s  50.00 iters/s

running (0m54.9s), 000/100 VUs, 2597 complete and 0 interrupted iterations
a1     [  29% ] 000/100 VUs  0m51.9s/3m0s  50.00 iters/s

running (0m55.9s), 000/100 VUs, 2647 complete and 0 interrupted iterations
a1     [  29% ] 000/100 VUs  0m52.9s/3m0s  50.00 iters/s

running (0m56.9s), 001/100 VUs, 2696 complete and 0 interrupted iterations
a1     [  30% ] 001/100 VUs  0m53.9s/3m0s  50.00 iters/s

running (0m57.9s), 000/100 VUs, 2747 complete and 0 interrupted iterations
a1     [  31% ] 000/100 VUs  0m54.9s/3m0s  50.00 iters/s

running (0m58.9s), 000/100 VUs, 2797 complete and 0 interrupted iterations
a1     [  31% ] 000/100 VUs  0m55.9s/3m0s  50.00 iters/s

running (0m59.9s), 000/100 VUs, 2847 complete and 0 interrupted iterations
a1     [  32% ] 000/100 VUs  0m56.9s/3m0s  50.00 iters/s

running (1m00.9s), 000/100 VUs, 2897 complete and 0 interrupted iterations
a1     [  32% ] 000/100 VUs  0m57.9s/3m0s  50.00 iters/s

running (1m01.9s), 000/100 VUs, 2947 complete and 0 interrupted iterations
a1     [  33% ] 000/100 VUs  0m58.9s/3m0s  50.00 iters/s

running (1m02.9s), 000/100 VUs, 2997 complete and 0 interrupted iterations
a1     [  33% ] 000/100 VUs  0m59.9s/3m0s  50.00 iters/s

running (1m06.8s), 004/100 VUs, 3043 complete and 0 interrupted iterations
a1     [  34% ] 004/100 VUs  1m00.9s/3m0s  50.00 iters/s

running (1m07.8s), 001/100 VUs, 3096 complete and 0 interrupted iterations
a1     [  34% ] 001/100 VUs  1m01.9s/3m0s  50.00 iters/s

running (1m08.8s), 004/100 VUs, 3143 complete and 0 interrupted iterations
a1     [  35% ] 004/100 VUs  1m02.9s/3m0s  50.00 iters/s

running (1m09.8s), 000/100 VUs, 3197 complete and 0 interrupted iterations
a1     [  36% ] 000/100 VUs  1m03.9s/3m0s  50.00 iters/s

running (1m10.8s), 001/100 VUs, 3246 complete and 0 interrupted iterations
a1     [  36% ] 001/100 VUs  1m04.9s/3m0s  50.00 iters/s

running (1m11.8s), 001/100 VUs, 3296 complete and 0 interrupted iterations
a1     [  37% ] 001/100 VUs  1m05.9s/3m0s  50.00 iters/s

running (1m12.8s), 000/100 VUs, 3347 complete and 0 interrupted iterations
a1     [  37% ] 000/100 VUs  1m06.9s/3m0s  50.00 iters/s

running (1m13.8s), 000/100 VUs, 3397 complete and 0 interrupted iterations
a1     [  38% ] 000/100 VUs  1m07.9s/3m0s  50.00 iters/s

running (1m14.8s), 000/100 VUs, 3447 complete and 0 interrupted iterations
a1     [  38% ] 000/100 VUs  1m08.9s/3m0s  50.00 iters/s

running (1m15.8s), 002/100 VUs, 3495 complete and 0 interrupted iterations
a1     [  39% ] 002/100 VUs  1m09.9s/3m0s  50.00 iters/s

running (1m16.8s), 000/100 VUs, 3547 complete and 0 interrupted iterations
a1     [  39% ] 000/100 VUs  1m10.9s/3m0s  50.00 iters/s

running (1m17.8s), 000/100 VUs, 3597 complete and 0 interrupted iterations
a1     [  40% ] 000/100 VUs  1m11.9s/3m0s  50.00 iters/s

running (1m18.8s), 000/100 VUs, 3647 complete and 0 interrupted iterations
a1     [  41% ] 000/100 VUs  1m12.9s/3m0s  50.00 iters/s

running (1m19.8s), 000/100 VUs, 3697 complete and 0 interrupted iterations
a1     [  41% ] 000/100 VUs  1m13.9s/3m0s  50.00 iters/s

running (1m20.8s), 000/100 VUs, 3747 complete and 0 interrupted iterations
a1     [  42% ] 000/100 VUs  1m14.9s/3m0s  50.00 iters/s

running (1m21.8s), 000/100 VUs, 3797 complete and 0 interrupted iterations
a1     [  42% ] 000/100 VUs  1m15.9s/3m0s  50.00 iters/s

running (1m22.8s), 001/100 VUs, 3846 complete and 0 interrupted iterations
a1     [  43% ] 001/100 VUs  1m16.9s/3m0s  50.00 iters/s

running (1m23.8s), 000/100 VUs, 3897 complete and 0 interrupted iterations
a1     [  43% ] 000/100 VUs  1m17.9s/3m0s  50.00 iters/s

running (1m24.8s), 000/100 VUs, 3947 complete and 0 interrupted iterations
a1     [  44% ] 000/100 VUs  1m18.9s/3m0s  50.00 iters/s

running (1m25.8s), 000/100 VUs, 3997 complete and 0 interrupted iterations
a1     [  44% ] 000/100 VUs  1m19.9s/3m0s  50.00 iters/s

running (1m26.8s), 000/100 VUs, 4047 complete and 0 interrupted iterations
a1     [  45% ] 000/100 VUs  1m20.9s/3m0s  50.00 iters/s

running (1m27.8s), 000/100 VUs, 4097 complete and 0 interrupted iterations
a1     [  46% ] 000/100 VUs  1m21.9s/3m0s  50.00 iters/s

running (1m28.8s), 000/100 VUs, 4147 complete and 0 interrupted iterations
a1     [  46% ] 000/100 VUs  1m22.9s/3m0s  50.00 iters/s

running (1m29.8s), 000/100 VUs, 4197 complete and 0 interrupted iterations
a1     [  47% ] 000/100 VUs  1m23.9s/3m0s  50.00 iters/s

running (1m30.8s), 001/100 VUs, 4246 complete and 0 interrupted iterations
a1     [  47% ] 001/100 VUs  1m24.9s/3m0s  50.00 iters/s

running (1m31.8s), 000/100 VUs, 4297 complete and 0 interrupted iterations
a1     [  48% ] 000/100 VUs  1m25.9s/3m0s  50.00 iters/s

running (1m32.8s), 000/100 VUs, 4347 complete and 0 interrupted iterations
a1     [  48% ] 000/100 VUs  1m26.9s/3m0s  50.00 iters/s

running (1m33.8s), 000/100 VUs, 4397 complete and 0 interrupted iterations
a1     [  49% ] 000/100 VUs  1m27.9s/3m0s  50.00 iters/s

running (1m34.8s), 001/100 VUs, 4446 complete and 0 interrupted iterations
a1     [  49% ] 001/100 VUs  1m28.9s/3m0s  50.00 iters/s

running (1m35.8s), 000/100 VUs, 4497 complete and 0 interrupted iterations
a1     [  50% ] 000/100 VUs  1m29.9s/3m0s  50.00 iters/s

running (1m36.8s), 000/100 VUs, 4547 complete and 0 interrupted iterations
a1     [  51% ] 000/100 VUs  1m30.9s/3m0s  50.00 iters/s

running (1m37.8s), 000/100 VUs, 4597 complete and 0 interrupted iterations
a1     [  51% ] 000/100 VUs  1m31.9s/3m0s  50.00 iters/s

running (1m41.7s), 000/100 VUs, 4647 complete and 0 interrupted iterations
a1     [  52% ] 000/100 VUs  1m32.9s/3m0s  50.00 iters/s

running (1m42.7s), 000/100 VUs, 4697 complete and 0 interrupted iterations
a1     [  52% ] 000/100 VUs  1m33.9s/3m0s  50.00 iters/s

running (1m43.7s), 000/100 VUs, 4747 complete and 0 interrupted iterations
a1     [  53% ] 000/100 VUs  1m34.9s/3m0s  50.00 iters/s

running (1m44.7s), 000/100 VUs, 4797 complete and 0 interrupted iterations
a1     [  53% ] 000/100 VUs  1m35.9s/3m0s  50.00 iters/s

running (1m45.7s), 000/100 VUs, 4847 complete and 0 interrupted iterations
a1     [  54% ] 000/100 VUs  1m36.9s/3m0s  50.00 iters/s

running (1m46.7s), 000/100 VUs, 4897 complete and 0 interrupted iterations
a1     [  54% ] 000/100 VUs  1m37.9s/3m0s  50.00 iters/s

running (1m47.7s), 000/100 VUs, 4947 complete and 0 interrupted iterations
a1     [  55% ] 000/100 VUs  1m38.9s/3m0s  50.00 iters/s

running (1m48.7s), 000/100 VUs, 4997 complete and 0 interrupted iterations
a1     [  56% ] 000/100 VUs  1m39.9s/3m0s  50.00 iters/s

running (1m49.7s), 000/100 VUs, 5047 complete and 0 interrupted iterations
a1     [  56% ] 000/100 VUs  1m40.9s/3m0s  50.00 iters/s

running (1m50.7s), 000/100 VUs, 5097 complete and 0 interrupted iterations
a1     [  57% ] 000/100 VUs  1m41.9s/3m0s  50.00 iters/s

running (1m51.7s), 000/100 VUs, 5147 complete and 0 interrupted iterations
a1     [  57% ] 000/100 VUs  1m42.9s/3m0s  50.00 iters/s

running (1m52.7s), 000/100 VUs, 5197 complete and 0 interrupted iterations
a1     [  58% ] 000/100 VUs  1m43.9s/3m0s  50.00 iters/s

running (1m53.7s), 000/100 VUs, 5247 complete and 0 interrupted iterations
a1     [  58% ] 000/100 VUs  1m44.9s/3m0s  50.00 iters/s

running (1m54.7s), 000/100 VUs, 5297 complete and 0 interrupted iterations
a1     [  59% ] 000/100 VUs  1m45.9s/3m0s  50.00 iters/s

running (1m55.7s), 000/100 VUs, 5347 complete and 0 interrupted iterations
a1     [  59% ] 000/100 VUs  1m46.9s/3m0s  50.00 iters/s

running (1m56.7s), 000/100 VUs, 5397 complete and 0 interrupted iterations
a1     [  60% ] 000/100 VUs  1m47.9s/3m0s  50.00 iters/s

running (1m57.7s), 000/100 VUs, 5447 complete and 0 interrupted iterations
a1     [  61% ] 000/100 VUs  1m48.9s/3m0s  50.00 iters/s

running (1m58.7s), 000/100 VUs, 5497 complete and 0 interrupted iterations
a1     [  61% ] 000/100 VUs  1m49.9s/3m0s  50.00 iters/s

running (1m59.7s), 000/100 VUs, 5547 complete and 0 interrupted iterations
a1     [  62% ] 000/100 VUs  1m50.9s/3m0s  50.00 iters/s
time="2026-09-04T18:40:14+05:00" level=warning msg="The test has generated metrics with 100047 unique time series, which is higher than the suggested limit of 100000 and could cause high memory usage. Consider not using high-cardinality values like unique IDs as metric tags or, if you need them in the URL, use the name metric tag or URL grouping. See https://grafana.com/docs/k6/latest/using-k6/tags-and-groups/ for details." component=metrics-engine-ingester

running (2m00.7s), 000/100 VUs, 5597 complete and 0 interrupted iterations
a1     [  62% ] 000/100 VUs  1m51.9s/3m0s  50.00 iters/s

running (2m01.7s), 000/100 VUs, 5647 complete and 0 interrupted iterations
a1     [  63% ] 000/100 VUs  1m52.9s/3m0s  50.00 iters/s

running (2m02.7s), 000/100 VUs, 5697 complete and 0 interrupted iterations
a1     [  63% ] 000/100 VUs  1m53.9s/3m0s  50.00 iters/s

running (2m03.7s), 000/100 VUs, 5747 complete and 0 interrupted iterations
a1     [  64% ] 000/100 VUs  1m54.9s/3m0s  50.00 iters/s

running (2m04.7s), 000/100 VUs, 5797 complete and 0 interrupted iterations
a1     [  64% ] 000/100 VUs  1m55.9s/3m0s  50.00 iters/s

running (2m05.7s), 000/100 VUs, 5847 complete and 0 interrupted iterations
a1     [  65% ] 000/100 VUs  1m56.9s/3m0s  50.00 iters/s

running (2m06.7s), 000/100 VUs, 5897 complete and 0 interrupted iterations
a1     [  66% ] 000/100 VUs  1m57.9s/3m0s  50.00 iters/s

running (2m07.7s), 000/100 VUs, 5947 complete and 0 interrupted iterations
a1     [  66% ] 000/100 VUs  1m58.9s/3m0s  50.00 iters/s

running (2m08.7s), 000/100 VUs, 5997 complete and 0 interrupted iterations
a1     [  67% ] 000/100 VUs  1m59.9s/3m0s  50.00 iters/s

running (2m09.7s), 000/100 VUs, 6047 complete and 0 interrupted iterations
a1     [  67% ] 000/100 VUs  2m00.9s/3m0s  50.00 iters/s

running (2m10.7s), 000/100 VUs, 6097 complete and 0 interrupted iterations
a1     [  68% ] 000/100 VUs  2m01.9s/3m0s  50.00 iters/s

running (2m11.7s), 000/100 VUs, 6147 complete and 0 interrupted iterations
a1     [  68% ] 000/100 VUs  2m02.9s/3m0s  50.00 iters/s

running (2m12.7s), 000/100 VUs, 6197 complete and 0 interrupted iterations
a1     [  69% ] 000/100 VUs  2m03.9s/3m0s  50.00 iters/s

running (2m16.7s), 000/100 VUs, 6247 complete and 0 interrupted iterations
a1     [  69% ] 000/100 VUs  2m04.9s/3m0s  50.00 iters/s

running (2m17.7s), 000/100 VUs, 6297 complete and 0 interrupted iterations
a1     [  70% ] 000/100 VUs  2m05.9s/3m0s  50.00 iters/s

running (2m18.7s), 000/100 VUs, 6347 complete and 0 interrupted iterations
a1     [  71% ] 000/100 VUs  2m06.9s/3m0s  50.00 iters/s

running (2m19.7s), 000/100 VUs, 6397 complete and 0 interrupted iterations
a1     [  71% ] 000/100 VUs  2m07.9s/3m0s  50.00 iters/s

running (2m20.7s), 000/100 VUs, 6447 complete and 0 interrupted iterations
a1     [  72% ] 000/100 VUs  2m08.9s/3m0s  50.00 iters/s

running (2m21.7s), 001/100 VUs, 6496 complete and 0 interrupted iterations
a1     [  72% ] 001/100 VUs  2m09.9s/3m0s  50.00 iters/s

running (2m22.7s), 000/100 VUs, 6547 complete and 0 interrupted iterations
a1     [  73% ] 000/100 VUs  2m10.9s/3m0s  50.00 iters/s

running (2m23.7s), 000/100 VUs, 6597 complete and 0 interrupted iterations
a1     [  73% ] 000/100 VUs  2m11.9s/3m0s  50.00 iters/s

running (2m24.7s), 000/100 VUs, 6647 complete and 0 interrupted iterations
a1     [  74% ] 000/100 VUs  2m12.9s/3m0s  50.00 iters/s

running (2m25.7s), 001/100 VUs, 6696 complete and 0 interrupted iterations
a1     [  74% ] 001/100 VUs  2m13.9s/3m0s  50.00 iters/s

running (2m26.7s), 000/100 VUs, 6747 complete and 0 interrupted iterations
a1     [  75% ] 000/100 VUs  2m14.9s/3m0s  50.00 iters/s

running (2m27.7s), 000/100 VUs, 6797 complete and 0 interrupted iterations
a1     [  76% ] 000/100 VUs  2m15.9s/3m0s  50.00 iters/s

running (2m28.7s), 000/100 VUs, 6847 complete and 0 interrupted iterations
a1     [  76% ] 000/100 VUs  2m16.9s/3m0s  50.00 iters/s

running (2m29.7s), 000/100 VUs, 6897 complete and 0 interrupted iterations
a1     [  77% ] 000/100 VUs  2m17.9s/3m0s  50.00 iters/s

running (2m30.7s), 000/100 VUs, 6947 complete and 0 interrupted iterations
a1     [  77% ] 000/100 VUs  2m18.9s/3m0s  50.00 iters/s

running (2m31.7s), 000/100 VUs, 6997 complete and 0 interrupted iterations
a1     [  78% ] 000/100 VUs  2m19.9s/3m0s  50.00 iters/s

running (2m32.7s), 001/100 VUs, 7046 complete and 0 interrupted iterations
a1     [  78% ] 001/100 VUs  2m20.9s/3m0s  50.00 iters/s

running (2m33.7s), 000/100 VUs, 7097 complete and 0 interrupted iterations
a1     [  79% ] 000/100 VUs  2m21.9s/3m0s  50.00 iters/s

running (2m34.7s), 000/100 VUs, 7147 complete and 0 interrupted iterations
a1     [  79% ] 000/100 VUs  2m22.9s/3m0s  50.00 iters/s

running (2m35.7s), 000/100 VUs, 7197 complete and 0 interrupted iterations
a1     [  80% ] 000/100 VUs  2m23.9s/3m0s  50.00 iters/s

running (2m36.7s), 000/100 VUs, 7247 complete and 0 interrupted iterations
a1     [  81% ] 000/100 VUs  2m24.9s/3m0s  50.00 iters/s

running (2m37.7s), 000/100 VUs, 7297 complete and 0 interrupted iterations
a1     [  81% ] 000/100 VUs  2m25.9s/3m0s  50.00 iters/s

running (2m38.7s), 000/100 VUs, 7347 complete and 0 interrupted iterations
a1     [  82% ] 000/100 VUs  2m26.9s/3m0s  50.00 iters/s

running (2m39.7s), 000/100 VUs, 7397 complete and 0 interrupted iterations
a1     [  82% ] 000/100 VUs  2m27.9s/3m0s  50.00 iters/s

running (2m40.7s), 000/100 VUs, 7447 complete and 0 interrupted iterations
a1     [  83% ] 000/100 VUs  2m28.9s/3m0s  50.00 iters/s

running (2m41.7s), 000/100 VUs, 7497 complete and 0 interrupted iterations
a1     [  83% ] 000/100 VUs  2m29.9s/3m0s  50.00 iters/s

running (2m42.7s), 000/100 VUs, 7547 complete and 0 interrupted iterations
a1     [  84% ] 000/100 VUs  2m30.9s/3m0s  50.00 iters/s

running (2m43.7s), 001/100 VUs, 7596 complete and 0 interrupted iterations
a1     [  84% ] 001/100 VUs  2m31.9s/3m0s  50.00 iters/s

running (2m44.7s), 000/100 VUs, 7647 complete and 0 interrupted iterations
a1     [  85% ] 000/100 VUs  2m32.9s/3m0s  50.00 iters/s

running (2m45.7s), 000/100 VUs, 7697 complete and 0 interrupted iterations
a1     [  86% ] 000/100 VUs  2m33.9s/3m0s  50.00 iters/s

running (2m46.7s), 000/100 VUs, 7747 complete and 0 interrupted iterations
a1     [  86% ] 000/100 VUs  2m34.9s/3m0s  50.00 iters/s

running (2m47.7s), 000/100 VUs, 7797 complete and 0 interrupted iterations
a1     [  87% ] 000/100 VUs  2m35.9s/3m0s  50.00 iters/s

running (2m51.6s), 000/100 VUs, 7847 complete and 0 interrupted iterations
a1     [  87% ] 000/100 VUs  2m36.9s/3m0s  50.00 iters/s

running (2m52.6s), 000/100 VUs, 7897 complete and 0 interrupted iterations
a1     [  88% ] 000/100 VUs  2m37.9s/3m0s  50.00 iters/s

running (2m53.6s), 000/100 VUs, 7947 complete and 0 interrupted iterations
a1     [  88% ] 000/100 VUs  2m38.9s/3m0s  50.00 iters/s

running (2m54.6s), 000/100 VUs, 7997 complete and 0 interrupted iterations
a1     [  89% ] 000/100 VUs  2m39.9s/3m0s  50.00 iters/s

running (2m55.6s), 000/100 VUs, 8047 complete and 0 interrupted iterations
a1     [  89% ] 000/100 VUs  2m40.9s/3m0s  50.00 iters/s

running (2m56.6s), 000/100 VUs, 8097 complete and 0 interrupted iterations
a1     [  90% ] 000/100 VUs  2m41.9s/3m0s  50.00 iters/s

running (2m57.6s), 000/100 VUs, 8147 complete and 0 interrupted iterations
a1     [  91% ] 000/100 VUs  2m42.9s/3m0s  50.00 iters/s

running (2m58.6s), 001/100 VUs, 8196 complete and 0 interrupted iterations
a1     [  91% ] 001/100 VUs  2m43.9s/3m0s  50.00 iters/s

running (2m59.6s), 000/100 VUs, 8247 complete and 0 interrupted iterations
a1     [  92% ] 000/100 VUs  2m44.9s/3m0s  50.00 iters/s

running (3m00.6s), 000/100 VUs, 8297 complete and 0 interrupted iterations
a1     [  92% ] 000/100 VUs  2m45.9s/3m0s  50.00 iters/s

running (3m01.6s), 000/100 VUs, 8347 complete and 0 interrupted iterations
a1     [  93% ] 000/100 VUs  2m46.9s/3m0s  50.00 iters/s

running (3m02.6s), 001/100 VUs, 8396 complete and 0 interrupted iterations
a1     [  93% ] 001/100 VUs  2m47.9s/3m0s  50.00 iters/s

running (3m03.6s), 000/100 VUs, 8447 complete and 0 interrupted iterations
a1     [  94% ] 000/100 VUs  2m48.9s/3m0s  50.00 iters/s

running (3m04.6s), 000/100 VUs, 8497 complete and 0 interrupted iterations
a1     [  94% ] 000/100 VUs  2m49.9s/3m0s  50.00 iters/s

running (3m05.6s), 000/100 VUs, 8547 complete and 0 interrupted iterations
a1     [  95% ] 000/100 VUs  2m50.9s/3m0s  50.00 iters/s

running (3m06.6s), 000/100 VUs, 8597 complete and 0 interrupted iterations
a1     [  96% ] 000/100 VUs  2m51.9s/3m0s  50.00 iters/s

running (3m07.6s), 000/100 VUs, 8647 complete and 0 interrupted iterations
a1     [  96% ] 000/100 VUs  2m52.9s/3m0s  50.00 iters/s

running (3m08.6s), 000/100 VUs, 8697 complete and 0 interrupted iterations
a1     [  97% ] 000/100 VUs  2m53.9s/3m0s  50.00 iters/s

running (3m09.6s), 000/100 VUs, 8747 complete and 0 interrupted iterations
a1     [  97% ] 000/100 VUs  2m54.9s/3m0s  50.00 iters/s

running (3m10.6s), 000/100 VUs, 8797 complete and 0 interrupted iterations
a1     [  98% ] 000/100 VUs  2m55.9s/3m0s  50.00 iters/s

running (3m11.6s), 000/100 VUs, 8847 complete and 0 interrupted iterations
a1     [  98% ] 000/100 VUs  2m56.9s/3m0s  50.00 iters/s

running (3m12.6s), 000/100 VUs, 8897 complete and 0 interrupted iterations
a1     [  99% ] 000/100 VUs  2m57.9s/3m0s  50.00 iters/s

running (3m13.6s), 000/100 VUs, 8947 complete and 0 interrupted iterations
a1     [  99% ] 000/100 VUs  2m58.9s/3m0s  50.00 iters/s

running (3m14.6s), 000/100 VUs, 8997 complete and 0 interrupted iterations
a1     [ 100% ] 000/100 VUs  2m59.9s/3m0s  50.00 iters/s


  █ THRESHOLDS 

    http_req_failed
    ✓ 'rate<0.05' rate=0.00%


  █ TOTAL RESULTS 

    checks_total.......: 27003   138.706498/s
    checks_succeeded...: 100.00% 27003 out of 27003
    checks_failed......: 0.00%   0 out of 27003

    ✓ initiated
    ✓ validated
    ✓ terminal

    CUSTOM
    a1_lifecycle_duration..........: avg=12.06ms min=5ms    med=9ms    p(95)=15ms    p(99)=48ms    max=2.94s   
    a1_lifecycles_completed........: 9001   46.235499/s
    a1_transitions_committed.......: 27003  138.706498/s

    HTTP
    http_req_duration..............: avg=3.9ms   min=1.35ms med=2.88ms p(95)=5.03ms  p(99)=10.14ms max=2.93s   
      { expected_response:true }...: avg=3.9ms   min=1.35ms med=2.88ms p(95)=5.03ms  p(99)=10.14ms max=2.93s   
    http_req_failed................: 0.00%  0 out of 27003
    http_reqs......................: 27003  138.706498/s

    EXECUTION
    iteration_duration.............: avg=11.48ms min=5.33ms med=9.01ms p(95)=15.36ms p(99)=45.55ms max=713.68ms
    iterations.....................: 9001   46.235499/s
    vus............................: 0      min=0          max=4  
    vus_max........................: 100    min=100        max=100

    NETWORK
    data_received..................: 10 MB  53 kB/s
    data_sent......................: 5.8 MB 30 kB/s




running (3m14.7s), 000/100 VUs, 9001 complete and 0 interrupted iterations
a1   ✓ [ 100% ] 000/100 VUs  3m0s  50.00 iters/s
