[13:35:42] === RUN CDC-C2N1OFF-r2-20260909133542 ===
[13:35:42] mode=CDC profile=C2N1OFF rep=2 tps=50 duration=180s fault=none
[13:35:42] jar: target/master-thesis-observability-0.0.1-SNAPSHOT.jar
[13:35:42] arxiv redo tozalanmoqda
[13:35:42] workload tozalanmoqda (reference saqlanadi)
workload reset; reference data preserved
AQ backlog purged: 0 -> 0
[13:35:43] Kafka topigi qayta yaratilmoqda
[13:35:52] ilova ishga tushirilmoqda (mode=CDC)
[13:36:07] ilova tayyor (pid 1105785)
[13:36:07] --no-connector: konnektorsiz ishlatilmoqda (C2 bazaviy sharti)
[13:36:10] k6 yuklamasi boshlandi
[13:39:11] k6 iteratsiyalari: 9001
[13:39:11] pipeline bo'shashi kutilmoqda (maks 120s)
[13:45:02] OGOHLANTIRISH: pipeline 120s ichida bo'shamadi (db_pending=0 sink=0) - LOSS raqamlari ishonchsiz
[13:45:12] ground truth eksport qilinmoqda
[13:45:13] Kafka topigi eksport qilinmoqda
[13:45:40] tahlil
{
  "mode": "CDC",
  "profile": "C2N1OFF",
  "rep": "2",
  "fault": "none",
  "ground_truth_transitions": 27003,
  "delivered_distinct": 0,
  "delivered_total": 0,
  "matched": 0,
  "missing": 27003,
  "phantom": 0,
  "malformed": 0,
  "loss_rate": 1.0,
  "loss_rate_ppm": 1000000.0,
  "duplicate_rate": 0.0,
  "ordering_violation_rate": 0.0,
  "txns_split_across_partitions": 0,
  "latency_ms_p50": null,
  "latency_ms_p95": null,
  "latency_ms_p99": null,
  "latency_ms_max": null,
  "latency_ms_mean": null,
  "latency_samples": 0,
  "latency_negative_samples": 0
}
[13:45:40] ilova va konnektor to'xtatilmoqda
[13:45:45] === TUGADI: results/CDC-C2N1OFF-r2-20260909133542 ===
