[17:11:43] === RUN WRAPPER_B1-P1-r3-F1-20260904171143 ===
[17:11:43] mode=WRAPPER_B1 profile=P1 rep=3 tps=50 duration=180s fault=F1
[17:11:43] jar: target/master-thesis-observability-0.0.1-SNAPSHOT.jar
[17:11:43] workload tozalanmoqda (reference saqlanadi)
workload reset; reference data preserved
AQ backlog purged: 0 -> 0
[17:11:47] Kafka topigi qayta yaratilmoqda
[17:11:56] ilova ishga tushirilmoqda (mode=WRAPPER_B1)
[17:12:09] ilova tayyor (pid 3532589)
[17:12:13] fault F1 60s dan keyin yuboriladi
[17:12:13] k6 yuklamasi boshlandi
[fault 17:13:19] SIGKILL ilovaga: 3532589
[fault 17:13:29] ilova qayta ishga tushirilmoqda (mode=results/WRAPPER_B3-P1-r91-20260903164920/run.log:WRAPPER_B3)
[fault 17:13:29] F1 tugadi
[17:15:31] k6 nolga teng bo'lmagan kod bilan tugadi (natija baribir tahlil qilinadi)
[17:15:31] pipeline bo'shashi kutilmoqda (maks 120s)
[17:15:41] pipeline bo'sh (4s, sink=8955 xabar)
[17:15:51] ground truth eksport qilinmoqda
[17:15:51] Kafka topigi eksport qilinmoqda
[17:16:43] tahlil
{
  "mode": "WRAPPER_B1",
  "profile": "P1",
  "rep": "3",
  "fault": "F1",
  "ground_truth_transitions": 8956,
  "delivered_distinct": 8955,
  "delivered_total": 8955,
  "matched": 8955,
  "missing": 1,
  "phantom": 0,
  "malformed": 0,
  "loss_rate": 0.00011166,
  "loss_rate_ppm": 111.66,
  "duplicate_rate": 0.0,
  "ordering_violation_rate": 0.0,
  "txns_split_across_partitions": 0,
  "latency_ms_p50": 0,
  "latency_ms_p95": 1,
  "latency_ms_p99": 1,
  "latency_ms_max": 818,
  "latency_ms_mean": 1.1,
  "latency_samples": 8955,
  "latency_negative_samples": 3205
}
[17:16:44] ilova va konnektor to'xtatilmoqda
[17:16:47] === TUGADI: results/WRAPPER_B1-P1-r3-F1-20260904171143 ===
