
         /\      Grafana   /‾‾/  
    /\  /  \     |\  __   /  /   
   /  \/    \    | |/ /  /   ‾‾\ 
  /          \   |   (  |  (‾)  |
 / __________ \  |_|\_\  \_____/ 


     execution: local
        script: harness/k6/a1-workload.js
        output: -

     scenarios: (100.00%) 1 scenario, 600 max VUs, 3m30s max duration (incl. graceful stop):
              * a1: 50.00 iterations/s for 3m0s (maxVUs: 100-600, gracefulStop: 30s)


running (0m01.0s), 048/100 VUs, 1 complete and 0 interrupted iterations
a1     [   1% ] 048/100 VUs  0m01.0s/3m0s  50.00 iters/s

running (0m02.0s), 001/100 VUs, 98 complete and 0 interrupted iterations
a1     [   1% ] 001/100 VUs  0m02.0s/3m0s  50.00 iters/s

running (0m03.0s), 004/100 VUs, 145 complete and 0 interrupted iterations
a1     [   2% ] 004/100 VUs  0m03.0s/3m0s  50.00 iters/s

running (0m04.0s), 007/100 VUs, 192 complete and 0 interrupted iterations
a1     [   2% ] 007/100 VUs  0m04.0s/3m0s  50.00 iters/s

running (0m05.0s), 007/100 VUs, 242 complete and 0 interrupted iterations
a1     [   3% ] 007/100 VUs  0m05.0s/3m0s  50.00 iters/s

running (0m06.0s), 007/100 VUs, 292 complete and 0 interrupted iterations
a1     [   3% ] 007/100 VUs  0m06.0s/3m0s  50.00 iters/s

running (0m07.0s), 000/100 VUs, 349 complete and 0 interrupted iterations
a1     [   4% ] 000/100 VUs  0m07.0s/3m0s  50.00 iters/s

running (0m08.0s), 001/100 VUs, 398 complete and 0 interrupted iterations
a1     [   4% ] 001/100 VUs  0m08.0s/3m0s  50.00 iters/s

running (0m09.0s), 000/100 VUs, 449 complete and 0 interrupted iterations
a1     [   5% ] 000/100 VUs  0m09.0s/3m0s  50.00 iters/s

running (0m10.0s), 005/100 VUs, 494 complete and 0 interrupted iterations
a1     [   6% ] 005/100 VUs  0m10.0s/3m0s  50.00 iters/s

running (0m11.0s), 006/100 VUs, 543 complete and 0 interrupted iterations
a1     [   6% ] 006/100 VUs  0m11.0s/3m0s  50.00 iters/s

running (0m12.0s), 006/100 VUs, 593 complete and 0 interrupted iterations
a1     [   7% ] 006/100 VUs  0m12.0s/3m0s  50.00 iters/s

running (0m13.0s), 006/100 VUs, 643 complete and 0 interrupted iterations
a1     [   7% ] 006/100 VUs  0m13.0s/3m0s  50.00 iters/s

running (0m14.0s), 006/100 VUs, 693 complete and 0 interrupted iterations
a1     [   8% ] 006/100 VUs  0m14.0s/3m0s  50.00 iters/s

running (0m15.0s), 006/100 VUs, 743 complete and 0 interrupted iterations
a1     [   8% ] 006/100 VUs  0m15.0s/3m0s  50.00 iters/s

running (0m16.0s), 006/100 VUs, 793 complete and 0 interrupted iterations
a1     [   9% ] 006/100 VUs  0m16.0s/3m0s  50.00 iters/s

running (0m17.0s), 006/100 VUs, 843 complete and 0 interrupted iterations
a1     [   9% ] 006/100 VUs  0m17.0s/3m0s  50.00 iters/s

running (0m18.0s), 006/100 VUs, 893 complete and 0 interrupted iterations
a1     [  10% ] 006/100 VUs  0m18.0s/3m0s  50.00 iters/s

running (0m19.0s), 006/100 VUs, 943 complete and 0 interrupted iterations
a1     [  11% ] 006/100 VUs  0m19.0s/3m0s  50.00 iters/s

running (0m20.0s), 006/100 VUs, 993 complete and 0 interrupted iterations
a1     [  11% ] 006/100 VUs  0m20.0s/3m0s  50.00 iters/s

running (0m21.0s), 007/100 VUs, 1042 complete and 0 interrupted iterations
a1     [  12% ] 007/100 VUs  0m21.0s/3m0s  50.00 iters/s

running (0m22.0s), 006/100 VUs, 1093 complete and 0 interrupted iterations
a1     [  12% ] 006/100 VUs  0m22.0s/3m0s  50.00 iters/s

running (0m23.0s), 007/100 VUs, 1142 complete and 0 interrupted iterations
a1     [  13% ] 007/100 VUs  0m23.0s/3m0s  50.00 iters/s

running (0m24.0s), 007/100 VUs, 1192 complete and 0 interrupted iterations
a1     [  13% ] 007/100 VUs  0m24.0s/3m0s  50.00 iters/s

running (0m25.0s), 007/100 VUs, 1242 complete and 0 interrupted iterations
a1     [  14% ] 007/100 VUs  0m25.0s/3m0s  50.00 iters/s

running (0m26.0s), 007/100 VUs, 1292 complete and 0 interrupted iterations
a1     [  14% ] 007/100 VUs  0m26.0s/3m0s  50.00 iters/s

running (0m27.0s), 007/100 VUs, 1342 complete and 0 interrupted iterations
a1     [  15% ] 007/100 VUs  0m27.0s/3m0s  50.00 iters/s

running (0m28.0s), 007/100 VUs, 1392 complete and 0 interrupted iterations
a1     [  16% ] 007/100 VUs  0m28.0s/3m0s  50.00 iters/s

running (0m29.0s), 000/100 VUs, 1449 complete and 0 interrupted iterations
a1     [  16% ] 000/100 VUs  0m29.0s/3m0s  50.00 iters/s

running (0m30.0s), 007/100 VUs, 1492 complete and 0 interrupted iterations
a1     [  17% ] 007/100 VUs  0m30.0s/3m0s  50.00 iters/s

running (0m31.0s), 007/100 VUs, 1542 complete and 0 interrupted iterations
a1     [  17% ] 007/100 VUs  0m31.0s/3m0s  50.00 iters/s

running (0m32.0s), 000/100 VUs, 1599 complete and 0 interrupted iterations
a1     [  18% ] 000/100 VUs  0m32.0s/3m0s  50.00 iters/s

running (0m33.0s), 007/100 VUs, 1642 complete and 0 interrupted iterations
a1     [  18% ] 007/100 VUs  0m33.0s/3m0s  50.00 iters/s

running (0m34.0s), 000/100 VUs, 1699 complete and 0 interrupted iterations
a1     [  19% ] 000/100 VUs  0m34.0s/3m0s  50.00 iters/s

running (0m35.0s), 000/100 VUs, 1749 complete and 0 interrupted iterations
a1     [  19% ] 000/100 VUs  0m35.0s/3m0s  50.00 iters/s

running (0m36.0s), 001/100 VUs, 1798 complete and 0 interrupted iterations
a1     [  20% ] 001/100 VUs  0m36.0s/3m0s  50.00 iters/s

running (0m37.0s), 006/100 VUs, 1843 complete and 0 interrupted iterations
a1     [  21% ] 006/100 VUs  0m37.0s/3m0s  50.00 iters/s

running (0m38.0s), 006/100 VUs, 1893 complete and 0 interrupted iterations
a1     [  21% ] 006/100 VUs  0m38.0s/3m0s  50.00 iters/s

running (0m39.0s), 009/100 VUs, 1940 complete and 0 interrupted iterations
a1     [  22% ] 009/100 VUs  0m39.0s/3m0s  50.00 iters/s

running (0m40.0s), 006/100 VUs, 1993 complete and 0 interrupted iterations
a1     [  22% ] 006/100 VUs  0m40.0s/3m0s  50.00 iters/s

running (0m41.0s), 006/100 VUs, 2043 complete and 0 interrupted iterations
a1     [  23% ] 006/100 VUs  0m41.0s/3m0s  50.00 iters/s

running (0m42.0s), 006/100 VUs, 2093 complete and 0 interrupted iterations
a1     [  23% ] 006/100 VUs  0m42.0s/3m0s  50.00 iters/s

running (0m43.0s), 005/100 VUs, 2144 complete and 0 interrupted iterations
a1     [  24% ] 005/100 VUs  0m43.0s/3m0s  50.00 iters/s

running (0m44.0s), 006/100 VUs, 2193 complete and 0 interrupted iterations
a1     [  24% ] 006/100 VUs  0m44.0s/3m0s  50.00 iters/s

running (0m45.0s), 006/100 VUs, 2243 complete and 0 interrupted iterations
a1     [  25% ] 006/100 VUs  0m45.0s/3m0s  50.00 iters/s

running (0m46.0s), 006/100 VUs, 2293 complete and 0 interrupted iterations
a1     [  26% ] 006/100 VUs  0m46.0s/3m0s  50.00 iters/s

running (0m47.0s), 006/100 VUs, 2343 complete and 0 interrupted iterations
a1     [  26% ] 006/100 VUs  0m47.0s/3m0s  50.00 iters/s

running (0m48.0s), 006/100 VUs, 2393 complete and 0 interrupted iterations
a1     [  27% ] 006/100 VUs  0m48.0s/3m0s  50.00 iters/s

running (0m49.0s), 007/100 VUs, 2442 complete and 0 interrupted iterations
a1     [  27% ] 007/100 VUs  0m49.0s/3m0s  50.00 iters/s

running (0m50.0s), 006/100 VUs, 2493 complete and 0 interrupted iterations
a1     [  28% ] 006/100 VUs  0m50.0s/3m0s  50.00 iters/s

running (0m51.0s), 006/100 VUs, 2543 complete and 0 interrupted iterations
a1     [  28% ] 006/100 VUs  0m51.0s/3m0s  50.00 iters/s

running (0m52.0s), 006/100 VUs, 2593 complete and 0 interrupted iterations
a1     [  29% ] 006/100 VUs  0m52.0s/3m0s  50.00 iters/s

running (0m53.0s), 006/100 VUs, 2643 complete and 0 interrupted iterations
a1     [  29% ] 006/100 VUs  0m53.0s/3m0s  50.00 iters/s

running (0m54.0s), 006/100 VUs, 2693 complete and 0 interrupted iterations
a1     [  30% ] 006/100 VUs  0m54.0s/3m0s  50.00 iters/s

running (0m55.0s), 006/100 VUs, 2743 complete and 0 interrupted iterations
a1     [  31% ] 006/100 VUs  0m55.0s/3m0s  50.00 iters/s

running (0m56.0s), 006/100 VUs, 2793 complete and 0 interrupted iterations
a1     [  31% ] 006/100 VUs  0m56.0s/3m0s  50.00 iters/s

running (0m57.0s), 006/100 VUs, 2843 complete and 0 interrupted iterations
a1     [  32% ] 006/100 VUs  0m57.0s/3m0s  50.00 iters/s

running (0m58.0s), 006/100 VUs, 2893 complete and 0 interrupted iterations
a1     [  32% ] 006/100 VUs  0m58.0s/3m0s  50.00 iters/s

running (0m59.0s), 006/100 VUs, 2943 complete and 0 interrupted iterations
a1     [  33% ] 006/100 VUs  0m59.0s/3m0s  50.00 iters/s

running (1m00.0s), 006/100 VUs, 2993 complete and 0 interrupted iterations
a1     [  33% ] 006/100 VUs  1m00.0s/3m0s  50.00 iters/s

running (1m01.0s), 006/100 VUs, 3043 complete and 0 interrupted iterations
a1     [  34% ] 006/100 VUs  1m01.0s/3m0s  50.00 iters/s

running (1m02.0s), 006/100 VUs, 3093 complete and 0 interrupted iterations
a1     [  34% ] 006/100 VUs  1m02.0s/3m0s  50.00 iters/s

running (1m03.0s), 007/100 VUs, 3142 complete and 0 interrupted iterations
a1     [  35% ] 007/100 VUs  1m03.0s/3m0s  50.00 iters/s

running (1m04.0s), 007/100 VUs, 3192 complete and 0 interrupted iterations
a1     [  36% ] 007/100 VUs  1m04.0s/3m0s  50.00 iters/s

running (1m05.0s), 006/100 VUs, 3243 complete and 0 interrupted iterations
a1     [  36% ] 006/100 VUs  1m05.0s/3m0s  50.00 iters/s

running (1m06.0s), 006/100 VUs, 3293 complete and 0 interrupted iterations
a1     [  37% ] 006/100 VUs  1m06.0s/3m0s  50.00 iters/s

running (1m07.0s), 006/100 VUs, 3343 complete and 0 interrupted iterations
a1     [  37% ] 006/100 VUs  1m07.0s/3m0s  50.00 iters/s

running (1m08.0s), 006/100 VUs, 3393 complete and 0 interrupted iterations
a1     [  38% ] 006/100 VUs  1m08.0s/3m0s  50.00 iters/s

running (1m09.0s), 006/100 VUs, 3443 complete and 0 interrupted iterations
a1     [  38% ] 006/100 VUs  1m09.0s/3m0s  50.00 iters/s

running (1m10.0s), 006/100 VUs, 3493 complete and 0 interrupted iterations
a1     [  39% ] 006/100 VUs  1m10.0s/3m0s  50.00 iters/s

running (1m11.0s), 006/100 VUs, 3543 complete and 0 interrupted iterations
a1     [  39% ] 006/100 VUs  1m11.0s/3m0s  50.00 iters/s

running (1m12.0s), 003/100 VUs, 3596 complete and 0 interrupted iterations
a1     [  40% ] 003/100 VUs  1m12.0s/3m0s  50.00 iters/s

running (1m13.0s), 006/100 VUs, 3643 complete and 0 interrupted iterations
a1     [  41% ] 006/100 VUs  1m13.0s/3m0s  50.00 iters/s

running (1m14.0s), 006/100 VUs, 3693 complete and 0 interrupted iterations
a1     [  41% ] 006/100 VUs  1m14.0s/3m0s  50.00 iters/s

running (1m15.0s), 006/100 VUs, 3743 complete and 0 interrupted iterations
a1     [  42% ] 006/100 VUs  1m15.0s/3m0s  50.00 iters/s

running (1m16.0s), 007/100 VUs, 3792 complete and 0 interrupted iterations
a1     [  42% ] 007/100 VUs  1m16.0s/3m0s  50.00 iters/s

running (1m17.0s), 006/100 VUs, 3843 complete and 0 interrupted iterations
a1     [  43% ] 006/100 VUs  1m17.0s/3m0s  50.00 iters/s

running (1m18.0s), 006/100 VUs, 3893 complete and 0 interrupted iterations
a1     [  43% ] 006/100 VUs  1m18.0s/3m0s  50.00 iters/s

running (1m19.0s), 006/100 VUs, 3943 complete and 0 interrupted iterations
a1     [  44% ] 006/100 VUs  1m19.0s/3m0s  50.00 iters/s

running (1m20.0s), 002/100 VUs, 3997 complete and 0 interrupted iterations
a1     [  44% ] 002/100 VUs  1m20.0s/3m0s  50.00 iters/s

running (1m21.0s), 006/100 VUs, 4043 complete and 0 interrupted iterations
a1     [  45% ] 006/100 VUs  1m21.0s/3m0s  50.00 iters/s

running (1m22.0s), 000/100 VUs, 4099 complete and 0 interrupted iterations
a1     [  46% ] 000/100 VUs  1m22.0s/3m0s  50.00 iters/s

running (1m23.0s), 006/100 VUs, 4143 complete and 0 interrupted iterations
a1     [  46% ] 006/100 VUs  1m23.0s/3m0s  50.00 iters/s

running (1m24.0s), 006/100 VUs, 4193 complete and 0 interrupted iterations
a1     [  47% ] 006/100 VUs  1m24.0s/3m0s  50.00 iters/s

running (1m25.0s), 006/100 VUs, 4243 complete and 0 interrupted iterations
a1     [  47% ] 006/100 VUs  1m25.0s/3m0s  50.00 iters/s

running (1m26.0s), 006/100 VUs, 4293 complete and 0 interrupted iterations
a1     [  48% ] 006/100 VUs  1m26.0s/3m0s  50.00 iters/s

running (1m27.0s), 019/100 VUs, 4330 complete and 0 interrupted iterations
a1     [  48% ] 019/100 VUs  1m27.0s/3m0s  50.00 iters/s

running (1m28.0s), 000/100 VUs, 4399 complete and 0 interrupted iterations
a1     [  49% ] 000/100 VUs  1m28.0s/3m0s  50.00 iters/s

running (1m29.0s), 006/100 VUs, 4443 complete and 0 interrupted iterations
a1     [  49% ] 006/100 VUs  1m29.0s/3m0s  50.00 iters/s

running (1m30.0s), 005/100 VUs, 4494 complete and 0 interrupted iterations
a1     [  50% ] 005/100 VUs  1m30.0s/3m0s  50.00 iters/s

running (1m31.0s), 005/100 VUs, 4544 complete and 0 interrupted iterations
a1     [  51% ] 005/100 VUs  1m31.0s/3m0s  50.00 iters/s

running (1m32.0s), 001/100 VUs, 4598 complete and 0 interrupted iterations
a1     [  51% ] 001/100 VUs  1m32.0s/3m0s  50.00 iters/s

running (1m33.0s), 005/100 VUs, 4644 complete and 0 interrupted iterations
a1     [  52% ] 005/100 VUs  1m33.0s/3m0s  50.00 iters/s

running (1m34.0s), 005/100 VUs, 4694 complete and 0 interrupted iterations
a1     [  52% ] 005/100 VUs  1m34.0s/3m0s  50.00 iters/s

running (1m35.0s), 005/100 VUs, 4744 complete and 0 interrupted iterations
a1     [  53% ] 005/100 VUs  1m35.0s/3m0s  50.00 iters/s

running (1m36.0s), 005/100 VUs, 4794 complete and 0 interrupted iterations
a1     [  53% ] 005/100 VUs  1m36.0s/3m0s  50.00 iters/s

running (1m37.0s), 005/100 VUs, 4844 complete and 0 interrupted iterations
a1     [  54% ] 005/100 VUs  1m37.0s/3m0s  50.00 iters/s

running (1m38.0s), 005/100 VUs, 4894 complete and 0 interrupted iterations
a1     [  54% ] 005/100 VUs  1m38.0s/3m0s  50.00 iters/s

running (1m39.0s), 005/100 VUs, 4944 complete and 0 interrupted iterations
a1     [  55% ] 005/100 VUs  1m39.0s/3m0s  50.00 iters/s

running (1m40.0s), 005/100 VUs, 4994 complete and 0 interrupted iterations
a1     [  56% ] 005/100 VUs  1m40.0s/3m0s  50.00 iters/s

running (1m41.0s), 005/100 VUs, 5044 complete and 0 interrupted iterations
a1     [  56% ] 005/100 VUs  1m41.0s/3m0s  50.00 iters/s

running (1m42.0s), 005/100 VUs, 5094 complete and 0 interrupted iterations
a1     [  57% ] 005/100 VUs  1m42.0s/3m0s  50.00 iters/s

running (1m43.0s), 003/100 VUs, 5146 complete and 0 interrupted iterations
a1     [  57% ] 003/100 VUs  1m43.0s/3m0s  50.00 iters/s

running (1m44.0s), 004/100 VUs, 5195 complete and 0 interrupted iterations
a1     [  58% ] 004/100 VUs  1m44.0s/3m0s  50.00 iters/s

running (1m45.0s), 004/100 VUs, 5245 complete and 0 interrupted iterations
a1     [  58% ] 004/100 VUs  1m45.0s/3m0s  50.00 iters/s

running (1m46.0s), 005/100 VUs, 5294 complete and 0 interrupted iterations
a1     [  59% ] 005/100 VUs  1m46.0s/3m0s  50.00 iters/s

running (1m47.0s), 005/100 VUs, 5344 complete and 0 interrupted iterations
a1     [  59% ] 005/100 VUs  1m47.0s/3m0s  50.00 iters/s

running (1m48.0s), 005/100 VUs, 5394 complete and 0 interrupted iterations
a1     [  60% ] 005/100 VUs  1m48.0s/3m0s  50.00 iters/s

running (1m49.0s), 005/100 VUs, 5444 complete and 0 interrupted iterations
a1     [  61% ] 005/100 VUs  1m49.0s/3m0s  50.00 iters/s

running (1m50.0s), 005/100 VUs, 5494 complete and 0 interrupted iterations
a1     [  61% ] 005/100 VUs  1m50.0s/3m0s  50.00 iters/s

running (1m51.0s), 005/100 VUs, 5544 complete and 0 interrupted iterations
a1     [  62% ] 005/100 VUs  1m51.0s/3m0s  50.00 iters/s
time="2026-09-09T15:39:05+05:00" level=warning msg="The test has generated metrics with 100146 unique time series, which is higher than the suggested limit of 100000 and could cause high memory usage. Consider not using high-cardinality values like unique IDs as metric tags or, if you need them in the URL, use the name metric tag or URL grouping. See https://grafana.com/docs/k6/latest/using-k6/tags-and-groups/ for details." component=metrics-engine-ingester

running (1m52.0s), 005/100 VUs, 5594 complete and 0 interrupted iterations
a1     [  62% ] 005/100 VUs  1m52.0s/3m0s  50.00 iters/s

running (1m53.0s), 005/100 VUs, 5644 complete and 0 interrupted iterations
a1     [  63% ] 005/100 VUs  1m53.0s/3m0s  50.00 iters/s

running (1m54.0s), 004/100 VUs, 5695 complete and 0 interrupted iterations
a1     [  63% ] 004/100 VUs  1m54.0s/3m0s  50.00 iters/s

running (1m55.0s), 005/100 VUs, 5744 complete and 0 interrupted iterations
a1     [  64% ] 005/100 VUs  1m55.0s/3m0s  50.00 iters/s

running (1m56.0s), 005/100 VUs, 5794 complete and 0 interrupted iterations
a1     [  64% ] 005/100 VUs  1m56.0s/3m0s  50.00 iters/s

running (1m57.0s), 005/100 VUs, 5844 complete and 0 interrupted iterations
a1     [  65% ] 005/100 VUs  1m57.0s/3m0s  50.00 iters/s

running (1m58.0s), 005/100 VUs, 5894 complete and 0 interrupted iterations
a1     [  66% ] 005/100 VUs  1m58.0s/3m0s  50.00 iters/s

running (1m59.0s), 005/100 VUs, 5944 complete and 0 interrupted iterations
a1     [  66% ] 005/100 VUs  1m59.0s/3m0s  50.00 iters/s

running (2m00.0s), 005/100 VUs, 5994 complete and 0 interrupted iterations
a1     [  67% ] 005/100 VUs  2m00.0s/3m0s  50.00 iters/s

running (2m01.0s), 004/100 VUs, 6045 complete and 0 interrupted iterations
a1     [  67% ] 004/100 VUs  2m01.0s/3m0s  50.00 iters/s

running (2m02.0s), 005/100 VUs, 6094 complete and 0 interrupted iterations
a1     [  68% ] 005/100 VUs  2m02.0s/3m0s  50.00 iters/s

running (2m03.0s), 004/100 VUs, 6145 complete and 0 interrupted iterations
a1     [  68% ] 004/100 VUs  2m03.0s/3m0s  50.00 iters/s

running (2m04.0s), 004/100 VUs, 6195 complete and 0 interrupted iterations
a1     [  69% ] 004/100 VUs  2m04.0s/3m0s  50.00 iters/s

running (2m05.0s), 004/100 VUs, 6245 complete and 0 interrupted iterations
a1     [  69% ] 004/100 VUs  2m05.0s/3m0s  50.00 iters/s

running (2m06.0s), 004/100 VUs, 6295 complete and 0 interrupted iterations
a1     [  70% ] 004/100 VUs  2m06.0s/3m0s  50.00 iters/s

running (2m07.0s), 004/100 VUs, 6345 complete and 0 interrupted iterations
a1     [  71% ] 004/100 VUs  2m07.0s/3m0s  50.00 iters/s

running (2m08.0s), 000/100 VUs, 6399 complete and 0 interrupted iterations
a1     [  71% ] 000/100 VUs  2m08.0s/3m0s  50.00 iters/s

running (2m09.0s), 000/100 VUs, 6449 complete and 0 interrupted iterations
a1     [  72% ] 000/100 VUs  2m09.0s/3m0s  50.00 iters/s

running (2m10.0s), 004/100 VUs, 6495 complete and 0 interrupted iterations
a1     [  72% ] 004/100 VUs  2m10.0s/3m0s  50.00 iters/s

running (2m11.0s), 004/100 VUs, 6545 complete and 0 interrupted iterations
a1     [  73% ] 004/100 VUs  2m11.0s/3m0s  50.00 iters/s

running (2m12.0s), 004/100 VUs, 6595 complete and 0 interrupted iterations
a1     [  73% ] 004/100 VUs  2m12.0s/3m0s  50.00 iters/s

running (2m13.0s), 004/100 VUs, 6645 complete and 0 interrupted iterations
a1     [  74% ] 004/100 VUs  2m13.0s/3m0s  50.00 iters/s

running (2m14.0s), 004/100 VUs, 6695 complete and 0 interrupted iterations
a1     [  74% ] 004/100 VUs  2m14.0s/3m0s  50.00 iters/s

running (2m15.0s), 004/100 VUs, 6745 complete and 0 interrupted iterations
a1     [  75% ] 004/100 VUs  2m15.0s/3m0s  50.00 iters/s

running (2m16.0s), 004/100 VUs, 6795 complete and 0 interrupted iterations
a1     [  76% ] 004/100 VUs  2m16.0s/3m0s  50.00 iters/s

running (2m17.0s), 004/100 VUs, 6845 complete and 0 interrupted iterations
a1     [  76% ] 004/100 VUs  2m17.0s/3m0s  50.00 iters/s

running (2m18.0s), 004/100 VUs, 6895 complete and 0 interrupted iterations
a1     [  77% ] 004/100 VUs  2m18.0s/3m0s  50.00 iters/s

running (2m19.0s), 004/100 VUs, 6945 complete and 0 interrupted iterations
a1     [  77% ] 004/100 VUs  2m19.0s/3m0s  50.00 iters/s

running (2m20.0s), 001/100 VUs, 6998 complete and 0 interrupted iterations
a1     [  78% ] 001/100 VUs  2m20.0s/3m0s  50.00 iters/s

running (2m21.0s), 004/100 VUs, 7045 complete and 0 interrupted iterations
a1     [  78% ] 004/100 VUs  2m21.0s/3m0s  50.00 iters/s

running (2m22.0s), 004/100 VUs, 7095 complete and 0 interrupted iterations
a1     [  79% ] 004/100 VUs  2m22.0s/3m0s  50.00 iters/s

running (2m23.0s), 004/100 VUs, 7145 complete and 0 interrupted iterations
a1     [  79% ] 004/100 VUs  2m23.0s/3m0s  50.00 iters/s

running (2m24.0s), 004/100 VUs, 7195 complete and 0 interrupted iterations
a1     [  80% ] 004/100 VUs  2m24.0s/3m0s  50.00 iters/s

running (2m25.0s), 004/100 VUs, 7245 complete and 0 interrupted iterations
a1     [  81% ] 004/100 VUs  2m25.0s/3m0s  50.00 iters/s

running (2m26.0s), 005/100 VUs, 7294 complete and 0 interrupted iterations
a1     [  81% ] 005/100 VUs  2m26.0s/3m0s  50.00 iters/s

running (2m27.0s), 004/100 VUs, 7345 complete and 0 interrupted iterations
a1     [  82% ] 004/100 VUs  2m27.0s/3m0s  50.00 iters/s

running (2m28.0s), 005/100 VUs, 7394 complete and 0 interrupted iterations
a1     [  82% ] 005/100 VUs  2m28.0s/3m0s  50.00 iters/s

running (2m29.0s), 005/100 VUs, 7444 complete and 0 interrupted iterations
a1     [  83% ] 005/100 VUs  2m29.0s/3m0s  50.00 iters/s

running (2m30.0s), 005/100 VUs, 7494 complete and 0 interrupted iterations
a1     [  83% ] 005/100 VUs  2m30.0s/3m0s  50.00 iters/s

running (2m31.0s), 005/100 VUs, 7544 complete and 0 interrupted iterations
a1     [  84% ] 005/100 VUs  2m31.0s/3m0s  50.00 iters/s

running (2m32.0s), 005/100 VUs, 7594 complete and 0 interrupted iterations
a1     [  84% ] 005/100 VUs  2m32.0s/3m0s  50.00 iters/s

running (2m33.0s), 005/100 VUs, 7644 complete and 0 interrupted iterations
a1     [  85% ] 005/100 VUs  2m33.0s/3m0s  50.00 iters/s

running (2m34.0s), 005/100 VUs, 7694 complete and 0 interrupted iterations
a1     [  86% ] 005/100 VUs  2m34.0s/3m0s  50.00 iters/s

running (2m35.0s), 005/100 VUs, 7744 complete and 0 interrupted iterations
a1     [  86% ] 005/100 VUs  2m35.0s/3m0s  50.00 iters/s

running (2m36.0s), 006/100 VUs, 7793 complete and 0 interrupted iterations
a1     [  87% ] 006/100 VUs  2m36.0s/3m0s  50.00 iters/s

running (2m37.0s), 005/100 VUs, 7844 complete and 0 interrupted iterations
a1     [  87% ] 005/100 VUs  2m37.0s/3m0s  50.00 iters/s

running (2m38.0s), 005/100 VUs, 7894 complete and 0 interrupted iterations
a1     [  88% ] 005/100 VUs  2m38.0s/3m0s  50.00 iters/s

running (2m39.0s), 005/100 VUs, 7944 complete and 0 interrupted iterations
a1     [  88% ] 005/100 VUs  2m39.0s/3m0s  50.00 iters/s

running (2m40.0s), 055/100 VUs, 7944 complete and 0 interrupted iterations
a1     [  89% ] 055/100 VUs  2m40.0s/3m0s  50.00 iters/s

running (2m41.0s), 101/102 VUs, 7946 complete and 0 interrupted iterations
a1     [  89% ] 101/102 VUs  2m41.0s/3m0s  50.00 iters/s

running (2m42.0s), 122/123 VUs, 7954 complete and 0 interrupted iterations
a1     [  90% ] 122/123 VUs  2m42.0s/3m0s  50.00 iters/s

running (2m43.0s), 120/136 VUs, 7993 complete and 0 interrupted iterations
a1     [  91% ] 120/136 VUs  2m43.0s/3m0s  50.00 iters/s

running (2m44.0s), 145/146 VUs, 8008 complete and 0 interrupted iterations
a1     [  91% ] 145/146 VUs  2m44.0s/3m0s  50.00 iters/s

running (2m45.0s), 071/150 VUs, 8128 complete and 0 interrupted iterations
a1     [  92% ] 071/150 VUs  2m45.0s/3m0s  50.00 iters/s

running (2m46.0s), 000/150 VUs, 8249 complete and 0 interrupted iterations
a1     [  92% ] 000/150 VUs  2m46.0s/3m0s  50.00 iters/s

running (2m47.0s), 000/150 VUs, 8299 complete and 0 interrupted iterations
a1     [  93% ] 000/150 VUs  2m47.0s/3m0s  50.00 iters/s

running (2m48.0s), 001/150 VUs, 8348 complete and 0 interrupted iterations
a1     [  93% ] 001/150 VUs  2m48.0s/3m0s  50.00 iters/s

running (2m49.0s), 000/150 VUs, 8399 complete and 0 interrupted iterations
a1     [  94% ] 000/150 VUs  2m49.0s/3m0s  50.00 iters/s

running (2m50.0s), 000/150 VUs, 8449 complete and 0 interrupted iterations
a1     [  94% ] 000/150 VUs  2m50.0s/3m0s  50.00 iters/s

running (2m51.0s), 000/150 VUs, 8499 complete and 0 interrupted iterations
a1     [  95% ] 000/150 VUs  2m51.0s/3m0s  50.00 iters/s

running (2m52.0s), 000/150 VUs, 8549 complete and 0 interrupted iterations
a1     [  96% ] 000/150 VUs  2m52.0s/3m0s  50.00 iters/s

running (2m53.0s), 002/150 VUs, 8597 complete and 0 interrupted iterations
a1     [  96% ] 002/150 VUs  2m53.0s/3m0s  50.00 iters/s

running (2m54.0s), 000/150 VUs, 8649 complete and 0 interrupted iterations
a1     [  97% ] 000/150 VUs  2m54.0s/3m0s  50.00 iters/s

running (2m55.0s), 000/150 VUs, 8699 complete and 0 interrupted iterations
a1     [  97% ] 000/150 VUs  2m55.0s/3m0s  50.00 iters/s

running (2m56.0s), 000/150 VUs, 8749 complete and 0 interrupted iterations
a1     [  98% ] 000/150 VUs  2m56.0s/3m0s  50.00 iters/s

running (2m57.0s), 000/150 VUs, 8799 complete and 0 interrupted iterations
a1     [  98% ] 000/150 VUs  2m57.0s/3m0s  50.00 iters/s

running (2m58.0s), 000/150 VUs, 8849 complete and 0 interrupted iterations
a1     [  99% ] 000/150 VUs  2m58.0s/3m0s  50.00 iters/s

running (2m59.0s), 000/150 VUs, 8899 complete and 0 interrupted iterations
a1     [  99% ] 000/150 VUs  2m59.0s/3m0s  50.00 iters/s

running (3m00.0s), 000/150 VUs, 8949 complete and 0 interrupted iterations
a1     [ 100% ] 000/150 VUs  3m00.0s/3m0s  50.00 iters/s


  █ THRESHOLDS 

    http_req_failed
    ✓ 'rate<0.05' rate=0.00%


  █ TOTAL RESULTS 

    checks_total.......: 26850   149.1644/s
    checks_succeeded...: 100.00% 26850 out of 26850
    checks_failed......: 0.00%   0 out of 26850

    ✓ initiated
    ✓ validated
    ✓ terminal

    CUSTOM
    a1_lifecycle_duration..........: avg=133.88ms min=6ms    med=15ms    p(95)=377.54ms p(99)=2.91s max=5.99s
    a1_lifecycles_completed........: 8950   49.721467/s
    a1_transitions_committed.......: 26850  149.1644/s

    HTTP
    http_req_duration..............: avg=44.47ms  min=1.53ms med=4.51ms  p(95)=161.71ms p(99)=1.06s max=4.27s
      { expected_response:true }...: avg=44.47ms  min=1.53ms med=4.51ms  p(95)=161.71ms p(99)=1.06s max=4.27s
    http_req_failed................: 0.00%  0 out of 26850
    http_reqs......................: 26850  149.1644/s

    EXECUTION
    dropped_iterations.............: 50     0.277774/s
    iteration_duration.............: avg=133.96ms min=6.7ms  med=15.17ms p(95)=377.76ms p(99)=2.91s max=5.99s
    iterations.....................: 8950   49.721467/s
    vus............................: 1      min=1          max=145
    vus_max........................: 150    min=100        max=150

    NETWORK
    data_received..................: 10 MB  57 kB/s
    data_sent......................: 5.8 MB 32 kB/s




running (3m00.0s), 000/150 VUs, 8950 complete and 0 interrupted iterations
a1   ✓ [ 100% ] 000/150 VUs  3m0s  50.00 iters/s
