[11:55:59] === RUN BASELINE_GT-P1-r3-20260904115559 ===
[11:55:59] mode=BASELINE_GT profile=P1 rep=3 tps=50 duration=120s fault=none
[11:55:59] jar: target/master-thesis-observability-0.0.1-SNAPSHOT.jar
[11:55:59] workload tozalanmoqda (reference saqlanadi)
workload reset; reference data preserved
AQ backlog purged: 0 -> 0
[11:56:00] Kafka topigi qayta yaratilmoqda
[11:56:08] ilova ishga tushirilmoqda (mode=BASELINE_GT)
[11:56:18] ilova tayyor (pid 67376)
[11:56:22] k6 yuklamasi boshlandi
[11:58:34] pipeline bo'shashi kutilmoqda (maks 120s)
[11:58:43] pipeline bo'sh (4s, sink=0 xabar)
[11:58:57] ground truth eksport qilinmoqda
[11:58:57] Kafka topigi eksport qilinmoqda
[11:59:26] tahlil
{
  "mode": "BASELINE_GT",
  "profile": "P1",
  "rep": "3",
  "fault": "none",
  "ground_truth_transitions": 18000,
  "delivered_distinct": 0,
  "delivered_total": 0,
  "matched": 0,
  "missing": 18000,
  "phantom": null,
  "malformed": 0,
  "loss_rate": null,
  "loss_rate_ppm": null,
  "duplicate_rate": null,
  "ordering_violation_rate": null,
  "txns_split_across_partitions": 0,
  "latency_ms_p50": null,
  "latency_ms_p95": null,
  "latency_ms_p99": null,
  "latency_ms_max": null,
  "latency_ms_mean": null,
  "latency_samples": 0,
  "latency_negative_samples": 0,
  "pipeline": "none (baseline mode)"
}
[11:59:27] ilova va konnektor to'xtatilmoqda
[11:59:31] === TUGADI: results/BASELINE_GT-P1-r3-20260904115559 ===
