[09:59:49] === RUN CDC-C2N3ON-r3-20260910095949 ===
[09:59:49] mode=CDC profile=C2N3ON rep=3 tps=50 duration=180s fault=none
[09:59:49] jar: target/master-thesis-observability-0.0.1-SNAPSHOT.jar
[09:59:49] arxiv redo tozalanmoqda
[09:59:50] workload tozalanmoqda (reference saqlanadi)
workload reset; reference data preserved
AQ backlog purged: 0 -> 0
[09:59:52] Kafka topigi qayta yaratilmoqda
[10:00:01] ilova ishga tushirilmoqda (mode=CDC)
[10:00:15] ilova tayyor (pid 529287)
[10:00:15] Debezium konnektori ro'yxatdan o'tkazilmoqda (CDC, prefix=obsv_cdc_c2n3on_r3_20260910095949)
konnektor ro'yxatdan o'tkazilmoqda: a1-cdc-obsv_cdc_c2n3on_r3_20260910095949 (prefix=obsv_cdc_c2n3on_r3_20260910095949)
konnektor RUNNING (4s)
streaming tasdiqlanmoqda (heartbeat topigi: __debezium-heartbeat.obsv_cdc_c2n3on_r3_20260910095949)
streaming tasdiqlandi (2 urinish)
[10:00:29] k6 yuklamasi boshlandi
[10:03:29] k6 iteratsiyalari: 9001
[10:03:29] qat'iy settle: 45s (o'lchov oynasi ikkala qo'lda bir xil)
[10:04:15] pipeline bo'shashi kutilmoqda (maks 120s)
[10:06:18] OGOHLANTIRISH: pipeline 120s ichida bo'shamadi (db_pending=0 sink=0 gt=27003) - LOSS raqamlari ishonchsiz
[10:06:28] ground truth eksport qilinmoqda
[10:06:29] Kafka topigi eksport qilinmoqda
[10:06:39] tahlil
{
  "mode": "CDC",
  "profile": "C2N3ON",
  "rep": "3",
  "fault": "none",
  "ground_truth_transitions": 27003,
  "delivered_distinct": 0,
  "delivered_total": 0,
  "matched": 0,
  "missing": 27003,
  "phantom": 0,
  "malformed": 0,
  "loss_rate": 1.0,
  "loss_rate_ppm": 1000000.0,
  "duplicate_rate": 0.0,
  "ordering_violation_rate": 0.0,
  "txns_split_across_partitions": 0,
  "latency_ms_p50": null,
  "latency_ms_p95": null,
  "latency_ms_p99": null,
  "latency_ms_max": null,
  "latency_ms_mean": null,
  "latency_samples": 0,
  "latency_negative_samples": 0
}
[10:06:39] ilova va konnektor to'xtatilmoqda
connector o'chirilmoqda: a1-cdc-obsv_cdc_c2n3on_r3_20260910095949
[10:06:50] === TUGADI: results/CDC-C2N3ON-r3-20260910095949 ===
