
         /\      Grafana   /‾‾/  
    /\  /  \     |\  __   /  /   
   /  \/    \    | |/ /  /   ‾‾\ 
  /          \   |   (  |  (‾)  |
 / __________ \  |_|\_\  \_____/ 


     execution: local
        script: harness/k6/a1-workload.js
        output: -

     scenarios: (100.00%) 1 scenario, 600 max VUs, 3m30s max duration (incl. graceful stop):
              * a1: 50.00 iterations/s for 3m0s (maxVUs: 100-600, gracefulStop: 30s)


running (0m01.0s), 050/100 VUs, 0 complete and 0 interrupted iterations
a1     [   1% ] 050/100 VUs  0m01.0s/3m0s  50.00 iters/s

running (0m02.0s), 036/100 VUs, 64 complete and 0 interrupted iterations
a1     [   1% ] 036/100 VUs  0m02.0s/3m0s  50.00 iters/s

running (0m03.0s), 044/100 VUs, 106 complete and 0 interrupted iterations
a1     [   2% ] 044/100 VUs  0m03.0s/3m0s  50.00 iters/s

running (0m04.0s), 017/100 VUs, 183 complete and 0 interrupted iterations
a1     [   2% ] 017/100 VUs  0m04.0s/3m0s  50.00 iters/s

running (0m05.0s), 001/100 VUs, 249 complete and 0 interrupted iterations
a1     [   3% ] 001/100 VUs  0m05.0s/3m0s  50.00 iters/s

running (0m06.0s), 017/100 VUs, 283 complete and 0 interrupted iterations
a1     [   3% ] 017/100 VUs  0m06.0s/3m0s  50.00 iters/s

running (0m07.0s), 001/100 VUs, 349 complete and 0 interrupted iterations
a1     [   4% ] 001/100 VUs  0m07.0s/3m0s  50.00 iters/s

running (0m08.0s), 016/100 VUs, 384 complete and 0 interrupted iterations
a1     [   4% ] 016/100 VUs  0m08.0s/3m0s  50.00 iters/s

running (0m09.0s), 001/100 VUs, 449 complete and 0 interrupted iterations
a1     [   5% ] 001/100 VUs  0m09.0s/3m0s  50.00 iters/s

running (0m10.0s), 016/100 VUs, 484 complete and 0 interrupted iterations
a1     [   6% ] 016/100 VUs  0m10.0s/3m0s  50.00 iters/s

running (0m11.0s), 001/100 VUs, 549 complete and 0 interrupted iterations
a1     [   6% ] 001/100 VUs  0m11.0s/3m0s  50.00 iters/s

running (0m12.0s), 002/100 VUs, 598 complete and 0 interrupted iterations
a1     [   7% ] 002/100 VUs  0m12.0s/3m0s  50.00 iters/s

running (0m13.0s), 001/100 VUs, 649 complete and 0 interrupted iterations
a1     [   7% ] 001/100 VUs  0m13.0s/3m0s  50.00 iters/s

running (0m14.0s), 012/100 VUs, 688 complete and 0 interrupted iterations
a1     [   8% ] 012/100 VUs  0m14.0s/3m0s  50.00 iters/s

running (0m15.0s), 062/100 VUs, 688 complete and 0 interrupted iterations
a1     [   8% ] 062/100 VUs  0m15.0s/3m0s  50.00 iters/s

running (0m16.0s), 106/106 VUs, 688 complete and 0 interrupted iterations
a1     [   9% ] 106/106 VUs  0m16.0s/3m0s  50.00 iters/s

running (0m17.0s), 131/131 VUs, 688 complete and 0 interrupted iterations
a1     [   9% ] 131/131 VUs  0m17.0s/3m0s  50.00 iters/s

running (0m18.0s), 156/156 VUs, 688 complete and 0 interrupted iterations
a1     [  10% ] 156/156 VUs  0m18.0s/3m0s  50.00 iters/s

running (0m19.0s), 181/181 VUs, 688 complete and 0 interrupted iterations
a1     [  11% ] 181/181 VUs  0m19.0s/3m0s  50.00 iters/s

running (0m20.0s), 206/206 VUs, 688 complete and 0 interrupted iterations
a1     [  11% ] 206/206 VUs  0m20.0s/3m0s  50.00 iters/s

running (0m21.0s), 230/231 VUs, 689 complete and 0 interrupted iterations
a1     [  12% ] 230/231 VUs  0m21.0s/3m0s  50.00 iters/s

running (0m22.0s), 003/242 VUs, 955 complete and 0 interrupted iterations
a1     [  12% ] 003/242 VUs  0m22.0s/3m0s  50.00 iters/s

running (0m23.0s), 003/242 VUs, 1005 complete and 0 interrupted iterations
a1     [  13% ] 003/242 VUs  0m23.0s/3m0s  50.00 iters/s

running (0m24.0s), 004/242 VUs, 1054 complete and 0 interrupted iterations
a1     [  13% ] 004/242 VUs  0m24.0s/3m0s  50.00 iters/s

running (0m25.0s), 024/242 VUs, 1084 complete and 0 interrupted iterations
a1     [  14% ] 024/242 VUs  0m25.0s/3m0s  50.00 iters/s

running (0m26.0s), 003/242 VUs, 1155 complete and 0 interrupted iterations
a1     [  14% ] 003/242 VUs  0m26.0s/3m0s  50.00 iters/s

running (0m27.0s), 003/242 VUs, 1205 complete and 0 interrupted iterations
a1     [  15% ] 003/242 VUs  0m27.0s/3m0s  50.00 iters/s

running (0m28.0s), 003/242 VUs, 1255 complete and 0 interrupted iterations
a1     [  16% ] 003/242 VUs  0m28.0s/3m0s  50.00 iters/s

running (0m29.0s), 003/242 VUs, 1305 complete and 0 interrupted iterations
a1     [  16% ] 003/242 VUs  0m29.0s/3m0s  50.00 iters/s

running (0m30.0s), 022/242 VUs, 1336 complete and 0 interrupted iterations
a1     [  17% ] 022/242 VUs  0m30.0s/3m0s  50.00 iters/s

running (0m31.0s), 048/242 VUs, 1360 complete and 0 interrupted iterations
a1     [  17% ] 048/242 VUs  0m31.0s/3m0s  50.00 iters/s

running (0m32.0s), 001/242 VUs, 1457 complete and 0 interrupted iterations
a1     [  18% ] 001/242 VUs  0m32.0s/3m0s  50.00 iters/s

running (0m33.0s), 001/242 VUs, 1507 complete and 0 interrupted iterations
a1     [  18% ] 001/242 VUs  0m33.0s/3m0s  50.00 iters/s

running (0m34.0s), 001/242 VUs, 1557 complete and 0 interrupted iterations
a1     [  19% ] 001/242 VUs  0m34.0s/3m0s  50.00 iters/s

running (0m35.0s), 044/242 VUs, 1564 complete and 0 interrupted iterations
a1     [  19% ] 044/242 VUs  0m35.0s/3m0s  50.00 iters/s

running (0m36.0s), 094/242 VUs, 1564 complete and 0 interrupted iterations
a1     [  20% ] 094/242 VUs  0m36.0s/3m0s  50.00 iters/s

running (0m37.0s), 144/242 VUs, 1564 complete and 0 interrupted iterations
a1     [  21% ] 144/242 VUs  0m37.0s/3m0s  50.00 iters/s

running (0m38.0s), 193/242 VUs, 1565 complete and 0 interrupted iterations
a1     [  21% ] 193/242 VUs  0m38.0s/3m0s  50.00 iters/s

running (0m39.0s), 238/242 VUs, 1570 complete and 0 interrupted iterations
a1     [  22% ] 238/242 VUs  0m39.0s/3m0s  50.00 iters/s

running (0m40.0s), 259/260 VUs, 1581 complete and 0 interrupted iterations
a1     [  22% ] 259/260 VUs  0m40.0s/3m0s  50.00 iters/s

running (0m41.0s), 271/280 VUs, 1599 complete and 0 interrupted iterations
a1     [  23% ] 271/280 VUs  0m41.0s/3m0s  50.00 iters/s

running (0m42.0s), 044/280 VUs, 1876 complete and 0 interrupted iterations
a1     [  23% ] 044/280 VUs  0m42.0s/3m0s  50.00 iters/s

running (0m43.0s), 012/280 VUs, 1958 complete and 0 interrupted iterations
a1     [  24% ] 012/280 VUs  0m43.0s/3m0s  50.00 iters/s

running (0m44.0s), 013/280 VUs, 2007 complete and 0 interrupted iterations
a1     [  24% ] 013/280 VUs  0m44.0s/3m0s  50.00 iters/s

running (0m45.0s), 063/280 VUs, 2007 complete and 0 interrupted iterations
a1     [  25% ] 063/280 VUs  0m45.0s/3m0s  50.00 iters/s

running (0m46.0s), 113/280 VUs, 2007 complete and 0 interrupted iterations
a1     [  26% ] 113/280 VUs  0m46.0s/3m0s  50.00 iters/s

running (0m47.0s), 163/280 VUs, 2007 complete and 0 interrupted iterations
a1     [  26% ] 163/280 VUs  0m47.0s/3m0s  50.00 iters/s

running (0m48.0s), 213/280 VUs, 2007 complete and 0 interrupted iterations
a1     [  27% ] 213/280 VUs  0m48.0s/3m0s  50.00 iters/s

running (0m49.0s), 263/280 VUs, 2007 complete and 0 interrupted iterations
a1     [  27% ] 263/280 VUs  0m49.0s/3m0s  50.00 iters/s

running (0m50.0s), 296/296 VUs, 2008 complete and 0 interrupted iterations
a1     [  28% ] 296/296 VUs  0m50.0s/3m0s  50.00 iters/s

running (0m51.0s), 321/321 VUs, 2008 complete and 0 interrupted iterations
a1     [  28% ] 321/321 VUs  0m51.0s/3m0s  50.00 iters/s

running (0m52.0s), 346/346 VUs, 2008 complete and 0 interrupted iterations
a1     [  29% ] 346/346 VUs  0m52.0s/3m0s  50.00 iters/s

running (0m53.0s), 371/371 VUs, 2008 complete and 0 interrupted iterations
a1     [  29% ] 371/371 VUs  0m53.0s/3m0s  50.00 iters/s

running (0m54.0s), 396/396 VUs, 2008 complete and 0 interrupted iterations
a1     [  30% ] 396/396 VUs  0m54.0s/3m0s  50.00 iters/s

running (0m55.0s), 421/421 VUs, 2008 complete and 0 interrupted iterations
a1     [  31% ] 421/421 VUs  0m55.0s/3m0s  50.00 iters/s

running (0m56.0s), 446/446 VUs, 2008 complete and 0 interrupted iterations
a1     [  31% ] 446/446 VUs  0m56.0s/3m0s  50.00 iters/s

running (0m57.0s), 471/471 VUs, 2008 complete and 0 interrupted iterations
a1     [  32% ] 471/471 VUs  0m57.0s/3m0s  50.00 iters/s

running (0m58.0s), 496/496 VUs, 2008 complete and 0 interrupted iterations
a1     [  32% ] 496/496 VUs  0m58.0s/3m0s  50.00 iters/s

running (0m59.0s), 521/521 VUs, 2008 complete and 0 interrupted iterations
a1     [  33% ] 521/521 VUs  0m59.0s/3m0s  50.00 iters/s

running (1m00.0s), 546/546 VUs, 2008 complete and 0 interrupted iterations
a1     [  33% ] 546/546 VUs  1m00.0s/3m0s  50.00 iters/s

running (1m01.0s), 571/571 VUs, 2008 complete and 0 interrupted iterations
a1     [  34% ] 571/571 VUs  1m01.0s/3m0s  50.00 iters/s

running (1m02.0s), 596/596 VUs, 2008 complete and 0 interrupted iterations
a1     [  34% ] 596/596 VUs  1m02.0s/3m0s  50.00 iters/s
time="2026-09-10T10:24:59+05:00" level=warning msg="Insufficient VUs, reached 600 active VUs and cannot initialize more" executor=constant-arrival-rate scenario=a1

running (1m03.0s), 600/600 VUs, 2013 complete and 0 interrupted iterations
a1     [  35% ] 600/600 VUs  1m03.0s/3m0s  50.00 iters/s

running (1m04.0s), 600/600 VUs, 2026 complete and 0 interrupted iterations
a1     [  36% ] 600/600 VUs  1m04.0s/3m0s  50.00 iters/s

running (1m05.0s), 592/600 VUs, 2071 complete and 0 interrupted iterations
a1     [  36% ] 592/600 VUs  1m05.0s/3m0s  50.00 iters/s

running (1m06.0s), 600/600 VUs, 2071 complete and 0 interrupted iterations
a1     [  37% ] 600/600 VUs  1m06.0s/3m0s  50.00 iters/s

running (1m07.0s), 600/600 VUs, 2071 complete and 0 interrupted iterations
a1     [  37% ] 600/600 VUs  1m07.0s/3m0s  50.00 iters/s

running (1m08.0s), 600/600 VUs, 2071 complete and 0 interrupted iterations
a1     [  38% ] 600/600 VUs  1m08.0s/3m0s  50.00 iters/s

running (1m09.0s), 600/600 VUs, 2071 complete and 0 interrupted iterations
a1     [  38% ] 600/600 VUs  1m09.0s/3m0s  50.00 iters/s

running (1m10.0s), 600/600 VUs, 2071 complete and 0 interrupted iterations
a1     [  39% ] 600/600 VUs  1m10.0s/3m0s  50.00 iters/s

running (1m11.0s), 600/600 VUs, 2071 complete and 0 interrupted iterations
a1     [  39% ] 600/600 VUs  1m11.0s/3m0s  50.00 iters/s

running (1m12.0s), 600/600 VUs, 2071 complete and 0 interrupted iterations
a1     [  40% ] 600/600 VUs  1m12.0s/3m0s  50.00 iters/s

running (1m13.0s), 596/600 VUs, 2080 complete and 0 interrupted iterations
a1     [  41% ] 596/600 VUs  1m13.0s/3m0s  50.00 iters/s

running (1m14.0s), 600/600 VUs, 2103 complete and 0 interrupted iterations
a1     [  41% ] 600/600 VUs  1m14.0s/3m0s  50.00 iters/s

running (1m15.0s), 566/600 VUs, 2185 complete and 0 interrupted iterations
a1     [  42% ] 566/600 VUs  1m15.0s/3m0s  50.00 iters/s

running (1m16.0s), 571/600 VUs, 2223 complete and 0 interrupted iterations
a1     [  42% ] 571/600 VUs  1m16.0s/3m0s  50.00 iters/s

running (1m17.0s), 540/600 VUs, 2304 complete and 0 interrupted iterations
a1     [  43% ] 540/600 VUs  1m17.0s/3m0s  50.00 iters/s

running (1m18.0s), 518/600 VUs, 2376 complete and 0 interrupted iterations
a1     [  43% ] 518/600 VUs  1m18.0s/3m0s  50.00 iters/s

running (1m19.0s), 503/600 VUs, 2441 complete and 0 interrupted iterations
a1     [  44% ] 503/600 VUs  1m19.0s/3m0s  50.00 iters/s

running (1m20.0s), 499/600 VUs, 2495 complete and 0 interrupted iterations
a1     [  44% ] 499/600 VUs  1m20.0s/3m0s  50.00 iters/s

running (1m21.0s), 549/600 VUs, 2495 complete and 0 interrupted iterations
a1     [  45% ] 549/600 VUs  1m21.0s/3m0s  50.00 iters/s

running (1m22.0s), 599/600 VUs, 2495 complete and 0 interrupted iterations
a1     [  46% ] 599/600 VUs  1m22.0s/3m0s  50.00 iters/s

running (1m23.0s), 600/600 VUs, 2495 complete and 0 interrupted iterations
a1     [  46% ] 600/600 VUs  1m23.0s/3m0s  50.00 iters/s

running (1m24.0s), 600/600 VUs, 2495 complete and 0 interrupted iterations
a1     [  47% ] 600/600 VUs  1m24.0s/3m0s  50.00 iters/s

running (1m25.0s), 600/600 VUs, 2495 complete and 0 interrupted iterations
a1     [  47% ] 600/600 VUs  1m25.0s/3m0s  50.00 iters/s

running (1m26.0s), 600/600 VUs, 2495 complete and 0 interrupted iterations
a1     [  48% ] 600/600 VUs  1m26.0s/3m0s  50.00 iters/s

running (1m27.0s), 600/600 VUs, 2495 complete and 0 interrupted iterations
a1     [  48% ] 600/600 VUs  1m27.0s/3m0s  50.00 iters/s

running (1m28.0s), 600/600 VUs, 2495 complete and 0 interrupted iterations
a1     [  49% ] 600/600 VUs  1m28.0s/3m0s  50.00 iters/s

running (1m29.0s), 600/600 VUs, 2495 complete and 0 interrupted iterations
a1     [  49% ] 600/600 VUs  1m29.0s/3m0s  50.00 iters/s

running (1m30.0s), 600/600 VUs, 2495 complete and 0 interrupted iterations
a1     [  50% ] 600/600 VUs  1m30.0s/3m0s  50.00 iters/s

running (1m31.0s), 600/600 VUs, 2495 complete and 0 interrupted iterations
a1     [  51% ] 600/600 VUs  1m31.0s/3m0s  50.00 iters/s

running (1m32.0s), 600/600 VUs, 2495 complete and 0 interrupted iterations
a1     [  51% ] 600/600 VUs  1m32.0s/3m0s  50.00 iters/s

running (1m33.0s), 592/600 VUs, 2505 complete and 0 interrupted iterations
a1     [  52% ] 592/600 VUs  1m33.0s/3m0s  50.00 iters/s

running (1m34.0s), 600/600 VUs, 2510 complete and 0 interrupted iterations
a1     [  52% ] 600/600 VUs  1m34.0s/3m0s  50.00 iters/s

running (1m35.0s), 600/600 VUs, 2534 complete and 0 interrupted iterations
a1     [  53% ] 600/600 VUs  1m35.0s/3m0s  50.00 iters/s

running (1m36.0s), 600/600 VUs, 2534 complete and 0 interrupted iterations
a1     [  53% ] 600/600 VUs  1m36.0s/3m0s  50.00 iters/s

running (1m37.0s), 600/600 VUs, 2534 complete and 0 interrupted iterations
a1     [  54% ] 600/600 VUs  1m37.0s/3m0s  50.00 iters/s

running (1m38.0s), 600/600 VUs, 2553 complete and 0 interrupted iterations
a1     [  54% ] 600/600 VUs  1m38.0s/3m0s  50.00 iters/s

running (1m39.0s), 600/600 VUs, 2569 complete and 0 interrupted iterations
a1     [  55% ] 600/600 VUs  1m39.0s/3m0s  50.00 iters/s

running (1m40.0s), 600/600 VUs, 2575 complete and 0 interrupted iterations
a1     [  56% ] 600/600 VUs  1m40.0s/3m0s  50.00 iters/s

running (1m41.0s), 558/600 VUs, 2658 complete and 0 interrupted iterations
a1     [  56% ] 558/600 VUs  1m41.0s/3m0s  50.00 iters/s

running (1m42.0s), 600/600 VUs, 2658 complete and 0 interrupted iterations
a1     [  57% ] 600/600 VUs  1m42.0s/3m0s  50.00 iters/s

running (1m43.0s), 599/600 VUs, 2684 complete and 0 interrupted iterations
a1     [  57% ] 599/600 VUs  1m43.0s/3m0s  50.00 iters/s

running (1m44.0s), 600/600 VUs, 2717 complete and 0 interrupted iterations
a1     [  58% ] 600/600 VUs  1m44.0s/3m0s  50.00 iters/s

running (1m45.0s), 580/600 VUs, 2773 complete and 0 interrupted iterations
a1     [  58% ] 580/600 VUs  1m45.0s/3m0s  50.00 iters/s

running (1m46.0s), 599/600 VUs, 2804 complete and 0 interrupted iterations
a1     [  59% ] 599/600 VUs  1m46.0s/3m0s  50.00 iters/s

running (1m47.0s), 600/600 VUs, 2804 complete and 0 interrupted iterations
a1     [  59% ] 600/600 VUs  1m47.0s/3m0s  50.00 iters/s

running (1m48.0s), 600/600 VUs, 2804 complete and 0 interrupted iterations
a1     [  60% ] 600/600 VUs  1m48.0s/3m0s  50.00 iters/s

running (1m49.0s), 600/600 VUs, 2837 complete and 0 interrupted iterations
a1     [  61% ] 600/600 VUs  1m49.0s/3m0s  50.00 iters/s

running (1m50.0s), 588/600 VUs, 2870 complete and 0 interrupted iterations
a1     [  61% ] 588/600 VUs  1m50.0s/3m0s  50.00 iters/s

running (1m51.0s), 600/600 VUs, 2870 complete and 0 interrupted iterations
a1     [  62% ] 600/600 VUs  1m51.0s/3m0s  50.00 iters/s

running (1m52.0s), 600/600 VUs, 2870 complete and 0 interrupted iterations
a1     [  62% ] 600/600 VUs  1m52.0s/3m0s  50.00 iters/s

running (1m53.0s), 600/600 VUs, 2870 complete and 0 interrupted iterations
a1     [  63% ] 600/600 VUs  1m53.0s/3m0s  50.00 iters/s

running (1m54.0s), 600/600 VUs, 2870 complete and 0 interrupted iterations
a1     [  63% ] 600/600 VUs  1m54.0s/3m0s  50.00 iters/s

running (1m55.0s), 590/600 VUs, 2882 complete and 0 interrupted iterations
a1     [  64% ] 590/600 VUs  1m55.0s/3m0s  50.00 iters/s

running (1m56.0s), 600/600 VUs, 2899 complete and 0 interrupted iterations
a1     [  64% ] 600/600 VUs  1m56.0s/3m0s  50.00 iters/s

running (1m57.0s), 600/600 VUs, 2921 complete and 0 interrupted iterations
a1     [  65% ] 600/600 VUs  1m57.0s/3m0s  50.00 iters/s

running (1m58.0s), 600/600 VUs, 2921 complete and 0 interrupted iterations
a1     [  66% ] 600/600 VUs  1m58.0s/3m0s  50.00 iters/s

running (1m59.0s), 600/600 VUs, 2924 complete and 0 interrupted iterations
a1     [  66% ] 600/600 VUs  1m59.0s/3m0s  50.00 iters/s

running (2m00.0s), 600/600 VUs, 2964 complete and 0 interrupted iterations
a1     [  67% ] 600/600 VUs  2m00.0s/3m0s  50.00 iters/s

running (2m01.0s), 600/600 VUs, 3000 complete and 0 interrupted iterations
a1     [  67% ] 600/600 VUs  2m01.0s/3m0s  50.00 iters/s

running (2m02.0s), 600/600 VUs, 3000 complete and 0 interrupted iterations
a1     [  68% ] 600/600 VUs  2m02.0s/3m0s  50.00 iters/s

running (2m03.0s), 600/600 VUs, 3000 complete and 0 interrupted iterations
a1     [  68% ] 600/600 VUs  2m03.0s/3m0s  50.00 iters/s

running (2m04.0s), 600/600 VUs, 3000 complete and 0 interrupted iterations
a1     [  69% ] 600/600 VUs  2m04.0s/3m0s  50.00 iters/s

running (2m05.0s), 600/600 VUs, 3000 complete and 0 interrupted iterations
a1     [  69% ] 600/600 VUs  2m05.0s/3m0s  50.00 iters/s

running (2m06.0s), 600/600 VUs, 3000 complete and 0 interrupted iterations
a1     [  70% ] 600/600 VUs  2m06.0s/3m0s  50.00 iters/s

running (2m07.0s), 600/600 VUs, 3000 complete and 0 interrupted iterations
a1     [  71% ] 600/600 VUs  2m07.0s/3m0s  50.00 iters/s

running (2m08.0s), 600/600 VUs, 3000 complete and 0 interrupted iterations
a1     [  71% ] 600/600 VUs  2m08.0s/3m0s  50.00 iters/s

running (2m09.0s), 600/600 VUs, 3000 complete and 0 interrupted iterations
a1     [  72% ] 600/600 VUs  2m09.0s/3m0s  50.00 iters/s

running (2m10.0s), 600/600 VUs, 3030 complete and 0 interrupted iterations
a1     [  72% ] 600/600 VUs  2m10.0s/3m0s  50.00 iters/s

running (2m11.0s), 591/600 VUs, 3057 complete and 0 interrupted iterations
a1     [  73% ] 591/600 VUs  2m11.0s/3m0s  50.00 iters/s

running (2m12.0s), 600/600 VUs, 3060 complete and 0 interrupted iterations
a1     [  73% ] 600/600 VUs  2m12.0s/3m0s  50.00 iters/s

running (2m13.0s), 600/600 VUs, 3079 complete and 0 interrupted iterations
a1     [  74% ] 600/600 VUs  2m13.0s/3m0s  50.00 iters/s

running (2m14.0s), 600/600 VUs, 3079 complete and 0 interrupted iterations
a1     [  74% ] 600/600 VUs  2m14.0s/3m0s  50.00 iters/s

running (2m15.0s), 600/600 VUs, 3104 complete and 0 interrupted iterations
a1     [  75% ] 600/600 VUs  2m15.0s/3m0s  50.00 iters/s

running (2m16.0s), 589/600 VUs, 3154 complete and 0 interrupted iterations
a1     [  76% ] 589/600 VUs  2m16.0s/3m0s  50.00 iters/s

running (2m17.0s), 600/600 VUs, 3154 complete and 0 interrupted iterations
a1     [  76% ] 600/600 VUs  2m17.0s/3m0s  50.00 iters/s

running (2m18.0s), 600/600 VUs, 3154 complete and 0 interrupted iterations
a1     [  77% ] 600/600 VUs  2m18.0s/3m0s  50.00 iters/s

running (2m19.0s), 600/600 VUs, 3154 complete and 0 interrupted iterations
a1     [  77% ] 600/600 VUs  2m19.0s/3m0s  50.00 iters/s

running (2m20.0s), 600/600 VUs, 3154 complete and 0 interrupted iterations
a1     [  78% ] 600/600 VUs  2m20.0s/3m0s  50.00 iters/s

running (2m21.0s), 600/600 VUs, 3154 complete and 0 interrupted iterations
a1     [  78% ] 600/600 VUs  2m21.0s/3m0s  50.00 iters/s

running (2m22.0s), 600/600 VUs, 3154 complete and 0 interrupted iterations
a1     [  79% ] 600/600 VUs  2m22.0s/3m0s  50.00 iters/s

running (2m23.0s), 600/600 VUs, 3163 complete and 0 interrupted iterations
a1     [  79% ] 600/600 VUs  2m23.0s/3m0s  50.00 iters/s

running (2m24.0s), 595/600 VUs, 3191 complete and 0 interrupted iterations
a1     [  80% ] 595/600 VUs  2m24.0s/3m0s  50.00 iters/s

running (2m25.0s), 600/600 VUs, 3200 complete and 0 interrupted iterations
a1     [  81% ] 600/600 VUs  2m25.0s/3m0s  50.00 iters/s

running (2m26.0s), 591/600 VUs, 3224 complete and 0 interrupted iterations
a1     [  81% ] 591/600 VUs  2m26.0s/3m0s  50.00 iters/s

running (2m27.0s), 586/600 VUs, 3253 complete and 0 interrupted iterations
a1     [  82% ] 586/600 VUs  2m27.0s/3m0s  50.00 iters/s

running (2m28.0s), 594/600 VUs, 3285 complete and 0 interrupted iterations
a1     [  82% ] 594/600 VUs  2m28.0s/3m0s  50.00 iters/s

running (2m29.0s), 577/600 VUs, 3346 complete and 0 interrupted iterations
a1     [  83% ] 577/600 VUs  2m29.0s/3m0s  50.00 iters/s

running (2m30.0s), 525/600 VUs, 3448 complete and 0 interrupted iterations
a1     [  83% ] 525/600 VUs  2m30.0s/3m0s  50.00 iters/s

running (2m31.0s), 538/600 VUs, 3485 complete and 0 interrupted iterations
a1     [  84% ] 538/600 VUs  2m31.0s/3m0s  50.00 iters/s

running (2m32.0s), 565/600 VUs, 3508 complete and 0 interrupted iterations
a1     [  84% ] 565/600 VUs  2m32.0s/3m0s  50.00 iters/s

running (2m33.0s), 590/600 VUs, 3525 complete and 0 interrupted iterations
a1     [  85% ] 590/600 VUs  2m33.0s/3m0s  50.00 iters/s

running (2m34.0s), 600/600 VUs, 3535 complete and 0 interrupted iterations
a1     [  86% ] 600/600 VUs  2m34.0s/3m0s  50.00 iters/s

running (2m35.0s), 585/600 VUs, 3567 complete and 0 interrupted iterations
a1     [  86% ] 585/600 VUs  2m35.0s/3m0s  50.00 iters/s

running (2m36.0s), 600/600 VUs, 3567 complete and 0 interrupted iterations
a1     [  87% ] 600/600 VUs  2m36.0s/3m0s  50.00 iters/s

running (2m37.0s), 600/600 VUs, 3599 complete and 0 interrupted iterations
a1     [  87% ] 600/600 VUs  2m37.0s/3m0s  50.00 iters/s

running (2m38.0s), 597/600 VUs, 3623 complete and 0 interrupted iterations
a1     [  88% ] 597/600 VUs  2m38.0s/3m0s  50.00 iters/s

running (2m39.0s), 586/600 VUs, 3640 complete and 0 interrupted iterations
a1     [  88% ] 586/600 VUs  2m39.0s/3m0s  50.00 iters/s

running (2m40.0s), 600/600 VUs, 3651 complete and 0 interrupted iterations
a1     [  89% ] 600/600 VUs  2m40.0s/3m0s  50.00 iters/s

running (2m41.0s), 600/600 VUs, 3680 complete and 0 interrupted iterations
a1     [  89% ] 600/600 VUs  2m41.0s/3m0s  50.00 iters/s

running (2m42.0s), 590/600 VUs, 3698 complete and 0 interrupted iterations
a1     [  90% ] 590/600 VUs  2m42.0s/3m0s  50.00 iters/s

running (2m43.0s), 600/600 VUs, 3698 complete and 0 interrupted iterations
a1     [  91% ] 600/600 VUs  2m43.0s/3m0s  50.00 iters/s

running (2m44.0s), 600/600 VUs, 3714 complete and 0 interrupted iterations
a1     [  91% ] 600/600 VUs  2m44.0s/3m0s  50.00 iters/s

running (2m45.0s), 597/600 VUs, 3735 complete and 0 interrupted iterations
a1     [  92% ] 597/600 VUs  2m45.0s/3m0s  50.00 iters/s

running (2m46.0s), 600/600 VUs, 3762 complete and 0 interrupted iterations
a1     [  92% ] 600/600 VUs  2m46.0s/3m0s  50.00 iters/s

running (2m47.0s), 600/600 VUs, 3799 complete and 0 interrupted iterations
a1     [  93% ] 600/600 VUs  2m47.0s/3m0s  50.00 iters/s

running (2m48.0s), 597/600 VUs, 3803 complete and 0 interrupted iterations
a1     [  93% ] 597/600 VUs  2m48.0s/3m0s  50.00 iters/s

running (2m49.0s), 600/600 VUs, 3811 complete and 0 interrupted iterations
a1     [  94% ] 600/600 VUs  2m49.0s/3m0s  50.00 iters/s

running (2m50.0s), 600/600 VUs, 3820 complete and 0 interrupted iterations
a1     [  94% ] 600/600 VUs  2m50.0s/3m0s  50.00 iters/s

running (2m51.0s), 600/600 VUs, 3820 complete and 0 interrupted iterations
a1     [  95% ] 600/600 VUs  2m51.0s/3m0s  50.00 iters/s

running (2m52.0s), 600/600 VUs, 3829 complete and 0 interrupted iterations
a1     [  96% ] 600/600 VUs  2m52.0s/3m0s  50.00 iters/s

running (2m53.0s), 600/600 VUs, 3830 complete and 0 interrupted iterations
a1     [  96% ] 600/600 VUs  2m53.0s/3m0s  50.00 iters/s

running (2m54.0s), 600/600 VUs, 3830 complete and 0 interrupted iterations
a1     [  97% ] 600/600 VUs  2m54.0s/3m0s  50.00 iters/s

running (2m55.0s), 600/600 VUs, 3830 complete and 0 interrupted iterations
a1     [  97% ] 600/600 VUs  2m55.0s/3m0s  50.00 iters/s

running (2m56.0s), 600/600 VUs, 3830 complete and 0 interrupted iterations
a1     [  98% ] 600/600 VUs  2m56.0s/3m0s  50.00 iters/s

running (2m57.0s), 600/600 VUs, 3830 complete and 0 interrupted iterations
a1     [  98% ] 600/600 VUs  2m57.0s/3m0s  50.00 iters/s

running (2m58.0s), 600/600 VUs, 3830 complete and 0 interrupted iterations
a1     [  99% ] 600/600 VUs  2m58.0s/3m0s  50.00 iters/s

running (2m59.0s), 600/600 VUs, 3854 complete and 0 interrupted iterations
a1     [  99% ] 600/600 VUs  2m59.0s/3m0s  50.00 iters/s

running (3m00.0s), 600/600 VUs, 3854 complete and 0 interrupted iterations
a1     [ 100% ] 600/600 VUs  3m00.0s/3m0s  50.00 iters/s

running (3m01.0s), 555/600 VUs, 3899 complete and 0 interrupted iterations
a1   ↓ [ 100% ] 600/600 VUs  3m0s  50.00 iters/s

running (3m02.0s), 555/600 VUs, 3899 complete and 0 interrupted iterations
a1   ↓ [ 100% ] 600/600 VUs  3m0s  50.00 iters/s

running (3m03.0s), 534/600 VUs, 3920 complete and 0 interrupted iterations
a1   ↓ [ 100% ] 600/600 VUs  3m0s  50.00 iters/s

running (3m04.0s), 514/600 VUs, 3940 complete and 0 interrupted iterations
a1   ↓ [ 100% ] 600/600 VUs  3m0s  50.00 iters/s

running (3m05.0s), 485/600 VUs, 3969 complete and 0 interrupted iterations
a1   ↓ [ 100% ] 600/600 VUs  3m0s  50.00 iters/s

running (3m06.0s), 477/600 VUs, 3977 complete and 0 interrupted iterations
a1   ↓ [ 100% ] 600/600 VUs  3m0s  50.00 iters/s

running (3m07.0s), 456/600 VUs, 3998 complete and 0 interrupted iterations
a1   ↓ [ 100% ] 600/600 VUs  3m0s  50.00 iters/s

running (3m08.0s), 400/600 VUs, 4054 complete and 0 interrupted iterations
a1   ↓ [ 100% ] 600/600 VUs  3m0s  50.00 iters/s

running (3m09.0s), 355/600 VUs, 4099 complete and 0 interrupted iterations
a1   ↓ [ 100% ] 600/600 VUs  3m0s  50.00 iters/s

running (3m10.0s), 355/600 VUs, 4099 complete and 0 interrupted iterations
a1   ↓ [ 100% ] 600/600 VUs  3m0s  50.00 iters/s

running (3m11.0s), 355/600 VUs, 4099 complete and 0 interrupted iterations
a1   ↓ [ 100% ] 600/600 VUs  3m0s  50.00 iters/s

running (3m12.0s), 355/600 VUs, 4099 complete and 0 interrupted iterations
a1   ↓ [ 100% ] 600/600 VUs  3m0s  50.00 iters/s

running (3m13.0s), 355/600 VUs, 4099 complete and 0 interrupted iterations
a1   ↓ [ 100% ] 600/600 VUs  3m0s  50.00 iters/s

running (3m14.0s), 355/600 VUs, 4099 complete and 0 interrupted iterations
a1   ↓ [ 100% ] 600/600 VUs  3m0s  50.00 iters/s

running (3m15.0s), 355/600 VUs, 4099 complete and 0 interrupted iterations
a1   ↓ [ 100% ] 600/600 VUs  3m0s  50.00 iters/s

running (3m16.0s), 338/600 VUs, 4116 complete and 0 interrupted iterations
a1   ↓ [ 100% ] 600/600 VUs  3m0s  50.00 iters/s

running (3m17.0s), 338/600 VUs, 4116 complete and 0 interrupted iterations
a1   ↓ [ 100% ] 600/600 VUs  3m0s  50.00 iters/s

running (3m18.0s), 338/600 VUs, 4116 complete and 0 interrupted iterations
a1   ↓ [ 100% ] 600/600 VUs  3m0s  50.00 iters/s

running (3m19.0s), 338/600 VUs, 4116 complete and 0 interrupted iterations
a1   ↓ [ 100% ] 600/600 VUs  3m0s  50.00 iters/s

running (3m20.0s), 338/600 VUs, 4116 complete and 0 interrupted iterations
a1   ↓ [ 100% ] 600/600 VUs  3m0s  50.00 iters/s

running (3m21.0s), 338/600 VUs, 4116 complete and 0 interrupted iterations
a1   ↓ [ 100% ] 600/600 VUs  3m0s  50.00 iters/s

running (3m22.0s), 336/600 VUs, 4118 complete and 0 interrupted iterations
a1   ↓ [ 100% ] 600/600 VUs  3m0s  50.00 iters/s

running (3m23.0s), 316/600 VUs, 4138 complete and 0 interrupted iterations
a1   ↓ [ 100% ] 600/600 VUs  3m0s  50.00 iters/s

running (3m24.0s), 273/600 VUs, 4181 complete and 0 interrupted iterations
a1   ↓ [ 100% ] 600/600 VUs  3m0s  50.00 iters/s

running (3m25.0s), 273/600 VUs, 4181 complete and 0 interrupted iterations
a1   ↓ [ 100% ] 600/600 VUs  3m0s  50.00 iters/s

running (3m26.0s), 240/600 VUs, 4214 complete and 0 interrupted iterations
a1   ↓ [ 100% ] 600/600 VUs  3m0s  50.00 iters/s

running (3m27.0s), 205/600 VUs, 4249 complete and 0 interrupted iterations
a1   ↓ [ 100% ] 600/600 VUs  3m0s  50.00 iters/s

running (3m28.0s), 205/600 VUs, 4249 complete and 0 interrupted iterations
a1   ↓ [ 100% ] 600/600 VUs  3m0s  50.00 iters/s

running (3m29.0s), 084/600 VUs, 4370 complete and 0 interrupted iterations
a1   ↓ [ 100% ] 600/600 VUs  3m0s  50.00 iters/s


  █ THRESHOLDS 

    http_req_failed
    ✓ 'rate<0.05' rate=0.03%


  █ TOTAL RESULTS 

    checks_total.......: 13360  63.886469/s
    checks_succeeded...: 99.96% 13355 out of 13360
    checks_failed......: 0.03%  5 out of 13360

    ✓ initiated
    ✗ validated
      ↳  99% — ✓ 4452 / ✗ 2
    ✗ terminal
      ↳  99% — ✓ 4449 / ✗ 3

    CUSTOM
    a1_lifecycle_duration..........: avg=20.12s min=7ms    med=22.19s p(95)=49.34s p(99)=56.44s max=1m8s  
    a1_lifecycles_completed........: 4449   21.274768/s
    a1_transitions_committed.......: 13355  63.862559/s

    HTTP
    http_req_duration..............: avg=6.72s  min=2.02ms med=3.74s  p(95)=22.59s p(99)=29.19s max=40.92s
      { expected_response:true }...: avg=6.71s  min=2.02ms med=3.74s  p(95)=22.57s p(99)=28.83s max=40.92s
    http_req_failed................: 0.03%  5 out of 13360
    http_reqs......................: 13360  63.886469/s

    EXECUTION
    dropped_iterations.............: 4547   21.743396/s
    iteration_duration.............: avg=20.16s min=7.6ms  med=22.22s p(95)=49.42s p(99)=56.48s max=1m8s  
    iterations.....................: 4454   21.298678/s
    vus............................: 84     min=1          max=600
    vus_max........................: 600    min=100        max=600

    NETWORK
    data_received..................: 5.1 MB 24 kB/s
    data_sent......................: 2.9 MB 14 kB/s




running (3m29.1s), 000/600 VUs, 4454 complete and 0 interrupted iterations
a1   ✓ [ 100% ] 000/600 VUs  3m0s  50.00 iters/s
