[10:23:22] === RUN CDC-C2WIDE-r1-20260910102322 ===
[10:23:22] mode=CDC profile=C2WIDE rep=1 tps=50 duration=180s fault=none
[10:23:22] jar: target/master-thesis-observability-0.0.1-SNAPSHOT.jar
[10:23:22] arxiv redo tozalanmoqda
[10:23:23] workload tozalanmoqda (reference saqlanadi)
workload reset; reference data preserved
AQ backlog purged: 0 -> 0
[10:23:27] Kafka topigi qayta yaratilmoqda
[10:23:36] ilova ishga tushirilmoqda (mode=CDC)
[10:23:49] ilova tayyor (pid 815138)
[10:23:49] Debezium konnektori ro'yxatdan o'tkazilmoqda (CDC, prefix=obsv_cdc_c2wide_r1_20260910102322)
C2 shabloni ishlatilmoqda: docker/connect/connectors/cdc-wide.json.tmpl
konnektor ro'yxatdan o'tkazilmoqda: a1-cdc-obsv_cdc_c2wide_r1_20260910102322 (prefix=obsv_cdc_c2wide_r1_20260910102322)
konnektor RUNNING (2s)
streaming tasdiqlanmoqda (heartbeat topigi: __debezium-heartbeat.obsv_cdc_c2wide_r1_20260910102322)
streaming tasdiqlandi (1 urinish)
[10:23:56] k6 yuklamasi boshlandi
[10:27:26] k6 iteratsiyalari: 4454
[10:27:26] qat'iy settle: 45s (o'lchov oynasi ikkala qo'lda bir xil)
[10:28:13] pipeline bo'shashi kutilmoqda (maks 120s)
[10:28:37] pipeline bo'sh (15s, sink=13355 / gt=13355)
[10:28:47] ground truth eksport qilinmoqda
[10:28:49] Kafka topigi eksport qilinmoqda
[10:28:59] tahlil
{
  "mode": "CDC",
  "profile": "C2WIDE",
  "rep": "1",
  "fault": "none",
  "ground_truth_transitions": 13355,
  "delivered_distinct": 13355,
  "delivered_total": 13355,
  "matched": 13355,
  "missing": 0,
  "phantom": 0,
  "malformed": 0,
  "loss_rate": 0.0,
  "loss_rate_ppm": 0.0,
  "duplicate_rate": 0.0,
  "ordering_violation_rate": 0.0,
  "txns_split_across_partitions": 0,
  "latency_ms_p50": 19625,
  "latency_ms_p95": 51463,
  "latency_ms_p99": 56074,
  "latency_ms_max": 57253,
  "latency_ms_mean": 23303.5,
  "latency_samples": 13355,
  "latency_negative_samples": 0,
  "loss_rate_upper_bound_95_ppm": 224.63
}
[10:29:00] ilova va konnektor to'xtatilmoqda
connector o'chirilmoqda: a1-cdc-obsv_cdc_c2wide_r1_20260910102322
[10:29:16] === TUGADI: results/CDC-C2WIDE-r1-20260910102322 ===
