
         /\      Grafana   /‾‾/  
    /\  /  \     |\  __   /  /   
   /  \/    \    | |/ /  /   ‾‾\ 
  /          \   |   (  |  (‾)  |
 / __________ \  |_|\_\  \_____/ 


     execution: local
        script: harness/k6/a1-workload.js
        output: -

     scenarios: (100.00%) 1 scenario, 600 max VUs, 3m30s max duration (incl. graceful stop):
              * a1: 50.00 iterations/s for 3m0s (maxVUs: 100-600, gracefulStop: 30s)


running (0m01.0s), 049/100 VUs, 0 complete and 0 interrupted iterations
a1     [   1% ] 049/100 VUs  0m01.0s/3m0s  50.00 iters/s

running (0m02.0s), 029/100 VUs, 70 complete and 0 interrupted iterations
a1     [   1% ] 029/100 VUs  0m02.0s/3m0s  50.00 iters/s

running (0m03.0s), 002/100 VUs, 147 complete and 0 interrupted iterations
a1     [   2% ] 002/100 VUs  0m03.0s/3m0s  50.00 iters/s

running (0m04.0s), 001/100 VUs, 198 complete and 0 interrupted iterations
a1     [   2% ] 001/100 VUs  0m04.0s/3m0s  50.00 iters/s

running (0m05.0s), 002/100 VUs, 247 complete and 0 interrupted iterations
a1     [   3% ] 002/100 VUs  0m05.0s/3m0s  50.00 iters/s

running (0m06.0s), 001/100 VUs, 298 complete and 0 interrupted iterations
a1     [   3% ] 001/100 VUs  0m06.0s/3m0s  50.00 iters/s

running (0m07.0s), 001/100 VUs, 348 complete and 0 interrupted iterations
a1     [   4% ] 001/100 VUs  0m07.0s/3m0s  50.00 iters/s

running (0m08.0s), 001/100 VUs, 398 complete and 0 interrupted iterations
a1     [   4% ] 001/100 VUs  0m08.0s/3m0s  50.00 iters/s

running (0m09.0s), 002/100 VUs, 447 complete and 0 interrupted iterations
a1     [   5% ] 002/100 VUs  0m09.0s/3m0s  50.00 iters/s

running (0m10.0s), 001/100 VUs, 498 complete and 0 interrupted iterations
a1     [   6% ] 001/100 VUs  0m10.0s/3m0s  50.00 iters/s

running (0m11.0s), 001/100 VUs, 548 complete and 0 interrupted iterations
a1     [   6% ] 001/100 VUs  0m11.0s/3m0s  50.00 iters/s

running (0m12.0s), 001/100 VUs, 598 complete and 0 interrupted iterations
a1     [   7% ] 001/100 VUs  0m12.0s/3m0s  50.00 iters/s

running (0m13.0s), 001/100 VUs, 648 complete and 0 interrupted iterations
a1     [   7% ] 001/100 VUs  0m13.0s/3m0s  50.00 iters/s

running (0m14.0s), 001/100 VUs, 698 complete and 0 interrupted iterations
a1     [   8% ] 001/100 VUs  0m14.0s/3m0s  50.00 iters/s

running (0m15.0s), 002/100 VUs, 747 complete and 0 interrupted iterations
a1     [   8% ] 002/100 VUs  0m15.0s/3m0s  50.00 iters/s

running (0m16.0s), 001/100 VUs, 798 complete and 0 interrupted iterations
a1     [   9% ] 001/100 VUs  0m16.0s/3m0s  50.00 iters/s

running (0m17.0s), 002/100 VUs, 847 complete and 0 interrupted iterations
a1     [   9% ] 002/100 VUs  0m17.0s/3m0s  50.00 iters/s

running (0m18.0s), 008/100 VUs, 891 complete and 0 interrupted iterations
a1     [  10% ] 008/100 VUs  0m18.0s/3m0s  50.00 iters/s

running (0m19.0s), 001/100 VUs, 948 complete and 0 interrupted iterations
a1     [  11% ] 001/100 VUs  0m19.0s/3m0s  50.00 iters/s

running (0m20.0s), 002/100 VUs, 997 complete and 0 interrupted iterations
a1     [  11% ] 002/100 VUs  0m20.0s/3m0s  50.00 iters/s

running (0m21.0s), 002/100 VUs, 1047 complete and 0 interrupted iterations
a1     [  12% ] 002/100 VUs  0m21.0s/3m0s  50.00 iters/s

running (0m22.0s), 002/100 VUs, 1097 complete and 0 interrupted iterations
a1     [  12% ] 002/100 VUs  0m22.0s/3m0s  50.00 iters/s

running (0m23.0s), 002/100 VUs, 1147 complete and 0 interrupted iterations
a1     [  13% ] 002/100 VUs  0m23.0s/3m0s  50.00 iters/s

running (0m24.0s), 001/100 VUs, 1198 complete and 0 interrupted iterations
a1     [  13% ] 001/100 VUs  0m24.0s/3m0s  50.00 iters/s

running (0m25.0s), 001/100 VUs, 1248 complete and 0 interrupted iterations
a1     [  14% ] 001/100 VUs  0m25.0s/3m0s  50.00 iters/s

running (0m26.0s), 002/100 VUs, 1297 complete and 0 interrupted iterations
a1     [  14% ] 002/100 VUs  0m26.0s/3m0s  50.00 iters/s

running (0m27.0s), 001/100 VUs, 1348 complete and 0 interrupted iterations
a1     [  15% ] 001/100 VUs  0m27.0s/3m0s  50.00 iters/s

running (0m28.0s), 001/100 VUs, 1398 complete and 0 interrupted iterations
a1     [  16% ] 001/100 VUs  0m28.0s/3m0s  50.00 iters/s

running (0m29.0s), 001/100 VUs, 1448 complete and 0 interrupted iterations
a1     [  16% ] 001/100 VUs  0m29.0s/3m0s  50.00 iters/s

running (0m30.0s), 001/100 VUs, 1498 complete and 0 interrupted iterations
a1     [  17% ] 001/100 VUs  0m30.0s/3m0s  50.00 iters/s

running (0m31.0s), 001/100 VUs, 1548 complete and 0 interrupted iterations
a1     [  17% ] 001/100 VUs  0m31.0s/3m0s  50.00 iters/s

running (0m32.0s), 001/100 VUs, 1598 complete and 0 interrupted iterations
a1     [  18% ] 001/100 VUs  0m32.0s/3m0s  50.00 iters/s

running (0m33.0s), 001/100 VUs, 1648 complete and 0 interrupted iterations
a1     [  18% ] 001/100 VUs  0m33.0s/3m0s  50.00 iters/s

running (0m34.0s), 001/100 VUs, 1698 complete and 0 interrupted iterations
a1     [  19% ] 001/100 VUs  0m34.0s/3m0s  50.00 iters/s

running (0m35.0s), 001/100 VUs, 1748 complete and 0 interrupted iterations
a1     [  19% ] 001/100 VUs  0m35.0s/3m0s  50.00 iters/s

running (0m36.0s), 001/100 VUs, 1798 complete and 0 interrupted iterations
a1     [  20% ] 001/100 VUs  0m36.0s/3m0s  50.00 iters/s

running (0m37.0s), 002/100 VUs, 1847 complete and 0 interrupted iterations
a1     [  21% ] 002/100 VUs  0m37.0s/3m0s  50.00 iters/s

running (0m38.0s), 001/100 VUs, 1898 complete and 0 interrupted iterations
a1     [  21% ] 001/100 VUs  0m38.0s/3m0s  50.00 iters/s

running (0m39.0s), 001/100 VUs, 1948 complete and 0 interrupted iterations
a1     [  22% ] 001/100 VUs  0m39.0s/3m0s  50.00 iters/s

running (0m40.0s), 001/100 VUs, 1998 complete and 0 interrupted iterations
a1     [  22% ] 001/100 VUs  0m40.0s/3m0s  50.00 iters/s

running (0m41.0s), 001/100 VUs, 2048 complete and 0 interrupted iterations
a1     [  23% ] 001/100 VUs  0m41.0s/3m0s  50.00 iters/s

running (0m42.0s), 001/100 VUs, 2098 complete and 0 interrupted iterations
a1     [  23% ] 001/100 VUs  0m42.0s/3m0s  50.00 iters/s

running (0m43.0s), 001/100 VUs, 2148 complete and 0 interrupted iterations
a1     [  24% ] 001/100 VUs  0m43.0s/3m0s  50.00 iters/s

running (0m44.0s), 001/100 VUs, 2198 complete and 0 interrupted iterations
a1     [  24% ] 001/100 VUs  0m44.0s/3m0s  50.00 iters/s

running (0m45.0s), 002/100 VUs, 2247 complete and 0 interrupted iterations
a1     [  25% ] 002/100 VUs  0m45.0s/3m0s  50.00 iters/s

running (0m46.0s), 001/100 VUs, 2298 complete and 0 interrupted iterations
a1     [  26% ] 001/100 VUs  0m46.0s/3m0s  50.00 iters/s

running (0m47.0s), 001/100 VUs, 2348 complete and 0 interrupted iterations
a1     [  26% ] 001/100 VUs  0m47.0s/3m0s  50.00 iters/s

running (0m48.0s), 001/100 VUs, 2398 complete and 0 interrupted iterations
a1     [  27% ] 001/100 VUs  0m48.0s/3m0s  50.00 iters/s

running (0m49.0s), 001/100 VUs, 2448 complete and 0 interrupted iterations
a1     [  27% ] 001/100 VUs  0m49.0s/3m0s  50.00 iters/s

running (0m50.0s), 001/100 VUs, 2498 complete and 0 interrupted iterations
a1     [  28% ] 001/100 VUs  0m50.0s/3m0s  50.00 iters/s

running (0m51.0s), 001/100 VUs, 2548 complete and 0 interrupted iterations
a1     [  28% ] 001/100 VUs  0m51.0s/3m0s  50.00 iters/s

running (0m52.0s), 001/100 VUs, 2598 complete and 0 interrupted iterations
a1     [  29% ] 001/100 VUs  0m52.0s/3m0s  50.00 iters/s

running (0m53.0s), 001/100 VUs, 2648 complete and 0 interrupted iterations
a1     [  29% ] 001/100 VUs  0m53.0s/3m0s  50.00 iters/s

running (0m54.0s), 001/100 VUs, 2698 complete and 0 interrupted iterations
a1     [  30% ] 001/100 VUs  0m54.0s/3m0s  50.00 iters/s

running (0m55.0s), 001/100 VUs, 2748 complete and 0 interrupted iterations
a1     [  31% ] 001/100 VUs  0m55.0s/3m0s  50.00 iters/s

running (0m56.0s), 001/100 VUs, 2798 complete and 0 interrupted iterations
a1     [  31% ] 001/100 VUs  0m56.0s/3m0s  50.00 iters/s

running (0m57.0s), 001/100 VUs, 2848 complete and 0 interrupted iterations
a1     [  32% ] 001/100 VUs  0m57.0s/3m0s  50.00 iters/s

running (0m58.0s), 001/100 VUs, 2898 complete and 0 interrupted iterations
a1     [  32% ] 001/100 VUs  0m58.0s/3m0s  50.00 iters/s

running (0m59.0s), 001/100 VUs, 2948 complete and 0 interrupted iterations
a1     [  33% ] 001/100 VUs  0m59.0s/3m0s  50.00 iters/s

running (1m00.0s), 001/100 VUs, 2998 complete and 0 interrupted iterations
a1     [  33% ] 001/100 VUs  1m00.0s/3m0s  50.00 iters/s

running (1m01.0s), 001/100 VUs, 3048 complete and 0 interrupted iterations
a1     [  34% ] 001/100 VUs  1m01.0s/3m0s  50.00 iters/s

running (1m02.0s), 001/100 VUs, 3098 complete and 0 interrupted iterations
a1     [  34% ] 001/100 VUs  1m02.0s/3m0s  50.00 iters/s

running (1m03.0s), 032/100 VUs, 3117 complete and 0 interrupted iterations
a1     [  35% ] 032/100 VUs  1m03.0s/3m0s  50.00 iters/s

running (1m04.0s), 082/100 VUs, 3117 complete and 0 interrupted iterations
a1     [  36% ] 082/100 VUs  1m04.0s/3m0s  50.00 iters/s

running (1m05.0s), 116/116 VUs, 3117 complete and 0 interrupted iterations
a1     [  36% ] 116/116 VUs  1m05.0s/3m0s  50.00 iters/s

running (1m06.0s), 141/141 VUs, 3117 complete and 0 interrupted iterations
a1     [  37% ] 141/141 VUs  1m06.0s/3m0s  50.00 iters/s

running (1m07.0s), 149/162 VUs, 3138 complete and 0 interrupted iterations
a1     [  37% ] 149/162 VUs  1m07.0s/3m0s  50.00 iters/s

running (1m08.0s), 001/162 VUs, 3336 complete and 0 interrupted iterations
a1     [  38% ] 001/162 VUs  1m08.0s/3m0s  50.00 iters/s

running (1m09.0s), 001/162 VUs, 3386 complete and 0 interrupted iterations
a1     [  38% ] 001/162 VUs  1m09.0s/3m0s  50.00 iters/s

running (1m10.0s), 002/162 VUs, 3435 complete and 0 interrupted iterations
a1     [  39% ] 002/162 VUs  1m10.0s/3m0s  50.00 iters/s

running (1m11.0s), 001/162 VUs, 3486 complete and 0 interrupted iterations
a1     [  39% ] 001/162 VUs  1m11.0s/3m0s  50.00 iters/s

running (1m12.0s), 001/162 VUs, 3536 complete and 0 interrupted iterations
a1     [  40% ] 001/162 VUs  1m12.0s/3m0s  50.00 iters/s

running (1m13.0s), 001/162 VUs, 3586 complete and 0 interrupted iterations
a1     [  41% ] 001/162 VUs  1m13.0s/3m0s  50.00 iters/s

running (1m14.0s), 009/162 VUs, 3628 complete and 0 interrupted iterations
a1     [  41% ] 009/162 VUs  1m14.0s/3m0s  50.00 iters/s

running (1m15.0s), 009/162 VUs, 3678 complete and 0 interrupted iterations
a1     [  42% ] 009/162 VUs  1m15.0s/3m0s  50.00 iters/s

running (1m16.0s), 004/162 VUs, 3733 complete and 0 interrupted iterations
a1     [  42% ] 004/162 VUs  1m16.0s/3m0s  50.00 iters/s

running (1m17.0s), 009/162 VUs, 3778 complete and 0 interrupted iterations
a1     [  43% ] 009/162 VUs  1m17.0s/3m0s  50.00 iters/s

running (1m18.0s), 004/162 VUs, 3833 complete and 0 interrupted iterations
a1     [  43% ] 004/162 VUs  1m18.0s/3m0s  50.00 iters/s

running (1m19.0s), 004/162 VUs, 3883 complete and 0 interrupted iterations
a1     [  44% ] 004/162 VUs  1m19.0s/3m0s  50.00 iters/s

running (1m20.0s), 001/162 VUs, 3936 complete and 0 interrupted iterations
a1     [  44% ] 001/162 VUs  1m20.0s/3m0s  50.00 iters/s

running (1m21.0s), 002/162 VUs, 3985 complete and 0 interrupted iterations
a1     [  45% ] 002/162 VUs  1m21.0s/3m0s  50.00 iters/s

running (1m22.0s), 001/162 VUs, 4036 complete and 0 interrupted iterations
a1     [  46% ] 001/162 VUs  1m22.0s/3m0s  50.00 iters/s

running (1m23.0s), 001/162 VUs, 4086 complete and 0 interrupted iterations
a1     [  46% ] 001/162 VUs  1m23.0s/3m0s  50.00 iters/s

running (1m24.0s), 002/162 VUs, 4135 complete and 0 interrupted iterations
a1     [  47% ] 002/162 VUs  1m24.0s/3m0s  50.00 iters/s

running (1m25.0s), 019/162 VUs, 4168 complete and 0 interrupted iterations
a1     [  47% ] 019/162 VUs  1m25.0s/3m0s  50.00 iters/s

running (1m26.0s), 011/162 VUs, 4226 complete and 0 interrupted iterations
a1     [  48% ] 011/162 VUs  1m26.0s/3m0s  50.00 iters/s

running (1m27.0s), 002/162 VUs, 4285 complete and 0 interrupted iterations
a1     [  48% ] 002/162 VUs  1m27.0s/3m0s  50.00 iters/s

running (1m28.0s), 001/162 VUs, 4336 complete and 0 interrupted iterations
a1     [  49% ] 001/162 VUs  1m28.0s/3m0s  50.00 iters/s

running (1m29.0s), 002/162 VUs, 4385 complete and 0 interrupted iterations
a1     [  49% ] 002/162 VUs  1m29.0s/3m0s  50.00 iters/s

running (1m30.0s), 001/162 VUs, 4436 complete and 0 interrupted iterations
a1     [  50% ] 001/162 VUs  1m30.0s/3m0s  50.00 iters/s

running (1m31.0s), 001/162 VUs, 4486 complete and 0 interrupted iterations
a1     [  51% ] 001/162 VUs  1m31.0s/3m0s  50.00 iters/s

running (1m32.0s), 008/162 VUs, 4529 complete and 0 interrupted iterations
a1     [  51% ] 008/162 VUs  1m32.0s/3m0s  50.00 iters/s

running (1m33.0s), 015/162 VUs, 4572 complete and 0 interrupted iterations
a1     [  52% ] 015/162 VUs  1m33.0s/3m0s  50.00 iters/s

running (1m34.0s), 008/162 VUs, 4629 complete and 0 interrupted iterations
a1     [  52% ] 008/162 VUs  1m34.0s/3m0s  50.00 iters/s

running (1m35.0s), 009/162 VUs, 4678 complete and 0 interrupted iterations
a1     [  53% ] 009/162 VUs  1m35.0s/3m0s  50.00 iters/s

running (1m36.0s), 014/162 VUs, 4723 complete and 0 interrupted iterations
a1     [  53% ] 014/162 VUs  1m36.0s/3m0s  50.00 iters/s

running (1m37.0s), 020/162 VUs, 4767 complete and 0 interrupted iterations
a1     [  54% ] 020/162 VUs  1m37.0s/3m0s  50.00 iters/s

running (1m38.0s), 011/162 VUs, 4826 complete and 0 interrupted iterations
a1     [  54% ] 011/162 VUs  1m38.0s/3m0s  50.00 iters/s

running (1m39.0s), 014/162 VUs, 4873 complete and 0 interrupted iterations
a1     [  55% ] 014/162 VUs  1m39.0s/3m0s  50.00 iters/s

running (1m40.0s), 005/162 VUs, 4932 complete and 0 interrupted iterations
a1     [  56% ] 005/162 VUs  1m40.0s/3m0s  50.00 iters/s

running (1m41.0s), 001/162 VUs, 4986 complete and 0 interrupted iterations
a1     [  56% ] 001/162 VUs  1m41.0s/3m0s  50.00 iters/s

running (1m42.0s), 001/162 VUs, 5036 complete and 0 interrupted iterations
a1     [  57% ] 001/162 VUs  1m42.0s/3m0s  50.00 iters/s

running (1m43.0s), 001/162 VUs, 5086 complete and 0 interrupted iterations
a1     [  57% ] 001/162 VUs  1m43.0s/3m0s  50.00 iters/s

running (1m44.0s), 002/162 VUs, 5135 complete and 0 interrupted iterations
a1     [  58% ] 002/162 VUs  1m44.0s/3m0s  50.00 iters/s

running (1m45.0s), 001/162 VUs, 5186 complete and 0 interrupted iterations
a1     [  58% ] 001/162 VUs  1m45.0s/3m0s  50.00 iters/s

running (1m46.0s), 028/162 VUs, 5209 complete and 0 interrupted iterations
a1     [  59% ] 028/162 VUs  1m46.0s/3m0s  50.00 iters/s

running (1m47.0s), 009/162 VUs, 5278 complete and 0 interrupted iterations
a1     [  59% ] 009/162 VUs  1m47.0s/3m0s  50.00 iters/s

running (1m48.0s), 001/162 VUs, 5336 complete and 0 interrupted iterations
a1     [  60% ] 001/162 VUs  1m48.0s/3m0s  50.00 iters/s

running (1m49.0s), 001/162 VUs, 5386 complete and 0 interrupted iterations
a1     [  61% ] 001/162 VUs  1m49.0s/3m0s  50.00 iters/s

running (1m50.0s), 035/162 VUs, 5402 complete and 0 interrupted iterations
a1     [  61% ] 035/162 VUs  1m50.0s/3m0s  50.00 iters/s

running (1m51.0s), 084/162 VUs, 5403 complete and 0 interrupted iterations
a1     [  62% ] 084/162 VUs  1m51.0s/3m0s  50.00 iters/s

running (1m52.0s), 001/162 VUs, 5536 complete and 0 interrupted iterations
a1     [  62% ] 001/162 VUs  1m52.0s/3m0s  50.00 iters/s
time="2026-09-09T18:37:26+05:00" level=warning msg="The test has generated metrics with 100030 unique time series, which is higher than the suggested limit of 100000 and could cause high memory usage. Consider not using high-cardinality values like unique IDs as metric tags or, if you need them in the URL, use the name metric tag or URL grouping. See https://grafana.com/docs/k6/latest/using-k6/tags-and-groups/ for details." component=metrics-engine-ingester

running (1m53.0s), 001/162 VUs, 5586 complete and 0 interrupted iterations
a1     [  63% ] 001/162 VUs  1m53.0s/3m0s  50.00 iters/s

running (1m54.0s), 001/162 VUs, 5636 complete and 0 interrupted iterations
a1     [  63% ] 001/162 VUs  1m54.0s/3m0s  50.00 iters/s

running (1m55.0s), 001/162 VUs, 5686 complete and 0 interrupted iterations
a1     [  64% ] 001/162 VUs  1m55.0s/3m0s  50.00 iters/s

running (1m56.0s), 001/162 VUs, 5736 complete and 0 interrupted iterations
a1     [  64% ] 001/162 VUs  1m56.0s/3m0s  50.00 iters/s

running (1m57.0s), 001/162 VUs, 5786 complete and 0 interrupted iterations
a1     [  65% ] 001/162 VUs  1m57.0s/3m0s  50.00 iters/s

running (1m58.0s), 001/162 VUs, 5836 complete and 0 interrupted iterations
a1     [  66% ] 001/162 VUs  1m58.0s/3m0s  50.00 iters/s

running (1m59.0s), 001/162 VUs, 5886 complete and 0 interrupted iterations
a1     [  66% ] 001/162 VUs  1m59.0s/3m0s  50.00 iters/s

running (2m00.0s), 001/162 VUs, 5936 complete and 0 interrupted iterations
a1     [  67% ] 001/162 VUs  2m00.0s/3m0s  50.00 iters/s

running (2m01.0s), 001/162 VUs, 5986 complete and 0 interrupted iterations
a1     [  67% ] 001/162 VUs  2m01.0s/3m0s  50.00 iters/s

running (2m02.0s), 001/162 VUs, 6036 complete and 0 interrupted iterations
a1     [  68% ] 001/162 VUs  2m02.0s/3m0s  50.00 iters/s

running (2m03.0s), 001/162 VUs, 6086 complete and 0 interrupted iterations
a1     [  68% ] 001/162 VUs  2m03.0s/3m0s  50.00 iters/s

running (2m04.0s), 001/162 VUs, 6136 complete and 0 interrupted iterations
a1     [  69% ] 001/162 VUs  2m04.0s/3m0s  50.00 iters/s

running (2m05.0s), 001/162 VUs, 6186 complete and 0 interrupted iterations
a1     [  69% ] 001/162 VUs  2m05.0s/3m0s  50.00 iters/s

running (2m06.0s), 001/162 VUs, 6236 complete and 0 interrupted iterations
a1     [  70% ] 001/162 VUs  2m06.0s/3m0s  50.00 iters/s

running (2m07.0s), 001/162 VUs, 6286 complete and 0 interrupted iterations
a1     [  71% ] 001/162 VUs  2m07.0s/3m0s  50.00 iters/s

running (2m08.0s), 001/162 VUs, 6336 complete and 0 interrupted iterations
a1     [  71% ] 001/162 VUs  2m08.0s/3m0s  50.00 iters/s

running (2m09.0s), 001/162 VUs, 6386 complete and 0 interrupted iterations
a1     [  72% ] 001/162 VUs  2m09.0s/3m0s  50.00 iters/s

running (2m10.0s), 001/162 VUs, 6436 complete and 0 interrupted iterations
a1     [  72% ] 001/162 VUs  2m10.0s/3m0s  50.00 iters/s

running (2m11.0s), 002/162 VUs, 6485 complete and 0 interrupted iterations
a1     [  73% ] 002/162 VUs  2m11.0s/3m0s  50.00 iters/s

running (2m12.0s), 001/162 VUs, 6536 complete and 0 interrupted iterations
a1     [  73% ] 001/162 VUs  2m12.0s/3m0s  50.00 iters/s

running (2m13.0s), 001/162 VUs, 6586 complete and 0 interrupted iterations
a1     [  74% ] 001/162 VUs  2m13.0s/3m0s  50.00 iters/s

running (2m14.0s), 001/162 VUs, 6636 complete and 0 interrupted iterations
a1     [  74% ] 001/162 VUs  2m14.0s/3m0s  50.00 iters/s

running (2m15.0s), 001/162 VUs, 6686 complete and 0 interrupted iterations
a1     [  75% ] 001/162 VUs  2m15.0s/3m0s  50.00 iters/s

running (2m16.0s), 001/162 VUs, 6736 complete and 0 interrupted iterations
a1     [  76% ] 001/162 VUs  2m16.0s/3m0s  50.00 iters/s

running (2m17.0s), 001/162 VUs, 6786 complete and 0 interrupted iterations
a1     [  76% ] 001/162 VUs  2m17.0s/3m0s  50.00 iters/s

running (2m18.0s), 001/162 VUs, 6836 complete and 0 interrupted iterations
a1     [  77% ] 001/162 VUs  2m18.0s/3m0s  50.00 iters/s

running (2m19.0s), 001/162 VUs, 6886 complete and 0 interrupted iterations
a1     [  77% ] 001/162 VUs  2m19.0s/3m0s  50.00 iters/s

running (2m20.0s), 001/162 VUs, 6936 complete and 0 interrupted iterations
a1     [  78% ] 001/162 VUs  2m20.0s/3m0s  50.00 iters/s

running (2m21.0s), 003/162 VUs, 6984 complete and 0 interrupted iterations
a1     [  78% ] 003/162 VUs  2m21.0s/3m0s  50.00 iters/s

running (2m22.0s), 001/162 VUs, 7036 complete and 0 interrupted iterations
a1     [  79% ] 001/162 VUs  2m22.0s/3m0s  50.00 iters/s

running (2m23.0s), 001/162 VUs, 7086 complete and 0 interrupted iterations
a1     [  79% ] 001/162 VUs  2m23.0s/3m0s  50.00 iters/s

running (2m24.0s), 005/162 VUs, 7132 complete and 0 interrupted iterations
a1     [  80% ] 005/162 VUs  2m24.0s/3m0s  50.00 iters/s

running (2m25.0s), 001/162 VUs, 7186 complete and 0 interrupted iterations
a1     [  81% ] 001/162 VUs  2m25.0s/3m0s  50.00 iters/s

running (2m26.0s), 001/162 VUs, 7236 complete and 0 interrupted iterations
a1     [  81% ] 001/162 VUs  2m26.0s/3m0s  50.00 iters/s

running (2m27.0s), 001/162 VUs, 7286 complete and 0 interrupted iterations
a1     [  82% ] 001/162 VUs  2m27.0s/3m0s  50.00 iters/s

running (2m28.0s), 002/162 VUs, 7335 complete and 0 interrupted iterations
a1     [  82% ] 002/162 VUs  2m28.0s/3m0s  50.00 iters/s

running (2m29.0s), 001/162 VUs, 7386 complete and 0 interrupted iterations
a1     [  83% ] 001/162 VUs  2m29.0s/3m0s  50.00 iters/s

running (2m30.0s), 001/162 VUs, 7436 complete and 0 interrupted iterations
a1     [  83% ] 001/162 VUs  2m30.0s/3m0s  50.00 iters/s

running (2m31.0s), 001/162 VUs, 7486 complete and 0 interrupted iterations
a1     [  84% ] 001/162 VUs  2m31.0s/3m0s  50.00 iters/s

running (2m32.0s), 001/162 VUs, 7536 complete and 0 interrupted iterations
a1     [  84% ] 001/162 VUs  2m32.0s/3m0s  50.00 iters/s

running (2m33.0s), 001/162 VUs, 7586 complete and 0 interrupted iterations
a1     [  85% ] 001/162 VUs  2m33.0s/3m0s  50.00 iters/s

running (2m34.0s), 001/162 VUs, 7636 complete and 0 interrupted iterations
a1     [  86% ] 001/162 VUs  2m34.0s/3m0s  50.00 iters/s

running (2m35.0s), 001/162 VUs, 7686 complete and 0 interrupted iterations
a1     [  86% ] 001/162 VUs  2m35.0s/3m0s  50.00 iters/s

running (2m36.0s), 001/162 VUs, 7736 complete and 0 interrupted iterations
a1     [  87% ] 001/162 VUs  2m36.0s/3m0s  50.00 iters/s

running (2m37.0s), 001/162 VUs, 7786 complete and 0 interrupted iterations
a1     [  87% ] 001/162 VUs  2m37.0s/3m0s  50.00 iters/s

running (2m38.0s), 002/162 VUs, 7835 complete and 0 interrupted iterations
a1     [  88% ] 002/162 VUs  2m38.0s/3m0s  50.00 iters/s

running (2m39.0s), 002/162 VUs, 7885 complete and 0 interrupted iterations
a1     [  88% ] 002/162 VUs  2m39.0s/3m0s  50.00 iters/s

running (2m40.0s), 001/162 VUs, 7936 complete and 0 interrupted iterations
a1     [  89% ] 001/162 VUs  2m40.0s/3m0s  50.00 iters/s

running (2m41.0s), 001/162 VUs, 7986 complete and 0 interrupted iterations
a1     [  89% ] 001/162 VUs  2m41.0s/3m0s  50.00 iters/s

running (2m42.0s), 001/162 VUs, 8036 complete and 0 interrupted iterations
a1     [  90% ] 001/162 VUs  2m42.0s/3m0s  50.00 iters/s

running (2m43.0s), 001/162 VUs, 8086 complete and 0 interrupted iterations
a1     [  91% ] 001/162 VUs  2m43.0s/3m0s  50.00 iters/s

running (2m44.0s), 001/162 VUs, 8136 complete and 0 interrupted iterations
a1     [  91% ] 001/162 VUs  2m44.0s/3m0s  50.00 iters/s

running (2m45.0s), 001/162 VUs, 8186 complete and 0 interrupted iterations
a1     [  92% ] 001/162 VUs  2m45.0s/3m0s  50.00 iters/s

running (2m46.0s), 001/162 VUs, 8236 complete and 0 interrupted iterations
a1     [  92% ] 001/162 VUs  2m46.0s/3m0s  50.00 iters/s

running (2m47.0s), 002/162 VUs, 8285 complete and 0 interrupted iterations
a1     [  93% ] 002/162 VUs  2m47.0s/3m0s  50.00 iters/s

running (2m48.0s), 001/162 VUs, 8336 complete and 0 interrupted iterations
a1     [  93% ] 001/162 VUs  2m48.0s/3m0s  50.00 iters/s

running (2m49.0s), 001/162 VUs, 8386 complete and 0 interrupted iterations
a1     [  94% ] 001/162 VUs  2m49.0s/3m0s  50.00 iters/s

running (2m50.0s), 001/162 VUs, 8436 complete and 0 interrupted iterations
a1     [  94% ] 001/162 VUs  2m50.0s/3m0s  50.00 iters/s

running (2m51.0s), 001/162 VUs, 8486 complete and 0 interrupted iterations
a1     [  95% ] 001/162 VUs  2m51.0s/3m0s  50.00 iters/s

running (2m52.0s), 001/162 VUs, 8536 complete and 0 interrupted iterations
a1     [  96% ] 001/162 VUs  2m52.0s/3m0s  50.00 iters/s

running (2m53.0s), 001/162 VUs, 8586 complete and 0 interrupted iterations
a1     [  96% ] 001/162 VUs  2m53.0s/3m0s  50.00 iters/s

running (2m54.0s), 002/162 VUs, 8635 complete and 0 interrupted iterations
a1     [  97% ] 002/162 VUs  2m54.0s/3m0s  50.00 iters/s

running (2m55.0s), 001/162 VUs, 8686 complete and 0 interrupted iterations
a1     [  97% ] 001/162 VUs  2m55.0s/3m0s  50.00 iters/s

running (2m56.0s), 013/162 VUs, 8724 complete and 0 interrupted iterations
a1     [  98% ] 013/162 VUs  2m56.0s/3m0s  50.00 iters/s

running (2m57.0s), 001/162 VUs, 8786 complete and 0 interrupted iterations
a1     [  98% ] 001/162 VUs  2m57.0s/3m0s  50.00 iters/s

running (2m58.0s), 002/162 VUs, 8835 complete and 0 interrupted iterations
a1     [  99% ] 002/162 VUs  2m58.0s/3m0s  50.00 iters/s

running (2m59.0s), 001/162 VUs, 8886 complete and 0 interrupted iterations
a1     [  99% ] 001/162 VUs  2m59.0s/3m0s  50.00 iters/s

running (3m00.0s), 001/162 VUs, 8936 complete and 0 interrupted iterations
a1     [ 100% ] 001/162 VUs  3m00.0s/3m0s  50.00 iters/s


  █ THRESHOLDS 

    http_req_failed
    ✓ 'rate<0.05' rate=0.00%


  █ TOTAL RESULTS 

    checks_total.......: 26814   148.961323/s
    checks_succeeded...: 100.00% 26814 out of 26814
    checks_failed......: 0.00%   0 out of 26814

    ✓ initiated
    ✓ validated
    ✓ terminal

    CUSTOM
    a1_lifecycle_duration..........: avg=114.96ms min=11ms    med=22ms    p(95)=395.14ms p(99)=3.06s    max=4.71s
    a1_lifecycles_completed........: 8938   49.653774/s
    a1_transitions_committed.......: 26814  148.961323/s

    HTTP
    http_req_duration..............: avg=38.13ms  min=3.03ms  med=6.81ms  p(95)=102.73ms p(99)=558.85ms max=4.33s
      { expected_response:true }...: avg=38.13ms  min=3.03ms  med=6.81ms  p(95)=102.73ms p(99)=558.85ms max=4.33s
    http_req_failed................: 0.00%  0 out of 26814
    http_reqs......................: 26814  148.961323/s

    EXECUTION
    dropped_iterations.............: 62     0.344432/s
    iteration_duration.............: avg=115.08ms min=10.64ms med=22.46ms p(95)=395.34ms p(99)=3.06s    max=4.71s
    iterations.....................: 8938   49.653774/s
    vus............................: 1      min=1          max=149
    vus_max........................: 162    min=100        max=162

    NETWORK
    data_received..................: 10 MB  57 kB/s
    data_sent......................: 5.9 MB 33 kB/s




running (3m00.0s), 000/162 VUs, 8938 complete and 0 interrupted iterations
a1   ✓ [ 100% ] 000/162 VUs  3m0s  50.00 iters/s
