[18:34:44] === RUN HYBRID-P1-r2-F11B-20260909183444 ===
[18:34:44] mode=HYBRID profile=P1 rep=2 tps=50 duration=180s fault=F11B
[18:34:44] jar: target/master-thesis-observability-0.0.1-SNAPSHOT.jar
[18:34:44] arxiv redo tozalanmoqda
[18:34:45] workload tozalanmoqda (reference saqlanadi)
workload reset; reference data preserved
AQ backlog purged: 0 -> 0
[18:35:00] Kafka topigi qayta yaratilmoqda
[18:35:10] ilova ishga tushirilmoqda (mode=HYBRID)
[18:35:26] ilova tayyor (pid 1043516)
[18:35:26] Debezium konnektori ro'yxatdan o'tkazilmoqda (HYBRID, prefix=obsv_hybrid_p1_r2_f11b_20260909183444)
konnektor ro'yxatdan o'tkazilmoqda: a1-hybrid-obsv_hybrid_p1_r2_f11b_20260909183444 (prefix=obsv_hybrid_p1_r2_f11b_20260909183444)
konnektor RUNNING (2s)
streaming tasdiqlanmoqda (heartbeat topigi: __debezium-heartbeat.obsv_hybrid_p1_r2_f11b_20260909183444)
streaming tasdiqlandi (1 urinish)
[18:35:33] fault F11B 60s dan keyin yuboriladi
[18:35:33] k6 yuklamasi boshlandi
[fault 18:36:33] 20000 tranzaksiya batch orqali, LEKIN outbox shartnomasi bilan
PL/SQL procedure successfully completed.

[fault 18:37:25] F11B tugadi
[18:38:34] k6 iteratsiyalari: 8938
[18:38:34] pipeline bo'shashi kutilmoqda (maks 120s)
[18:38:58] pipeline bo'sh (15s, sink=86793 xabar)
[18:39:09] ground truth eksport qilinmoqda
[18:39:10] Kafka topigi eksport qilinmoqda
[18:39:30] tahlil
{
  "mode": "HYBRID",
  "profile": "P1",
  "rep": "2",
  "fault": "F11B",
  "ground_truth_transitions": 86793,
  "delivered_distinct": 86793,
  "delivered_total": 86793,
  "matched": 86793,
  "missing": 0,
  "phantom": 0,
  "malformed": 0,
  "loss_rate": 0.0,
  "loss_rate_ppm": 0.0,
  "duplicate_rate": 0.0,
  "ordering_violation_rate": 0.0,
  "txns_split_across_partitions": 0,
  "latency_ms_p50": 12237,
  "latency_ms_p95": 21241,
  "latency_ms_p99": 23302,
  "latency_ms_max": 24050,
  "latency_ms_mean": 11649.1,
  "latency_samples": 86793,
  "latency_negative_samples": 0,
  "loss_rate_upper_bound_95_ppm": 34.56
}
[18:39:32] ilova va konnektor to'xtatilmoqda
connector o'chirilmoqda: a1-hybrid-obsv_hybrid_p1_r2_f11b_20260909183444
[18:39:45] === TUGADI: results/HYBRID-P1-r2-F11B-20260909183444 ===
