[12:22:35] === RUN BASELINE_GT-P1-r4-20260904122235 ===
[12:22:35] mode=BASELINE_GT profile=P1 rep=4 tps=50 duration=120s fault=none
[12:22:35] jar: target/master-thesis-observability-0.0.1-SNAPSHOT.jar
[12:22:35] workload tozalanmoqda (reference saqlanadi)
workload reset; reference data preserved
AQ backlog purged: 0 -> 0
[12:22:36] Kafka topigi qayta yaratilmoqda
[12:22:44] ilova ishga tushirilmoqda (mode=BASELINE_GT)
[12:23:00] ilova tayyor (pid 348711)
[12:23:03] k6 yuklamasi boshlandi
[12:25:16] pipeline bo'shashi kutilmoqda (maks 120s)
[12:25:28] pipeline bo'sh (4s, sink=0 xabar)
[12:25:38] ground truth eksport qilinmoqda
[12:25:39] Kafka topigi eksport qilinmoqda
[12:26:05] tahlil
{
  "mode": "BASELINE_GT",
  "profile": "P1",
  "rep": "4",
  "fault": "none",
  "ground_truth_transitions": 18003,
  "delivered_distinct": 0,
  "delivered_total": 0,
  "matched": 0,
  "missing": 18003,
  "phantom": null,
  "malformed": 0,
  "loss_rate": null,
  "loss_rate_ppm": null,
  "duplicate_rate": null,
  "ordering_violation_rate": null,
  "txns_split_across_partitions": 0,
  "latency_ms_p50": null,
  "latency_ms_p95": null,
  "latency_ms_p99": null,
  "latency_ms_max": null,
  "latency_ms_mean": null,
  "latency_samples": 0,
  "latency_negative_samples": 0,
  "pipeline": "none (baseline mode)"
}
[12:26:05] ilova va konnektor to'xtatilmoqda
[12:26:10] === TUGADI: results/BASELINE_GT-P1-r4-20260904122235 ===
