
  .   ____          _            __ _ _
 /\\ / ___'_ __ _ _(_)_ __  __ _ \ \ \ \
( ( )\___ | '_ | '_| | '_ \/ _` | \ \ \ \
 \\/  ___)| |_)| | | | | || (_| |  ) ) ) )
  '  |____| .__|_| |_|_| |_\__, | / / / /
 =========|_|==============|___/=/_/_/_/

 :: Spring Boot ::                (v4.1.1)

2026-09-09T12:00:42.137+05:00  INFO 887452 --- [a1-observability] [           main] u.m.MasterThesisObservabilityApplication : Starting MasterThesisObservabilityApplication v0.0.1-SNAPSHOT using Java 21.0.12 with PID 887452 (/mnt/c/Users/O.Ustemirov/IdeaProjects/master-thesis-observability/target/master-thesis-observability-0.0.1-SNAPSHOT.jar started by stemirovustemirov in /mnt/c/Users/O.Ustemirov/IdeaProjects/master-thesis-observability)
2026-09-09T12:00:42.147+05:00  INFO 887452 --- [a1-observability] [           main] u.m.MasterThesisObservabilityApplication : No active profile set, falling back to 1 default profile: "default"
2026-09-09T12:00:43.980+05:00  INFO 887452 --- [a1-observability] [           main] .s.d.r.c.RepositoryConfigurationDelegate : Bootstrapping Spring Data JPA repositories in DEFAULT mode.
2026-09-09T12:00:44.061+05:00  INFO 887452 --- [a1-observability] [           main] .s.d.r.c.RepositoryConfigurationDelegate : Finished Spring Data repository scanning in 62 ms. Found 2 JPA repository interfaces.
2026-09-09T12:00:45.560+05:00  INFO 887452 --- [a1-observability] [           main] o.s.boot.tomcat.TomcatWebServer          : Tomcat initialized with port 8095 (http)
2026-09-09T12:00:45.586+05:00  INFO 887452 --- [a1-observability] [           main] o.apache.catalina.core.StandardService   : Starting service [Tomcat]
2026-09-09T12:00:45.586+05:00  INFO 887452 --- [a1-observability] [           main] o.apache.catalina.core.StandardEngine    : Starting Servlet engine: [Apache Tomcat/11.0.24]
2026-09-09T12:00:45.635+05:00  INFO 887452 --- [a1-observability] [           main] b.w.c.s.WebApplicationContextInitializer : Root WebApplicationContext: initialization completed in 3381 ms
2026-09-09T12:00:46.406+05:00  INFO 887452 --- [a1-observability] [           main] org.hibernate.orm.jpa                    : HHH008540: Processing PersistenceUnitInfo [name: default]
2026-09-09T12:00:46.530+05:00  INFO 887452 --- [a1-observability] [           main] org.hibernate.orm.core                   : HHH000001: Hibernate ORM core version 7.4.5.Final
2026-09-09T12:00:47.428+05:00  INFO 887452 --- [a1-observability] [           main] com.zaxxer.hikari.HikariDataSource       : a1-oltp - Starting...
2026-09-09T12:00:47.871+05:00  INFO 887452 --- [a1-observability] [           main] com.zaxxer.hikari.pool.HikariPool        : a1-oltp - Added connection oracle.jdbc.driver.T4CConnection@7ce4498f
2026-09-09T12:00:47.874+05:00  INFO 887452 --- [a1-observability] [           main] com.zaxxer.hikari.HikariDataSource       : a1-oltp - Start completed.
2026-09-09T12:00:48.430+05:00  WARN 887452 --- [a1-observability] [           main] org.hibernate.orm.jdbc                   : HHH100123: Low default JDBC fetch size: 10 (consider setting 'hibernate.jdbc.fetch_size')
2026-09-09T12:00:48.440+05:00  INFO 887452 --- [a1-observability] [           main] org.hibernate.orm.connections.pooling    : HHH10001005: Database info:
	Database JDBC URL [jdbc:oracle:thin:@//localhost:1521/OBSVPDB]
	Database driver: Oracle JDBC driver
	Database dialect: OracleDialect
	Database version: 23.26.3
	Default catalog/schema: undefined/OBSV
	Autocommit mode: undefined/unknown
	Isolation level: READ_COMMITTED [default READ_COMMITTED]
	JDBC fetch size: 10
	Pool: DataSourceConnectionProvider
	Minimum pool size: undefined/unknown
	Maximum pool size: undefined/unknown
2026-09-09T12:00:49.793+05:00  INFO 887452 --- [a1-observability] [           main] org.hibernate.orm.core                   : HHH000489: No JTA platform available (set 'hibernate.transaction.jta.platform' to enable JTA platform integration)
2026-09-09T12:00:49.800+05:00  INFO 887452 --- [a1-observability] [           main] org.hibernate.orm.jdbc.batch             : HHH100501: Automatic JDBC statement batching enabled (maximum batch size 50)
2026-09-09T12:00:50.453+05:00  INFO 887452 --- [a1-observability] [           main] o.s.d.j.r.query.QueryEnhancerFactories   : Hibernate is in classpath; If applicable, HQL parser will be used.
2026-09-09T12:00:51.819+05:00  INFO 887452 --- [a1-observability] [           main] i.u.m.config.EventEmitterConfiguration   : observability.mode=CDC -> emitter=NoOpEventEmitter
2026-09-09T12:00:52.510+05:00  INFO 887452 --- [a1-observability] [           main] o.s.b.a.e.web.EndpointLinksResolver      : Exposing 4 endpoints beneath base path '/actuator'
2026-09-09T12:00:52.594+05:00  INFO 887452 --- [a1-observability] [           main] o.s.boot.tomcat.TomcatWebServer          : Tomcat started on port 8095 (http) with context path '/'
2026-09-09T12:00:52.606+05:00  INFO 887452 --- [a1-observability] [           main] u.m.MasterThesisObservabilityApplication : Started MasterThesisObservabilityApplication in 11.309 seconds (process running for 12.203)
2026-09-09T12:00:52.615+05:00  INFO 887452 --- [a1-observability] [           main] i.u.m.harness.EnvironmentAssertions      : environment ok: mode=CDC oltpPool=a1-oltp maxSize=32
2026-09-09T12:00:52.653+05:00  INFO 887452 --- [a1-observability] [           main] i.u.m.harness.ModeActivator              : mode=CDC activated: groundTruth=true aqCapture=false supplementalLogging=TXN_A1
2026-09-09T12:00:53.843+05:00  INFO 887452 --- [a1-observability] [nio-8095-exec-1] o.a.c.c.C.[Tomcat].[localhost].[/]       : Initializing Spring DispatcherServlet 'dispatcherServlet'
2026-09-09T12:00:53.843+05:00  INFO 887452 --- [a1-observability] [nio-8095-exec-1] o.s.web.servlet.DispatcherServlet        : Initializing Servlet 'dispatcherServlet'
2026-09-09T12:00:53.845+05:00  INFO 887452 --- [a1-observability] [nio-8095-exec-1] o.s.web.servlet.DispatcherServlet        : Completed initialization in 1 ms
2026-09-09T12:06:56.724+05:00  WARN 887452 --- [a1-observability] [   scheduling-1] com.zaxxer.hikari.pool.PoolBase          : a1-oltp - Failed to validate connection oracle.jdbc.driver.T4CConnection@1c0a281c (ORA-17008: Closed connection
https://docs.oracle.com/error-help/db/ora-17008/). Possibly consider using a shorter maxLifetime value.
2026-09-09T12:06:56.726+05:00  WARN 887452 --- [a1-observability] [   scheduling-1] com.zaxxer.hikari.pool.PoolBase          : a1-oltp - Failed to validate connection oracle.jdbc.driver.T4CConnection@7ce4498f (ORA-17008: Closed connection
https://docs.oracle.com/error-help/db/ora-17008/). Possibly consider using a shorter maxLifetime value.
2026-09-09T12:06:56.727+05:00  WARN 887452 --- [a1-observability] [   scheduling-1] com.zaxxer.hikari.pool.PoolBase          : a1-oltp - Failed to validate connection oracle.jdbc.driver.T4CConnection@10cf4a27 (ORA-17008: Closed connection
https://docs.oracle.com/error-help/db/ora-17008/). Possibly consider using a shorter maxLifetime value.
2026-09-09T12:06:56.728+05:00  WARN 887452 --- [a1-observability] [   scheduling-1] com.zaxxer.hikari.pool.PoolBase          : a1-oltp - Failed to validate connection oracle.jdbc.driver.T4CConnection@4731b46d (ORA-17008: Closed connection
https://docs.oracle.com/error-help/db/ora-17008/). Possibly consider using a shorter maxLifetime value.
2026-09-09T12:06:56.730+05:00  WARN 887452 --- [a1-observability] [   scheduling-1] com.zaxxer.hikari.pool.PoolBase          : a1-oltp - Failed to validate connection oracle.jdbc.driver.T4CConnection@72b1ec96 (ORA-17008: Closed connection
https://docs.oracle.com/error-help/db/ora-17008/). Possibly consider using a shorter maxLifetime value.
2026-09-09T12:06:56.731+05:00  WARN 887452 --- [a1-observability] [   scheduling-1] com.zaxxer.hikari.pool.PoolBase          : a1-oltp - Failed to validate connection oracle.jdbc.driver.T4CConnection@7fab6559 (ORA-17008: Closed connection
https://docs.oracle.com/error-help/db/ora-17008/). Possibly consider using a shorter maxLifetime value.
2026-09-09T12:06:57.337+05:00  INFO 887452 --- [a1-observability] [ionShutdownHook] o.s.boot.tomcat.GracefulShutdown         : Commencing graceful shutdown. Waiting for active requests to complete
2026-09-09T12:06:57.342+05:00  INFO 887452 --- [a1-observability] [tomcat-shutdown] o.s.boot.tomcat.GracefulShutdown         : Graceful shutdown complete
2026-09-09T12:07:27.348+05:00  INFO 887452 --- [a1-observability] [ionShutdownHook] o.s.c.support.DefaultLifecycleProcessor  : Shutdown phase 1073741823 ends with 1 bean still running after timeout of 30000ms: [taskScheduler]
2026-09-09T12:07:27.358+05:00  INFO 887452 --- [a1-observability] [ionShutdownHook] com.zaxxer.hikari.HikariDataSource       : a1-oltp - Shutdown initiated...
2026-09-09T12:07:31.932+05:00  INFO 887452 --- [a1-observability] [ionShutdownHook] com.zaxxer.hikari.HikariDataSource       : a1-oltp - Shutdown completed.
