
         /\      Grafana   /‾‾/  
    /\  /  \     |\  __   /  /   
   /  \/    \    | |/ /  /   ‾‾\ 
  /          \   |   (  |  (‾)  |
 / __________ \  |_|\_\  \_____/ 


     execution: local
        script: harness/k6/a1-workload.js
        output: -

     scenarios: (100.00%) 1 scenario, 600 max VUs, 3m30s max duration (incl. graceful stop):
              * a1: 50.00 iterations/s for 3m0s (maxVUs: 100-600, gracefulStop: 30s)


running (0m01.0s), 002/100 VUs, 48 complete and 0 interrupted iterations
a1     [   1% ] 002/100 VUs  0m01.0s/3m0s  50.00 iters/s

running (0m02.0s), 006/100 VUs, 94 complete and 0 interrupted iterations
a1     [   1% ] 006/100 VUs  0m02.0s/3m0s  50.00 iters/s

running (0m03.0s), 006/100 VUs, 144 complete and 0 interrupted iterations
a1     [   2% ] 006/100 VUs  0m03.0s/3m0s  50.00 iters/s

running (0m04.0s), 001/100 VUs, 199 complete and 0 interrupted iterations
a1     [   2% ] 001/100 VUs  0m04.0s/3m0s  50.00 iters/s

running (0m05.0s), 006/100 VUs, 244 complete and 0 interrupted iterations
a1     [   3% ] 006/100 VUs  0m05.0s/3m0s  50.00 iters/s

running (0m06.0s), 005/100 VUs, 295 complete and 0 interrupted iterations
a1     [   3% ] 005/100 VUs  0m06.0s/3m0s  50.00 iters/s

running (0m07.0s), 001/100 VUs, 349 complete and 0 interrupted iterations
a1     [   4% ] 001/100 VUs  0m07.0s/3m0s  50.00 iters/s

running (0m08.0s), 002/100 VUs, 398 complete and 0 interrupted iterations
a1     [   4% ] 002/100 VUs  0m08.0s/3m0s  50.00 iters/s

running (0m09.0s), 001/100 VUs, 449 complete and 0 interrupted iterations
a1     [   5% ] 001/100 VUs  0m09.0s/3m0s  50.00 iters/s

running (0m10.0s), 001/100 VUs, 499 complete and 0 interrupted iterations
a1     [   6% ] 001/100 VUs  0m10.0s/3m0s  50.00 iters/s

running (0m11.0s), 006/100 VUs, 544 complete and 0 interrupted iterations
a1     [   6% ] 006/100 VUs  0m11.0s/3m0s  50.00 iters/s

running (0m12.0s), 001/100 VUs, 599 complete and 0 interrupted iterations
a1     [   7% ] 001/100 VUs  0m12.0s/3m0s  50.00 iters/s

running (0m13.0s), 001/100 VUs, 649 complete and 0 interrupted iterations
a1     [   7% ] 001/100 VUs  0m13.0s/3m0s  50.00 iters/s

running (0m14.0s), 007/100 VUs, 693 complete and 0 interrupted iterations
a1     [   8% ] 007/100 VUs  0m14.0s/3m0s  50.00 iters/s

running (0m15.0s), 001/100 VUs, 749 complete and 0 interrupted iterations
a1     [   8% ] 001/100 VUs  0m15.0s/3m0s  50.00 iters/s

running (0m16.0s), 001/100 VUs, 799 complete and 0 interrupted iterations
a1     [   9% ] 001/100 VUs  0m16.0s/3m0s  50.00 iters/s

running (0m17.0s), 001/100 VUs, 849 complete and 0 interrupted iterations
a1     [   9% ] 001/100 VUs  0m17.0s/3m0s  50.00 iters/s

running (0m18.0s), 001/100 VUs, 899 complete and 0 interrupted iterations
a1     [  10% ] 001/100 VUs  0m18.0s/3m0s  50.00 iters/s

running (0m19.0s), 001/100 VUs, 949 complete and 0 interrupted iterations
a1     [  11% ] 001/100 VUs  0m19.0s/3m0s  50.00 iters/s

running (0m20.0s), 006/100 VUs, 994 complete and 0 interrupted iterations
a1     [  11% ] 006/100 VUs  0m20.0s/3m0s  50.00 iters/s

running (0m21.0s), 001/100 VUs, 1049 complete and 0 interrupted iterations
a1     [  12% ] 001/100 VUs  0m21.0s/3m0s  50.00 iters/s

running (0m22.0s), 001/100 VUs, 1099 complete and 0 interrupted iterations
a1     [  12% ] 001/100 VUs  0m22.0s/3m0s  50.00 iters/s

running (0m23.0s), 002/100 VUs, 1148 complete and 0 interrupted iterations
a1     [  13% ] 002/100 VUs  0m23.0s/3m0s  50.00 iters/s

running (0m24.0s), 007/100 VUs, 1193 complete and 0 interrupted iterations
a1     [  13% ] 007/100 VUs  0m24.0s/3m0s  50.00 iters/s

running (0m25.0s), 001/100 VUs, 1249 complete and 0 interrupted iterations
a1     [  14% ] 001/100 VUs  0m25.0s/3m0s  50.00 iters/s

running (0m26.0s), 001/100 VUs, 1299 complete and 0 interrupted iterations
a1     [  14% ] 001/100 VUs  0m26.0s/3m0s  50.00 iters/s

running (0m27.0s), 001/100 VUs, 1349 complete and 0 interrupted iterations
a1     [  15% ] 001/100 VUs  0m27.0s/3m0s  50.00 iters/s

running (0m28.0s), 001/100 VUs, 1399 complete and 0 interrupted iterations
a1     [  16% ] 001/100 VUs  0m28.0s/3m0s  50.00 iters/s

running (0m29.0s), 001/100 VUs, 1449 complete and 0 interrupted iterations
a1     [  16% ] 001/100 VUs  0m29.0s/3m0s  50.00 iters/s

running (0m30.0s), 007/100 VUs, 1493 complete and 0 interrupted iterations
a1     [  17% ] 007/100 VUs  0m30.0s/3m0s  50.00 iters/s

running (0m31.0s), 008/100 VUs, 1542 complete and 0 interrupted iterations
a1     [  17% ] 008/100 VUs  0m31.0s/3m0s  50.00 iters/s

running (0m32.0s), 002/100 VUs, 1598 complete and 0 interrupted iterations
a1     [  18% ] 002/100 VUs  0m32.0s/3m0s  50.00 iters/s

running (0m33.0s), 003/100 VUs, 1647 complete and 0 interrupted iterations
a1     [  18% ] 003/100 VUs  0m33.0s/3m0s  50.00 iters/s

running (0m34.0s), 007/100 VUs, 1693 complete and 0 interrupted iterations
a1     [  19% ] 007/100 VUs  0m34.0s/3m0s  50.00 iters/s

running (0m35.0s), 007/100 VUs, 1743 complete and 0 interrupted iterations
a1     [  19% ] 007/100 VUs  0m35.0s/3m0s  50.00 iters/s

running (0m36.0s), 007/100 VUs, 1793 complete and 0 interrupted iterations
a1     [  20% ] 007/100 VUs  0m36.0s/3m0s  50.00 iters/s

running (0m37.0s), 007/100 VUs, 1843 complete and 0 interrupted iterations
a1     [  21% ] 007/100 VUs  0m37.0s/3m0s  50.00 iters/s

running (0m38.0s), 006/100 VUs, 1894 complete and 0 interrupted iterations
a1     [  21% ] 006/100 VUs  0m38.0s/3m0s  50.00 iters/s

running (0m39.0s), 007/100 VUs, 1943 complete and 0 interrupted iterations
a1     [  22% ] 007/100 VUs  0m39.0s/3m0s  50.00 iters/s

running (0m40.0s), 007/100 VUs, 1993 complete and 0 interrupted iterations
a1     [  22% ] 007/100 VUs  0m40.0s/3m0s  50.00 iters/s

running (0m41.0s), 007/100 VUs, 2043 complete and 0 interrupted iterations
a1     [  23% ] 007/100 VUs  0m41.0s/3m0s  50.00 iters/s

running (0m42.0s), 007/100 VUs, 2093 complete and 0 interrupted iterations
a1     [  23% ] 007/100 VUs  0m42.0s/3m0s  50.00 iters/s

running (0m43.0s), 007/100 VUs, 2143 complete and 0 interrupted iterations
a1     [  24% ] 007/100 VUs  0m43.0s/3m0s  50.00 iters/s

running (0m44.0s), 008/100 VUs, 2192 complete and 0 interrupted iterations
a1     [  24% ] 008/100 VUs  0m44.0s/3m0s  50.00 iters/s

running (0m45.0s), 008/100 VUs, 2242 complete and 0 interrupted iterations
a1     [  25% ] 008/100 VUs  0m45.0s/3m0s  50.00 iters/s

running (0m46.0s), 007/100 VUs, 2293 complete and 0 interrupted iterations
a1     [  26% ] 007/100 VUs  0m46.0s/3m0s  50.00 iters/s

running (0m47.0s), 008/100 VUs, 2342 complete and 0 interrupted iterations
a1     [  26% ] 008/100 VUs  0m47.0s/3m0s  50.00 iters/s

running (0m48.0s), 008/100 VUs, 2392 complete and 0 interrupted iterations
a1     [  27% ] 008/100 VUs  0m48.0s/3m0s  50.00 iters/s

running (0m49.0s), 001/100 VUs, 2449 complete and 0 interrupted iterations
a1     [  27% ] 001/100 VUs  0m49.0s/3m0s  50.00 iters/s

running (0m50.0s), 007/100 VUs, 2493 complete and 0 interrupted iterations
a1     [  28% ] 007/100 VUs  0m50.0s/3m0s  50.00 iters/s

running (0m51.0s), 007/100 VUs, 2543 complete and 0 interrupted iterations
a1     [  28% ] 007/100 VUs  0m51.0s/3m0s  50.00 iters/s

running (0m52.0s), 008/100 VUs, 2592 complete and 0 interrupted iterations
a1     [  29% ] 008/100 VUs  0m52.0s/3m0s  50.00 iters/s

running (0m53.0s), 008/100 VUs, 2642 complete and 0 interrupted iterations
a1     [  29% ] 008/100 VUs  0m53.0s/3m0s  50.00 iters/s

running (0m54.0s), 008/100 VUs, 2692 complete and 0 interrupted iterations
a1     [  30% ] 008/100 VUs  0m54.0s/3m0s  50.00 iters/s

running (0m55.0s), 001/100 VUs, 2749 complete and 0 interrupted iterations
a1     [  31% ] 001/100 VUs  0m55.0s/3m0s  50.00 iters/s

running (0m56.0s), 007/100 VUs, 2793 complete and 0 interrupted iterations
a1     [  31% ] 007/100 VUs  0m56.0s/3m0s  50.00 iters/s

running (0m57.0s), 007/100 VUs, 2843 complete and 0 interrupted iterations
a1     [  32% ] 007/100 VUs  0m57.0s/3m0s  50.00 iters/s

running (0m58.0s), 007/100 VUs, 2893 complete and 0 interrupted iterations
a1     [  32% ] 007/100 VUs  0m58.0s/3m0s  50.00 iters/s

running (0m59.0s), 007/100 VUs, 2943 complete and 0 interrupted iterations
a1     [  33% ] 007/100 VUs  0m59.0s/3m0s  50.00 iters/s

running (1m00.0s), 007/100 VUs, 2993 complete and 0 interrupted iterations
a1     [  33% ] 007/100 VUs  1m00.0s/3m0s  50.00 iters/s

running (1m01.0s), 007/100 VUs, 3043 complete and 0 interrupted iterations
a1     [  34% ] 007/100 VUs  1m01.0s/3m0s  50.00 iters/s

running (1m02.0s), 008/100 VUs, 3092 complete and 0 interrupted iterations
a1     [  34% ] 008/100 VUs  1m02.0s/3m0s  50.00 iters/s

running (1m03.0s), 007/100 VUs, 3143 complete and 0 interrupted iterations
a1     [  35% ] 007/100 VUs  1m03.0s/3m0s  50.00 iters/s

running (1m04.0s), 007/100 VUs, 3193 complete and 0 interrupted iterations
a1     [  36% ] 007/100 VUs  1m04.0s/3m0s  50.00 iters/s

running (1m05.0s), 007/100 VUs, 3243 complete and 0 interrupted iterations
a1     [  36% ] 007/100 VUs  1m05.0s/3m0s  50.00 iters/s

running (1m06.0s), 007/100 VUs, 3293 complete and 0 interrupted iterations
a1     [  37% ] 007/100 VUs  1m06.0s/3m0s  50.00 iters/s

running (1m07.0s), 007/100 VUs, 3343 complete and 0 interrupted iterations
a1     [  37% ] 007/100 VUs  1m07.0s/3m0s  50.00 iters/s

running (1m08.0s), 007/100 VUs, 3393 complete and 0 interrupted iterations
a1     [  38% ] 007/100 VUs  1m08.0s/3m0s  50.00 iters/s

running (1m09.0s), 007/100 VUs, 3443 complete and 0 interrupted iterations
a1     [  38% ] 007/100 VUs  1m09.0s/3m0s  50.00 iters/s

running (1m10.0s), 007/100 VUs, 3493 complete and 0 interrupted iterations
a1     [  39% ] 007/100 VUs  1m10.0s/3m0s  50.00 iters/s

running (1m11.0s), 007/100 VUs, 3543 complete and 0 interrupted iterations
a1     [  39% ] 007/100 VUs  1m11.0s/3m0s  50.00 iters/s

running (1m12.0s), 007/100 VUs, 3593 complete and 0 interrupted iterations
a1     [  40% ] 007/100 VUs  1m12.0s/3m0s  50.00 iters/s

running (1m13.0s), 007/100 VUs, 3643 complete and 0 interrupted iterations
a1     [  41% ] 007/100 VUs  1m13.0s/3m0s  50.00 iters/s

running (1m14.0s), 007/100 VUs, 3693 complete and 0 interrupted iterations
a1     [  41% ] 007/100 VUs  1m14.0s/3m0s  50.00 iters/s

running (1m15.0s), 007/100 VUs, 3743 complete and 0 interrupted iterations
a1     [  42% ] 007/100 VUs  1m15.0s/3m0s  50.00 iters/s

running (1m16.0s), 007/100 VUs, 3793 complete and 0 interrupted iterations
a1     [  42% ] 007/100 VUs  1m16.0s/3m0s  50.00 iters/s

running (1m17.0s), 007/100 VUs, 3843 complete and 0 interrupted iterations
a1     [  43% ] 007/100 VUs  1m17.0s/3m0s  50.00 iters/s

running (1m18.0s), 006/100 VUs, 3894 complete and 0 interrupted iterations
a1     [  43% ] 006/100 VUs  1m18.0s/3m0s  50.00 iters/s

running (1m19.0s), 001/100 VUs, 3949 complete and 0 interrupted iterations
a1     [  44% ] 001/100 VUs  1m19.0s/3m0s  50.00 iters/s

running (1m20.0s), 001/100 VUs, 3999 complete and 0 interrupted iterations
a1     [  44% ] 001/100 VUs  1m20.0s/3m0s  50.00 iters/s

running (1m21.0s), 007/100 VUs, 4043 complete and 0 interrupted iterations
a1     [  45% ] 007/100 VUs  1m21.0s/3m0s  50.00 iters/s

running (1m22.0s), 007/100 VUs, 4093 complete and 0 interrupted iterations
a1     [  46% ] 007/100 VUs  1m22.0s/3m0s  50.00 iters/s

running (1m23.0s), 006/100 VUs, 4144 complete and 0 interrupted iterations
a1     [  46% ] 006/100 VUs  1m23.0s/3m0s  50.00 iters/s

running (1m24.0s), 012/100 VUs, 4188 complete and 0 interrupted iterations
a1     [  47% ] 012/100 VUs  1m24.0s/3m0s  50.00 iters/s

running (1m25.0s), 008/100 VUs, 4242 complete and 0 interrupted iterations
a1     [  47% ] 008/100 VUs  1m25.0s/3m0s  50.00 iters/s

running (1m26.0s), 005/100 VUs, 4295 complete and 0 interrupted iterations
a1     [  48% ] 005/100 VUs  1m26.0s/3m0s  50.00 iters/s

running (1m27.0s), 006/100 VUs, 4344 complete and 0 interrupted iterations
a1     [  48% ] 006/100 VUs  1m27.0s/3m0s  50.00 iters/s

running (1m28.0s), 005/100 VUs, 4395 complete and 0 interrupted iterations
a1     [  49% ] 005/100 VUs  1m28.0s/3m0s  50.00 iters/s

running (1m29.0s), 006/100 VUs, 4444 complete and 0 interrupted iterations
a1     [  49% ] 006/100 VUs  1m29.0s/3m0s  50.00 iters/s

running (1m30.0s), 006/100 VUs, 4494 complete and 0 interrupted iterations
a1     [  50% ] 006/100 VUs  1m30.0s/3m0s  50.00 iters/s

running (1m31.0s), 006/100 VUs, 4544 complete and 0 interrupted iterations
a1     [  51% ] 006/100 VUs  1m31.0s/3m0s  50.00 iters/s

running (1m32.0s), 007/100 VUs, 4593 complete and 0 interrupted iterations
a1     [  51% ] 007/100 VUs  1m32.0s/3m0s  50.00 iters/s

running (1m33.0s), 007/100 VUs, 4643 complete and 0 interrupted iterations
a1     [  52% ] 007/100 VUs  1m33.0s/3m0s  50.00 iters/s

running (1m34.0s), 007/100 VUs, 4693 complete and 0 interrupted iterations
a1     [  52% ] 007/100 VUs  1m34.0s/3m0s  50.00 iters/s

running (1m35.0s), 007/100 VUs, 4743 complete and 0 interrupted iterations
a1     [  53% ] 007/100 VUs  1m35.0s/3m0s  50.00 iters/s

running (1m36.0s), 007/100 VUs, 4793 complete and 0 interrupted iterations
a1     [  53% ] 007/100 VUs  1m36.0s/3m0s  50.00 iters/s

running (1m37.0s), 007/100 VUs, 4843 complete and 0 interrupted iterations
a1     [  54% ] 007/100 VUs  1m37.0s/3m0s  50.00 iters/s

running (1m38.0s), 007/100 VUs, 4893 complete and 0 interrupted iterations
a1     [  54% ] 007/100 VUs  1m38.0s/3m0s  50.00 iters/s

running (1m39.0s), 007/100 VUs, 4943 complete and 0 interrupted iterations
a1     [  55% ] 007/100 VUs  1m39.0s/3m0s  50.00 iters/s

running (1m40.0s), 007/100 VUs, 4993 complete and 0 interrupted iterations
a1     [  56% ] 007/100 VUs  1m40.0s/3m0s  50.00 iters/s

running (1m41.0s), 007/100 VUs, 5043 complete and 0 interrupted iterations
a1     [  56% ] 007/100 VUs  1m41.0s/3m0s  50.00 iters/s

running (1m42.0s), 007/100 VUs, 5093 complete and 0 interrupted iterations
a1     [  57% ] 007/100 VUs  1m42.0s/3m0s  50.00 iters/s

running (1m43.0s), 007/100 VUs, 5143 complete and 0 interrupted iterations
a1     [  57% ] 007/100 VUs  1m43.0s/3m0s  50.00 iters/s

running (1m44.0s), 007/100 VUs, 5193 complete and 0 interrupted iterations
a1     [  58% ] 007/100 VUs  1m44.0s/3m0s  50.00 iters/s

running (1m45.0s), 007/100 VUs, 5243 complete and 0 interrupted iterations
a1     [  58% ] 007/100 VUs  1m45.0s/3m0s  50.00 iters/s

running (1m46.0s), 007/100 VUs, 5293 complete and 0 interrupted iterations
a1     [  59% ] 007/100 VUs  1m46.0s/3m0s  50.00 iters/s

running (1m47.0s), 007/100 VUs, 5343 complete and 0 interrupted iterations
a1     [  59% ] 007/100 VUs  1m47.0s/3m0s  50.00 iters/s

running (1m48.0s), 007/100 VUs, 5393 complete and 0 interrupted iterations
a1     [  60% ] 007/100 VUs  1m48.0s/3m0s  50.00 iters/s

running (1m49.0s), 007/100 VUs, 5443 complete and 0 interrupted iterations
a1     [  61% ] 007/100 VUs  1m49.0s/3m0s  50.00 iters/s

running (1m50.0s), 007/100 VUs, 5493 complete and 0 interrupted iterations
a1     [  61% ] 007/100 VUs  1m50.0s/3m0s  50.00 iters/s

running (1m51.0s), 007/100 VUs, 5543 complete and 0 interrupted iterations
a1     [  62% ] 007/100 VUs  1m51.0s/3m0s  50.00 iters/s
time="2026-09-09T12:02:49+05:00" level=warning msg="The test has generated metrics with 100137 unique time series, which is higher than the suggested limit of 100000 and could cause high memory usage. Consider not using high-cardinality values like unique IDs as metric tags or, if you need them in the URL, use the name metric tag or URL grouping. See https://grafana.com/docs/k6/latest/using-k6/tags-and-groups/ for details." component=metrics-engine-ingester

running (1m52.0s), 007/100 VUs, 5593 complete and 0 interrupted iterations
a1     [  62% ] 007/100 VUs  1m52.0s/3m0s  50.00 iters/s

running (1m53.0s), 007/100 VUs, 5643 complete and 0 interrupted iterations
a1     [  63% ] 007/100 VUs  1m53.0s/3m0s  50.00 iters/s

running (1m54.0s), 007/100 VUs, 5693 complete and 0 interrupted iterations
a1     [  63% ] 007/100 VUs  1m54.0s/3m0s  50.00 iters/s

running (1m55.0s), 007/100 VUs, 5743 complete and 0 interrupted iterations
a1     [  64% ] 007/100 VUs  1m55.0s/3m0s  50.00 iters/s

running (1m56.0s), 007/100 VUs, 5793 complete and 0 interrupted iterations
a1     [  64% ] 007/100 VUs  1m56.0s/3m0s  50.00 iters/s

running (1m57.0s), 007/100 VUs, 5843 complete and 0 interrupted iterations
a1     [  65% ] 007/100 VUs  1m57.0s/3m0s  50.00 iters/s

running (1m58.0s), 007/100 VUs, 5893 complete and 0 interrupted iterations
a1     [  66% ] 007/100 VUs  1m58.0s/3m0s  50.00 iters/s

running (1m59.0s), 007/100 VUs, 5943 complete and 0 interrupted iterations
a1     [  66% ] 007/100 VUs  1m59.0s/3m0s  50.00 iters/s

running (2m00.0s), 007/100 VUs, 5993 complete and 0 interrupted iterations
a1     [  67% ] 007/100 VUs  2m00.0s/3m0s  50.00 iters/s

running (2m01.0s), 007/100 VUs, 6043 complete and 0 interrupted iterations
a1     [  67% ] 007/100 VUs  2m01.0s/3m0s  50.00 iters/s

running (2m02.0s), 007/100 VUs, 6093 complete and 0 interrupted iterations
a1     [  68% ] 007/100 VUs  2m02.0s/3m0s  50.00 iters/s

running (2m03.0s), 008/100 VUs, 6142 complete and 0 interrupted iterations
a1     [  68% ] 008/100 VUs  2m03.0s/3m0s  50.00 iters/s

running (2m04.0s), 007/100 VUs, 6193 complete and 0 interrupted iterations
a1     [  69% ] 007/100 VUs  2m04.0s/3m0s  50.00 iters/s

running (2m05.0s), 007/100 VUs, 6243 complete and 0 interrupted iterations
a1     [  69% ] 007/100 VUs  2m05.0s/3m0s  50.00 iters/s

running (2m06.0s), 007/100 VUs, 6293 complete and 0 interrupted iterations
a1     [  70% ] 007/100 VUs  2m06.0s/3m0s  50.00 iters/s

running (2m07.0s), 007/100 VUs, 6343 complete and 0 interrupted iterations
a1     [  71% ] 007/100 VUs  2m07.0s/3m0s  50.00 iters/s

running (2m08.0s), 007/100 VUs, 6393 complete and 0 interrupted iterations
a1     [  71% ] 007/100 VUs  2m08.0s/3m0s  50.00 iters/s

running (2m09.0s), 007/100 VUs, 6443 complete and 0 interrupted iterations
a1     [  72% ] 007/100 VUs  2m09.0s/3m0s  50.00 iters/s

running (2m10.0s), 001/100 VUs, 6499 complete and 0 interrupted iterations
a1     [  72% ] 001/100 VUs  2m10.0s/3m0s  50.00 iters/s

running (2m11.0s), 007/100 VUs, 6543 complete and 0 interrupted iterations
a1     [  73% ] 007/100 VUs  2m11.0s/3m0s  50.00 iters/s

running (2m12.0s), 007/100 VUs, 6593 complete and 0 interrupted iterations
a1     [  73% ] 007/100 VUs  2m12.0s/3m0s  50.00 iters/s

running (2m13.0s), 007/100 VUs, 6643 complete and 0 interrupted iterations
a1     [  74% ] 007/100 VUs  2m13.0s/3m0s  50.00 iters/s

running (2m14.0s), 008/100 VUs, 6692 complete and 0 interrupted iterations
a1     [  74% ] 008/100 VUs  2m14.0s/3m0s  50.00 iters/s

running (2m15.0s), 008/100 VUs, 6742 complete and 0 interrupted iterations
a1     [  75% ] 008/100 VUs  2m15.0s/3m0s  50.00 iters/s

running (2m16.0s), 007/100 VUs, 6793 complete and 0 interrupted iterations
a1     [  76% ] 007/100 VUs  2m16.0s/3m0s  50.00 iters/s

running (2m17.0s), 019/100 VUs, 6831 complete and 0 interrupted iterations
a1     [  76% ] 019/100 VUs  2m17.0s/3m0s  50.00 iters/s

running (2m18.0s), 001/100 VUs, 6899 complete and 0 interrupted iterations
a1     [  77% ] 001/100 VUs  2m18.0s/3m0s  50.00 iters/s

running (2m19.0s), 007/100 VUs, 6943 complete and 0 interrupted iterations
a1     [  77% ] 007/100 VUs  2m19.0s/3m0s  50.00 iters/s

running (2m20.0s), 007/100 VUs, 6993 complete and 0 interrupted iterations
a1     [  78% ] 007/100 VUs  2m20.0s/3m0s  50.00 iters/s

running (2m21.0s), 007/100 VUs, 7043 complete and 0 interrupted iterations
a1     [  78% ] 007/100 VUs  2m21.0s/3m0s  50.00 iters/s

running (2m22.0s), 007/100 VUs, 7093 complete and 0 interrupted iterations
a1     [  79% ] 007/100 VUs  2m22.0s/3m0s  50.00 iters/s

running (2m23.0s), 007/100 VUs, 7143 complete and 0 interrupted iterations
a1     [  79% ] 007/100 VUs  2m23.0s/3m0s  50.00 iters/s

running (2m24.0s), 006/100 VUs, 7194 complete and 0 interrupted iterations
a1     [  80% ] 006/100 VUs  2m24.0s/3m0s  50.00 iters/s

running (2m25.0s), 007/100 VUs, 7243 complete and 0 interrupted iterations
a1     [  81% ] 007/100 VUs  2m25.0s/3m0s  50.00 iters/s

running (2m26.0s), 006/100 VUs, 7294 complete and 0 interrupted iterations
a1     [  81% ] 006/100 VUs  2m26.0s/3m0s  50.00 iters/s

running (2m27.0s), 008/100 VUs, 7342 complete and 0 interrupted iterations
a1     [  82% ] 008/100 VUs  2m27.0s/3m0s  50.00 iters/s

running (2m28.0s), 006/100 VUs, 7394 complete and 0 interrupted iterations
a1     [  82% ] 006/100 VUs  2m28.0s/3m0s  50.00 iters/s

running (2m29.0s), 006/100 VUs, 7444 complete and 0 interrupted iterations
a1     [  83% ] 006/100 VUs  2m29.0s/3m0s  50.00 iters/s

running (2m30.0s), 006/100 VUs, 7494 complete and 0 interrupted iterations
a1     [  83% ] 006/100 VUs  2m30.0s/3m0s  50.00 iters/s

running (2m31.0s), 006/100 VUs, 7544 complete and 0 interrupted iterations
a1     [  84% ] 006/100 VUs  2m31.0s/3m0s  50.00 iters/s

running (2m32.0s), 006/100 VUs, 7594 complete and 0 interrupted iterations
a1     [  84% ] 006/100 VUs  2m32.0s/3m0s  50.00 iters/s

running (2m33.0s), 007/100 VUs, 7643 complete and 0 interrupted iterations
a1     [  85% ] 007/100 VUs  2m33.0s/3m0s  50.00 iters/s

running (2m34.0s), 007/100 VUs, 7693 complete and 0 interrupted iterations
a1     [  86% ] 007/100 VUs  2m34.0s/3m0s  50.00 iters/s

running (2m35.0s), 007/100 VUs, 7743 complete and 0 interrupted iterations
a1     [  86% ] 007/100 VUs  2m35.0s/3m0s  50.00 iters/s

running (2m36.0s), 007/100 VUs, 7793 complete and 0 interrupted iterations
a1     [  87% ] 007/100 VUs  2m36.0s/3m0s  50.00 iters/s

running (2m37.0s), 006/100 VUs, 7844 complete and 0 interrupted iterations
a1     [  87% ] 006/100 VUs  2m37.0s/3m0s  50.00 iters/s

running (2m38.0s), 007/100 VUs, 7893 complete and 0 interrupted iterations
a1     [  88% ] 007/100 VUs  2m38.0s/3m0s  50.00 iters/s

running (2m39.0s), 007/100 VUs, 7943 complete and 0 interrupted iterations
a1     [  88% ] 007/100 VUs  2m39.0s/3m0s  50.00 iters/s

running (2m40.0s), 007/100 VUs, 7993 complete and 0 interrupted iterations
a1     [  89% ] 007/100 VUs  2m40.0s/3m0s  50.00 iters/s

running (2m41.0s), 007/100 VUs, 8043 complete and 0 interrupted iterations
a1     [  89% ] 007/100 VUs  2m41.0s/3m0s  50.00 iters/s

running (2m42.0s), 006/100 VUs, 8094 complete and 0 interrupted iterations
a1     [  90% ] 006/100 VUs  2m42.0s/3m0s  50.00 iters/s

running (2m43.0s), 006/100 VUs, 8144 complete and 0 interrupted iterations
a1     [  91% ] 006/100 VUs  2m43.0s/3m0s  50.00 iters/s

running (2m44.0s), 006/100 VUs, 8194 complete and 0 interrupted iterations
a1     [  91% ] 006/100 VUs  2m44.0s/3m0s  50.00 iters/s

running (2m45.0s), 006/100 VUs, 8244 complete and 0 interrupted iterations
a1     [  92% ] 006/100 VUs  2m45.0s/3m0s  50.00 iters/s

running (2m46.0s), 007/100 VUs, 8293 complete and 0 interrupted iterations
a1     [  92% ] 007/100 VUs  2m46.0s/3m0s  50.00 iters/s

running (2m47.0s), 007/100 VUs, 8343 complete and 0 interrupted iterations
a1     [  93% ] 007/100 VUs  2m47.0s/3m0s  50.00 iters/s

running (2m48.0s), 007/100 VUs, 8393 complete and 0 interrupted iterations
a1     [  93% ] 007/100 VUs  2m48.0s/3m0s  50.00 iters/s

running (2m49.0s), 007/100 VUs, 8443 complete and 0 interrupted iterations
a1     [  94% ] 007/100 VUs  2m49.0s/3m0s  50.00 iters/s

running (2m50.0s), 007/100 VUs, 8493 complete and 0 interrupted iterations
a1     [  94% ] 007/100 VUs  2m50.0s/3m0s  50.00 iters/s

running (2m51.0s), 007/100 VUs, 8543 complete and 0 interrupted iterations
a1     [  95% ] 007/100 VUs  2m51.0s/3m0s  50.00 iters/s

running (2m52.0s), 007/100 VUs, 8593 complete and 0 interrupted iterations
a1     [  96% ] 007/100 VUs  2m52.0s/3m0s  50.00 iters/s

running (2m53.0s), 001/100 VUs, 8649 complete and 0 interrupted iterations
a1     [  96% ] 001/100 VUs  2m53.0s/3m0s  50.00 iters/s

running (2m54.0s), 007/100 VUs, 8693 complete and 0 interrupted iterations
a1     [  97% ] 007/100 VUs  2m54.0s/3m0s  50.00 iters/s

running (2m55.0s), 001/100 VUs, 8749 complete and 0 interrupted iterations
a1     [  97% ] 001/100 VUs  2m55.0s/3m0s  50.00 iters/s

running (2m56.0s), 007/100 VUs, 8793 complete and 0 interrupted iterations
a1     [  98% ] 007/100 VUs  2m56.0s/3m0s  50.00 iters/s

running (2m57.0s), 006/100 VUs, 8844 complete and 0 interrupted iterations
a1     [  98% ] 006/100 VUs  2m57.0s/3m0s  50.00 iters/s

running (2m58.0s), 001/100 VUs, 8899 complete and 0 interrupted iterations
a1     [  99% ] 001/100 VUs  2m58.0s/3m0s  50.00 iters/s

running (2m59.0s), 007/100 VUs, 8943 complete and 0 interrupted iterations
a1     [  99% ] 007/100 VUs  2m59.0s/3m0s  50.00 iters/s

running (3m00.0s), 003/100 VUs, 8997 complete and 0 interrupted iterations
a1     [ 100% ] 003/100 VUs  3m00.0s/3m0s  50.00 iters/s


  █ THRESHOLDS 

    http_req_failed
    ✓ 'rate<0.05' rate=0.00%


  █ TOTAL RESULTS 

    checks_total.......: 27000   149.344294/s
    checks_succeeded...: 100.00% 27000 out of 27000
    checks_failed......: 0.00%   0 out of 27000

    ✓ initiated
    ✓ validated
    ✓ terminal

    CUSTOM
    a1_lifecycle_duration..........: avg=61.6ms  min=6ms    med=13ms    p(95)=300ms    p(99)=421.03ms max=849ms   
    a1_lifecycles_completed........: 9000   49.781431/s
    a1_transitions_committed.......: 27000  149.344294/s

    HTTP
    http_req_duration..............: avg=20.38ms min=1.51ms med=3.97ms  p(95)=113.42ms p(99)=261.59ms max=732.91ms
      { expected_response:true }...: avg=20.38ms min=1.51ms med=3.97ms  p(95)=113.42ms p(99)=261.59ms max=732.91ms
    http_req_failed................: 0.00%  0 out of 27000
    http_reqs......................: 27000  149.344294/s

    EXECUTION
    iteration_duration.............: avg=61.68ms min=5.86ms med=12.94ms p(95)=299.63ms p(99)=421.42ms max=849.02ms
    iterations.....................: 9000   49.781431/s
    vus............................: 3      min=1          max=19 
    vus_max........................: 100    min=100        max=100

    NETWORK
    data_received..................: 10 MB  57 kB/s
    data_sent......................: 5.8 MB 32 kB/s




running (3m00.8s), 000/100 VUs, 9000 complete and 0 interrupted iterations
a1   ✓ [ 100% ] 000/100 VUs  3m0s  50.00 iters/s
