[12:55:48] === RUN WRAPPER_B1-P1-r5-20260904125548 ===
[12:55:48] mode=WRAPPER_B1 profile=P1 rep=5 tps=50 duration=120s fault=none
[12:55:48] jar: target/master-thesis-observability-0.0.1-SNAPSHOT.jar
[12:55:48] workload tozalanmoqda (reference saqlanadi)
workload reset; reference data preserved
AQ backlog purged: 0 -> 0
[12:55:49] Kafka topigi qayta yaratilmoqda
[12:55:58] ilova ishga tushirilmoqda (mode=WRAPPER_B1)
[12:56:10] ilova tayyor (pid 704145)
[12:56:14] k6 yuklamasi boshlandi
[12:58:26] pipeline bo'shashi kutilmoqda (maks 120s)
[12:58:36] pipeline bo'sh (4s, sink=18003 xabar)
[12:58:49] ground truth eksport qilinmoqda
[12:58:49] Kafka topigi eksport qilinmoqda
[12:59:17] tahlil
{
  "mode": "WRAPPER_B1",
  "profile": "P1",
  "rep": "5",
  "fault": "none",
  "ground_truth_transitions": 18003,
  "delivered_distinct": 18003,
  "delivered_total": 18003,
  "matched": 18003,
  "missing": 0,
  "phantom": 0,
  "malformed": 0,
  "loss_rate": 0.0,
  "loss_rate_ppm": 0.0,
  "duplicate_rate": 0.0,
  "ordering_violation_rate": 0.0,
  "txns_split_across_partitions": 0,
  "latency_ms_p50": 0,
  "latency_ms_p95": 1,
  "latency_ms_p99": 1,
  "latency_ms_max": 915,
  "latency_ms_mean": 0.4,
  "latency_samples": 18003,
  "latency_negative_samples": 6215,
  "loss_rate_upper_bound_95_ppm": 166.64
}
[12:59:17] ilova va konnektor to'xtatilmoqda
[12:59:21] === TUGADI: results/WRAPPER_B1-P1-r5-20260904125548 ===
