[18:32:54] === RUN AQ-P1-r3-F11-20260904183254 ===
[18:32:54] mode=AQ profile=P1 rep=3 tps=50 duration=180s fault=F11
[18:32:54] jar: target/master-thesis-observability-0.0.1-SNAPSHOT.jar
[18:32:54] workload tozalanmoqda (reference saqlanadi)
workload reset; reference data preserved
AQ backlog purged: 0 -> 0
[18:32:57] Kafka topigi qayta yaratilmoqda
[18:33:05] ilova ishga tushirilmoqda (mode=AQ)
[18:33:16] ilova tayyor (pid 285073)
[18:33:19] fault F11 60s dan keyin yuboriladi
[18:33:19] k6 yuklamasi boshlandi
[fault 18:34:25] 20000 tranzaksiya ilovadan chetlab yaratilmoqda (PL/SQL batch)
PL/SQL procedure successfully completed.

[fault 18:35:09] F11 tugadi
[18:36:38] pipeline bo'shashi kutilmoqda (maks 120s)
[18:36:48] pipeline bo'sh (4s, sink=86994 xabar)
[18:37:01] ground truth eksport qilinmoqda
[18:37:02] Kafka topigi eksport qilinmoqda
[18:37:29] tahlil
{
  "mode": "AQ",
  "profile": "P1",
  "rep": "3",
  "fault": "F11",
  "ground_truth_transitions": 86994,
  "delivered_distinct": 86994,
  "delivered_total": 86994,
  "matched": 86994,
  "missing": 0,
  "phantom": 0,
  "malformed": 0,
  "loss_rate": 0.0,
  "loss_rate_ppm": 0.0,
  "duplicate_rate": 0.0,
  "ordering_violation_rate": 0.0,
  "txns_split_across_partitions": 0,
  "latency_ms_p50": 8602,
  "latency_ms_p95": 12331,
  "latency_ms_p99": 13350,
  "latency_ms_max": 13807,
  "latency_ms_mean": 6904.2,
  "latency_samples": 86994,
  "latency_negative_samples": 0,
  "loss_rate_upper_bound_95_ppm": 34.49
}
[18:37:31] ilova va konnektor to'xtatilmoqda
[18:37:38] === TUGADI: results/AQ-P1-r3-F11-20260904183254 ===
