[17:44:44] === RUN HYBRID-P1-r91-20260903174444 ===
[17:44:44] mode=HYBRID profile=P1 rep=91 tps=50 duration=60s fault=none
[17:44:44] jar: target/master-thesis-observability-0.0.1-SNAPSHOT.jar
[17:44:44] workload tozalanmoqda (reference saqlanadi)
workload reset; reference data preserved
AQ backlog purged: 0 -> 0
[17:44:45] Kafka topigi qayta yaratilmoqda
[17:44:54] ilova ishga tushirilmoqda (mode=HYBRID)
[17:45:09] ilova tayyor (pid 2218102)
[17:45:09] Debezium konnektori ro'yxatdan o'tkazilmoqda (HYBRID, prefix=obsv_hybrid_p1_r91_20260903174444)
konnektor ro'yxatdan o'tkazilmoqda: a1-hybrid-obsv_hybrid_p1_r91_20260903174444 (prefix=obsv_hybrid_p1_r91_20260903174444)
konnektor RUNNING (2s)
streaming tasdiqlanmoqda (heartbeat topigi: __debezium-heartbeat.obsv_hybrid_p1_r91_20260903174444)
streaming tasdiqlandi (8 urinish)
[17:45:44] k6 yuklamasi boshlandi
[17:46:51] pipeline bo'shashi kutilmoqda (maks 120s)
[17:47:04] pipeline bo'sh (5s, sink=9000 xabar)
[17:47:14] ground truth eksport qilinmoqda
[17:47:15] Kafka topigi eksport qilinmoqda
[17:47:45] tahlil
{
  "mode": "HYBRID",
  "profile": "P1",
  "rep": "91",
  "fault": "none",
  "ground_truth_transitions": 9000,
  "delivered_distinct": 9000,
  "delivered_total": 9000,
  "matched": 9000,
  "missing": 0,
  "phantom": 0,
  "malformed": 0,
  "loss_rate": 0.0,
  "loss_rate_ppm": 0.0,
  "duplicate_rate": 0.0,
  "ordering_violation_rate": 0.0,
  "txns_split_across_partitions": 0,
  "latency_ms_p50": -1,
  "latency_ms_p95": 2,
  "latency_ms_p99": 7,
  "latency_ms_max": 2934,
  "latency_ms_mean": 1.2,
  "latency_samples": 9000,
  "loss_rate_upper_bound_95_ppm": 333.33
}
[17:47:45] ilova va konnektor to'xtatilmoqda
connector o'chirilmoqda: a1-hybrid-obsv_hybrid_p1_r91_20260903174444
[17:47:49] === TUGADI: results/HYBRID-P1-r91-20260903174444 ===
