[10:21:59] === RUN CDC-C2N3OFF-r2-20260909102159 ===
[10:21:59] mode=CDC profile=C2N3OFF rep=2 tps=50 duration=180s fault=none
[10:21:59] jar: target/master-thesis-observability-0.0.1-SNAPSHOT.jar
[10:21:59] workload tozalanmoqda (reference saqlanadi)
workload reset; reference data preserved
AQ backlog purged: 0 -> 0
[10:22:00] Kafka topigi qayta yaratilmoqda
[10:22:09] ilova ishga tushirilmoqda (mode=CDC)
[10:22:24] ilova tayyor (pid 1986107)
[10:22:24] --no-connector: konnektorsiz ishlatilmoqda (C2 bazaviy sharti)
[10:22:27] k6 yuklamasi boshlandi
[10:22:27] k6 nolga teng bo'lmagan kod bilan tugadi (natija baribir tahlil qilinadi)
[10:22:27] pipeline bo'shashi kutilmoqda (maks 120s)
[10:22:38] pipeline bo'sh (4s, sink=0 xabar)
[10:22:49] ground truth eksport qilinmoqda
[10:22:49] Kafka topigi eksport qilinmoqda
[10:23:16] tahlil
{
  "mode": "CDC",
  "profile": "C2N3OFF",
  "rep": "2",
  "fault": "none",
  "ground_truth_transitions": 0,
  "delivered_distinct": 0,
  "delivered_total": 0,
  "matched": 0,
  "missing": 0,
  "phantom": 0,
  "malformed": 0,
  "loss_rate": 0.0,
  "loss_rate_ppm": 0.0,
  "duplicate_rate": 0.0,
  "ordering_violation_rate": 0.0,
  "txns_split_across_partitions": 0,
  "latency_ms_p50": null,
  "latency_ms_p95": null,
  "latency_ms_p99": null,
  "latency_ms_max": null,
  "latency_ms_mean": null,
  "latency_samples": 0,
  "latency_negative_samples": 0
}
[10:23:16] ilova va konnektor to'xtatilmoqda
[10:23:20] === TUGADI: results/CDC-C2N3OFF-r2-20260909102159 ===
