[18:13:48] === RUN AQ-P1-r2-F1R-20260909181348 ===
[18:13:48] mode=AQ profile=P1 rep=2 tps=50 duration=180s fault=F1R
[18:13:48] jar: target/master-thesis-observability-0.0.1-SNAPSHOT.jar
[18:13:48] arxiv redo tozalanmoqda
[18:13:48] workload tozalanmoqda (reference saqlanadi)
workload reset; reference data preserved
AQ backlog purged: 0 -> 0
[18:13:49] Kafka topigi qayta yaratilmoqda
[18:13:59] ilova ishga tushirilmoqda (mode=AQ)
[18:14:15] ilova tayyor (pid 792705)
[18:14:19] fault F1R 60s dan keyin yuboriladi
[18:14:19] k6 yuklamasi boshlandi
[fault 18:15:19] SIGKILL ilovaga: 792705
[fault 18:15:30] ilova qayta ishga tushirilmoqda (mode=results/WRAPPER_B3-P1-r91-20260903164920/run.log:WRAPPER_B3)
[fault 18:15:30] F1R tugadi
[18:17:20] k6 nolga teng bo'lmagan kod bilan tugadi (natija baribir tahlil qilinadi)
[18:17:20] k6 iteratsiyalari: 9001
[18:17:20] ilova ishlamayapti (fault=F1R) — drenaj uchun qayta ishga tushirilmoqda
[18:17:34] ilova qayta tiklandi (8x2s)
[18:17:34] pipeline bo'shashi kutilmoqda (maks 120s)
[18:18:19] pipeline bo'sh (15s, sink=8966 xabar)
[18:18:29] ground truth eksport qilinmoqda
[18:18:30] Kafka topigi eksport qilinmoqda
[18:19:23] tahlil
{
  "mode": "AQ",
  "profile": "P1",
  "rep": "2",
  "fault": "F1R",
  "ground_truth_transitions": 8966,
  "delivered_distinct": 8966,
  "delivered_total": 8966,
  "matched": 8966,
  "missing": 0,
  "phantom": 0,
  "malformed": 0,
  "loss_rate": 0.0,
  "loss_rate_ppm": 0.0,
  "duplicate_rate": 0.0,
  "ordering_violation_rate": 0.0,
  "txns_split_across_partitions": 0,
  "latency_ms_p50": 9,
  "latency_ms_p95": 122,
  "latency_ms_p99": 1911,
  "latency_ms_max": 136067,
  "latency_ms_mean": 105.9,
  "latency_samples": 8966,
  "latency_negative_samples": 0,
  "loss_rate_upper_bound_95_ppm": 334.6
}
[18:19:23] ilova va konnektor to'xtatilmoqda
[18:19:27] === TUGADI: results/AQ-P1-r2-F1R-20260909181348 ===
