[19:15:33] === RUN WRAPPER_B2-P1-r3-F1R-20260909191533 ===
[19:15:33] mode=WRAPPER_B2 profile=P1 rep=3 tps=50 duration=180s fault=F1R
[19:15:33] jar: target/master-thesis-observability-0.0.1-SNAPSHOT.jar
[19:15:33] arxiv redo tozalanmoqda
[19:15:34] workload tozalanmoqda (reference saqlanadi)
workload reset; reference data preserved
AQ backlog purged: 0 -> 0
[19:15:34] Kafka topigi qayta yaratilmoqda
[19:15:44] ilova ishga tushirilmoqda (mode=WRAPPER_B2)
[19:16:00] ilova tayyor (pid 1502440)
[19:16:04] fault F1R 60s dan keyin yuboriladi
[19:16:04] k6 yuklamasi boshlandi
[fault 19:17:04] SIGKILL ilovaga: 1502440
[fault 19:17:16] ilova qayta ishga tushirilmoqda (mode=results/WRAPPER_B3-P1-r91-20260903164920/run.log:WRAPPER_B3)
[fault 19:17:16] F1R tugadi
[19:19:05] k6 nolga teng bo'lmagan kod bilan tugadi (natija baribir tahlil qilinadi)
[19:19:05] k6 iteratsiyalari: 8972
[19:19:05] ilova ishlamayapti (fault=F1R) — drenaj uchun qayta ishga tushirilmoqda
[19:19:19] ilova qayta tiklandi (8x2s)
[19:19:19] pipeline bo'shashi kutilmoqda (maks 120s)
[19:19:41] pipeline bo'sh (15s, sink=8885 xabar)
[19:19:52] ground truth eksport qilinmoqda
[19:19:52] Kafka topigi eksport qilinmoqda
[19:20:03] tahlil
{
  "mode": "WRAPPER_B2",
  "profile": "P1",
  "rep": "3",
  "fault": "F1R",
  "ground_truth_transitions": 8886,
  "delivered_distinct": 8885,
  "delivered_total": 8885,
  "matched": 8885,
  "missing": 1,
  "phantom": 0,
  "malformed": 0,
  "loss_rate": 0.00011254,
  "loss_rate_ppm": 112.54,
  "duplicate_rate": 0.0,
  "ordering_violation_rate": 0.0,
  "txns_split_across_partitions": 0,
  "latency_ms_p50": 2,
  "latency_ms_p95": 4,
  "latency_ms_p99": 12,
  "latency_ms_max": 1607,
  "latency_ms_mean": 5.8,
  "latency_samples": 8885,
  "latency_negative_samples": 0
}
[19:20:04] ilova va konnektor to'xtatilmoqda
[19:20:08] === TUGADI: results/WRAPPER_B2-P1-r3-F1R-20260909191533 ===
