[14:08:34] === RUN HYBRID-P1-r1-F2-20260904140834 ===
[14:08:34] mode=HYBRID profile=P1 rep=1 tps=50 duration=180s fault=F2
[14:08:34] jar: target/master-thesis-observability-0.0.1-SNAPSHOT.jar
[14:08:34] workload tozalanmoqda (reference saqlanadi)
workload reset; reference data preserved
AQ backlog purged: 0 -> 0
[14:08:35] Kafka topigi qayta yaratilmoqda
[14:08:44] ilova ishga tushirilmoqda (mode=HYBRID)
[14:08:58] ilova tayyor (pid 1559075)
[14:08:58] Debezium konnektori ro'yxatdan o'tkazilmoqda (HYBRID, prefix=obsv_hybrid_p1_r1_f2_20260904140834)
konnektor ro'yxatdan o'tkazilmoqda: a1-hybrid-obsv_hybrid_p1_r1_f2_20260904140834 (prefix=obsv_hybrid_p1_r1_f2_20260904140834)
konnektor RUNNING (2s)
streaming tasdiqlanmoqda (heartbeat topigi: __debezium-heartbeat.obsv_hybrid_p1_r1_f2_20260904140834)
streaming tasdiqlandi (1 urinish)
[14:09:08] fault F2 60s dan keyin yuboriladi
[14:09:08] k6 yuklamasi boshlandi
[fault 14:10:14] kafka-2 va kafka-3 to'xtatilmoqda (90s)
[fault 14:11:54] brokerlar qaytarilmoqda
[fault 14:11:58] F2 tugadi
[14:12:24] pipeline bo'shashi kutilmoqda (maks 120s)
[14:12:37] pipeline bo'sh (4s, sink=27003 xabar)
[14:12:47] ground truth eksport qilinmoqda
[14:12:48] Kafka topigi eksport qilinmoqda
[14:13:43] tahlil
{
  "mode": "HYBRID",
  "profile": "P1",
  "rep": "1",
  "fault": "F2",
  "ground_truth_transitions": 27003,
  "delivered_distinct": 27003,
  "delivered_total": 27003,
  "matched": 27003,
  "missing": 0,
  "phantom": 0,
  "malformed": 0,
  "loss_rate": 0.0,
  "loss_rate_ppm": 0.0,
  "duplicate_rate": 0.0,
  "ordering_violation_rate": 0.0,
  "txns_split_across_partitions": 0,
  "latency_ms_p50": 3332,
  "latency_ms_p95": 5982,
  "latency_ms_p99": 7455,
  "latency_ms_max": 8393,
  "latency_ms_mean": 3440.1,
  "latency_samples": 27003,
  "latency_negative_samples": 0,
  "loss_rate_upper_bound_95_ppm": 111.1
}
[14:13:44] ilova va konnektor to'xtatilmoqda
connector o'chirilmoqda: a1-hybrid-obsv_hybrid_p1_r1_f2_20260904140834
[14:13:48] === TUGADI: results/HYBRID-P1-r1-F2-20260904140834 ===
