[14:24:09] === RUN AQ-P1-r1-F11-20260904142409 ===
[14:24:09] mode=AQ profile=P1 rep=1 tps=50 duration=180s fault=F11
[14:24:09] jar: target/master-thesis-observability-0.0.1-SNAPSHOT.jar
[14:24:09] workload tozalanmoqda (reference saqlanadi)
workload reset; reference data preserved
AQ backlog purged: 0 -> 0
[14:24:12] Kafka topigi qayta yaratilmoqda
[14:24:20] ilova ishga tushirilmoqda (mode=AQ)
[14:24:36] ilova tayyor (pid 1720810)
[14:24:39] fault F11 60s dan keyin yuboriladi
[14:24:39] k6 yuklamasi boshlandi
[fault 14:25:45] 20000 tranzaksiya ilovadan chetlab yaratilmoqda (PL/SQL batch)
PL/SQL procedure successfully completed.

[fault 14:26:26] F11 tugadi
[14:27:54] pipeline bo'shashi kutilmoqda (maks 120s)
[14:28:07] pipeline bo'sh (4s, sink=87000 xabar)
[14:28:18] ground truth eksport qilinmoqda
[14:28:19] Kafka topigi eksport qilinmoqda
[14:29:14] tahlil
{
  "mode": "AQ",
  "profile": "P1",
  "rep": "1",
  "fault": "F11",
  "ground_truth_transitions": 87000,
  "delivered_distinct": 87000,
  "delivered_total": 87000,
  "matched": 87000,
  "missing": 0,
  "phantom": 0,
  "malformed": 0,
  "loss_rate": 0.0,
  "loss_rate_ppm": 0.0,
  "duplicate_rate": 0.0,
  "ordering_violation_rate": 0.0,
  "txns_split_across_partitions": 0,
  "latency_ms_p50": 7807,
  "latency_ms_p95": 12016,
  "latency_ms_p99": 12653,
  "latency_ms_max": 12863,
  "latency_ms_mean": 6428.9,
  "latency_samples": 87000,
  "latency_negative_samples": 0,
  "loss_rate_upper_bound_95_ppm": 34.48
}
[14:29:16] ilova va konnektor to'xtatilmoqda
[14:29:20] === TUGADI: results/AQ-P1-r1-F11-20260904142409 ===
