
         /\      Grafana   /‾‾/  
    /\  /  \     |\  __   /  /   
   /  \/    \    | |/ /  /   ‾‾\ 
  /          \   |   (  |  (‾)  |
 / __________ \  |_|\_\  \_____/ 


     execution: local
        script: harness/k6/a1-workload.js
        output: -

     scenarios: (100.00%) 1 scenario, 600 max VUs, 2m30s max duration (incl. graceful stop):
              * a1: 50.00 iterations/s for 2m0s (maxVUs: 100-600, gracefulStop: 30s)


running (0m01.0s), 002/100 VUs, 47 complete and 0 interrupted iterations
a1     [   1% ] 002/100 VUs  0m01.0s/2m0s  50.00 iters/s

running (0m02.0s), 001/100 VUs, 98 complete and 0 interrupted iterations
a1     [   2% ] 001/100 VUs  0m02.0s/2m0s  50.00 iters/s

running (0m03.0s), 001/100 VUs, 148 complete and 0 interrupted iterations
a1     [   2% ] 001/100 VUs  0m03.0s/2m0s  50.00 iters/s

running (0m04.0s), 001/100 VUs, 198 complete and 0 interrupted iterations
a1     [   3% ] 001/100 VUs  0m04.0s/2m0s  50.00 iters/s

running (0m05.0s), 001/100 VUs, 248 complete and 0 interrupted iterations
a1     [   4% ] 001/100 VUs  0m05.0s/2m0s  50.00 iters/s

running (0m06.0s), 001/100 VUs, 298 complete and 0 interrupted iterations
a1     [   5% ] 001/100 VUs  0m06.0s/2m0s  50.00 iters/s

running (0m07.0s), 001/100 VUs, 348 complete and 0 interrupted iterations
a1     [   6% ] 001/100 VUs  0m07.0s/2m0s  50.00 iters/s

running (0m08.0s), 001/100 VUs, 398 complete and 0 interrupted iterations
a1     [   7% ] 001/100 VUs  0m08.0s/2m0s  50.00 iters/s

running (0m09.0s), 001/100 VUs, 448 complete and 0 interrupted iterations
a1     [   7% ] 001/100 VUs  0m09.0s/2m0s  50.00 iters/s

running (0m10.0s), 001/100 VUs, 498 complete and 0 interrupted iterations
a1     [   8% ] 001/100 VUs  0m10.0s/2m0s  50.00 iters/s

running (0m11.0s), 001/100 VUs, 548 complete and 0 interrupted iterations
a1     [   9% ] 001/100 VUs  0m11.0s/2m0s  50.00 iters/s

running (0m12.0s), 001/100 VUs, 598 complete and 0 interrupted iterations
a1     [  10% ] 001/100 VUs  0m12.0s/2m0s  50.00 iters/s

running (0m13.0s), 001/100 VUs, 648 complete and 0 interrupted iterations
a1     [  11% ] 001/100 VUs  0m13.0s/2m0s  50.00 iters/s

running (0m14.0s), 001/100 VUs, 698 complete and 0 interrupted iterations
a1     [  12% ] 001/100 VUs  0m14.0s/2m0s  50.00 iters/s

running (0m15.0s), 001/100 VUs, 748 complete and 0 interrupted iterations
a1     [  12% ] 001/100 VUs  0m15.0s/2m0s  50.00 iters/s

running (0m16.0s), 001/100 VUs, 798 complete and 0 interrupted iterations
a1     [  13% ] 001/100 VUs  0m16.0s/2m0s  50.00 iters/s

running (0m19.9s), 001/100 VUs, 848 complete and 0 interrupted iterations
a1     [  14% ] 001/100 VUs  0m17.0s/2m0s  50.00 iters/s

running (0m20.9s), 001/100 VUs, 898 complete and 0 interrupted iterations
a1     [  15% ] 001/100 VUs  0m18.0s/2m0s  50.00 iters/s

running (0m21.9s), 001/100 VUs, 948 complete and 0 interrupted iterations
a1     [  16% ] 001/100 VUs  0m19.0s/2m0s  50.00 iters/s

running (0m22.9s), 001/100 VUs, 998 complete and 0 interrupted iterations
a1     [  17% ] 001/100 VUs  0m20.0s/2m0s  50.00 iters/s

running (0m23.9s), 001/100 VUs, 1048 complete and 0 interrupted iterations
a1     [  17% ] 001/100 VUs  0m21.0s/2m0s  50.00 iters/s

running (0m24.9s), 001/100 VUs, 1098 complete and 0 interrupted iterations
a1     [  18% ] 001/100 VUs  0m22.0s/2m0s  50.00 iters/s

running (0m25.9s), 001/100 VUs, 1148 complete and 0 interrupted iterations
a1     [  19% ] 001/100 VUs  0m23.0s/2m0s  50.00 iters/s

running (0m26.9s), 001/100 VUs, 1198 complete and 0 interrupted iterations
a1     [  20% ] 001/100 VUs  0m24.0s/2m0s  50.00 iters/s

running (0m27.9s), 001/100 VUs, 1248 complete and 0 interrupted iterations
a1     [  21% ] 001/100 VUs  0m25.0s/2m0s  50.00 iters/s

running (0m28.9s), 001/100 VUs, 1298 complete and 0 interrupted iterations
a1     [  22% ] 001/100 VUs  0m26.0s/2m0s  50.00 iters/s

running (0m29.9s), 001/100 VUs, 1348 complete and 0 interrupted iterations
a1     [  22% ] 001/100 VUs  0m27.0s/2m0s  50.00 iters/s

running (0m30.9s), 001/100 VUs, 1398 complete and 0 interrupted iterations
a1     [  23% ] 001/100 VUs  0m28.0s/2m0s  50.00 iters/s

running (0m31.9s), 001/100 VUs, 1448 complete and 0 interrupted iterations
a1     [  24% ] 001/100 VUs  0m29.0s/2m0s  50.00 iters/s

running (0m32.9s), 001/100 VUs, 1498 complete and 0 interrupted iterations
a1     [  25% ] 001/100 VUs  0m30.0s/2m0s  50.00 iters/s

running (0m33.9s), 001/100 VUs, 1548 complete and 0 interrupted iterations
a1     [  26% ] 001/100 VUs  0m31.0s/2m0s  50.00 iters/s

running (0m34.9s), 001/100 VUs, 1598 complete and 0 interrupted iterations
a1     [  27% ] 001/100 VUs  0m32.0s/2m0s  50.00 iters/s

running (0m35.9s), 001/100 VUs, 1648 complete and 0 interrupted iterations
a1     [  27% ] 001/100 VUs  0m33.0s/2m0s  50.00 iters/s

running (0m36.9s), 001/100 VUs, 1698 complete and 0 interrupted iterations
a1     [  28% ] 001/100 VUs  0m34.0s/2m0s  50.00 iters/s

running (0m37.9s), 000/100 VUs, 1749 complete and 0 interrupted iterations
a1     [  29% ] 000/100 VUs  0m35.0s/2m0s  50.00 iters/s

running (0m38.9s), 001/100 VUs, 1798 complete and 0 interrupted iterations
a1     [  30% ] 001/100 VUs  0m36.0s/2m0s  50.00 iters/s

running (0m39.9s), 001/100 VUs, 1848 complete and 0 interrupted iterations
a1     [  31% ] 001/100 VUs  0m37.0s/2m0s  50.00 iters/s

running (0m40.9s), 001/100 VUs, 1898 complete and 0 interrupted iterations
a1     [  32% ] 001/100 VUs  0m38.0s/2m0s  50.00 iters/s

running (0m41.9s), 001/100 VUs, 1948 complete and 0 interrupted iterations
a1     [  32% ] 001/100 VUs  0m39.0s/2m0s  50.00 iters/s

running (0m42.9s), 001/100 VUs, 1998 complete and 0 interrupted iterations
a1     [  33% ] 001/100 VUs  0m40.0s/2m0s  50.00 iters/s

running (0m43.9s), 001/100 VUs, 2048 complete and 0 interrupted iterations
a1     [  34% ] 001/100 VUs  0m41.0s/2m0s  50.00 iters/s

running (0m44.9s), 001/100 VUs, 2098 complete and 0 interrupted iterations
a1     [  35% ] 001/100 VUs  0m42.0s/2m0s  50.00 iters/s

running (0m45.9s), 001/100 VUs, 2148 complete and 0 interrupted iterations
a1     [  36% ] 001/100 VUs  0m43.0s/2m0s  50.00 iters/s

running (0m46.9s), 001/100 VUs, 2198 complete and 0 interrupted iterations
a1     [  37% ] 001/100 VUs  0m44.0s/2m0s  50.00 iters/s

running (0m47.9s), 000/100 VUs, 2249 complete and 0 interrupted iterations
a1     [  37% ] 000/100 VUs  0m45.0s/2m0s  50.00 iters/s

running (0m48.9s), 001/100 VUs, 2298 complete and 0 interrupted iterations
a1     [  38% ] 001/100 VUs  0m46.0s/2m0s  50.00 iters/s

running (0m49.9s), 001/100 VUs, 2348 complete and 0 interrupted iterations
a1     [  39% ] 001/100 VUs  0m47.0s/2m0s  50.00 iters/s

running (0m50.9s), 001/100 VUs, 2398 complete and 0 interrupted iterations
a1     [  40% ] 000/100 VUs  0m48.0s/2m0s  50.00 iters/s

running (0m54.8s), 001/100 VUs, 2448 complete and 0 interrupted iterations
a1     [  41% ] 001/100 VUs  0m49.0s/2m0s  50.00 iters/s

running (0m55.8s), 001/100 VUs, 2498 complete and 0 interrupted iterations
a1     [  42% ] 001/100 VUs  0m50.0s/2m0s  50.00 iters/s

running (0m56.8s), 000/100 VUs, 2549 complete and 0 interrupted iterations
a1     [  42% ] 000/100 VUs  0m51.0s/2m0s  50.00 iters/s

running (0m57.8s), 000/100 VUs, 2599 complete and 0 interrupted iterations
a1     [  43% ] 000/100 VUs  0m52.0s/2m0s  50.00 iters/s

running (0m58.8s), 001/100 VUs, 2648 complete and 0 interrupted iterations
a1     [  44% ] 001/100 VUs  0m53.0s/2m0s  50.00 iters/s

running (0m59.8s), 001/100 VUs, 2698 complete and 0 interrupted iterations
a1     [  45% ] 001/100 VUs  0m54.0s/2m0s  50.00 iters/s

running (1m00.8s), 001/100 VUs, 2748 complete and 0 interrupted iterations
a1     [  46% ] 001/100 VUs  0m55.0s/2m0s  50.00 iters/s

running (1m01.8s), 001/100 VUs, 2798 complete and 0 interrupted iterations
a1     [  47% ] 001/100 VUs  0m56.0s/2m0s  50.00 iters/s

running (1m02.8s), 001/100 VUs, 2848 complete and 0 interrupted iterations
a1     [  47% ] 001/100 VUs  0m57.0s/2m0s  50.00 iters/s

running (1m03.8s), 001/100 VUs, 2898 complete and 0 interrupted iterations
a1     [  48% ] 001/100 VUs  0m58.0s/2m0s  50.00 iters/s

running (1m04.8s), 001/100 VUs, 2948 complete and 0 interrupted iterations
a1     [  49% ] 001/100 VUs  0m59.0s/2m0s  50.00 iters/s

running (1m05.8s), 001/100 VUs, 2998 complete and 0 interrupted iterations
a1     [  50% ] 001/100 VUs  1m00.0s/2m0s  50.00 iters/s

running (1m06.8s), 001/100 VUs, 3048 complete and 0 interrupted iterations
a1     [  51% ] 001/100 VUs  1m01.0s/2m0s  50.00 iters/s

running (1m07.8s), 001/100 VUs, 3098 complete and 0 interrupted iterations
a1     [  52% ] 001/100 VUs  1m02.0s/2m0s  50.00 iters/s

running (1m08.8s), 001/100 VUs, 3148 complete and 0 interrupted iterations
a1     [  52% ] 001/100 VUs  1m03.0s/2m0s  50.00 iters/s

running (1m09.8s), 001/100 VUs, 3198 complete and 0 interrupted iterations
a1     [  53% ] 001/100 VUs  1m04.0s/2m0s  50.00 iters/s

running (1m10.8s), 001/100 VUs, 3248 complete and 0 interrupted iterations
a1     [  54% ] 001/100 VUs  1m05.0s/2m0s  50.00 iters/s

running (1m11.8s), 001/100 VUs, 3298 complete and 0 interrupted iterations
a1     [  55% ] 001/100 VUs  1m06.0s/2m0s  50.00 iters/s

running (1m12.8s), 001/100 VUs, 3348 complete and 0 interrupted iterations
a1     [  56% ] 001/100 VUs  1m07.0s/2m0s  50.00 iters/s

running (1m13.8s), 001/100 VUs, 3398 complete and 0 interrupted iterations
a1     [  57% ] 001/100 VUs  1m08.0s/2m0s  50.00 iters/s

running (1m14.8s), 001/100 VUs, 3448 complete and 0 interrupted iterations
a1     [  57% ] 001/100 VUs  1m09.0s/2m0s  50.00 iters/s

running (1m15.8s), 001/100 VUs, 3498 complete and 0 interrupted iterations
a1     [  58% ] 001/100 VUs  1m10.0s/2m0s  50.00 iters/s

running (1m16.8s), 001/100 VUs, 3548 complete and 0 interrupted iterations
a1     [  59% ] 001/100 VUs  1m11.0s/2m0s  50.00 iters/s

running (1m17.8s), 001/100 VUs, 3598 complete and 0 interrupted iterations
a1     [  60% ] 001/100 VUs  1m12.0s/2m0s  50.00 iters/s

running (1m18.8s), 001/100 VUs, 3648 complete and 0 interrupted iterations
a1     [  61% ] 001/100 VUs  1m13.0s/2m0s  50.00 iters/s

running (1m19.8s), 001/100 VUs, 3698 complete and 0 interrupted iterations
a1     [  62% ] 001/100 VUs  1m14.0s/2m0s  50.00 iters/s

running (1m20.8s), 000/100 VUs, 3749 complete and 0 interrupted iterations
a1     [  62% ] 000/100 VUs  1m15.0s/2m0s  50.00 iters/s

running (1m21.8s), 001/100 VUs, 3798 complete and 0 interrupted iterations
a1     [  63% ] 001/100 VUs  1m16.0s/2m0s  50.00 iters/s

running (1m22.8s), 001/100 VUs, 3848 complete and 0 interrupted iterations
a1     [  64% ] 001/100 VUs  1m17.0s/2m0s  50.00 iters/s

running (1m23.8s), 001/100 VUs, 3898 complete and 0 interrupted iterations
a1     [  65% ] 001/100 VUs  1m18.0s/2m0s  50.00 iters/s

running (1m24.8s), 001/100 VUs, 3948 complete and 0 interrupted iterations
a1     [  66% ] 001/100 VUs  1m19.0s/2m0s  50.00 iters/s

running (1m25.8s), 001/100 VUs, 3998 complete and 0 interrupted iterations
a1     [  67% ] 001/100 VUs  1m20.0s/2m0s  50.00 iters/s

running (1m29.8s), 001/100 VUs, 4048 complete and 0 interrupted iterations
a1     [  67% ] 001/100 VUs  1m21.0s/2m0s  50.00 iters/s

running (1m30.8s), 000/100 VUs, 4099 complete and 0 interrupted iterations
a1     [  68% ] 000/100 VUs  1m22.0s/2m0s  50.00 iters/s

running (1m31.8s), 001/100 VUs, 4148 complete and 0 interrupted iterations
a1     [  69% ] 001/100 VUs  1m23.0s/2m0s  50.00 iters/s

running (1m32.8s), 000/100 VUs, 4199 complete and 0 interrupted iterations
a1     [  70% ] 000/100 VUs  1m24.0s/2m0s  50.00 iters/s

running (1m33.8s), 000/100 VUs, 4249 complete and 0 interrupted iterations
a1     [  71% ] 000/100 VUs  1m25.0s/2m0s  50.00 iters/s

running (1m34.8s), 001/100 VUs, 4298 complete and 0 interrupted iterations
a1     [  72% ] 001/100 VUs  1m26.0s/2m0s  50.00 iters/s

running (1m35.8s), 001/100 VUs, 4348 complete and 0 interrupted iterations
a1     [  72% ] 001/100 VUs  1m27.0s/2m0s  50.00 iters/s

running (1m36.8s), 000/100 VUs, 4399 complete and 0 interrupted iterations
a1     [  73% ] 000/100 VUs  1m28.0s/2m0s  50.00 iters/s

running (1m37.8s), 001/100 VUs, 4448 complete and 0 interrupted iterations
a1     [  74% ] 001/100 VUs  1m29.0s/2m0s  50.00 iters/s

running (1m38.8s), 001/100 VUs, 4498 complete and 0 interrupted iterations
a1     [  75% ] 001/100 VUs  1m30.0s/2m0s  50.00 iters/s

running (1m39.8s), 000/100 VUs, 4549 complete and 0 interrupted iterations
a1     [  76% ] 000/100 VUs  1m31.0s/2m0s  50.00 iters/s

running (1m40.8s), 001/100 VUs, 4598 complete and 0 interrupted iterations
a1     [  77% ] 001/100 VUs  1m32.0s/2m0s  50.00 iters/s

running (1m41.8s), 001/100 VUs, 4648 complete and 0 interrupted iterations
a1     [  77% ] 001/100 VUs  1m33.0s/2m0s  50.00 iters/s

running (1m42.8s), 001/100 VUs, 4698 complete and 0 interrupted iterations
a1     [  78% ] 001/100 VUs  1m34.0s/2m0s  50.00 iters/s

running (1m43.8s), 000/100 VUs, 4749 complete and 0 interrupted iterations
a1     [  79% ] 000/100 VUs  1m35.0s/2m0s  50.00 iters/s

running (1m44.8s), 001/100 VUs, 4798 complete and 0 interrupted iterations
a1     [  80% ] 001/100 VUs  1m36.0s/2m0s  50.00 iters/s

running (1m45.8s), 000/100 VUs, 4849 complete and 0 interrupted iterations
a1     [  81% ] 000/100 VUs  1m37.0s/2m0s  50.00 iters/s

running (1m46.8s), 001/100 VUs, 4898 complete and 0 interrupted iterations
a1     [  82% ] 001/100 VUs  1m38.0s/2m0s  50.00 iters/s

running (1m47.8s), 001/100 VUs, 4948 complete and 0 interrupted iterations
a1     [  82% ] 001/100 VUs  1m39.0s/2m0s  50.00 iters/s

running (1m48.8s), 001/100 VUs, 4998 complete and 0 interrupted iterations
a1     [  83% ] 001/100 VUs  1m40.0s/2m0s  50.00 iters/s

running (1m49.8s), 000/100 VUs, 5049 complete and 0 interrupted iterations
a1     [  84% ] 000/100 VUs  1m41.0s/2m0s  50.00 iters/s

running (1m50.8s), 000/100 VUs, 5099 complete and 0 interrupted iterations
a1     [  85% ] 000/100 VUs  1m42.0s/2m0s  50.00 iters/s

running (1m51.8s), 000/100 VUs, 5149 complete and 0 interrupted iterations
a1     [  86% ] 000/100 VUs  1m43.0s/2m0s  50.00 iters/s

running (1m52.8s), 001/100 VUs, 5198 complete and 0 interrupted iterations
a1     [  87% ] 001/100 VUs  1m44.0s/2m0s  50.00 iters/s

running (1m53.8s), 000/100 VUs, 5249 complete and 0 interrupted iterations
a1     [  87% ] 000/100 VUs  1m45.0s/2m0s  50.00 iters/s

running (1m54.8s), 001/100 VUs, 5298 complete and 0 interrupted iterations
a1     [  88% ] 001/100 VUs  1m46.0s/2m0s  50.00 iters/s

running (1m55.8s), 000/100 VUs, 5349 complete and 0 interrupted iterations
a1     [  89% ] 000/100 VUs  1m47.0s/2m0s  50.00 iters/s

running (1m56.8s), 001/100 VUs, 5398 complete and 0 interrupted iterations
a1     [  90% ] 001/100 VUs  1m48.0s/2m0s  50.00 iters/s

running (1m57.8s), 001/100 VUs, 5448 complete and 0 interrupted iterations
a1     [  91% ] 001/100 VUs  1m49.0s/2m0s  50.00 iters/s

running (1m58.8s), 001/100 VUs, 5498 complete and 0 interrupted iterations
a1     [  92% ] 001/100 VUs  1m50.0s/2m0s  50.00 iters/s

running (1m59.8s), 001/100 VUs, 5548 complete and 0 interrupted iterations
a1     [  92% ] 001/100 VUs  1m51.0s/2m0s  50.00 iters/s
time="2026-09-04T12:28:40+05:00" level=warning msg="The test has generated metrics with 100074 unique time series, which is higher than the suggested limit of 100000 and could cause high memory usage. Consider not using high-cardinality values like unique IDs as metric tags or, if you need them in the URL, use the name metric tag or URL grouping. See https://grafana.com/docs/k6/latest/using-k6/tags-and-groups/ for details." component=metrics-engine-ingester

running (2m00.8s), 001/100 VUs, 5598 complete and 0 interrupted iterations
a1     [  93% ] 001/100 VUs  1m52.0s/2m0s  50.00 iters/s

running (2m01.8s), 000/100 VUs, 5649 complete and 0 interrupted iterations
a1     [  94% ] 000/100 VUs  1m53.0s/2m0s  50.00 iters/s

running (2m05.7s), 001/100 VUs, 5698 complete and 0 interrupted iterations
a1     [  95% ] 001/100 VUs  1m54.0s/2m0s  50.00 iters/s

running (2m06.7s), 000/100 VUs, 5749 complete and 0 interrupted iterations
a1     [  96% ] 000/100 VUs  1m55.0s/2m0s  50.00 iters/s

running (2m07.7s), 000/100 VUs, 5799 complete and 0 interrupted iterations
a1     [  97% ] 000/100 VUs  1m56.0s/2m0s  50.00 iters/s

running (2m08.7s), 001/100 VUs, 5848 complete and 0 interrupted iterations
a1     [  97% ] 001/100 VUs  1m57.0s/2m0s  50.00 iters/s

running (2m09.7s), 000/100 VUs, 5899 complete and 0 interrupted iterations
a1     [  98% ] 000/100 VUs  1m58.0s/2m0s  50.00 iters/s

running (2m10.7s), 000/100 VUs, 5949 complete and 0 interrupted iterations
a1     [  99% ] 000/100 VUs  1m59.0s/2m0s  50.00 iters/s

running (2m11.7s), 000/100 VUs, 5999 complete and 0 interrupted iterations
a1     [ 100% ] 000/100 VUs  2m00.0s/2m0s  50.00 iters/s


  █ THRESHOLDS 

    http_req_failed
    ✓ 'rate<0.05' rate=0.00%


  █ TOTAL RESULTS 

    checks_total.......: 18000   136.645587/s
    checks_succeeded...: 100.00% 18000 out of 18000
    checks_failed......: 0.00%   0 out of 18000

    ✓ initiated
    ✓ validated
    ✓ terminal

    CUSTOM
    a1_lifecycle_duration..........: avg=17.68ms min=6ms    med=12ms    p(95)=21ms    p(99)=82ms    max=2.94s   
    a1_lifecycles_completed........: 6000   45.548529/s
    a1_transitions_committed.......: 18000  136.645587/s

    HTTP
    http_req_duration..............: avg=5.74ms  min=1.82ms med=3.78ms  p(95)=6.94ms  p(99)=16.55ms max=2.93s   
      { expected_response:true }...: avg=5.74ms  min=1.82ms med=3.78ms  p(95)=6.94ms  p(99)=16.55ms max=2.93s   
    http_req_failed................: 0.00%  0 out of 18000
    http_reqs......................: 18000  136.645587/s

    EXECUTION
    iteration_duration.............: avg=16.28ms min=6.89ms med=11.96ms p(95)=21.13ms p(99)=74.85ms max=819.66ms
    iterations.....................: 6000   45.548529/s
    vus............................: 0      min=0          max=2  
    vus_max........................: 100    min=100        max=100

    NETWORK
    data_received..................: 6.7 MB 51 kB/s
    data_sent......................: 3.8 MB 29 kB/s




running (2m11.7s), 000/100 VUs, 6000 complete and 0 interrupted iterations
a1   ✓ [ 100% ] 000/100 VUs  2m0s  50.00 iters/s
