[12:26:10] === RUN AQ-P1-r4-20260904122610 ===
[12:26:10] mode=AQ profile=P1 rep=4 tps=50 duration=120s fault=none
[12:26:10] jar: target/master-thesis-observability-0.0.1-SNAPSHOT.jar
[12:26:10] workload tozalanmoqda (reference saqlanadi)
workload reset; reference data preserved
AQ backlog purged: 0 -> 0
[12:26:10] Kafka topigi qayta yaratilmoqda
[12:26:19] ilova ishga tushirilmoqda (mode=AQ)
[12:26:37] ilova tayyor (pid 386752)
[12:26:40] k6 yuklamasi boshlandi
[12:28:53] pipeline bo'shashi kutilmoqda (maks 120s)
[12:29:02] pipeline bo'sh (4s, sink=18000 xabar)
[12:29:12] ground truth eksport qilinmoqda
[12:29:13] Kafka topigi eksport qilinmoqda
[12:29:40] tahlil
{
  "mode": "AQ",
  "profile": "P1",
  "rep": "4",
  "fault": "none",
  "ground_truth_transitions": 18000,
  "delivered_distinct": 18000,
  "delivered_total": 18000,
  "matched": 18000,
  "missing": 0,
  "phantom": 0,
  "malformed": 0,
  "loss_rate": 0.0,
  "loss_rate_ppm": 0.0,
  "duplicate_rate": 0.0,
  "ordering_violation_rate": 0.0,
  "txns_split_across_partitions": 0,
  "latency_ms_p50": 6,
  "latency_ms_p95": 13,
  "latency_ms_p99": 1017,
  "latency_ms_max": 2942,
  "latency_ms_mean": 24.4,
  "latency_samples": 18000,
  "latency_negative_samples": 0,
  "loss_rate_upper_bound_95_ppm": 166.67
}
[12:29:40] ilova va konnektor to'xtatilmoqda
[12:29:44] === TUGADI: results/AQ-P1-r4-20260904122610 ===
