[15:20:29] === RUN CDC-C2N2ON-r3-20260909152029 ===
[15:20:29] mode=CDC profile=C2N2ON rep=3 tps=50 duration=180s fault=none
[15:20:29] jar: target/master-thesis-observability-0.0.1-SNAPSHOT.jar
[15:20:29] arxiv redo tozalanmoqda
[15:20:29] workload tozalanmoqda (reference saqlanadi)
workload reset; reference data preserved
AQ backlog purged: 0 -> 0
[15:20:31] Kafka topigi qayta yaratilmoqda
[15:20:41] ilova ishga tushirilmoqda (mode=CDC)
[15:20:57] ilova tayyor (pid 2691043)
[15:20:57] Debezium konnektori ro'yxatdan o'tkazilmoqda (CDC, prefix=obsv_cdc_c2n2on_r3_20260909152029)
konnektor ro'yxatdan o'tkazilmoqda: a1-cdc-obsv_cdc_c2n2on_r3_20260909152029 (prefix=obsv_cdc_c2n2on_r3_20260909152029)
konnektor RUNNING (2s)
streaming tasdiqlanmoqda (heartbeat topigi: __debezium-heartbeat.obsv_cdc_c2n2on_r3_20260909152029)
streaming tasdiqlandi (1 urinish)
[15:21:05] k6 yuklamasi boshlandi
[15:24:06] k6 iteratsiyalari: 8990
[15:24:06] pipeline bo'shashi kutilmoqda (maks 120s)
[15:24:50] pipeline bo'sh (15s, sink=26970 xabar)
[15:25:00] ground truth eksport qilinmoqda
[15:25:01] Kafka topigi eksport qilinmoqda
[15:25:53] tahlil
{
  "mode": "CDC",
  "profile": "C2N2ON",
  "rep": "3",
  "fault": "none",
  "ground_truth_transitions": 26970,
  "delivered_distinct": 26970,
  "delivered_total": 26970,
  "matched": 26970,
  "missing": 0,
  "phantom": 0,
  "malformed": 0,
  "loss_rate": 0.0,
  "loss_rate_ppm": 0.0,
  "duplicate_rate": 0.0,
  "ordering_violation_rate": 0.0,
  "txns_split_across_partitions": 0,
  "latency_ms_p50": 3913,
  "latency_ms_p95": 6024,
  "latency_ms_p99": 6484,
  "latency_ms_max": 6898,
  "latency_ms_mean": 3886.4,
  "latency_samples": 26970,
  "latency_negative_samples": 0,
  "loss_rate_upper_bound_95_ppm": 111.23
}
[15:25:54] ilova va konnektor to'xtatilmoqda
connector o'chirilmoqda: a1-cdc-obsv_cdc_c2n2on_r3_20260909152029
[15:26:04] === TUGADI: results/CDC-C2N2ON-r3-20260909152029 ===
