[14:34:50] === RUN HYBRID-P1-r1-F11-20260904143450 ===
[14:34:50] mode=HYBRID profile=P1 rep=1 tps=50 duration=180s fault=F11
[14:34:50] jar: target/master-thesis-observability-0.0.1-SNAPSHOT.jar
[14:34:50] workload tozalanmoqda (reference saqlanadi)
workload reset; reference data preserved
AQ backlog purged: 0 -> 0
[14:34:51] Kafka topigi qayta yaratilmoqda
[14:35:00] ilova ishga tushirilmoqda (mode=HYBRID)
[14:35:18] ilova tayyor (pid 1833709)
[14:35:18] Debezium konnektori ro'yxatdan o'tkazilmoqda (HYBRID, prefix=obsv_hybrid_p1_r1_f11_20260904143450)
konnektor ro'yxatdan o'tkazilmoqda: a1-hybrid-obsv_hybrid_p1_r1_f11_20260904143450 (prefix=obsv_hybrid_p1_r1_f11_20260904143450)
konnektor RUNNING (2s)
streaming tasdiqlanmoqda (heartbeat topigi: __debezium-heartbeat.obsv_hybrid_p1_r1_f11_20260904143450)
streaming tasdiqlandi (1 urinish)
[14:35:25] fault F11 60s dan keyin yuboriladi
[14:35:25] k6 yuklamasi boshlandi
[fault 14:36:31] 20000 tranzaksiya ilovadan chetlab yaratilmoqda (PL/SQL batch)
PL/SQL procedure successfully completed.

[fault 14:36:46] F11 tugadi
[14:38:43] pipeline bo'shashi kutilmoqda (maks 120s)
[14:38:55] pipeline bo'sh (5s, sink=27003 xabar)
[14:39:06] ground truth eksport qilinmoqda
[14:39:06] Kafka topigi eksport qilinmoqda
[14:39:59] tahlil
{
  "mode": "HYBRID",
  "profile": "P1",
  "rep": "1",
  "fault": "F11",
  "ground_truth_transitions": 86988,
  "delivered_distinct": 27003,
  "delivered_total": 27003,
  "matched": 27003,
  "missing": 59985,
  "phantom": 0,
  "malformed": 0,
  "loss_rate": 0.68957787,
  "loss_rate_ppm": 689577.87,
  "duplicate_rate": 0.0,
  "ordering_violation_rate": 0.0,
  "txns_split_across_partitions": 0,
  "latency_ms_p50": 3172,
  "latency_ms_p95": 6584,
  "latency_ms_p99": 7992,
  "latency_ms_max": 9041,
  "latency_ms_mean": 3397.6,
  "latency_samples": 27003,
  "latency_negative_samples": 0
}
[14:39:59] ilova va konnektor to'xtatilmoqda
connector o'chirilmoqda: a1-hybrid-obsv_hybrid_p1_r1_f11_20260904143450
[14:40:03] === TUGADI: results/HYBRID-P1-r1-F11-20260904143450 ===
