[15:13:22] === RUN WRAPPER_B2-P1-r2-F1-20260904151322 ===
[15:13:22] mode=WRAPPER_B2 profile=P1 rep=2 tps=50 duration=180s fault=F1
[15:13:22] jar: target/master-thesis-observability-0.0.1-SNAPSHOT.jar
[15:13:22] workload tozalanmoqda (reference saqlanadi)
workload reset; reference data preserved
AQ backlog purged: 0 -> 0
[15:13:22] Kafka topigi qayta yaratilmoqda
[15:13:31] ilova ishga tushirilmoqda (mode=WRAPPER_B2)
[15:13:44] ilova tayyor (pid 2235602)
[15:13:50] fault F1 60s dan keyin yuboriladi
[15:13:50] k6 yuklamasi boshlandi
[fault 15:14:53] SIGKILL ilovaga: 2235602
[fault 15:15:06] ilova qayta ishga tushirilmoqda (mode=results/WRAPPER_B3-P1-r91-20260903164920/run.log:WRAPPER_B3)
[fault 15:15:06] F1 tugadi
[15:17:05] k6 nolga teng bo'lmagan kod bilan tugadi (natija baribir tahlil qilinadi)
[15:17:05] pipeline bo'shashi kutilmoqda (maks 120s)
[15:17:16] pipeline bo'sh (4s, sink=8967 xabar)
[15:17:29] ground truth eksport qilinmoqda
[15:17:30] Kafka topigi eksport qilinmoqda
[15:17:57] tahlil
{
  "mode": "WRAPPER_B2",
  "profile": "P1",
  "rep": "2",
  "fault": "F1",
  "ground_truth_transitions": 8969,
  "delivered_distinct": 8967,
  "delivered_total": 8967,
  "matched": 8967,
  "missing": 2,
  "phantom": 0,
  "malformed": 0,
  "loss_rate": 0.00022299,
  "loss_rate_ppm": 222.99,
  "duplicate_rate": 0.0,
  "ordering_violation_rate": 0.0,
  "txns_split_across_partitions": 0,
  "latency_ms_p50": 1,
  "latency_ms_p95": 3,
  "latency_ms_p99": 8,
  "latency_ms_max": 1063,
  "latency_ms_mean": 3.5,
  "latency_samples": 8967,
  "latency_negative_samples": 0
}
[15:17:57] ilova va konnektor to'xtatilmoqda
[15:18:00] === TUGADI: results/WRAPPER_B2-P1-r2-F1-20260904151322 ===
