[13:08:43] === RUN WRAPPER_B2-P1-r1-F1-20260904130843 ===
[13:08:43] mode=WRAPPER_B2 profile=P1 rep=1 tps=50 duration=180s fault=F1
[13:08:43] jar: target/master-thesis-observability-0.0.1-SNAPSHOT.jar
[13:08:43] workload tozalanmoqda (reference saqlanadi)
workload reset; reference data preserved
AQ backlog purged: 0 -> 0
[13:08:44] Kafka topigi qayta yaratilmoqda
[13:08:53] ilova ishga tushirilmoqda (mode=WRAPPER_B2)
[13:09:05] ilova tayyor (pid 839432)
[13:09:08] fault F1 60s dan keyin yuboriladi
[13:09:08] k6 yuklamasi boshlandi
[fault 13:10:14] SIGKILL ilovaga: 839432
[fault 13:10:27] ilova qayta ishga tushirilmoqda (mode=results/WRAPPER_B3-P1-r91-20260903164920/run.log:WRAPPER_B3)
[fault 13:10:27] F1 tugadi
[13:12:27] k6 nolga teng bo'lmagan kod bilan tugadi (natija baribir tahlil qilinadi)
[13:12:27] pipeline bo'shashi kutilmoqda (maks 120s)
[13:12:37] pipeline bo'sh (4s, sink=8963 xabar)
[13:12:50] ground truth eksport qilinmoqda
[13:12:51] Kafka topigi eksport qilinmoqda
[13:13:20] tahlil
{
  "mode": "WRAPPER_B2",
  "profile": "P1",
  "rep": "1",
  "fault": "F1",
  "ground_truth_transitions": 8964,
  "delivered_distinct": 8963,
  "delivered_total": 8963,
  "matched": 8963,
  "missing": 1,
  "phantom": 0,
  "malformed": 0,
  "loss_rate": 0.00011156,
  "loss_rate_ppm": 111.56,
  "duplicate_rate": 0.0,
  "ordering_violation_rate": 0.0,
  "txns_split_across_partitions": 0,
  "latency_ms_p50": 1,
  "latency_ms_p95": 3,
  "latency_ms_p99": 10,
  "latency_ms_max": 3985,
  "latency_ms_mean": 11.6,
  "latency_samples": 8963,
  "latency_negative_samples": 0
}
[13:13:20] ilova va konnektor to'xtatilmoqda
[13:13:23] === TUGADI: results/WRAPPER_B2-P1-r1-F1-20260904130843 ===
