
         /\      Grafana   /‾‾/  
    /\  /  \     |\  __   /  /   
   /  \/    \    | |/ /  /   ‾‾\ 
  /          \   |   (  |  (‾)  |
 / __________ \  |_|\_\  \_____/ 


     execution: local
        script: harness/k6/a1-workload.js
        output: -

     scenarios: (100.00%) 1 scenario, 600 max VUs, 3m30s max duration (incl. graceful stop):
              * a1: 50.00 iterations/s for 3m0s (maxVUs: 100-600, gracefulStop: 30s)


running (0m01.0s), 049/100 VUs, 0 complete and 0 interrupted iterations
a1     [   1% ] 049/100 VUs  0m01.0s/3m0s  50.00 iters/s

running (0m02.0s), 099/100 VUs, 0 complete and 0 interrupted iterations
a1     [   1% ] 099/100 VUs  0m02.0s/3m0s  50.00 iters/s

running (0m03.0s), 124/125 VUs, 0 complete and 0 interrupted iterations
a1     [   2% ] 124/125 VUs  0m03.0s/3m0s  50.00 iters/s

running (0m04.0s), 149/150 VUs, 0 complete and 0 interrupted iterations
a1     [   2% ] 149/150 VUs  0m04.0s/3m0s  50.00 iters/s

running (0m05.0s), 174/175 VUs, 0 complete and 0 interrupted iterations
a1     [   3% ] 174/175 VUs  0m05.0s/3m0s  50.00 iters/s

running (0m06.0s), 199/200 VUs, 0 complete and 0 interrupted iterations
a1     [   3% ] 199/200 VUs  0m06.0s/3m0s  50.00 iters/s

running (0m07.0s), 010/203 VUs, 236 complete and 0 interrupted iterations
a1     [   4% ] 010/203 VUs  0m07.0s/3m0s  50.00 iters/s

running (0m08.0s), 010/203 VUs, 286 complete and 0 interrupted iterations
a1     [   4% ] 010/203 VUs  0m08.0s/3m0s  50.00 iters/s

running (0m09.0s), 010/203 VUs, 336 complete and 0 interrupted iterations
a1     [   5% ] 010/203 VUs  0m09.0s/3m0s  50.00 iters/s

running (0m10.0s), 009/203 VUs, 387 complete and 0 interrupted iterations
a1     [   6% ] 009/203 VUs  0m10.0s/3m0s  50.00 iters/s

running (0m11.0s), 010/203 VUs, 436 complete and 0 interrupted iterations
a1     [   6% ] 010/203 VUs  0m11.0s/3m0s  50.00 iters/s

running (0m12.0s), 003/203 VUs, 493 complete and 0 interrupted iterations
a1     [   7% ] 003/203 VUs  0m12.0s/3m0s  50.00 iters/s

running (0m13.0s), 005/203 VUs, 541 complete and 0 interrupted iterations
a1     [   7% ] 005/203 VUs  0m13.0s/3m0s  50.00 iters/s

running (0m14.0s), 001/203 VUs, 595 complete and 0 interrupted iterations
a1     [   8% ] 001/203 VUs  0m14.0s/3m0s  50.00 iters/s

running (0m15.0s), 007/203 VUs, 639 complete and 0 interrupted iterations
a1     [   8% ] 007/203 VUs  0m15.0s/3m0s  50.00 iters/s

running (0m16.0s), 001/203 VUs, 695 complete and 0 interrupted iterations
a1     [   9% ] 001/203 VUs  0m16.0s/3m0s  50.00 iters/s

running (0m17.0s), 005/203 VUs, 741 complete and 0 interrupted iterations
a1     [   9% ] 005/203 VUs  0m17.0s/3m0s  50.00 iters/s

running (0m18.0s), 010/203 VUs, 786 complete and 0 interrupted iterations
a1     [  10% ] 010/203 VUs  0m18.0s/3m0s  50.00 iters/s

running (0m19.0s), 010/203 VUs, 836 complete and 0 interrupted iterations
a1     [  11% ] 010/203 VUs  0m19.0s/3m0s  50.00 iters/s

running (0m20.0s), 010/203 VUs, 886 complete and 0 interrupted iterations
a1     [  11% ] 010/203 VUs  0m20.0s/3m0s  50.00 iters/s

running (0m21.0s), 010/203 VUs, 936 complete and 0 interrupted iterations
a1     [  12% ] 010/203 VUs  0m21.0s/3m0s  50.00 iters/s

running (0m22.0s), 010/203 VUs, 986 complete and 0 interrupted iterations
a1     [  12% ] 010/203 VUs  0m22.0s/3m0s  50.00 iters/s

running (0m23.0s), 010/203 VUs, 1036 complete and 0 interrupted iterations
a1     [  13% ] 010/203 VUs  0m23.0s/3m0s  50.00 iters/s

running (0m24.0s), 011/203 VUs, 1085 complete and 0 interrupted iterations
a1     [  13% ] 011/203 VUs  0m24.0s/3m0s  50.00 iters/s

running (0m25.0s), 010/203 VUs, 1136 complete and 0 interrupted iterations
a1     [  14% ] 010/203 VUs  0m25.0s/3m0s  50.00 iters/s

running (0m26.0s), 011/203 VUs, 1185 complete and 0 interrupted iterations
a1     [  14% ] 011/203 VUs  0m26.0s/3m0s  50.00 iters/s

running (0m27.0s), 013/203 VUs, 1233 complete and 0 interrupted iterations
a1     [  15% ] 013/203 VUs  0m27.0s/3m0s  50.00 iters/s

running (0m28.0s), 010/203 VUs, 1286 complete and 0 interrupted iterations
a1     [  16% ] 010/203 VUs  0m28.0s/3m0s  50.00 iters/s

running (0m29.0s), 010/203 VUs, 1336 complete and 0 interrupted iterations
a1     [  16% ] 010/203 VUs  0m29.0s/3m0s  50.00 iters/s

running (0m30.0s), 010/203 VUs, 1386 complete and 0 interrupted iterations
a1     [  17% ] 010/203 VUs  0m30.0s/3m0s  50.00 iters/s

running (0m31.0s), 010/203 VUs, 1436 complete and 0 interrupted iterations
a1     [  17% ] 010/203 VUs  0m31.0s/3m0s  50.00 iters/s

running (0m32.0s), 010/203 VUs, 1486 complete and 0 interrupted iterations
a1     [  18% ] 010/203 VUs  0m32.0s/3m0s  50.00 iters/s

running (0m33.0s), 009/203 VUs, 1537 complete and 0 interrupted iterations
a1     [  18% ] 009/203 VUs  0m33.0s/3m0s  50.00 iters/s

running (0m34.0s), 002/203 VUs, 1594 complete and 0 interrupted iterations
a1     [  19% ] 002/203 VUs  0m34.0s/3m0s  50.00 iters/s

running (0m35.0s), 010/203 VUs, 1636 complete and 0 interrupted iterations
a1     [  19% ] 010/203 VUs  0m35.0s/3m0s  50.00 iters/s

running (0m36.0s), 001/203 VUs, 1695 complete and 0 interrupted iterations
a1     [  20% ] 001/203 VUs  0m36.0s/3m0s  50.00 iters/s

running (0m37.0s), 010/203 VUs, 1736 complete and 0 interrupted iterations
a1     [  21% ] 010/203 VUs  0m37.0s/3m0s  50.00 iters/s

running (0m38.0s), 010/203 VUs, 1786 complete and 0 interrupted iterations
a1     [  21% ] 010/203 VUs  0m38.0s/3m0s  50.00 iters/s

running (0m39.0s), 010/203 VUs, 1836 complete and 0 interrupted iterations
a1     [  22% ] 010/203 VUs  0m39.0s/3m0s  50.00 iters/s

running (0m40.0s), 011/203 VUs, 1885 complete and 0 interrupted iterations
a1     [  22% ] 011/203 VUs  0m40.0s/3m0s  50.00 iters/s

running (0m41.0s), 011/203 VUs, 1935 complete and 0 interrupted iterations
a1     [  23% ] 011/203 VUs  0m41.0s/3m0s  50.00 iters/s

running (0m42.0s), 011/203 VUs, 1985 complete and 0 interrupted iterations
a1     [  23% ] 011/203 VUs  0m42.0s/3m0s  50.00 iters/s

running (0m43.0s), 012/203 VUs, 2034 complete and 0 interrupted iterations
a1     [  24% ] 012/203 VUs  0m43.0s/3m0s  50.00 iters/s

running (0m44.0s), 012/203 VUs, 2084 complete and 0 interrupted iterations
a1     [  24% ] 012/203 VUs  0m44.0s/3m0s  50.00 iters/s

running (0m45.0s), 035/203 VUs, 2111 complete and 0 interrupted iterations
a1     [  25% ] 035/203 VUs  0m45.0s/3m0s  50.00 iters/s

running (0m46.0s), 011/203 VUs, 2185 complete and 0 interrupted iterations
a1     [  26% ] 011/203 VUs  0m46.0s/3m0s  50.00 iters/s

running (0m47.0s), 012/203 VUs, 2234 complete and 0 interrupted iterations
a1     [  26% ] 012/203 VUs  0m47.0s/3m0s  50.00 iters/s

running (0m48.0s), 011/203 VUs, 2285 complete and 0 interrupted iterations
a1     [  27% ] 011/203 VUs  0m48.0s/3m0s  50.00 iters/s

running (0m49.0s), 011/203 VUs, 2335 complete and 0 interrupted iterations
a1     [  27% ] 011/203 VUs  0m49.0s/3m0s  50.00 iters/s

running (0m50.0s), 011/203 VUs, 2385 complete and 0 interrupted iterations
a1     [  28% ] 011/203 VUs  0m50.0s/3m0s  50.00 iters/s

running (0m51.0s), 001/203 VUs, 2445 complete and 0 interrupted iterations
a1     [  28% ] 001/203 VUs  0m51.0s/3m0s  50.00 iters/s

running (0m52.0s), 011/203 VUs, 2485 complete and 0 interrupted iterations
a1     [  29% ] 011/203 VUs  0m52.0s/3m0s  50.00 iters/s

running (0m53.0s), 001/203 VUs, 2545 complete and 0 interrupted iterations
a1     [  29% ] 001/203 VUs  0m53.0s/3m0s  50.00 iters/s

running (0m54.0s), 001/203 VUs, 2595 complete and 0 interrupted iterations
a1     [  30% ] 001/203 VUs  0m54.0s/3m0s  50.00 iters/s

running (0m55.0s), 011/203 VUs, 2635 complete and 0 interrupted iterations
a1     [  31% ] 011/203 VUs  0m55.0s/3m0s  50.00 iters/s

running (0m56.0s), 011/203 VUs, 2685 complete and 0 interrupted iterations
a1     [  31% ] 011/203 VUs  0m56.0s/3m0s  50.00 iters/s

running (0m57.0s), 011/203 VUs, 2735 complete and 0 interrupted iterations
a1     [  32% ] 011/203 VUs  0m57.0s/3m0s  50.00 iters/s

running (0m58.0s), 011/203 VUs, 2785 complete and 0 interrupted iterations
a1     [  32% ] 011/203 VUs  0m58.0s/3m0s  50.00 iters/s

running (0m59.0s), 011/203 VUs, 2835 complete and 0 interrupted iterations
a1     [  33% ] 011/203 VUs  0m59.0s/3m0s  50.00 iters/s

running (1m00.0s), 011/203 VUs, 2885 complete and 0 interrupted iterations
a1     [  33% ] 011/203 VUs  1m00.0s/3m0s  50.00 iters/s

running (1m01.0s), 011/203 VUs, 2935 complete and 0 interrupted iterations
a1     [  34% ] 011/203 VUs  1m01.0s/3m0s  50.00 iters/s

running (1m02.0s), 011/203 VUs, 2985 complete and 0 interrupted iterations
a1     [  34% ] 011/203 VUs  1m02.0s/3m0s  50.00 iters/s

running (1m03.0s), 011/203 VUs, 3035 complete and 0 interrupted iterations
a1     [  35% ] 011/203 VUs  1m03.0s/3m0s  50.00 iters/s

running (1m04.0s), 011/203 VUs, 3085 complete and 0 interrupted iterations
a1     [  36% ] 011/203 VUs  1m04.0s/3m0s  50.00 iters/s

running (1m05.0s), 011/203 VUs, 3135 complete and 0 interrupted iterations
a1     [  36% ] 011/203 VUs  1m05.0s/3m0s  50.00 iters/s

running (1m06.0s), 011/203 VUs, 3185 complete and 0 interrupted iterations
a1     [  37% ] 011/203 VUs  1m06.0s/3m0s  50.00 iters/s

running (1m07.0s), 011/203 VUs, 3235 complete and 0 interrupted iterations
a1     [  37% ] 011/203 VUs  1m07.0s/3m0s  50.00 iters/s

running (1m08.0s), 011/203 VUs, 3285 complete and 0 interrupted iterations
a1     [  38% ] 011/203 VUs  1m08.0s/3m0s  50.00 iters/s

running (1m09.0s), 007/203 VUs, 3339 complete and 0 interrupted iterations
a1     [  38% ] 007/203 VUs  1m09.0s/3m0s  50.00 iters/s

running (1m10.0s), 009/203 VUs, 3387 complete and 0 interrupted iterations
a1     [  39% ] 009/203 VUs  1m10.0s/3m0s  50.00 iters/s

running (1m11.0s), 011/203 VUs, 3435 complete and 0 interrupted iterations
a1     [  39% ] 011/203 VUs  1m11.0s/3m0s  50.00 iters/s

running (1m12.0s), 011/203 VUs, 3485 complete and 0 interrupted iterations
a1     [  40% ] 011/203 VUs  1m12.0s/3m0s  50.00 iters/s

running (1m13.0s), 011/203 VUs, 3535 complete and 0 interrupted iterations
a1     [  41% ] 011/203 VUs  1m13.0s/3m0s  50.00 iters/s

running (1m14.0s), 011/203 VUs, 3585 complete and 0 interrupted iterations
a1     [  41% ] 011/203 VUs  1m14.0s/3m0s  50.00 iters/s

running (1m15.0s), 010/203 VUs, 3636 complete and 0 interrupted iterations
a1     [  42% ] 010/203 VUs  1m15.0s/3m0s  50.00 iters/s

running (1m16.0s), 010/203 VUs, 3686 complete and 0 interrupted iterations
a1     [  42% ] 010/203 VUs  1m16.0s/3m0s  50.00 iters/s

running (1m17.0s), 010/203 VUs, 3736 complete and 0 interrupted iterations
a1     [  43% ] 010/203 VUs  1m17.0s/3m0s  50.00 iters/s

running (1m18.0s), 011/203 VUs, 3785 complete and 0 interrupted iterations
a1     [  43% ] 011/203 VUs  1m18.0s/3m0s  50.00 iters/s

running (1m19.0s), 022/203 VUs, 3824 complete and 0 interrupted iterations
a1     [  44% ] 022/203 VUs  1m19.0s/3m0s  50.00 iters/s

running (1m20.0s), 011/203 VUs, 3885 complete and 0 interrupted iterations
a1     [  44% ] 011/203 VUs  1m20.0s/3m0s  50.00 iters/s

running (1m21.0s), 011/203 VUs, 3935 complete and 0 interrupted iterations
a1     [  45% ] 011/203 VUs  1m21.0s/3m0s  50.00 iters/s

running (1m22.0s), 011/203 VUs, 3985 complete and 0 interrupted iterations
a1     [  46% ] 011/203 VUs  1m22.0s/3m0s  50.00 iters/s

running (1m23.0s), 011/203 VUs, 4035 complete and 0 interrupted iterations
a1     [  46% ] 011/203 VUs  1m23.0s/3m0s  50.00 iters/s

running (1m24.0s), 011/203 VUs, 4085 complete and 0 interrupted iterations
a1     [  47% ] 011/203 VUs  1m24.0s/3m0s  50.00 iters/s

running (1m25.0s), 011/203 VUs, 4135 complete and 0 interrupted iterations
a1     [  47% ] 011/203 VUs  1m25.0s/3m0s  50.00 iters/s

running (1m26.0s), 010/203 VUs, 4186 complete and 0 interrupted iterations
a1     [  48% ] 010/203 VUs  1m26.0s/3m0s  50.00 iters/s

running (1m27.0s), 010/203 VUs, 4236 complete and 0 interrupted iterations
a1     [  48% ] 010/203 VUs  1m27.0s/3m0s  50.00 iters/s

running (1m28.0s), 010/203 VUs, 4286 complete and 0 interrupted iterations
a1     [  49% ] 010/203 VUs  1m28.0s/3m0s  50.00 iters/s

running (1m29.0s), 010/203 VUs, 4336 complete and 0 interrupted iterations
a1     [  49% ] 010/203 VUs  1m29.0s/3m0s  50.00 iters/s

running (1m30.0s), 010/203 VUs, 4386 complete and 0 interrupted iterations
a1     [  50% ] 010/203 VUs  1m30.0s/3m0s  50.00 iters/s

running (1m31.0s), 010/203 VUs, 4436 complete and 0 interrupted iterations
a1     [  51% ] 010/203 VUs  1m31.0s/3m0s  50.00 iters/s

running (1m32.0s), 010/203 VUs, 4486 complete and 0 interrupted iterations
a1     [  51% ] 010/203 VUs  1m32.0s/3m0s  50.00 iters/s

running (1m33.0s), 010/203 VUs, 4536 complete and 0 interrupted iterations
a1     [  52% ] 010/203 VUs  1m33.0s/3m0s  50.00 iters/s

running (1m34.0s), 010/203 VUs, 4586 complete and 0 interrupted iterations
a1     [  52% ] 010/203 VUs  1m34.0s/3m0s  50.00 iters/s

running (1m35.0s), 010/203 VUs, 4636 complete and 0 interrupted iterations
a1     [  53% ] 010/203 VUs  1m35.0s/3m0s  50.00 iters/s

running (1m36.0s), 010/203 VUs, 4686 complete and 0 interrupted iterations
a1     [  53% ] 010/203 VUs  1m36.0s/3m0s  50.00 iters/s

running (1m37.0s), 041/203 VUs, 4705 complete and 0 interrupted iterations
a1     [  54% ] 041/203 VUs  1m37.0s/3m0s  50.00 iters/s

running (1m38.0s), 010/203 VUs, 4786 complete and 0 interrupted iterations
a1     [  54% ] 010/203 VUs  1m38.0s/3m0s  50.00 iters/s

running (1m39.0s), 009/203 VUs, 4837 complete and 0 interrupted iterations
a1     [  55% ] 009/203 VUs  1m39.0s/3m0s  50.00 iters/s

running (1m40.0s), 009/203 VUs, 4887 complete and 0 interrupted iterations
a1     [  56% ] 009/203 VUs  1m40.0s/3m0s  50.00 iters/s

running (1m41.0s), 009/203 VUs, 4937 complete and 0 interrupted iterations
a1     [  56% ] 009/203 VUs  1m41.0s/3m0s  50.00 iters/s

running (1m42.0s), 009/203 VUs, 4987 complete and 0 interrupted iterations
a1     [  57% ] 009/203 VUs  1m42.0s/3m0s  50.00 iters/s

running (1m43.0s), 011/203 VUs, 5035 complete and 0 interrupted iterations
a1     [  57% ] 011/203 VUs  1m43.0s/3m0s  50.00 iters/s

running (1m44.0s), 040/203 VUs, 5056 complete and 0 interrupted iterations
a1     [  58% ] 040/203 VUs  1m44.0s/3m0s  50.00 iters/s

running (1m45.0s), 009/203 VUs, 5137 complete and 0 interrupted iterations
a1     [  58% ] 009/203 VUs  1m45.0s/3m0s  50.00 iters/s

running (1m46.0s), 009/203 VUs, 5187 complete and 0 interrupted iterations
a1     [  59% ] 009/203 VUs  1m46.0s/3m0s  50.00 iters/s

running (1m47.0s), 010/203 VUs, 5236 complete and 0 interrupted iterations
a1     [  59% ] 010/203 VUs  1m47.0s/3m0s  50.00 iters/s

running (1m48.0s), 001/203 VUs, 5295 complete and 0 interrupted iterations
a1     [  60% ] 001/203 VUs  1m48.0s/3m0s  50.00 iters/s

running (1m49.0s), 003/203 VUs, 5343 complete and 0 interrupted iterations
a1     [  61% ] 003/203 VUs  1m49.0s/3m0s  50.00 iters/s

running (1m50.0s), 009/203 VUs, 5387 complete and 0 interrupted iterations
a1     [  61% ] 009/203 VUs  1m50.0s/3m0s  50.00 iters/s

running (1m51.0s), 010/203 VUs, 5436 complete and 0 interrupted iterations
a1     [  62% ] 010/203 VUs  1m51.0s/3m0s  50.00 iters/s

running (1m52.0s), 010/203 VUs, 5486 complete and 0 interrupted iterations
a1     [  62% ] 010/203 VUs  1m52.0s/3m0s  50.00 iters/s

running (1m53.0s), 010/203 VUs, 5536 complete and 0 interrupted iterations
a1     [  63% ] 010/203 VUs  1m53.0s/3m0s  50.00 iters/s
time="2026-09-10T09:20:53+05:00" level=warning msg="The test has generated metrics with 100039 unique time series, which is higher than the suggested limit of 100000 and could cause high memory usage. Consider not using high-cardinality values like unique IDs as metric tags or, if you need them in the URL, use the name metric tag or URL grouping. See https://grafana.com/docs/k6/latest/using-k6/tags-and-groups/ for details." component=metrics-engine-ingester

running (1m54.0s), 009/203 VUs, 5587 complete and 0 interrupted iterations
a1     [  63% ] 009/203 VUs  1m54.0s/3m0s  50.00 iters/s

running (1m55.0s), 009/203 VUs, 5637 complete and 0 interrupted iterations
a1     [  64% ] 009/203 VUs  1m55.0s/3m0s  50.00 iters/s

running (1m56.0s), 009/203 VUs, 5687 complete and 0 interrupted iterations
a1     [  64% ] 009/203 VUs  1m56.0s/3m0s  50.00 iters/s

running (1m57.0s), 009/203 VUs, 5737 complete and 0 interrupted iterations
a1     [  65% ] 009/203 VUs  1m57.0s/3m0s  50.00 iters/s

running (1m58.0s), 010/203 VUs, 5786 complete and 0 interrupted iterations
a1     [  66% ] 010/203 VUs  1m58.0s/3m0s  50.00 iters/s

running (1m59.0s), 009/203 VUs, 5837 complete and 0 interrupted iterations
a1     [  66% ] 009/203 VUs  1m59.0s/3m0s  50.00 iters/s

running (2m00.0s), 009/203 VUs, 5887 complete and 0 interrupted iterations
a1     [  67% ] 009/203 VUs  2m00.0s/3m0s  50.00 iters/s

running (2m01.0s), 009/203 VUs, 5937 complete and 0 interrupted iterations
a1     [  67% ] 009/203 VUs  2m01.0s/3m0s  50.00 iters/s

running (2m02.0s), 009/203 VUs, 5987 complete and 0 interrupted iterations
a1     [  68% ] 009/203 VUs  2m02.0s/3m0s  50.00 iters/s

running (2m03.0s), 032/203 VUs, 6014 complete and 0 interrupted iterations
a1     [  68% ] 032/203 VUs  2m03.0s/3m0s  50.00 iters/s

running (2m04.0s), 005/203 VUs, 6091 complete and 0 interrupted iterations
a1     [  69% ] 005/203 VUs  2m04.0s/3m0s  50.00 iters/s

running (2m05.0s), 005/203 VUs, 6141 complete and 0 interrupted iterations
a1     [  69% ] 005/203 VUs  2m05.0s/3m0s  50.00 iters/s

running (2m06.0s), 005/203 VUs, 6191 complete and 0 interrupted iterations
a1     [  70% ] 005/203 VUs  2m06.0s/3m0s  50.00 iters/s

running (2m07.0s), 006/203 VUs, 6240 complete and 0 interrupted iterations
a1     [  71% ] 006/203 VUs  2m07.0s/3m0s  50.00 iters/s

running (2m08.0s), 006/203 VUs, 6290 complete and 0 interrupted iterations
a1     [  71% ] 006/203 VUs  2m08.0s/3m0s  50.00 iters/s

running (2m09.0s), 006/203 VUs, 6340 complete and 0 interrupted iterations
a1     [  72% ] 006/203 VUs  2m09.0s/3m0s  50.00 iters/s

running (2m10.0s), 006/203 VUs, 6390 complete and 0 interrupted iterations
a1     [  72% ] 006/203 VUs  2m10.0s/3m0s  50.00 iters/s

running (2m11.0s), 006/203 VUs, 6440 complete and 0 interrupted iterations
a1     [  73% ] 006/203 VUs  2m11.0s/3m0s  50.00 iters/s

running (2m12.0s), 006/203 VUs, 6490 complete and 0 interrupted iterations
a1     [  73% ] 006/203 VUs  2m12.0s/3m0s  50.00 iters/s

running (2m13.0s), 006/203 VUs, 6540 complete and 0 interrupted iterations
a1     [  74% ] 006/203 VUs  2m13.0s/3m0s  50.00 iters/s

running (2m14.0s), 006/203 VUs, 6590 complete and 0 interrupted iterations
a1     [  74% ] 006/203 VUs  2m14.0s/3m0s  50.00 iters/s

running (2m15.0s), 006/203 VUs, 6640 complete and 0 interrupted iterations
a1     [  75% ] 006/203 VUs  2m15.0s/3m0s  50.00 iters/s

running (2m16.0s), 006/203 VUs, 6690 complete and 0 interrupted iterations
a1     [  76% ] 006/203 VUs  2m16.0s/3m0s  50.00 iters/s

running (2m17.0s), 006/203 VUs, 6740 complete and 0 interrupted iterations
a1     [  76% ] 006/203 VUs  2m17.0s/3m0s  50.00 iters/s

running (2m18.0s), 006/203 VUs, 6790 complete and 0 interrupted iterations
a1     [  77% ] 006/203 VUs  2m18.0s/3m0s  50.00 iters/s

running (2m19.0s), 006/203 VUs, 6840 complete and 0 interrupted iterations
a1     [  77% ] 006/203 VUs  2m19.0s/3m0s  50.00 iters/s

running (2m20.0s), 006/203 VUs, 6890 complete and 0 interrupted iterations
a1     [  78% ] 006/203 VUs  2m20.0s/3m0s  50.00 iters/s

running (2m21.0s), 026/203 VUs, 6920 complete and 0 interrupted iterations
a1     [  78% ] 026/203 VUs  2m21.0s/3m0s  50.00 iters/s

running (2m22.0s), 005/203 VUs, 6991 complete and 0 interrupted iterations
a1     [  79% ] 005/203 VUs  2m22.0s/3m0s  50.00 iters/s

running (2m23.0s), 006/203 VUs, 7040 complete and 0 interrupted iterations
a1     [  79% ] 006/203 VUs  2m23.0s/3m0s  50.00 iters/s

running (2m24.0s), 006/203 VUs, 7090 complete and 0 interrupted iterations
a1     [  80% ] 006/203 VUs  2m24.0s/3m0s  50.00 iters/s

running (2m25.0s), 006/203 VUs, 7140 complete and 0 interrupted iterations
a1     [  81% ] 006/203 VUs  2m25.0s/3m0s  50.00 iters/s

running (2m26.0s), 006/203 VUs, 7190 complete and 0 interrupted iterations
a1     [  81% ] 006/203 VUs  2m26.0s/3m0s  50.00 iters/s

running (2m27.0s), 006/203 VUs, 7240 complete and 0 interrupted iterations
a1     [  82% ] 006/203 VUs  2m27.0s/3m0s  50.00 iters/s

running (2m28.0s), 006/203 VUs, 7290 complete and 0 interrupted iterations
a1     [  82% ] 006/203 VUs  2m28.0s/3m0s  50.00 iters/s

running (2m29.0s), 006/203 VUs, 7340 complete and 0 interrupted iterations
a1     [  83% ] 006/203 VUs  2m29.0s/3m0s  50.00 iters/s

running (2m30.0s), 006/203 VUs, 7390 complete and 0 interrupted iterations
a1     [  83% ] 006/203 VUs  2m30.0s/3m0s  50.00 iters/s

running (2m31.0s), 006/203 VUs, 7440 complete and 0 interrupted iterations
a1     [  84% ] 006/203 VUs  2m31.0s/3m0s  50.00 iters/s

running (2m32.0s), 006/203 VUs, 7490 complete and 0 interrupted iterations
a1     [  84% ] 006/203 VUs  2m32.0s/3m0s  50.00 iters/s

running (2m33.0s), 006/203 VUs, 7540 complete and 0 interrupted iterations
a1     [  85% ] 006/203 VUs  2m33.0s/3m0s  50.00 iters/s

running (2m34.0s), 006/203 VUs, 7590 complete and 0 interrupted iterations
a1     [  86% ] 006/203 VUs  2m34.0s/3m0s  50.00 iters/s

running (2m35.0s), 006/203 VUs, 7640 complete and 0 interrupted iterations
a1     [  86% ] 006/203 VUs  2m35.0s/3m0s  50.00 iters/s

running (2m36.0s), 006/203 VUs, 7690 complete and 0 interrupted iterations
a1     [  87% ] 006/203 VUs  2m36.0s/3m0s  50.00 iters/s

running (2m37.0s), 006/203 VUs, 7740 complete and 0 interrupted iterations
a1     [  87% ] 006/203 VUs  2m37.0s/3m0s  50.00 iters/s

running (2m38.0s), 006/203 VUs, 7790 complete and 0 interrupted iterations
a1     [  88% ] 006/203 VUs  2m38.0s/3m0s  50.00 iters/s

running (2m39.0s), 006/203 VUs, 7840 complete and 0 interrupted iterations
a1     [  88% ] 006/203 VUs  2m39.0s/3m0s  50.00 iters/s

running (2m40.0s), 006/203 VUs, 7890 complete and 0 interrupted iterations
a1     [  89% ] 006/203 VUs  2m40.0s/3m0s  50.00 iters/s

running (2m41.0s), 006/203 VUs, 7940 complete and 0 interrupted iterations
a1     [  89% ] 006/203 VUs  2m41.0s/3m0s  50.00 iters/s

running (2m42.0s), 006/203 VUs, 7990 complete and 0 interrupted iterations
a1     [  90% ] 006/203 VUs  2m42.0s/3m0s  50.00 iters/s

running (2m43.0s), 006/203 VUs, 8040 complete and 0 interrupted iterations
a1     [  91% ] 006/203 VUs  2m43.0s/3m0s  50.00 iters/s

running (2m44.0s), 006/203 VUs, 8090 complete and 0 interrupted iterations
a1     [  91% ] 006/203 VUs  2m44.0s/3m0s  50.00 iters/s

running (2m45.0s), 006/203 VUs, 8140 complete and 0 interrupted iterations
a1     [  92% ] 006/203 VUs  2m45.0s/3m0s  50.00 iters/s

running (2m46.0s), 006/203 VUs, 8190 complete and 0 interrupted iterations
a1     [  92% ] 006/203 VUs  2m46.0s/3m0s  50.00 iters/s

running (2m47.0s), 006/203 VUs, 8240 complete and 0 interrupted iterations
a1     [  93% ] 006/203 VUs  2m47.0s/3m0s  50.00 iters/s

running (2m48.0s), 006/203 VUs, 8290 complete and 0 interrupted iterations
a1     [  93% ] 006/203 VUs  2m48.0s/3m0s  50.00 iters/s

running (2m49.0s), 006/203 VUs, 8340 complete and 0 interrupted iterations
a1     [  94% ] 006/203 VUs  2m49.0s/3m0s  50.00 iters/s

running (2m50.0s), 006/203 VUs, 8390 complete and 0 interrupted iterations
a1     [  94% ] 006/203 VUs  2m50.0s/3m0s  50.00 iters/s

running (2m51.0s), 006/203 VUs, 8440 complete and 0 interrupted iterations
a1     [  95% ] 006/203 VUs  2m51.0s/3m0s  50.00 iters/s

running (2m52.0s), 006/203 VUs, 8490 complete and 0 interrupted iterations
a1     [  96% ] 006/203 VUs  2m52.0s/3m0s  50.00 iters/s

running (2m53.0s), 006/203 VUs, 8540 complete and 0 interrupted iterations
a1     [  96% ] 006/203 VUs  2m53.0s/3m0s  50.00 iters/s

running (2m54.0s), 006/203 VUs, 8590 complete and 0 interrupted iterations
a1     [  97% ] 006/203 VUs  2m54.0s/3m0s  50.00 iters/s

running (2m55.0s), 006/203 VUs, 8640 complete and 0 interrupted iterations
a1     [  97% ] 006/203 VUs  2m55.0s/3m0s  50.00 iters/s

running (2m56.0s), 024/203 VUs, 8672 complete and 0 interrupted iterations
a1     [  98% ] 024/203 VUs  2m56.0s/3m0s  50.00 iters/s

running (2m57.0s), 006/203 VUs, 8740 complete and 0 interrupted iterations
a1     [  98% ] 006/203 VUs  2m57.0s/3m0s  50.00 iters/s

running (2m58.0s), 006/203 VUs, 8790 complete and 0 interrupted iterations
a1     [  99% ] 006/203 VUs  2m58.0s/3m0s  50.00 iters/s

running (2m59.0s), 006/203 VUs, 8840 complete and 0 interrupted iterations
a1     [  99% ] 006/203 VUs  2m59.0s/3m0s  50.00 iters/s

running (3m00.0s), 005/203 VUs, 8891 complete and 0 interrupted iterations
a1     [ 100% ] 005/203 VUs  3m00.0s/3m0s  50.00 iters/s


  █ THRESHOLDS 

    http_req_failed
    ✓ 'rate<0.05' rate=0.00%


  █ TOTAL RESULTS 

    checks_total.......: 26691   148.138515/s
    checks_succeeded...: 100.00% 26691 out of 26691
    checks_failed......: 0.00%   0 out of 26691

    ✓ initiated
    ✓ validated
    ✓ terminal

    CUSTOM
    a1_lifecycle_duration..........: avg=234.42ms min=6ms    med=44ms    p(95)=707.19ms p(99)=4.52s max=6.16s
    a1_lifecycles_completed........: 8897   49.379505/s
    a1_transitions_committed.......: 26691  148.138515/s

    HTTP
    http_req_duration..............: avg=78ms     min=1.56ms med=6.55ms  p(95)=319.57ms p(99)=1.55s max=4.51s
      { expected_response:true }...: avg=78ms     min=1.56ms med=6.55ms  p(95)=319.57ms p(99)=1.55s max=4.51s
    http_req_failed................: 0.00%  0 out of 26691
    http_reqs......................: 26691  148.138515/s

    EXECUTION
    dropped_iterations.............: 103    0.571663/s
    iteration_duration.............: avg=234.5ms  min=6.24ms med=43.73ms p(95)=707.22ms p(99)=4.52s max=6.16s
    iterations.....................: 8897   49.379505/s
    vus............................: 5      min=1          max=199
    vus_max........................: 203    min=100        max=203

    NETWORK
    data_received..................: 10 MB  56 kB/s
    data_sent......................: 5.7 MB 32 kB/s




running (3m00.2s), 000/203 VUs, 8897 complete and 0 interrupted iterations
a1   ✓ [ 100% ] 000/203 VUs  3m0s  50.00 iters/s
