
         /\      Grafana   /‾‾/  
    /\  /  \     |\  __   /  /   
   /  \/    \    | |/ /  /   ‾‾\ 
  /          \   |   (  |  (‾)  |
 / __________ \  |_|\_\  \_____/ 


     execution: local
        script: harness/k6/a1-workload.js
        output: -

     scenarios: (100.00%) 1 scenario, 600 max VUs, 3m30s max duration (incl. graceful stop):
              * a1: 50.00 iterations/s for 3m0s (maxVUs: 100-600, gracefulStop: 30s)


running (0m01.0s), 050/100 VUs, 0 complete and 0 interrupted iterations
a1     [   1% ] 050/100 VUs  0m01.0s/3m0s  50.00 iters/s

running (0m02.0s), 009/100 VUs, 91 complete and 0 interrupted iterations
a1     [   1% ] 009/100 VUs  0m02.0s/3m0s  50.00 iters/s

running (0m03.0s), 010/100 VUs, 140 complete and 0 interrupted iterations
a1     [   2% ] 010/100 VUs  0m03.0s/3m0s  50.00 iters/s

running (0m04.0s), 005/100 VUs, 195 complete and 0 interrupted iterations
a1     [   2% ] 005/100 VUs  0m04.0s/3m0s  50.00 iters/s

running (0m05.0s), 006/100 VUs, 244 complete and 0 interrupted iterations
a1     [   3% ] 006/100 VUs  0m05.0s/3m0s  50.00 iters/s

running (0m06.0s), 004/100 VUs, 296 complete and 0 interrupted iterations
a1     [   3% ] 004/100 VUs  0m06.0s/3m0s  50.00 iters/s

running (0m07.0s), 010/100 VUs, 340 complete and 0 interrupted iterations
a1     [   4% ] 010/100 VUs  0m07.0s/3m0s  50.00 iters/s

running (0m08.0s), 010/100 VUs, 390 complete and 0 interrupted iterations
a1     [   4% ] 010/100 VUs  0m08.0s/3m0s  50.00 iters/s

running (0m09.0s), 010/100 VUs, 440 complete and 0 interrupted iterations
a1     [   5% ] 010/100 VUs  0m09.0s/3m0s  50.00 iters/s

running (0m10.0s), 010/100 VUs, 490 complete and 0 interrupted iterations
a1     [   6% ] 010/100 VUs  0m10.0s/3m0s  50.00 iters/s

running (0m11.0s), 010/100 VUs, 540 complete and 0 interrupted iterations
a1     [   6% ] 010/100 VUs  0m11.0s/3m0s  50.00 iters/s

running (0m12.0s), 010/100 VUs, 590 complete and 0 interrupted iterations
a1     [   7% ] 010/100 VUs  0m12.0s/3m0s  50.00 iters/s

running (0m13.0s), 011/100 VUs, 639 complete and 0 interrupted iterations
a1     [   7% ] 011/100 VUs  0m13.0s/3m0s  50.00 iters/s

running (0m14.0s), 011/100 VUs, 689 complete and 0 interrupted iterations
a1     [   8% ] 011/100 VUs  0m14.0s/3m0s  50.00 iters/s

running (0m15.0s), 011/100 VUs, 739 complete and 0 interrupted iterations
a1     [   8% ] 011/100 VUs  0m15.0s/3m0s  50.00 iters/s

running (0m16.0s), 001/100 VUs, 799 complete and 0 interrupted iterations
a1     [   9% ] 001/100 VUs  0m16.0s/3m0s  50.00 iters/s

running (0m17.0s), 017/100 VUs, 833 complete and 0 interrupted iterations
a1     [   9% ] 017/100 VUs  0m17.0s/3m0s  50.00 iters/s

running (0m18.0s), 011/100 VUs, 889 complete and 0 interrupted iterations
a1     [  10% ] 011/100 VUs  0m18.0s/3m0s  50.00 iters/s

running (0m19.0s), 010/100 VUs, 940 complete and 0 interrupted iterations
a1     [  11% ] 010/100 VUs  0m19.0s/3m0s  50.00 iters/s

running (0m20.0s), 010/100 VUs, 990 complete and 0 interrupted iterations
a1     [  11% ] 010/100 VUs  0m20.0s/3m0s  50.00 iters/s

running (0m21.0s), 011/100 VUs, 1039 complete and 0 interrupted iterations
a1     [  12% ] 011/100 VUs  0m21.0s/3m0s  50.00 iters/s

running (0m22.0s), 011/100 VUs, 1089 complete and 0 interrupted iterations
a1     [  12% ] 011/100 VUs  0m22.0s/3m0s  50.00 iters/s

running (0m23.0s), 011/100 VUs, 1139 complete and 0 interrupted iterations
a1     [  13% ] 011/100 VUs  0m23.0s/3m0s  50.00 iters/s

running (0m24.0s), 012/100 VUs, 1188 complete and 0 interrupted iterations
a1     [  13% ] 012/100 VUs  0m24.0s/3m0s  50.00 iters/s

running (0m25.0s), 011/100 VUs, 1239 complete and 0 interrupted iterations
a1     [  14% ] 011/100 VUs  0m25.0s/3m0s  50.00 iters/s

running (0m26.0s), 011/100 VUs, 1289 complete and 0 interrupted iterations
a1     [  14% ] 011/100 VUs  0m26.0s/3m0s  50.00 iters/s

running (0m27.0s), 011/100 VUs, 1339 complete and 0 interrupted iterations
a1     [  15% ] 011/100 VUs  0m27.0s/3m0s  50.00 iters/s

running (0m28.0s), 011/100 VUs, 1389 complete and 0 interrupted iterations
a1     [  16% ] 011/100 VUs  0m28.0s/3m0s  50.00 iters/s

running (0m29.0s), 012/100 VUs, 1438 complete and 0 interrupted iterations
a1     [  16% ] 012/100 VUs  0m29.0s/3m0s  50.00 iters/s

running (0m30.0s), 043/100 VUs, 1457 complete and 0 interrupted iterations
a1     [  17% ] 043/100 VUs  0m30.0s/3m0s  50.00 iters/s

running (0m31.0s), 072/100 VUs, 1478 complete and 0 interrupted iterations
a1     [  17% ] 072/100 VUs  0m31.0s/3m0s  50.00 iters/s

running (0m32.0s), 001/100 VUs, 1599 complete and 0 interrupted iterations
a1     [  18% ] 001/100 VUs  0m32.0s/3m0s  50.00 iters/s

running (0m33.0s), 001/100 VUs, 1649 complete and 0 interrupted iterations
a1     [  18% ] 001/100 VUs  0m33.0s/3m0s  50.00 iters/s

running (0m34.0s), 001/100 VUs, 1699 complete and 0 interrupted iterations
a1     [  19% ] 001/100 VUs  0m34.0s/3m0s  50.00 iters/s

running (0m35.0s), 001/100 VUs, 1749 complete and 0 interrupted iterations
a1     [  19% ] 001/100 VUs  0m35.0s/3m0s  50.00 iters/s

running (0m36.0s), 001/100 VUs, 1799 complete and 0 interrupted iterations
a1     [  20% ] 001/100 VUs  0m36.0s/3m0s  50.00 iters/s

running (0m37.0s), 001/100 VUs, 1849 complete and 0 interrupted iterations
a1     [  21% ] 001/100 VUs  0m37.0s/3m0s  50.00 iters/s

running (0m38.0s), 001/100 VUs, 1899 complete and 0 interrupted iterations
a1     [  21% ] 001/100 VUs  0m38.0s/3m0s  50.00 iters/s

running (0m39.0s), 035/100 VUs, 1915 complete and 0 interrupted iterations
a1     [  22% ] 035/100 VUs  0m39.0s/3m0s  50.00 iters/s

running (0m40.0s), 085/100 VUs, 1915 complete and 0 interrupted iterations
a1     [  22% ] 085/100 VUs  0m40.0s/3m0s  50.00 iters/s

running (0m41.0s), 117/118 VUs, 1915 complete and 0 interrupted iterations
a1     [  23% ] 117/118 VUs  0m41.0s/3m0s  50.00 iters/s

running (0m42.0s), 142/143 VUs, 1915 complete and 0 interrupted iterations
a1     [  23% ] 142/143 VUs  0m42.0s/3m0s  50.00 iters/s

running (0m43.0s), 167/168 VUs, 1915 complete and 0 interrupted iterations
a1     [  24% ] 167/168 VUs  0m43.0s/3m0s  50.00 iters/s

running (0m44.0s), 192/193 VUs, 1915 complete and 0 interrupted iterations
a1     [  24% ] 192/193 VUs  0m44.0s/3m0s  50.00 iters/s

running (0m45.0s), 217/218 VUs, 1915 complete and 0 interrupted iterations
a1     [  25% ] 217/218 VUs  0m45.0s/3m0s  50.00 iters/s

running (0m46.0s), 242/243 VUs, 1915 complete and 0 interrupted iterations
a1     [  26% ] 242/243 VUs  0m46.0s/3m0s  50.00 iters/s

running (0m47.0s), 264/265 VUs, 1921 complete and 0 interrupted iterations
a1     [  26% ] 264/265 VUs  0m47.0s/3m0s  50.00 iters/s

running (0m48.0s), 262/284 VUs, 1954 complete and 0 interrupted iterations
a1     [  27% ] 262/284 VUs  0m48.0s/3m0s  50.00 iters/s

running (0m49.0s), 249/284 VUs, 2017 complete and 0 interrupted iterations
a1     [  27% ] 249/284 VUs  0m49.0s/3m0s  50.00 iters/s

running (0m50.0s), 015/284 VUs, 2301 complete and 0 interrupted iterations
a1     [  28% ] 015/284 VUs  0m50.0s/3m0s  50.00 iters/s

running (0m51.0s), 004/284 VUs, 2362 complete and 0 interrupted iterations
a1     [  28% ] 004/284 VUs  0m51.0s/3m0s  50.00 iters/s

running (0m52.0s), 004/284 VUs, 2412 complete and 0 interrupted iterations
a1     [  29% ] 004/284 VUs  0m52.0s/3m0s  50.00 iters/s

running (0m53.0s), 004/284 VUs, 2462 complete and 0 interrupted iterations
a1     [  29% ] 004/284 VUs  0m53.0s/3m0s  50.00 iters/s

running (0m54.0s), 004/284 VUs, 2512 complete and 0 interrupted iterations
a1     [  30% ] 004/284 VUs  0m54.0s/3m0s  50.00 iters/s

running (0m55.0s), 004/284 VUs, 2562 complete and 0 interrupted iterations
a1     [  31% ] 004/284 VUs  0m55.0s/3m0s  50.00 iters/s

running (0m56.0s), 004/284 VUs, 2612 complete and 0 interrupted iterations
a1     [  31% ] 004/284 VUs  0m56.0s/3m0s  50.00 iters/s

running (0m57.0s), 005/284 VUs, 2661 complete and 0 interrupted iterations
a1     [  32% ] 005/284 VUs  0m57.0s/3m0s  50.00 iters/s

running (0m58.0s), 004/284 VUs, 2712 complete and 0 interrupted iterations
a1     [  32% ] 004/284 VUs  0m58.0s/3m0s  50.00 iters/s

running (0m59.0s), 004/284 VUs, 2762 complete and 0 interrupted iterations
a1     [  33% ] 004/284 VUs  0m59.0s/3m0s  50.00 iters/s

running (1m00.0s), 004/284 VUs, 2812 complete and 0 interrupted iterations
a1     [  33% ] 004/284 VUs  1m00.0s/3m0s  50.00 iters/s

running (1m01.0s), 004/284 VUs, 2862 complete and 0 interrupted iterations
a1     [  34% ] 004/284 VUs  1m01.0s/3m0s  50.00 iters/s

running (1m02.0s), 004/284 VUs, 2912 complete and 0 interrupted iterations
a1     [  34% ] 004/284 VUs  1m02.0s/3m0s  50.00 iters/s

running (1m03.0s), 004/284 VUs, 2962 complete and 0 interrupted iterations
a1     [  35% ] 004/284 VUs  1m03.0s/3m0s  50.00 iters/s

running (1m04.0s), 004/284 VUs, 3012 complete and 0 interrupted iterations
a1     [  36% ] 004/284 VUs  1m04.0s/3m0s  50.00 iters/s

running (1m05.0s), 000/284 VUs, 3066 complete and 0 interrupted iterations
a1     [  36% ] 000/284 VUs  1m05.0s/3m0s  50.00 iters/s

running (1m06.0s), 004/284 VUs, 3112 complete and 0 interrupted iterations
a1     [  37% ] 004/284 VUs  1m06.0s/3m0s  50.00 iters/s

running (1m07.0s), 003/284 VUs, 3163 complete and 0 interrupted iterations
a1     [  37% ] 003/284 VUs  1m07.0s/3m0s  50.00 iters/s

running (1m08.0s), 004/284 VUs, 3212 complete and 0 interrupted iterations
a1     [  38% ] 004/284 VUs  1m08.0s/3m0s  50.00 iters/s

running (1m09.0s), 015/284 VUs, 3251 complete and 0 interrupted iterations
a1     [  38% ] 015/284 VUs  1m09.0s/3m0s  50.00 iters/s

running (1m10.0s), 005/284 VUs, 3311 complete and 0 interrupted iterations
a1     [  39% ] 005/284 VUs  1m10.0s/3m0s  50.00 iters/s

running (1m11.0s), 005/284 VUs, 3361 complete and 0 interrupted iterations
a1     [  39% ] 005/284 VUs  1m11.0s/3m0s  50.00 iters/s

running (1m12.0s), 004/284 VUs, 3412 complete and 0 interrupted iterations
a1     [  40% ] 004/284 VUs  1m12.0s/3m0s  50.00 iters/s

running (1m13.0s), 005/284 VUs, 3461 complete and 0 interrupted iterations
a1     [  41% ] 005/284 VUs  1m13.0s/3m0s  50.00 iters/s

running (1m14.0s), 004/284 VUs, 3512 complete and 0 interrupted iterations
a1     [  41% ] 004/284 VUs  1m14.0s/3m0s  50.00 iters/s

running (1m15.0s), 004/284 VUs, 3562 complete and 0 interrupted iterations
a1     [  42% ] 004/284 VUs  1m15.0s/3m0s  50.00 iters/s

running (1m16.0s), 004/284 VUs, 3612 complete and 0 interrupted iterations
a1     [  42% ] 004/284 VUs  1m16.0s/3m0s  50.00 iters/s

running (1m17.0s), 005/284 VUs, 3661 complete and 0 interrupted iterations
a1     [  43% ] 005/284 VUs  1m17.0s/3m0s  50.00 iters/s

running (1m18.0s), 004/284 VUs, 3712 complete and 0 interrupted iterations
a1     [  43% ] 004/284 VUs  1m18.0s/3m0s  50.00 iters/s

running (1m19.0s), 004/284 VUs, 3762 complete and 0 interrupted iterations
a1     [  44% ] 004/284 VUs  1m19.0s/3m0s  50.00 iters/s

running (1m20.0s), 005/284 VUs, 3811 complete and 0 interrupted iterations
a1     [  44% ] 005/284 VUs  1m20.0s/3m0s  50.00 iters/s

running (1m21.0s), 005/284 VUs, 3861 complete and 0 interrupted iterations
a1     [  45% ] 005/284 VUs  1m21.0s/3m0s  50.00 iters/s

running (1m22.0s), 005/284 VUs, 3911 complete and 0 interrupted iterations
a1     [  46% ] 005/284 VUs  1m22.0s/3m0s  50.00 iters/s

running (1m23.0s), 004/284 VUs, 3962 complete and 0 interrupted iterations
a1     [  46% ] 004/284 VUs  1m23.0s/3m0s  50.00 iters/s

running (1m24.0s), 004/284 VUs, 4012 complete and 0 interrupted iterations
a1     [  47% ] 004/284 VUs  1m24.0s/3m0s  50.00 iters/s

running (1m25.0s), 004/284 VUs, 4062 complete and 0 interrupted iterations
a1     [  47% ] 004/284 VUs  1m25.0s/3m0s  50.00 iters/s

running (1m26.0s), 004/284 VUs, 4112 complete and 0 interrupted iterations
a1     [  48% ] 004/284 VUs  1m26.0s/3m0s  50.00 iters/s

running (1m27.0s), 004/284 VUs, 4162 complete and 0 interrupted iterations
a1     [  48% ] 004/284 VUs  1m27.0s/3m0s  50.00 iters/s

running (1m28.0s), 004/284 VUs, 4212 complete and 0 interrupted iterations
a1     [  49% ] 004/284 VUs  1m28.0s/3m0s  50.00 iters/s

running (1m29.0s), 004/284 VUs, 4262 complete and 0 interrupted iterations
a1     [  49% ] 004/284 VUs  1m29.0s/3m0s  50.00 iters/s

running (1m30.0s), 005/284 VUs, 4311 complete and 0 interrupted iterations
a1     [  50% ] 005/284 VUs  1m30.0s/3m0s  50.00 iters/s

running (1m31.0s), 004/284 VUs, 4362 complete and 0 interrupted iterations
a1     [  51% ] 004/284 VUs  1m31.0s/3m0s  50.00 iters/s

running (1m32.0s), 004/284 VUs, 4412 complete and 0 interrupted iterations
a1     [  51% ] 004/284 VUs  1m32.0s/3m0s  50.00 iters/s

running (1m33.0s), 004/284 VUs, 4462 complete and 0 interrupted iterations
a1     [  52% ] 004/284 VUs  1m33.0s/3m0s  50.00 iters/s

running (1m34.0s), 007/284 VUs, 4509 complete and 0 interrupted iterations
a1     [  52% ] 007/284 VUs  1m34.0s/3m0s  50.00 iters/s

running (1m35.0s), 004/284 VUs, 4562 complete and 0 interrupted iterations
a1     [  53% ] 004/284 VUs  1m35.0s/3m0s  50.00 iters/s

running (1m36.0s), 004/284 VUs, 4612 complete and 0 interrupted iterations
a1     [  53% ] 004/284 VUs  1m36.0s/3m0s  50.00 iters/s

running (1m37.0s), 004/284 VUs, 4662 complete and 0 interrupted iterations
a1     [  54% ] 004/284 VUs  1m37.0s/3m0s  50.00 iters/s

running (1m38.0s), 007/284 VUs, 4709 complete and 0 interrupted iterations
a1     [  54% ] 007/284 VUs  1m38.0s/3m0s  50.00 iters/s

running (1m39.0s), 050/284 VUs, 4716 complete and 0 interrupted iterations
a1     [  55% ] 050/284 VUs  1m39.0s/3m0s  50.00 iters/s

running (1m40.0s), 001/284 VUs, 4815 complete and 0 interrupted iterations
a1     [  56% ] 001/284 VUs  1m40.0s/3m0s  50.00 iters/s

running (1m41.0s), 001/284 VUs, 4865 complete and 0 interrupted iterations
a1     [  56% ] 001/284 VUs  1m41.0s/3m0s  50.00 iters/s

running (1m42.0s), 001/284 VUs, 4915 complete and 0 interrupted iterations
a1     [  57% ] 001/284 VUs  1m42.0s/3m0s  50.00 iters/s

running (1m43.0s), 001/284 VUs, 4965 complete and 0 interrupted iterations
a1     [  57% ] 001/284 VUs  1m43.0s/3m0s  50.00 iters/s

running (1m44.0s), 001/284 VUs, 5015 complete and 0 interrupted iterations
a1     [  58% ] 001/284 VUs  1m44.0s/3m0s  50.00 iters/s

running (1m45.0s), 001/284 VUs, 5065 complete and 0 interrupted iterations
a1     [  58% ] 001/284 VUs  1m45.0s/3m0s  50.00 iters/s

running (1m46.0s), 006/284 VUs, 5110 complete and 0 interrupted iterations
a1     [  59% ] 006/284 VUs  1m46.0s/3m0s  50.00 iters/s

running (1m47.0s), 033/284 VUs, 5133 complete and 0 interrupted iterations
a1     [  59% ] 033/284 VUs  1m47.0s/3m0s  50.00 iters/s

running (1m48.0s), 001/284 VUs, 5215 complete and 0 interrupted iterations
a1     [  60% ] 001/284 VUs  1m48.0s/3m0s  50.00 iters/s

running (1m49.0s), 001/284 VUs, 5265 complete and 0 interrupted iterations
a1     [  61% ] 001/284 VUs  1m49.0s/3m0s  50.00 iters/s

running (1m50.0s), 001/284 VUs, 5315 complete and 0 interrupted iterations
a1     [  61% ] 001/284 VUs  1m50.0s/3m0s  50.00 iters/s

running (1m51.0s), 001/284 VUs, 5365 complete and 0 interrupted iterations
a1     [  62% ] 001/284 VUs  1m51.0s/3m0s  50.00 iters/s

running (1m52.0s), 022/284 VUs, 5394 complete and 0 interrupted iterations
a1     [  62% ] 022/284 VUs  1m52.0s/3m0s  50.00 iters/s

running (1m53.0s), 001/284 VUs, 5465 complete and 0 interrupted iterations
a1     [  63% ] 001/284 VUs  1m53.0s/3m0s  50.00 iters/s

running (1m54.0s), 001/284 VUs, 5515 complete and 0 interrupted iterations
a1     [  63% ] 001/284 VUs  1m54.0s/3m0s  50.00 iters/s
time="2026-09-09T14:24:07+05:00" level=warning msg="The test has generated metrics with 100012 unique time series, which is higher than the suggested limit of 100000 and could cause high memory usage. Consider not using high-cardinality values like unique IDs as metric tags or, if you need them in the URL, use the name metric tag or URL grouping. See https://grafana.com/docs/k6/latest/using-k6/tags-and-groups/ for details." component=metrics-engine-ingester

running (1m55.0s), 003/284 VUs, 5563 complete and 0 interrupted iterations
a1     [  64% ] 003/284 VUs  1m55.0s/3m0s  50.00 iters/s

running (1m56.0s), 001/284 VUs, 5615 complete and 0 interrupted iterations
a1     [  64% ] 001/284 VUs  1m56.0s/3m0s  50.00 iters/s

running (1m57.0s), 001/284 VUs, 5665 complete and 0 interrupted iterations
a1     [  65% ] 001/284 VUs  1m57.0s/3m0s  50.00 iters/s

running (1m58.0s), 047/284 VUs, 5669 complete and 0 interrupted iterations
a1     [  66% ] 047/284 VUs  1m58.0s/3m0s  50.00 iters/s

running (1m59.0s), 085/284 VUs, 5681 complete and 0 interrupted iterations
a1     [  66% ] 085/284 VUs  1m59.0s/3m0s  50.00 iters/s

running (2m00.0s), 126/284 VUs, 5690 complete and 0 interrupted iterations
a1     [  67% ] 126/284 VUs  2m00.0s/3m0s  50.00 iters/s

running (2m01.0s), 163/284 VUs, 5703 complete and 0 interrupted iterations
a1     [  67% ] 163/284 VUs  2m01.0s/3m0s  50.00 iters/s

running (2m02.0s), 207/284 VUs, 5709 complete and 0 interrupted iterations
a1     [  68% ] 207/284 VUs  2m02.0s/3m0s  50.00 iters/s

running (2m03.0s), 238/284 VUs, 5728 complete and 0 interrupted iterations
a1     [  68% ] 238/284 VUs  2m03.0s/3m0s  50.00 iters/s

running (2m04.0s), 272/284 VUs, 5744 complete and 0 interrupted iterations
a1     [  69% ] 272/284 VUs  2m04.0s/3m0s  50.00 iters/s

running (2m05.0s), 206/284 VUs, 5860 complete and 0 interrupted iterations
a1     [  69% ] 206/284 VUs  2m05.0s/3m0s  50.00 iters/s

running (2m06.0s), 001/284 VUs, 6115 complete and 0 interrupted iterations
a1     [  70% ] 001/284 VUs  2m06.0s/3m0s  50.00 iters/s

running (2m07.0s), 001/284 VUs, 6165 complete and 0 interrupted iterations
a1     [  71% ] 001/284 VUs  2m07.0s/3m0s  50.00 iters/s

running (2m08.0s), 001/284 VUs, 6215 complete and 0 interrupted iterations
a1     [  71% ] 001/284 VUs  2m08.0s/3m0s  50.00 iters/s

running (2m09.0s), 002/284 VUs, 6264 complete and 0 interrupted iterations
a1     [  72% ] 002/284 VUs  2m09.0s/3m0s  50.00 iters/s

running (2m10.0s), 033/284 VUs, 6283 complete and 0 interrupted iterations
a1     [  72% ] 033/284 VUs  2m10.0s/3m0s  50.00 iters/s

running (2m11.0s), 071/284 VUs, 6295 complete and 0 interrupted iterations
a1     [  73% ] 071/284 VUs  2m11.0s/3m0s  50.00 iters/s

running (2m12.0s), 110/284 VUs, 6306 complete and 0 interrupted iterations
a1     [  73% ] 110/284 VUs  2m12.0s/3m0s  50.00 iters/s

running (2m13.0s), 149/284 VUs, 6317 complete and 0 interrupted iterations
a1     [  74% ] 149/284 VUs  2m13.0s/3m0s  50.00 iters/s

running (2m14.0s), 192/284 VUs, 6324 complete and 0 interrupted iterations
a1     [  74% ] 192/284 VUs  2m14.0s/3m0s  50.00 iters/s

running (2m15.0s), 217/284 VUs, 6349 complete and 0 interrupted iterations
a1     [  75% ] 217/284 VUs  2m15.0s/3m0s  50.00 iters/s

running (2m16.0s), 125/284 VUs, 6491 complete and 0 interrupted iterations
a1     [  76% ] 125/284 VUs  2m16.0s/3m0s  50.00 iters/s

running (2m17.0s), 001/284 VUs, 6665 complete and 0 interrupted iterations
a1     [  76% ] 001/284 VUs  2m17.0s/3m0s  50.00 iters/s

running (2m18.0s), 001/284 VUs, 6715 complete and 0 interrupted iterations
a1     [  77% ] 001/284 VUs  2m18.0s/3m0s  50.00 iters/s

running (2m19.0s), 001/284 VUs, 6765 complete and 0 interrupted iterations
a1     [  77% ] 001/284 VUs  2m19.0s/3m0s  50.00 iters/s

running (2m20.0s), 001/284 VUs, 6815 complete and 0 interrupted iterations
a1     [  78% ] 001/284 VUs  2m20.0s/3m0s  50.00 iters/s

running (2m21.0s), 001/284 VUs, 6865 complete and 0 interrupted iterations
a1     [  78% ] 001/284 VUs  2m21.0s/3m0s  50.00 iters/s

running (2m22.0s), 002/284 VUs, 6914 complete and 0 interrupted iterations
a1     [  79% ] 002/284 VUs  2m22.0s/3m0s  50.00 iters/s

running (2m23.0s), 001/284 VUs, 6965 complete and 0 interrupted iterations
a1     [  79% ] 001/284 VUs  2m23.0s/3m0s  50.00 iters/s

running (2m24.0s), 042/284 VUs, 6974 complete and 0 interrupted iterations
a1     [  80% ] 042/284 VUs  2m24.0s/3m0s  50.00 iters/s

running (2m25.0s), 033/284 VUs, 7033 complete and 0 interrupted iterations
a1     [  81% ] 033/284 VUs  2m25.0s/3m0s  50.00 iters/s

running (2m26.0s), 001/284 VUs, 7115 complete and 0 interrupted iterations
a1     [  81% ] 001/284 VUs  2m26.0s/3m0s  50.00 iters/s

running (2m27.0s), 001/284 VUs, 7165 complete and 0 interrupted iterations
a1     [  82% ] 001/284 VUs  2m27.0s/3m0s  50.00 iters/s

running (2m28.0s), 001/284 VUs, 7215 complete and 0 interrupted iterations
a1     [  82% ] 001/284 VUs  2m28.0s/3m0s  50.00 iters/s

running (2m29.0s), 001/284 VUs, 7265 complete and 0 interrupted iterations
a1     [  83% ] 001/284 VUs  2m29.0s/3m0s  50.00 iters/s

running (2m30.0s), 001/284 VUs, 7315 complete and 0 interrupted iterations
a1     [  83% ] 001/284 VUs  2m30.0s/3m0s  50.00 iters/s

running (2m31.0s), 001/284 VUs, 7365 complete and 0 interrupted iterations
a1     [  84% ] 001/284 VUs  2m31.0s/3m0s  50.00 iters/s

running (2m32.0s), 001/284 VUs, 7415 complete and 0 interrupted iterations
a1     [  84% ] 001/284 VUs  2m32.0s/3m0s  50.00 iters/s

running (2m33.0s), 001/284 VUs, 7465 complete and 0 interrupted iterations
a1     [  85% ] 001/284 VUs  2m33.0s/3m0s  50.00 iters/s

running (2m34.0s), 001/284 VUs, 7515 complete and 0 interrupted iterations
a1     [  86% ] 001/284 VUs  2m34.0s/3m0s  50.00 iters/s

running (2m35.0s), 031/284 VUs, 7535 complete and 0 interrupted iterations
a1     [  86% ] 031/284 VUs  2m35.0s/3m0s  50.00 iters/s

running (2m36.0s), 042/284 VUs, 7574 complete and 0 interrupted iterations
a1     [  87% ] 042/284 VUs  2m36.0s/3m0s  50.00 iters/s

running (2m37.0s), 092/284 VUs, 7574 complete and 0 interrupted iterations
a1     [  87% ] 092/284 VUs  2m37.0s/3m0s  50.00 iters/s

running (2m38.0s), 127/284 VUs, 7589 complete and 0 interrupted iterations
a1     [  88% ] 127/284 VUs  2m38.0s/3m0s  50.00 iters/s

running (2m39.0s), 154/284 VUs, 7612 complete and 0 interrupted iterations
a1     [  88% ] 154/284 VUs  2m39.0s/3m0s  50.00 iters/s

running (2m40.0s), 194/284 VUs, 7622 complete and 0 interrupted iterations
a1     [  89% ] 194/284 VUs  2m40.0s/3m0s  50.00 iters/s

running (2m41.0s), 231/284 VUs, 7635 complete and 0 interrupted iterations
a1     [  89% ] 231/284 VUs  2m41.0s/3m0s  50.00 iters/s

running (2m42.0s), 000/284 VUs, 7916 complete and 0 interrupted iterations
a1     [  90% ] 000/284 VUs  2m42.0s/3m0s  50.00 iters/s

running (2m43.0s), 000/284 VUs, 7966 complete and 0 interrupted iterations
a1     [  91% ] 000/284 VUs  2m43.0s/3m0s  50.00 iters/s

running (2m44.0s), 001/284 VUs, 8015 complete and 0 interrupted iterations
a1     [  91% ] 001/284 VUs  2m44.0s/3m0s  50.00 iters/s

running (2m45.0s), 001/284 VUs, 8065 complete and 0 interrupted iterations
a1     [  92% ] 001/284 VUs  2m45.0s/3m0s  50.00 iters/s

running (2m46.0s), 001/284 VUs, 8115 complete and 0 interrupted iterations
a1     [  92% ] 001/284 VUs  2m46.0s/3m0s  50.00 iters/s

running (2m47.0s), 048/284 VUs, 8118 complete and 0 interrupted iterations
a1     [  93% ] 048/284 VUs  2m47.0s/3m0s  50.00 iters/s

running (2m48.0s), 081/284 VUs, 8135 complete and 0 interrupted iterations
a1     [  93% ] 081/284 VUs  2m48.0s/3m0s  50.00 iters/s

running (2m49.0s), 119/284 VUs, 8147 complete and 0 interrupted iterations
a1     [  94% ] 119/284 VUs  2m49.0s/3m0s  50.00 iters/s

running (2m50.0s), 157/284 VUs, 8159 complete and 0 interrupted iterations
a1     [  94% ] 157/284 VUs  2m50.0s/3m0s  50.00 iters/s

running (2m51.0s), 185/284 VUs, 8181 complete and 0 interrupted iterations
a1     [  95% ] 185/284 VUs  2m51.0s/3m0s  50.00 iters/s

running (2m52.0s), 229/284 VUs, 8187 complete and 0 interrupted iterations
a1     [  96% ] 229/284 VUs  2m52.0s/3m0s  50.00 iters/s

running (2m53.0s), 250/284 VUs, 8216 complete and 0 interrupted iterations
a1     [  96% ] 250/284 VUs  2m53.0s/3m0s  50.00 iters/s

running (2m54.0s), 010/284 VUs, 8506 complete and 0 interrupted iterations
a1     [  97% ] 010/284 VUs  2m54.0s/3m0s  50.00 iters/s

running (2m55.0s), 008/284 VUs, 8558 complete and 0 interrupted iterations
a1     [  97% ] 008/284 VUs  2m55.0s/3m0s  50.00 iters/s

running (2m56.0s), 010/284 VUs, 8606 complete and 0 interrupted iterations
a1     [  98% ] 010/284 VUs  2m56.0s/3m0s  50.00 iters/s

running (2m57.0s), 016/284 VUs, 8650 complete and 0 interrupted iterations
a1     [  98% ] 016/284 VUs  2m57.0s/3m0s  50.00 iters/s

running (2m58.0s), 011/284 VUs, 8705 complete and 0 interrupted iterations
a1     [  99% ] 011/284 VUs  2m58.0s/3m0s  50.00 iters/s

running (2m59.0s), 009/284 VUs, 8757 complete and 0 interrupted iterations
a1     [  99% ] 009/284 VUs  2m59.0s/3m0s  50.00 iters/s

running (3m00.0s), 017/284 VUs, 8799 complete and 0 interrupted iterations
a1     [ 100% ] 017/284 VUs  3m00.0s/3m0s  50.00 iters/s


  █ THRESHOLDS 

    http_req_failed
    ✓ 'rate<0.05' rate=0.00%


  █ TOTAL RESULTS 

    checks_total.......: 26451   146.603121/s
    checks_succeeded...: 100.00% 26451 out of 26451
    checks_failed......: 0.00%   0 out of 26451

    ✓ initiated
    ✓ validated
    ✓ terminal

    CUSTOM
    a1_lifecycle_duration..........: avg=862.34ms min=6ms    med=227ms    p(95)=4.48s p(99)=8.7s  max=11.28s
    a1_lifecycles_completed........: 8817   48.867707/s
    a1_transitions_committed.......: 26451  146.603121/s

    HTTP
    http_req_duration..............: avg=287.27ms min=1.45ms med=37.24ms  p(95)=1.73s p(99)=3.29s max=9.02s 
      { expected_response:true }...: avg=287.27ms min=1.45ms med=37.24ms  p(95)=1.73s p(99)=3.29s max=9.02s 
    http_req_failed................: 0.00%  0 out of 26451
    http_reqs......................: 26451  146.603121/s

    EXECUTION
    dropped_iterations.............: 184    1.019809/s
    iteration_duration.............: avg=862.4ms  min=6.03ms med=227.04ms p(95)=4.48s p(99)=8.7s  max=11.28s
    iterations.....................: 8817   48.867707/s
    vus............................: 17     min=0          max=272
    vus_max........................: 284    min=100        max=284

    NETWORK
    data_received..................: 10 MB  56 kB/s
    data_sent......................: 5.7 MB 32 kB/s




running (3m00.4s), 000/284 VUs, 8817 complete and 0 interrupted iterations
a1   ✓ [ 100% ] 000/284 VUs  3m0s  50.00 iters/s
