[13:19:39] === RUN CDC-C2N0OFF-r2-20260909131939 ===
[13:19:39] mode=CDC profile=C2N0OFF rep=2 tps=50 duration=180s fault=none
[13:19:39] jar: target/master-thesis-observability-0.0.1-SNAPSHOT.jar
[13:19:39] arxiv redo tozalanmoqda
[13:19:39] workload tozalanmoqda (reference saqlanadi)
workload reset; reference data preserved
AQ backlog purged: 0 -> 0
[13:19:40] Kafka topigi qayta yaratilmoqda
[13:19:49] ilova ishga tushirilmoqda (mode=CDC)
[13:20:03] ilova tayyor (pid 864334)
[13:20:03] --no-connector: konnektorsiz ishlatilmoqda (C2 bazaviy sharti)
[13:20:07] k6 yuklamasi boshlandi
[13:23:08] k6 iteratsiyalari: 9001
[13:23:08] pipeline bo'shashi kutilmoqda (maks 120s)
[13:29:29] OGOHLANTIRISH: pipeline 120s ichida bo'shamadi (db_pending=0 sink=0) - LOSS raqamlari ishonchsiz
[13:29:40] ground truth eksport qilinmoqda
[13:29:40] Kafka topigi eksport qilinmoqda
[13:30:07] tahlil
{
  "mode": "CDC",
  "profile": "C2N0OFF",
  "rep": "2",
  "fault": "none",
  "ground_truth_transitions": 27003,
  "delivered_distinct": 0,
  "delivered_total": 0,
  "matched": 0,
  "missing": 27003,
  "phantom": 0,
  "malformed": 0,
  "loss_rate": 1.0,
  "loss_rate_ppm": 1000000.0,
  "duplicate_rate": 0.0,
  "ordering_violation_rate": 0.0,
  "txns_split_across_partitions": 0,
  "latency_ms_p50": null,
  "latency_ms_p95": null,
  "latency_ms_p99": null,
  "latency_ms_max": null,
  "latency_ms_mean": null,
  "latency_samples": 0,
  "latency_negative_samples": 0
}
[13:30:07] ilova va konnektor to'xtatilmoqda
[13:30:13] === TUGADI: results/CDC-C2N0OFF-r2-20260909131939 ===
