[20:36:08] === RUN CDC-C2N1ON-r1-20260909203608 ===
[20:36:08] mode=CDC profile=C2N1ON rep=1 tps=50 duration=180s fault=none
[20:36:08] jar: target/master-thesis-observability-0.0.1-SNAPSHOT.jar
[20:36:08] arxiv redo tozalanmoqda
[20:36:08] workload tozalanmoqda (reference saqlanadi)
workload reset; reference data preserved
AQ backlog purged: 0 -> 0
[20:36:09] Kafka topigi qayta yaratilmoqda
[20:36:19] ilova ishga tushirilmoqda (mode=CDC)
[20:36:33] ilova tayyor (pid 2418283)
[20:36:33] Debezium konnektori ro'yxatdan o'tkazilmoqda (CDC, prefix=obsv_cdc_c2n1on_r1_20260909203608)
konnektor ro'yxatdan o'tkazilmoqda: a1-cdc-obsv_cdc_c2n1on_r1_20260909203608 (prefix=obsv_cdc_c2n1on_r1_20260909203608)
konnektor RUNNING (2s)
streaming tasdiqlanmoqda (heartbeat topigi: __debezium-heartbeat.obsv_cdc_c2n1on_r1_20260909203608)
streaming tasdiqlandi (1 urinish)
[20:36:40] k6 yuklamasi boshlandi
[20:39:41] k6 iteratsiyalari: 9001
[20:39:41] qat'iy settle: 45s (o'lchov oynasi ikkala qo'lda bir xil)
[20:40:26] pipeline bo'shashi kutilmoqda (maks 120s)
[20:40:47] pipeline bo'sh (15s, sink=27003 xabar)
[20:40:57] ground truth eksport qilinmoqda
[20:40:58] Kafka topigi eksport qilinmoqda
[20:41:09] tahlil
{
  "mode": "CDC",
  "profile": "C2N1ON",
  "rep": "1",
  "fault": "none",
  "ground_truth_transitions": 27003,
  "delivered_distinct": 27003,
  "delivered_total": 27003,
  "matched": 27003,
  "missing": 0,
  "phantom": 0,
  "malformed": 0,
  "loss_rate": 0.0,
  "loss_rate_ppm": 0.0,
  "duplicate_rate": 0.0,
  "ordering_violation_rate": 0.0,
  "txns_split_across_partitions": 0,
  "latency_ms_p50": 3519,
  "latency_ms_p95": 5566,
  "latency_ms_p99": 6092,
  "latency_ms_max": 6674,
  "latency_ms_mean": 3514.0,
  "latency_samples": 27003,
  "latency_negative_samples": 0,
  "loss_rate_upper_bound_95_ppm": 111.1
}
[20:41:09] ilova va konnektor to'xtatilmoqda
connector o'chirilmoqda: a1-cdc-obsv_cdc_c2n1on_r1_20260909203608
[20:41:20] === TUGADI: results/CDC-C2N1ON-r1-20260909203608 ===
