
         /\      Grafana   /‾‾/  
    /\  /  \     |\  __   /  /   
   /  \/    \    | |/ /  /   ‾‾\ 
  /          \   |   (  |  (‾)  |
 / __________ \  |_|\_\  \_____/ 


     execution: local
        script: harness/k6/a1-workload.js
        output: -

     scenarios: (100.00%) 1 scenario, 600 max VUs, 2m30s max duration (incl. graceful stop):
              * a1: 50.00 iterations/s for 2m0s (maxVUs: 100-600, gracefulStop: 30s)


running (0m03.9s), 050/100 VUs, 0 complete and 0 interrupted iterations
a1     [   1% ] 050/100 VUs  0m01.0s/2m0s  50.00 iters/s

running (0m04.9s), 083/100 VUs, 17 complete and 0 interrupted iterations
a1     [   2% ] 083/100 VUs  0m02.0s/2m0s  50.00 iters/s

running (0m05.9s), 001/100 VUs, 149 complete and 0 interrupted iterations
a1     [   2% ] 001/100 VUs  0m03.0s/2m0s  50.00 iters/s

running (0m06.9s), 001/100 VUs, 199 complete and 0 interrupted iterations
a1     [   3% ] 001/100 VUs  0m04.0s/2m0s  50.00 iters/s

running (0m07.9s), 001/100 VUs, 249 complete and 0 interrupted iterations
a1     [   4% ] 001/100 VUs  0m05.0s/2m0s  50.00 iters/s

running (0m08.9s), 001/100 VUs, 299 complete and 0 interrupted iterations
a1     [   5% ] 001/100 VUs  0m06.0s/2m0s  50.00 iters/s

running (0m09.9s), 001/100 VUs, 349 complete and 0 interrupted iterations
a1     [   6% ] 001/100 VUs  0m07.0s/2m0s  50.00 iters/s

running (0m10.9s), 001/100 VUs, 399 complete and 0 interrupted iterations
a1     [   7% ] 001/100 VUs  0m08.0s/2m0s  50.00 iters/s

running (0m11.9s), 001/100 VUs, 449 complete and 0 interrupted iterations
a1     [   7% ] 001/100 VUs  0m09.0s/2m0s  50.00 iters/s

running (0m12.9s), 001/100 VUs, 499 complete and 0 interrupted iterations
a1     [   8% ] 001/100 VUs  0m10.0s/2m0s  50.00 iters/s

running (0m13.9s), 001/100 VUs, 549 complete and 0 interrupted iterations
a1     [   9% ] 001/100 VUs  0m11.0s/2m0s  50.00 iters/s

running (0m14.9s), 001/100 VUs, 599 complete and 0 interrupted iterations
a1     [  10% ] 001/100 VUs  0m12.0s/2m0s  50.00 iters/s

running (0m15.9s), 001/100 VUs, 649 complete and 0 interrupted iterations
a1     [  11% ] 001/100 VUs  0m13.0s/2m0s  50.00 iters/s

running (0m16.9s), 001/100 VUs, 699 complete and 0 interrupted iterations
a1     [  12% ] 001/100 VUs  0m14.0s/2m0s  50.00 iters/s

running (0m17.9s), 001/100 VUs, 749 complete and 0 interrupted iterations
a1     [  12% ] 001/100 VUs  0m15.0s/2m0s  50.00 iters/s

running (0m18.9s), 001/100 VUs, 799 complete and 0 interrupted iterations
a1     [  13% ] 001/100 VUs  0m16.0s/2m0s  50.00 iters/s

running (0m19.9s), 001/100 VUs, 849 complete and 0 interrupted iterations
a1     [  14% ] 001/100 VUs  0m17.0s/2m0s  50.00 iters/s

running (0m20.9s), 001/100 VUs, 899 complete and 0 interrupted iterations
a1     [  15% ] 001/100 VUs  0m18.0s/2m0s  50.00 iters/s

running (0m21.9s), 001/100 VUs, 949 complete and 0 interrupted iterations
a1     [  16% ] 001/100 VUs  0m19.0s/2m0s  50.00 iters/s

running (0m22.9s), 001/100 VUs, 999 complete and 0 interrupted iterations
a1     [  17% ] 001/100 VUs  0m20.0s/2m0s  50.00 iters/s

running (0m23.9s), 007/100 VUs, 1043 complete and 0 interrupted iterations
a1     [  17% ] 007/100 VUs  0m21.0s/2m0s  50.00 iters/s

running (0m24.9s), 001/100 VUs, 1099 complete and 0 interrupted iterations
a1     [  18% ] 001/100 VUs  0m22.0s/2m0s  50.00 iters/s

running (0m25.9s), 001/100 VUs, 1149 complete and 0 interrupted iterations
a1     [  19% ] 001/100 VUs  0m23.0s/2m0s  50.00 iters/s

running (0m26.9s), 007/100 VUs, 1193 complete and 0 interrupted iterations
a1     [  20% ] 007/100 VUs  0m24.0s/2m0s  50.00 iters/s

running (0m27.9s), 057/100 VUs, 1193 complete and 0 interrupted iterations
a1     [  21% ] 057/100 VUs  0m25.0s/2m0s  50.00 iters/s

running (0m28.9s), 089/101 VUs, 1208 complete and 0 interrupted iterations
a1     [  22% ] 089/101 VUs  0m26.0s/2m0s  50.00 iters/s

running (0m29.9s), 120/120 VUs, 1208 complete and 0 interrupted iterations
a1     [  22% ] 120/120 VUs  0m27.0s/2m0s  50.00 iters/s

running (0m30.9s), 145/145 VUs, 1208 complete and 0 interrupted iterations
a1     [  23% ] 145/145 VUs  0m28.0s/2m0s  50.00 iters/s

running (0m31.9s), 170/170 VUs, 1208 complete and 0 interrupted iterations
a1     [  24% ] 170/170 VUs  0m29.0s/2m0s  50.00 iters/s

running (0m32.9s), 195/195 VUs, 1208 complete and 0 interrupted iterations
a1     [  25% ] 195/195 VUs  0m30.0s/2m0s  50.00 iters/s

running (0m33.9s), 215/215 VUs, 1218 complete and 0 interrupted iterations
a1     [  26% ] 215/215 VUs  0m31.0s/2m0s  50.00 iters/s

running (0m34.9s), 240/240 VUs, 1218 complete and 0 interrupted iterations
a1     [  27% ] 240/240 VUs  0m32.0s/2m0s  50.00 iters/s

running (0m38.9s), 001/251 VUs, 1496 complete and 0 interrupted iterations
a1     [  27% ] 001/251 VUs  0m33.0s/2m0s  50.00 iters/s

running (0m39.9s), 001/251 VUs, 1546 complete and 0 interrupted iterations
a1     [  28% ] 001/251 VUs  0m34.0s/2m0s  50.00 iters/s

running (0m40.9s), 001/251 VUs, 1596 complete and 0 interrupted iterations
a1     [  29% ] 001/251 VUs  0m35.0s/2m0s  50.00 iters/s

running (0m41.9s), 001/251 VUs, 1646 complete and 0 interrupted iterations
a1     [  30% ] 001/251 VUs  0m36.0s/2m0s  50.00 iters/s

running (0m42.9s), 001/251 VUs, 1696 complete and 0 interrupted iterations
a1     [  31% ] 001/251 VUs  0m37.0s/2m0s  50.00 iters/s

running (0m43.9s), 001/251 VUs, 1746 complete and 0 interrupted iterations
a1     [  32% ] 001/251 VUs  0m38.0s/2m0s  50.00 iters/s

running (0m44.9s), 001/251 VUs, 1796 complete and 0 interrupted iterations
a1     [  32% ] 001/251 VUs  0m39.0s/2m0s  50.00 iters/s

running (0m45.9s), 001/251 VUs, 1846 complete and 0 interrupted iterations
a1     [  33% ] 001/251 VUs  0m40.0s/2m0s  50.00 iters/s

running (0m46.9s), 001/251 VUs, 1896 complete and 0 interrupted iterations
a1     [  34% ] 001/251 VUs  0m41.0s/2m0s  50.00 iters/s

running (0m47.9s), 001/251 VUs, 1946 complete and 0 interrupted iterations
a1     [  35% ] 001/251 VUs  0m42.0s/2m0s  50.00 iters/s

running (0m48.9s), 000/251 VUs, 1997 complete and 0 interrupted iterations
a1     [  36% ] 000/251 VUs  0m43.0s/2m0s  50.00 iters/s

running (0m49.9s), 001/251 VUs, 2046 complete and 0 interrupted iterations
a1     [  37% ] 001/251 VUs  0m44.0s/2m0s  50.00 iters/s

running (0m50.9s), 001/251 VUs, 2096 complete and 0 interrupted iterations
a1     [  37% ] 001/251 VUs  0m45.0s/2m0s  50.00 iters/s

running (0m51.9s), 001/251 VUs, 2146 complete and 0 interrupted iterations
a1     [  38% ] 001/251 VUs  0m46.0s/2m0s  50.00 iters/s

running (0m52.9s), 001/251 VUs, 2196 complete and 0 interrupted iterations
a1     [  39% ] 001/251 VUs  0m47.0s/2m0s  50.00 iters/s

running (0m53.9s), 001/251 VUs, 2246 complete and 0 interrupted iterations
a1     [  40% ] 001/251 VUs  0m48.0s/2m0s  50.00 iters/s

running (0m54.9s), 001/251 VUs, 2296 complete and 0 interrupted iterations
a1     [  41% ] 001/251 VUs  0m49.0s/2m0s  50.00 iters/s

running (0m55.9s), 001/251 VUs, 2346 complete and 0 interrupted iterations
a1     [  42% ] 001/251 VUs  0m50.0s/2m0s  50.00 iters/s

running (0m56.9s), 001/251 VUs, 2396 complete and 0 interrupted iterations
a1     [  42% ] 001/251 VUs  0m51.0s/2m0s  50.00 iters/s

running (0m57.9s), 001/251 VUs, 2446 complete and 0 interrupted iterations
a1     [  43% ] 001/251 VUs  0m52.0s/2m0s  50.00 iters/s

running (0m58.9s), 001/251 VUs, 2496 complete and 0 interrupted iterations
a1     [  44% ] 001/251 VUs  0m53.0s/2m0s  50.00 iters/s

running (0m59.9s), 001/251 VUs, 2546 complete and 0 interrupted iterations
a1     [  45% ] 001/251 VUs  0m54.0s/2m0s  50.00 iters/s

running (1m00.9s), 001/251 VUs, 2596 complete and 0 interrupted iterations
a1     [  46% ] 001/251 VUs  0m55.0s/2m0s  50.00 iters/s

running (1m01.9s), 001/251 VUs, 2646 complete and 0 interrupted iterations
a1     [  47% ] 001/251 VUs  0m56.0s/2m0s  50.00 iters/s

running (1m02.9s), 001/251 VUs, 2696 complete and 0 interrupted iterations
a1     [  47% ] 001/251 VUs  0m57.0s/2m0s  50.00 iters/s

running (1m03.9s), 001/251 VUs, 2746 complete and 0 interrupted iterations
a1     [  48% ] 001/251 VUs  0m58.0s/2m0s  50.00 iters/s

running (1m04.9s), 001/251 VUs, 2796 complete and 0 interrupted iterations
a1     [  49% ] 001/251 VUs  0m59.0s/2m0s  50.00 iters/s

running (1m05.9s), 001/251 VUs, 2846 complete and 0 interrupted iterations
a1     [  50% ] 001/251 VUs  1m00.0s/2m0s  50.00 iters/s

running (1m06.9s), 001/251 VUs, 2896 complete and 0 interrupted iterations
a1     [  51% ] 001/251 VUs  1m01.0s/2m0s  50.00 iters/s

running (1m07.9s), 001/251 VUs, 2946 complete and 0 interrupted iterations
a1     [  52% ] 001/251 VUs  1m02.0s/2m0s  50.00 iters/s

running (1m08.9s), 000/251 VUs, 2997 complete and 0 interrupted iterations
a1     [  52% ] 000/251 VUs  1m03.0s/2m0s  50.00 iters/s

running (1m09.9s), 000/251 VUs, 3047 complete and 0 interrupted iterations
a1     [  53% ] 000/251 VUs  1m04.0s/2m0s  50.00 iters/s

running (1m13.8s), 001/251 VUs, 3096 complete and 0 interrupted iterations
a1     [  54% ] 001/251 VUs  1m05.0s/2m0s  50.00 iters/s

running (1m14.8s), 001/251 VUs, 3146 complete and 0 interrupted iterations
a1     [  55% ] 001/251 VUs  1m06.0s/2m0s  50.00 iters/s

running (1m15.8s), 001/251 VUs, 3196 complete and 0 interrupted iterations
a1     [  56% ] 001/251 VUs  1m07.0s/2m0s  50.00 iters/s

running (1m16.8s), 001/251 VUs, 3246 complete and 0 interrupted iterations
a1     [  57% ] 001/251 VUs  1m08.0s/2m0s  50.00 iters/s

running (1m17.8s), 001/251 VUs, 3296 complete and 0 interrupted iterations
a1     [  57% ] 001/251 VUs  1m09.0s/2m0s  50.00 iters/s

running (1m18.8s), 001/251 VUs, 3346 complete and 0 interrupted iterations
a1     [  58% ] 001/251 VUs  1m10.0s/2m0s  50.00 iters/s

running (1m19.8s), 001/251 VUs, 3396 complete and 0 interrupted iterations
a1     [  59% ] 001/251 VUs  1m11.0s/2m0s  50.00 iters/s

running (1m20.8s), 001/251 VUs, 3446 complete and 0 interrupted iterations
a1     [  60% ] 001/251 VUs  1m12.0s/2m0s  50.00 iters/s

running (1m21.8s), 001/251 VUs, 3496 complete and 0 interrupted iterations
a1     [  61% ] 001/251 VUs  1m13.0s/2m0s  50.00 iters/s

running (1m22.8s), 001/251 VUs, 3546 complete and 0 interrupted iterations
a1     [  62% ] 001/251 VUs  1m14.0s/2m0s  50.00 iters/s

running (1m23.8s), 001/251 VUs, 3596 complete and 0 interrupted iterations
a1     [  62% ] 001/251 VUs  1m15.0s/2m0s  50.00 iters/s

running (1m24.8s), 000/251 VUs, 3647 complete and 0 interrupted iterations
a1     [  63% ] 000/251 VUs  1m16.0s/2m0s  50.00 iters/s

running (1m25.8s), 000/251 VUs, 3697 complete and 0 interrupted iterations
a1     [  64% ] 000/251 VUs  1m17.0s/2m0s  50.00 iters/s

running (1m26.8s), 000/251 VUs, 3747 complete and 0 interrupted iterations
a1     [  65% ] 000/251 VUs  1m18.0s/2m0s  50.00 iters/s

running (1m27.8s), 001/251 VUs, 3796 complete and 0 interrupted iterations
a1     [  66% ] 001/251 VUs  1m19.0s/2m0s  50.00 iters/s

running (1m28.8s), 001/251 VUs, 3846 complete and 0 interrupted iterations
a1     [  67% ] 001/251 VUs  1m20.0s/2m0s  50.00 iters/s

running (1m29.8s), 001/251 VUs, 3896 complete and 0 interrupted iterations
a1     [  67% ] 001/251 VUs  1m21.0s/2m0s  50.00 iters/s

running (1m30.8s), 000/251 VUs, 3947 complete and 0 interrupted iterations
a1     [  68% ] 000/251 VUs  1m22.0s/2m0s  50.00 iters/s

running (1m31.8s), 000/251 VUs, 3997 complete and 0 interrupted iterations
a1     [  69% ] 000/251 VUs  1m23.0s/2m0s  50.00 iters/s

running (1m32.8s), 001/251 VUs, 4046 complete and 0 interrupted iterations
a1     [  70% ] 001/251 VUs  1m24.0s/2m0s  50.00 iters/s

running (1m33.8s), 000/251 VUs, 4097 complete and 0 interrupted iterations
a1     [  71% ] 000/251 VUs  1m25.0s/2m0s  50.00 iters/s

running (1m34.8s), 001/251 VUs, 4146 complete and 0 interrupted iterations
a1     [  72% ] 001/251 VUs  1m26.0s/2m0s  50.00 iters/s

running (1m35.8s), 000/251 VUs, 4197 complete and 0 interrupted iterations
a1     [  72% ] 000/251 VUs  1m27.0s/2m0s  50.00 iters/s

running (1m36.8s), 000/251 VUs, 4247 complete and 0 interrupted iterations
a1     [  73% ] 000/251 VUs  1m28.0s/2m0s  50.00 iters/s

running (1m37.8s), 001/251 VUs, 4296 complete and 0 interrupted iterations
a1     [  74% ] 001/251 VUs  1m29.0s/2m0s  50.00 iters/s

running (1m38.8s), 000/251 VUs, 4347 complete and 0 interrupted iterations
a1     [  75% ] 000/251 VUs  1m30.0s/2m0s  50.00 iters/s

running (1m39.8s), 001/251 VUs, 4396 complete and 0 interrupted iterations
a1     [  76% ] 001/251 VUs  1m31.0s/2m0s  50.00 iters/s

running (1m40.8s), 001/251 VUs, 4446 complete and 0 interrupted iterations
a1     [  77% ] 001/251 VUs  1m32.0s/2m0s  50.00 iters/s

running (1m41.8s), 000/251 VUs, 4497 complete and 0 interrupted iterations
a1     [  77% ] 000/251 VUs  1m33.0s/2m0s  50.00 iters/s

running (1m42.8s), 001/251 VUs, 4546 complete and 0 interrupted iterations
a1     [  78% ] 001/251 VUs  1m34.0s/2m0s  50.00 iters/s

running (1m43.8s), 001/251 VUs, 4596 complete and 0 interrupted iterations
a1     [  79% ] 001/251 VUs  1m35.0s/2m0s  50.00 iters/s

running (1m44.8s), 000/251 VUs, 4647 complete and 0 interrupted iterations
a1     [  80% ] 000/251 VUs  1m36.0s/2m0s  50.00 iters/s

running (1m45.8s), 000/251 VUs, 4697 complete and 0 interrupted iterations
a1     [  81% ] 000/251 VUs  1m37.0s/2m0s  50.00 iters/s

running (1m49.7s), 000/251 VUs, 4747 complete and 0 interrupted iterations
a1     [  82% ] 000/251 VUs  1m38.0s/2m0s  50.00 iters/s

running (1m50.7s), 000/251 VUs, 4797 complete and 0 interrupted iterations
a1     [  82% ] 000/251 VUs  1m39.0s/2m0s  50.00 iters/s

running (1m51.7s), 000/251 VUs, 4847 complete and 0 interrupted iterations
a1     [  83% ] 000/251 VUs  1m40.0s/2m0s  50.00 iters/s

running (1m52.7s), 000/251 VUs, 4897 complete and 0 interrupted iterations
a1     [  84% ] 000/251 VUs  1m41.0s/2m0s  50.00 iters/s

running (1m53.7s), 000/251 VUs, 4947 complete and 0 interrupted iterations
a1     [  85% ] 000/251 VUs  1m42.0s/2m0s  50.00 iters/s

running (1m54.7s), 000/251 VUs, 4997 complete and 0 interrupted iterations
a1     [  86% ] 000/251 VUs  1m43.0s/2m0s  50.00 iters/s

running (1m55.7s), 001/251 VUs, 5046 complete and 0 interrupted iterations
a1     [  87% ] 001/251 VUs  1m44.0s/2m0s  50.00 iters/s

running (1m56.7s), 001/251 VUs, 5096 complete and 0 interrupted iterations
a1     [  87% ] 001/251 VUs  1m45.0s/2m0s  50.00 iters/s

running (1m57.7s), 001/251 VUs, 5146 complete and 0 interrupted iterations
a1     [  88% ] 001/251 VUs  1m46.0s/2m0s  50.00 iters/s

running (1m58.7s), 000/251 VUs, 5197 complete and 0 interrupted iterations
a1     [  89% ] 000/251 VUs  1m47.0s/2m0s  50.00 iters/s

running (1m59.7s), 000/251 VUs, 5247 complete and 0 interrupted iterations
a1     [  90% ] 000/251 VUs  1m48.0s/2m0s  50.00 iters/s

running (2m00.7s), 001/251 VUs, 5296 complete and 0 interrupted iterations
a1     [  91% ] 001/251 VUs  1m49.0s/2m0s  50.00 iters/s

running (2m01.7s), 001/251 VUs, 5346 complete and 0 interrupted iterations
a1     [  92% ] 001/251 VUs  1m50.0s/2m0s  50.00 iters/s

running (2m02.7s), 001/251 VUs, 5396 complete and 0 interrupted iterations
a1     [  92% ] 001/251 VUs  1m51.0s/2m0s  50.00 iters/s

running (2m03.7s), 000/251 VUs, 5447 complete and 0 interrupted iterations
a1     [  93% ] 000/251 VUs  1m52.0s/2m0s  50.00 iters/s

running (2m04.7s), 000/251 VUs, 5497 complete and 0 interrupted iterations
a1     [  94% ] 000/251 VUs  1m53.0s/2m0s  50.00 iters/s

running (2m05.7s), 000/251 VUs, 5547 complete and 0 interrupted iterations
a1     [  95% ] 000/251 VUs  1m54.0s/2m0s  50.00 iters/s
time="2026-09-04T13:01:53+05:00" level=warning msg="The test has generated metrics with 100048 unique time series, which is higher than the suggested limit of 100000 and could cause high memory usage. Consider not using high-cardinality values like unique IDs as metric tags or, if you need them in the URL, use the name metric tag or URL grouping. See https://grafana.com/docs/k6/latest/using-k6/tags-and-groups/ for details." component=metrics-engine-ingester

running (2m06.7s), 001/251 VUs, 5596 complete and 0 interrupted iterations
a1     [  96% ] 001/251 VUs  1m55.0s/2m0s  50.00 iters/s

running (2m07.7s), 000/251 VUs, 5647 complete and 0 interrupted iterations
a1     [  97% ] 000/251 VUs  1m56.0s/2m0s  50.00 iters/s

running (2m08.7s), 000/251 VUs, 5697 complete and 0 interrupted iterations
a1     [  97% ] 000/251 VUs  1m57.0s/2m0s  50.00 iters/s

running (2m09.7s), 000/251 VUs, 5747 complete and 0 interrupted iterations
a1     [  98% ] 000/251 VUs  1m58.0s/2m0s  50.00 iters/s

running (2m10.7s), 000/251 VUs, 5797 complete and 0 interrupted iterations
a1     [  99% ] 000/251 VUs  1m59.0s/2m0s  50.00 iters/s

running (2m11.7s), 001/251 VUs, 5846 complete and 0 interrupted iterations
a1     [ 100% ] 001/251 VUs  2m00.0s/2m0s  50.00 iters/s


  █ THRESHOLDS 

    http_req_failed
    ✓ 'rate<0.05' rate=0.00%


  █ TOTAL RESULTS 

    checks_total.......: 17544   133.169252/s
    checks_succeeded...: 100.00% 17544 out of 17544
    checks_failed......: 0.00%   0 out of 17544

    ✓ initiated
    ✓ validated
    ✓ terminal

    CUSTOM
    a1_lifecycle_duration..........: avg=352.11ms min=5ms    med=11ms    p(95)=1.64s   p(99)=8.3s  max=10.89s
    a1_lifecycles_completed........: 5848   44.389751/s
    a1_transitions_committed.......: 17544  133.169252/s

    HTTP
    http_req_duration..............: avg=117.22ms min=1.34ms med=3.44ms  p(95)=97.98ms p(99)=4.14s max=7.24s 
      { expected_response:true }...: avg=117.22ms min=1.34ms med=3.44ms  p(95)=97.98ms p(99)=4.14s max=7.24s 
    http_req_failed................: 0.00%  0 out of 17544
    http_reqs......................: 17544  133.169252/s

    EXECUTION
    dropped_iterations.............: 153    1.16136/s
    iteration_duration.............: avg=248.89ms min=5.85ms med=10.64ms p(95)=1.12s   p(99)=6.99s max=8.63s 
    iterations.....................: 5848   44.389751/s
    vus............................: 1      min=0          max=240
    vus_max........................: 251    min=100        max=251

    NETWORK
    data_received..................: 6.7 MB 51 kB/s
    data_sent......................: 3.8 MB 29 kB/s




running (2m11.7s), 000/251 VUs, 5848 complete and 0 interrupted iterations
a1   ✓ [ 100% ] 000/251 VUs  2m0s  50.00 iters/s
