[12:59:21] === RUN WRAPPER_B2-P1-r5-20260904125921 ===
[12:59:21] mode=WRAPPER_B2 profile=P1 rep=5 tps=50 duration=120s fault=none
[12:59:21] jar: target/master-thesis-observability-0.0.1-SNAPSHOT.jar
[12:59:21] workload tozalanmoqda (reference saqlanadi)
workload reset; reference data preserved
AQ backlog purged: 0 -> 0
[12:59:22] Kafka topigi qayta yaratilmoqda
[12:59:31] ilova ishga tushirilmoqda (mode=WRAPPER_B2)
[12:59:43] ilova tayyor (pid 741245)
[12:59:46] k6 yuklamasi boshlandi
[13:01:59] pipeline bo'shashi kutilmoqda (maks 120s)
[13:02:12] pipeline bo'sh (4s, sink=17544 xabar)
[13:02:22] ground truth eksport qilinmoqda
[13:02:23] Kafka topigi eksport qilinmoqda
[13:02:50] tahlil
{
  "mode": "WRAPPER_B2",
  "profile": "P1",
  "rep": "5",
  "fault": "none",
  "ground_truth_transitions": 17544,
  "delivered_distinct": 17544,
  "delivered_total": 17544,
  "matched": 17544,
  "missing": 0,
  "phantom": 0,
  "malformed": 0,
  "loss_rate": 0.0,
  "loss_rate_ppm": 0.0,
  "duplicate_rate": 0.0,
  "ordering_violation_rate": 0.0,
  "txns_split_across_partitions": 0,
  "latency_ms_p50": 1,
  "latency_ms_p95": 4,
  "latency_ms_p99": 32,
  "latency_ms_max": 4654,
  "latency_ms_mean": 20.9,
  "latency_samples": 17544,
  "latency_negative_samples": 0,
  "loss_rate_upper_bound_95_ppm": 171.0
}
[13:02:51] ilova va konnektor to'xtatilmoqda
[13:02:55] === TUGADI: results/WRAPPER_B2-P1-r5-20260904125921 ===
