[10:32:35] === RUN CDC-C2N1ON-r3-20260909103235 ===
[10:32:35] mode=CDC profile=C2N1ON rep=3 tps=50 duration=180s fault=none
[10:32:35] jar: target/master-thesis-observability-0.0.1-SNAPSHOT.jar
[10:32:35] workload tozalanmoqda (reference saqlanadi)
workload reset; reference data preserved
AQ backlog purged: 0 -> 0
[10:32:36] Kafka topigi qayta yaratilmoqda
[10:32:45] ilova ishga tushirilmoqda (mode=CDC)
[10:32:59] ilova tayyor (pid 2128081)
[10:32:59] Debezium konnektori ro'yxatdan o'tkazilmoqda (CDC, prefix=obsv_cdc_c2n1on_r3_20260909103235)
konnektor ro'yxatdan o'tkazilmoqda: a1-cdc-obsv_cdc_c2n1on_r3_20260909103235 (prefix=obsv_cdc_c2n1on_r3_20260909103235)
konnektor RUNNING (2s)
streaming tasdiqlanmoqda (heartbeat topigi: __debezium-heartbeat.obsv_cdc_c2n1on_r3_20260909103235)
streaming tasdiqlandi (7 urinish)
[10:33:29] k6 yuklamasi boshlandi
[10:33:29] k6 nolga teng bo'lmagan kod bilan tugadi (natija baribir tahlil qilinadi)
[10:33:29] pipeline bo'shashi kutilmoqda (maks 120s)
[10:33:40] pipeline bo'sh (4s, sink=0 xabar)
[10:33:50] ground truth eksport qilinmoqda
[10:33:50] Kafka topigi eksport qilinmoqda
[10:34:17] tahlil
{
  "mode": "CDC",
  "profile": "C2N1ON",
  "rep": "3",
  "fault": "none",
  "ground_truth_transitions": 0,
  "delivered_distinct": 0,
  "delivered_total": 0,
  "matched": 0,
  "missing": 0,
  "phantom": 0,
  "malformed": 0,
  "loss_rate": 0.0,
  "loss_rate_ppm": 0.0,
  "duplicate_rate": 0.0,
  "ordering_violation_rate": 0.0,
  "txns_split_across_partitions": 0,
  "latency_ms_p50": null,
  "latency_ms_p95": null,
  "latency_ms_p99": null,
  "latency_ms_max": null,
  "latency_ms_mean": null,
  "latency_samples": 0,
  "latency_negative_samples": 0
}
[10:34:17] ilova va konnektor to'xtatilmoqda
connector o'chirilmoqda: a1-cdc-obsv_cdc_c2n1on_r3_20260909103235
[10:34:21] === TUGADI: results/CDC-C2N1ON-r3-20260909103235 ===
