
  .   ____          _            __ _ _
 /\\ / ___'_ __ _ _(_)_ __  __ _ \ \ \ \
( ( )\___ | '_ | '_| | '_ \/ _` | \ \ \ \
 \\/  ___)| |_)| | | | | || (_| |  ) ) ) )
  '  |____| .__|_| |_|_| |_\__, | / / / /
 =========|_|==============|___/=/_/_/_/

 :: Spring Boot ::                (v4.1.1)

2026-09-09T18:46:56.803+05:00  INFO 1181927 --- [a1-observability] [           main] u.m.MasterThesisObservabilityApplication : Starting MasterThesisObservabilityApplication v0.0.1-SNAPSHOT using Java 21.0.12 with PID 1181927 (/mnt/c/Users/O.Ustemirov/IdeaProjects/master-thesis-observability/target/master-thesis-observability-0.0.1-SNAPSHOT.jar started by stemirovustemirov in /mnt/c/Users/O.Ustemirov/IdeaProjects/master-thesis-observability)
2026-09-09T18:46:56.814+05:00  INFO 1181927 --- [a1-observability] [           main] u.m.MasterThesisObservabilityApplication : No active profile set, falling back to 1 default profile: "default"
2026-09-09T18:46:58.924+05:00  INFO 1181927 --- [a1-observability] [           main] .s.d.r.c.RepositoryConfigurationDelegate : Bootstrapping Spring Data JPA repositories in DEFAULT mode.
2026-09-09T18:46:59.031+05:00  INFO 1181927 --- [a1-observability] [           main] .s.d.r.c.RepositoryConfigurationDelegate : Finished Spring Data repository scanning in 79 ms. Found 2 JPA repository interfaces.
2026-09-09T18:47:00.685+05:00  INFO 1181927 --- [a1-observability] [           main] o.s.boot.tomcat.TomcatWebServer          : Tomcat initialized with port 8095 (http)
2026-09-09T18:47:00.710+05:00  INFO 1181927 --- [a1-observability] [           main] o.apache.catalina.core.StandardService   : Starting service [Tomcat]
2026-09-09T18:47:00.711+05:00  INFO 1181927 --- [a1-observability] [           main] o.apache.catalina.core.StandardEngine    : Starting Servlet engine: [Apache Tomcat/11.0.24]
2026-09-09T18:47:00.758+05:00  INFO 1181927 --- [a1-observability] [           main] b.w.c.s.WebApplicationContextInitializer : Root WebApplicationContext: initialization completed in 3802 ms
2026-09-09T18:47:01.660+05:00  INFO 1181927 --- [a1-observability] [           main] org.hibernate.orm.jpa                    : HHH008540: Processing PersistenceUnitInfo [name: default]
2026-09-09T18:47:01.842+05:00  INFO 1181927 --- [a1-observability] [           main] org.hibernate.orm.core                   : HHH000001: Hibernate ORM core version 7.4.5.Final
2026-09-09T18:47:03.110+05:00  INFO 1181927 --- [a1-observability] [           main] com.zaxxer.hikari.HikariDataSource       : a1-oltp - Starting...
2026-09-09T18:47:03.675+05:00  INFO 1181927 --- [a1-observability] [           main] com.zaxxer.hikari.pool.HikariPool        : a1-oltp - Added connection oracle.jdbc.driver.T4CConnection@7ce4498f
2026-09-09T18:47:03.680+05:00  INFO 1181927 --- [a1-observability] [           main] com.zaxxer.hikari.HikariDataSource       : a1-oltp - Start completed.
2026-09-09T18:47:04.359+05:00  WARN 1181927 --- [a1-observability] [           main] org.hibernate.orm.jdbc                   : HHH100123: Low default JDBC fetch size: 10 (consider setting 'hibernate.jdbc.fetch_size')
2026-09-09T18:47:04.368+05:00  INFO 1181927 --- [a1-observability] [           main] org.hibernate.orm.connections.pooling    : HHH10001005: Database info:
	Database JDBC URL [jdbc:oracle:thin:@//localhost:1521/OBSVPDB]
	Database driver: Oracle JDBC driver
	Database dialect: OracleDialect
	Database version: 23.26.3
	Default catalog/schema: undefined/OBSV
	Autocommit mode: undefined/unknown
	Isolation level: READ_COMMITTED [default READ_COMMITTED]
	JDBC fetch size: 10
	Pool: DataSourceConnectionProvider
	Minimum pool size: undefined/unknown
	Maximum pool size: undefined/unknown
2026-09-09T18:47:06.420+05:00  INFO 1181927 --- [a1-observability] [           main] org.hibernate.orm.core                   : HHH000489: No JTA platform available (set 'hibernate.transaction.jta.platform' to enable JTA platform integration)
2026-09-09T18:47:06.433+05:00  INFO 1181927 --- [a1-observability] [           main] org.hibernate.orm.jdbc.batch             : HHH100501: Automatic JDBC statement batching enabled (maximum batch size 50)
2026-09-09T18:47:07.044+05:00  INFO 1181927 --- [a1-observability] [           main] o.s.d.j.r.query.QueryEnhancerFactories   : Hibernate is in classpath; If applicable, HQL parser will be used.
2026-09-09T18:47:08.553+05:00  INFO 1181927 --- [a1-observability] [           main] i.u.m.config.EventEmitterConfiguration   : observability.mode=HYBRID -> emitter=OutboxEventEmitter
2026-09-09T18:47:09.382+05:00  INFO 1181927 --- [a1-observability] [           main] o.s.b.a.e.web.EndpointLinksResolver      : Exposing 4 endpoints beneath base path '/actuator'
2026-09-09T18:47:09.490+05:00  INFO 1181927 --- [a1-observability] [           main] o.s.boot.tomcat.TomcatWebServer          : Tomcat started on port 8095 (http) with context path '/'
2026-09-09T18:47:09.505+05:00  INFO 1181927 --- [a1-observability] [           main] u.m.MasterThesisObservabilityApplication : Started MasterThesisObservabilityApplication in 13.75 seconds (process running for 15.091)
2026-09-09T18:47:09.518+05:00  INFO 1181927 --- [a1-observability] [           main] i.u.m.harness.EnvironmentAssertions      : environment ok: mode=HYBRID oltpPool=a1-oltp maxSize=32
2026-09-09T18:47:09.562+05:00  INFO 1181927 --- [a1-observability] [           main] i.u.m.harness.ModeActivator              : supplemental logging on TXN_A1 -> off
2026-09-09T18:47:09.570+05:00  INFO 1181927 --- [a1-observability] [           main] i.u.m.harness.ModeActivator              : supplemental logging on A1_EVENT_OUTBOX -> ALL COLUMNS
2026-09-09T18:47:09.571+05:00  INFO 1181927 --- [a1-observability] [           main] i.u.m.harness.ModeActivator              : mode=HYBRID activated: groundTruth=true aqCapture=false supplementalLogging=A1_EVENT_OUTBOX
2026-09-09T18:47:10.568+05:00  INFO 1181927 --- [a1-observability] [nio-8095-exec-1] o.a.c.c.C.[Tomcat].[localhost].[/]       : Initializing Spring DispatcherServlet 'dispatcherServlet'
2026-09-09T18:47:10.569+05:00  INFO 1181927 --- [a1-observability] [nio-8095-exec-1] o.s.web.servlet.DispatcherServlet        : Initializing Servlet 'dispatcherServlet'
2026-09-09T18:47:10.571+05:00  INFO 1181927 --- [a1-observability] [nio-8095-exec-1] o.s.web.servlet.DispatcherServlet        : Completed initialization in 1 ms
2026-09-09T18:53:22.295+05:00  INFO 1181927 --- [a1-observability] [ionShutdownHook] o.s.boot.tomcat.GracefulShutdown         : Commencing graceful shutdown. Waiting for active requests to complete
2026-09-09T18:53:22.300+05:00  INFO 1181927 --- [a1-observability] [tomcat-shutdown] o.s.boot.tomcat.GracefulShutdown         : Graceful shutdown complete
2026-09-09T18:53:22.312+05:00  INFO 1181927 --- [a1-observability] [ionShutdownHook] com.zaxxer.hikari.HikariDataSource       : a1-oltp - Shutdown initiated...
2026-09-09T18:53:22.345+05:00  INFO 1181927 --- [a1-observability] [ionShutdownHook] com.zaxxer.hikari.HikariDataSource       : a1-oltp - Shutdown completed.
