
         /\      Grafana   /‾‾/  
    /\  /  \     |\  __   /  /   
   /  \/    \    | |/ /  /   ‾‾\ 
  /          \   |   (  |  (‾)  |
 / __________ \  |_|\_\  \_____/ 


     execution: local
        script: harness/k6/a1-workload.js
        output: -

     scenarios: (100.00%) 1 scenario, 600 max VUs, 5m30s max duration (incl. graceful stop):
              * a1: 50.00 iterations/s for 5m0s (maxVUs: 100-600, gracefulStop: 30s)


running (0m01.0s), 050/100 VUs, 0 complete and 0 interrupted iterations
a1     [   0% ] 050/100 VUs  0m01.0s/5m0s  50.00 iters/s

running (0m02.0s), 003/100 VUs, 97 complete and 0 interrupted iterations
a1     [   1% ] 003/100 VUs  0m02.0s/5m0s  50.00 iters/s

running (0m03.0s), 002/100 VUs, 148 complete and 0 interrupted iterations
a1     [   1% ] 002/100 VUs  0m03.0s/5m0s  50.00 iters/s

running (0m04.0s), 002/100 VUs, 198 complete and 0 interrupted iterations
a1     [   1% ] 002/100 VUs  0m04.0s/5m0s  50.00 iters/s

running (0m05.0s), 002/100 VUs, 248 complete and 0 interrupted iterations
a1     [   2% ] 002/100 VUs  0m05.0s/5m0s  50.00 iters/s

running (0m06.0s), 001/100 VUs, 299 complete and 0 interrupted iterations
a1     [   2% ] 001/100 VUs  0m06.0s/5m0s  50.00 iters/s

running (0m07.0s), 001/100 VUs, 349 complete and 0 interrupted iterations
a1     [   2% ] 001/100 VUs  0m07.0s/5m0s  50.00 iters/s

running (0m08.0s), 001/100 VUs, 399 complete and 0 interrupted iterations
a1     [   3% ] 001/100 VUs  0m08.0s/5m0s  50.00 iters/s

running (0m09.0s), 001/100 VUs, 449 complete and 0 interrupted iterations
a1     [   3% ] 001/100 VUs  0m09.0s/5m0s  50.00 iters/s

running (0m10.0s), 001/100 VUs, 499 complete and 0 interrupted iterations
a1     [   3% ] 001/100 VUs  0m10.0s/5m0s  50.00 iters/s

running (0m11.0s), 001/100 VUs, 549 complete and 0 interrupted iterations
a1     [   4% ] 001/100 VUs  0m11.0s/5m0s  50.00 iters/s

running (0m12.0s), 001/100 VUs, 599 complete and 0 interrupted iterations
a1     [   4% ] 001/100 VUs  0m12.0s/5m0s  50.00 iters/s

running (0m13.0s), 001/100 VUs, 649 complete and 0 interrupted iterations
a1     [   4% ] 001/100 VUs  0m13.0s/5m0s  50.00 iters/s

running (0m14.0s), 001/100 VUs, 699 complete and 0 interrupted iterations
a1     [   5% ] 001/100 VUs  0m14.0s/5m0s  50.00 iters/s

running (0m15.0s), 001/100 VUs, 749 complete and 0 interrupted iterations
a1     [   5% ] 001/100 VUs  0m15.0s/5m0s  50.00 iters/s

running (0m16.0s), 001/100 VUs, 799 complete and 0 interrupted iterations
a1     [   5% ] 001/100 VUs  0m16.0s/5m0s  50.00 iters/s

running (0m17.0s), 001/100 VUs, 849 complete and 0 interrupted iterations
a1     [   6% ] 001/100 VUs  0m17.0s/5m0s  50.00 iters/s

running (0m18.0s), 001/100 VUs, 899 complete and 0 interrupted iterations
a1     [   6% ] 001/100 VUs  0m18.0s/5m0s  50.00 iters/s

running (0m19.0s), 001/100 VUs, 949 complete and 0 interrupted iterations
a1     [   6% ] 001/100 VUs  0m19.0s/5m0s  50.00 iters/s

running (0m20.0s), 001/100 VUs, 999 complete and 0 interrupted iterations
a1     [   7% ] 001/100 VUs  0m20.0s/5m0s  50.00 iters/s

running (0m21.0s), 001/100 VUs, 1049 complete and 0 interrupted iterations
a1     [   7% ] 001/100 VUs  0m21.0s/5m0s  50.00 iters/s

running (0m22.0s), 001/100 VUs, 1099 complete and 0 interrupted iterations
a1     [   7% ] 001/100 VUs  0m22.0s/5m0s  50.00 iters/s

running (0m23.0s), 001/100 VUs, 1149 complete and 0 interrupted iterations
a1     [   8% ] 001/100 VUs  0m23.0s/5m0s  50.00 iters/s

running (0m24.0s), 001/100 VUs, 1199 complete and 0 interrupted iterations
a1     [   8% ] 001/100 VUs  0m24.0s/5m0s  50.00 iters/s

running (0m25.0s), 001/100 VUs, 1249 complete and 0 interrupted iterations
a1     [   8% ] 001/100 VUs  0m25.0s/5m0s  50.00 iters/s

running (0m26.0s), 001/100 VUs, 1299 complete and 0 interrupted iterations
a1     [   9% ] 001/100 VUs  0m26.0s/5m0s  50.00 iters/s

running (0m27.0s), 001/100 VUs, 1349 complete and 0 interrupted iterations
a1     [   9% ] 001/100 VUs  0m27.0s/5m0s  50.00 iters/s

running (0m28.0s), 002/100 VUs, 1398 complete and 0 interrupted iterations
a1     [   9% ] 002/100 VUs  0m28.0s/5m0s  50.00 iters/s

running (0m29.0s), 002/100 VUs, 1448 complete and 0 interrupted iterations
a1     [  10% ] 002/100 VUs  0m29.0s/5m0s  50.00 iters/s

running (0m30.0s), 002/100 VUs, 1498 complete and 0 interrupted iterations
a1     [  10% ] 002/100 VUs  0m30.0s/5m0s  50.00 iters/s

running (0m31.0s), 001/100 VUs, 1549 complete and 0 interrupted iterations
a1     [  10% ] 001/100 VUs  0m31.0s/5m0s  50.00 iters/s

running (0m32.0s), 001/100 VUs, 1599 complete and 0 interrupted iterations
a1     [  11% ] 001/100 VUs  0m32.0s/5m0s  50.00 iters/s

running (0m33.0s), 001/100 VUs, 1649 complete and 0 interrupted iterations
a1     [  11% ] 001/100 VUs  0m33.0s/5m0s  50.00 iters/s

running (0m34.0s), 001/100 VUs, 1699 complete and 0 interrupted iterations
a1     [  11% ] 001/100 VUs  0m34.0s/5m0s  50.00 iters/s

running (0m35.0s), 001/100 VUs, 1749 complete and 0 interrupted iterations
a1     [  12% ] 001/100 VUs  0m35.0s/5m0s  50.00 iters/s

running (0m36.0s), 001/100 VUs, 1799 complete and 0 interrupted iterations
a1     [  12% ] 001/100 VUs  0m36.0s/5m0s  50.00 iters/s

running (0m37.0s), 001/100 VUs, 1849 complete and 0 interrupted iterations
a1     [  12% ] 001/100 VUs  0m37.0s/5m0s  50.00 iters/s

running (0m38.0s), 011/100 VUs, 1889 complete and 0 interrupted iterations
a1     [  13% ] 011/100 VUs  0m38.0s/5m0s  50.00 iters/s

running (0m39.0s), 002/100 VUs, 1948 complete and 0 interrupted iterations
a1     [  13% ] 002/100 VUs  0m39.0s/5m0s  50.00 iters/s

running (0m40.0s), 003/100 VUs, 1997 complete and 0 interrupted iterations
a1     [  13% ] 003/100 VUs  0m40.0s/5m0s  50.00 iters/s

running (0m41.0s), 002/100 VUs, 2048 complete and 0 interrupted iterations
a1     [  14% ] 002/100 VUs  0m41.0s/5m0s  50.00 iters/s

running (0m42.0s), 002/100 VUs, 2098 complete and 0 interrupted iterations
a1     [  14% ] 002/100 VUs  0m42.0s/5m0s  50.00 iters/s

running (0m43.0s), 002/100 VUs, 2148 complete and 0 interrupted iterations
a1     [  14% ] 002/100 VUs  0m43.0s/5m0s  50.00 iters/s

running (0m44.0s), 001/100 VUs, 2199 complete and 0 interrupted iterations
a1     [  15% ] 001/100 VUs  0m44.0s/5m0s  50.00 iters/s

running (0m45.0s), 002/100 VUs, 2248 complete and 0 interrupted iterations
a1     [  15% ] 002/100 VUs  0m45.0s/5m0s  50.00 iters/s

running (0m46.0s), 001/100 VUs, 2299 complete and 0 interrupted iterations
a1     [  15% ] 001/100 VUs  0m46.0s/5m0s  50.00 iters/s

running (0m47.0s), 001/100 VUs, 2349 complete and 0 interrupted iterations
a1     [  16% ] 001/100 VUs  0m47.0s/5m0s  50.00 iters/s

running (0m48.0s), 001/100 VUs, 2399 complete and 0 interrupted iterations
a1     [  16% ] 001/100 VUs  0m48.0s/5m0s  50.00 iters/s

running (0m49.0s), 001/100 VUs, 2449 complete and 0 interrupted iterations
a1     [  16% ] 001/100 VUs  0m49.0s/5m0s  50.00 iters/s

running (0m50.0s), 001/100 VUs, 2499 complete and 0 interrupted iterations
a1     [  17% ] 001/100 VUs  0m50.0s/5m0s  50.00 iters/s

running (0m51.0s), 002/100 VUs, 2548 complete and 0 interrupted iterations
a1     [  17% ] 002/100 VUs  0m51.0s/5m0s  50.00 iters/s

running (0m52.0s), 001/100 VUs, 2599 complete and 0 interrupted iterations
a1     [  17% ] 001/100 VUs  0m52.0s/5m0s  50.00 iters/s

running (0m53.0s), 001/100 VUs, 2649 complete and 0 interrupted iterations
a1     [  18% ] 001/100 VUs  0m53.0s/5m0s  50.00 iters/s

running (0m54.0s), 001/100 VUs, 2699 complete and 0 interrupted iterations
a1     [  18% ] 001/100 VUs  0m54.0s/5m0s  50.00 iters/s

running (0m55.0s), 001/100 VUs, 2749 complete and 0 interrupted iterations
a1     [  18% ] 001/100 VUs  0m55.0s/5m0s  50.00 iters/s

running (0m56.0s), 001/100 VUs, 2799 complete and 0 interrupted iterations
a1     [  19% ] 001/100 VUs  0m56.0s/5m0s  50.00 iters/s

running (0m57.0s), 001/100 VUs, 2849 complete and 0 interrupted iterations
a1     [  19% ] 001/100 VUs  0m57.0s/5m0s  50.00 iters/s

running (0m58.0s), 001/100 VUs, 2899 complete and 0 interrupted iterations
a1     [  19% ] 001/100 VUs  0m58.0s/5m0s  50.00 iters/s

running (0m59.0s), 001/100 VUs, 2949 complete and 0 interrupted iterations
a1     [  20% ] 001/100 VUs  0m59.0s/5m0s  50.00 iters/s

running (1m00.0s), 001/100 VUs, 2999 complete and 0 interrupted iterations
a1     [  20% ] 001/100 VUs  1m00.0s/5m0s  50.00 iters/s

running (1m01.0s), 001/100 VUs, 3049 complete and 0 interrupted iterations
a1     [  20% ] 001/100 VUs  1m01.0s/5m0s  50.00 iters/s

running (1m02.0s), 001/100 VUs, 3099 complete and 0 interrupted iterations
a1     [  21% ] 001/100 VUs  1m02.0s/5m0s  50.00 iters/s

running (1m03.0s), 001/100 VUs, 3149 complete and 0 interrupted iterations
a1     [  21% ] 001/100 VUs  1m03.0s/5m0s  50.00 iters/s

running (1m04.0s), 001/100 VUs, 3199 complete and 0 interrupted iterations
a1     [  21% ] 001/100 VUs  1m04.0s/5m0s  50.00 iters/s

running (1m05.0s), 001/100 VUs, 3249 complete and 0 interrupted iterations
a1     [  22% ] 001/100 VUs  1m05.0s/5m0s  50.00 iters/s

running (1m06.0s), 001/100 VUs, 3299 complete and 0 interrupted iterations
a1     [  22% ] 001/100 VUs  1m06.0s/5m0s  50.00 iters/s

running (1m07.0s), 001/100 VUs, 3349 complete and 0 interrupted iterations
a1     [  22% ] 001/100 VUs  1m07.0s/5m0s  50.00 iters/s

running (1m08.0s), 001/100 VUs, 3399 complete and 0 interrupted iterations
a1     [  23% ] 001/100 VUs  1m08.0s/5m0s  50.00 iters/s

running (1m09.0s), 001/100 VUs, 3449 complete and 0 interrupted iterations
a1     [  23% ] 001/100 VUs  1m09.0s/5m0s  50.00 iters/s

running (1m10.0s), 001/100 VUs, 3499 complete and 0 interrupted iterations
a1     [  23% ] 001/100 VUs  1m10.0s/5m0s  50.00 iters/s

running (1m11.0s), 001/100 VUs, 3549 complete and 0 interrupted iterations
a1     [  24% ] 001/100 VUs  1m11.0s/5m0s  50.00 iters/s

running (1m12.0s), 001/100 VUs, 3599 complete and 0 interrupted iterations
a1     [  24% ] 001/100 VUs  1m12.0s/5m0s  50.00 iters/s

running (1m13.0s), 001/100 VUs, 3649 complete and 0 interrupted iterations
a1     [  24% ] 001/100 VUs  1m13.0s/5m0s  50.00 iters/s

running (1m14.0s), 001/100 VUs, 3699 complete and 0 interrupted iterations
a1     [  25% ] 001/100 VUs  1m14.0s/5m0s  50.00 iters/s

running (1m15.0s), 001/100 VUs, 3749 complete and 0 interrupted iterations
a1     [  25% ] 001/100 VUs  1m15.0s/5m0s  50.00 iters/s

running (1m16.0s), 001/100 VUs, 3799 complete and 0 interrupted iterations
a1     [  25% ] 001/100 VUs  1m16.0s/5m0s  50.00 iters/s

running (1m17.0s), 001/100 VUs, 3849 complete and 0 interrupted iterations
a1     [  26% ] 001/100 VUs  1m17.0s/5m0s  50.00 iters/s

running (1m18.0s), 001/100 VUs, 3899 complete and 0 interrupted iterations
a1     [  26% ] 001/100 VUs  1m18.0s/5m0s  50.00 iters/s

running (1m19.0s), 001/100 VUs, 3949 complete and 0 interrupted iterations
a1     [  26% ] 001/100 VUs  1m19.0s/5m0s  50.00 iters/s

running (1m20.0s), 005/100 VUs, 3995 complete and 0 interrupted iterations
a1     [  27% ] 005/100 VUs  1m20.0s/5m0s  50.00 iters/s

running (1m21.0s), 003/100 VUs, 4047 complete and 0 interrupted iterations
a1     [  27% ] 003/100 VUs  1m21.0s/5m0s  50.00 iters/s

running (1m22.0s), 001/100 VUs, 4099 complete and 0 interrupted iterations
a1     [  27% ] 001/100 VUs  1m22.0s/5m0s  50.00 iters/s

running (1m23.0s), 001/100 VUs, 4149 complete and 0 interrupted iterations
a1     [  28% ] 001/100 VUs  1m23.0s/5m0s  50.00 iters/s

running (1m24.0s), 001/100 VUs, 4199 complete and 0 interrupted iterations
a1     [  28% ] 001/100 VUs  1m24.0s/5m0s  50.00 iters/s

running (1m25.0s), 001/100 VUs, 4249 complete and 0 interrupted iterations
a1     [  28% ] 001/100 VUs  1m25.0s/5m0s  50.00 iters/s

running (1m26.0s), 001/100 VUs, 4299 complete and 0 interrupted iterations
a1     [  29% ] 001/100 VUs  1m26.0s/5m0s  50.00 iters/s

running (1m27.0s), 001/100 VUs, 4349 complete and 0 interrupted iterations
a1     [  29% ] 001/100 VUs  1m27.0s/5m0s  50.00 iters/s

running (1m28.0s), 001/100 VUs, 4399 complete and 0 interrupted iterations
a1     [  29% ] 001/100 VUs  1m28.0s/5m0s  50.00 iters/s

running (1m29.0s), 001/100 VUs, 4449 complete and 0 interrupted iterations
a1     [  30% ] 001/100 VUs  1m29.0s/5m0s  50.00 iters/s

running (1m30.0s), 001/100 VUs, 4499 complete and 0 interrupted iterations
a1     [  30% ] 001/100 VUs  1m30.0s/5m0s  50.00 iters/s

running (1m31.0s), 001/100 VUs, 4549 complete and 0 interrupted iterations
a1     [  30% ] 001/100 VUs  1m31.0s/5m0s  50.00 iters/s

running (1m32.0s), 001/100 VUs, 4599 complete and 0 interrupted iterations
a1     [  31% ] 001/100 VUs  1m32.0s/5m0s  50.00 iters/s

running (1m33.0s), 001/100 VUs, 4649 complete and 0 interrupted iterations
a1     [  31% ] 001/100 VUs  1m33.0s/5m0s  50.00 iters/s

running (1m34.0s), 001/100 VUs, 4699 complete and 0 interrupted iterations
a1     [  31% ] 001/100 VUs  1m34.0s/5m0s  50.00 iters/s

running (1m35.0s), 001/100 VUs, 4749 complete and 0 interrupted iterations
a1     [  32% ] 001/100 VUs  1m35.0s/5m0s  50.00 iters/s

running (1m36.0s), 001/100 VUs, 4799 complete and 0 interrupted iterations
a1     [  32% ] 001/100 VUs  1m36.0s/5m0s  50.00 iters/s

running (1m37.0s), 001/100 VUs, 4849 complete and 0 interrupted iterations
a1     [  32% ] 001/100 VUs  1m37.0s/5m0s  50.00 iters/s

running (1m38.0s), 001/100 VUs, 4899 complete and 0 interrupted iterations
a1     [  33% ] 001/100 VUs  1m38.0s/5m0s  50.00 iters/s

running (1m39.0s), 001/100 VUs, 4949 complete and 0 interrupted iterations
a1     [  33% ] 001/100 VUs  1m39.0s/5m0s  50.00 iters/s

running (1m40.0s), 001/100 VUs, 4999 complete and 0 interrupted iterations
a1     [  33% ] 001/100 VUs  1m40.0s/5m0s  50.00 iters/s

running (1m41.0s), 001/100 VUs, 5049 complete and 0 interrupted iterations
a1     [  34% ] 001/100 VUs  1m41.0s/5m0s  50.00 iters/s

running (1m42.0s), 001/100 VUs, 5099 complete and 0 interrupted iterations
a1     [  34% ] 001/100 VUs  1m42.0s/5m0s  50.00 iters/s

running (1m43.0s), 001/100 VUs, 5149 complete and 0 interrupted iterations
a1     [  34% ] 001/100 VUs  1m43.0s/5m0s  50.00 iters/s

running (1m44.0s), 001/100 VUs, 5199 complete and 0 interrupted iterations
a1     [  35% ] 001/100 VUs  1m44.0s/5m0s  50.00 iters/s

running (1m45.0s), 001/100 VUs, 5249 complete and 0 interrupted iterations
a1     [  35% ] 001/100 VUs  1m45.0s/5m0s  50.00 iters/s

running (1m46.0s), 001/100 VUs, 5299 complete and 0 interrupted iterations
a1     [  35% ] 001/100 VUs  1m46.0s/5m0s  50.00 iters/s

running (1m47.0s), 001/100 VUs, 5349 complete and 0 interrupted iterations
a1     [  36% ] 001/100 VUs  1m47.0s/5m0s  50.00 iters/s

running (1m48.0s), 001/100 VUs, 5399 complete and 0 interrupted iterations
a1     [  36% ] 001/100 VUs  1m48.0s/5m0s  50.00 iters/s

running (1m49.0s), 001/100 VUs, 5449 complete and 0 interrupted iterations
a1     [  36% ] 001/100 VUs  1m49.0s/5m0s  50.00 iters/s

running (1m50.0s), 001/100 VUs, 5499 complete and 0 interrupted iterations
a1     [  37% ] 001/100 VUs  1m50.0s/5m0s  50.00 iters/s

running (1m51.0s), 001/100 VUs, 5549 complete and 0 interrupted iterations
a1     [  37% ] 001/100 VUs  1m51.0s/5m0s  50.00 iters/s
time="2026-09-09T18:49:09+05:00" level=warning msg="The test has generated metrics with 100083 unique time series, which is higher than the suggested limit of 100000 and could cause high memory usage. Consider not using high-cardinality values like unique IDs as metric tags or, if you need them in the URL, use the name metric tag or URL grouping. See https://grafana.com/docs/k6/latest/using-k6/tags-and-groups/ for details." component=metrics-engine-ingester

running (1m52.0s), 001/100 VUs, 5599 complete and 0 interrupted iterations
a1     [  37% ] 001/100 VUs  1m52.0s/5m0s  50.00 iters/s

running (1m53.0s), 001/100 VUs, 5649 complete and 0 interrupted iterations
a1     [  38% ] 001/100 VUs  1m53.0s/5m0s  50.00 iters/s

running (1m54.0s), 001/100 VUs, 5699 complete and 0 interrupted iterations
a1     [  38% ] 001/100 VUs  1m54.0s/5m0s  50.00 iters/s

running (1m55.0s), 001/100 VUs, 5749 complete and 0 interrupted iterations
a1     [  38% ] 001/100 VUs  1m55.0s/5m0s  50.00 iters/s

running (1m56.0s), 001/100 VUs, 5799 complete and 0 interrupted iterations
a1     [  39% ] 001/100 VUs  1m56.0s/5m0s  50.00 iters/s

running (1m57.0s), 001/100 VUs, 5849 complete and 0 interrupted iterations
a1     [  39% ] 001/100 VUs  1m57.0s/5m0s  50.00 iters/s

running (1m58.0s), 001/100 VUs, 5899 complete and 0 interrupted iterations
a1     [  39% ] 001/100 VUs  1m58.0s/5m0s  50.00 iters/s

running (1m59.0s), 001/100 VUs, 5949 complete and 0 interrupted iterations
a1     [  40% ] 001/100 VUs  1m59.0s/5m0s  50.00 iters/s

running (2m00.0s), 001/100 VUs, 5999 complete and 0 interrupted iterations
a1     [  40% ] 001/100 VUs  2m00.0s/5m0s  50.00 iters/s

running (2m01.0s), 028/100 VUs, 6022 complete and 0 interrupted iterations
a1     [  40% ] 028/100 VUs  2m01.0s/5m0s  50.00 iters/s

running (2m02.0s), 078/100 VUs, 6022 complete and 0 interrupted iterations
a1     [  41% ] 078/100 VUs  2m02.0s/5m0s  50.00 iters/s

running (2m03.0s), 114/114 VUs, 6022 complete and 0 interrupted iterations
a1     [  41% ] 114/114 VUs  2m03.0s/5m0s  50.00 iters/s

running (2m04.0s), 139/139 VUs, 6022 complete and 0 interrupted iterations
a1     [  41% ] 139/139 VUs  2m04.0s/5m0s  50.00 iters/s

running (2m05.0s), 164/164 VUs, 6022 complete and 0 interrupted iterations
a1     [  42% ] 164/164 VUs  2m05.0s/5m0s  50.00 iters/s

running (2m06.0s), 188/189 VUs, 6023 complete and 0 interrupted iterations
a1     [  42% ] 188/189 VUs  2m06.0s/5m0s  50.00 iters/s

running (2m07.0s), 213/214 VUs, 6023 complete and 0 interrupted iterations
a1     [  42% ] 213/214 VUs  2m07.0s/5m0s  50.00 iters/s

running (2m08.0s), 238/239 VUs, 6023 complete and 0 interrupted iterations
a1     [  43% ] 238/239 VUs  2m08.0s/5m0s  50.00 iters/s

running (2m09.0s), 263/264 VUs, 6023 complete and 0 interrupted iterations
a1     [  43% ] 263/264 VUs  2m09.0s/5m0s  50.00 iters/s

running (2m10.0s), 203/275 VUs, 6122 complete and 0 interrupted iterations
a1     [  43% ] 203/275 VUs  2m10.0s/5m0s  50.00 iters/s

running (2m11.0s), 003/275 VUs, 6372 complete and 0 interrupted iterations
a1     [  44% ] 003/275 VUs  2m11.0s/5m0s  50.00 iters/s

running (2m12.0s), 002/275 VUs, 6423 complete and 0 interrupted iterations
a1     [  44% ] 002/275 VUs  2m12.0s/5m0s  50.00 iters/s

running (2m13.0s), 002/275 VUs, 6473 complete and 0 interrupted iterations
a1     [  44% ] 002/275 VUs  2m13.0s/5m0s  50.00 iters/s

running (2m14.0s), 002/275 VUs, 6523 complete and 0 interrupted iterations
a1     [  45% ] 002/275 VUs  2m14.0s/5m0s  50.00 iters/s

running (2m15.0s), 002/275 VUs, 6573 complete and 0 interrupted iterations
a1     [  45% ] 002/275 VUs  2m15.0s/5m0s  50.00 iters/s

running (2m16.0s), 002/275 VUs, 6623 complete and 0 interrupted iterations
a1     [  45% ] 002/275 VUs  2m16.0s/5m0s  50.00 iters/s

running (2m17.0s), 001/275 VUs, 6674 complete and 0 interrupted iterations
a1     [  46% ] 001/275 VUs  2m17.0s/5m0s  50.00 iters/s

running (2m18.0s), 001/275 VUs, 6724 complete and 0 interrupted iterations
a1     [  46% ] 001/275 VUs  2m18.0s/5m0s  50.00 iters/s

running (2m19.0s), 001/275 VUs, 6774 complete and 0 interrupted iterations
a1     [  46% ] 001/275 VUs  2m19.0s/5m0s  50.00 iters/s

running (2m20.0s), 002/275 VUs, 6823 complete and 0 interrupted iterations
a1     [  47% ] 002/275 VUs  2m20.0s/5m0s  50.00 iters/s

running (2m21.0s), 002/275 VUs, 6873 complete and 0 interrupted iterations
a1     [  47% ] 002/275 VUs  2m21.0s/5m0s  50.00 iters/s

running (2m22.0s), 001/275 VUs, 6924 complete and 0 interrupted iterations
a1     [  47% ] 001/275 VUs  2m22.0s/5m0s  50.00 iters/s

running (2m23.0s), 001/275 VUs, 6974 complete and 0 interrupted iterations
a1     [  48% ] 001/275 VUs  2m23.0s/5m0s  50.00 iters/s

running (2m24.0s), 001/275 VUs, 7024 complete and 0 interrupted iterations
a1     [  48% ] 001/275 VUs  2m24.0s/5m0s  50.00 iters/s

running (2m25.0s), 001/275 VUs, 7074 complete and 0 interrupted iterations
a1     [  48% ] 001/275 VUs  2m25.0s/5m0s  50.00 iters/s

running (2m26.0s), 001/275 VUs, 7124 complete and 0 interrupted iterations
a1     [  49% ] 001/275 VUs  2m26.0s/5m0s  50.00 iters/s

running (2m27.0s), 001/275 VUs, 7174 complete and 0 interrupted iterations
a1     [  49% ] 001/275 VUs  2m27.0s/5m0s  50.00 iters/s

running (2m28.0s), 001/275 VUs, 7224 complete and 0 interrupted iterations
a1     [  49% ] 001/275 VUs  2m28.0s/5m0s  50.00 iters/s

running (2m29.0s), 001/275 VUs, 7274 complete and 0 interrupted iterations
a1     [  50% ] 001/275 VUs  2m29.0s/5m0s  50.00 iters/s

running (2m30.0s), 001/275 VUs, 7324 complete and 0 interrupted iterations
a1     [  50% ] 001/275 VUs  2m30.0s/5m0s  50.00 iters/s

running (2m31.0s), 001/275 VUs, 7374 complete and 0 interrupted iterations
a1     [  50% ] 001/275 VUs  2m31.0s/5m0s  50.00 iters/s

running (2m32.0s), 001/275 VUs, 7424 complete and 0 interrupted iterations
a1     [  51% ] 001/275 VUs  2m32.0s/5m0s  50.00 iters/s

running (2m33.0s), 002/275 VUs, 7473 complete and 0 interrupted iterations
a1     [  51% ] 002/275 VUs  2m33.0s/5m0s  50.00 iters/s

running (2m34.0s), 002/275 VUs, 7523 complete and 0 interrupted iterations
a1     [  51% ] 002/275 VUs  2m34.0s/5m0s  50.00 iters/s

running (2m35.0s), 001/275 VUs, 7574 complete and 0 interrupted iterations
a1     [  52% ] 001/275 VUs  2m35.0s/5m0s  50.00 iters/s

running (2m36.0s), 001/275 VUs, 7624 complete and 0 interrupted iterations
a1     [  52% ] 001/275 VUs  2m36.0s/5m0s  50.00 iters/s

running (2m37.0s), 002/275 VUs, 7673 complete and 0 interrupted iterations
a1     [  52% ] 002/275 VUs  2m37.0s/5m0s  50.00 iters/s

running (2m38.0s), 004/275 VUs, 7721 complete and 0 interrupted iterations
a1     [  53% ] 004/275 VUs  2m38.0s/5m0s  50.00 iters/s

running (2m39.0s), 001/275 VUs, 7774 complete and 0 interrupted iterations
a1     [  53% ] 001/275 VUs  2m39.0s/5m0s  50.00 iters/s

running (2m40.0s), 001/275 VUs, 7824 complete and 0 interrupted iterations
a1     [  53% ] 001/275 VUs  2m40.0s/5m0s  50.00 iters/s

running (2m41.0s), 001/275 VUs, 7874 complete and 0 interrupted iterations
a1     [  54% ] 001/275 VUs  2m41.0s/5m0s  50.00 iters/s

running (2m42.0s), 009/275 VUs, 7916 complete and 0 interrupted iterations
a1     [  54% ] 009/275 VUs  2m42.0s/5m0s  50.00 iters/s

running (2m43.0s), 001/275 VUs, 7974 complete and 0 interrupted iterations
a1     [  54% ] 001/275 VUs  2m43.0s/5m0s  50.00 iters/s

running (2m44.0s), 001/275 VUs, 8024 complete and 0 interrupted iterations
a1     [  55% ] 001/275 VUs  2m44.0s/5m0s  50.00 iters/s

running (2m45.0s), 014/275 VUs, 8061 complete and 0 interrupted iterations
a1     [  55% ] 014/275 VUs  2m45.0s/5m0s  50.00 iters/s

running (2m46.0s), 002/275 VUs, 8123 complete and 0 interrupted iterations
a1     [  55% ] 002/275 VUs  2m46.0s/5m0s  50.00 iters/s

running (2m47.0s), 002/275 VUs, 8173 complete and 0 interrupted iterations
a1     [  56% ] 002/275 VUs  2m47.0s/5m0s  50.00 iters/s

running (2m48.0s), 001/275 VUs, 8224 complete and 0 interrupted iterations
a1     [  56% ] 001/275 VUs  2m48.0s/5m0s  50.00 iters/s

running (2m49.0s), 009/275 VUs, 8266 complete and 0 interrupted iterations
a1     [  56% ] 009/275 VUs  2m49.0s/5m0s  50.00 iters/s

running (2m50.0s), 055/275 VUs, 8270 complete and 0 interrupted iterations
a1     [  57% ] 055/275 VUs  2m50.0s/5m0s  50.00 iters/s

running (2m51.0s), 105/275 VUs, 8270 complete and 0 interrupted iterations
a1     [  57% ] 105/275 VUs  2m51.0s/5m0s  50.00 iters/s

running (2m52.0s), 155/275 VUs, 8270 complete and 0 interrupted iterations
a1     [  57% ] 155/275 VUs  2m52.0s/5m0s  50.00 iters/s

running (2m53.0s), 205/275 VUs, 8270 complete and 0 interrupted iterations
a1     [  58% ] 205/275 VUs  2m53.0s/5m0s  50.00 iters/s

running (2m54.0s), 255/275 VUs, 8270 complete and 0 interrupted iterations
a1     [  58% ] 255/275 VUs  2m54.0s/5m0s  50.00 iters/s

running (2m55.0s), 286/287 VUs, 8277 complete and 0 interrupted iterations
a1     [  58% ] 286/287 VUs  2m55.0s/5m0s  50.00 iters/s

running (2m56.0s), 311/312 VUs, 8277 complete and 0 interrupted iterations
a1     [  59% ] 311/312 VUs  2m56.0s/5m0s  50.00 iters/s

running (2m57.0s), 336/337 VUs, 8277 complete and 0 interrupted iterations
a1     [  59% ] 336/337 VUs  2m57.0s/5m0s  50.00 iters/s

running (2m58.0s), 298/351 VUs, 8351 complete and 0 interrupted iterations
a1     [  59% ] 298/351 VUs  2m58.0s/5m0s  50.00 iters/s

running (2m59.0s), 151/351 VUs, 8548 complete and 0 interrupted iterations
a1     [  60% ] 151/351 VUs  2m59.0s/5m0s  50.00 iters/s

running (3m00.0s), 001/351 VUs, 8748 complete and 0 interrupted iterations
a1     [  60% ] 001/351 VUs  3m00.0s/5m0s  50.00 iters/s

running (3m01.0s), 001/351 VUs, 8798 complete and 0 interrupted iterations
a1     [  60% ] 001/351 VUs  3m01.0s/5m0s  50.00 iters/s

running (3m02.0s), 001/351 VUs, 8848 complete and 0 interrupted iterations
a1     [  61% ] 001/351 VUs  3m02.0s/5m0s  50.00 iters/s

running (3m03.0s), 001/351 VUs, 8898 complete and 0 interrupted iterations
a1     [  61% ] 001/351 VUs  3m03.0s/5m0s  50.00 iters/s

running (3m04.0s), 004/351 VUs, 8945 complete and 0 interrupted iterations
a1     [  61% ] 004/351 VUs  3m04.0s/5m0s  50.00 iters/s

running (3m05.0s), 001/351 VUs, 8998 complete and 0 interrupted iterations
a1     [  62% ] 001/351 VUs  3m05.0s/5m0s  50.00 iters/s

running (3m06.0s), 001/351 VUs, 9048 complete and 0 interrupted iterations
a1     [  62% ] 001/351 VUs  3m06.0s/5m0s  50.00 iters/s

running (3m07.0s), 001/351 VUs, 9098 complete and 0 interrupted iterations
a1     [  62% ] 001/351 VUs  3m07.0s/5m0s  50.00 iters/s

running (3m08.0s), 001/351 VUs, 9148 complete and 0 interrupted iterations
a1     [  63% ] 001/351 VUs  3m08.0s/5m0s  50.00 iters/s

running (3m09.0s), 001/351 VUs, 9198 complete and 0 interrupted iterations
a1     [  63% ] 001/351 VUs  3m09.0s/5m0s  50.00 iters/s

running (3m10.0s), 002/351 VUs, 9247 complete and 0 interrupted iterations
a1     [  63% ] 002/351 VUs  3m10.0s/5m0s  50.00 iters/s

running (3m11.0s), 001/351 VUs, 9298 complete and 0 interrupted iterations
a1     [  64% ] 001/351 VUs  3m11.0s/5m0s  50.00 iters/s

running (3m12.0s), 001/351 VUs, 9348 complete and 0 interrupted iterations
a1     [  64% ] 001/351 VUs  3m12.0s/5m0s  50.00 iters/s

running (3m13.0s), 001/351 VUs, 9398 complete and 0 interrupted iterations
a1     [  64% ] 001/351 VUs  3m13.0s/5m0s  50.00 iters/s

running (3m14.0s), 001/351 VUs, 9448 complete and 0 interrupted iterations
a1     [  65% ] 001/351 VUs  3m14.0s/5m0s  50.00 iters/s

running (3m15.0s), 001/351 VUs, 9498 complete and 0 interrupted iterations
a1     [  65% ] 001/351 VUs  3m15.0s/5m0s  50.00 iters/s

running (3m16.0s), 001/351 VUs, 9548 complete and 0 interrupted iterations
a1     [  65% ] 001/351 VUs  3m16.0s/5m0s  50.00 iters/s

running (3m17.0s), 001/351 VUs, 9598 complete and 0 interrupted iterations
a1     [  66% ] 001/351 VUs  3m17.0s/5m0s  50.00 iters/s

running (3m18.0s), 001/351 VUs, 9648 complete and 0 interrupted iterations
a1     [  66% ] 001/351 VUs  3m18.0s/5m0s  50.00 iters/s

running (3m19.0s), 001/351 VUs, 9698 complete and 0 interrupted iterations
a1     [  66% ] 001/351 VUs  3m19.0s/5m0s  50.00 iters/s

running (3m20.0s), 001/351 VUs, 9748 complete and 0 interrupted iterations
a1     [  67% ] 001/351 VUs  3m20.0s/5m0s  50.00 iters/s

running (3m21.0s), 001/351 VUs, 9798 complete and 0 interrupted iterations
a1     [  67% ] 001/351 VUs  3m21.0s/5m0s  50.00 iters/s

running (3m22.0s), 001/351 VUs, 9848 complete and 0 interrupted iterations
a1     [  67% ] 001/351 VUs  3m22.0s/5m0s  50.00 iters/s

running (3m23.0s), 001/351 VUs, 9898 complete and 0 interrupted iterations
a1     [  68% ] 001/351 VUs  3m23.0s/5m0s  50.00 iters/s

running (3m24.0s), 001/351 VUs, 9948 complete and 0 interrupted iterations
a1     [  68% ] 001/351 VUs  3m24.0s/5m0s  50.00 iters/s

running (3m25.0s), 001/351 VUs, 9998 complete and 0 interrupted iterations
a1     [  68% ] 001/351 VUs  3m25.0s/5m0s  50.00 iters/s

running (3m26.0s), 001/351 VUs, 10048 complete and 0 interrupted iterations
a1     [  69% ] 001/351 VUs  3m26.0s/5m0s  50.00 iters/s

running (3m27.0s), 001/351 VUs, 10098 complete and 0 interrupted iterations
a1     [  69% ] 001/351 VUs  3m27.0s/5m0s  50.00 iters/s

running (3m28.0s), 030/351 VUs, 10119 complete and 0 interrupted iterations
a1     [  69% ] 030/351 VUs  3m28.0s/5m0s  50.00 iters/s

running (3m29.0s), 001/351 VUs, 10198 complete and 0 interrupted iterations
a1     [  70% ] 001/351 VUs  3m29.0s/5m0s  50.00 iters/s

running (3m30.0s), 001/351 VUs, 10248 complete and 0 interrupted iterations
a1     [  70% ] 001/351 VUs  3m30.0s/5m0s  50.00 iters/s

running (3m31.0s), 001/351 VUs, 10298 complete and 0 interrupted iterations
a1     [  70% ] 001/351 VUs  3m31.0s/5m0s  50.00 iters/s

running (3m32.0s), 001/351 VUs, 10348 complete and 0 interrupted iterations
a1     [  71% ] 001/351 VUs  3m32.0s/5m0s  50.00 iters/s

running (3m33.0s), 001/351 VUs, 10398 complete and 0 interrupted iterations
a1     [  71% ] 001/351 VUs  3m33.0s/5m0s  50.00 iters/s

running (3m34.0s), 006/351 VUs, 10443 complete and 0 interrupted iterations
a1     [  71% ] 006/351 VUs  3m34.0s/5m0s  50.00 iters/s

running (3m35.0s), 001/351 VUs, 10498 complete and 0 interrupted iterations
a1     [  72% ] 001/351 VUs  3m35.0s/5m0s  50.00 iters/s

running (3m36.0s), 001/351 VUs, 10548 complete and 0 interrupted iterations
a1     [  72% ] 001/351 VUs  3m36.0s/5m0s  50.00 iters/s

running (3m37.0s), 019/351 VUs, 10580 complete and 0 interrupted iterations
a1     [  72% ] 019/351 VUs  3m37.0s/5m0s  50.00 iters/s

running (3m38.0s), 002/351 VUs, 10647 complete and 0 interrupted iterations
a1     [  73% ] 002/351 VUs  3m38.0s/5m0s  50.00 iters/s

running (3m39.0s), 001/351 VUs, 10698 complete and 0 interrupted iterations
a1     [  73% ] 001/351 VUs  3m39.0s/5m0s  50.00 iters/s

running (3m40.0s), 002/351 VUs, 10747 complete and 0 interrupted iterations
a1     [  73% ] 002/351 VUs  3m40.0s/5m0s  50.00 iters/s

running (3m41.0s), 015/351 VUs, 10784 complete and 0 interrupted iterations
a1     [  74% ] 015/351 VUs  3m41.0s/5m0s  50.00 iters/s

running (3m42.0s), 002/351 VUs, 10847 complete and 0 interrupted iterations
a1     [  74% ] 002/351 VUs  3m42.0s/5m0s  50.00 iters/s

running (3m43.0s), 001/351 VUs, 10898 complete and 0 interrupted iterations
a1     [  74% ] 001/351 VUs  3m43.0s/5m0s  50.00 iters/s

running (3m44.0s), 001/351 VUs, 10948 complete and 0 interrupted iterations
a1     [  75% ] 001/351 VUs  3m44.0s/5m0s  50.00 iters/s

running (3m45.0s), 001/351 VUs, 10998 complete and 0 interrupted iterations
a1     [  75% ] 001/351 VUs  3m45.0s/5m0s  50.00 iters/s

running (3m46.0s), 001/351 VUs, 11048 complete and 0 interrupted iterations
a1     [  75% ] 001/351 VUs  3m46.0s/5m0s  50.00 iters/s

running (3m47.0s), 001/351 VUs, 11098 complete and 0 interrupted iterations
a1     [  76% ] 001/351 VUs  3m47.0s/5m0s  50.00 iters/s
time="2026-09-09T18:51:05+05:00" level=warning msg="The test has generated metrics with 200011 unique time series, which is higher than the suggested limit of 100000 and could cause high memory usage. Consider not using high-cardinality values like unique IDs as metric tags or, if you need them in the URL, use the name metric tag or URL grouping. See https://grafana.com/docs/k6/latest/using-k6/tags-and-groups/ for details." component=metrics-engine-ingester

running (3m48.0s), 001/351 VUs, 11148 complete and 0 interrupted iterations
a1     [  76% ] 001/351 VUs  3m48.0s/5m0s  50.00 iters/s

running (3m49.0s), 001/351 VUs, 11198 complete and 0 interrupted iterations
a1     [  76% ] 001/351 VUs  3m49.0s/5m0s  50.00 iters/s

running (3m50.0s), 001/351 VUs, 11248 complete and 0 interrupted iterations
a1     [  77% ] 001/351 VUs  3m50.0s/5m0s  50.00 iters/s

running (3m51.0s), 001/351 VUs, 11298 complete and 0 interrupted iterations
a1     [  77% ] 001/351 VUs  3m51.0s/5m0s  50.00 iters/s

running (3m52.0s), 001/351 VUs, 11348 complete and 0 interrupted iterations
a1     [  77% ] 001/351 VUs  3m52.0s/5m0s  50.00 iters/s

running (3m53.0s), 001/351 VUs, 11398 complete and 0 interrupted iterations
a1     [  78% ] 001/351 VUs  3m53.0s/5m0s  50.00 iters/s

running (3m54.0s), 001/351 VUs, 11448 complete and 0 interrupted iterations
a1     [  78% ] 001/351 VUs  3m54.0s/5m0s  50.00 iters/s

running (3m55.0s), 001/351 VUs, 11498 complete and 0 interrupted iterations
a1     [  78% ] 001/351 VUs  3m55.0s/5m0s  50.00 iters/s

running (3m56.0s), 001/351 VUs, 11548 complete and 0 interrupted iterations
a1     [  79% ] 001/351 VUs  3m56.0s/5m0s  50.00 iters/s

running (3m57.0s), 001/351 VUs, 11598 complete and 0 interrupted iterations
a1     [  79% ] 001/351 VUs  3m57.0s/5m0s  50.00 iters/s

running (3m58.0s), 002/351 VUs, 11647 complete and 0 interrupted iterations
a1     [  79% ] 002/351 VUs  3m58.0s/5m0s  50.00 iters/s

running (3m59.0s), 001/351 VUs, 11698 complete and 0 interrupted iterations
a1     [  80% ] 001/351 VUs  3m59.0s/5m0s  50.00 iters/s

running (4m00.0s), 001/351 VUs, 11748 complete and 0 interrupted iterations
a1     [  80% ] 001/351 VUs  4m00.0s/5m0s  50.00 iters/s

running (4m01.0s), 001/351 VUs, 11798 complete and 0 interrupted iterations
a1     [  80% ] 001/351 VUs  4m01.0s/5m0s  50.00 iters/s

running (4m02.0s), 001/351 VUs, 11848 complete and 0 interrupted iterations
a1     [  81% ] 001/351 VUs  4m02.0s/5m0s  50.00 iters/s

running (4m03.0s), 001/351 VUs, 11898 complete and 0 interrupted iterations
a1     [  81% ] 001/351 VUs  4m03.0s/5m0s  50.00 iters/s

running (4m04.0s), 001/351 VUs, 11948 complete and 0 interrupted iterations
a1     [  81% ] 001/351 VUs  4m04.0s/5m0s  50.00 iters/s

running (4m05.0s), 001/351 VUs, 11998 complete and 0 interrupted iterations
a1     [  82% ] 001/351 VUs  4m05.0s/5m0s  50.00 iters/s

running (4m06.0s), 001/351 VUs, 12048 complete and 0 interrupted iterations
a1     [  82% ] 001/351 VUs  4m06.0s/5m0s  50.00 iters/s

running (4m07.0s), 001/351 VUs, 12098 complete and 0 interrupted iterations
a1     [  82% ] 001/351 VUs  4m07.0s/5m0s  50.00 iters/s

running (4m08.0s), 001/351 VUs, 12148 complete and 0 interrupted iterations
a1     [  83% ] 001/351 VUs  4m08.0s/5m0s  50.00 iters/s

running (4m09.0s), 001/351 VUs, 12198 complete and 0 interrupted iterations
a1     [  83% ] 001/351 VUs  4m09.0s/5m0s  50.00 iters/s

running (4m10.0s), 001/351 VUs, 12248 complete and 0 interrupted iterations
a1     [  83% ] 001/351 VUs  4m10.0s/5m0s  50.00 iters/s

running (4m11.0s), 001/351 VUs, 12298 complete and 0 interrupted iterations
a1     [  84% ] 001/351 VUs  4m11.0s/5m0s  50.00 iters/s

running (4m12.0s), 001/351 VUs, 12348 complete and 0 interrupted iterations
a1     [  84% ] 001/351 VUs  4m12.0s/5m0s  50.00 iters/s

running (4m13.0s), 001/351 VUs, 12398 complete and 0 interrupted iterations
a1     [  84% ] 001/351 VUs  4m13.0s/5m0s  50.00 iters/s

running (4m14.0s), 001/351 VUs, 12448 complete and 0 interrupted iterations
a1     [  85% ] 001/351 VUs  4m14.0s/5m0s  50.00 iters/s

running (4m15.0s), 001/351 VUs, 12498 complete and 0 interrupted iterations
a1     [  85% ] 001/351 VUs  4m15.0s/5m0s  50.00 iters/s

running (4m16.0s), 001/351 VUs, 12548 complete and 0 interrupted iterations
a1     [  85% ] 001/351 VUs  4m16.0s/5m0s  50.00 iters/s

running (4m17.0s), 001/351 VUs, 12598 complete and 0 interrupted iterations
a1     [  86% ] 001/351 VUs  4m17.0s/5m0s  50.00 iters/s

running (4m18.0s), 001/351 VUs, 12648 complete and 0 interrupted iterations
a1     [  86% ] 001/351 VUs  4m18.0s/5m0s  50.00 iters/s

running (4m19.0s), 001/351 VUs, 12698 complete and 0 interrupted iterations
a1     [  86% ] 001/351 VUs  4m19.0s/5m0s  50.00 iters/s

running (4m20.0s), 001/351 VUs, 12748 complete and 0 interrupted iterations
a1     [  87% ] 001/351 VUs  4m20.0s/5m0s  50.00 iters/s

running (4m21.0s), 006/351 VUs, 12793 complete and 0 interrupted iterations
a1     [  87% ] 006/351 VUs  4m21.0s/5m0s  50.00 iters/s

running (4m22.0s), 001/351 VUs, 12848 complete and 0 interrupted iterations
a1     [  87% ] 001/351 VUs  4m22.0s/5m0s  50.00 iters/s

running (4m23.0s), 001/351 VUs, 12898 complete and 0 interrupted iterations
a1     [  88% ] 001/351 VUs  4m23.0s/5m0s  50.00 iters/s

running (4m24.0s), 001/351 VUs, 12948 complete and 0 interrupted iterations
a1     [  88% ] 001/351 VUs  4m24.0s/5m0s  50.00 iters/s

running (4m25.0s), 001/351 VUs, 12998 complete and 0 interrupted iterations
a1     [  88% ] 001/351 VUs  4m25.0s/5m0s  50.00 iters/s

running (4m26.0s), 001/351 VUs, 13048 complete and 0 interrupted iterations
a1     [  89% ] 001/351 VUs  4m26.0s/5m0s  50.00 iters/s

running (4m27.0s), 001/351 VUs, 13098 complete and 0 interrupted iterations
a1     [  89% ] 001/351 VUs  4m27.0s/5m0s  50.00 iters/s

running (4m28.0s), 001/351 VUs, 13148 complete and 0 interrupted iterations
a1     [  89% ] 001/351 VUs  4m28.0s/5m0s  50.00 iters/s

running (4m29.0s), 001/351 VUs, 13198 complete and 0 interrupted iterations
a1     [  90% ] 001/351 VUs  4m29.0s/5m0s  50.00 iters/s

running (4m30.0s), 001/351 VUs, 13248 complete and 0 interrupted iterations
a1     [  90% ] 001/351 VUs  4m30.0s/5m0s  50.00 iters/s

running (4m31.0s), 001/351 VUs, 13298 complete and 0 interrupted iterations
a1     [  90% ] 001/351 VUs  4m31.0s/5m0s  50.00 iters/s

running (4m32.0s), 001/351 VUs, 13348 complete and 0 interrupted iterations
a1     [  91% ] 001/351 VUs  4m32.0s/5m0s  50.00 iters/s

running (4m33.0s), 001/351 VUs, 13398 complete and 0 interrupted iterations
a1     [  91% ] 001/351 VUs  4m33.0s/5m0s  50.00 iters/s

running (4m34.0s), 001/351 VUs, 13448 complete and 0 interrupted iterations
a1     [  91% ] 001/351 VUs  4m34.0s/5m0s  50.00 iters/s

running (4m35.0s), 001/351 VUs, 13498 complete and 0 interrupted iterations
a1     [  92% ] 001/351 VUs  4m35.0s/5m0s  50.00 iters/s

running (4m36.0s), 001/351 VUs, 13548 complete and 0 interrupted iterations
a1     [  92% ] 001/351 VUs  4m36.0s/5m0s  50.00 iters/s

running (4m37.0s), 001/351 VUs, 13598 complete and 0 interrupted iterations
a1     [  92% ] 001/351 VUs  4m37.0s/5m0s  50.00 iters/s

running (4m38.0s), 001/351 VUs, 13648 complete and 0 interrupted iterations
a1     [  93% ] 001/351 VUs  4m38.0s/5m0s  50.00 iters/s

running (4m39.0s), 001/351 VUs, 13698 complete and 0 interrupted iterations
a1     [  93% ] 001/351 VUs  4m39.0s/5m0s  50.00 iters/s

running (4m40.0s), 001/351 VUs, 13748 complete and 0 interrupted iterations
a1     [  93% ] 001/351 VUs  4m40.0s/5m0s  50.00 iters/s

running (4m41.0s), 001/351 VUs, 13798 complete and 0 interrupted iterations
a1     [  94% ] 001/351 VUs  4m41.0s/5m0s  50.00 iters/s

running (4m42.0s), 001/351 VUs, 13848 complete and 0 interrupted iterations
a1     [  94% ] 001/351 VUs  4m42.0s/5m0s  50.00 iters/s

running (4m43.0s), 001/351 VUs, 13898 complete and 0 interrupted iterations
a1     [  94% ] 001/351 VUs  4m43.0s/5m0s  50.00 iters/s

running (4m44.0s), 001/351 VUs, 13948 complete and 0 interrupted iterations
a1     [  95% ] 001/351 VUs  4m44.0s/5m0s  50.00 iters/s

running (4m45.0s), 001/351 VUs, 13998 complete and 0 interrupted iterations
a1     [  95% ] 001/351 VUs  4m45.0s/5m0s  50.00 iters/s

running (4m46.0s), 001/351 VUs, 14048 complete and 0 interrupted iterations
a1     [  95% ] 001/351 VUs  4m46.0s/5m0s  50.00 iters/s

running (4m47.0s), 001/351 VUs, 14098 complete and 0 interrupted iterations
a1     [  96% ] 001/351 VUs  4m47.0s/5m0s  50.00 iters/s

running (4m48.0s), 001/351 VUs, 14148 complete and 0 interrupted iterations
a1     [  96% ] 001/351 VUs  4m48.0s/5m0s  50.00 iters/s

running (4m49.0s), 001/351 VUs, 14198 complete and 0 interrupted iterations
a1     [  96% ] 001/351 VUs  4m49.0s/5m0s  50.00 iters/s

running (4m50.0s), 001/351 VUs, 14248 complete and 0 interrupted iterations
a1     [  97% ] 001/351 VUs  4m50.0s/5m0s  50.00 iters/s

running (4m51.0s), 001/351 VUs, 14298 complete and 0 interrupted iterations
a1     [  97% ] 001/351 VUs  4m51.0s/5m0s  50.00 iters/s

running (4m52.0s), 001/351 VUs, 14348 complete and 0 interrupted iterations
a1     [  97% ] 001/351 VUs  4m52.0s/5m0s  50.00 iters/s

running (4m53.0s), 001/351 VUs, 14398 complete and 0 interrupted iterations
a1     [  98% ] 001/351 VUs  4m53.0s/5m0s  50.00 iters/s

running (4m54.0s), 001/351 VUs, 14448 complete and 0 interrupted iterations
a1     [  98% ] 001/351 VUs  4m54.0s/5m0s  50.00 iters/s

running (4m55.0s), 001/351 VUs, 14498 complete and 0 interrupted iterations
a1     [  98% ] 001/351 VUs  4m55.0s/5m0s  50.00 iters/s

running (4m56.0s), 001/351 VUs, 14548 complete and 0 interrupted iterations
a1     [  99% ] 001/351 VUs  4m56.0s/5m0s  50.00 iters/s

running (4m57.0s), 001/351 VUs, 14598 complete and 0 interrupted iterations
a1     [  99% ] 001/351 VUs  4m57.0s/5m0s  50.00 iters/s

running (4m58.0s), 001/351 VUs, 14648 complete and 0 interrupted iterations
a1     [  99% ] 001/351 VUs  4m58.0s/5m0s  50.00 iters/s

running (4m59.0s), 001/351 VUs, 14698 complete and 0 interrupted iterations
a1     [ 100% ] 001/351 VUs  4m59.0s/5m0s  50.00 iters/s

running (5m00.0s), 001/351 VUs, 14748 complete and 0 interrupted iterations
a1     [ 100% ] 001/351 VUs  5m00.0s/5m0s  50.00 iters/s


  █ THRESHOLDS 

    http_req_failed
    ✓ 'rate<0.05' rate=0.00%


  █ TOTAL RESULTS 

    checks_total.......: 44250   147.491663/s
    checks_succeeded...: 100.00% 44250 out of 44250
    checks_failed......: 0.00%   0 out of 44250

    ✓ initiated
    ✓ validated
    ✓ terminal

    CUSTOM
    a1_lifecycle_duration..........: avg=287.32ms min=11ms    med=19ms    p(95)=880.74ms p(99)=7.94s max=9.59s
    a1_lifecycles_completed........: 14750  49.163888/s
    a1_transitions_committed.......: 44250  147.491663/s

    HTTP
    http_req_duration..............: avg=95.57ms  min=3.16ms  med=6.04ms  p(95)=167.39ms p(99)=3.34s max=8.24s
      { expected_response:true }...: avg=95.57ms  min=3.16ms  med=6.04ms  p(95)=167.39ms p(99)=3.34s max=8.24s
    http_req_failed................: 0.00%  0 out of 44250
    http_reqs......................: 44250  147.491663/s

    EXECUTION
    dropped_iterations.............: 251    0.836619/s
    iteration_duration.............: avg=287.39ms min=11.21ms med=19.07ms p(95)=880.89ms p(99)=7.94s max=9.59s
    iterations.....................: 14750  49.163888/s
    vus............................: 1      min=1          max=336
    vus_max........................: 351    min=100        max=351

    NETWORK
    data_received..................: 17 MB  57 kB/s
    data_sent......................: 9.7 MB 32 kB/s




running (5m00.0s), 000/351 VUs, 14750 complete and 0 interrupted iterations
a1   ✓ [ 100% ] 000/351 VUs  5m0s  50.00 iters/s
