[13:45:46] === RUN CDC-C2N1ON-r2-20260909134546 ===
[13:45:46] mode=CDC profile=C2N1ON rep=2 tps=50 duration=180s fault=none
[13:45:46] jar: target/master-thesis-observability-0.0.1-SNAPSHOT.jar
[13:45:46] arxiv redo tozalanmoqda
[13:45:47] workload tozalanmoqda (reference saqlanadi)
workload reset; reference data preserved
AQ backlog purged: 0 -> 0
[13:45:48] Kafka topigi qayta yaratilmoqda
[13:45:57] ilova ishga tushirilmoqda (mode=CDC)
[13:46:13] ilova tayyor (pid 1270995)
[13:46:13] Debezium konnektori ro'yxatdan o'tkazilmoqda (CDC, prefix=obsv_cdc_c2n1on_r2_20260909134546)
konnektor ro'yxatdan o'tkazilmoqda: a1-cdc-obsv_cdc_c2n1on_r2_20260909134546 (prefix=obsv_cdc_c2n1on_r2_20260909134546)
konnektor RUNNING (2s)
streaming tasdiqlanmoqda (heartbeat topigi: __debezium-heartbeat.obsv_cdc_c2n1on_r2_20260909134546)
streaming tasdiqlandi (1 urinish)
[13:46:22] k6 yuklamasi boshlandi
[13:49:23] k6 iteratsiyalari: 9000
[13:49:23] pipeline bo'shashi kutilmoqda (maks 120s)
[13:50:07] pipeline bo'sh (15s, sink=27000 xabar)
[13:50:17] ground truth eksport qilinmoqda
[13:50:18] Kafka topigi eksport qilinmoqda
[13:50:46] tahlil
{
  "mode": "CDC",
  "profile": "C2N1ON",
  "rep": "2",
  "fault": "none",
  "ground_truth_transitions": 27000,
  "delivered_distinct": 27000,
  "delivered_total": 27000,
  "matched": 27000,
  "missing": 0,
  "phantom": 0,
  "malformed": 0,
  "loss_rate": 0.0,
  "loss_rate_ppm": 0.0,
  "duplicate_rate": 0.0,
  "ordering_violation_rate": 0.0,
  "txns_split_across_partitions": 0,
  "latency_ms_p50": 3731,
  "latency_ms_p95": 5830,
  "latency_ms_p99": 6587,
  "latency_ms_max": 7664,
  "latency_ms_mean": 3748.7,
  "latency_samples": 27000,
  "latency_negative_samples": 0,
  "loss_rate_upper_bound_95_ppm": 111.11
}
[13:50:46] ilova va konnektor to'xtatilmoqda
connector o'chirilmoqda: a1-cdc-obsv_cdc_c2n1on_r2_20260909134546
[13:50:57] === TUGADI: results/CDC-C2N1ON-r2-20260909134546 ===
