[09:41:42] === RUN HYBRID-P1-r3-F5-20260909094142 ===
[09:41:42] mode=HYBRID profile=P1 rep=3 tps=50 duration=420s fault=F5
[09:41:42] jar: target/master-thesis-observability-0.0.1-SNAPSHOT.jar
[09:41:42] workload tozalanmoqda (reference saqlanadi)
workload reset; reference data preserved
AQ backlog purged: 0 -> 0
[09:41:44] Kafka topigi qayta yaratilmoqda
[09:41:54] ilova ishga tushirilmoqda (mode=HYBRID)
[09:42:08] ilova tayyor (pid 1456071)
[09:42:08] Debezium konnektori ro'yxatdan o'tkazilmoqda (HYBRID, prefix=obsv_hybrid_p1_r3_f5_20260909094142)
konnektor ro'yxatdan o'tkazilmoqda: a1-hybrid-obsv_hybrid_p1_r3_f5_20260909094142 (prefix=obsv_hybrid_p1_r3_f5_20260909094142)
konnektor RUNNING (2s)
streaming tasdiqlanmoqda (heartbeat topigi: __debezium-heartbeat.obsv_hybrid_p1_r3_f5_20260909094142)
streaming tasdiqlandi (19 urinish)
[09:43:25] fault F5 30s dan keyin yuboriladi
[09:43:25] k6 yuklamasi boshlandi
[fault 09:43:56] bitta ochiq tranzaksiyada 5000 satr, 240 soniya ushlab turiladi
[fault 09:43:56] F5 tugadi
PL/SQL procedure successfully completed.

[09:50:27] pipeline bo'shashi kutilmoqda (maks 120s)
[09:50:38] pipeline bo'sh (4s, sink=63000 xabar)
[09:50:48] ground truth eksport qilinmoqda
[09:50:49] Kafka topigi eksport qilinmoqda
[09:51:17] tahlil
{
  "mode": "HYBRID",
  "profile": "P1",
  "rep": "3",
  "fault": "F5",
  "ground_truth_transitions": 77991,
  "delivered_distinct": 63000,
  "delivered_total": 63000,
  "matched": 63000,
  "missing": 14991,
  "phantom": 0,
  "malformed": 0,
  "loss_rate": 0.19221449,
  "loss_rate_ppm": 192214.49,
  "duplicate_rate": 0.0,
  "ordering_violation_rate": 0.0,
  "txns_split_across_partitions": 0,
  "latency_ms_p50": 3172,
  "latency_ms_p95": 5314,
  "latency_ms_p99": 5928,
  "latency_ms_max": 7094,
  "latency_ms_mean": 3188.9,
  "latency_samples": 63000,
  "latency_negative_samples": 0
}
[09:51:19] ilova va konnektor to'xtatilmoqda
connector o'chirilmoqda: a1-hybrid-obsv_hybrid_p1_r3_f5_20260909094142
[09:51:23] === TUGADI: results/HYBRID-P1-r3-F5-20260909094142 ===
