[15:53:26] === RUN WRAPPER_B2-P1-r2-F2-20260904155326 ===
[15:53:26] mode=WRAPPER_B2 profile=P1 rep=2 tps=50 duration=180s fault=F2
[15:53:26] jar: target/master-thesis-observability-0.0.1-SNAPSHOT.jar
[15:53:27] workload tozalanmoqda (reference saqlanadi)
workload reset; reference data preserved
AQ backlog purged: 0 -> 0
[15:53:27] Kafka topigi qayta yaratilmoqda
[15:53:36] ilova ishga tushirilmoqda (mode=WRAPPER_B2)
[15:53:48] ilova tayyor (pid 2748806)
[15:53:52] fault F2 60s dan keyin yuboriladi
[15:53:52] k6 yuklamasi boshlandi
[fault 15:54:57] kafka-2 va kafka-3 to'xtatilmoqda (90s)
[fault 15:56:41] brokerlar qaytarilmoqda
[fault 15:56:42] F2 tugadi
[15:57:10] pipeline bo'shashi kutilmoqda (maks 120s)
[15:57:20] pipeline bo'sh (4s, sink=27003 xabar)
[15:57:33] ground truth eksport qilinmoqda
[15:57:34] Kafka topigi eksport qilinmoqda
[15:58:00] tahlil
{
  "mode": "WRAPPER_B2",
  "profile": "P1",
  "rep": "2",
  "fault": "F2",
  "ground_truth_transitions": 27003,
  "delivered_distinct": 27003,
  "delivered_total": 27003,
  "matched": 27003,
  "missing": 0,
  "phantom": 0,
  "malformed": 0,
  "loss_rate": 0.0,
  "loss_rate_ppm": 0.0,
  "duplicate_rate": 0.0,
  "ordering_violation_rate": 0.0,
  "txns_split_across_partitions": 0,
  "latency_ms_p50": 1,
  "latency_ms_p95": 2,
  "latency_ms_p99": 4,
  "latency_ms_max": 2934,
  "latency_ms_mean": 1.9,
  "latency_samples": 27003,
  "latency_negative_samples": 0,
  "loss_rate_upper_bound_95_ppm": 111.1
}
[15:58:01] ilova va konnektor to'xtatilmoqda
[15:58:08] === TUGADI: results/WRAPPER_B2-P1-r2-F2-20260904155326 ===
