[17:16:48] === RUN WRAPPER_B2-P1-r3-F1-20260904171648 ===
[17:16:48] mode=WRAPPER_B2 profile=P1 rep=3 tps=50 duration=180s fault=F1
[17:16:48] jar: target/master-thesis-observability-0.0.1-SNAPSHOT.jar
[17:16:48] workload tozalanmoqda (reference saqlanadi)
workload reset; reference data preserved
AQ backlog purged: 0 -> 0
[17:16:48] Kafka topigi qayta yaratilmoqda
[17:17:00] ilova ishga tushirilmoqda (mode=WRAPPER_B2)
[17:17:10] ilova tayyor (pid 3583585)
[17:17:14] fault F1 60s dan keyin yuboriladi
[17:17:14] k6 yuklamasi boshlandi
[fault 17:18:19] SIGKILL ilovaga: 3583585
[fault 17:18:30] ilova qayta ishga tushirilmoqda (mode=results/WRAPPER_B3-P1-r91-20260903164920/run.log:WRAPPER_B3)
[fault 17:18:30] F1 tugadi
[17:20:32] k6 nolga teng bo'lmagan kod bilan tugadi (natija baribir tahlil qilinadi)
[17:20:32] pipeline bo'shashi kutilmoqda (maks 120s)
[17:20:41] pipeline bo'sh (4s, sink=8982 xabar)
[17:20:51] ground truth eksport qilinmoqda
[17:20:52] Kafka topigi eksport qilinmoqda
[17:21:44] tahlil
{
  "mode": "WRAPPER_B2",
  "profile": "P1",
  "rep": "3",
  "fault": "F1",
  "ground_truth_transitions": 8982,
  "delivered_distinct": 8982,
  "delivered_total": 8982,
  "matched": 8982,
  "missing": 0,
  "phantom": 0,
  "malformed": 0,
  "loss_rate": 0.0,
  "loss_rate_ppm": 0.0,
  "duplicate_rate": 0.0,
  "ordering_violation_rate": 0.0,
  "txns_split_across_partitions": 0,
  "latency_ms_p50": 1,
  "latency_ms_p95": 3,
  "latency_ms_p99": 8,
  "latency_ms_max": 2934,
  "latency_ms_mean": 3.6,
  "latency_samples": 8982,
  "latency_negative_samples": 0,
  "loss_rate_upper_bound_95_ppm": 334.0
}
[17:21:44] ilova va konnektor to'xtatilmoqda
[17:21:47] === TUGADI: results/WRAPPER_B2-P1-r3-F1-20260904171648 ===
