[10:23:21] === RUN CDC-C2N3ON-r2-20260909102321 ===
[10:23:21] mode=CDC profile=C2N3ON rep=2 tps=50 duration=180s fault=none
[10:23:21] jar: target/master-thesis-observability-0.0.1-SNAPSHOT.jar
[10:23:21] workload tozalanmoqda (reference saqlanadi)
workload reset; reference data preserved
AQ backlog purged: 0 -> 0
[10:23:21] Kafka topigi qayta yaratilmoqda
[10:23:31] ilova ishga tushirilmoqda (mode=CDC)
[10:23:45] ilova tayyor (pid 2004044)
[10:23:45] Debezium konnektori ro'yxatdan o'tkazilmoqda (CDC, prefix=obsv_cdc_c2n3on_r2_20260909102321)
konnektor ro'yxatdan o'tkazilmoqda: a1-cdc-obsv_cdc_c2n3on_r2_20260909102321 (prefix=obsv_cdc_c2n3on_r2_20260909102321)
konnektor RUNNING (2s)
streaming tasdiqlanmoqda (heartbeat topigi: __debezium-heartbeat.obsv_cdc_c2n3on_r2_20260909102321)
streaming tasdiqlandi (6 urinish)
[10:24:12] k6 yuklamasi boshlandi
[10:24:13] k6 nolga teng bo'lmagan kod bilan tugadi (natija baribir tahlil qilinadi)
[10:24:13] pipeline bo'shashi kutilmoqda (maks 120s)
[10:24:23] pipeline bo'sh (4s, sink=0 xabar)
[10:24:34] ground truth eksport qilinmoqda
[10:24:34] Kafka topigi eksport qilinmoqda
[10:25:01] tahlil
{
  "mode": "CDC",
  "profile": "C2N3ON",
  "rep": "2",
  "fault": "none",
  "ground_truth_transitions": 0,
  "delivered_distinct": 0,
  "delivered_total": 0,
  "matched": 0,
  "missing": 0,
  "phantom": 0,
  "malformed": 0,
  "loss_rate": 0.0,
  "loss_rate_ppm": 0.0,
  "duplicate_rate": 0.0,
  "ordering_violation_rate": 0.0,
  "txns_split_across_partitions": 0,
  "latency_ms_p50": null,
  "latency_ms_p95": null,
  "latency_ms_p99": null,
  "latency_ms_max": null,
  "latency_ms_mean": null,
  "latency_samples": 0,
  "latency_negative_samples": 0
}
[10:25:01] ilova va konnektor to'xtatilmoqda
connector o'chirilmoqda: a1-cdc-obsv_cdc_c2n3on_r2_20260909102321
[10:25:05] === TUGADI: results/CDC-C2N3ON-r2-20260909102321 ===
