
         /\      Grafana   /‾‾/  
    /\  /  \     |\  __   /  /   
   /  \/    \    | |/ /  /   ‾‾\ 
  /          \   |   (  |  (‾)  |
 / __________ \  |_|\_\  \_____/ 


     execution: local
        script: harness/k6/a1-workload.js
        output: -

     scenarios: (100.00%) 1 scenario, 600 max VUs, 3m30s max duration (incl. graceful stop):
              * a1: 50.00 iterations/s for 3m0s (maxVUs: 100-600, gracefulStop: 30s)


running (0m01.0s), 001/100 VUs, 48 complete and 0 interrupted iterations
a1     [   1% ] 001/100 VUs  0m01.0s/3m0s  50.00 iters/s

running (0m02.0s), 001/100 VUs, 98 complete and 0 interrupted iterations
a1     [   1% ] 001/100 VUs  0m02.0s/3m0s  50.00 iters/s

running (0m03.0s), 001/100 VUs, 148 complete and 0 interrupted iterations
a1     [   2% ] 001/100 VUs  0m03.0s/3m0s  50.00 iters/s

running (0m04.0s), 000/100 VUs, 199 complete and 0 interrupted iterations
a1     [   2% ] 000/100 VUs  0m04.0s/3m0s  50.00 iters/s

running (0m05.0s), 000/100 VUs, 249 complete and 0 interrupted iterations
a1     [   3% ] 000/100 VUs  0m05.0s/3m0s  50.00 iters/s

running (0m06.0s), 001/100 VUs, 298 complete and 0 interrupted iterations
a1     [   3% ] 001/100 VUs  0m06.0s/3m0s  50.00 iters/s

running (0m07.0s), 000/100 VUs, 349 complete and 0 interrupted iterations
a1     [   4% ] 000/100 VUs  0m07.0s/3m0s  50.00 iters/s

running (0m08.0s), 000/100 VUs, 399 complete and 0 interrupted iterations
a1     [   4% ] 000/100 VUs  0m08.0s/3m0s  50.00 iters/s

running (0m09.0s), 027/100 VUs, 422 complete and 0 interrupted iterations
a1     [   5% ] 027/100 VUs  0m09.0s/3m0s  50.00 iters/s

running (0m10.0s), 040/100 VUs, 459 complete and 0 interrupted iterations
a1     [   6% ] 040/100 VUs  0m10.0s/3m0s  50.00 iters/s

running (0m11.0s), 001/100 VUs, 548 complete and 0 interrupted iterations
a1     [   6% ] 001/100 VUs  0m11.0s/3m0s  50.00 iters/s

running (0m12.0s), 001/100 VUs, 598 complete and 0 interrupted iterations
a1     [   7% ] 001/100 VUs  0m12.0s/3m0s  50.00 iters/s

running (0m13.0s), 000/100 VUs, 649 complete and 0 interrupted iterations
a1     [   7% ] 000/100 VUs  0m13.0s/3m0s  50.00 iters/s

running (0m14.0s), 020/100 VUs, 679 complete and 0 interrupted iterations
a1     [   8% ] 020/100 VUs  0m14.0s/3m0s  50.00 iters/s

running (0m15.0s), 011/100 VUs, 738 complete and 0 interrupted iterations
a1     [   8% ] 011/100 VUs  0m15.0s/3m0s  50.00 iters/s

running (0m16.0s), 000/100 VUs, 799 complete and 0 interrupted iterations
a1     [   9% ] 000/100 VUs  0m16.0s/3m0s  50.00 iters/s

running (0m17.0s), 000/100 VUs, 849 complete and 0 interrupted iterations
a1     [   9% ] 000/100 VUs  0m17.0s/3m0s  50.00 iters/s

running (0m18.0s), 000/100 VUs, 899 complete and 0 interrupted iterations
a1     [  10% ] 000/100 VUs  0m18.0s/3m0s  50.00 iters/s

running (0m19.0s), 000/100 VUs, 949 complete and 0 interrupted iterations
a1     [  11% ] 000/100 VUs  0m19.0s/3m0s  50.00 iters/s

running (0m20.0s), 007/100 VUs, 992 complete and 0 interrupted iterations
a1     [  11% ] 007/100 VUs  0m20.0s/3m0s  50.00 iters/s

running (0m21.0s), 016/100 VUs, 1033 complete and 0 interrupted iterations
a1     [  12% ] 016/100 VUs  0m21.0s/3m0s  50.00 iters/s

running (0m22.0s), 021/100 VUs, 1078 complete and 0 interrupted iterations
a1     [  12% ] 021/100 VUs  0m22.0s/3m0s  50.00 iters/s

running (0m23.0s), 036/100 VUs, 1113 complete and 0 interrupted iterations
a1     [  13% ] 036/100 VUs  0m23.0s/3m0s  50.00 iters/s

running (0m24.0s), 005/100 VUs, 1194 complete and 0 interrupted iterations
a1     [  13% ] 005/100 VUs  0m24.0s/3m0s  50.00 iters/s

running (0m25.0s), 036/100 VUs, 1213 complete and 0 interrupted iterations
a1     [  14% ] 036/100 VUs  0m25.0s/3m0s  50.00 iters/s

running (0m26.0s), 019/100 VUs, 1280 complete and 0 interrupted iterations
a1     [  14% ] 019/100 VUs  0m26.0s/3m0s  50.00 iters/s

running (0m27.0s), 026/100 VUs, 1323 complete and 0 interrupted iterations
a1     [  15% ] 026/100 VUs  0m27.0s/3m0s  50.00 iters/s

running (0m28.0s), 000/100 VUs, 1399 complete and 0 interrupted iterations
a1     [  16% ] 000/100 VUs  0m28.0s/3m0s  50.00 iters/s

running (0m29.0s), 000/100 VUs, 1449 complete and 0 interrupted iterations
a1     [  16% ] 000/100 VUs  0m29.0s/3m0s  50.00 iters/s

running (0m30.0s), 000/100 VUs, 1499 complete and 0 interrupted iterations
a1     [  17% ] 000/100 VUs  0m30.0s/3m0s  50.00 iters/s

running (0m31.0s), 000/100 VUs, 1549 complete and 0 interrupted iterations
a1     [  17% ] 000/100 VUs  0m31.0s/3m0s  50.00 iters/s

running (0m32.0s), 027/100 VUs, 1572 complete and 0 interrupted iterations
a1     [  18% ] 027/100 VUs  0m32.0s/3m0s  50.00 iters/s

running (0m33.0s), 037/100 VUs, 1612 complete and 0 interrupted iterations
a1     [  18% ] 037/100 VUs  0m33.0s/3m0s  50.00 iters/s

running (0m34.0s), 085/100 VUs, 1614 complete and 0 interrupted iterations
a1     [  19% ] 085/100 VUs  0m34.0s/3m0s  50.00 iters/s

running (0m35.0s), 117/118 VUs, 1614 complete and 0 interrupted iterations
a1     [  19% ] 117/118 VUs  0m35.0s/3m0s  50.00 iters/s

running (0m36.0s), 143/143 VUs, 1614 complete and 0 interrupted iterations
a1     [  20% ] 143/143 VUs  0m36.0s/3m0s  50.00 iters/s

running (0m37.0s), 155/156 VUs, 1638 complete and 0 interrupted iterations
a1     [  21% ] 155/156 VUs  0m37.0s/3m0s  50.00 iters/s

running (0m38.0s), 180/181 VUs, 1638 complete and 0 interrupted iterations
a1     [  21% ] 180/181 VUs  0m38.0s/3m0s  50.00 iters/s

running (0m39.0s), 001/185 VUs, 1863 complete and 0 interrupted iterations
a1     [  22% ] 001/185 VUs  0m39.0s/3m0s  50.00 iters/s

running (0m40.0s), 000/185 VUs, 1914 complete and 0 interrupted iterations
a1     [  22% ] 000/185 VUs  0m40.0s/3m0s  50.00 iters/s

running (0m41.0s), 000/185 VUs, 1964 complete and 0 interrupted iterations
a1     [  23% ] 000/185 VUs  0m41.0s/3m0s  50.00 iters/s

running (0m42.0s), 000/185 VUs, 2014 complete and 0 interrupted iterations
a1     [  23% ] 000/185 VUs  0m42.0s/3m0s  50.00 iters/s

running (0m43.0s), 001/185 VUs, 2063 complete and 0 interrupted iterations
a1     [  24% ] 001/185 VUs  0m43.0s/3m0s  50.00 iters/s

running (0m44.0s), 042/185 VUs, 2072 complete and 0 interrupted iterations
a1     [  24% ] 042/185 VUs  0m44.0s/3m0s  50.00 iters/s

running (0m45.0s), 089/185 VUs, 2075 complete and 0 interrupted iterations
a1     [  25% ] 089/185 VUs  0m45.0s/3m0s  50.00 iters/s

running (0m46.0s), 121/185 VUs, 2093 complete and 0 interrupted iterations
a1     [  26% ] 121/185 VUs  0m46.0s/3m0s  50.00 iters/s

running (0m47.0s), 022/185 VUs, 2242 complete and 0 interrupted iterations
a1     [  26% ] 022/185 VUs  0m47.0s/3m0s  50.00 iters/s

running (0m48.0s), 072/185 VUs, 2242 complete and 0 interrupted iterations
a1     [  27% ] 072/185 VUs  0m48.0s/3m0s  50.00 iters/s

running (0m49.0s), 104/185 VUs, 2260 complete and 0 interrupted iterations
a1     [  27% ] 104/185 VUs  0m49.0s/3m0s  50.00 iters/s

running (0m50.0s), 102/185 VUs, 2312 complete and 0 interrupted iterations
a1     [  28% ] 102/185 VUs  0m50.0s/3m0s  50.00 iters/s

running (0m51.0s), 000/185 VUs, 2464 complete and 0 interrupted iterations
a1     [  28% ] 000/185 VUs  0m51.0s/3m0s  50.00 iters/s

running (0m52.0s), 000/185 VUs, 2514 complete and 0 interrupted iterations
a1     [  29% ] 000/185 VUs  0m52.0s/3m0s  50.00 iters/s

running (0m53.0s), 000/185 VUs, 2564 complete and 0 interrupted iterations
a1     [  29% ] 000/185 VUs  0m53.0s/3m0s  50.00 iters/s

running (0m54.0s), 000/185 VUs, 2614 complete and 0 interrupted iterations
a1     [  30% ] 000/185 VUs  0m54.0s/3m0s  50.00 iters/s

running (0m55.0s), 000/185 VUs, 2664 complete and 0 interrupted iterations
a1     [  31% ] 000/185 VUs  0m55.0s/3m0s  50.00 iters/s

running (0m56.0s), 000/185 VUs, 2714 complete and 0 interrupted iterations
a1     [  31% ] 000/185 VUs  0m56.0s/3m0s  50.00 iters/s

running (0m57.0s), 000/185 VUs, 2764 complete and 0 interrupted iterations
a1     [  32% ] 000/185 VUs  0m57.0s/3m0s  50.00 iters/s

running (0m58.0s), 000/185 VUs, 2814 complete and 0 interrupted iterations
a1     [  32% ] 000/185 VUs  0m58.0s/3m0s  50.00 iters/s

running (0m59.0s), 000/185 VUs, 2864 complete and 0 interrupted iterations
a1     [  33% ] 000/185 VUs  0m59.0s/3m0s  50.00 iters/s

running (1m00.0s), 000/185 VUs, 2914 complete and 0 interrupted iterations
a1     [  33% ] 000/185 VUs  1m00.0s/3m0s  50.00 iters/s

running (1m01.0s), 000/185 VUs, 2964 complete and 0 interrupted iterations
a1     [  34% ] 000/185 VUs  1m01.0s/3m0s  50.00 iters/s

running (1m02.0s), 000/185 VUs, 3014 complete and 0 interrupted iterations
a1     [  34% ] 000/185 VUs  1m02.0s/3m0s  50.00 iters/s

running (1m03.0s), 000/185 VUs, 3064 complete and 0 interrupted iterations
a1     [  35% ] 000/185 VUs  1m03.0s/3m0s  50.00 iters/s

running (1m04.0s), 000/185 VUs, 3114 complete and 0 interrupted iterations
a1     [  36% ] 000/185 VUs  1m04.0s/3m0s  50.00 iters/s

running (1m05.0s), 000/185 VUs, 3164 complete and 0 interrupted iterations
a1     [  36% ] 000/185 VUs  1m05.0s/3m0s  50.00 iters/s

running (1m06.0s), 000/185 VUs, 3214 complete and 0 interrupted iterations
a1     [  37% ] 000/185 VUs  1m06.0s/3m0s  50.00 iters/s

running (1m07.0s), 000/185 VUs, 3264 complete and 0 interrupted iterations
a1     [  37% ] 000/185 VUs  1m07.0s/3m0s  50.00 iters/s

running (1m08.0s), 001/185 VUs, 3313 complete and 0 interrupted iterations
a1     [  38% ] 001/185 VUs  1m08.0s/3m0s  50.00 iters/s

running (1m09.0s), 049/185 VUs, 3315 complete and 0 interrupted iterations
a1     [  38% ] 049/185 VUs  1m09.0s/3m0s  50.00 iters/s

running (1m10.0s), 098/185 VUs, 3316 complete and 0 interrupted iterations
a1     [  39% ] 098/185 VUs  1m10.0s/3m0s  50.00 iters/s

running (1m11.0s), 140/185 VUs, 3324 complete and 0 interrupted iterations
a1     [  39% ] 140/185 VUs  1m11.0s/3m0s  50.00 iters/s

running (1m12.0s), 155/185 VUs, 3359 complete and 0 interrupted iterations
a1     [  40% ] 155/185 VUs  1m12.0s/3m0s  50.00 iters/s

running (1m13.0s), 190/192 VUs, 3367 complete and 0 interrupted iterations
a1     [  41% ] 190/192 VUs  1m13.0s/3m0s  50.00 iters/s

running (1m14.0s), 207/210 VUs, 3382 complete and 0 interrupted iterations
a1     [  41% ] 207/210 VUs  1m14.0s/3m0s  50.00 iters/s

running (1m15.0s), 002/215 VUs, 3632 complete and 0 interrupted iterations
a1     [  42% ] 002/215 VUs  1m15.0s/3m0s  50.00 iters/s

running (1m16.0s), 003/215 VUs, 3681 complete and 0 interrupted iterations
a1     [  42% ] 003/215 VUs  1m16.0s/3m0s  50.00 iters/s

running (1m17.0s), 002/215 VUs, 3732 complete and 0 interrupted iterations
a1     [  43% ] 002/215 VUs  1m17.0s/3m0s  50.00 iters/s

running (1m18.0s), 003/215 VUs, 3781 complete and 0 interrupted iterations
a1     [  43% ] 003/215 VUs  1m18.0s/3m0s  50.00 iters/s

running (1m19.0s), 003/215 VUs, 3831 complete and 0 interrupted iterations
a1     [  44% ] 003/215 VUs  1m19.0s/3m0s  50.00 iters/s

running (1m20.0s), 002/215 VUs, 3882 complete and 0 interrupted iterations
a1     [  44% ] 002/215 VUs  1m20.0s/3m0s  50.00 iters/s

running (1m21.0s), 002/215 VUs, 3932 complete and 0 interrupted iterations
a1     [  45% ] 002/215 VUs  1m21.0s/3m0s  50.00 iters/s

running (1m22.0s), 002/215 VUs, 3982 complete and 0 interrupted iterations
a1     [  46% ] 002/215 VUs  1m22.0s/3m0s  50.00 iters/s

running (1m23.0s), 002/215 VUs, 4032 complete and 0 interrupted iterations
a1     [  46% ] 002/215 VUs  1m23.0s/3m0s  50.00 iters/s

running (1m24.0s), 003/215 VUs, 4081 complete and 0 interrupted iterations
a1     [  47% ] 003/215 VUs  1m24.0s/3m0s  50.00 iters/s

running (1m25.0s), 002/215 VUs, 4132 complete and 0 interrupted iterations
a1     [  47% ] 002/215 VUs  1m25.0s/3m0s  50.00 iters/s

running (1m26.0s), 003/215 VUs, 4181 complete and 0 interrupted iterations
a1     [  48% ] 003/215 VUs  1m26.0s/3m0s  50.00 iters/s

running (1m27.0s), 003/215 VUs, 4232 complete and 0 interrupted iterations
a1     [  48% ] 003/215 VUs  1m27.0s/3m0s  50.00 iters/s

running (1m28.0s), 002/215 VUs, 4282 complete and 0 interrupted iterations
a1     [  49% ] 002/215 VUs  1m28.0s/3m0s  50.00 iters/s

running (1m29.0s), 002/215 VUs, 4332 complete and 0 interrupted iterations
a1     [  49% ] 002/215 VUs  1m29.0s/3m0s  50.00 iters/s

running (1m30.0s), 002/215 VUs, 4382 complete and 0 interrupted iterations
a1     [  50% ] 002/215 VUs  1m30.0s/3m0s  50.00 iters/s

running (1m31.0s), 002/215 VUs, 4432 complete and 0 interrupted iterations
a1     [  51% ] 002/215 VUs  1m31.0s/3m0s  50.00 iters/s

running (1m32.0s), 000/215 VUs, 4484 complete and 0 interrupted iterations
a1     [  51% ] 000/215 VUs  1m32.0s/3m0s  50.00 iters/s

running (1m33.0s), 002/215 VUs, 4532 complete and 0 interrupted iterations
a1     [  52% ] 002/215 VUs  1m33.0s/3m0s  50.00 iters/s

running (1m34.0s), 044/215 VUs, 4540 complete and 0 interrupted iterations
a1     [  52% ] 044/215 VUs  1m34.0s/3m0s  50.00 iters/s

running (1m35.0s), 090/215 VUs, 4544 complete and 0 interrupted iterations
a1     [  53% ] 090/215 VUs  1m35.0s/3m0s  50.00 iters/s

running (1m36.0s), 034/215 VUs, 4650 complete and 0 interrupted iterations
a1     [  53% ] 034/215 VUs  1m36.0s/3m0s  50.00 iters/s

running (1m37.0s), 083/215 VUs, 4651 complete and 0 interrupted iterations
a1     [  54% ] 083/215 VUs  1m37.0s/3m0s  50.00 iters/s

running (1m38.0s), 111/215 VUs, 4673 complete and 0 interrupted iterations
a1     [  54% ] 111/215 VUs  1m38.0s/3m0s  50.00 iters/s

running (1m39.0s), 139/215 VUs, 4695 complete and 0 interrupted iterations
a1     [  55% ] 139/215 VUs  1m39.0s/3m0s  50.00 iters/s

running (1m40.0s), 179/215 VUs, 4705 complete and 0 interrupted iterations
a1     [  56% ] 179/215 VUs  1m40.0s/3m0s  50.00 iters/s

running (1m41.0s), 003/215 VUs, 4931 complete and 0 interrupted iterations
a1     [  56% ] 003/215 VUs  1m41.0s/3m0s  50.00 iters/s

running (1m42.0s), 003/215 VUs, 4981 complete and 0 interrupted iterations
a1     [  57% ] 003/215 VUs  1m42.0s/3m0s  50.00 iters/s

running (1m43.0s), 003/215 VUs, 5031 complete and 0 interrupted iterations
a1     [  57% ] 003/215 VUs  1m43.0s/3m0s  50.00 iters/s

running (1m44.0s), 003/215 VUs, 5081 complete and 0 interrupted iterations
a1     [  58% ] 003/215 VUs  1m44.0s/3m0s  50.00 iters/s

running (1m45.0s), 003/215 VUs, 5131 complete and 0 interrupted iterations
a1     [  58% ] 003/215 VUs  1m45.0s/3m0s  50.00 iters/s

running (1m46.0s), 050/215 VUs, 5134 complete and 0 interrupted iterations
a1     [  59% ] 050/215 VUs  1m46.0s/3m0s  50.00 iters/s

running (1m47.0s), 081/215 VUs, 5153 complete and 0 interrupted iterations
a1     [  59% ] 081/215 VUs  1m47.0s/3m0s  50.00 iters/s

running (1m48.0s), 122/215 VUs, 5162 complete and 0 interrupted iterations
a1     [  60% ] 122/215 VUs  1m48.0s/3m0s  50.00 iters/s

running (1m49.0s), 157/215 VUs, 5177 complete and 0 interrupted iterations
a1     [  61% ] 157/215 VUs  1m49.0s/3m0s  50.00 iters/s

running (1m50.0s), 204/215 VUs, 5180 complete and 0 interrupted iterations
a1     [  61% ] 204/215 VUs  1m50.0s/3m0s  50.00 iters/s

running (1m51.0s), 217/226 VUs, 5206 complete and 0 interrupted iterations
a1     [  62% ] 217/226 VUs  1m51.0s/3m0s  50.00 iters/s

running (1m52.0s), 004/232 VUs, 5463 complete and 0 interrupted iterations
a1     [  62% ] 004/232 VUs  1m52.0s/3m0s  50.00 iters/s

running (1m53.0s), 004/232 VUs, 5513 complete and 0 interrupted iterations
a1     [  63% ] 004/232 VUs  1m53.0s/3m0s  50.00 iters/s
time="2026-09-09T14:34:47+05:00" level=warning msg="The test has generated metrics with 100003 unique time series, which is higher than the suggested limit of 100000 and could cause high memory usage. Consider not using high-cardinality values like unique IDs as metric tags or, if you need them in the URL, use the name metric tag or URL grouping. See https://grafana.com/docs/k6/latest/using-k6/tags-and-groups/ for details." component=metrics-engine-ingester

running (1m54.0s), 004/232 VUs, 5563 complete and 0 interrupted iterations
a1     [  63% ] 004/232 VUs  1m54.0s/3m0s  50.00 iters/s

running (1m55.0s), 004/232 VUs, 5613 complete and 0 interrupted iterations
a1     [  64% ] 004/232 VUs  1m55.0s/3m0s  50.00 iters/s

running (1m56.0s), 004/232 VUs, 5663 complete and 0 interrupted iterations
a1     [  64% ] 004/232 VUs  1m56.0s/3m0s  50.00 iters/s

running (1m57.0s), 004/232 VUs, 5713 complete and 0 interrupted iterations
a1     [  65% ] 004/232 VUs  1m57.0s/3m0s  50.00 iters/s

running (1m58.0s), 053/232 VUs, 5714 complete and 0 interrupted iterations
a1     [  66% ] 053/232 VUs  1m58.0s/3m0s  50.00 iters/s

running (1m59.0s), 102/232 VUs, 5715 complete and 0 interrupted iterations
a1     [  66% ] 102/232 VUs  1m59.0s/3m0s  50.00 iters/s

running (2m00.0s), 135/232 VUs, 5732 complete and 0 interrupted iterations
a1     [  67% ] 135/232 VUs  2m00.0s/3m0s  50.00 iters/s

running (2m01.0s), 178/232 VUs, 5739 complete and 0 interrupted iterations
a1     [  67% ] 178/232 VUs  2m01.0s/3m0s  50.00 iters/s

running (2m02.0s), 224/232 VUs, 5743 complete and 0 interrupted iterations
a1     [  68% ] 224/232 VUs  2m02.0s/3m0s  50.00 iters/s

running (2m03.0s), 248/249 VUs, 5752 complete and 0 interrupted iterations
a1     [  68% ] 248/249 VUs  2m03.0s/3m0s  50.00 iters/s

running (2m04.0s), 247/257 VUs, 5795 complete and 0 interrupted iterations
a1     [  69% ] 247/257 VUs  2m04.0s/3m0s  50.00 iters/s

running (2m05.0s), 002/257 VUs, 6090 complete and 0 interrupted iterations
a1     [  69% ] 002/257 VUs  2m05.0s/3m0s  50.00 iters/s

running (2m06.0s), 001/257 VUs, 6141 complete and 0 interrupted iterations
a1     [  70% ] 001/257 VUs  2m06.0s/3m0s  50.00 iters/s

running (2m07.0s), 000/257 VUs, 6192 complete and 0 interrupted iterations
a1     [  71% ] 000/257 VUs  2m07.0s/3m0s  50.00 iters/s

running (2m08.0s), 000/257 VUs, 6242 complete and 0 interrupted iterations
a1     [  71% ] 000/257 VUs  2m08.0s/3m0s  50.00 iters/s

running (2m09.0s), 027/257 VUs, 6265 complete and 0 interrupted iterations
a1     [  72% ] 027/257 VUs  2m09.0s/3m0s  50.00 iters/s

running (2m10.0s), 019/257 VUs, 6323 complete and 0 interrupted iterations
a1     [  72% ] 019/257 VUs  2m10.0s/3m0s  50.00 iters/s

running (2m11.0s), 019/257 VUs, 6373 complete and 0 interrupted iterations
a1     [  73% ] 019/257 VUs  2m11.0s/3m0s  50.00 iters/s

running (2m12.0s), 022/257 VUs, 6420 complete and 0 interrupted iterations
a1     [  73% ] 022/257 VUs  2m12.0s/3m0s  50.00 iters/s

running (2m13.0s), 015/257 VUs, 6477 complete and 0 interrupted iterations
a1     [  74% ] 015/257 VUs  2m13.0s/3m0s  50.00 iters/s

running (2m14.0s), 030/257 VUs, 6512 complete and 0 interrupted iterations
a1     [  74% ] 030/257 VUs  2m14.0s/3m0s  50.00 iters/s

running (2m15.0s), 023/257 VUs, 6570 complete and 0 interrupted iterations
a1     [  75% ] 023/257 VUs  2m15.0s/3m0s  50.00 iters/s

running (2m16.0s), 013/257 VUs, 6629 complete and 0 interrupted iterations
a1     [  76% ] 013/257 VUs  2m16.0s/3m0s  50.00 iters/s

running (2m17.0s), 022/257 VUs, 6670 complete and 0 interrupted iterations
a1     [  76% ] 022/257 VUs  2m17.0s/3m0s  50.00 iters/s

running (2m18.0s), 001/257 VUs, 6741 complete and 0 interrupted iterations
a1     [  77% ] 001/257 VUs  2m18.0s/3m0s  50.00 iters/s

running (2m19.0s), 002/257 VUs, 6790 complete and 0 interrupted iterations
a1     [  77% ] 002/257 VUs  2m19.0s/3m0s  50.00 iters/s

running (2m20.0s), 000/257 VUs, 6842 complete and 0 interrupted iterations
a1     [  78% ] 000/257 VUs  2m20.0s/3m0s  50.00 iters/s

running (2m21.0s), 000/257 VUs, 6892 complete and 0 interrupted iterations
a1     [  78% ] 000/257 VUs  2m21.0s/3m0s  50.00 iters/s

running (2m22.0s), 000/257 VUs, 6942 complete and 0 interrupted iterations
a1     [  79% ] 000/257 VUs  2m22.0s/3m0s  50.00 iters/s

running (2m23.0s), 028/257 VUs, 6964 complete and 0 interrupted iterations
a1     [  79% ] 028/257 VUs  2m23.0s/3m0s  50.00 iters/s

running (2m24.0s), 069/257 VUs, 6973 complete and 0 interrupted iterations
a1     [  80% ] 069/257 VUs  2m24.0s/3m0s  50.00 iters/s

running (2m25.0s), 097/257 VUs, 6995 complete and 0 interrupted iterations
a1     [  81% ] 097/257 VUs  2m25.0s/3m0s  50.00 iters/s

running (2m26.0s), 127/257 VUs, 7015 complete and 0 interrupted iterations
a1     [  81% ] 127/257 VUs  2m26.0s/3m0s  50.00 iters/s

running (2m27.0s), 170/257 VUs, 7022 complete and 0 interrupted iterations
a1     [  82% ] 170/257 VUs  2m27.0s/3m0s  50.00 iters/s

running (2m28.0s), 211/257 VUs, 7031 complete and 0 interrupted iterations
a1     [  82% ] 211/257 VUs  2m28.0s/3m0s  50.00 iters/s

running (2m29.0s), 250/257 VUs, 7042 complete and 0 interrupted iterations
a1     [  83% ] 250/257 VUs  2m29.0s/3m0s  50.00 iters/s

running (2m30.0s), 000/257 VUs, 7342 complete and 0 interrupted iterations
a1     [  83% ] 000/257 VUs  2m30.0s/3m0s  50.00 iters/s

running (2m31.0s), 000/257 VUs, 7392 complete and 0 interrupted iterations
a1     [  84% ] 000/257 VUs  2m31.0s/3m0s  50.00 iters/s

running (2m32.0s), 001/257 VUs, 7442 complete and 0 interrupted iterations
a1     [  84% ] 001/257 VUs  2m32.0s/3m0s  50.00 iters/s

running (2m33.0s), 001/257 VUs, 7492 complete and 0 interrupted iterations
a1     [  85% ] 001/257 VUs  2m33.0s/3m0s  50.00 iters/s

running (2m34.0s), 000/257 VUs, 7542 complete and 0 interrupted iterations
a1     [  86% ] 000/257 VUs  2m34.0s/3m0s  50.00 iters/s

running (2m35.0s), 040/257 VUs, 7552 complete and 0 interrupted iterations
a1     [  86% ] 040/257 VUs  2m35.0s/3m0s  50.00 iters/s

running (2m36.0s), 007/257 VUs, 7636 complete and 0 interrupted iterations
a1     [  87% ] 007/257 VUs  2m36.0s/3m0s  50.00 iters/s

running (2m37.0s), 056/257 VUs, 7636 complete and 0 interrupted iterations
a1     [  87% ] 056/257 VUs  2m37.0s/3m0s  50.00 iters/s

running (2m38.0s), 082/257 VUs, 7660 complete and 0 interrupted iterations
a1     [  88% ] 082/257 VUs  2m38.0s/3m0s  50.00 iters/s

running (2m39.0s), 132/257 VUs, 7660 complete and 0 interrupted iterations
a1     [  88% ] 132/257 VUs  2m39.0s/3m0s  50.00 iters/s

running (2m40.0s), 164/257 VUs, 7678 complete and 0 interrupted iterations
a1     [  89% ] 164/257 VUs  2m40.0s/3m0s  50.00 iters/s

running (2m41.0s), 135/257 VUs, 7757 complete and 0 interrupted iterations
a1     [  89% ] 135/257 VUs  2m41.0s/3m0s  50.00 iters/s

running (2m42.0s), 000/257 VUs, 7942 complete and 0 interrupted iterations
a1     [  90% ] 000/257 VUs  2m42.0s/3m0s  50.00 iters/s

running (2m43.0s), 000/257 VUs, 7992 complete and 0 interrupted iterations
a1     [  91% ] 000/257 VUs  2m43.0s/3m0s  50.00 iters/s

running (2m44.0s), 000/257 VUs, 8042 complete and 0 interrupted iterations
a1     [  91% ] 000/257 VUs  2m44.0s/3m0s  50.00 iters/s

running (2m45.0s), 000/257 VUs, 8092 complete and 0 interrupted iterations
a1     [  92% ] 000/257 VUs  2m45.0s/3m0s  50.00 iters/s

running (2m46.0s), 005/257 VUs, 8137 complete and 0 interrupted iterations
a1     [  92% ] 005/257 VUs  2m46.0s/3m0s  50.00 iters/s

running (2m47.0s), 038/257 VUs, 8154 complete and 0 interrupted iterations
a1     [  93% ] 038/257 VUs  2m47.0s/3m0s  50.00 iters/s

running (2m48.0s), 077/257 VUs, 8165 complete and 0 interrupted iterations
a1     [  93% ] 077/257 VUs  2m48.0s/3m0s  50.00 iters/s

running (2m49.0s), 114/257 VUs, 8178 complete and 0 interrupted iterations
a1     [  94% ] 114/257 VUs  2m49.0s/3m0s  50.00 iters/s

running (2m50.0s), 153/257 VUs, 8189 complete and 0 interrupted iterations
a1     [  94% ] 153/257 VUs  2m50.0s/3m0s  50.00 iters/s

running (2m51.0s), 197/257 VUs, 8195 complete and 0 interrupted iterations
a1     [  95% ] 197/257 VUs  2m51.0s/3m0s  50.00 iters/s

running (2m52.0s), 224/257 VUs, 8218 complete and 0 interrupted iterations
a1     [  96% ] 224/257 VUs  2m52.0s/3m0s  50.00 iters/s

running (2m53.0s), 004/257 VUs, 8488 complete and 0 interrupted iterations
a1     [  96% ] 004/257 VUs  2m53.0s/3m0s  50.00 iters/s

running (2m54.0s), 004/257 VUs, 8538 complete and 0 interrupted iterations
a1     [  97% ] 004/257 VUs  2m54.0s/3m0s  50.00 iters/s

running (2m55.0s), 003/257 VUs, 8589 complete and 0 interrupted iterations
a1     [  97% ] 003/257 VUs  2m55.0s/3m0s  50.00 iters/s

running (2m56.0s), 003/257 VUs, 8639 complete and 0 interrupted iterations
a1     [  98% ] 003/257 VUs  2m56.0s/3m0s  50.00 iters/s

running (2m57.0s), 003/257 VUs, 8689 complete and 0 interrupted iterations
a1     [  98% ] 003/257 VUs  2m57.0s/3m0s  50.00 iters/s

running (2m58.0s), 004/257 VUs, 8738 complete and 0 interrupted iterations
a1     [  99% ] 004/257 VUs  2m58.0s/3m0s  50.00 iters/s

running (2m59.0s), 004/257 VUs, 8788 complete and 0 interrupted iterations
a1     [  99% ] 004/257 VUs  2m59.0s/3m0s  50.00 iters/s

running (3m00.0s), 004/257 VUs, 8838 complete and 0 interrupted iterations
a1     [ 100% ] 004/257 VUs  3m00.0s/3m0s  50.00 iters/s


  █ THRESHOLDS 

    http_req_failed
    ✓ 'rate<0.05' rate=0.00%


  █ TOTAL RESULTS 

    checks_total.......: 26532   147.121896/s
    checks_succeeded...: 100.00% 26532 out of 26532
    checks_failed......: 0.00%   0 out of 26532

    ✓ initiated
    ✓ validated
    ✓ terminal

    CUSTOM
    a1_lifecycle_duration..........: avg=953.27ms min=5ms    med=248ms    p(95)=4.26s p(99)=5.38s max=7.24s
    a1_lifecycles_completed........: 8844   49.040632/s
    a1_transitions_committed.......: 26532  147.121896/s

    HTTP
    http_req_duration..............: avg=317.59ms min=1.42ms med=45.11ms  p(95)=1.79s p(99)=2.94s max=5.4s 
      { expected_response:true }...: avg=317.59ms min=1.42ms med=45.11ms  p(95)=1.79s p(99)=2.94s max=5.4s 
    http_req_failed................: 0.00%  0 out of 26532
    http_reqs......................: 26532  147.121896/s

    EXECUTION
    dropped_iterations.............: 157    0.870577/s
    iteration_duration.............: avg=953.36ms min=5.51ms med=248.02ms p(95)=4.26s p(99)=5.38s max=7.24s
    iterations.....................: 8844   49.040632/s
    vus............................: 4      min=0          max=250
    vus_max........................: 257    min=100        max=257

    NETWORK
    data_received..................: 10 MB  56 kB/s
    data_sent......................: 5.7 MB 32 kB/s




running (3m00.3s), 000/257 VUs, 8844 complete and 0 interrupted iterations
a1   ✓ [ 100% ] 000/257 VUs  3m0s  50.00 iters/s
