[14:29:22] === RUN CDC-P1-r1-F11-20260904142922 ===
[14:29:22] mode=CDC profile=P1 rep=1 tps=50 duration=180s fault=F11
[14:29:22] jar: target/master-thesis-observability-0.0.1-SNAPSHOT.jar
[14:29:22] workload tozalanmoqda (reference saqlanadi)
workload reset; reference data preserved
AQ backlog purged: 0 -> 0
[14:29:24] Kafka topigi qayta yaratilmoqda
[14:29:33] ilova ishga tushirilmoqda (mode=CDC)
[14:29:46] ilova tayyor (pid 1776602)
[14:29:46] Debezium konnektori ro'yxatdan o'tkazilmoqda (CDC, prefix=obsv_cdc_p1_r1_f11_20260904142922)
konnektor ro'yxatdan o'tkazilmoqda: a1-cdc-obsv_cdc_p1_r1_f11_20260904142922 (prefix=obsv_cdc_p1_r1_f11_20260904142922)
konnektor RUNNING (2s)
streaming tasdiqlanmoqda (heartbeat topigi: __debezium-heartbeat.obsv_cdc_p1_r1_f11_20260904142922)
streaming tasdiqlandi (4 urinish)
[14:30:06] fault F11 60s dan keyin yuboriladi
[14:30:06] k6 yuklamasi boshlandi
[fault 14:31:12] 20000 tranzaksiya ilovadan chetlab yaratilmoqda (PL/SQL batch)
PL/SQL procedure successfully completed.

[fault 14:31:28] F11 tugadi
[14:33:25] pipeline bo'shashi kutilmoqda (maks 120s)
[14:33:38] pipeline bo'sh (5s, sink=86991 xabar)
[14:33:49] ground truth eksport qilinmoqda
[14:33:50] Kafka topigi eksport qilinmoqda
[14:34:43] tahlil
{
  "mode": "CDC",
  "profile": "P1",
  "rep": "1",
  "fault": "F11",
  "ground_truth_transitions": 86991,
  "delivered_distinct": 86991,
  "delivered_total": 86991,
  "matched": 86991,
  "missing": 0,
  "phantom": 0,
  "malformed": 0,
  "loss_rate": 0.0,
  "loss_rate_ppm": 0.0,
  "duplicate_rate": 0.0,
  "ordering_violation_rate": 0.0,
  "txns_split_across_partitions": 0,
  "latency_ms_p50": 5757,
  "latency_ms_p95": 9786,
  "latency_ms_p99": 10815,
  "latency_ms_max": 11004,
  "latency_ms_mean": 5924.4,
  "latency_samples": 86991,
  "latency_negative_samples": 0,
  "loss_rate_upper_bound_95_ppm": 34.49
}
[14:34:44] ilova va konnektor to'xtatilmoqda
connector o'chirilmoqda: a1-cdc-obsv_cdc_p1_r1_f11_20260904142922
[14:34:48] === TUGADI: results/CDC-P1-r1-F11-20260904142922 ===
