
         /\      Grafana   /‾‾/  
    /\  /  \     |\  __   /  /   
   /  \/    \    | |/ /  /   ‾‾\ 
  /          \   |   (  |  (‾)  |
 / __________ \  |_|\_\  \_____/ 


     execution: local
        script: harness/k6/a1-workload.js
        output: -

     scenarios: (100.00%) 1 scenario, 600 max VUs, 5m30s max duration (incl. graceful stop):
              * a1: 50.00 iterations/s for 5m0s (maxVUs: 100-600, gracefulStop: 30s)


running (0m01.0s), 050/100 VUs, 0 complete and 0 interrupted iterations
a1     [   0% ] 050/100 VUs  0m01.0s/5m0s  50.00 iters/s

running (0m02.0s), 003/100 VUs, 97 complete and 0 interrupted iterations
a1     [   1% ] 003/100 VUs  0m02.0s/5m0s  50.00 iters/s

running (0m03.0s), 002/100 VUs, 148 complete and 0 interrupted iterations
a1     [   1% ] 002/100 VUs  0m03.0s/5m0s  50.00 iters/s

running (0m04.0s), 001/100 VUs, 199 complete and 0 interrupted iterations
a1     [   1% ] 001/100 VUs  0m04.0s/5m0s  50.00 iters/s

running (0m05.0s), 002/100 VUs, 248 complete and 0 interrupted iterations
a1     [   2% ] 002/100 VUs  0m05.0s/5m0s  50.00 iters/s

running (0m06.0s), 002/100 VUs, 298 complete and 0 interrupted iterations
a1     [   2% ] 002/100 VUs  0m06.0s/5m0s  50.00 iters/s

running (0m07.0s), 002/100 VUs, 348 complete and 0 interrupted iterations
a1     [   2% ] 002/100 VUs  0m07.0s/5m0s  50.00 iters/s

running (0m08.0s), 002/100 VUs, 398 complete and 0 interrupted iterations
a1     [   3% ] 002/100 VUs  0m08.0s/5m0s  50.00 iters/s

running (0m09.0s), 002/100 VUs, 448 complete and 0 interrupted iterations
a1     [   3% ] 002/100 VUs  0m09.0s/5m0s  50.00 iters/s

running (0m10.0s), 002/100 VUs, 498 complete and 0 interrupted iterations
a1     [   3% ] 002/100 VUs  0m10.0s/5m0s  50.00 iters/s

running (0m11.0s), 002/100 VUs, 548 complete and 0 interrupted iterations
a1     [   4% ] 002/100 VUs  0m11.0s/5m0s  50.00 iters/s

running (0m12.0s), 002/100 VUs, 598 complete and 0 interrupted iterations
a1     [   4% ] 002/100 VUs  0m12.0s/5m0s  50.00 iters/s

running (0m13.0s), 002/100 VUs, 648 complete and 0 interrupted iterations
a1     [   4% ] 002/100 VUs  0m13.0s/5m0s  50.00 iters/s

running (0m14.0s), 002/100 VUs, 698 complete and 0 interrupted iterations
a1     [   5% ] 002/100 VUs  0m14.0s/5m0s  50.00 iters/s

running (0m15.0s), 002/100 VUs, 748 complete and 0 interrupted iterations
a1     [   5% ] 002/100 VUs  0m15.0s/5m0s  50.00 iters/s

running (0m16.0s), 001/100 VUs, 799 complete and 0 interrupted iterations
a1     [   5% ] 001/100 VUs  0m16.0s/5m0s  50.00 iters/s

running (0m17.0s), 002/100 VUs, 848 complete and 0 interrupted iterations
a1     [   6% ] 002/100 VUs  0m17.0s/5m0s  50.00 iters/s

running (0m18.0s), 002/100 VUs, 898 complete and 0 interrupted iterations
a1     [   6% ] 002/100 VUs  0m18.0s/5m0s  50.00 iters/s

running (0m19.0s), 002/100 VUs, 948 complete and 0 interrupted iterations
a1     [   6% ] 002/100 VUs  0m19.0s/5m0s  50.00 iters/s

running (0m20.0s), 001/100 VUs, 999 complete and 0 interrupted iterations
a1     [   7% ] 001/100 VUs  0m20.0s/5m0s  50.00 iters/s

running (0m21.0s), 001/100 VUs, 1049 complete and 0 interrupted iterations
a1     [   7% ] 001/100 VUs  0m21.0s/5m0s  50.00 iters/s

running (0m22.0s), 001/100 VUs, 1099 complete and 0 interrupted iterations
a1     [   7% ] 001/100 VUs  0m22.0s/5m0s  50.00 iters/s

running (0m23.0s), 001/100 VUs, 1149 complete and 0 interrupted iterations
a1     [   8% ] 001/100 VUs  0m23.0s/5m0s  50.00 iters/s

running (0m24.0s), 002/100 VUs, 1198 complete and 0 interrupted iterations
a1     [   8% ] 002/100 VUs  0m24.0s/5m0s  50.00 iters/s

running (0m25.0s), 002/100 VUs, 1248 complete and 0 interrupted iterations
a1     [   8% ] 002/100 VUs  0m25.0s/5m0s  50.00 iters/s

running (0m26.0s), 002/100 VUs, 1298 complete and 0 interrupted iterations
a1     [   9% ] 002/100 VUs  0m26.0s/5m0s  50.00 iters/s

running (0m27.0s), 003/100 VUs, 1347 complete and 0 interrupted iterations
a1     [   9% ] 003/100 VUs  0m27.0s/5m0s  50.00 iters/s

running (0m28.0s), 001/100 VUs, 1399 complete and 0 interrupted iterations
a1     [   9% ] 001/100 VUs  0m28.0s/5m0s  50.00 iters/s

running (0m29.0s), 001/100 VUs, 1449 complete and 0 interrupted iterations
a1     [  10% ] 001/100 VUs  0m29.0s/5m0s  50.00 iters/s

running (0m30.0s), 001/100 VUs, 1499 complete and 0 interrupted iterations
a1     [  10% ] 001/100 VUs  0m30.0s/5m0s  50.00 iters/s

running (0m31.0s), 002/100 VUs, 1548 complete and 0 interrupted iterations
a1     [  10% ] 002/100 VUs  0m31.0s/5m0s  50.00 iters/s

running (0m32.0s), 001/100 VUs, 1599 complete and 0 interrupted iterations
a1     [  11% ] 001/100 VUs  0m32.0s/5m0s  50.00 iters/s

running (0m33.0s), 001/100 VUs, 1649 complete and 0 interrupted iterations
a1     [  11% ] 001/100 VUs  0m33.0s/5m0s  50.00 iters/s

running (0m34.0s), 001/100 VUs, 1699 complete and 0 interrupted iterations
a1     [  11% ] 001/100 VUs  0m34.0s/5m0s  50.00 iters/s

running (0m35.0s), 001/100 VUs, 1749 complete and 0 interrupted iterations
a1     [  12% ] 001/100 VUs  0m35.0s/5m0s  50.00 iters/s

running (0m36.0s), 001/100 VUs, 1799 complete and 0 interrupted iterations
a1     [  12% ] 001/100 VUs  0m36.0s/5m0s  50.00 iters/s

running (0m37.0s), 002/100 VUs, 1848 complete and 0 interrupted iterations
a1     [  12% ] 002/100 VUs  0m37.0s/5m0s  50.00 iters/s

running (0m38.0s), 001/100 VUs, 1899 complete and 0 interrupted iterations
a1     [  13% ] 001/100 VUs  0m38.0s/5m0s  50.00 iters/s

running (0m39.0s), 001/100 VUs, 1949 complete and 0 interrupted iterations
a1     [  13% ] 001/100 VUs  0m39.0s/5m0s  50.00 iters/s

running (0m40.0s), 001/100 VUs, 1999 complete and 0 interrupted iterations
a1     [  13% ] 001/100 VUs  0m40.0s/5m0s  50.00 iters/s

running (0m41.0s), 001/100 VUs, 2049 complete and 0 interrupted iterations
a1     [  14% ] 001/100 VUs  0m41.0s/5m0s  50.00 iters/s

running (0m42.0s), 001/100 VUs, 2099 complete and 0 interrupted iterations
a1     [  14% ] 001/100 VUs  0m42.0s/5m0s  50.00 iters/s

running (0m43.0s), 002/100 VUs, 2148 complete and 0 interrupted iterations
a1     [  14% ] 002/100 VUs  0m43.0s/5m0s  50.00 iters/s

running (0m44.0s), 001/100 VUs, 2199 complete and 0 interrupted iterations
a1     [  15% ] 001/100 VUs  0m44.0s/5m0s  50.00 iters/s

running (0m45.0s), 001/100 VUs, 2249 complete and 0 interrupted iterations
a1     [  15% ] 001/100 VUs  0m45.0s/5m0s  50.00 iters/s

running (0m46.0s), 001/100 VUs, 2299 complete and 0 interrupted iterations
a1     [  15% ] 001/100 VUs  0m46.0s/5m0s  50.00 iters/s

running (0m47.0s), 001/100 VUs, 2349 complete and 0 interrupted iterations
a1     [  16% ] 001/100 VUs  0m47.0s/5m0s  50.00 iters/s

running (0m48.0s), 001/100 VUs, 2399 complete and 0 interrupted iterations
a1     [  16% ] 001/100 VUs  0m48.0s/5m0s  50.00 iters/s

running (0m49.0s), 002/100 VUs, 2448 complete and 0 interrupted iterations
a1     [  16% ] 002/100 VUs  0m49.0s/5m0s  50.00 iters/s

running (0m50.0s), 001/100 VUs, 2499 complete and 0 interrupted iterations
a1     [  17% ] 001/100 VUs  0m50.0s/5m0s  50.00 iters/s

running (0m51.0s), 002/100 VUs, 2548 complete and 0 interrupted iterations
a1     [  17% ] 002/100 VUs  0m51.0s/5m0s  50.00 iters/s

running (0m52.0s), 001/100 VUs, 2599 complete and 0 interrupted iterations
a1     [  17% ] 001/100 VUs  0m52.0s/5m0s  50.00 iters/s

running (0m53.0s), 002/100 VUs, 2648 complete and 0 interrupted iterations
a1     [  18% ] 002/100 VUs  0m53.0s/5m0s  50.00 iters/s

running (0m54.0s), 005/100 VUs, 2695 complete and 0 interrupted iterations
a1     [  18% ] 005/100 VUs  0m54.0s/5m0s  50.00 iters/s

running (0m55.0s), 002/100 VUs, 2748 complete and 0 interrupted iterations
a1     [  18% ] 002/100 VUs  0m55.0s/5m0s  50.00 iters/s

running (0m56.0s), 002/100 VUs, 2798 complete and 0 interrupted iterations
a1     [  19% ] 002/100 VUs  0m56.0s/5m0s  50.00 iters/s

running (0m57.0s), 002/100 VUs, 2848 complete and 0 interrupted iterations
a1     [  19% ] 002/100 VUs  0m57.0s/5m0s  50.00 iters/s

running (0m58.0s), 002/100 VUs, 2898 complete and 0 interrupted iterations
a1     [  19% ] 002/100 VUs  0m58.0s/5m0s  50.00 iters/s

running (0m59.0s), 002/100 VUs, 2948 complete and 0 interrupted iterations
a1     [  20% ] 002/100 VUs  0m59.0s/5m0s  50.00 iters/s

running (1m00.0s), 002/100 VUs, 2998 complete and 0 interrupted iterations
a1     [  20% ] 002/100 VUs  1m00.0s/5m0s  50.00 iters/s

running (1m01.0s), 001/100 VUs, 3049 complete and 0 interrupted iterations
a1     [  20% ] 001/100 VUs  1m01.0s/5m0s  50.00 iters/s

running (1m02.0s), 002/100 VUs, 3098 complete and 0 interrupted iterations
a1     [  21% ] 002/100 VUs  1m02.0s/5m0s  50.00 iters/s

running (1m03.0s), 002/100 VUs, 3148 complete and 0 interrupted iterations
a1     [  21% ] 002/100 VUs  1m03.0s/5m0s  50.00 iters/s

running (1m04.0s), 002/100 VUs, 3198 complete and 0 interrupted iterations
a1     [  21% ] 002/100 VUs  1m04.0s/5m0s  50.00 iters/s

running (1m05.0s), 002/100 VUs, 3248 complete and 0 interrupted iterations
a1     [  22% ] 002/100 VUs  1m05.0s/5m0s  50.00 iters/s

running (1m06.0s), 001/100 VUs, 3299 complete and 0 interrupted iterations
a1     [  22% ] 001/100 VUs  1m06.0s/5m0s  50.00 iters/s

running (1m07.0s), 002/100 VUs, 3348 complete and 0 interrupted iterations
a1     [  22% ] 002/100 VUs  1m07.0s/5m0s  50.00 iters/s

running (1m08.0s), 002/100 VUs, 3398 complete and 0 interrupted iterations
a1     [  23% ] 002/100 VUs  1m08.0s/5m0s  50.00 iters/s

running (1m09.0s), 002/100 VUs, 3448 complete and 0 interrupted iterations
a1     [  23% ] 002/100 VUs  1m09.0s/5m0s  50.00 iters/s

running (1m10.0s), 047/100 VUs, 3453 complete and 0 interrupted iterations
a1     [  23% ] 047/100 VUs  1m10.0s/5m0s  50.00 iters/s

running (1m11.0s), 097/100 VUs, 3453 complete and 0 interrupted iterations
a1     [  24% ] 097/100 VUs  1m11.0s/5m0s  50.00 iters/s

running (1m12.0s), 123/124 VUs, 3453 complete and 0 interrupted iterations
a1     [  24% ] 123/124 VUs  1m12.0s/5m0s  50.00 iters/s

running (1m13.0s), 148/149 VUs, 3453 complete and 0 interrupted iterations
a1     [  24% ] 148/149 VUs  1m13.0s/5m0s  50.00 iters/s

running (1m14.0s), 173/174 VUs, 3453 complete and 0 interrupted iterations
a1     [  25% ] 173/174 VUs  1m14.0s/5m0s  50.00 iters/s

running (1m15.0s), 198/198 VUs, 3454 complete and 0 interrupted iterations
a1     [  25% ] 198/198 VUs  1m15.0s/5m0s  50.00 iters/s

running (1m16.0s), 223/223 VUs, 3454 complete and 0 interrupted iterations
a1     [  25% ] 223/223 VUs  1m16.0s/5m0s  50.00 iters/s

running (1m17.0s), 143/236 VUs, 3571 complete and 0 interrupted iterations
a1     [  26% ] 143/236 VUs  1m17.0s/5m0s  50.00 iters/s

running (1m18.0s), 002/236 VUs, 3762 complete and 0 interrupted iterations
a1     [  26% ] 002/236 VUs  1m18.0s/5m0s  50.00 iters/s

running (1m19.0s), 002/236 VUs, 3812 complete and 0 interrupted iterations
a1     [  26% ] 002/236 VUs  1m19.0s/5m0s  50.00 iters/s

running (1m20.0s), 001/236 VUs, 3863 complete and 0 interrupted iterations
a1     [  27% ] 001/236 VUs  1m20.0s/5m0s  50.00 iters/s

running (1m21.0s), 002/236 VUs, 3912 complete and 0 interrupted iterations
a1     [  27% ] 002/236 VUs  1m21.0s/5m0s  50.00 iters/s

running (1m22.0s), 002/236 VUs, 3962 complete and 0 interrupted iterations
a1     [  27% ] 002/236 VUs  1m22.0s/5m0s  50.00 iters/s

running (1m23.0s), 001/236 VUs, 4013 complete and 0 interrupted iterations
a1     [  28% ] 001/236 VUs  1m23.0s/5m0s  50.00 iters/s

running (1m24.0s), 001/236 VUs, 4063 complete and 0 interrupted iterations
a1     [  28% ] 001/236 VUs  1m24.0s/5m0s  50.00 iters/s

running (1m25.0s), 001/236 VUs, 4113 complete and 0 interrupted iterations
a1     [  28% ] 001/236 VUs  1m25.0s/5m0s  50.00 iters/s

running (1m26.0s), 001/236 VUs, 4163 complete and 0 interrupted iterations
a1     [  29% ] 001/236 VUs  1m26.0s/5m0s  50.00 iters/s

running (1m27.0s), 001/236 VUs, 4213 complete and 0 interrupted iterations
a1     [  29% ] 001/236 VUs  1m27.0s/5m0s  50.00 iters/s

running (1m28.0s), 001/236 VUs, 4263 complete and 0 interrupted iterations
a1     [  29% ] 001/236 VUs  1m28.0s/5m0s  50.00 iters/s

running (1m29.0s), 001/236 VUs, 4313 complete and 0 interrupted iterations
a1     [  30% ] 001/236 VUs  1m29.0s/5m0s  50.00 iters/s

running (1m30.0s), 001/236 VUs, 4363 complete and 0 interrupted iterations
a1     [  30% ] 001/236 VUs  1m30.0s/5m0s  50.00 iters/s

running (1m31.0s), 001/236 VUs, 4413 complete and 0 interrupted iterations
a1     [  30% ] 001/236 VUs  1m31.0s/5m0s  50.00 iters/s

running (1m32.0s), 001/236 VUs, 4463 complete and 0 interrupted iterations
a1     [  31% ] 001/236 VUs  1m32.0s/5m0s  50.00 iters/s

running (1m33.0s), 001/236 VUs, 4513 complete and 0 interrupted iterations
a1     [  31% ] 001/236 VUs  1m33.0s/5m0s  50.00 iters/s

running (1m34.0s), 001/236 VUs, 4563 complete and 0 interrupted iterations
a1     [  31% ] 001/236 VUs  1m34.0s/5m0s  50.00 iters/s

running (1m35.0s), 002/236 VUs, 4612 complete and 0 interrupted iterations
a1     [  32% ] 002/236 VUs  1m35.0s/5m0s  50.00 iters/s

running (1m36.0s), 001/236 VUs, 4663 complete and 0 interrupted iterations
a1     [  32% ] 001/236 VUs  1m36.0s/5m0s  50.00 iters/s

running (1m37.0s), 001/236 VUs, 4713 complete and 0 interrupted iterations
a1     [  32% ] 001/236 VUs  1m37.0s/5m0s  50.00 iters/s

running (1m38.0s), 002/236 VUs, 4762 complete and 0 interrupted iterations
a1     [  33% ] 002/236 VUs  1m38.0s/5m0s  50.00 iters/s

running (1m39.0s), 001/236 VUs, 4813 complete and 0 interrupted iterations
a1     [  33% ] 001/236 VUs  1m39.0s/5m0s  50.00 iters/s

running (1m40.0s), 001/236 VUs, 4863 complete and 0 interrupted iterations
a1     [  33% ] 001/236 VUs  1m40.0s/5m0s  50.00 iters/s

running (1m41.0s), 002/236 VUs, 4912 complete and 0 interrupted iterations
a1     [  34% ] 002/236 VUs  1m41.0s/5m0s  50.00 iters/s

running (1m42.0s), 001/236 VUs, 4963 complete and 0 interrupted iterations
a1     [  34% ] 001/236 VUs  1m42.0s/5m0s  50.00 iters/s

running (1m43.0s), 001/236 VUs, 5013 complete and 0 interrupted iterations
a1     [  34% ] 001/236 VUs  1m43.0s/5m0s  50.00 iters/s

running (1m44.0s), 001/236 VUs, 5063 complete and 0 interrupted iterations
a1     [  35% ] 001/236 VUs  1m44.0s/5m0s  50.00 iters/s

running (1m45.0s), 001/236 VUs, 5113 complete and 0 interrupted iterations
a1     [  35% ] 001/236 VUs  1m45.0s/5m0s  50.00 iters/s

running (1m46.0s), 001/236 VUs, 5163 complete and 0 interrupted iterations
a1     [  35% ] 001/236 VUs  1m46.0s/5m0s  50.00 iters/s

running (1m47.0s), 001/236 VUs, 5213 complete and 0 interrupted iterations
a1     [  36% ] 001/236 VUs  1m47.0s/5m0s  50.00 iters/s

running (1m48.0s), 001/236 VUs, 5263 complete and 0 interrupted iterations
a1     [  36% ] 001/236 VUs  1m48.0s/5m0s  50.00 iters/s

running (1m49.0s), 001/236 VUs, 5313 complete and 0 interrupted iterations
a1     [  36% ] 001/236 VUs  1m49.0s/5m0s  50.00 iters/s

running (1m50.0s), 001/236 VUs, 5363 complete and 0 interrupted iterations
a1     [  37% ] 001/236 VUs  1m50.0s/5m0s  50.00 iters/s

running (1m51.0s), 001/236 VUs, 5413 complete and 0 interrupted iterations
a1     [  37% ] 001/236 VUs  1m51.0s/5m0s  50.00 iters/s

running (1m52.0s), 002/236 VUs, 5462 complete and 0 interrupted iterations
a1     [  37% ] 002/236 VUs  1m52.0s/5m0s  50.00 iters/s

running (1m53.0s), 001/236 VUs, 5513 complete and 0 interrupted iterations
a1     [  38% ] 001/236 VUs  1m53.0s/5m0s  50.00 iters/s
time="2026-09-09T17:34:51+05:00" level=warning msg="The test has generated metrics with 100066 unique time series, which is higher than the suggested limit of 100000 and could cause high memory usage. Consider not using high-cardinality values like unique IDs as metric tags or, if you need them in the URL, use the name metric tag or URL grouping. See https://grafana.com/docs/k6/latest/using-k6/tags-and-groups/ for details." component=metrics-engine-ingester

running (1m54.0s), 001/236 VUs, 5563 complete and 0 interrupted iterations
a1     [  38% ] 001/236 VUs  1m54.0s/5m0s  50.00 iters/s

running (1m55.0s), 001/236 VUs, 5613 complete and 0 interrupted iterations
a1     [  38% ] 001/236 VUs  1m55.0s/5m0s  50.00 iters/s

running (1m56.0s), 001/236 VUs, 5663 complete and 0 interrupted iterations
a1     [  39% ] 001/236 VUs  1m56.0s/5m0s  50.00 iters/s

running (1m57.0s), 001/236 VUs, 5713 complete and 0 interrupted iterations
a1     [  39% ] 001/236 VUs  1m57.0s/5m0s  50.00 iters/s

running (1m58.0s), 001/236 VUs, 5763 complete and 0 interrupted iterations
a1     [  39% ] 001/236 VUs  1m58.0s/5m0s  50.00 iters/s

running (1m59.0s), 001/236 VUs, 5813 complete and 0 interrupted iterations
a1     [  40% ] 001/236 VUs  1m59.0s/5m0s  50.00 iters/s

running (2m00.0s), 001/236 VUs, 5863 complete and 0 interrupted iterations
a1     [  40% ] 001/236 VUs  2m00.0s/5m0s  50.00 iters/s

running (2m01.0s), 002/236 VUs, 5912 complete and 0 interrupted iterations
a1     [  40% ] 002/236 VUs  2m01.0s/5m0s  50.00 iters/s

running (2m02.0s), 001/236 VUs, 5963 complete and 0 interrupted iterations
a1     [  41% ] 001/236 VUs  2m02.0s/5m0s  50.00 iters/s

running (2m03.0s), 001/236 VUs, 6013 complete and 0 interrupted iterations
a1     [  41% ] 001/236 VUs  2m03.0s/5m0s  50.00 iters/s

running (2m04.0s), 002/236 VUs, 6062 complete and 0 interrupted iterations
a1     [  41% ] 002/236 VUs  2m04.0s/5m0s  50.00 iters/s

running (2m05.0s), 002/236 VUs, 6112 complete and 0 interrupted iterations
a1     [  42% ] 001/236 VUs  2m05.0s/5m0s  50.00 iters/s

running (2m06.0s), 002/236 VUs, 6162 complete and 0 interrupted iterations
a1     [  42% ] 002/236 VUs  2m06.0s/5m0s  50.00 iters/s

running (2m07.0s), 003/236 VUs, 6211 complete and 0 interrupted iterations
a1     [  42% ] 003/236 VUs  2m07.0s/5m0s  50.00 iters/s

running (2m08.0s), 002/236 VUs, 6262 complete and 0 interrupted iterations
a1     [  43% ] 002/236 VUs  2m08.0s/5m0s  50.00 iters/s

running (2m09.0s), 005/236 VUs, 6309 complete and 0 interrupted iterations
a1     [  43% ] 005/236 VUs  2m09.0s/5m0s  50.00 iters/s

running (2m10.0s), 002/236 VUs, 6362 complete and 0 interrupted iterations
a1     [  43% ] 002/236 VUs  2m10.0s/5m0s  50.00 iters/s

running (2m11.0s), 002/236 VUs, 6412 complete and 0 interrupted iterations
a1     [  44% ] 002/236 VUs  2m11.0s/5m0s  50.00 iters/s

running (2m12.0s), 002/236 VUs, 6462 complete and 0 interrupted iterations
a1     [  44% ] 002/236 VUs  2m12.0s/5m0s  50.00 iters/s

running (2m13.0s), 002/236 VUs, 6512 complete and 0 interrupted iterations
a1     [  44% ] 002/236 VUs  2m13.0s/5m0s  50.00 iters/s

running (2m14.0s), 007/236 VUs, 6557 complete and 0 interrupted iterations
a1     [  45% ] 007/236 VUs  2m14.0s/5m0s  50.00 iters/s

running (2m15.0s), 002/236 VUs, 6612 complete and 0 interrupted iterations
a1     [  45% ] 002/236 VUs  2m15.0s/5m0s  50.00 iters/s

running (2m16.0s), 002/236 VUs, 6662 complete and 0 interrupted iterations
a1     [  45% ] 002/236 VUs  2m16.0s/5m0s  50.00 iters/s

running (2m17.0s), 002/236 VUs, 6712 complete and 0 interrupted iterations
a1     [  46% ] 002/236 VUs  2m17.0s/5m0s  50.00 iters/s

running (2m18.0s), 002/236 VUs, 6762 complete and 0 interrupted iterations
a1     [  46% ] 002/236 VUs  2m18.0s/5m0s  50.00 iters/s

running (2m19.0s), 001/236 VUs, 6813 complete and 0 interrupted iterations
a1     [  46% ] 001/236 VUs  2m19.0s/5m0s  50.00 iters/s

running (2m20.0s), 002/236 VUs, 6862 complete and 0 interrupted iterations
a1     [  47% ] 002/236 VUs  2m20.0s/5m0s  50.00 iters/s

running (2m21.0s), 001/236 VUs, 6913 complete and 0 interrupted iterations
a1     [  47% ] 001/236 VUs  2m21.0s/5m0s  50.00 iters/s

running (2m22.0s), 001/236 VUs, 6963 complete and 0 interrupted iterations
a1     [  47% ] 001/236 VUs  2m22.0s/5m0s  50.00 iters/s

running (2m23.0s), 002/236 VUs, 7012 complete and 0 interrupted iterations
a1     [  48% ] 002/236 VUs  2m23.0s/5m0s  50.00 iters/s

running (2m24.0s), 002/236 VUs, 7062 complete and 0 interrupted iterations
a1     [  48% ] 002/236 VUs  2m24.0s/5m0s  50.00 iters/s

running (2m25.0s), 001/236 VUs, 7113 complete and 0 interrupted iterations
a1     [  48% ] 001/236 VUs  2m25.0s/5m0s  50.00 iters/s

running (2m26.0s), 002/236 VUs, 7162 complete and 0 interrupted iterations
a1     [  49% ] 002/236 VUs  2m26.0s/5m0s  50.00 iters/s

running (2m27.0s), 002/236 VUs, 7212 complete and 0 interrupted iterations
a1     [  49% ] 002/236 VUs  2m27.0s/5m0s  50.00 iters/s

running (2m28.0s), 002/236 VUs, 7262 complete and 0 interrupted iterations
a1     [  49% ] 002/236 VUs  2m28.0s/5m0s  50.00 iters/s

running (2m29.0s), 001/236 VUs, 7313 complete and 0 interrupted iterations
a1     [  50% ] 001/236 VUs  2m29.0s/5m0s  50.00 iters/s

running (2m30.0s), 001/236 VUs, 7363 complete and 0 interrupted iterations
a1     [  50% ] 001/236 VUs  2m30.0s/5m0s  50.00 iters/s

running (2m31.0s), 002/236 VUs, 7412 complete and 0 interrupted iterations
a1     [  50% ] 002/236 VUs  2m31.0s/5m0s  50.00 iters/s

running (2m32.0s), 001/236 VUs, 7463 complete and 0 interrupted iterations
a1     [  51% ] 001/236 VUs  2m32.0s/5m0s  50.00 iters/s

running (2m33.0s), 001/236 VUs, 7513 complete and 0 interrupted iterations
a1     [  51% ] 001/236 VUs  2m33.0s/5m0s  50.00 iters/s

running (2m34.0s), 001/236 VUs, 7563 complete and 0 interrupted iterations
a1     [  51% ] 001/236 VUs  2m34.0s/5m0s  50.00 iters/s

running (2m35.0s), 001/236 VUs, 7613 complete and 0 interrupted iterations
a1     [  52% ] 001/236 VUs  2m35.0s/5m0s  50.00 iters/s

running (2m36.0s), 001/236 VUs, 7663 complete and 0 interrupted iterations
a1     [  52% ] 001/236 VUs  2m36.0s/5m0s  50.00 iters/s

running (2m37.0s), 001/236 VUs, 7713 complete and 0 interrupted iterations
a1     [  52% ] 001/236 VUs  2m37.0s/5m0s  50.00 iters/s

running (2m38.0s), 002/236 VUs, 7762 complete and 0 interrupted iterations
a1     [  53% ] 002/236 VUs  2m38.0s/5m0s  50.00 iters/s

running (2m39.0s), 001/236 VUs, 7813 complete and 0 interrupted iterations
a1     [  53% ] 001/236 VUs  2m39.0s/5m0s  50.00 iters/s

running (2m40.0s), 001/236 VUs, 7863 complete and 0 interrupted iterations
a1     [  53% ] 001/236 VUs  2m40.0s/5m0s  50.00 iters/s

running (2m41.0s), 001/236 VUs, 7913 complete and 0 interrupted iterations
a1     [  54% ] 001/236 VUs  2m41.0s/5m0s  50.00 iters/s

running (2m42.0s), 002/236 VUs, 7962 complete and 0 interrupted iterations
a1     [  54% ] 002/236 VUs  2m42.0s/5m0s  50.00 iters/s

running (2m43.0s), 001/236 VUs, 8013 complete and 0 interrupted iterations
a1     [  54% ] 001/236 VUs  2m43.0s/5m0s  50.00 iters/s

running (2m44.0s), 001/236 VUs, 8063 complete and 0 interrupted iterations
a1     [  55% ] 001/236 VUs  2m44.0s/5m0s  50.00 iters/s

running (2m45.0s), 002/236 VUs, 8112 complete and 0 interrupted iterations
a1     [  55% ] 002/236 VUs  2m45.0s/5m0s  50.00 iters/s

running (2m46.0s), 001/236 VUs, 8163 complete and 0 interrupted iterations
a1     [  55% ] 001/236 VUs  2m46.0s/5m0s  50.00 iters/s

running (2m47.0s), 002/236 VUs, 8212 complete and 0 interrupted iterations
a1     [  56% ] 002/236 VUs  2m47.0s/5m0s  50.00 iters/s

running (2m48.0s), 002/236 VUs, 8262 complete and 0 interrupted iterations
a1     [  56% ] 002/236 VUs  2m48.0s/5m0s  50.00 iters/s

running (2m49.0s), 001/236 VUs, 8313 complete and 0 interrupted iterations
a1     [  56% ] 001/236 VUs  2m49.0s/5m0s  50.00 iters/s

running (2m50.0s), 001/236 VUs, 8363 complete and 0 interrupted iterations
a1     [  57% ] 001/236 VUs  2m50.0s/5m0s  50.00 iters/s

running (2m51.0s), 002/236 VUs, 8412 complete and 0 interrupted iterations
a1     [  57% ] 002/236 VUs  2m51.0s/5m0s  50.00 iters/s

running (2m52.0s), 001/236 VUs, 8463 complete and 0 interrupted iterations
a1     [  57% ] 001/236 VUs  2m52.0s/5m0s  50.00 iters/s

running (2m53.0s), 001/236 VUs, 8513 complete and 0 interrupted iterations
a1     [  58% ] 001/236 VUs  2m53.0s/5m0s  50.00 iters/s

running (2m54.0s), 001/236 VUs, 8563 complete and 0 interrupted iterations
a1     [  58% ] 001/236 VUs  2m54.0s/5m0s  50.00 iters/s

running (2m55.0s), 001/236 VUs, 8613 complete and 0 interrupted iterations
a1     [  58% ] 001/236 VUs  2m55.0s/5m0s  50.00 iters/s

running (2m56.0s), 002/236 VUs, 8662 complete and 0 interrupted iterations
a1     [  59% ] 002/236 VUs  2m56.0s/5m0s  50.00 iters/s

running (2m57.0s), 001/236 VUs, 8713 complete and 0 interrupted iterations
a1     [  59% ] 001/236 VUs  2m57.0s/5m0s  50.00 iters/s

running (2m58.0s), 001/236 VUs, 8763 complete and 0 interrupted iterations
a1     [  59% ] 001/236 VUs  2m58.0s/5m0s  50.00 iters/s

running (2m59.0s), 002/236 VUs, 8812 complete and 0 interrupted iterations
a1     [  60% ] 002/236 VUs  2m59.0s/5m0s  50.00 iters/s

running (3m00.0s), 001/236 VUs, 8863 complete and 0 interrupted iterations
a1     [  60% ] 001/236 VUs  3m00.0s/5m0s  50.00 iters/s

running (3m01.0s), 001/236 VUs, 8913 complete and 0 interrupted iterations
a1     [  60% ] 001/236 VUs  3m01.0s/5m0s  50.00 iters/s

running (3m02.0s), 001/236 VUs, 8963 complete and 0 interrupted iterations
a1     [  61% ] 001/236 VUs  3m02.0s/5m0s  50.00 iters/s

running (3m03.0s), 002/236 VUs, 9012 complete and 0 interrupted iterations
a1     [  61% ] 002/236 VUs  3m03.0s/5m0s  50.00 iters/s

running (3m04.0s), 001/236 VUs, 9063 complete and 0 interrupted iterations
a1     [  61% ] 001/236 VUs  3m04.0s/5m0s  50.00 iters/s

running (3m05.0s), 001/236 VUs, 9113 complete and 0 interrupted iterations
a1     [  62% ] 001/236 VUs  3m05.0s/5m0s  50.00 iters/s

running (3m06.0s), 001/236 VUs, 9163 complete and 0 interrupted iterations
a1     [  62% ] 001/236 VUs  3m06.0s/5m0s  50.00 iters/s

running (3m07.0s), 001/236 VUs, 9213 complete and 0 interrupted iterations
a1     [  62% ] 001/236 VUs  3m07.0s/5m0s  50.00 iters/s

running (3m08.0s), 001/236 VUs, 9263 complete and 0 interrupted iterations
a1     [  63% ] 001/236 VUs  3m08.0s/5m0s  50.00 iters/s

running (3m09.0s), 001/236 VUs, 9313 complete and 0 interrupted iterations
a1     [  63% ] 001/236 VUs  3m09.0s/5m0s  50.00 iters/s

running (3m10.0s), 001/236 VUs, 9363 complete and 0 interrupted iterations
a1     [  63% ] 001/236 VUs  3m10.0s/5m0s  50.00 iters/s

running (3m11.0s), 001/236 VUs, 9413 complete and 0 interrupted iterations
a1     [  64% ] 001/236 VUs  3m11.0s/5m0s  50.00 iters/s

running (3m12.0s), 001/236 VUs, 9463 complete and 0 interrupted iterations
a1     [  64% ] 001/236 VUs  3m12.0s/5m0s  50.00 iters/s

running (3m13.0s), 001/236 VUs, 9513 complete and 0 interrupted iterations
a1     [  64% ] 001/236 VUs  3m13.0s/5m0s  50.00 iters/s

running (3m14.0s), 001/236 VUs, 9563 complete and 0 interrupted iterations
a1     [  65% ] 001/236 VUs  3m14.0s/5m0s  50.00 iters/s

running (3m15.0s), 001/236 VUs, 9613 complete and 0 interrupted iterations
a1     [  65% ] 001/236 VUs  3m15.0s/5m0s  50.00 iters/s

running (3m16.0s), 001/236 VUs, 9663 complete and 0 interrupted iterations
a1     [  65% ] 001/236 VUs  3m16.0s/5m0s  50.00 iters/s

running (3m17.0s), 001/236 VUs, 9713 complete and 0 interrupted iterations
a1     [  66% ] 001/236 VUs  3m17.0s/5m0s  50.00 iters/s

running (3m18.0s), 001/236 VUs, 9763 complete and 0 interrupted iterations
a1     [  66% ] 001/236 VUs  3m18.0s/5m0s  50.00 iters/s

running (3m19.0s), 001/236 VUs, 9813 complete and 0 interrupted iterations
a1     [  66% ] 001/236 VUs  3m19.0s/5m0s  50.00 iters/s

running (3m20.0s), 001/236 VUs, 9863 complete and 0 interrupted iterations
a1     [  67% ] 001/236 VUs  3m20.0s/5m0s  50.00 iters/s

running (3m21.0s), 001/236 VUs, 9913 complete and 0 interrupted iterations
a1     [  67% ] 001/236 VUs  3m21.0s/5m0s  50.00 iters/s

running (3m22.0s), 001/236 VUs, 9963 complete and 0 interrupted iterations
a1     [  67% ] 001/236 VUs  3m22.0s/5m0s  50.00 iters/s

running (3m23.0s), 001/236 VUs, 10013 complete and 0 interrupted iterations
a1     [  68% ] 001/236 VUs  3m23.0s/5m0s  50.00 iters/s

running (3m24.0s), 001/236 VUs, 10063 complete and 0 interrupted iterations
a1     [  68% ] 001/236 VUs  3m24.0s/5m0s  50.00 iters/s

running (3m25.0s), 001/236 VUs, 10113 complete and 0 interrupted iterations
a1     [  68% ] 001/236 VUs  3m25.0s/5m0s  50.00 iters/s

running (3m26.0s), 001/236 VUs, 10163 complete and 0 interrupted iterations
a1     [  69% ] 001/236 VUs  3m26.0s/5m0s  50.00 iters/s

running (3m27.0s), 001/236 VUs, 10213 complete and 0 interrupted iterations
a1     [  69% ] 001/236 VUs  3m27.0s/5m0s  50.00 iters/s

running (3m28.0s), 001/236 VUs, 10263 complete and 0 interrupted iterations
a1     [  69% ] 001/236 VUs  3m28.0s/5m0s  50.00 iters/s

running (3m29.0s), 001/236 VUs, 10313 complete and 0 interrupted iterations
a1     [  70% ] 001/236 VUs  3m29.0s/5m0s  50.00 iters/s

running (3m30.0s), 001/236 VUs, 10363 complete and 0 interrupted iterations
a1     [  70% ] 001/236 VUs  3m30.0s/5m0s  50.00 iters/s

running (3m31.0s), 001/236 VUs, 10413 complete and 0 interrupted iterations
a1     [  70% ] 001/236 VUs  3m31.0s/5m0s  50.00 iters/s

running (3m32.0s), 001/236 VUs, 10463 complete and 0 interrupted iterations
a1     [  71% ] 001/236 VUs  3m32.0s/5m0s  50.00 iters/s

running (3m33.0s), 001/236 VUs, 10513 complete and 0 interrupted iterations
a1     [  71% ] 001/236 VUs  3m33.0s/5m0s  50.00 iters/s

running (3m34.0s), 001/236 VUs, 10563 complete and 0 interrupted iterations
a1     [  71% ] 001/236 VUs  3m34.0s/5m0s  50.00 iters/s

running (3m35.0s), 001/236 VUs, 10613 complete and 0 interrupted iterations
a1     [  72% ] 001/236 VUs  3m35.0s/5m0s  50.00 iters/s

running (3m36.0s), 001/236 VUs, 10663 complete and 0 interrupted iterations
a1     [  72% ] 001/236 VUs  3m36.0s/5m0s  50.00 iters/s

running (3m37.0s), 001/236 VUs, 10713 complete and 0 interrupted iterations
a1     [  72% ] 001/236 VUs  3m37.0s/5m0s  50.00 iters/s

running (3m38.0s), 001/236 VUs, 10763 complete and 0 interrupted iterations
a1     [  73% ] 001/236 VUs  3m38.0s/5m0s  50.00 iters/s

running (3m39.0s), 001/236 VUs, 10813 complete and 0 interrupted iterations
a1     [  73% ] 001/236 VUs  3m39.0s/5m0s  50.00 iters/s

running (3m40.0s), 001/236 VUs, 10863 complete and 0 interrupted iterations
a1     [  73% ] 001/236 VUs  3m40.0s/5m0s  50.00 iters/s

running (3m41.0s), 001/236 VUs, 10913 complete and 0 interrupted iterations
a1     [  74% ] 001/236 VUs  3m41.0s/5m0s  50.00 iters/s

running (3m42.0s), 001/236 VUs, 10963 complete and 0 interrupted iterations
a1     [  74% ] 001/236 VUs  3m42.0s/5m0s  50.00 iters/s

running (3m43.0s), 001/236 VUs, 11013 complete and 0 interrupted iterations
a1     [  74% ] 001/236 VUs  3m43.0s/5m0s  50.00 iters/s

running (3m44.0s), 002/236 VUs, 11062 complete and 0 interrupted iterations
a1     [  75% ] 002/236 VUs  3m44.0s/5m0s  50.00 iters/s
time="2026-09-09T17:36:42+05:00" level=warning msg="The test has generated metrics with 200020 unique time series, which is higher than the suggested limit of 100000 and could cause high memory usage. Consider not using high-cardinality values like unique IDs as metric tags or, if you need them in the URL, use the name metric tag or URL grouping. See https://grafana.com/docs/k6/latest/using-k6/tags-and-groups/ for details." component=metrics-engine-ingester

running (3m45.0s), 001/236 VUs, 11113 complete and 0 interrupted iterations
a1     [  75% ] 001/236 VUs  3m45.0s/5m0s  50.00 iters/s

running (3m46.0s), 001/236 VUs, 11163 complete and 0 interrupted iterations
a1     [  75% ] 001/236 VUs  3m46.0s/5m0s  50.00 iters/s

running (3m47.0s), 001/236 VUs, 11213 complete and 0 interrupted iterations
a1     [  76% ] 001/236 VUs  3m47.0s/5m0s  50.00 iters/s

running (3m48.0s), 001/236 VUs, 11263 complete and 0 interrupted iterations
a1     [  76% ] 001/236 VUs  3m48.0s/5m0s  50.00 iters/s

running (3m49.0s), 001/236 VUs, 11313 complete and 0 interrupted iterations
a1     [  76% ] 001/236 VUs  3m49.0s/5m0s  50.00 iters/s

running (3m50.0s), 001/236 VUs, 11363 complete and 0 interrupted iterations
a1     [  77% ] 001/236 VUs  3m50.0s/5m0s  50.00 iters/s

running (3m51.0s), 001/236 VUs, 11413 complete and 0 interrupted iterations
a1     [  77% ] 001/236 VUs  3m51.0s/5m0s  50.00 iters/s

running (3m52.0s), 001/236 VUs, 11463 complete and 0 interrupted iterations
a1     [  77% ] 001/236 VUs  3m52.0s/5m0s  50.00 iters/s

running (3m53.0s), 001/236 VUs, 11513 complete and 0 interrupted iterations
a1     [  78% ] 001/236 VUs  3m53.0s/5m0s  50.00 iters/s

running (3m54.0s), 001/236 VUs, 11563 complete and 0 interrupted iterations
a1     [  78% ] 001/236 VUs  3m54.0s/5m0s  50.00 iters/s

running (3m55.0s), 001/236 VUs, 11613 complete and 0 interrupted iterations
a1     [  78% ] 001/236 VUs  3m55.0s/5m0s  50.00 iters/s

running (3m56.0s), 001/236 VUs, 11663 complete and 0 interrupted iterations
a1     [  79% ] 001/236 VUs  3m56.0s/5m0s  50.00 iters/s

running (3m57.0s), 001/236 VUs, 11713 complete and 0 interrupted iterations
a1     [  79% ] 001/236 VUs  3m57.0s/5m0s  50.00 iters/s

running (3m58.0s), 001/236 VUs, 11763 complete and 0 interrupted iterations
a1     [  79% ] 001/236 VUs  3m58.0s/5m0s  50.00 iters/s

running (3m59.0s), 001/236 VUs, 11813 complete and 0 interrupted iterations
a1     [  80% ] 001/236 VUs  3m59.0s/5m0s  50.00 iters/s

running (4m00.0s), 001/236 VUs, 11863 complete and 0 interrupted iterations
a1     [  80% ] 001/236 VUs  4m00.0s/5m0s  50.00 iters/s

running (4m01.0s), 001/236 VUs, 11913 complete and 0 interrupted iterations
a1     [  80% ] 001/236 VUs  4m01.0s/5m0s  50.00 iters/s

running (4m02.0s), 001/236 VUs, 11963 complete and 0 interrupted iterations
a1     [  81% ] 001/236 VUs  4m02.0s/5m0s  50.00 iters/s

running (4m03.0s), 001/236 VUs, 12013 complete and 0 interrupted iterations
a1     [  81% ] 001/236 VUs  4m03.0s/5m0s  50.00 iters/s

running (4m04.0s), 001/236 VUs, 12063 complete and 0 interrupted iterations
a1     [  81% ] 001/236 VUs  4m04.0s/5m0s  50.00 iters/s

running (4m05.0s), 001/236 VUs, 12113 complete and 0 interrupted iterations
a1     [  82% ] 001/236 VUs  4m05.0s/5m0s  50.00 iters/s

running (4m06.0s), 001/236 VUs, 12163 complete and 0 interrupted iterations
a1     [  82% ] 001/236 VUs  4m06.0s/5m0s  50.00 iters/s

running (4m07.0s), 001/236 VUs, 12213 complete and 0 interrupted iterations
a1     [  82% ] 001/236 VUs  4m07.0s/5m0s  50.00 iters/s

running (4m08.0s), 001/236 VUs, 12263 complete and 0 interrupted iterations
a1     [  83% ] 001/236 VUs  4m08.0s/5m0s  50.00 iters/s

running (4m09.0s), 001/236 VUs, 12313 complete and 0 interrupted iterations
a1     [  83% ] 001/236 VUs  4m09.0s/5m0s  50.00 iters/s

running (4m10.0s), 001/236 VUs, 12363 complete and 0 interrupted iterations
a1     [  83% ] 001/236 VUs  4m10.0s/5m0s  50.00 iters/s

running (4m11.0s), 001/236 VUs, 12413 complete and 0 interrupted iterations
a1     [  84% ] 001/236 VUs  4m11.0s/5m0s  50.00 iters/s

running (4m12.0s), 001/236 VUs, 12463 complete and 0 interrupted iterations
a1     [  84% ] 001/236 VUs  4m12.0s/5m0s  50.00 iters/s

running (4m13.0s), 001/236 VUs, 12513 complete and 0 interrupted iterations
a1     [  84% ] 001/236 VUs  4m13.0s/5m0s  50.00 iters/s

running (4m14.0s), 001/236 VUs, 12563 complete and 0 interrupted iterations
a1     [  85% ] 001/236 VUs  4m14.0s/5m0s  50.00 iters/s

running (4m15.0s), 001/236 VUs, 12613 complete and 0 interrupted iterations
a1     [  85% ] 001/236 VUs  4m15.0s/5m0s  50.00 iters/s

running (4m16.0s), 001/236 VUs, 12663 complete and 0 interrupted iterations
a1     [  85% ] 001/236 VUs  4m16.0s/5m0s  50.00 iters/s

running (4m17.0s), 001/236 VUs, 12713 complete and 0 interrupted iterations
a1     [  86% ] 001/236 VUs  4m17.0s/5m0s  50.00 iters/s

running (4m18.0s), 001/236 VUs, 12763 complete and 0 interrupted iterations
a1     [  86% ] 001/236 VUs  4m18.0s/5m0s  50.00 iters/s

running (4m19.0s), 001/236 VUs, 12813 complete and 0 interrupted iterations
a1     [  86% ] 001/236 VUs  4m19.0s/5m0s  50.00 iters/s

running (4m20.0s), 001/236 VUs, 12863 complete and 0 interrupted iterations
a1     [  87% ] 001/236 VUs  4m20.0s/5m0s  50.00 iters/s

running (4m21.0s), 001/236 VUs, 12913 complete and 0 interrupted iterations
a1     [  87% ] 001/236 VUs  4m21.0s/5m0s  50.00 iters/s

running (4m22.0s), 001/236 VUs, 12963 complete and 0 interrupted iterations
a1     [  87% ] 001/236 VUs  4m22.0s/5m0s  50.00 iters/s

running (4m23.0s), 001/236 VUs, 13013 complete and 0 interrupted iterations
a1     [  88% ] 001/236 VUs  4m23.0s/5m0s  50.00 iters/s

running (4m24.0s), 001/236 VUs, 13063 complete and 0 interrupted iterations
a1     [  88% ] 001/236 VUs  4m24.0s/5m0s  50.00 iters/s

running (4m25.0s), 001/236 VUs, 13113 complete and 0 interrupted iterations
a1     [  88% ] 001/236 VUs  4m25.0s/5m0s  50.00 iters/s

running (4m26.0s), 001/236 VUs, 13163 complete and 0 interrupted iterations
a1     [  89% ] 001/236 VUs  4m26.0s/5m0s  50.00 iters/s

running (4m27.0s), 001/236 VUs, 13213 complete and 0 interrupted iterations
a1     [  89% ] 001/236 VUs  4m27.0s/5m0s  50.00 iters/s

running (4m28.0s), 001/236 VUs, 13263 complete and 0 interrupted iterations
a1     [  89% ] 001/236 VUs  4m28.0s/5m0s  50.00 iters/s

running (4m29.0s), 001/236 VUs, 13313 complete and 0 interrupted iterations
a1     [  90% ] 001/236 VUs  4m29.0s/5m0s  50.00 iters/s

running (4m30.0s), 001/236 VUs, 13363 complete and 0 interrupted iterations
a1     [  90% ] 001/236 VUs  4m30.0s/5m0s  50.00 iters/s

running (4m31.0s), 001/236 VUs, 13413 complete and 0 interrupted iterations
a1     [  90% ] 001/236 VUs  4m31.0s/5m0s  50.00 iters/s

running (4m32.0s), 001/236 VUs, 13463 complete and 0 interrupted iterations
a1     [  91% ] 001/236 VUs  4m32.0s/5m0s  50.00 iters/s

running (4m33.0s), 001/236 VUs, 13513 complete and 0 interrupted iterations
a1     [  91% ] 001/236 VUs  4m33.0s/5m0s  50.00 iters/s

running (4m34.0s), 001/236 VUs, 13563 complete and 0 interrupted iterations
a1     [  91% ] 001/236 VUs  4m34.0s/5m0s  50.00 iters/s

running (4m35.0s), 004/236 VUs, 13610 complete and 0 interrupted iterations
a1     [  92% ] 004/236 VUs  4m35.0s/5m0s  50.00 iters/s

running (4m36.0s), 001/236 VUs, 13663 complete and 0 interrupted iterations
a1     [  92% ] 001/236 VUs  4m36.0s/5m0s  50.00 iters/s

running (4m37.0s), 001/236 VUs, 13713 complete and 0 interrupted iterations
a1     [  92% ] 001/236 VUs  4m37.0s/5m0s  50.00 iters/s

running (4m38.0s), 001/236 VUs, 13763 complete and 0 interrupted iterations
a1     [  93% ] 001/236 VUs  4m38.0s/5m0s  50.00 iters/s

running (4m39.0s), 001/236 VUs, 13813 complete and 0 interrupted iterations
a1     [  93% ] 001/236 VUs  4m39.0s/5m0s  50.00 iters/s

running (4m40.0s), 001/236 VUs, 13863 complete and 0 interrupted iterations
a1     [  93% ] 001/236 VUs  4m40.0s/5m0s  50.00 iters/s

running (4m41.0s), 001/236 VUs, 13913 complete and 0 interrupted iterations
a1     [  94% ] 001/236 VUs  4m41.0s/5m0s  50.00 iters/s

running (4m42.0s), 001/236 VUs, 13963 complete and 0 interrupted iterations
a1     [  94% ] 001/236 VUs  4m42.0s/5m0s  50.00 iters/s

running (4m43.0s), 001/236 VUs, 14013 complete and 0 interrupted iterations
a1     [  94% ] 001/236 VUs  4m43.0s/5m0s  50.00 iters/s

running (4m44.0s), 001/236 VUs, 14063 complete and 0 interrupted iterations
a1     [  95% ] 001/236 VUs  4m44.0s/5m0s  50.00 iters/s

running (4m45.0s), 001/236 VUs, 14113 complete and 0 interrupted iterations
a1     [  95% ] 001/236 VUs  4m45.0s/5m0s  50.00 iters/s

running (4m46.0s), 001/236 VUs, 14163 complete and 0 interrupted iterations
a1     [  95% ] 001/236 VUs  4m46.0s/5m0s  50.00 iters/s

running (4m47.0s), 001/236 VUs, 14213 complete and 0 interrupted iterations
a1     [  96% ] 001/236 VUs  4m47.0s/5m0s  50.00 iters/s

running (4m48.0s), 001/236 VUs, 14263 complete and 0 interrupted iterations
a1     [  96% ] 001/236 VUs  4m48.0s/5m0s  50.00 iters/s

running (4m49.0s), 001/236 VUs, 14313 complete and 0 interrupted iterations
a1     [  96% ] 001/236 VUs  4m49.0s/5m0s  50.00 iters/s

running (4m50.0s), 001/236 VUs, 14363 complete and 0 interrupted iterations
a1     [  97% ] 001/236 VUs  4m50.0s/5m0s  50.00 iters/s

running (4m51.0s), 001/236 VUs, 14413 complete and 0 interrupted iterations
a1     [  97% ] 001/236 VUs  4m51.0s/5m0s  50.00 iters/s

running (4m52.0s), 001/236 VUs, 14463 complete and 0 interrupted iterations
a1     [  97% ] 001/236 VUs  4m52.0s/5m0s  50.00 iters/s

running (4m53.0s), 001/236 VUs, 14513 complete and 0 interrupted iterations
a1     [  98% ] 001/236 VUs  4m53.0s/5m0s  50.00 iters/s

running (4m54.0s), 001/236 VUs, 14563 complete and 0 interrupted iterations
a1     [  98% ] 001/236 VUs  4m54.0s/5m0s  50.00 iters/s

running (4m55.0s), 001/236 VUs, 14613 complete and 0 interrupted iterations
a1     [  98% ] 001/236 VUs  4m55.0s/5m0s  50.00 iters/s

running (4m56.0s), 001/236 VUs, 14663 complete and 0 interrupted iterations
a1     [  99% ] 001/236 VUs  4m56.0s/5m0s  50.00 iters/s

running (4m57.0s), 001/236 VUs, 14713 complete and 0 interrupted iterations
a1     [  99% ] 001/236 VUs  4m57.0s/5m0s  50.00 iters/s

running (4m58.0s), 001/236 VUs, 14763 complete and 0 interrupted iterations
a1     [  99% ] 001/236 VUs  4m58.0s/5m0s  50.00 iters/s

running (4m59.0s), 001/236 VUs, 14813 complete and 0 interrupted iterations
a1     [ 100% ] 001/236 VUs  4m59.0s/5m0s  50.00 iters/s

running (5m00.0s), 001/236 VUs, 14863 complete and 0 interrupted iterations
a1     [ 100% ] 001/236 VUs  5m00.0s/5m0s  50.00 iters/s


  █ THRESHOLDS 

    http_req_failed
    ✓ 'rate<0.05' rate=0.00%


  █ TOTAL RESULTS 

    checks_total.......: 44595   148.642012/s
    checks_succeeded...: 100.00% 44595 out of 44595
    checks_failed......: 0.00%   0 out of 44595

    ✓ initiated
    ✓ validated
    ✓ terminal

    CUSTOM
    a1_lifecycle_duration..........: avg=104.86ms min=10ms    med=22ms    p(95)=51ms    p(99)=4s       max=7.88s
    a1_lifecycles_completed........: 14865  49.547337/s
    a1_transitions_committed.......: 44595  148.642012/s

    HTTP
    http_req_duration..............: avg=34.75ms  min=2.79ms  med=6.69ms  p(95)=16.65ms p(99)=312.61ms max=6.85s
      { expected_response:true }...: avg=34.75ms  min=2.79ms  med=6.69ms  p(95)=16.65ms p(99)=312.61ms max=6.85s
    http_req_failed................: 0.00%  0 out of 44595
    http_reqs......................: 44595  148.642012/s

    EXECUTION
    dropped_iterations.............: 136    0.453309/s
    iteration_duration.............: avg=104.98ms min=10.02ms med=22.03ms p(95)=51.08ms p(99)=4s       max=7.87s
    iterations.....................: 14865  49.547337/s
    vus............................: 1      min=1          max=223
    vus_max........................: 236    min=100        max=236

    NETWORK
    data_received..................: 17 MB  57 kB/s
    data_sent......................: 9.7 MB 33 kB/s




running (5m00.0s), 000/236 VUs, 14865 complete and 0 interrupted iterations
a1   ✓ [ 100% ] 000/236 VUs  5m0s  50.00 iters/s
