[13:53:54] === RUN WRAPPER_B3-P1-r1-F2-20260904135354 ===
[13:53:54] mode=WRAPPER_B3 profile=P1 rep=1 tps=50 duration=180s fault=F2
[13:53:54] jar: target/master-thesis-observability-0.0.1-SNAPSHOT.jar
[13:53:54] workload tozalanmoqda (reference saqlanadi)
workload reset; reference data preserved
AQ backlog purged: 0 -> 0
[13:53:55] Kafka topigi qayta yaratilmoqda
[13:54:04] ilova ishga tushirilmoqda (mode=WRAPPER_B3)
[13:54:16] ilova tayyor (pid 1414027)
[13:54:23] fault F2 60s dan keyin yuboriladi
[13:54:23] k6 yuklamasi boshlandi
[fault 13:55:26] kafka-2 va kafka-3 to'xtatilmoqda (90s)
[fault 13:57:08] brokerlar qaytarilmoqda
[fault 13:57:09] F2 tugadi
[13:57:38] pipeline bo'shashi kutilmoqda (maks 120s)
[13:57:49] pipeline bo'sh (4s, sink=27003 xabar)
[13:58:02] ground truth eksport qilinmoqda
[13:58:03] Kafka topigi eksport qilinmoqda
[13:58:30] tahlil
{
  "mode": "WRAPPER_B3",
  "profile": "P1",
  "rep": "1",
  "fault": "F2",
  "ground_truth_transitions": 27003,
  "delivered_distinct": 27003,
  "delivered_total": 27003,
  "matched": 27003,
  "missing": 0,
  "phantom": 0,
  "malformed": 0,
  "loss_rate": 0.0,
  "loss_rate_ppm": 0.0,
  "duplicate_rate": 0.0,
  "ordering_violation_rate": 0.0,
  "txns_split_across_partitions": 0,
  "latency_ms_p50": 20544,
  "latency_ms_p95": 101230,
  "latency_ms_p99": 110744,
  "latency_ms_max": 112658,
  "latency_ms_mean": 33968.9,
  "latency_samples": 27003,
  "latency_negative_samples": 0,
  "loss_rate_upper_bound_95_ppm": 111.1
}
[13:58:30] ilova va konnektor to'xtatilmoqda
[13:58:34] === TUGADI: results/WRAPPER_B3-P1-r1-F2-20260904135354 ===
