
         /\      Grafana   /‾‾/  
    /\  /  \     |\  __   /  /   
   /  \/    \    | |/ /  /   ‾‾\ 
  /          \   |   (  |  (‾)  |
 / __________ \  |_|\_\  \_____/ 


     execution: local
        script: harness/k6/a1-workload.js
        output: -

     scenarios: (100.00%) 1 scenario, 600 max VUs, 3m30s max duration (incl. graceful stop):
              * a1: 50.00 iterations/s for 3m0s (maxVUs: 100-600, gracefulStop: 30s)


running (0m01.0s), 050/100 VUs, 0 complete and 0 interrupted iterations
a1     [   1% ] 050/100 VUs  0m01.0s/3m0s  50.00 iters/s

running (0m02.0s), 045/100 VUs, 55 complete and 0 interrupted iterations
a1     [   1% ] 045/100 VUs  0m02.0s/3m0s  50.00 iters/s

running (0m03.0s), 002/100 VUs, 148 complete and 0 interrupted iterations
a1     [   2% ] 002/100 VUs  0m03.0s/3m0s  50.00 iters/s

running (0m04.0s), 045/100 VUs, 155 complete and 0 interrupted iterations
a1     [   2% ] 045/100 VUs  0m04.0s/3m0s  50.00 iters/s

running (0m05.0s), 032/100 VUs, 218 complete and 0 interrupted iterations
a1     [   3% ] 032/100 VUs  0m05.0s/3m0s  50.00 iters/s

running (0m06.0s), 004/100 VUs, 296 complete and 0 interrupted iterations
a1     [   3% ] 004/100 VUs  0m06.0s/3m0s  50.00 iters/s

running (0m07.0s), 001/100 VUs, 349 complete and 0 interrupted iterations
a1     [   4% ] 001/100 VUs  0m07.0s/3m0s  50.00 iters/s

running (0m08.0s), 045/100 VUs, 355 complete and 0 interrupted iterations
a1     [   4% ] 045/100 VUs  0m08.0s/3m0s  50.00 iters/s

running (0m09.0s), 002/100 VUs, 448 complete and 0 interrupted iterations
a1     [   5% ] 002/100 VUs  0m09.0s/3m0s  50.00 iters/s

running (0m10.0s), 002/100 VUs, 498 complete and 0 interrupted iterations
a1     [   6% ] 002/100 VUs  0m10.0s/3m0s  50.00 iters/s

running (0m11.0s), 001/100 VUs, 549 complete and 0 interrupted iterations
a1     [   6% ] 001/100 VUs  0m11.0s/3m0s  50.00 iters/s

running (0m12.0s), 001/100 VUs, 599 complete and 0 interrupted iterations
a1     [   7% ] 001/100 VUs  0m12.0s/3m0s  50.00 iters/s

running (0m13.0s), 002/100 VUs, 648 complete and 0 interrupted iterations
a1     [   7% ] 002/100 VUs  0m13.0s/3m0s  50.00 iters/s

running (0m14.0s), 001/100 VUs, 699 complete and 0 interrupted iterations
a1     [   8% ] 001/100 VUs  0m14.0s/3m0s  50.00 iters/s

running (0m15.0s), 003/100 VUs, 747 complete and 0 interrupted iterations
a1     [   8% ] 003/100 VUs  0m15.0s/3m0s  50.00 iters/s

running (0m16.0s), 002/100 VUs, 798 complete and 0 interrupted iterations
a1     [   9% ] 002/100 VUs  0m16.0s/3m0s  50.00 iters/s

running (0m17.0s), 002/100 VUs, 848 complete and 0 interrupted iterations
a1     [   9% ] 002/100 VUs  0m17.0s/3m0s  50.00 iters/s

running (0m18.0s), 037/100 VUs, 863 complete and 0 interrupted iterations
a1     [  10% ] 037/100 VUs  0m18.0s/3m0s  50.00 iters/s

running (0m19.0s), 025/100 VUs, 925 complete and 0 interrupted iterations
a1     [  11% ] 025/100 VUs  0m19.0s/3m0s  50.00 iters/s

running (0m20.0s), 001/100 VUs, 999 complete and 0 interrupted iterations
a1     [  11% ] 001/100 VUs  0m20.0s/3m0s  50.00 iters/s

running (0m21.0s), 025/100 VUs, 1025 complete and 0 interrupted iterations
a1     [  12% ] 025/100 VUs  0m21.0s/3m0s  50.00 iters/s

running (0m22.0s), 046/100 VUs, 1054 complete and 0 interrupted iterations
a1     [  12% ] 046/100 VUs  0m22.0s/3m0s  50.00 iters/s

running (0m23.0s), 050/100 VUs, 1100 complete and 0 interrupted iterations
a1     [  13% ] 050/100 VUs  0m23.0s/3m0s  50.00 iters/s

running (0m24.0s), 062/100 VUs, 1138 complete and 0 interrupted iterations
a1     [  13% ] 062/100 VUs  0m24.0s/3m0s  50.00 iters/s

running (0m25.0s), 015/100 VUs, 1235 complete and 0 interrupted iterations
a1     [  14% ] 015/100 VUs  0m25.0s/3m0s  50.00 iters/s

running (0m26.0s), 001/100 VUs, 1299 complete and 0 interrupted iterations
a1     [  14% ] 001/100 VUs  0m26.0s/3m0s  50.00 iters/s

running (0m27.0s), 001/100 VUs, 1349 complete and 0 interrupted iterations
a1     [  15% ] 001/100 VUs  0m27.0s/3m0s  50.00 iters/s

running (0m28.0s), 001/100 VUs, 1399 complete and 0 interrupted iterations
a1     [  16% ] 001/100 VUs  0m28.0s/3m0s  50.00 iters/s

running (0m29.0s), 028/100 VUs, 1422 complete and 0 interrupted iterations
a1     [  16% ] 028/100 VUs  0m29.0s/3m0s  50.00 iters/s

running (0m30.0s), 018/100 VUs, 1482 complete and 0 interrupted iterations
a1     [  17% ] 018/100 VUs  0m30.0s/3m0s  50.00 iters/s

running (0m31.0s), 028/100 VUs, 1522 complete and 0 interrupted iterations
a1     [  17% ] 028/100 VUs  0m31.0s/3m0s  50.00 iters/s

running (0m32.0s), 029/100 VUs, 1571 complete and 0 interrupted iterations
a1     [  18% ] 029/100 VUs  0m32.0s/3m0s  50.00 iters/s

running (0m33.0s), 063/100 VUs, 1587 complete and 0 interrupted iterations
a1     [  18% ] 063/100 VUs  0m33.0s/3m0s  50.00 iters/s

running (0m34.0s), 062/100 VUs, 1638 complete and 0 interrupted iterations
a1     [  19% ] 062/100 VUs  0m34.0s/3m0s  50.00 iters/s

running (0m35.0s), 085/100 VUs, 1665 complete and 0 interrupted iterations
a1     [  19% ] 085/100 VUs  0m35.0s/3m0s  50.00 iters/s

running (0m36.0s), 095/100 VUs, 1705 complete and 0 interrupted iterations
a1     [  20% ] 095/100 VUs  0m36.0s/3m0s  50.00 iters/s

running (0m37.0s), 095/105 VUs, 1750 complete and 0 interrupted iterations
a1     [  21% ] 095/105 VUs  0m37.0s/3m0s  50.00 iters/s

running (0m38.0s), 104/113 VUs, 1783 complete and 0 interrupted iterations
a1     [  21% ] 104/113 VUs  0m38.0s/3m0s  50.00 iters/s

running (0m39.0s), 001/113 VUs, 1936 complete and 0 interrupted iterations
a1     [  22% ] 001/113 VUs  0m39.0s/3m0s  50.00 iters/s

running (0m40.0s), 001/113 VUs, 1986 complete and 0 interrupted iterations
a1     [  22% ] 001/113 VUs  0m40.0s/3m0s  50.00 iters/s

running (0m41.0s), 001/113 VUs, 2036 complete and 0 interrupted iterations
a1     [  23% ] 001/113 VUs  0m41.0s/3m0s  50.00 iters/s

running (0m42.0s), 031/113 VUs, 2056 complete and 0 interrupted iterations
a1     [  23% ] 031/113 VUs  0m42.0s/3m0s  50.00 iters/s

running (0m43.0s), 017/113 VUs, 2120 complete and 0 interrupted iterations
a1     [  24% ] 017/113 VUs  0m43.0s/3m0s  50.00 iters/s

running (0m44.0s), 029/113 VUs, 2158 complete and 0 interrupted iterations
a1     [  24% ] 029/113 VUs  0m44.0s/3m0s  50.00 iters/s

running (0m45.0s), 022/113 VUs, 2215 complete and 0 interrupted iterations
a1     [  25% ] 022/113 VUs  0m45.0s/3m0s  50.00 iters/s

running (0m46.0s), 020/113 VUs, 2267 complete and 0 interrupted iterations
a1     [  26% ] 020/113 VUs  0m46.0s/3m0s  50.00 iters/s

running (0m47.0s), 015/113 VUs, 2322 complete and 0 interrupted iterations
a1     [  26% ] 015/113 VUs  0m47.0s/3m0s  50.00 iters/s

running (0m48.0s), 021/113 VUs, 2366 complete and 0 interrupted iterations
a1     [  27% ] 021/113 VUs  0m48.0s/3m0s  50.00 iters/s

running (0m49.0s), 031/113 VUs, 2406 complete and 0 interrupted iterations
a1     [  27% ] 031/113 VUs  0m49.0s/3m0s  50.00 iters/s

running (0m50.0s), 030/113 VUs, 2457 complete and 0 interrupted iterations
a1     [  28% ] 030/113 VUs  0m50.0s/3m0s  50.00 iters/s

running (0m51.0s), 010/113 VUs, 2527 complete and 0 interrupted iterations
a1     [  28% ] 010/113 VUs  0m51.0s/3m0s  50.00 iters/s

running (0m52.0s), 001/113 VUs, 2586 complete and 0 interrupted iterations
a1     [  29% ] 001/113 VUs  0m52.0s/3m0s  50.00 iters/s

running (0m53.0s), 001/113 VUs, 2636 complete and 0 interrupted iterations
a1     [  29% ] 001/113 VUs  0m53.0s/3m0s  50.00 iters/s

running (0m54.0s), 004/113 VUs, 2683 complete and 0 interrupted iterations
a1     [  30% ] 004/113 VUs  0m54.0s/3m0s  50.00 iters/s

running (0m55.0s), 001/113 VUs, 2736 complete and 0 interrupted iterations
a1     [  31% ] 001/113 VUs  0m55.0s/3m0s  50.00 iters/s

running (0m56.0s), 001/113 VUs, 2786 complete and 0 interrupted iterations
a1     [  31% ] 001/113 VUs  0m56.0s/3m0s  50.00 iters/s

running (0m57.0s), 025/113 VUs, 2812 complete and 0 interrupted iterations
a1     [  32% ] 025/113 VUs  0m57.0s/3m0s  50.00 iters/s

running (0m58.0s), 030/113 VUs, 2857 complete and 0 interrupted iterations
a1     [  32% ] 030/113 VUs  0m58.0s/3m0s  50.00 iters/s

running (0m59.0s), 026/113 VUs, 2911 complete and 0 interrupted iterations
a1     [  33% ] 026/113 VUs  0m59.0s/3m0s  50.00 iters/s

running (1m00.0s), 033/113 VUs, 2954 complete and 0 interrupted iterations
a1     [  33% ] 033/113 VUs  1m00.0s/3m0s  50.00 iters/s

running (1m01.0s), 031/113 VUs, 3006 complete and 0 interrupted iterations
a1     [  34% ] 031/113 VUs  1m01.0s/3m0s  50.00 iters/s

running (1m02.0s), 021/113 VUs, 3066 complete and 0 interrupted iterations
a1     [  34% ] 021/113 VUs  1m02.0s/3m0s  50.00 iters/s

running (1m03.0s), 030/113 VUs, 3107 complete and 0 interrupted iterations
a1     [  35% ] 030/113 VUs  1m03.0s/3m0s  50.00 iters/s

running (1m04.0s), 033/113 VUs, 3154 complete and 0 interrupted iterations
a1     [  36% ] 033/113 VUs  1m04.0s/3m0s  50.00 iters/s

running (1m05.0s), 001/113 VUs, 3236 complete and 0 interrupted iterations
a1     [  36% ] 001/113 VUs  1m05.0s/3m0s  50.00 iters/s

running (1m06.0s), 001/113 VUs, 3286 complete and 0 interrupted iterations
a1     [  37% ] 001/113 VUs  1m06.0s/3m0s  50.00 iters/s

running (1m07.0s), 001/113 VUs, 3336 complete and 0 interrupted iterations
a1     [  37% ] 001/113 VUs  1m07.0s/3m0s  50.00 iters/s

running (1m08.0s), 001/113 VUs, 3386 complete and 0 interrupted iterations
a1     [  38% ] 001/113 VUs  1m08.0s/3m0s  50.00 iters/s

running (1m09.0s), 002/113 VUs, 3435 complete and 0 interrupted iterations
a1     [  38% ] 002/113 VUs  1m09.0s/3m0s  50.00 iters/s

running (1m10.0s), 034/113 VUs, 3453 complete and 0 interrupted iterations
a1     [  39% ] 034/113 VUs  1m10.0s/3m0s  50.00 iters/s

running (1m11.0s), 068/113 VUs, 3469 complete and 0 interrupted iterations
a1     [  39% ] 068/113 VUs  1m11.0s/3m0s  50.00 iters/s

running (1m12.0s), 113/114 VUs, 3473 complete and 0 interrupted iterations
a1     [  40% ] 113/114 VUs  1m12.0s/3m0s  50.00 iters/s

running (1m13.0s), 131/132 VUs, 3487 complete and 0 interrupted iterations
a1     [  41% ] 131/132 VUs  1m13.0s/3m0s  50.00 iters/s

running (1m14.0s), 151/151 VUs, 3498 complete and 0 interrupted iterations
a1     [  41% ] 151/151 VUs  1m14.0s/3m0s  50.00 iters/s

running (1m15.0s), 167/168 VUs, 3515 complete and 0 interrupted iterations
a1     [  42% ] 167/168 VUs  1m15.0s/3m0s  50.00 iters/s

running (1m16.0s), 176/178 VUs, 3546 complete and 0 interrupted iterations
a1     [  42% ] 176/178 VUs  1m16.0s/3m0s  50.00 iters/s

running (1m17.0s), 001/179 VUs, 3770 complete and 0 interrupted iterations
a1     [  43% ] 001/179 VUs  1m17.0s/3m0s  50.00 iters/s

running (1m18.0s), 001/179 VUs, 3820 complete and 0 interrupted iterations
a1     [  43% ] 001/179 VUs  1m18.0s/3m0s  50.00 iters/s

running (1m19.0s), 001/179 VUs, 3870 complete and 0 interrupted iterations
a1     [  44% ] 001/179 VUs  1m19.0s/3m0s  50.00 iters/s

running (1m20.0s), 001/179 VUs, 3920 complete and 0 interrupted iterations
a1     [  44% ] 001/179 VUs  1m20.0s/3m0s  50.00 iters/s

running (1m21.0s), 001/179 VUs, 3970 complete and 0 interrupted iterations
a1     [  45% ] 001/179 VUs  1m21.0s/3m0s  50.00 iters/s

running (1m22.0s), 043/179 VUs, 3978 complete and 0 interrupted iterations
a1     [  46% ] 043/179 VUs  1m22.0s/3m0s  50.00 iters/s

running (1m23.0s), 093/179 VUs, 3978 complete and 0 interrupted iterations
a1     [  46% ] 093/179 VUs  1m23.0s/3m0s  50.00 iters/s

running (1m24.0s), 117/179 VUs, 4004 complete and 0 interrupted iterations
a1     [  47% ] 117/179 VUs  1m24.0s/3m0s  50.00 iters/s

running (1m25.0s), 153/179 VUs, 4018 complete and 0 interrupted iterations
a1     [  47% ] 153/179 VUs  1m25.0s/3m0s  50.00 iters/s

running (1m26.0s), 186/187 VUs, 4027 complete and 0 interrupted iterations
a1     [  48% ] 186/187 VUs  1m26.0s/3m0s  50.00 iters/s

running (1m27.0s), 202/202 VUs, 4046 complete and 0 interrupted iterations
a1     [  48% ] 202/202 VUs  1m27.0s/3m0s  50.00 iters/s

running (1m28.0s), 199/217 VUs, 4084 complete and 0 interrupted iterations
a1     [  49% ] 199/217 VUs  1m28.0s/3m0s  50.00 iters/s

running (1m29.0s), 001/217 VUs, 4332 complete and 0 interrupted iterations
a1     [  49% ] 001/217 VUs  1m29.0s/3m0s  50.00 iters/s

running (1m30.0s), 001/217 VUs, 4382 complete and 0 interrupted iterations
a1     [  50% ] 001/217 VUs  1m30.0s/3m0s  50.00 iters/s

running (1m31.0s), 001/217 VUs, 4432 complete and 0 interrupted iterations
a1     [  51% ] 001/217 VUs  1m31.0s/3m0s  50.00 iters/s

running (1m32.0s), 001/217 VUs, 4482 complete and 0 interrupted iterations
a1     [  51% ] 001/217 VUs  1m32.0s/3m0s  50.00 iters/s

running (1m33.0s), 001/217 VUs, 4532 complete and 0 interrupted iterations
a1     [  52% ] 001/217 VUs  1m33.0s/3m0s  50.00 iters/s

running (1m34.0s), 001/217 VUs, 4582 complete and 0 interrupted iterations
a1     [  52% ] 001/217 VUs  1m34.0s/3m0s  50.00 iters/s

running (1m35.0s), 001/217 VUs, 4632 complete and 0 interrupted iterations
a1     [  53% ] 001/217 VUs  1m35.0s/3m0s  50.00 iters/s

running (1m36.0s), 001/217 VUs, 4682 complete and 0 interrupted iterations
a1     [  53% ] 001/217 VUs  1m36.0s/3m0s  50.00 iters/s

running (1m37.0s), 001/217 VUs, 4732 complete and 0 interrupted iterations
a1     [  54% ] 001/217 VUs  1m37.0s/3m0s  50.00 iters/s

running (1m38.0s), 001/217 VUs, 4782 complete and 0 interrupted iterations
a1     [  54% ] 001/217 VUs  1m38.0s/3m0s  50.00 iters/s

running (1m39.0s), 001/217 VUs, 4832 complete and 0 interrupted iterations
a1     [  55% ] 001/217 VUs  1m39.0s/3m0s  50.00 iters/s

running (1m40.0s), 021/217 VUs, 4862 complete and 0 interrupted iterations
a1     [  56% ] 021/217 VUs  1m40.0s/3m0s  50.00 iters/s

running (1m41.0s), 021/217 VUs, 4912 complete and 0 interrupted iterations
a1     [  56% ] 021/217 VUs  1m41.0s/3m0s  50.00 iters/s

running (1m42.0s), 016/217 VUs, 4967 complete and 0 interrupted iterations
a1     [  57% ] 016/217 VUs  1m42.0s/3m0s  50.00 iters/s

running (1m43.0s), 023/217 VUs, 5010 complete and 0 interrupted iterations
a1     [  57% ] 023/217 VUs  1m43.0s/3m0s  50.00 iters/s

running (1m44.0s), 023/217 VUs, 5060 complete and 0 interrupted iterations
a1     [  58% ] 023/217 VUs  1m44.0s/3m0s  50.00 iters/s

running (1m45.0s), 062/217 VUs, 5071 complete and 0 interrupted iterations
a1     [  58% ] 062/217 VUs  1m45.0s/3m0s  50.00 iters/s

running (1m46.0s), 091/217 VUs, 5092 complete and 0 interrupted iterations
a1     [  59% ] 091/217 VUs  1m46.0s/3m0s  50.00 iters/s

running (1m47.0s), 122/217 VUs, 5111 complete and 0 interrupted iterations
a1     [  59% ] 122/217 VUs  1m47.0s/3m0s  50.00 iters/s

running (1m48.0s), 165/217 VUs, 5118 complete and 0 interrupted iterations
a1     [  60% ] 165/217 VUs  1m48.0s/3m0s  50.00 iters/s

running (1m49.0s), 205/217 VUs, 5128 complete and 0 interrupted iterations
a1     [  61% ] 205/217 VUs  1m49.0s/3m0s  50.00 iters/s

running (1m50.0s), 230/231 VUs, 5139 complete and 0 interrupted iterations
a1     [  61% ] 230/231 VUs  1m50.0s/3m0s  50.00 iters/s

running (1m51.0s), 001/239 VUs, 5410 complete and 0 interrupted iterations
a1     [  62% ] 001/239 VUs  1m51.0s/3m0s  50.00 iters/s

running (1m52.0s), 001/239 VUs, 5460 complete and 0 interrupted iterations
a1     [  62% ] 001/239 VUs  1m52.0s/3m0s  50.00 iters/s

running (1m53.0s), 001/239 VUs, 5510 complete and 0 interrupted iterations
a1     [  63% ] 001/239 VUs  1m53.0s/3m0s  50.00 iters/s
time="2026-09-09T16:15:21+05:00" level=warning msg="The test has generated metrics with 100012 unique time series, which is higher than the suggested limit of 100000 and could cause high memory usage. Consider not using high-cardinality values like unique IDs as metric tags or, if you need them in the URL, use the name metric tag or URL grouping. See https://grafana.com/docs/k6/latest/using-k6/tags-and-groups/ for details." component=metrics-engine-ingester

running (1m54.0s), 001/239 VUs, 5560 complete and 0 interrupted iterations
a1     [  63% ] 001/239 VUs  1m54.0s/3m0s  50.00 iters/s

running (1m55.0s), 001/239 VUs, 5610 complete and 0 interrupted iterations
a1     [  64% ] 001/239 VUs  1m55.0s/3m0s  50.00 iters/s

running (1m56.0s), 040/239 VUs, 5621 complete and 0 interrupted iterations
a1     [  64% ] 040/239 VUs  1m56.0s/3m0s  50.00 iters/s

running (1m57.0s), 086/239 VUs, 5625 complete and 0 interrupted iterations
a1     [  65% ] 086/239 VUs  1m57.0s/3m0s  50.00 iters/s

running (1m58.0s), 116/239 VUs, 5645 complete and 0 interrupted iterations
a1     [  66% ] 116/239 VUs  1m58.0s/3m0s  50.00 iters/s

running (1m59.0s), 153/239 VUs, 5658 complete and 0 interrupted iterations
a1     [  66% ] 153/239 VUs  1m59.0s/3m0s  50.00 iters/s

running (2m00.0s), 057/239 VUs, 5804 complete and 0 interrupted iterations
a1     [  67% ] 057/239 VUs  2m00.0s/3m0s  50.00 iters/s

running (2m01.0s), 074/239 VUs, 5837 complete and 0 interrupted iterations
a1     [  67% ] 074/239 VUs  2m01.0s/3m0s  50.00 iters/s

running (2m02.0s), 103/239 VUs, 5858 complete and 0 interrupted iterations
a1     [  68% ] 103/239 VUs  2m02.0s/3m0s  50.00 iters/s

running (2m03.0s), 001/239 VUs, 6010 complete and 0 interrupted iterations
a1     [  68% ] 001/239 VUs  2m03.0s/3m0s  50.00 iters/s

running (2m04.0s), 001/239 VUs, 6060 complete and 0 interrupted iterations
a1     [  69% ] 001/239 VUs  2m04.0s/3m0s  50.00 iters/s

running (2m05.0s), 001/239 VUs, 6110 complete and 0 interrupted iterations
a1     [  69% ] 001/239 VUs  2m05.0s/3m0s  50.00 iters/s

running (2m06.0s), 001/239 VUs, 6160 complete and 0 interrupted iterations
a1     [  70% ] 001/239 VUs  2m06.0s/3m0s  50.00 iters/s

running (2m07.0s), 001/239 VUs, 6210 complete and 0 interrupted iterations
a1     [  71% ] 001/239 VUs  2m07.0s/3m0s  50.00 iters/s

running (2m08.0s), 018/239 VUs, 6243 complete and 0 interrupted iterations
a1     [  71% ] 018/239 VUs  2m08.0s/3m0s  50.00 iters/s

running (2m09.0s), 020/239 VUs, 6291 complete and 0 interrupted iterations
a1     [  72% ] 020/239 VUs  2m09.0s/3m0s  50.00 iters/s

running (2m10.0s), 036/239 VUs, 6325 complete and 0 interrupted iterations
a1     [  72% ] 036/239 VUs  2m10.0s/3m0s  50.00 iters/s

running (2m11.0s), 009/239 VUs, 6402 complete and 0 interrupted iterations
a1     [  73% ] 009/239 VUs  2m11.0s/3m0s  50.00 iters/s

running (2m12.0s), 001/239 VUs, 6460 complete and 0 interrupted iterations
a1     [  73% ] 001/239 VUs  2m12.0s/3m0s  50.00 iters/s

running (2m13.0s), 001/239 VUs, 6510 complete and 0 interrupted iterations
a1     [  74% ] 001/239 VUs  2m13.0s/3m0s  50.00 iters/s

running (2m14.0s), 023/239 VUs, 6538 complete and 0 interrupted iterations
a1     [  74% ] 023/239 VUs  2m14.0s/3m0s  50.00 iters/s

running (2m15.0s), 038/239 VUs, 6573 complete and 0 interrupted iterations
a1     [  75% ] 038/239 VUs  2m15.0s/3m0s  50.00 iters/s

running (2m16.0s), 019/239 VUs, 6642 complete and 0 interrupted iterations
a1     [  76% ] 019/239 VUs  2m16.0s/3m0s  50.00 iters/s

running (2m17.0s), 015/239 VUs, 6696 complete and 0 interrupted iterations
a1     [  76% ] 015/239 VUs  2m17.0s/3m0s  50.00 iters/s

running (2m18.0s), 001/239 VUs, 6760 complete and 0 interrupted iterations
a1     [  77% ] 001/239 VUs  2m18.0s/3m0s  50.00 iters/s

running (2m19.0s), 001/239 VUs, 6810 complete and 0 interrupted iterations
a1     [  77% ] 001/239 VUs  2m19.0s/3m0s  50.00 iters/s

running (2m20.0s), 001/239 VUs, 6860 complete and 0 interrupted iterations
a1     [  78% ] 001/239 VUs  2m20.0s/3m0s  50.00 iters/s

running (2m21.0s), 001/239 VUs, 6910 complete and 0 interrupted iterations
a1     [  78% ] 001/239 VUs  2m21.0s/3m0s  50.00 iters/s

running (2m22.0s), 039/239 VUs, 6922 complete and 0 interrupted iterations
a1     [  79% ] 039/239 VUs  2m22.0s/3m0s  50.00 iters/s

running (2m23.0s), 086/239 VUs, 6925 complete and 0 interrupted iterations
a1     [  79% ] 086/239 VUs  2m23.0s/3m0s  50.00 iters/s

running (2m24.0s), 120/239 VUs, 6941 complete and 0 interrupted iterations
a1     [  80% ] 120/239 VUs  2m24.0s/3m0s  50.00 iters/s

running (2m25.0s), 153/239 VUs, 6958 complete and 0 interrupted iterations
a1     [  81% ] 153/239 VUs  2m25.0s/3m0s  50.00 iters/s

running (2m26.0s), 191/239 VUs, 6970 complete and 0 interrupted iterations
a1     [  81% ] 191/239 VUs  2m26.0s/3m0s  50.00 iters/s

running (2m27.0s), 221/239 VUs, 6990 complete and 0 interrupted iterations
a1     [  82% ] 221/239 VUs  2m27.0s/3m0s  50.00 iters/s

running (2m28.0s), 175/245 VUs, 7079 complete and 0 interrupted iterations
a1     [  82% ] 175/245 VUs  2m28.0s/3m0s  50.00 iters/s

running (2m29.0s), 001/245 VUs, 7303 complete and 0 interrupted iterations
a1     [  83% ] 001/245 VUs  2m29.0s/3m0s  50.00 iters/s

running (2m30.0s), 001/245 VUs, 7353 complete and 0 interrupted iterations
a1     [  83% ] 001/245 VUs  2m30.0s/3m0s  50.00 iters/s

running (2m31.0s), 001/245 VUs, 7403 complete and 0 interrupted iterations
a1     [  84% ] 001/245 VUs  2m31.0s/3m0s  50.00 iters/s

running (2m32.0s), 001/245 VUs, 7453 complete and 0 interrupted iterations
a1     [  84% ] 001/245 VUs  2m32.0s/3m0s  50.00 iters/s

running (2m33.0s), 001/245 VUs, 7503 complete and 0 interrupted iterations
a1     [  85% ] 001/245 VUs  2m33.0s/3m0s  50.00 iters/s

running (2m34.0s), 001/245 VUs, 7553 complete and 0 interrupted iterations
a1     [  86% ] 001/245 VUs  2m34.0s/3m0s  50.00 iters/s

running (2m35.0s), 001/245 VUs, 7603 complete and 0 interrupted iterations
a1     [  86% ] 001/245 VUs  2m35.0s/3m0s  50.00 iters/s

running (2m36.0s), 002/245 VUs, 7652 complete and 0 interrupted iterations
a1     [  87% ] 002/245 VUs  2m36.0s/3m0s  50.00 iters/s

running (2m37.0s), 002/245 VUs, 7702 complete and 0 interrupted iterations
a1     [  87% ] 002/245 VUs  2m37.0s/3m0s  50.00 iters/s

running (2m38.0s), 001/245 VUs, 7753 complete and 0 interrupted iterations
a1     [  88% ] 001/245 VUs  2m38.0s/3m0s  50.00 iters/s

running (2m39.0s), 012/245 VUs, 7792 complete and 0 interrupted iterations
a1     [  88% ] 012/245 VUs  2m39.0s/3m0s  50.00 iters/s

running (2m40.0s), 001/245 VUs, 7853 complete and 0 interrupted iterations
a1     [  89% ] 001/245 VUs  2m40.0s/3m0s  50.00 iters/s

running (2m41.0s), 001/245 VUs, 7903 complete and 0 interrupted iterations
a1     [  89% ] 001/245 VUs  2m41.0s/3m0s  50.00 iters/s

running (2m42.0s), 001/245 VUs, 7953 complete and 0 interrupted iterations
a1     [  90% ] 001/245 VUs  2m42.0s/3m0s  50.00 iters/s

running (2m43.0s), 024/245 VUs, 7980 complete and 0 interrupted iterations
a1     [  91% ] 024/245 VUs  2m43.0s/3m0s  50.00 iters/s

running (2m44.0s), 001/245 VUs, 8053 complete and 0 interrupted iterations
a1     [  91% ] 001/245 VUs  2m44.0s/3m0s  50.00 iters/s

running (2m45.0s), 001/245 VUs, 8103 complete and 0 interrupted iterations
a1     [  92% ] 001/245 VUs  2m45.0s/3m0s  50.00 iters/s

running (2m46.0s), 001/245 VUs, 8153 complete and 0 interrupted iterations
a1     [  92% ] 001/245 VUs  2m46.0s/3m0s  50.00 iters/s

running (2m47.0s), 001/245 VUs, 8203 complete and 0 interrupted iterations
a1     [  93% ] 001/245 VUs  2m47.0s/3m0s  50.00 iters/s

running (2m48.0s), 034/245 VUs, 8220 complete and 0 interrupted iterations
a1     [  93% ] 034/245 VUs  2m48.0s/3m0s  50.00 iters/s

running (2m49.0s), 076/245 VUs, 8228 complete and 0 interrupted iterations
a1     [  94% ] 076/245 VUs  2m49.0s/3m0s  50.00 iters/s

running (2m50.0s), 114/245 VUs, 8240 complete and 0 interrupted iterations
a1     [  94% ] 114/245 VUs  2m50.0s/3m0s  50.00 iters/s

running (2m51.0s), 146/245 VUs, 8258 complete and 0 interrupted iterations
a1     [  95% ] 146/245 VUs  2m51.0s/3m0s  50.00 iters/s

running (2m52.0s), 177/245 VUs, 8277 complete and 0 interrupted iterations
a1     [  96% ] 177/245 VUs  2m52.0s/3m0s  50.00 iters/s

running (2m53.0s), 217/245 VUs, 8287 complete and 0 interrupted iterations
a1     [  96% ] 217/245 VUs  2m53.0s/3m0s  50.00 iters/s

running (2m54.0s), 252/253 VUs, 8294 complete and 0 interrupted iterations
a1     [  97% ] 252/253 VUs  2m54.0s/3m0s  50.00 iters/s

running (2m55.0s), 003/256 VUs, 8590 complete and 0 interrupted iterations
a1     [  97% ] 003/256 VUs  2m55.0s/3m0s  50.00 iters/s

running (2m56.0s), 003/256 VUs, 8640 complete and 0 interrupted iterations
a1     [  98% ] 003/256 VUs  2m56.0s/3m0s  50.00 iters/s

running (2m57.0s), 003/256 VUs, 8690 complete and 0 interrupted iterations
a1     [  98% ] 003/256 VUs  2m57.0s/3m0s  50.00 iters/s

running (2m58.0s), 003/256 VUs, 8740 complete and 0 interrupted iterations
a1     [  99% ] 003/256 VUs  2m58.0s/3m0s  50.00 iters/s

running (2m59.0s), 003/256 VUs, 8790 complete and 0 interrupted iterations
a1     [  99% ] 003/256 VUs  2m59.0s/3m0s  50.00 iters/s

running (3m00.0s), 050/256 VUs, 8793 complete and 0 interrupted iterations
a1     [ 100% ] 050/256 VUs  3m00.0s/3m0s  50.00 iters/s

running (3m01.0s), 039/256 VUs, 8804 complete and 0 interrupted iterations
a1   ↓ [ 100% ] 050/256 VUs  3m0s  50.00 iters/s

running (3m02.0s), 022/256 VUs, 8821 complete and 0 interrupted iterations
a1   ↓ [ 100% ] 050/256 VUs  3m0s  50.00 iters/s


  █ THRESHOLDS 

    http_req_failed
    ✓ 'rate<0.05' rate=0.00%


  █ TOTAL RESULTS 

    checks_total.......: 26529   145.657761/s
    checks_succeeded...: 100.00% 26529 out of 26529
    checks_failed......: 0.00%   0 out of 26529

    ✓ initiated
    ✓ validated
    ✓ terminal

    CUSTOM
    a1_lifecycle_duration..........: avg=838.24ms min=5ms    med=253ms    p(95)=4.02s p(99)=5.24s max=6.18s
    a1_lifecycles_completed........: 8843   48.552587/s
    a1_transitions_committed.......: 26529  145.657761/s

    HTTP
    http_req_duration..............: avg=279.22ms min=1.41ms med=44.38ms  p(95)=1.65s p(99)=2.59s max=5.02s
      { expected_response:true }...: avg=279.22ms min=1.41ms med=44.38ms  p(95)=1.65s p(99)=2.59s max=5.02s
    http_req_failed................: 0.00%  0 out of 26529
    http_reqs......................: 26529  145.657761/s

    EXECUTION
    dropped_iterations.............: 157    0.86201/s
    iteration_duration.............: avg=838.27ms min=5.76ms med=253.17ms p(95)=4.02s p(99)=5.24s max=6.18s
    iterations.....................: 8843   48.552587/s
    vus............................: 22     min=0          max=252
    vus_max........................: 256    min=100        max=256

    NETWORK
    data_received..................: 10 MB  55 kB/s
    data_sent......................: 5.7 MB 31 kB/s




running (3m02.1s), 000/256 VUs, 8843 complete and 0 interrupted iterations
a1   ✓ [ 100% ] 000/256 VUs  3m0s  50.00 iters/s
