[16:12:43] === RUN CDC-C2WIDE-r2-20260909161243 ===
[16:12:43] mode=CDC profile=C2WIDE rep=2 tps=50 duration=180s fault=none
[16:12:43] jar: target/master-thesis-observability-0.0.1-SNAPSHOT.jar
[16:12:43] arxiv redo tozalanmoqda
[16:12:44] workload tozalanmoqda (reference saqlanadi)
workload reset; reference data preserved
AQ backlog purged: 0 -> 0
[16:12:48] Kafka topigi qayta yaratilmoqda
[16:12:58] ilova ishga tushirilmoqda (mode=CDC)
[16:13:18] ilova tayyor (pid 3422953)
[16:13:18] Debezium konnektori ro'yxatdan o'tkazilmoqda (CDC, prefix=obsv_cdc_c2wide_r2_20260909161243)
C2 shabloni ishlatilmoqda: docker/connect/connectors/cdc-wide.json.tmpl
konnektor ro'yxatdan o'tkazilmoqda: a1-cdc-obsv_cdc_c2wide_r2_20260909161243 (prefix=obsv_cdc_c2wide_r2_20260909161243)
konnektor RUNNING (2s)
streaming tasdiqlanmoqda (heartbeat topigi: __debezium-heartbeat.obsv_cdc_c2wide_r2_20260909161243)
streaming tasdiqlandi (1 urinish)
[16:13:26] k6 yuklamasi boshlandi
[16:16:30] k6 iteratsiyalari: 8843
[16:16:30] pipeline bo'shashi kutilmoqda (maks 120s)
[16:22:40] OGOHLANTIRISH: pipeline 120s ichida bo'shamadi (db_pending=0 sink=0) - LOSS raqamlari ishonchsiz
[16:22:50] ground truth eksport qilinmoqda
[16:22:51] Kafka topigi eksport qilinmoqda
[16:23:17] tahlil
{
  "mode": "CDC",
  "profile": "C2WIDE",
  "rep": "2",
  "fault": "none",
  "ground_truth_transitions": 26529,
  "delivered_distinct": 0,
  "delivered_total": 0,
  "matched": 0,
  "missing": 26529,
  "phantom": 0,
  "malformed": 0,
  "loss_rate": 1.0,
  "loss_rate_ppm": 1000000.0,
  "duplicate_rate": 0.0,
  "ordering_violation_rate": 0.0,
  "txns_split_across_partitions": 0,
  "latency_ms_p50": null,
  "latency_ms_p95": null,
  "latency_ms_p99": null,
  "latency_ms_max": null,
  "latency_ms_mean": null,
  "latency_samples": 0,
  "latency_negative_samples": 0
}
[16:23:17] ilova va konnektor to'xtatilmoqda
connector o'chirilmoqda: a1-cdc-obsv_cdc_c2wide_r2_20260909161243
[16:23:29] === TUGADI: results/CDC-C2WIDE-r2-20260909161243 ===
