
         /\      Grafana   /‾‾/  
    /\  /  \     |\  __   /  /   
   /  \/    \    | |/ /  /   ‾‾\ 
  /          \   |   (  |  (‾)  |
 / __________ \  |_|\_\  \_____/ 


     execution: local
        script: harness/k6/a1-workload.js
        output: -

     scenarios: (100.00%) 1 scenario, 600 max VUs, 7m30s max duration (incl. graceful stop):
              * a1: 50.00 iterations/s for 7m0s (maxVUs: 100-600, gracefulStop: 30s)


running (0m01.0s), 001/100 VUs, 49 complete and 0 interrupted iterations
a1     [   0% ] 001/100 VUs  0m01.0s/7m0s  50.00 iters/s

running (0m02.0s), 001/100 VUs, 99 complete and 0 interrupted iterations
a1     [   0% ] 001/100 VUs  0m02.0s/7m0s  50.00 iters/s

running (0m03.0s), 001/100 VUs, 149 complete and 0 interrupted iterations
a1     [   1% ] 001/100 VUs  0m03.0s/7m0s  50.00 iters/s

running (0m04.0s), 001/100 VUs, 199 complete and 0 interrupted iterations
a1     [   1% ] 001/100 VUs  0m04.0s/7m0s  50.00 iters/s

running (0m05.0s), 001/100 VUs, 249 complete and 0 interrupted iterations
a1     [   1% ] 001/100 VUs  0m05.0s/7m0s  50.00 iters/s

running (0m06.0s), 001/100 VUs, 299 complete and 0 interrupted iterations
a1     [   1% ] 001/100 VUs  0m06.0s/7m0s  50.00 iters/s

running (0m07.0s), 001/100 VUs, 349 complete and 0 interrupted iterations
a1     [   2% ] 001/100 VUs  0m07.0s/7m0s  50.00 iters/s

running (0m08.0s), 001/100 VUs, 399 complete and 0 interrupted iterations
a1     [   2% ] 001/100 VUs  0m08.0s/7m0s  50.00 iters/s

running (0m09.0s), 001/100 VUs, 449 complete and 0 interrupted iterations
a1     [   2% ] 001/100 VUs  0m09.0s/7m0s  50.00 iters/s

running (0m10.0s), 001/100 VUs, 499 complete and 0 interrupted iterations
a1     [   2% ] 001/100 VUs  0m10.0s/7m0s  50.00 iters/s

running (0m11.0s), 000/100 VUs, 550 complete and 0 interrupted iterations
a1     [   3% ] 000/100 VUs  0m11.0s/7m0s  50.00 iters/s

running (0m12.0s), 000/100 VUs, 600 complete and 0 interrupted iterations
a1     [   3% ] 000/100 VUs  0m12.0s/7m0s  50.00 iters/s

running (0m13.0s), 000/100 VUs, 650 complete and 0 interrupted iterations
a1     [   3% ] 000/100 VUs  0m13.0s/7m0s  50.00 iters/s

running (0m14.0s), 000/100 VUs, 700 complete and 0 interrupted iterations
a1     [   3% ] 000/100 VUs  0m14.0s/7m0s  50.00 iters/s

running (0m15.0s), 001/100 VUs, 749 complete and 0 interrupted iterations
a1     [   4% ] 001/100 VUs  0m15.0s/7m0s  50.00 iters/s

running (0m16.0s), 001/100 VUs, 799 complete and 0 interrupted iterations
a1     [   4% ] 001/100 VUs  0m16.0s/7m0s  50.00 iters/s

running (0m17.0s), 000/100 VUs, 850 complete and 0 interrupted iterations
a1     [   4% ] 000/100 VUs  0m17.0s/7m0s  50.00 iters/s

running (0m18.0s), 001/100 VUs, 899 complete and 0 interrupted iterations
a1     [   4% ] 001/100 VUs  0m18.0s/7m0s  50.00 iters/s

running (0m19.0s), 000/100 VUs, 950 complete and 0 interrupted iterations
a1     [   5% ] 000/100 VUs  0m19.0s/7m0s  50.00 iters/s

running (0m20.0s), 001/100 VUs, 999 complete and 0 interrupted iterations
a1     [   5% ] 001/100 VUs  0m20.0s/7m0s  50.00 iters/s

running (0m21.0s), 001/100 VUs, 1049 complete and 0 interrupted iterations
a1     [   5% ] 001/100 VUs  0m21.0s/7m0s  50.00 iters/s

running (0m22.0s), 000/100 VUs, 1100 complete and 0 interrupted iterations
a1     [   5% ] 000/100 VUs  0m22.0s/7m0s  50.00 iters/s

running (0m23.0s), 000/100 VUs, 1150 complete and 0 interrupted iterations
a1     [   5% ] 000/100 VUs  0m23.0s/7m0s  50.00 iters/s

running (0m24.0s), 000/100 VUs, 1200 complete and 0 interrupted iterations
a1     [   6% ] 000/100 VUs  0m24.0s/7m0s  50.00 iters/s

running (0m27.9s), 000/100 VUs, 1250 complete and 0 interrupted iterations
a1     [   6% ] 000/100 VUs  0m25.0s/7m0s  50.00 iters/s

running (0m28.9s), 000/100 VUs, 1300 complete and 0 interrupted iterations
a1     [   6% ] 000/100 VUs  0m26.0s/7m0s  50.00 iters/s

running (0m29.9s), 000/100 VUs, 1350 complete and 0 interrupted iterations
a1     [   6% ] 000/100 VUs  0m27.0s/7m0s  50.00 iters/s

running (0m30.9s), 000/100 VUs, 1400 complete and 0 interrupted iterations
a1     [   7% ] 000/100 VUs  0m28.0s/7m0s  50.00 iters/s

running (0m31.9s), 000/100 VUs, 1450 complete and 0 interrupted iterations
a1     [   7% ] 000/100 VUs  0m29.0s/7m0s  50.00 iters/s

running (0m32.9s), 001/100 VUs, 1499 complete and 0 interrupted iterations
a1     [   7% ] 001/100 VUs  0m30.0s/7m0s  50.00 iters/s

running (0m33.9s), 001/100 VUs, 1549 complete and 0 interrupted iterations
a1     [   7% ] 001/100 VUs  0m31.0s/7m0s  50.00 iters/s

running (0m34.9s), 001/100 VUs, 1599 complete and 0 interrupted iterations
a1     [   8% ] 001/100 VUs  0m32.0s/7m0s  50.00 iters/s

running (0m35.9s), 000/100 VUs, 1650 complete and 0 interrupted iterations
a1     [   8% ] 000/100 VUs  0m33.0s/7m0s  50.00 iters/s

running (0m36.9s), 000/100 VUs, 1700 complete and 0 interrupted iterations
a1     [   8% ] 000/100 VUs  0m34.0s/7m0s  50.00 iters/s

running (0m37.9s), 000/100 VUs, 1750 complete and 0 interrupted iterations
a1     [   8% ] 000/100 VUs  0m35.0s/7m0s  50.00 iters/s

running (0m38.9s), 001/100 VUs, 1799 complete and 0 interrupted iterations
a1     [   9% ] 001/100 VUs  0m36.0s/7m0s  50.00 iters/s

running (0m39.9s), 001/100 VUs, 1849 complete and 0 interrupted iterations
a1     [   9% ] 001/100 VUs  0m37.0s/7m0s  50.00 iters/s

running (0m40.9s), 001/100 VUs, 1899 complete and 0 interrupted iterations
a1     [   9% ] 001/100 VUs  0m38.0s/7m0s  50.00 iters/s

running (0m41.9s), 000/100 VUs, 1950 complete and 0 interrupted iterations
a1     [   9% ] 000/100 VUs  0m39.0s/7m0s  50.00 iters/s

running (0m42.9s), 000/100 VUs, 2000 complete and 0 interrupted iterations
a1     [  10% ] 000/100 VUs  0m40.0s/7m0s  50.00 iters/s

running (0m43.9s), 001/100 VUs, 2049 complete and 0 interrupted iterations
a1     [  10% ] 001/100 VUs  0m41.0s/7m0s  50.00 iters/s

running (0m44.9s), 001/100 VUs, 2099 complete and 0 interrupted iterations
a1     [  10% ] 001/100 VUs  0m42.0s/7m0s  50.00 iters/s

running (0m45.9s), 001/100 VUs, 2149 complete and 0 interrupted iterations
a1     [  10% ] 001/100 VUs  0m43.0s/7m0s  50.00 iters/s

running (0m46.9s), 000/100 VUs, 2200 complete and 0 interrupted iterations
a1     [  10% ] 000/100 VUs  0m44.0s/7m0s  50.00 iters/s

running (0m47.9s), 000/100 VUs, 2250 complete and 0 interrupted iterations
a1     [  11% ] 000/100 VUs  0m45.0s/7m0s  50.00 iters/s

running (0m48.9s), 000/100 VUs, 2300 complete and 0 interrupted iterations
a1     [  11% ] 000/100 VUs  0m46.0s/7m0s  50.00 iters/s

running (0m49.9s), 000/100 VUs, 2350 complete and 0 interrupted iterations
a1     [  11% ] 000/100 VUs  0m47.0s/7m0s  50.00 iters/s

running (0m50.9s), 000/100 VUs, 2400 complete and 0 interrupted iterations
a1     [  11% ] 000/100 VUs  0m48.0s/7m0s  50.00 iters/s

running (0m51.9s), 000/100 VUs, 2450 complete and 0 interrupted iterations
a1     [  12% ] 000/100 VUs  0m49.0s/7m0s  50.00 iters/s

running (0m52.9s), 000/100 VUs, 2500 complete and 0 interrupted iterations
a1     [  12% ] 000/100 VUs  0m50.0s/7m0s  50.00 iters/s

running (0m53.9s), 000/100 VUs, 2550 complete and 0 interrupted iterations
a1     [  12% ] 000/100 VUs  0m51.0s/7m0s  50.00 iters/s

running (0m54.9s), 001/100 VUs, 2599 complete and 0 interrupted iterations
a1     [  12% ] 001/100 VUs  0m52.0s/7m0s  50.00 iters/s

running (0m55.9s), 000/100 VUs, 2650 complete and 0 interrupted iterations
a1     [  13% ] 000/100 VUs  0m53.0s/7m0s  50.00 iters/s

running (0m56.9s), 000/100 VUs, 2700 complete and 0 interrupted iterations
a1     [  13% ] 000/100 VUs  0m54.0s/7m0s  50.00 iters/s

running (0m57.9s), 000/100 VUs, 2750 complete and 0 interrupted iterations
a1     [  13% ] 000/100 VUs  0m55.0s/7m0s  50.00 iters/s

running (0m58.9s), 000/100 VUs, 2800 complete and 0 interrupted iterations
a1     [  13% ] 000/100 VUs  0m56.0s/7m0s  50.00 iters/s

running (1m02.9s), 000/100 VUs, 2850 complete and 0 interrupted iterations
a1     [  14% ] 000/100 VUs  0m57.0s/7m0s  50.00 iters/s

running (1m03.9s), 000/100 VUs, 2900 complete and 0 interrupted iterations
a1     [  14% ] 000/100 VUs  0m58.0s/7m0s  50.00 iters/s

running (1m04.9s), 000/100 VUs, 2950 complete and 0 interrupted iterations
a1     [  14% ] 000/100 VUs  0m59.0s/7m0s  50.00 iters/s

running (1m05.9s), 000/100 VUs, 3000 complete and 0 interrupted iterations
a1     [  14% ] 000/100 VUs  1m00.0s/7m0s  50.00 iters/s

running (1m06.9s), 001/100 VUs, 3049 complete and 0 interrupted iterations
a1     [  15% ] 001/100 VUs  1m01.0s/7m0s  50.00 iters/s

running (1m07.9s), 000/100 VUs, 3100 complete and 0 interrupted iterations
a1     [  15% ] 000/100 VUs  1m02.0s/7m0s  50.00 iters/s

running (1m08.9s), 000/100 VUs, 3150 complete and 0 interrupted iterations
a1     [  15% ] 000/100 VUs  1m03.0s/7m0s  50.00 iters/s

running (1m09.9s), 001/100 VUs, 3199 complete and 0 interrupted iterations
a1     [  15% ] 001/100 VUs  1m04.0s/7m0s  50.00 iters/s

running (1m10.9s), 000/100 VUs, 3250 complete and 0 interrupted iterations
a1     [  15% ] 000/100 VUs  1m05.0s/7m0s  50.00 iters/s

running (1m11.9s), 001/100 VUs, 3299 complete and 0 interrupted iterations
a1     [  16% ] 001/100 VUs  1m06.0s/7m0s  50.00 iters/s

running (1m12.9s), 000/100 VUs, 3350 complete and 0 interrupted iterations
a1     [  16% ] 000/100 VUs  1m07.0s/7m0s  50.00 iters/s

running (1m13.9s), 000/100 VUs, 3400 complete and 0 interrupted iterations
a1     [  16% ] 000/100 VUs  1m08.0s/7m0s  50.00 iters/s

running (1m14.9s), 000/100 VUs, 3450 complete and 0 interrupted iterations
a1     [  16% ] 000/100 VUs  1m09.0s/7m0s  50.00 iters/s

running (1m15.9s), 000/100 VUs, 3500 complete and 0 interrupted iterations
a1     [  17% ] 000/100 VUs  1m10.0s/7m0s  50.00 iters/s

running (1m16.9s), 001/100 VUs, 3549 complete and 0 interrupted iterations
a1     [  17% ] 001/100 VUs  1m11.0s/7m0s  50.00 iters/s

running (1m17.9s), 000/100 VUs, 3600 complete and 0 interrupted iterations
a1     [  17% ] 000/100 VUs  1m12.0s/7m0s  50.00 iters/s

running (1m18.9s), 000/100 VUs, 3650 complete and 0 interrupted iterations
a1     [  17% ] 000/100 VUs  1m13.0s/7m0s  50.00 iters/s

running (1m19.9s), 000/100 VUs, 3700 complete and 0 interrupted iterations
a1     [  18% ] 000/100 VUs  1m14.0s/7m0s  50.00 iters/s

running (1m20.9s), 001/100 VUs, 3749 complete and 0 interrupted iterations
a1     [  18% ] 001/100 VUs  1m15.0s/7m0s  50.00 iters/s

running (1m21.9s), 001/100 VUs, 3799 complete and 0 interrupted iterations
a1     [  18% ] 001/100 VUs  1m16.0s/7m0s  50.00 iters/s

running (1m22.9s), 001/100 VUs, 3849 complete and 0 interrupted iterations
a1     [  18% ] 001/100 VUs  1m17.0s/7m0s  50.00 iters/s

running (1m23.9s), 001/100 VUs, 3899 complete and 0 interrupted iterations
a1     [  19% ] 001/100 VUs  1m18.0s/7m0s  50.00 iters/s

running (1m24.9s), 000/100 VUs, 3950 complete and 0 interrupted iterations
a1     [  19% ] 000/100 VUs  1m19.0s/7m0s  50.00 iters/s

running (1m25.9s), 001/100 VUs, 3999 complete and 0 interrupted iterations
a1     [  19% ] 001/100 VUs  1m20.0s/7m0s  50.00 iters/s

running (1m26.9s), 000/100 VUs, 4050 complete and 0 interrupted iterations
a1     [  19% ] 000/100 VUs  1m21.0s/7m0s  50.00 iters/s

running (1m27.9s), 000/100 VUs, 4100 complete and 0 interrupted iterations
a1     [  20% ] 000/100 VUs  1m22.0s/7m0s  50.00 iters/s

running (1m28.9s), 000/100 VUs, 4150 complete and 0 interrupted iterations
a1     [  20% ] 000/100 VUs  1m23.0s/7m0s  50.00 iters/s

running (1m29.9s), 000/100 VUs, 4200 complete and 0 interrupted iterations
a1     [  20% ] 000/100 VUs  1m24.0s/7m0s  50.00 iters/s

running (1m30.9s), 000/100 VUs, 4250 complete and 0 interrupted iterations
a1     [  20% ] 000/100 VUs  1m25.0s/7m0s  50.00 iters/s

running (1m31.9s), 001/100 VUs, 4299 complete and 0 interrupted iterations
a1     [  20% ] 001/100 VUs  1m26.0s/7m0s  50.00 iters/s

running (1m32.9s), 000/100 VUs, 4350 complete and 0 interrupted iterations
a1     [  21% ] 000/100 VUs  1m27.0s/7m0s  50.00 iters/s

running (1m33.9s), 000/100 VUs, 4400 complete and 0 interrupted iterations
a1     [  21% ] 000/100 VUs  1m28.0s/7m0s  50.00 iters/s

running (1m37.8s), 000/100 VUs, 4450 complete and 0 interrupted iterations
a1     [  21% ] 000/100 VUs  1m29.0s/7m0s  50.00 iters/s

running (1m38.8s), 000/100 VUs, 4500 complete and 0 interrupted iterations
a1     [  21% ] 000/100 VUs  1m30.0s/7m0s  50.00 iters/s

running (1m39.8s), 000/100 VUs, 4550 complete and 0 interrupted iterations
a1     [  22% ] 000/100 VUs  1m31.0s/7m0s  50.00 iters/s

running (1m40.8s), 000/100 VUs, 4600 complete and 0 interrupted iterations
a1     [  22% ] 000/100 VUs  1m32.0s/7m0s  50.00 iters/s

running (1m41.8s), 000/100 VUs, 4650 complete and 0 interrupted iterations
a1     [  22% ] 000/100 VUs  1m33.0s/7m0s  50.00 iters/s

running (1m42.8s), 000/100 VUs, 4700 complete and 0 interrupted iterations
a1     [  22% ] 000/100 VUs  1m34.0s/7m0s  50.00 iters/s

running (1m43.8s), 000/100 VUs, 4750 complete and 0 interrupted iterations
a1     [  23% ] 000/100 VUs  1m35.0s/7m0s  50.00 iters/s

running (1m44.8s), 001/100 VUs, 4799 complete and 0 interrupted iterations
a1     [  23% ] 001/100 VUs  1m36.0s/7m0s  50.00 iters/s

running (1m45.8s), 000/100 VUs, 4850 complete and 0 interrupted iterations
a1     [  23% ] 000/100 VUs  1m37.0s/7m0s  50.00 iters/s

running (1m46.8s), 000/100 VUs, 4900 complete and 0 interrupted iterations
a1     [  23% ] 000/100 VUs  1m38.0s/7m0s  50.00 iters/s

running (1m47.8s), 001/100 VUs, 4949 complete and 0 interrupted iterations
a1     [  24% ] 001/100 VUs  1m39.0s/7m0s  50.00 iters/s

running (1m48.8s), 000/100 VUs, 5000 complete and 0 interrupted iterations
a1     [  24% ] 000/100 VUs  1m40.0s/7m0s  50.00 iters/s

running (1m49.8s), 000/100 VUs, 5050 complete and 0 interrupted iterations
a1     [  24% ] 000/100 VUs  1m41.0s/7m0s  50.00 iters/s

running (1m50.8s), 000/100 VUs, 5100 complete and 0 interrupted iterations
a1     [  24% ] 000/100 VUs  1m42.0s/7m0s  50.00 iters/s

running (1m51.8s), 000/100 VUs, 5150 complete and 0 interrupted iterations
a1     [  25% ] 000/100 VUs  1m43.0s/7m0s  50.00 iters/s

running (1m52.8s), 000/100 VUs, 5200 complete and 0 interrupted iterations
a1     [  25% ] 000/100 VUs  1m44.0s/7m0s  50.00 iters/s

running (1m53.8s), 000/100 VUs, 5250 complete and 0 interrupted iterations
a1     [  25% ] 000/100 VUs  1m45.0s/7m0s  50.00 iters/s

running (1m54.8s), 000/100 VUs, 5300 complete and 0 interrupted iterations
a1     [  25% ] 000/100 VUs  1m46.0s/7m0s  50.00 iters/s

running (1m55.8s), 000/100 VUs, 5350 complete and 0 interrupted iterations
a1     [  25% ] 000/100 VUs  1m47.0s/7m0s  50.00 iters/s

running (1m56.8s), 000/100 VUs, 5400 complete and 0 interrupted iterations
a1     [  26% ] 000/100 VUs  1m48.0s/7m0s  50.00 iters/s

running (1m57.8s), 000/100 VUs, 5450 complete and 0 interrupted iterations
a1     [  26% ] 000/100 VUs  1m49.0s/7m0s  50.00 iters/s

running (1m58.8s), 000/100 VUs, 5500 complete and 0 interrupted iterations
a1     [  26% ] 000/100 VUs  1m50.0s/7m0s  50.00 iters/s

running (1m59.8s), 000/100 VUs, 5550 complete and 0 interrupted iterations
a1     [  26% ] 000/100 VUs  1m51.0s/7m0s  50.00 iters/s
time="2026-09-04T16:55:57+05:00" level=warning msg="The test has generated metrics with 100011 unique time series, which is higher than the suggested limit of 100000 and could cause high memory usage. Consider not using high-cardinality values like unique IDs as metric tags or, if you need them in the URL, use the name metric tag or URL grouping. See https://grafana.com/docs/k6/latest/using-k6/tags-and-groups/ for details." component=metrics-engine-ingester

running (2m00.8s), 001/100 VUs, 5599 complete and 0 interrupted iterations
a1     [  27% ] 001/100 VUs  1m52.0s/7m0s  50.00 iters/s

running (2m01.8s), 000/100 VUs, 5650 complete and 0 interrupted iterations
a1     [  27% ] 000/100 VUs  1m53.0s/7m0s  50.00 iters/s

running (2m02.8s), 000/100 VUs, 5700 complete and 0 interrupted iterations
a1     [  27% ] 000/100 VUs  1m54.0s/7m0s  50.00 iters/s

running (2m03.8s), 000/100 VUs, 5750 complete and 0 interrupted iterations
a1     [  27% ] 000/100 VUs  1m55.0s/7m0s  50.00 iters/s

running (2m04.8s), 000/100 VUs, 5800 complete and 0 interrupted iterations
a1     [  28% ] 000/100 VUs  1m56.0s/7m0s  50.00 iters/s

running (2m05.8s), 000/100 VUs, 5850 complete and 0 interrupted iterations
a1     [  28% ] 000/100 VUs  1m57.0s/7m0s  50.00 iters/s

running (2m06.8s), 000/100 VUs, 5900 complete and 0 interrupted iterations
a1     [  28% ] 000/100 VUs  1m58.0s/7m0s  50.00 iters/s

running (2m07.8s), 000/100 VUs, 5950 complete and 0 interrupted iterations
a1     [  28% ] 000/100 VUs  1m59.0s/7m0s  50.00 iters/s

running (2m08.8s), 001/100 VUs, 5999 complete and 0 interrupted iterations
a1     [  29% ] 001/100 VUs  2m00.0s/7m0s  50.00 iters/s

running (2m09.8s), 000/100 VUs, 6050 complete and 0 interrupted iterations
a1     [  29% ] 000/100 VUs  2m01.0s/7m0s  50.00 iters/s

running (2m13.7s), 000/100 VUs, 6100 complete and 0 interrupted iterations
a1     [  29% ] 000/100 VUs  2m02.0s/7m0s  50.00 iters/s

running (2m14.7s), 000/100 VUs, 6150 complete and 0 interrupted iterations
a1     [  29% ] 000/100 VUs  2m03.0s/7m0s  50.00 iters/s

running (2m15.7s), 000/100 VUs, 6200 complete and 0 interrupted iterations
a1     [  30% ] 000/100 VUs  2m04.0s/7m0s  50.00 iters/s

running (2m16.7s), 000/100 VUs, 6250 complete and 0 interrupted iterations
a1     [  30% ] 000/100 VUs  2m05.0s/7m0s  50.00 iters/s

running (2m17.7s), 000/100 VUs, 6300 complete and 0 interrupted iterations
a1     [  30% ] 000/100 VUs  2m06.0s/7m0s  50.00 iters/s

running (2m18.7s), 000/100 VUs, 6350 complete and 0 interrupted iterations
a1     [  30% ] 000/100 VUs  2m07.0s/7m0s  50.00 iters/s

running (2m19.7s), 000/100 VUs, 6400 complete and 0 interrupted iterations
a1     [  30% ] 000/100 VUs  2m08.0s/7m0s  50.00 iters/s

running (2m20.7s), 000/100 VUs, 6450 complete and 0 interrupted iterations
a1     [  31% ] 000/100 VUs  2m09.0s/7m0s  50.00 iters/s

running (2m21.7s), 000/100 VUs, 6500 complete and 0 interrupted iterations
a1     [  31% ] 000/100 VUs  2m10.0s/7m0s  50.00 iters/s

running (2m22.7s), 001/100 VUs, 6549 complete and 0 interrupted iterations
a1     [  31% ] 001/100 VUs  2m11.0s/7m0s  50.00 iters/s

running (2m23.7s), 000/100 VUs, 6600 complete and 0 interrupted iterations
a1     [  31% ] 000/100 VUs  2m12.0s/7m0s  50.00 iters/s

running (2m24.7s), 000/100 VUs, 6650 complete and 0 interrupted iterations
a1     [  32% ] 000/100 VUs  2m13.0s/7m0s  50.00 iters/s

running (2m25.7s), 000/100 VUs, 6700 complete and 0 interrupted iterations
a1     [  32% ] 000/100 VUs  2m14.0s/7m0s  50.00 iters/s

running (2m26.7s), 000/100 VUs, 6750 complete and 0 interrupted iterations
a1     [  32% ] 000/100 VUs  2m15.0s/7m0s  50.00 iters/s

running (2m27.7s), 000/100 VUs, 6800 complete and 0 interrupted iterations
a1     [  32% ] 000/100 VUs  2m16.0s/7m0s  50.00 iters/s

running (2m28.7s), 000/100 VUs, 6850 complete and 0 interrupted iterations
a1     [  33% ] 000/100 VUs  2m17.0s/7m0s  50.00 iters/s

running (2m29.7s), 000/100 VUs, 6900 complete and 0 interrupted iterations
a1     [  33% ] 000/100 VUs  2m18.0s/7m0s  50.00 iters/s

running (2m30.7s), 000/100 VUs, 6950 complete and 0 interrupted iterations
a1     [  33% ] 000/100 VUs  2m19.0s/7m0s  50.00 iters/s

running (2m31.7s), 000/100 VUs, 7000 complete and 0 interrupted iterations
a1     [  33% ] 000/100 VUs  2m20.0s/7m0s  50.00 iters/s

running (2m32.7s), 000/100 VUs, 7050 complete and 0 interrupted iterations
a1     [  34% ] 000/100 VUs  2m21.0s/7m0s  50.00 iters/s

running (2m33.7s), 000/100 VUs, 7100 complete and 0 interrupted iterations
a1     [  34% ] 000/100 VUs  2m22.0s/7m0s  50.00 iters/s

running (2m34.7s), 000/100 VUs, 7150 complete and 0 interrupted iterations
a1     [  34% ] 000/100 VUs  2m23.0s/7m0s  50.00 iters/s

running (2m35.7s), 000/100 VUs, 7200 complete and 0 interrupted iterations
a1     [  34% ] 000/100 VUs  2m24.0s/7m0s  50.00 iters/s

running (2m36.7s), 000/100 VUs, 7250 complete and 0 interrupted iterations
a1     [  35% ] 000/100 VUs  2m25.0s/7m0s  50.00 iters/s

running (2m37.7s), 000/100 VUs, 7300 complete and 0 interrupted iterations
a1     [  35% ] 000/100 VUs  2m26.0s/7m0s  50.00 iters/s

running (2m38.7s), 000/100 VUs, 7350 complete and 0 interrupted iterations
a1     [  35% ] 000/100 VUs  2m27.0s/7m0s  50.00 iters/s

running (2m39.7s), 000/100 VUs, 7400 complete and 0 interrupted iterations
a1     [  35% ] 000/100 VUs  2m28.0s/7m0s  50.00 iters/s

running (2m40.7s), 000/100 VUs, 7450 complete and 0 interrupted iterations
a1     [  35% ] 000/100 VUs  2m29.0s/7m0s  50.00 iters/s

running (2m41.7s), 000/100 VUs, 7500 complete and 0 interrupted iterations
a1     [  36% ] 000/100 VUs  2m30.0s/7m0s  50.00 iters/s

running (2m42.7s), 000/100 VUs, 7550 complete and 0 interrupted iterations
a1     [  36% ] 000/100 VUs  2m31.0s/7m0s  50.00 iters/s

running (2m43.7s), 000/100 VUs, 7600 complete and 0 interrupted iterations
a1     [  36% ] 000/100 VUs  2m32.0s/7m0s  50.00 iters/s

running (2m44.7s), 000/100 VUs, 7650 complete and 0 interrupted iterations
a1     [  36% ] 000/100 VUs  2m33.0s/7m0s  50.00 iters/s

running (2m48.7s), 000/100 VUs, 7700 complete and 0 interrupted iterations
a1     [  37% ] 000/100 VUs  2m34.0s/7m0s  50.00 iters/s

running (2m49.7s), 001/100 VUs, 7749 complete and 0 interrupted iterations
a1     [  37% ] 001/100 VUs  2m35.0s/7m0s  50.00 iters/s

running (2m50.7s), 000/100 VUs, 7800 complete and 0 interrupted iterations
a1     [  37% ] 000/100 VUs  2m36.0s/7m0s  50.00 iters/s

running (2m51.7s), 000/100 VUs, 7850 complete and 0 interrupted iterations
a1     [  37% ] 000/100 VUs  2m37.0s/7m0s  50.00 iters/s

running (2m52.7s), 000/100 VUs, 7900 complete and 0 interrupted iterations
a1     [  38% ] 000/100 VUs  2m38.0s/7m0s  50.00 iters/s

running (2m53.7s), 000/100 VUs, 7950 complete and 0 interrupted iterations
a1     [  38% ] 000/100 VUs  2m39.0s/7m0s  50.00 iters/s

running (2m54.7s), 000/100 VUs, 8000 complete and 0 interrupted iterations
a1     [  38% ] 000/100 VUs  2m40.0s/7m0s  50.00 iters/s

running (2m55.7s), 001/100 VUs, 8049 complete and 0 interrupted iterations
a1     [  38% ] 001/100 VUs  2m41.0s/7m0s  50.00 iters/s

running (2m56.7s), 000/100 VUs, 8100 complete and 0 interrupted iterations
a1     [  39% ] 000/100 VUs  2m42.0s/7m0s  50.00 iters/s

running (2m57.7s), 000/100 VUs, 8150 complete and 0 interrupted iterations
a1     [  39% ] 000/100 VUs  2m43.0s/7m0s  50.00 iters/s

running (2m58.7s), 000/100 VUs, 8200 complete and 0 interrupted iterations
a1     [  39% ] 000/100 VUs  2m44.0s/7m0s  50.00 iters/s

running (2m59.7s), 000/100 VUs, 8250 complete and 0 interrupted iterations
a1     [  39% ] 000/100 VUs  2m45.0s/7m0s  50.00 iters/s

running (3m00.7s), 000/100 VUs, 8300 complete and 0 interrupted iterations
a1     [  40% ] 000/100 VUs  2m46.0s/7m0s  50.00 iters/s

running (3m01.7s), 000/100 VUs, 8350 complete and 0 interrupted iterations
a1     [  40% ] 000/100 VUs  2m47.0s/7m0s  50.00 iters/s

running (3m02.7s), 000/100 VUs, 8400 complete and 0 interrupted iterations
a1     [  40% ] 000/100 VUs  2m48.0s/7m0s  50.00 iters/s

running (3m03.7s), 000/100 VUs, 8450 complete and 0 interrupted iterations
a1     [  40% ] 000/100 VUs  2m49.0s/7m0s  50.00 iters/s

running (3m04.7s), 000/100 VUs, 8500 complete and 0 interrupted iterations
a1     [  40% ] 000/100 VUs  2m50.0s/7m0s  50.00 iters/s

running (3m05.7s), 000/100 VUs, 8550 complete and 0 interrupted iterations
a1     [  41% ] 000/100 VUs  2m51.0s/7m0s  50.00 iters/s

running (3m06.7s), 000/100 VUs, 8600 complete and 0 interrupted iterations
a1     [  41% ] 000/100 VUs  2m52.0s/7m0s  50.00 iters/s

running (3m07.7s), 000/100 VUs, 8650 complete and 0 interrupted iterations
a1     [  41% ] 000/100 VUs  2m53.0s/7m0s  50.00 iters/s

running (3m08.7s), 000/100 VUs, 8700 complete and 0 interrupted iterations
a1     [  41% ] 000/100 VUs  2m54.0s/7m0s  50.00 iters/s

running (3m09.7s), 000/100 VUs, 8750 complete and 0 interrupted iterations
a1     [  42% ] 000/100 VUs  2m55.0s/7m0s  50.00 iters/s

running (3m10.7s), 001/100 VUs, 8799 complete and 0 interrupted iterations
a1     [  42% ] 001/100 VUs  2m56.0s/7m0s  50.00 iters/s

running (3m11.7s), 001/100 VUs, 8849 complete and 0 interrupted iterations
a1     [  42% ] 001/100 VUs  2m57.0s/7m0s  50.00 iters/s

running (3m12.7s), 001/100 VUs, 8899 complete and 0 interrupted iterations
a1     [  42% ] 001/100 VUs  2m58.0s/7m0s  50.00 iters/s

running (3m13.7s), 001/100 VUs, 8949 complete and 0 interrupted iterations
a1     [  43% ] 001/100 VUs  2m59.0s/7m0s  50.00 iters/s

running (3m14.7s), 001/100 VUs, 8999 complete and 0 interrupted iterations
a1     [  43% ] 001/100 VUs  3m00.0s/7m0s  50.00 iters/s

running (3m15.7s), 000/100 VUs, 9050 complete and 0 interrupted iterations
a1     [  43% ] 000/100 VUs  3m01.0s/7m0s  50.00 iters/s

running (3m16.7s), 001/100 VUs, 9099 complete and 0 interrupted iterations
a1     [  43% ] 001/100 VUs  3m02.0s/7m0s  50.00 iters/s

running (3m17.7s), 001/100 VUs, 9149 complete and 0 interrupted iterations
a1     [  44% ] 001/100 VUs  3m03.0s/7m0s  50.00 iters/s

running (3m18.7s), 001/100 VUs, 9199 complete and 0 interrupted iterations
a1     [  44% ] 001/100 VUs  3m04.0s/7m0s  50.00 iters/s

running (3m19.7s), 001/100 VUs, 9249 complete and 0 interrupted iterations
a1     [  44% ] 001/100 VUs  3m05.0s/7m0s  50.00 iters/s

running (3m23.6s), 001/100 VUs, 9299 complete and 0 interrupted iterations
a1     [  44% ] 001/100 VUs  3m06.0s/7m0s  50.00 iters/s

running (3m24.6s), 001/100 VUs, 9349 complete and 0 interrupted iterations
a1     [  45% ] 001/100 VUs  3m07.0s/7m0s  50.00 iters/s

running (3m25.6s), 001/100 VUs, 9399 complete and 0 interrupted iterations
a1     [  45% ] 001/100 VUs  3m08.0s/7m0s  50.00 iters/s

running (3m26.6s), 001/100 VUs, 9449 complete and 0 interrupted iterations
a1     [  45% ] 001/100 VUs  3m09.0s/7m0s  50.00 iters/s

running (3m27.6s), 001/100 VUs, 9499 complete and 0 interrupted iterations
a1     [  45% ] 001/100 VUs  3m10.0s/7m0s  50.00 iters/s

running (3m28.6s), 001/100 VUs, 9549 complete and 0 interrupted iterations
a1     [  45% ] 001/100 VUs  3m11.0s/7m0s  50.00 iters/s

running (3m29.6s), 001/100 VUs, 9599 complete and 0 interrupted iterations
a1     [  46% ] 001/100 VUs  3m12.0s/7m0s  50.00 iters/s

running (3m30.6s), 001/100 VUs, 9649 complete and 0 interrupted iterations
a1     [  46% ] 001/100 VUs  3m13.0s/7m0s  50.00 iters/s

running (3m31.6s), 001/100 VUs, 9699 complete and 0 interrupted iterations
a1     [  46% ] 001/100 VUs  3m14.0s/7m0s  50.00 iters/s

running (3m32.6s), 001/100 VUs, 9749 complete and 0 interrupted iterations
a1     [  46% ] 001/100 VUs  3m15.0s/7m0s  50.00 iters/s

running (3m33.6s), 001/100 VUs, 9799 complete and 0 interrupted iterations
a1     [  47% ] 001/100 VUs  3m16.0s/7m0s  50.00 iters/s

running (3m34.6s), 001/100 VUs, 9849 complete and 0 interrupted iterations
a1     [  47% ] 001/100 VUs  3m17.0s/7m0s  50.00 iters/s

running (3m35.6s), 001/100 VUs, 9899 complete and 0 interrupted iterations
a1     [  47% ] 001/100 VUs  3m18.0s/7m0s  50.00 iters/s

running (3m36.6s), 001/100 VUs, 9949 complete and 0 interrupted iterations
a1     [  47% ] 001/100 VUs  3m19.0s/7m0s  50.00 iters/s

running (3m37.6s), 001/100 VUs, 9999 complete and 0 interrupted iterations
a1     [  48% ] 001/100 VUs  3m20.0s/7m0s  50.00 iters/s

running (3m38.6s), 001/100 VUs, 10049 complete and 0 interrupted iterations
a1     [  48% ] 001/100 VUs  3m21.0s/7m0s  50.00 iters/s

running (3m39.6s), 001/100 VUs, 10099 complete and 0 interrupted iterations
a1     [  48% ] 001/100 VUs  3m22.0s/7m0s  50.00 iters/s

running (3m40.6s), 000/100 VUs, 10150 complete and 0 interrupted iterations
a1     [  48% ] 000/100 VUs  3m23.0s/7m0s  50.00 iters/s

running (3m41.6s), 001/100 VUs, 10199 complete and 0 interrupted iterations
a1     [  49% ] 001/100 VUs  3m24.0s/7m0s  50.00 iters/s

running (3m42.6s), 000/100 VUs, 10250 complete and 0 interrupted iterations
a1     [  49% ] 000/100 VUs  3m25.0s/7m0s  50.00 iters/s

running (3m43.6s), 001/100 VUs, 10299 complete and 0 interrupted iterations
a1     [  49% ] 001/100 VUs  3m26.0s/7m0s  50.00 iters/s

running (3m44.6s), 000/100 VUs, 10350 complete and 0 interrupted iterations
a1     [  49% ] 000/100 VUs  3m27.0s/7m0s  50.00 iters/s

running (3m45.6s), 000/100 VUs, 10400 complete and 0 interrupted iterations
a1     [  50% ] 000/100 VUs  3m28.0s/7m0s  50.00 iters/s

running (3m46.6s), 001/100 VUs, 10449 complete and 0 interrupted iterations
a1     [  50% ] 001/100 VUs  3m29.0s/7m0s  50.00 iters/s

running (3m47.6s), 001/100 VUs, 10499 complete and 0 interrupted iterations
a1     [  50% ] 001/100 VUs  3m30.0s/7m0s  50.00 iters/s

running (3m48.6s), 001/100 VUs, 10549 complete and 0 interrupted iterations
a1     [  50% ] 001/100 VUs  3m31.0s/7m0s  50.00 iters/s

running (3m49.6s), 001/100 VUs, 10599 complete and 0 interrupted iterations
a1     [  50% ] 001/100 VUs  3m32.0s/7m0s  50.00 iters/s

running (3m50.6s), 001/100 VUs, 10649 complete and 0 interrupted iterations
a1     [  51% ] 001/100 VUs  3m33.0s/7m0s  50.00 iters/s

running (3m51.6s), 000/100 VUs, 10700 complete and 0 interrupted iterations
a1     [  51% ] 000/100 VUs  3m34.0s/7m0s  50.00 iters/s

running (3m52.6s), 001/100 VUs, 10749 complete and 0 interrupted iterations
a1     [  51% ] 001/100 VUs  3m35.0s/7m0s  50.00 iters/s

running (3m53.6s), 000/100 VUs, 10800 complete and 0 interrupted iterations
a1     [  51% ] 000/100 VUs  3m36.0s/7m0s  50.00 iters/s

running (3m54.6s), 001/100 VUs, 10849 complete and 0 interrupted iterations
a1     [  52% ] 001/100 VUs  3m37.0s/7m0s  50.00 iters/s

running (3m58.5s), 001/100 VUs, 10899 complete and 0 interrupted iterations
a1     [  52% ] 001/100 VUs  3m38.0s/7m0s  50.00 iters/s

running (3m59.5s), 001/100 VUs, 10949 complete and 0 interrupted iterations
a1     [  52% ] 001/100 VUs  3m39.0s/7m0s  50.00 iters/s

running (4m00.5s), 001/100 VUs, 10999 complete and 0 interrupted iterations
a1     [  52% ] 001/100 VUs  3m40.0s/7m0s  50.00 iters/s

running (4m01.5s), 000/100 VUs, 11050 complete and 0 interrupted iterations
a1     [  53% ] 000/100 VUs  3m41.0s/7m0s  50.00 iters/s

running (4m02.5s), 001/100 VUs, 11099 complete and 0 interrupted iterations
a1     [  53% ] 001/100 VUs  3m42.0s/7m0s  50.00 iters/s
time="2026-09-04T16:58:00+05:00" level=warning msg="The test has generated metrics with 200037 unique time series, which is higher than the suggested limit of 100000 and could cause high memory usage. Consider not using high-cardinality values like unique IDs as metric tags or, if you need them in the URL, use the name metric tag or URL grouping. See https://grafana.com/docs/k6/latest/using-k6/tags-and-groups/ for details." component=metrics-engine-ingester

running (4m03.5s), 001/100 VUs, 11149 complete and 0 interrupted iterations
a1     [  53% ] 001/100 VUs  3m43.0s/7m0s  50.00 iters/s

running (4m04.5s), 001/100 VUs, 11199 complete and 0 interrupted iterations
a1     [  53% ] 001/100 VUs  3m44.0s/7m0s  50.00 iters/s

running (4m05.5s), 001/100 VUs, 11249 complete and 0 interrupted iterations
a1     [  54% ] 001/100 VUs  3m45.0s/7m0s  50.00 iters/s

running (4m06.5s), 001/100 VUs, 11299 complete and 0 interrupted iterations
a1     [  54% ] 001/100 VUs  3m46.0s/7m0s  50.00 iters/s

running (4m07.5s), 001/100 VUs, 11349 complete and 0 interrupted iterations
a1     [  54% ] 001/100 VUs  3m47.0s/7m0s  50.00 iters/s

running (4m08.5s), 001/100 VUs, 11399 complete and 0 interrupted iterations
a1     [  54% ] 001/100 VUs  3m48.0s/7m0s  50.00 iters/s

running (4m09.5s), 000/100 VUs, 11450 complete and 0 interrupted iterations
a1     [  55% ] 000/100 VUs  3m49.0s/7m0s  50.00 iters/s

running (4m10.5s), 001/100 VUs, 11499 complete and 0 interrupted iterations
a1     [  55% ] 001/100 VUs  3m50.0s/7m0s  50.00 iters/s

running (4m11.5s), 000/100 VUs, 11550 complete and 0 interrupted iterations
a1     [  55% ] 000/100 VUs  3m51.0s/7m0s  50.00 iters/s

running (4m12.5s), 000/100 VUs, 11600 complete and 0 interrupted iterations
a1     [  55% ] 000/100 VUs  3m52.0s/7m0s  50.00 iters/s

running (4m13.5s), 001/100 VUs, 11649 complete and 0 interrupted iterations
a1     [  55% ] 001/100 VUs  3m53.0s/7m0s  50.00 iters/s

running (4m14.5s), 000/100 VUs, 11700 complete and 0 interrupted iterations
a1     [  56% ] 000/100 VUs  3m54.0s/7m0s  50.00 iters/s

running (4m15.5s), 000/100 VUs, 11750 complete and 0 interrupted iterations
a1     [  56% ] 000/100 VUs  3m55.0s/7m0s  50.00 iters/s

running (4m16.5s), 001/100 VUs, 11799 complete and 0 interrupted iterations
a1     [  56% ] 001/100 VUs  3m56.0s/7m0s  50.00 iters/s

running (4m17.5s), 000/100 VUs, 11850 complete and 0 interrupted iterations
a1     [  56% ] 000/100 VUs  3m57.0s/7m0s  50.00 iters/s

running (4m18.5s), 000/100 VUs, 11900 complete and 0 interrupted iterations
a1     [  57% ] 000/100 VUs  3m58.0s/7m0s  50.00 iters/s

running (4m19.5s), 001/100 VUs, 11949 complete and 0 interrupted iterations
a1     [  57% ] 001/100 VUs  3m59.0s/7m0s  50.00 iters/s

running (4m20.5s), 001/100 VUs, 11999 complete and 0 interrupted iterations
a1     [  57% ] 001/100 VUs  4m00.0s/7m0s  50.00 iters/s

running (4m21.5s), 001/100 VUs, 12049 complete and 0 interrupted iterations
a1     [  57% ] 001/100 VUs  4m01.0s/7m0s  50.00 iters/s

running (4m22.5s), 000/100 VUs, 12100 complete and 0 interrupted iterations
a1     [  58% ] 000/100 VUs  4m02.0s/7m0s  50.00 iters/s

running (4m23.5s), 001/100 VUs, 12149 complete and 0 interrupted iterations
a1     [  58% ] 001/100 VUs  4m03.0s/7m0s  50.00 iters/s

running (4m24.5s), 000/100 VUs, 12200 complete and 0 interrupted iterations
a1     [  58% ] 000/100 VUs  4m04.0s/7m0s  50.00 iters/s

running (4m25.5s), 000/100 VUs, 12250 complete and 0 interrupted iterations
a1     [  58% ] 000/100 VUs  4m05.0s/7m0s  50.00 iters/s

running (4m26.5s), 000/100 VUs, 12300 complete and 0 interrupted iterations
a1     [  59% ] 000/100 VUs  4m06.0s/7m0s  50.00 iters/s

running (4m27.5s), 001/100 VUs, 12349 complete and 0 interrupted iterations
a1     [  59% ] 001/100 VUs  4m07.0s/7m0s  50.00 iters/s

running (4m28.5s), 000/100 VUs, 12400 complete and 0 interrupted iterations
a1     [  59% ] 000/100 VUs  4m08.0s/7m0s  50.00 iters/s

running (4m29.5s), 000/100 VUs, 12450 complete and 0 interrupted iterations
a1     [  59% ] 000/100 VUs  4m09.0s/7m0s  50.00 iters/s

running (4m30.5s), 000/100 VUs, 12500 complete and 0 interrupted iterations
a1     [  60% ] 000/100 VUs  4m10.0s/7m0s  50.00 iters/s

running (4m34.5s), 000/100 VUs, 12550 complete and 0 interrupted iterations
a1     [  60% ] 000/100 VUs  4m11.0s/7m0s  50.00 iters/s

running (4m35.5s), 000/100 VUs, 12600 complete and 0 interrupted iterations
a1     [  60% ] 000/100 VUs  4m12.0s/7m0s  50.00 iters/s

running (4m36.5s), 000/100 VUs, 12650 complete and 0 interrupted iterations
a1     [  60% ] 000/100 VUs  4m13.0s/7m0s  50.00 iters/s

running (4m37.5s), 000/100 VUs, 12700 complete and 0 interrupted iterations
a1     [  60% ] 000/100 VUs  4m14.0s/7m0s  50.00 iters/s

running (4m38.5s), 000/100 VUs, 12750 complete and 0 interrupted iterations
a1     [  61% ] 000/100 VUs  4m15.0s/7m0s  50.00 iters/s

running (4m39.5s), 001/100 VUs, 12799 complete and 0 interrupted iterations
a1     [  61% ] 001/100 VUs  4m16.0s/7m0s  50.00 iters/s

running (4m40.5s), 001/100 VUs, 12849 complete and 0 interrupted iterations
a1     [  61% ] 001/100 VUs  4m17.0s/7m0s  50.00 iters/s

running (4m41.5s), 001/100 VUs, 12899 complete and 0 interrupted iterations
a1     [  61% ] 001/100 VUs  4m18.0s/7m0s  50.00 iters/s

running (4m42.5s), 000/100 VUs, 12950 complete and 0 interrupted iterations
a1     [  62% ] 000/100 VUs  4m19.0s/7m0s  50.00 iters/s

running (4m43.5s), 000/100 VUs, 13000 complete and 0 interrupted iterations
a1     [  62% ] 000/100 VUs  4m20.0s/7m0s  50.00 iters/s

running (4m44.5s), 000/100 VUs, 13050 complete and 0 interrupted iterations
a1     [  62% ] 000/100 VUs  4m21.0s/7m0s  50.00 iters/s

running (4m45.5s), 000/100 VUs, 13100 complete and 0 interrupted iterations
a1     [  62% ] 000/100 VUs  4m22.0s/7m0s  50.00 iters/s

running (4m46.5s), 000/100 VUs, 13150 complete and 0 interrupted iterations
a1     [  63% ] 000/100 VUs  4m23.0s/7m0s  50.00 iters/s

running (4m47.5s), 000/100 VUs, 13200 complete and 0 interrupted iterations
a1     [  63% ] 000/100 VUs  4m24.0s/7m0s  50.00 iters/s

running (4m48.5s), 000/100 VUs, 13250 complete and 0 interrupted iterations
a1     [  63% ] 000/100 VUs  4m25.0s/7m0s  50.00 iters/s

running (4m49.5s), 000/100 VUs, 13300 complete and 0 interrupted iterations
a1     [  63% ] 000/100 VUs  4m26.0s/7m0s  50.00 iters/s

running (4m50.5s), 001/100 VUs, 13349 complete and 0 interrupted iterations
a1     [  64% ] 001/100 VUs  4m27.0s/7m0s  50.00 iters/s

running (4m51.5s), 000/100 VUs, 13400 complete and 0 interrupted iterations
a1     [  64% ] 000/100 VUs  4m28.0s/7m0s  50.00 iters/s

running (4m52.5s), 001/100 VUs, 13449 complete and 0 interrupted iterations
a1     [  64% ] 001/100 VUs  4m29.0s/7m0s  50.00 iters/s

running (4m53.5s), 001/100 VUs, 13499 complete and 0 interrupted iterations
a1     [  64% ] 001/100 VUs  4m30.0s/7m0s  50.00 iters/s

running (4m54.5s), 000/100 VUs, 13550 complete and 0 interrupted iterations
a1     [  65% ] 000/100 VUs  4m31.0s/7m0s  50.00 iters/s

running (4m55.5s), 000/100 VUs, 13600 complete and 0 interrupted iterations
a1     [  65% ] 000/100 VUs  4m32.0s/7m0s  50.00 iters/s

running (4m56.5s), 000/100 VUs, 13650 complete and 0 interrupted iterations
a1     [  65% ] 000/100 VUs  4m33.0s/7m0s  50.00 iters/s

running (4m57.5s), 000/100 VUs, 13700 complete and 0 interrupted iterations
a1     [  65% ] 000/100 VUs  4m34.0s/7m0s  50.00 iters/s

running (4m58.5s), 000/100 VUs, 13750 complete and 0 interrupted iterations
a1     [  65% ] 000/100 VUs  4m35.0s/7m0s  50.00 iters/s

running (4m59.5s), 000/100 VUs, 13800 complete and 0 interrupted iterations
a1     [  66% ] 000/100 VUs  4m36.0s/7m0s  50.00 iters/s

running (5m00.5s), 000/100 VUs, 13850 complete and 0 interrupted iterations
a1     [  66% ] 000/100 VUs  4m37.0s/7m0s  50.00 iters/s

running (5m01.5s), 000/100 VUs, 13900 complete and 0 interrupted iterations
a1     [  66% ] 000/100 VUs  4m38.0s/7m0s  50.00 iters/s

running (5m02.5s), 001/100 VUs, 13949 complete and 0 interrupted iterations
a1     [  66% ] 001/100 VUs  4m39.0s/7m0s  50.00 iters/s

running (5m03.5s), 001/100 VUs, 13999 complete and 0 interrupted iterations
a1     [  67% ] 001/100 VUs  4m40.0s/7m0s  50.00 iters/s

running (5m04.5s), 000/100 VUs, 14050 complete and 0 interrupted iterations
a1     [  67% ] 000/100 VUs  4m41.0s/7m0s  50.00 iters/s

running (5m05.5s), 000/100 VUs, 14100 complete and 0 interrupted iterations
a1     [  67% ] 000/100 VUs  4m42.0s/7m0s  50.00 iters/s

running (5m09.4s), 000/100 VUs, 14150 complete and 0 interrupted iterations
a1     [  67% ] 000/100 VUs  4m43.0s/7m0s  50.00 iters/s

running (5m10.4s), 000/100 VUs, 14200 complete and 0 interrupted iterations
a1     [  68% ] 000/100 VUs  4m44.0s/7m0s  50.00 iters/s

running (5m11.4s), 000/100 VUs, 14250 complete and 0 interrupted iterations
a1     [  68% ] 000/100 VUs  4m45.0s/7m0s  50.00 iters/s

running (5m12.4s), 000/100 VUs, 14300 complete and 0 interrupted iterations
a1     [  68% ] 000/100 VUs  4m46.0s/7m0s  50.00 iters/s

running (5m13.4s), 000/100 VUs, 14350 complete and 0 interrupted iterations
a1     [  68% ] 000/100 VUs  4m47.0s/7m0s  50.00 iters/s

running (5m14.4s), 000/100 VUs, 14400 complete and 0 interrupted iterations
a1     [  69% ] 000/100 VUs  4m48.0s/7m0s  50.00 iters/s

running (5m15.4s), 001/100 VUs, 14449 complete and 0 interrupted iterations
a1     [  69% ] 001/100 VUs  4m49.0s/7m0s  50.00 iters/s

running (5m16.4s), 001/100 VUs, 14499 complete and 0 interrupted iterations
a1     [  69% ] 001/100 VUs  4m50.0s/7m0s  50.00 iters/s

running (5m17.4s), 001/100 VUs, 14549 complete and 0 interrupted iterations
a1     [  69% ] 001/100 VUs  4m51.0s/7m0s  50.00 iters/s

running (5m18.4s), 001/100 VUs, 14599 complete and 0 interrupted iterations
a1     [  70% ] 001/100 VUs  4m52.0s/7m0s  50.00 iters/s

running (5m19.4s), 000/100 VUs, 14650 complete and 0 interrupted iterations
a1     [  70% ] 000/100 VUs  4m53.0s/7m0s  50.00 iters/s

running (5m20.4s), 001/100 VUs, 14699 complete and 0 interrupted iterations
a1     [  70% ] 001/100 VUs  4m54.0s/7m0s  50.00 iters/s

running (5m21.4s), 000/100 VUs, 14750 complete and 0 interrupted iterations
a1     [  70% ] 000/100 VUs  4m55.0s/7m0s  50.00 iters/s

running (5m22.4s), 000/100 VUs, 14800 complete and 0 interrupted iterations
a1     [  70% ] 000/100 VUs  4m56.0s/7m0s  50.00 iters/s

running (5m23.4s), 000/100 VUs, 14850 complete and 0 interrupted iterations
a1     [  71% ] 000/100 VUs  4m57.0s/7m0s  50.00 iters/s

running (5m24.4s), 000/100 VUs, 14900 complete and 0 interrupted iterations
a1     [  71% ] 000/100 VUs  4m58.0s/7m0s  50.00 iters/s

running (5m25.4s), 000/100 VUs, 14950 complete and 0 interrupted iterations
a1     [  71% ] 000/100 VUs  4m59.0s/7m0s  50.00 iters/s

running (5m26.4s), 001/100 VUs, 14999 complete and 0 interrupted iterations
a1     [  71% ] 001/100 VUs  5m00.0s/7m0s  50.00 iters/s

running (5m27.4s), 001/100 VUs, 15049 complete and 0 interrupted iterations
a1     [  72% ] 001/100 VUs  5m01.0s/7m0s  50.00 iters/s

running (5m28.4s), 001/100 VUs, 15099 complete and 0 interrupted iterations
a1     [  72% ] 001/100 VUs  5m02.0s/7m0s  50.00 iters/s

running (5m29.4s), 000/100 VUs, 15150 complete and 0 interrupted iterations
a1     [  72% ] 000/100 VUs  5m03.0s/7m0s  50.00 iters/s

running (5m30.4s), 001/100 VUs, 15199 complete and 0 interrupted iterations
a1     [  72% ] 001/100 VUs  5m04.0s/7m0s  50.00 iters/s

running (5m31.4s), 000/100 VUs, 15250 complete and 0 interrupted iterations
a1     [  73% ] 000/100 VUs  5m05.0s/7m0s  50.00 iters/s

running (5m32.4s), 000/100 VUs, 15300 complete and 0 interrupted iterations
a1     [  73% ] 000/100 VUs  5m06.0s/7m0s  50.00 iters/s

running (5m33.4s), 001/100 VUs, 15349 complete and 0 interrupted iterations
a1     [  73% ] 001/100 VUs  5m07.0s/7m0s  50.00 iters/s

running (5m34.4s), 000/100 VUs, 15400 complete and 0 interrupted iterations
a1     [  73% ] 000/100 VUs  5m08.0s/7m0s  50.00 iters/s

running (5m35.4s), 000/100 VUs, 15450 complete and 0 interrupted iterations
a1     [  74% ] 000/100 VUs  5m09.0s/7m0s  50.00 iters/s

running (5m36.4s), 000/100 VUs, 15500 complete and 0 interrupted iterations
a1     [  74% ] 000/100 VUs  5m10.0s/7m0s  50.00 iters/s

running (5m37.4s), 000/100 VUs, 15550 complete and 0 interrupted iterations
a1     [  74% ] 000/100 VUs  5m11.0s/7m0s  50.00 iters/s

running (5m38.4s), 001/100 VUs, 15599 complete and 0 interrupted iterations
a1     [  74% ] 001/100 VUs  5m12.0s/7m0s  50.00 iters/s

running (5m39.4s), 000/100 VUs, 15650 complete and 0 interrupted iterations
a1     [  75% ] 000/100 VUs  5m13.0s/7m0s  50.00 iters/s

running (5m40.4s), 000/100 VUs, 15700 complete and 0 interrupted iterations
a1     [  75% ] 000/100 VUs  5m14.0s/7m0s  50.00 iters/s

running (5m44.3s), 000/100 VUs, 15750 complete and 0 interrupted iterations
a1     [  75% ] 000/100 VUs  5m15.0s/7m0s  50.00 iters/s

running (5m45.3s), 000/100 VUs, 15800 complete and 0 interrupted iterations
a1     [  75% ] 000/100 VUs  5m16.0s/7m0s  50.00 iters/s

running (5m46.3s), 000/100 VUs, 15850 complete and 0 interrupted iterations
a1     [  75% ] 000/100 VUs  5m17.0s/7m0s  50.00 iters/s

running (5m47.3s), 001/100 VUs, 15899 complete and 0 interrupted iterations
a1     [  76% ] 001/100 VUs  5m18.0s/7m0s  50.00 iters/s

running (5m48.3s), 000/100 VUs, 15950 complete and 0 interrupted iterations
a1     [  76% ] 000/100 VUs  5m19.0s/7m0s  50.00 iters/s

running (5m49.3s), 000/100 VUs, 16000 complete and 0 interrupted iterations
a1     [  76% ] 000/100 VUs  5m20.0s/7m0s  50.00 iters/s

running (5m50.3s), 000/100 VUs, 16050 complete and 0 interrupted iterations
a1     [  76% ] 000/100 VUs  5m21.0s/7m0s  50.00 iters/s

running (5m51.3s), 000/100 VUs, 16100 complete and 0 interrupted iterations
a1     [  77% ] 000/100 VUs  5m22.0s/7m0s  50.00 iters/s

running (5m52.3s), 000/100 VUs, 16150 complete and 0 interrupted iterations
a1     [  77% ] 000/100 VUs  5m23.0s/7m0s  50.00 iters/s

running (5m53.3s), 000/100 VUs, 16200 complete and 0 interrupted iterations
a1     [  77% ] 000/100 VUs  5m24.0s/7m0s  50.00 iters/s

running (5m54.3s), 000/100 VUs, 16250 complete and 0 interrupted iterations
a1     [  77% ] 000/100 VUs  5m25.0s/7m0s  50.00 iters/s

running (5m55.3s), 000/100 VUs, 16300 complete and 0 interrupted iterations
a1     [  78% ] 000/100 VUs  5m26.0s/7m0s  50.00 iters/s

running (5m56.3s), 000/100 VUs, 16350 complete and 0 interrupted iterations
a1     [  78% ] 000/100 VUs  5m27.0s/7m0s  50.00 iters/s

running (5m57.3s), 000/100 VUs, 16400 complete and 0 interrupted iterations
a1     [  78% ] 000/100 VUs  5m28.0s/7m0s  50.00 iters/s

running (5m58.3s), 000/100 VUs, 16450 complete and 0 interrupted iterations
a1     [  78% ] 000/100 VUs  5m29.0s/7m0s  50.00 iters/s

running (5m59.3s), 000/100 VUs, 16500 complete and 0 interrupted iterations
a1     [  79% ] 000/100 VUs  5m30.0s/7m0s  50.00 iters/s

running (6m00.3s), 000/100 VUs, 16550 complete and 0 interrupted iterations
a1     [  79% ] 000/100 VUs  5m31.0s/7m0s  50.00 iters/s

running (6m01.3s), 000/100 VUs, 16600 complete and 0 interrupted iterations
a1     [  79% ] 000/100 VUs  5m32.0s/7m0s  50.00 iters/s

running (6m02.3s), 000/100 VUs, 16650 complete and 0 interrupted iterations
a1     [  79% ] 000/100 VUs  5m33.0s/7m0s  50.00 iters/s

running (6m03.3s), 001/100 VUs, 16699 complete and 0 interrupted iterations
a1     [  80% ] 001/100 VUs  5m34.0s/7m0s  50.00 iters/s

running (6m04.3s), 000/100 VUs, 16750 complete and 0 interrupted iterations
a1     [  80% ] 000/100 VUs  5m35.0s/7m0s  50.00 iters/s

running (6m05.3s), 001/100 VUs, 16799 complete and 0 interrupted iterations
a1     [  80% ] 001/100 VUs  5m36.0s/7m0s  50.00 iters/s

running (6m06.3s), 000/100 VUs, 16850 complete and 0 interrupted iterations
a1     [  80% ] 000/100 VUs  5m37.0s/7m0s  50.00 iters/s

running (6m07.3s), 000/100 VUs, 16900 complete and 0 interrupted iterations
a1     [  80% ] 000/100 VUs  5m38.0s/7m0s  50.00 iters/s

running (6m08.3s), 000/100 VUs, 16950 complete and 0 interrupted iterations
a1     [  81% ] 000/100 VUs  5m39.0s/7m0s  50.00 iters/s

running (6m09.3s), 000/100 VUs, 17000 complete and 0 interrupted iterations
a1     [  81% ] 000/100 VUs  5m40.0s/7m0s  50.00 iters/s

running (6m10.3s), 000/100 VUs, 17050 complete and 0 interrupted iterations
a1     [  81% ] 000/100 VUs  5m41.0s/7m0s  50.00 iters/s

running (6m11.3s), 000/100 VUs, 17100 complete and 0 interrupted iterations
a1     [  81% ] 000/100 VUs  5m42.0s/7m0s  50.00 iters/s

running (6m12.3s), 000/100 VUs, 17150 complete and 0 interrupted iterations
a1     [  82% ] 000/100 VUs  5m43.0s/7m0s  50.00 iters/s

running (6m13.3s), 000/100 VUs, 17200 complete and 0 interrupted iterations
a1     [  82% ] 000/100 VUs  5m44.0s/7m0s  50.00 iters/s

running (6m14.3s), 000/100 VUs, 17250 complete and 0 interrupted iterations
a1     [  82% ] 000/100 VUs  5m45.0s/7m0s  50.00 iters/s

running (6m15.3s), 001/100 VUs, 17299 complete and 0 interrupted iterations
a1     [  82% ] 001/100 VUs  5m46.0s/7m0s  50.00 iters/s

running (6m19.3s), 001/100 VUs, 17349 complete and 0 interrupted iterations
a1     [  83% ] 001/100 VUs  5m47.0s/7m0s  50.00 iters/s

running (6m20.2s), 001/100 VUs, 17399 complete and 0 interrupted iterations
a1     [  83% ] 001/100 VUs  5m48.0s/7m0s  50.00 iters/s

running (6m21.3s), 000/100 VUs, 17450 complete and 0 interrupted iterations
a1     [  83% ] 000/100 VUs  5m49.0s/7m0s  50.00 iters/s

running (6m22.3s), 000/100 VUs, 17500 complete and 0 interrupted iterations
a1     [  83% ] 000/100 VUs  5m50.0s/7m0s  50.00 iters/s

running (6m23.3s), 000/100 VUs, 17550 complete and 0 interrupted iterations
a1     [  84% ] 000/100 VUs  5m51.0s/7m0s  50.00 iters/s

running (6m24.3s), 000/100 VUs, 17600 complete and 0 interrupted iterations
a1     [  84% ] 000/100 VUs  5m52.0s/7m0s  50.00 iters/s

running (6m25.3s), 000/100 VUs, 17650 complete and 0 interrupted iterations
a1     [  84% ] 000/100 VUs  5m53.0s/7m0s  50.00 iters/s

running (6m26.3s), 000/100 VUs, 17700 complete and 0 interrupted iterations
a1     [  84% ] 000/100 VUs  5m54.0s/7m0s  50.00 iters/s

running (6m27.3s), 000/100 VUs, 17750 complete and 0 interrupted iterations
a1     [  85% ] 000/100 VUs  5m55.0s/7m0s  50.00 iters/s

running (6m28.2s), 000/100 VUs, 17800 complete and 0 interrupted iterations
a1     [  85% ] 000/100 VUs  5m56.0s/7m0s  50.00 iters/s

running (6m29.3s), 001/100 VUs, 17849 complete and 0 interrupted iterations
a1     [  85% ] 001/100 VUs  5m57.0s/7m0s  50.00 iters/s

running (6m30.3s), 000/100 VUs, 17900 complete and 0 interrupted iterations
a1     [  85% ] 000/100 VUs  5m58.0s/7m0s  50.00 iters/s

running (6m31.3s), 000/100 VUs, 17950 complete and 0 interrupted iterations
a1     [  85% ] 000/100 VUs  5m59.0s/7m0s  50.00 iters/s

running (6m32.3s), 000/100 VUs, 18000 complete and 0 interrupted iterations
a1     [  86% ] 000/100 VUs  6m00.0s/7m0s  50.00 iters/s

running (6m33.3s), 000/100 VUs, 18050 complete and 0 interrupted iterations
a1     [  86% ] 000/100 VUs  6m01.0s/7m0s  50.00 iters/s

running (6m34.3s), 000/100 VUs, 18100 complete and 0 interrupted iterations
a1     [  86% ] 000/100 VUs  6m02.0s/7m0s  50.00 iters/s

running (6m35.3s), 000/100 VUs, 18150 complete and 0 interrupted iterations
a1     [  86% ] 000/100 VUs  6m03.0s/7m0s  50.00 iters/s

running (6m36.3s), 000/100 VUs, 18200 complete and 0 interrupted iterations
a1     [  87% ] 000/100 VUs  6m04.0s/7m0s  50.00 iters/s

running (6m37.3s), 000/100 VUs, 18250 complete and 0 interrupted iterations
a1     [  87% ] 000/100 VUs  6m05.0s/7m0s  50.00 iters/s

running (6m38.2s), 000/100 VUs, 18300 complete and 0 interrupted iterations
a1     [  87% ] 000/100 VUs  6m06.0s/7m0s  50.00 iters/s

running (6m39.3s), 000/100 VUs, 18350 complete and 0 interrupted iterations
a1     [  87% ] 000/100 VUs  6m07.0s/7m0s  50.00 iters/s

running (6m40.3s), 000/100 VUs, 18400 complete and 0 interrupted iterations
a1     [  88% ] 000/100 VUs  6m08.0s/7m0s  50.00 iters/s

running (6m41.3s), 000/100 VUs, 18450 complete and 0 interrupted iterations
a1     [  88% ] 000/100 VUs  6m09.0s/7m0s  50.00 iters/s

running (6m42.3s), 000/100 VUs, 18500 complete and 0 interrupted iterations
a1     [  88% ] 000/100 VUs  6m10.0s/7m0s  50.00 iters/s

running (6m43.3s), 001/100 VUs, 18549 complete and 0 interrupted iterations
a1     [  88% ] 001/100 VUs  6m11.0s/7m0s  50.00 iters/s

running (6m44.3s), 000/100 VUs, 18600 complete and 0 interrupted iterations
a1     [  89% ] 000/100 VUs  6m12.0s/7m0s  50.00 iters/s

running (6m45.2s), 000/100 VUs, 18650 complete and 0 interrupted iterations
a1     [  89% ] 000/100 VUs  6m13.0s/7m0s  50.00 iters/s

running (6m46.3s), 000/100 VUs, 18700 complete and 0 interrupted iterations
a1     [  89% ] 000/100 VUs  6m14.0s/7m0s  50.00 iters/s

running (6m47.3s), 000/100 VUs, 18750 complete and 0 interrupted iterations
a1     [  89% ] 000/100 VUs  6m15.0s/7m0s  50.00 iters/s

running (6m48.2s), 000/100 VUs, 18800 complete and 0 interrupted iterations
a1     [  90% ] 000/100 VUs  6m16.0s/7m0s  50.00 iters/s

running (6m49.3s), 000/100 VUs, 18850 complete and 0 interrupted iterations
a1     [  90% ] 000/100 VUs  6m17.0s/7m0s  50.00 iters/s

running (6m50.3s), 000/100 VUs, 18900 complete and 0 interrupted iterations
a1     [  90% ] 000/100 VUs  6m18.0s/7m0s  50.00 iters/s

running (6m51.3s), 000/100 VUs, 18950 complete and 0 interrupted iterations
a1     [  90% ] 000/100 VUs  6m19.0s/7m0s  50.00 iters/s

running (6m55.2s), 000/100 VUs, 19000 complete and 0 interrupted iterations
a1     [  90% ] 000/100 VUs  6m20.0s/7m0s  50.00 iters/s

running (6m56.2s), 000/100 VUs, 19050 complete and 0 interrupted iterations
a1     [  91% ] 000/100 VUs  6m21.0s/7m0s  50.00 iters/s

running (6m57.2s), 001/100 VUs, 19099 complete and 0 interrupted iterations
a1     [  91% ] 001/100 VUs  6m22.0s/7m0s  50.00 iters/s

running (6m58.2s), 000/100 VUs, 19150 complete and 0 interrupted iterations
a1     [  91% ] 000/100 VUs  6m23.0s/7m0s  50.00 iters/s

running (6m59.2s), 000/100 VUs, 19200 complete and 0 interrupted iterations
a1     [  91% ] 000/100 VUs  6m24.0s/7m0s  50.00 iters/s

running (7m00.2s), 000/100 VUs, 19250 complete and 0 interrupted iterations
a1     [  92% ] 000/100 VUs  6m25.0s/7m0s  50.00 iters/s

running (7m01.2s), 000/100 VUs, 19300 complete and 0 interrupted iterations
a1     [  92% ] 000/100 VUs  6m26.0s/7m0s  50.00 iters/s

running (7m02.2s), 000/100 VUs, 19350 complete and 0 interrupted iterations
a1     [  92% ] 000/100 VUs  6m27.0s/7m0s  50.00 iters/s

running (7m03.2s), 000/100 VUs, 19400 complete and 0 interrupted iterations
a1     [  92% ] 000/100 VUs  6m28.0s/7m0s  50.00 iters/s

running (7m04.2s), 000/100 VUs, 19450 complete and 0 interrupted iterations
a1     [  93% ] 000/100 VUs  6m29.0s/7m0s  50.00 iters/s

running (7m05.2s), 000/100 VUs, 19500 complete and 0 interrupted iterations
a1     [  93% ] 000/100 VUs  6m30.0s/7m0s  50.00 iters/s

running (7m06.2s), 000/100 VUs, 19550 complete and 0 interrupted iterations
a1     [  93% ] 000/100 VUs  6m31.0s/7m0s  50.00 iters/s

running (7m07.2s), 001/100 VUs, 19599 complete and 0 interrupted iterations
a1     [  93% ] 001/100 VUs  6m32.0s/7m0s  50.00 iters/s

running (7m08.2s), 001/100 VUs, 19649 complete and 0 interrupted iterations
a1     [  94% ] 001/100 VUs  6m33.0s/7m0s  50.00 iters/s

running (7m09.2s), 000/100 VUs, 19700 complete and 0 interrupted iterations
a1     [  94% ] 000/100 VUs  6m34.0s/7m0s  50.00 iters/s

running (7m10.2s), 000/100 VUs, 19750 complete and 0 interrupted iterations
a1     [  94% ] 000/100 VUs  6m35.0s/7m0s  50.00 iters/s

running (7m11.2s), 000/100 VUs, 19800 complete and 0 interrupted iterations
a1     [  94% ] 000/100 VUs  6m36.0s/7m0s  50.00 iters/s

running (7m12.2s), 000/100 VUs, 19850 complete and 0 interrupted iterations
a1     [  95% ] 000/100 VUs  6m37.0s/7m0s  50.00 iters/s

running (7m13.2s), 000/100 VUs, 19900 complete and 0 interrupted iterations
a1     [  95% ] 000/100 VUs  6m38.0s/7m0s  50.00 iters/s

running (7m14.2s), 001/100 VUs, 19949 complete and 0 interrupted iterations
a1     [  95% ] 001/100 VUs  6m39.0s/7m0s  50.00 iters/s

running (7m15.2s), 000/100 VUs, 20000 complete and 0 interrupted iterations
a1     [  95% ] 000/100 VUs  6m40.0s/7m0s  50.00 iters/s

running (7m16.2s), 000/100 VUs, 20050 complete and 0 interrupted iterations
a1     [  95% ] 000/100 VUs  6m41.0s/7m0s  50.00 iters/s

running (7m17.2s), 000/100 VUs, 20100 complete and 0 interrupted iterations
a1     [  96% ] 000/100 VUs  6m42.0s/7m0s  50.00 iters/s

running (7m18.2s), 000/100 VUs, 20150 complete and 0 interrupted iterations
a1     [  96% ] 000/100 VUs  6m43.0s/7m0s  50.00 iters/s

running (7m19.2s), 001/100 VUs, 20199 complete and 0 interrupted iterations
a1     [  96% ] 001/100 VUs  6m44.0s/7m0s  50.00 iters/s

running (7m20.2s), 000/100 VUs, 20250 complete and 0 interrupted iterations
a1     [  96% ] 000/100 VUs  6m45.0s/7m0s  50.00 iters/s

running (7m21.2s), 001/100 VUs, 20299 complete and 0 interrupted iterations
a1     [  97% ] 001/100 VUs  6m46.0s/7m0s  50.00 iters/s

running (7m22.2s), 001/100 VUs, 20349 complete and 0 interrupted iterations
a1     [  97% ] 001/100 VUs  6m47.0s/7m0s  50.00 iters/s

running (7m23.2s), 000/100 VUs, 20400 complete and 0 interrupted iterations
a1     [  97% ] 000/100 VUs  6m48.0s/7m0s  50.00 iters/s

running (7m24.2s), 000/100 VUs, 20450 complete and 0 interrupted iterations
a1     [  97% ] 000/100 VUs  6m49.0s/7m0s  50.00 iters/s

running (7m25.2s), 000/100 VUs, 20500 complete and 0 interrupted iterations
a1     [  98% ] 000/100 VUs  6m50.0s/7m0s  50.00 iters/s

running (7m26.2s), 000/100 VUs, 20550 complete and 0 interrupted iterations
a1     [  98% ] 000/100 VUs  6m51.0s/7m0s  50.00 iters/s

running (7m30.1s), 000/100 VUs, 20600 complete and 0 interrupted iterations
a1     [  98% ] 000/100 VUs  6m52.0s/7m0s  50.00 iters/s

running (7m31.1s), 001/100 VUs, 20649 complete and 0 interrupted iterations
a1     [  98% ] 001/100 VUs  6m53.0s/7m0s  50.00 iters/s

running (7m32.1s), 001/100 VUs, 20699 complete and 0 interrupted iterations
a1     [  99% ] 001/100 VUs  6m54.0s/7m0s  50.00 iters/s

running (7m33.1s), 000/100 VUs, 20750 complete and 0 interrupted iterations
a1     [  99% ] 000/100 VUs  6m55.0s/7m0s  50.00 iters/s

running (7m34.1s), 000/100 VUs, 20800 complete and 0 interrupted iterations
a1     [  99% ] 000/100 VUs  6m56.0s/7m0s  50.00 iters/s

running (7m35.1s), 000/100 VUs, 20850 complete and 0 interrupted iterations
a1     [  99% ] 000/100 VUs  6m57.0s/7m0s  50.00 iters/s

running (7m36.1s), 000/100 VUs, 20900 complete and 0 interrupted iterations
a1     [ 100% ] 000/100 VUs  6m58.0s/7m0s  50.00 iters/s

running (7m37.1s), 000/100 VUs, 20950 complete and 0 interrupted iterations
a1     [ 100% ] 000/100 VUs  6m59.0s/7m0s  50.00 iters/s

running (7m38.1s), 000/100 VUs, 21000 complete and 0 interrupted iterations
a1     [ 100% ] 000/100 VUs  7m00.0s/7m0s  50.00 iters/s


  █ THRESHOLDS 

    http_req_failed
    ✓ 'rate<0.05' rate=0.00%


  █ TOTAL RESULTS 

    checks_total.......: 63003   137.521581/s
    checks_succeeded...: 100.00% 63003 out of 63003
    checks_failed......: 0.00%   0 out of 63003

    ✓ initiated
    ✓ validated
    ✓ terminal

    CUSTOM
    a1_lifecycle_duration..........: avg=9.95ms min=5ms    med=8ms    p(95)=13ms    p(99)=18ms    max=2.94s   
    a1_lifecycles_completed........: 21001 45.840527/s
    a1_transitions_committed.......: 63003 137.521581/s

    HTTP
    http_req_duration..............: avg=3.19ms min=1.24ms med=2.69ms p(95)=4.55ms  p(99)=6.44ms  max=2.93s   
      { expected_response:true }...: avg=3.19ms min=1.24ms med=2.69ms p(95)=4.55ms  p(99)=6.44ms  max=2.93s   
    http_req_failed................: 0.00% 0 out of 63003
    http_reqs......................: 63003 137.521581/s

    EXECUTION
    iteration_duration.............: avg=9.6ms  min=4.98ms med=8.56ms p(95)=13.53ms p(99)=18.42ms max=583.05ms
    iterations.....................: 21001 45.840527/s
    vus............................: 0     min=0          max=1  
    vus_max........................: 100   min=100        max=100

    NETWORK
    data_received..................: 24 MB 52 kB/s
    data_sent......................: 14 MB 30 kB/s




running (7m38.1s), 000/100 VUs, 21001 complete and 0 interrupted iterations
a1   ✓ [ 100% ] 000/100 VUs  7m0s  50.00 iters/s
