[10:35:16] === RUN AQ-P1-r1-20260904103516 ===
[10:35:16] mode=AQ profile=P1 rep=1 tps=50 duration=120s fault=none
[10:35:16] jar: target/master-thesis-observability-0.0.1-SNAPSHOT.jar
[10:35:16] workload tozalanmoqda (reference saqlanadi)
workload reset; reference data preserved
AQ backlog purged: 0 -> 0
[10:35:17] Kafka topigi qayta yaratilmoqda
[10:35:26] ilova ishga tushirilmoqda (mode=AQ)
[10:35:41] ilova tayyor (pid 3394038)
[10:35:44] k6 yuklamasi boshlandi
[10:37:57] pipeline bo'shashi kutilmoqda (maks 120s)
[10:38:07] pipeline bo'sh (4s, sink=17634 xabar)
[10:38:18] ground truth eksport qilinmoqda
[10:38:18] Kafka topigi eksport qilinmoqda
[10:39:11] tahlil
{
  "mode": "AQ",
  "profile": "P1",
  "rep": "1",
  "fault": "none",
  "ground_truth_transitions": 17634,
  "delivered_distinct": 17634,
  "delivered_total": 17634,
  "matched": 17634,
  "missing": 0,
  "phantom": 0,
  "malformed": 0,
  "loss_rate": 0.0,
  "loss_rate_ppm": 0.0,
  "duplicate_rate": 0.0,
  "ordering_violation_rate": 0.0,
  "txns_split_across_partitions": 0,
  "latency_ms_p50": 8,
  "latency_ms_p95": 274,
  "latency_ms_p99": 1405,
  "latency_ms_max": 4697,
  "latency_ms_mean": 60.0,
  "latency_samples": 17634,
  "latency_negative_samples": 0,
  "loss_rate_upper_bound_95_ppm": 170.13
}
[10:39:11] ilova va konnektor to'xtatilmoqda
[10:39:15] === TUGADI: results/AQ-P1-r1-20260904103516 ===
