[2026-09-09 16:45:23] [c2-after] C fazasi ishlayapti — kutilmoqda
[2026-09-09 20:20:27] [c2-after] C fazasi tugadi
[2026-09-09 20:20:27] [c2-after] === C2 (simmetrik o'lchov oynasi bilan) ===
[2026-09-09 20:20:27] === C2a: 5 daraja x {ON,OFF} x 3 takror ===
[2026-09-09 20:20:27] --- takror 1/3 ---
[2026-09-09 20:20:27] RUN   C2N0OFF/r1  (noise=0/s, connector=off)
[2026-09-09 20:25:44] OK    C2N0OFF/r1
[2026-09-09 20:25:44] RUN   C2N0ON/r1  (noise=0/s, connector=on)
[2026-09-09 20:31:04] OK    C2N0ON/r1
[2026-09-09 20:31:04] RUN   C2N1OFF/r1  (noise=1500/s, connector=off)
[2026-09-09 20:36:07] OK    C2N1OFF/r1
[2026-09-09 20:36:07] RUN   C2N1ON/r1  (noise=1500/s, connector=on)
[2026-09-09 20:41:20] OK    C2N1ON/r1
[2026-09-09 20:41:20] RUN   C2N2OFF/r1  (noise=3000/s, connector=off)
[2026-09-09 20:46:23] OK    C2N2OFF/r1
[2026-09-09 20:46:23] RUN   C2N2ON/r1  (noise=3000/s, connector=on)
[2026-09-09 20:51:36] OK    C2N2ON/r1
[2026-09-09 20:51:36] RUN   C2N3OFF/r1  (noise=6000/s, connector=off)
[2026-09-09 20:56:40] OK    C2N3OFF/r1
[2026-09-09 20:56:40] RUN   C2N3ON/r1  (noise=6000/s, connector=on)
[2026-09-09 21:02:04] OK    C2N3ON/r1
[2026-09-09 21:02:05] RUN   C2N4OFF/r1  (noise=12000/s, connector=off)
[2026-09-09 21:07:11] OK    C2N4OFF/r1
[2026-09-09 21:07:11] RUN   C2N4ON/r1  (noise=12000/s, connector=on)
[2026-09-09 21:12:27] OK    C2N4ON/r1
[2026-09-09 21:12:28] --- takror 2/3 ---
[2026-09-09 21:12:28] RUN   C2N0OFF/r2  (noise=0/s, connector=off)
[2026-09-09 21:17:32] OK    C2N0OFF/r2
[2026-09-09 21:17:33] RUN   C2N0ON/r2  (noise=0/s, connector=on)
[2026-09-09 21:22:53] OK    C2N0ON/r2
[2026-09-09 21:22:54] RUN   C2N1OFF/r2  (noise=1500/s, connector=off)
[2026-09-09 21:27:57] OK    C2N1OFF/r2
[2026-09-09 21:27:57] RUN   C2N1ON/r2  (noise=1500/s, connector=on)
[2026-09-09 21:33:10] OK    C2N1ON/r2
[2026-09-09 21:33:10] RUN   C2N2OFF/r2  (noise=3000/s, connector=off)
[2026-09-09 21:38:13] OK    C2N2OFF/r2
[2026-09-09 21:38:13] RUN   C2N2ON/r2  (noise=3000/s, connector=on)
[2026-09-09 21:43:26] OK    C2N2ON/r2
[2026-09-09 21:43:27] RUN   C2N3OFF/r2  (noise=6000/s, connector=off)
[2026-09-09 21:48:30] OK    C2N3OFF/r2
[2026-09-09 21:48:30] RUN   C2N3ON/r2  (noise=6000/s, connector=on)
[2026-09-09 21:53:45] OK    C2N3ON/r2
[2026-09-09 21:53:45] RUN   C2N4OFF/r2  (noise=12000/s, connector=off)
[2026-09-09 21:58:55] OK    C2N4OFF/r2
[2026-09-09 21:58:55] RUN   C2N4ON/r2  (noise=12000/s, connector=on)
[2026-09-10 09:17:48] [c2-after] === C2 (simmetrik o'lchov oynasi bilan) ===
[2026-09-10 09:17:48] === C2a: 5 daraja x {ON,OFF} x 3 takror ===
[2026-09-10 09:17:48] --- takror 1/3 ---
[2026-09-10 09:17:48] SKIP  C2N0OFF/r1
[2026-09-10 09:17:48] SKIP  C2N0ON/r1
[2026-09-10 09:17:48] SKIP  C2N1OFF/r1
[2026-09-10 09:17:48] SKIP  C2N1ON/r1
[2026-09-10 09:17:48] SKIP  C2N2OFF/r1
[2026-09-10 09:17:48] SKIP  C2N2ON/r1
[2026-09-10 09:17:48] SKIP  C2N3OFF/r1
[2026-09-10 09:17:48] SKIP  C2N3ON/r1
[2026-09-10 09:17:48] SKIP  C2N4OFF/r1
[2026-09-10 09:17:49] SKIP  C2N4ON/r1
[2026-09-10 09:17:49] --- takror 2/3 ---
[2026-09-10 09:17:49] SKIP  C2N0OFF/r2
[2026-09-10 09:17:49] SKIP  C2N0ON/r2
[2026-09-10 09:17:49] SKIP  C2N1OFF/r2
[2026-09-10 09:17:49] SKIP  C2N1ON/r2
[2026-09-10 09:17:49] SKIP  C2N2OFF/r2
[2026-09-10 09:17:49] SKIP  C2N2ON/r2
[2026-09-10 09:17:49] SKIP  C2N3OFF/r2
[2026-09-10 09:17:49] SKIP  C2N3ON/r2
[2026-09-10 09:17:49] SKIP  C2N4OFF/r2
[2026-09-10 09:17:49] RUN   C2N4ON/r2  (noise=12000/s, connector=on)
[2026-09-10 09:24:15] OK    C2N4ON/r2
[2026-09-10 09:24:15] --- takror 3/3 ---
[2026-09-10 09:24:15] RUN   C2N0OFF/r3  (noise=0/s, connector=off)
[2026-09-10 09:29:17] OK    C2N0OFF/r3
[2026-09-10 09:29:17] RUN   C2N0ON/r3  (noise=0/s, connector=on)
[2026-09-10 09:34:26] OK    C2N0ON/r3
[2026-09-10 09:34:26] RUN   C2N1OFF/r3  (noise=1500/s, connector=off)
[2026-09-10 09:39:26] OK    C2N1OFF/r3
[2026-09-10 09:39:27] RUN   C2N1ON/r3  (noise=1500/s, connector=on)
[2026-09-10 09:44:43] OK    C2N1ON/r3
[2026-09-10 09:44:43] RUN   C2N2OFF/r3  (noise=3000/s, connector=off)
[2026-09-10 09:49:41] OK    C2N2OFF/r3
[2026-09-10 09:49:42] RUN   C2N2ON/r3  (noise=3000/s, connector=on)
[2026-09-10 09:54:49] OK    C2N2ON/r3
[2026-09-10 09:54:49] RUN   C2N3OFF/r3  (noise=6000/s, connector=off)
[2026-09-10 09:59:48] OK    C2N3OFF/r3
[2026-09-10 09:59:49] RUN   C2N3ON/r3  (noise=6000/s, connector=on)
[2026-09-10 10:06:50] OK    C2N3ON/r3
[2026-09-10 10:06:50] RUN   C2N4OFF/r3  (noise=12000/s, connector=off)
[2026-09-10 10:12:01] OK    C2N4OFF/r3
[2026-09-10 10:12:02] RUN   C2N4ON/r3  (noise=12000/s, connector=on)
[2026-09-10 10:18:00] OK    C2N4ON/r3
[2026-09-10 10:18:00] === C2/a TUGADI ===
[2026-09-10 10:18:00] === C2b: qamrov kengligi, shovqin 12000/s da qat'iy, 3 takror ===
[2026-09-10 10:18:01] REDO_NOISE supplemental logging -> on
[2026-09-10 10:18:01] --- takror 1/3 ---
[2026-09-10 10:18:01] RUN   C2NARROW/r1  (noise=12000/s, connector=on)
[2026-09-10 10:23:21] OK    C2NARROW/r1
[2026-09-10 10:23:21] RUN   C2WIDE/r1  (noise=12000/s, connector=on)
[2026-09-10 10:29:16] OK    C2WIDE/r1
[2026-09-10 10:29:16] --- takror 2/3 ---
[2026-09-10 10:29:16] RUN   C2NARROW/r2  (noise=12000/s, connector=on)
[2026-09-10 10:34:40] OK    C2NARROW/r2
[2026-09-10 10:34:40] RUN   C2WIDE/r2  (noise=12000/s, connector=on)
[2026-09-10 10:40:26] OK    C2WIDE/r2
[2026-09-10 10:40:26] --- takror 3/3 ---
[2026-09-10 10:40:26] RUN   C2NARROW/r3  (noise=12000/s, connector=on)
[2026-09-10 10:46:17] OK    C2NARROW/r3
[2026-09-10 10:46:18] RUN   C2WIDE/r3  (noise=12000/s, connector=on)
[2026-09-10 10:52:03] OK    C2WIDE/r3
[2026-09-10 10:52:03] REDO_NOISE supplemental logging -> off
[2026-09-10 10:52:03] === C2/b TUGADI ===
# Experiment C2 — results

Cost is instance CPU with the connector present minus the same workload with it absent, at each noise level. Both arms carry identical capture configuration, including supplemental logging, so only the connector differs.


## Measured cost by noise level

| Level | runs on/off | redo total (GB) | redo captured (GB) | redo discarded (GB) | CPU on (s) | CPU off (s) | **mining cost (s)** | events | A1 TPS |
|---|---|---|---|---|---|---|---|---|---|
| 0 | 3/3 | 0.099 | 0.099 | 0.000 | 24.5 | 20.0 | **4.5** | 27,003 | 50.0 |
| 1 | 3/3 | 0.462 | 0.099 | 0.364 | 31.9 | 20.7 | **11.2** | 27,003 | 50.0 |
| 2 | 3/3 | 0.827 | 0.099 | 0.728 | 36.1 | 22.8 | **13.4** | 27,003 | 50.0 |
| 3 | 3/3 | 1.568 | 0.099 | 1.469 | 49.9 | 25.6 | **24.3** | 27,000 | 50.0 |
| 4 | 3/3 | 2.948 | 0.098 | 2.850 | 46.8 | 34.3 | **12.6** | 7,934 | 49.6 |

## Admissibility of each level

| Level | events delivered / committed | ON vs OFF total redo | A1 TPS | verdict |
|---|---|---|---|---|
| 0 | 27,003 / 27,003 (100 %) | 0.10 vs 0.10 GB (2 % apart) | 50.0 | **admissible** |
| 1 | 27,003 / 27,003 (100 %) | 0.46 vs 0.46 GB (0 % apart) | 50.0 | **admissible** |
| 2 | 27,003 / 27,003 (100 %) | 0.83 vs 0.83 GB (0 % apart) | 50.0 | **admissible** |
| 3 | 27,000 / 27,003 (100 %) | 1.57 vs 1.55 GB (1 % apart) | 50.0 | **admissible** |
| 4 | 7,934 / 26,790 (30 %) | 2.95 vs 2.90 GB (2 % apart) | 49.6 | **excluded** — connector did not keep up |

4 of 5 levels admissible.


## The test

**C2a holds captured redo CONSTANT by design** — that is the manipulation. A model with both `redo_total` and `redo_captured` as regressors is therefore unidentifiable here: the second has almost no variance to estimate from. The two hypotheses instead make different predictions about a single slope:

* **Naive** — cost is driven by what is captured. Captured is constant, so **cost should be flat across noise levels**: slope zero.
* **C2** — cost is driven by what is scanned. **Cost should rise with discarded redo**: slope greater than zero.

| quantity | value |
|---|---|
| slope — CPU-seconds per GB of **discarded** redo | **13.01** |
| 95 % bootstrap CI | 5.86 … 18.62 |
| intercept — cost at zero discarded redo | 5.02 s |
| levels in fit | 0, 1, 2, 3 |

**C2 survives falsification condition F-a.** The slope on discarded redo is positive with its interval excluding zero: the database pays measurably for redo the connector reads and throws away. At the highest admissible level (1.47 GB discarded) that accounts for roughly **79 % of the total database-side capture cost**, against a captured volume that never changed.
[2026-09-10 10:52:04] [c2-after] results/c2-report.md yozildi
[2026-09-10 10:52:04] [c2-after] aggregate-F1.md
[2026-09-10 10:52:04] [c2-after] aggregate-F1R.md
[2026-09-10 10:52:04] [c2-after] aggregate-F2.md
[2026-09-10 10:52:04] [c2-after] aggregate-F8.md
[2026-09-10 10:52:04] [c2-after] aggregate-F11.md
[2026-09-10 10:52:04] [c2-after] aggregate-F11B.md
[2026-09-10 10:52:04] [c2-after] aggregate-F4.md
[2026-09-10 10:52:04] [c2-after] aggregate-F4R.md
[2026-09-10 10:52:05] [c2-after] aggregate-F5.md
[2026-09-10 10:52:05] [c2-after] aggregate-F5R.md
[2026-09-10 10:52:05] [c2-after] === TUGADI ===
