[2026-09-04 10:31:43] === PHASE A: 8 rejim x P1 x 5 takror, 50 tps, 120s ===
[2026-09-04 10:31:43] --- takror 1/5 ---
[2026-09-04 10:31:43] RUN   BASELINE_GT/P1/r1/none
[2026-09-04 10:35:16] OK    BASELINE_GT/P1/r1/none
[2026-09-04 10:35:16] RUN   AQ/P1/r1/none
[2026-09-04 10:39:15] OK    AQ/P1/r1/none
[2026-09-04 10:39:15] RUN   WRAPPER_B1/P1/r1/none
[2026-09-04 10:42:54] OK    WRAPPER_B1/P1/r1/none
[2026-09-04 10:42:54] RUN   WRAPPER_B2/P1/r1/none
[2026-09-04 10:46:32] OK    WRAPPER_B2/P1/r1/none
[2026-09-04 10:46:32] RUN   WRAPPER_B3/P1/r1/none
[2026-09-04 10:50:15] OK    WRAPPER_B3/P1/r1/none
[2026-09-04 10:50:15] RUN   CDC/P1/r1/none
[2026-09-04 10:54:24] OK    CDC/P1/r1/none
[2026-09-04 10:54:24] RUN   HYBRID/P1/r1/none
[2026-09-04 10:59:10] OK    HYBRID/P1/r1/none
[2026-09-04 10:59:10] RUN   OFF/P1/r1/none
[2026-09-04 11:03:00] OK    OFF/P1/r1/none
[2026-09-04 11:03:00] --- takror 2/5 ---
[2026-09-04 11:03:00] RUN   AQ/P1/r2/none
[2026-09-04 11:06:45] OK    AQ/P1/r2/none
[2026-09-04 11:06:45] RUN   WRAPPER_B1/P1/r2/none
[2026-09-04 11:10:19] OK    WRAPPER_B1/P1/r2/none
[2026-09-04 11:10:19] RUN   WRAPPER_B2/P1/r2/none
[2026-09-04 11:13:54] OK    WRAPPER_B2/P1/r2/none
[2026-09-04 11:13:54] RUN   WRAPPER_B3/P1/r2/none
[2026-09-04 11:17:52] OK    WRAPPER_B3/P1/r2/none
[2026-09-04 11:17:52] RUN   CDC/P1/r2/none
[2026-09-04 11:22:21] OK    CDC/P1/r2/none
[2026-09-04 11:22:21] RUN   HYBRID/P1/r2/none
[2026-09-04 11:26:36] OK    HYBRID/P1/r2/none
[2026-09-04 11:26:36] RUN   OFF/P1/r2/none
[2026-09-04 11:30:12] OK    OFF/P1/r2/none
[2026-09-04 11:30:12] RUN   BASELINE_GT/P1/r2/none
[2026-09-04 11:33:43] OK    BASELINE_GT/P1/r2/none
[2026-09-04 11:33:43] --- takror 3/5 ---
[2026-09-04 11:33:43] RUN   WRAPPER_B1/P1/r3/none
[2026-09-04 11:37:14] OK    WRAPPER_B1/P1/r3/none
[2026-09-04 11:37:14] RUN   WRAPPER_B2/P1/r3/none
[2026-09-04 11:40:45] OK    WRAPPER_B2/P1/r3/none
[2026-09-04 11:40:45] RUN   WRAPPER_B3/P1/r3/none
[2026-09-04 11:44:17] OK    WRAPPER_B3/P1/r3/none
[2026-09-04 11:44:17] RUN   CDC/P1/r3/none
[2026-09-04 11:48:23] OK    CDC/P1/r3/none
[2026-09-04 11:48:23] RUN   HYBRID/P1/r3/none
[2026-09-04 11:52:27] OK    HYBRID/P1/r3/none
[2026-09-04 11:52:27] RUN   OFF/P1/r3/none
[2026-09-04 11:55:59] OK    OFF/P1/r3/none
[2026-09-04 11:55:59] RUN   BASELINE_GT/P1/r3/none
[2026-09-04 11:59:31] OK    BASELINE_GT/P1/r3/none
[2026-09-04 11:59:31] RUN   AQ/P1/r3/none
[2026-09-04 12:03:05] OK    AQ/P1/r3/none
[2026-09-04 12:03:05] --- takror 4/5 ---
[2026-09-04 12:03:05] RUN   WRAPPER_B2/P1/r4/none
[2026-09-04 12:06:41] OK    WRAPPER_B2/P1/r4/none
[2026-09-04 12:06:41] RUN   WRAPPER_B3/P1/r4/none
[2026-09-04 12:10:43] OK    WRAPPER_B3/P1/r4/none
[2026-09-04 12:10:43] RUN   CDC/P1/r4/none
[2026-09-04 12:14:46] OK    CDC/P1/r4/none
[2026-09-04 12:14:46] RUN   HYBRID/P1/r4/none
[2026-09-04 12:18:53] OK    HYBRID/P1/r4/none
[2026-09-04 12:18:53] RUN   OFF/P1/r4/none
[2026-09-04 12:22:35] OK    OFF/P1/r4/none
[2026-09-04 12:22:35] RUN   BASELINE_GT/P1/r4/none
[2026-09-04 12:26:10] OK    BASELINE_GT/P1/r4/none
[2026-09-04 12:26:10] RUN   AQ/P1/r4/none
[2026-09-04 12:29:44] OK    AQ/P1/r4/none
[2026-09-04 12:29:44] RUN   WRAPPER_B1/P1/r4/none
[2026-09-04 12:33:21] OK    WRAPPER_B1/P1/r4/none
[2026-09-04 12:33:21] --- takror 5/5 ---
[2026-09-04 12:33:21] RUN   WRAPPER_B3/P1/r5/none
[2026-09-04 12:36:58] OK    WRAPPER_B3/P1/r5/none
[2026-09-04 12:36:58] RUN   CDC/P1/r5/none
[2026-09-04 12:41:06] OK    CDC/P1/r5/none
[2026-09-04 12:41:06] RUN   HYBRID/P1/r5/none
[2026-09-04 12:44:44] OK    HYBRID/P1/r5/none
[2026-09-04 12:44:44] RUN   OFF/P1/r5/none
[2026-09-04 12:48:16] OK    OFF/P1/r5/none
[2026-09-04 12:48:16] RUN   BASELINE_GT/P1/r5/none
[2026-09-04 12:51:48] OK    BASELINE_GT/P1/r5/none
[2026-09-04 12:51:48] RUN   AQ/P1/r5/none
[2026-09-04 12:55:48] OK    AQ/P1/r5/none
[2026-09-04 12:55:48] RUN   WRAPPER_B1/P1/r5/none
[2026-09-04 12:59:21] OK    WRAPPER_B1/P1/r5/none
[2026-09-04 12:59:21] RUN   WRAPPER_B2/P1/r5/none
[2026-09-04 13:02:55] OK    WRAPPER_B2/P1/r5/none
[2026-09-04 13:02:55] === MATRITSA TUGADI (151 daqiqa) ===
