[2026-09-09 09:55:15] [phase-c] asosiy zanjir (C2) hali ishlayapti — kutilmoqda
[2026-09-09 11:13:08] [phase-c] asosiy zanjir (C2) hali ishlayapti — kutilmoqda
[2026-09-09 12:08:09] [phase-c] asosiy zanjir tugadi
[2026-09-09 12:08:09] [phase-c] === V11 (batch outbox emission) qo'llanmoqda ===
./mvnw: 37: uname: Input/output error
Segmentation fault
[2026-09-09 12:08:09] [phase-c] XATO: V11 migratsiyasi bajarilmadi
[2026-09-09 12:42:25] [phase-c] asosiy zanjir (C2) hali ishlayapti — kutilmoqda
[2026-09-09 16:40:30] [phase-c] asosiy zanjir tugadi
[2026-09-09 16:40:30] [phase-c] === V11 (batch outbox emission) qo'llanmoqda ===
[2026-09-09 16:40:36] [phase-c] paket holati: PKG_A1_EVENT:VALID PKG_A1_EVENT:VALID PKG_SYNTH_DATA:VALID PKG_SYNTH_DATA:VALID 
[2026-09-09 16:40:36] [phase-c] === shovqin kalibratsiyasi qayta o'lchanmoqda ===
[2026-09-09 16:40:36] === kalibratsiya: yangilanish boshiga redo bayt ===
[2026-09-09 16:40:37] redo bytes per noise update: 1146.42
[2026-09-09 16:40:37]   level 0/s  ->  0.00 MB/s redo
[2026-09-09 16:40:37]   level 1500/s  ->  1.64 MB/s redo
[2026-09-09 16:40:37]   level 3000/s  ->  3.28 MB/s redo
[2026-09-09 16:40:37]   level 6000/s  ->  6.56 MB/s redo
[2026-09-09 16:40:37]   level 12000/s  ->  13.12 MB/s redo
[2026-09-09 16:40:37] === C2/calibrate TUGADI ===
[2026-09-09 16:40:37] [phase-c] kalibratsiya: 1146.42 bayt/yangilanish
[2026-09-09 16:40:37] [phase-c] === C FAZASI: tuzatilgan fault qayta ishlashlari ===
[2026-09-09 16:40:37] === PHASE C: tuzatilgan fault qayta ishlashlari, 3 takror ===
[2026-09-09 16:40:37] --- tuzatilgan takror 1/3 ---
[2026-09-09 16:40:37] RUN   WRAPPER_B1/P1/r1/F1R (duration=180s)
[2026-09-09 16:43:22] [phase-c] asosiy zanjir (C2) hali ishlayapti — kutilmoqda
[2026-09-09 16:46:12] OK    WRAPPER_B1/P1/r1/F1R
[2026-09-09 16:46:13] RUN   WRAPPER_B2/P1/r1/F1R (duration=180s)
[2026-09-09 16:51:46] OK    WRAPPER_B2/P1/r1/F1R
[2026-09-09 16:51:47] RUN   WRAPPER_B3/P1/r1/F1R (duration=180s)
[2026-09-09 16:56:53] OK    WRAPPER_B3/P1/r1/F1R
[2026-09-09 16:56:54] RUN   AQ/P1/r1/F1R (duration=180s)
[2026-09-09 17:02:29] OK    AQ/P1/r1/F1R
[2026-09-09 17:02:31] RUN   CDC/P1/r1/F1R (duration=180s)
[2026-09-09 17:08:09] OK    CDC/P1/r1/F1R
[2026-09-09 17:08:11] RUN   HYBRID/P1/r1/F1R (duration=180s)
[2026-09-09 17:13:40] OK    HYBRID/P1/r1/F1R
[2026-09-09 17:13:41] RUN   WRAPPER_B3/P1/r1/F11B (duration=180s)
[2026-09-09 17:19:07] OK    WRAPPER_B3/P1/r1/F11B
[2026-09-09 17:19:08] RUN   HYBRID/P1/r1/F11B (duration=180s)
[2026-09-09 17:24:46] OK    HYBRID/P1/r1/F11B
[2026-09-09 17:24:47] RUN   CDC/P1/r1/F4R (duration=300s)
[2026-09-09 17:32:18] OK    CDC/P1/r1/F4R
[2026-09-09 17:32:19] RUN   HYBRID/P1/r1/F4R (duration=300s)
[2026-09-09 17:39:31] OK    HYBRID/P1/r1/F4R
[2026-09-09 17:39:32] RUN   CDC/P1/r1/F5R (duration=420s)
[2026-09-09 17:48:42] OK    CDC/P1/r1/F5R
[2026-09-09 17:48:43] RUN   HYBRID/P1/r1/F5R (duration=420s)
[2026-09-09 17:57:58] OK    HYBRID/P1/r1/F5R
[2026-09-09 17:57:59] --- tuzatilgan takror 2/3 ---
[2026-09-09 17:57:59] RUN   WRAPPER_B1/P1/r2/F1R (duration=180s)
[2026-09-09 18:03:06] OK    WRAPPER_B1/P1/r2/F1R
[2026-09-09 18:03:08] RUN   WRAPPER_B2/P1/r2/F1R (duration=180s)
[2026-09-09 18:08:27] OK    WRAPPER_B2/P1/r2/F1R
[2026-09-09 18:08:28] RUN   WRAPPER_B3/P1/r2/F1R (duration=180s)
[2026-09-09 18:13:46] OK    WRAPPER_B3/P1/r2/F1R
[2026-09-09 18:13:48] RUN   AQ/P1/r2/F1R (duration=180s)
[2026-09-09 18:19:27] OK    AQ/P1/r2/F1R
[2026-09-09 18:19:29] RUN   CDC/P1/r2/F1R (duration=180s)
[2026-09-09 18:25:12] OK    CDC/P1/r2/F1R
[2026-09-09 18:25:14] RUN   HYBRID/P1/r2/F1R (duration=180s)
[2026-09-09 18:30:04] OK    HYBRID/P1/r2/F1R
[2026-09-09 18:30:06] RUN   WRAPPER_B3/P1/r2/F11B (duration=180s)
[2026-09-09 18:34:42] OK    WRAPPER_B3/P1/r2/F11B
[2026-09-09 18:34:44] RUN   HYBRID/P1/r2/F11B (duration=180s)
[2026-09-09 18:39:45] OK    HYBRID/P1/r2/F11B
[2026-09-09 18:39:47] RUN   CDC/P1/r2/F4R (duration=300s)
[2026-09-09 18:46:40] OK    CDC/P1/r2/F4R
[2026-09-09 18:46:42] RUN   HYBRID/P1/r2/F4R (duration=300s)
[2026-09-09 18:53:23] OK    HYBRID/P1/r2/F4R
[2026-09-09 18:53:25] RUN   CDC/P1/r2/F5R (duration=420s)
[2026-09-09 19:02:01] OK    CDC/P1/r2/F5R
[2026-09-09 19:02:03] RUN   HYBRID/P1/r2/F5R (duration=420s)
[2026-09-09 19:10:39] OK    HYBRID/P1/r2/F5R
[2026-09-09 19:10:40] --- tuzatilgan takror 3/3 ---
[2026-09-09 19:10:40] RUN   WRAPPER_B1/P1/r3/F1R (duration=180s)
[2026-09-09 19:15:32] OK    WRAPPER_B1/P1/r3/F1R
[2026-09-09 19:15:33] RUN   WRAPPER_B2/P1/r3/F1R (duration=180s)
[2026-09-09 19:20:08] OK    WRAPPER_B2/P1/r3/F1R
[2026-09-09 19:20:09] RUN   WRAPPER_B3/P1/r3/F1R (duration=180s)
[2026-09-09 19:25:01] OK    WRAPPER_B3/P1/r3/F1R
[2026-09-09 19:25:02] RUN   AQ/P1/r3/F1R (duration=180s)
[2026-09-09 19:29:39] OK    AQ/P1/r3/F1R
[2026-09-09 19:29:40] RUN   CDC/P1/r3/F1R (duration=180s)
[2026-09-09 19:34:38] OK    CDC/P1/r3/F1R
[2026-09-09 19:34:39] RUN   HYBRID/P1/r3/F1R (duration=180s)
[2026-09-09 19:39:27] OK    HYBRID/P1/r3/F1R
[2026-09-09 19:39:28] RUN   WRAPPER_B3/P1/r3/F11B (duration=180s)
[2026-09-09 19:44:14] OK    WRAPPER_B3/P1/r3/F11B
[2026-09-09 19:44:16] RUN   HYBRID/P1/r3/F11B (duration=180s)
[2026-09-09 19:49:11] OK    HYBRID/P1/r3/F11B
[2026-09-09 19:49:12] RUN   CDC/P1/r3/F4R (duration=300s)
[2026-09-09 19:55:54] OK    CDC/P1/r3/F4R
[2026-09-09 19:55:56] RUN   HYBRID/P1/r3/F4R (duration=300s)
[2026-09-09 20:02:32] OK    HYBRID/P1/r3/F4R
[2026-09-09 20:02:34] RUN   CDC/P1/r3/F5R (duration=420s)
[2026-09-09 20:11:11] OK    CDC/P1/r3/F5R
[2026-09-09 20:11:13] RUN   HYBRID/P1/r3/F5R (duration=420s)
[2026-09-09 20:19:54] OK    HYBRID/P1/r3/F5R
[2026-09-09 20:19:56] === MATRITSA TUGADI (219 daqiqa) ===
[2026-09-09 20:19:56] [phase-c] results/aggregate-F1.md yozildi
[2026-09-09 20:19:56] [phase-c] results/aggregate-F1R.md yozildi
[2026-09-09 20:19:56] [phase-c] results/aggregate-F2.md yozildi
[2026-09-09 20:19:56] [phase-c] results/aggregate-F8.md yozildi
[2026-09-09 20:19:56] [phase-c] results/aggregate-F11.md yozildi
[2026-09-09 20:19:56] [phase-c] results/aggregate-F11B.md yozildi
[2026-09-09 20:19:56] [phase-c] results/aggregate-F4.md yozildi
[2026-09-09 20:19:56] [phase-c] results/aggregate-F4R.md yozildi
[2026-09-09 20:19:57] [phase-c] results/aggregate-F5.md yozildi
[2026-09-09 20:19:57] [phase-c] results/aggregate-F5R.md yozildi
C2 qatorlari topilmadi. Avval ./scripts/run-c2.sh a ni ishlating.
[2026-09-09 20:19:57] [phase-c] results/c2-report.md yangilandi
[2026-09-09 20:19:57] [phase-c] === C FAZASI TUGADI ===
