
         /\      Grafana   /‾‾/  
    /\  /  \     |\  __   /  /   
   /  \/    \    | |/ /  /   ‾‾\ 
  /          \   |   (  |  (‾)  |
 / __________ \  |_|\_\  \_____/ 


     execution: local
        script: harness/k6/a1-workload.js
        output: -

     scenarios: (100.00%) 1 scenario, 600 max VUs, 3m30s max duration (incl. graceful stop):
              * a1: 50.00 iterations/s for 3m0s (maxVUs: 100-600, gracefulStop: 30s)


running (0m01.0s), 017/100 VUs, 32 complete and 0 interrupted iterations
a1     [   1% ] 017/100 VUs  0m01.0s/3m0s  50.00 iters/s

running (0m02.0s), 001/100 VUs, 98 complete and 0 interrupted iterations
a1     [   1% ] 001/100 VUs  0m02.0s/3m0s  50.00 iters/s

running (0m03.0s), 001/100 VUs, 148 complete and 0 interrupted iterations
a1     [   2% ] 001/100 VUs  0m03.0s/3m0s  50.00 iters/s

running (0m04.0s), 001/100 VUs, 198 complete and 0 interrupted iterations
a1     [   2% ] 001/100 VUs  0m04.0s/3m0s  50.00 iters/s

running (0m05.0s), 001/100 VUs, 248 complete and 0 interrupted iterations
a1     [   3% ] 001/100 VUs  0m05.0s/3m0s  50.00 iters/s

running (0m06.0s), 001/100 VUs, 298 complete and 0 interrupted iterations
a1     [   3% ] 001/100 VUs  0m06.0s/3m0s  50.00 iters/s

running (0m07.0s), 001/100 VUs, 348 complete and 0 interrupted iterations
a1     [   4% ] 001/100 VUs  0m07.0s/3m0s  50.00 iters/s

running (0m08.0s), 000/100 VUs, 399 complete and 0 interrupted iterations
a1     [   4% ] 000/100 VUs  0m08.0s/3m0s  50.00 iters/s

running (0m09.0s), 001/100 VUs, 448 complete and 0 interrupted iterations
a1     [   5% ] 001/100 VUs  0m09.0s/3m0s  50.00 iters/s

running (0m10.0s), 001/100 VUs, 498 complete and 0 interrupted iterations
a1     [   6% ] 001/100 VUs  0m10.0s/3m0s  50.00 iters/s

running (0m11.0s), 001/100 VUs, 548 complete and 0 interrupted iterations
a1     [   6% ] 001/100 VUs  0m11.0s/3m0s  50.00 iters/s

running (0m12.0s), 001/100 VUs, 598 complete and 0 interrupted iterations
a1     [   7% ] 001/100 VUs  0m12.0s/3m0s  50.00 iters/s

running (0m13.0s), 001/100 VUs, 648 complete and 0 interrupted iterations
a1     [   7% ] 001/100 VUs  0m13.0s/3m0s  50.00 iters/s

running (0m14.0s), 001/100 VUs, 698 complete and 0 interrupted iterations
a1     [   8% ] 001/100 VUs  0m14.0s/3m0s  50.00 iters/s

running (0m15.0s), 001/100 VUs, 748 complete and 0 interrupted iterations
a1     [   8% ] 001/100 VUs  0m15.0s/3m0s  50.00 iters/s

running (0m16.0s), 002/100 VUs, 797 complete and 0 interrupted iterations
a1     [   9% ] 002/100 VUs  0m16.0s/3m0s  50.00 iters/s

running (0m17.0s), 001/100 VUs, 848 complete and 0 interrupted iterations
a1     [   9% ] 001/100 VUs  0m17.0s/3m0s  50.00 iters/s

running (0m18.0s), 001/100 VUs, 898 complete and 0 interrupted iterations
a1     [  10% ] 001/100 VUs  0m18.0s/3m0s  50.00 iters/s

running (0m19.0s), 001/100 VUs, 948 complete and 0 interrupted iterations
a1     [  11% ] 001/100 VUs  0m19.0s/3m0s  50.00 iters/s

running (0m20.0s), 001/100 VUs, 998 complete and 0 interrupted iterations
a1     [  11% ] 001/100 VUs  0m20.0s/3m0s  50.00 iters/s

running (0m21.0s), 008/100 VUs, 1041 complete and 0 interrupted iterations
a1     [  12% ] 008/100 VUs  0m21.0s/3m0s  50.00 iters/s

running (0m22.0s), 002/100 VUs, 1097 complete and 0 interrupted iterations
a1     [  12% ] 002/100 VUs  0m22.0s/3m0s  50.00 iters/s

running (0m23.0s), 001/100 VUs, 1148 complete and 0 interrupted iterations
a1     [  13% ] 001/100 VUs  0m23.0s/3m0s  50.00 iters/s

running (0m24.0s), 001/100 VUs, 1198 complete and 0 interrupted iterations
a1     [  13% ] 001/100 VUs  0m24.0s/3m0s  50.00 iters/s

running (0m25.0s), 001/100 VUs, 1248 complete and 0 interrupted iterations
a1     [  14% ] 001/100 VUs  0m25.0s/3m0s  50.00 iters/s

running (0m26.0s), 001/100 VUs, 1298 complete and 0 interrupted iterations
a1     [  14% ] 001/100 VUs  0m26.0s/3m0s  50.00 iters/s

running (0m27.0s), 007/100 VUs, 1342 complete and 0 interrupted iterations
a1     [  15% ] 007/100 VUs  0m27.0s/3m0s  50.00 iters/s

running (0m28.0s), 004/100 VUs, 1395 complete and 0 interrupted iterations
a1     [  16% ] 004/100 VUs  0m28.0s/3m0s  50.00 iters/s

running (0m29.0s), 001/100 VUs, 1448 complete and 0 interrupted iterations
a1     [  16% ] 001/100 VUs  0m29.0s/3m0s  50.00 iters/s

running (0m30.0s), 001/100 VUs, 1498 complete and 0 interrupted iterations
a1     [  17% ] 001/100 VUs  0m30.0s/3m0s  50.00 iters/s

running (0m31.0s), 000/100 VUs, 1549 complete and 0 interrupted iterations
a1     [  17% ] 000/100 VUs  0m31.0s/3m0s  50.00 iters/s

running (0m32.0s), 000/100 VUs, 1599 complete and 0 interrupted iterations
a1     [  18% ] 000/100 VUs  0m32.0s/3m0s  50.00 iters/s

running (0m33.0s), 000/100 VUs, 1649 complete and 0 interrupted iterations
a1     [  18% ] 000/100 VUs  0m33.0s/3m0s  50.00 iters/s

running (0m34.0s), 008/100 VUs, 1691 complete and 0 interrupted iterations
a1     [  19% ] 008/100 VUs  0m34.0s/3m0s  50.00 iters/s

running (0m35.0s), 008/100 VUs, 1741 complete and 0 interrupted iterations
a1     [  19% ] 008/100 VUs  0m35.0s/3m0s  50.00 iters/s

running (0m36.0s), 002/100 VUs, 1797 complete and 0 interrupted iterations
a1     [  20% ] 002/100 VUs  0m36.0s/3m0s  50.00 iters/s

running (0m37.0s), 008/100 VUs, 1841 complete and 0 interrupted iterations
a1     [  21% ] 008/100 VUs  0m37.0s/3m0s  50.00 iters/s

running (0m38.0s), 009/100 VUs, 1890 complete and 0 interrupted iterations
a1     [  21% ] 009/100 VUs  0m38.0s/3m0s  50.00 iters/s

running (0m39.0s), 009/100 VUs, 1940 complete and 0 interrupted iterations
a1     [  22% ] 009/100 VUs  0m39.0s/3m0s  50.00 iters/s

running (0m40.0s), 009/100 VUs, 1990 complete and 0 interrupted iterations
a1     [  22% ] 009/100 VUs  0m40.0s/3m0s  50.00 iters/s

running (0m41.0s), 008/100 VUs, 2041 complete and 0 interrupted iterations
a1     [  23% ] 008/100 VUs  0m41.0s/3m0s  50.00 iters/s

running (0m42.0s), 008/100 VUs, 2091 complete and 0 interrupted iterations
a1     [  23% ] 008/100 VUs  0m42.0s/3m0s  50.00 iters/s

running (0m43.0s), 008/100 VUs, 2141 complete and 0 interrupted iterations
a1     [  24% ] 008/100 VUs  0m43.0s/3m0s  50.00 iters/s

running (0m44.0s), 008/100 VUs, 2191 complete and 0 interrupted iterations
a1     [  24% ] 008/100 VUs  0m44.0s/3m0s  50.00 iters/s

running (0m45.0s), 009/100 VUs, 2240 complete and 0 interrupted iterations
a1     [  25% ] 009/100 VUs  0m45.0s/3m0s  50.00 iters/s

running (0m46.0s), 008/100 VUs, 2291 complete and 0 interrupted iterations
a1     [  26% ] 008/100 VUs  0m46.0s/3m0s  50.00 iters/s

running (0m47.0s), 008/100 VUs, 2341 complete and 0 interrupted iterations
a1     [  26% ] 008/100 VUs  0m47.0s/3m0s  50.00 iters/s

running (0m48.0s), 008/100 VUs, 2391 complete and 0 interrupted iterations
a1     [  27% ] 008/100 VUs  0m48.0s/3m0s  50.00 iters/s

running (0m49.0s), 008/100 VUs, 2441 complete and 0 interrupted iterations
a1     [  27% ] 008/100 VUs  0m49.0s/3m0s  50.00 iters/s

running (0m50.0s), 008/100 VUs, 2491 complete and 0 interrupted iterations
a1     [  28% ] 008/100 VUs  0m50.0s/3m0s  50.00 iters/s

running (0m51.0s), 008/100 VUs, 2541 complete and 0 interrupted iterations
a1     [  28% ] 008/100 VUs  0m51.0s/3m0s  50.00 iters/s

running (0m52.0s), 008/100 VUs, 2591 complete and 0 interrupted iterations
a1     [  29% ] 008/100 VUs  0m52.0s/3m0s  50.00 iters/s

running (0m53.0s), 008/100 VUs, 2641 complete and 0 interrupted iterations
a1     [  29% ] 008/100 VUs  0m53.0s/3m0s  50.00 iters/s

running (0m54.0s), 000/100 VUs, 2699 complete and 0 interrupted iterations
a1     [  30% ] 000/100 VUs  0m54.0s/3m0s  50.00 iters/s

running (0m55.0s), 001/100 VUs, 2748 complete and 0 interrupted iterations
a1     [  31% ] 001/100 VUs  0m55.0s/3m0s  50.00 iters/s

running (0m56.0s), 008/100 VUs, 2791 complete and 0 interrupted iterations
a1     [  31% ] 008/100 VUs  0m56.0s/3m0s  50.00 iters/s

running (0m57.0s), 008/100 VUs, 2841 complete and 0 interrupted iterations
a1     [  32% ] 008/100 VUs  0m57.0s/3m0s  50.00 iters/s

running (0m58.0s), 008/100 VUs, 2891 complete and 0 interrupted iterations
a1     [  32% ] 008/100 VUs  0m58.0s/3m0s  50.00 iters/s

running (0m59.0s), 008/100 VUs, 2941 complete and 0 interrupted iterations
a1     [  33% ] 008/100 VUs  0m59.0s/3m0s  50.00 iters/s

running (1m00.0s), 008/100 VUs, 2991 complete and 0 interrupted iterations
a1     [  33% ] 008/100 VUs  1m00.0s/3m0s  50.00 iters/s

running (1m01.0s), 008/100 VUs, 3041 complete and 0 interrupted iterations
a1     [  34% ] 008/100 VUs  1m01.0s/3m0s  50.00 iters/s

running (1m02.0s), 008/100 VUs, 3091 complete and 0 interrupted iterations
a1     [  34% ] 008/100 VUs  1m02.0s/3m0s  50.00 iters/s

running (1m03.0s), 001/100 VUs, 3148 complete and 0 interrupted iterations
a1     [  35% ] 001/100 VUs  1m03.0s/3m0s  50.00 iters/s

running (1m04.0s), 007/100 VUs, 3192 complete and 0 interrupted iterations
a1     [  36% ] 007/100 VUs  1m04.0s/3m0s  50.00 iters/s

running (1m05.0s), 007/100 VUs, 3242 complete and 0 interrupted iterations
a1     [  36% ] 007/100 VUs  1m05.0s/3m0s  50.00 iters/s

running (1m06.0s), 007/100 VUs, 3292 complete and 0 interrupted iterations
a1     [  37% ] 007/100 VUs  1m06.0s/3m0s  50.00 iters/s

running (1m07.0s), 007/100 VUs, 3342 complete and 0 interrupted iterations
a1     [  37% ] 007/100 VUs  1m07.0s/3m0s  50.00 iters/s

running (1m08.0s), 007/100 VUs, 3392 complete and 0 interrupted iterations
a1     [  38% ] 007/100 VUs  1m08.0s/3m0s  50.00 iters/s

running (1m09.0s), 007/100 VUs, 3442 complete and 0 interrupted iterations
a1     [  38% ] 007/100 VUs  1m09.0s/3m0s  50.00 iters/s

running (1m10.0s), 007/100 VUs, 3492 complete and 0 interrupted iterations
a1     [  39% ] 007/100 VUs  1m10.0s/3m0s  50.00 iters/s

running (1m11.0s), 001/100 VUs, 3548 complete and 0 interrupted iterations
a1     [  39% ] 001/100 VUs  1m11.0s/3m0s  50.00 iters/s

running (1m12.0s), 007/100 VUs, 3592 complete and 0 interrupted iterations
a1     [  40% ] 007/100 VUs  1m12.0s/3m0s  50.00 iters/s

running (1m13.0s), 008/100 VUs, 3641 complete and 0 interrupted iterations
a1     [  41% ] 008/100 VUs  1m13.0s/3m0s  50.00 iters/s

running (1m14.0s), 008/100 VUs, 3691 complete and 0 interrupted iterations
a1     [  41% ] 008/100 VUs  1m14.0s/3m0s  50.00 iters/s

running (1m15.0s), 008/100 VUs, 3741 complete and 0 interrupted iterations
a1     [  42% ] 008/100 VUs  1m15.0s/3m0s  50.00 iters/s

running (1m16.0s), 007/100 VUs, 3792 complete and 0 interrupted iterations
a1     [  42% ] 007/100 VUs  1m16.0s/3m0s  50.00 iters/s

running (1m17.0s), 007/100 VUs, 3842 complete and 0 interrupted iterations
a1     [  43% ] 007/100 VUs  1m17.0s/3m0s  50.00 iters/s

running (1m18.0s), 007/100 VUs, 3892 complete and 0 interrupted iterations
a1     [  43% ] 007/100 VUs  1m18.0s/3m0s  50.00 iters/s

running (1m19.0s), 007/100 VUs, 3942 complete and 0 interrupted iterations
a1     [  44% ] 007/100 VUs  1m19.0s/3m0s  50.00 iters/s

running (1m20.0s), 007/100 VUs, 3992 complete and 0 interrupted iterations
a1     [  44% ] 007/100 VUs  1m20.0s/3m0s  50.00 iters/s

running (1m21.0s), 002/100 VUs, 4047 complete and 0 interrupted iterations
a1     [  45% ] 002/100 VUs  1m21.0s/3m0s  50.00 iters/s

running (1m22.0s), 001/100 VUs, 4098 complete and 0 interrupted iterations
a1     [  46% ] 001/100 VUs  1m22.0s/3m0s  50.00 iters/s

running (1m23.0s), 007/100 VUs, 4142 complete and 0 interrupted iterations
a1     [  46% ] 007/100 VUs  1m23.0s/3m0s  50.00 iters/s

running (1m24.0s), 008/100 VUs, 4191 complete and 0 interrupted iterations
a1     [  47% ] 008/100 VUs  1m24.0s/3m0s  50.00 iters/s

running (1m25.0s), 008/100 VUs, 4241 complete and 0 interrupted iterations
a1     [  47% ] 008/100 VUs  1m25.0s/3m0s  50.00 iters/s

running (1m26.0s), 007/100 VUs, 4292 complete and 0 interrupted iterations
a1     [  48% ] 007/100 VUs  1m26.0s/3m0s  50.00 iters/s

running (1m27.0s), 007/100 VUs, 4342 complete and 0 interrupted iterations
a1     [  48% ] 007/100 VUs  1m27.0s/3m0s  50.00 iters/s

running (1m28.0s), 007/100 VUs, 4392 complete and 0 interrupted iterations
a1     [  49% ] 007/100 VUs  1m28.0s/3m0s  50.00 iters/s

running (1m29.0s), 007/100 VUs, 4442 complete and 0 interrupted iterations
a1     [  49% ] 007/100 VUs  1m29.0s/3m0s  50.00 iters/s

running (1m30.0s), 007/100 VUs, 4492 complete and 0 interrupted iterations
a1     [  50% ] 007/100 VUs  1m30.0s/3m0s  50.00 iters/s

running (1m31.0s), 007/100 VUs, 4542 complete and 0 interrupted iterations
a1     [  51% ] 007/100 VUs  1m31.0s/3m0s  50.00 iters/s

running (1m32.0s), 007/100 VUs, 4592 complete and 0 interrupted iterations
a1     [  51% ] 007/100 VUs  1m32.0s/3m0s  50.00 iters/s

running (1m33.0s), 007/100 VUs, 4642 complete and 0 interrupted iterations
a1     [  52% ] 007/100 VUs  1m33.0s/3m0s  50.00 iters/s

running (1m34.0s), 008/100 VUs, 4691 complete and 0 interrupted iterations
a1     [  52% ] 008/100 VUs  1m34.0s/3m0s  50.00 iters/s

running (1m35.0s), 007/100 VUs, 4742 complete and 0 interrupted iterations
a1     [  53% ] 007/100 VUs  1m35.0s/3m0s  50.00 iters/s

running (1m36.0s), 008/100 VUs, 4791 complete and 0 interrupted iterations
a1     [  53% ] 008/100 VUs  1m36.0s/3m0s  50.00 iters/s

running (1m37.0s), 008/100 VUs, 4841 complete and 0 interrupted iterations
a1     [  54% ] 008/100 VUs  1m37.0s/3m0s  50.00 iters/s

running (1m38.0s), 008/100 VUs, 4891 complete and 0 interrupted iterations
a1     [  54% ] 008/100 VUs  1m38.0s/3m0s  50.00 iters/s

running (1m39.0s), 007/100 VUs, 4942 complete and 0 interrupted iterations
a1     [  55% ] 007/100 VUs  1m39.0s/3m0s  50.00 iters/s

running (1m40.0s), 000/100 VUs, 4999 complete and 0 interrupted iterations
a1     [  56% ] 000/100 VUs  1m40.0s/3m0s  50.00 iters/s

running (1m41.0s), 000/100 VUs, 5049 complete and 0 interrupted iterations
a1     [  56% ] 000/100 VUs  1m41.0s/3m0s  50.00 iters/s

running (1m42.0s), 000/100 VUs, 5099 complete and 0 interrupted iterations
a1     [  57% ] 000/100 VUs  1m42.0s/3m0s  50.00 iters/s

running (1m43.0s), 001/100 VUs, 5148 complete and 0 interrupted iterations
a1     [  57% ] 001/100 VUs  1m43.0s/3m0s  50.00 iters/s

running (1m44.0s), 008/100 VUs, 5191 complete and 0 interrupted iterations
a1     [  58% ] 008/100 VUs  1m44.0s/3m0s  50.00 iters/s

running (1m45.0s), 001/100 VUs, 5248 complete and 0 interrupted iterations
a1     [  58% ] 001/100 VUs  1m45.0s/3m0s  50.00 iters/s

running (1m46.0s), 001/100 VUs, 5298 complete and 0 interrupted iterations
a1     [  59% ] 001/100 VUs  1m46.0s/3m0s  50.00 iters/s

running (1m47.0s), 008/100 VUs, 5341 complete and 0 interrupted iterations
a1     [  59% ] 008/100 VUs  1m47.0s/3m0s  50.00 iters/s

running (1m48.0s), 001/100 VUs, 5398 complete and 0 interrupted iterations
a1     [  60% ] 001/100 VUs  1m48.0s/3m0s  50.00 iters/s

running (1m49.0s), 007/100 VUs, 5442 complete and 0 interrupted iterations
a1     [  61% ] 007/100 VUs  1m49.0s/3m0s  50.00 iters/s

running (1m50.0s), 006/100 VUs, 5493 complete and 0 interrupted iterations
a1     [  61% ] 006/100 VUs  1m50.0s/3m0s  50.00 iters/s

running (1m51.0s), 006/100 VUs, 5543 complete and 0 interrupted iterations
a1     [  62% ] 006/100 VUs  1m51.0s/3m0s  50.00 iters/s
time="2026-09-09T14:18:26+05:00" level=warning msg="The test has generated metrics with 100083 unique time series, which is higher than the suggested limit of 100000 and could cause high memory usage. Consider not using high-cardinality values like unique IDs as metric tags or, if you need them in the URL, use the name metric tag or URL grouping. See https://grafana.com/docs/k6/latest/using-k6/tags-and-groups/ for details." component=metrics-engine-ingester

running (1m52.0s), 006/100 VUs, 5593 complete and 0 interrupted iterations
a1     [  62% ] 006/100 VUs  1m52.0s/3m0s  50.00 iters/s

running (1m53.0s), 006/100 VUs, 5643 complete and 0 interrupted iterations
a1     [  63% ] 006/100 VUs  1m53.0s/3m0s  50.00 iters/s

running (1m54.0s), 006/100 VUs, 5693 complete and 0 interrupted iterations
a1     [  63% ] 006/100 VUs  1m54.0s/3m0s  50.00 iters/s

running (1m55.0s), 007/100 VUs, 5742 complete and 0 interrupted iterations
a1     [  64% ] 007/100 VUs  1m55.0s/3m0s  50.00 iters/s

running (1m56.0s), 006/100 VUs, 5793 complete and 0 interrupted iterations
a1     [  64% ] 006/100 VUs  1m56.0s/3m0s  50.00 iters/s

running (1m57.0s), 006/100 VUs, 5843 complete and 0 interrupted iterations
a1     [  65% ] 006/100 VUs  1m57.0s/3m0s  50.00 iters/s

running (1m58.0s), 006/100 VUs, 5893 complete and 0 interrupted iterations
a1     [  66% ] 006/100 VUs  1m58.0s/3m0s  50.00 iters/s

running (1m59.0s), 006/100 VUs, 5943 complete and 0 interrupted iterations
a1     [  66% ] 006/100 VUs  1m59.0s/3m0s  50.00 iters/s

running (2m00.0s), 007/100 VUs, 5992 complete and 0 interrupted iterations
a1     [  67% ] 007/100 VUs  2m00.0s/3m0s  50.00 iters/s

running (2m01.0s), 001/100 VUs, 6048 complete and 0 interrupted iterations
a1     [  67% ] 001/100 VUs  2m01.0s/3m0s  50.00 iters/s

running (2m02.0s), 006/100 VUs, 6093 complete and 0 interrupted iterations
a1     [  68% ] 006/100 VUs  2m02.0s/3m0s  50.00 iters/s

running (2m03.0s), 006/100 VUs, 6143 complete and 0 interrupted iterations
a1     [  68% ] 006/100 VUs  2m03.0s/3m0s  50.00 iters/s

running (2m04.0s), 001/100 VUs, 6198 complete and 0 interrupted iterations
a1     [  69% ] 001/100 VUs  2m04.0s/3m0s  50.00 iters/s

running (2m05.0s), 006/100 VUs, 6243 complete and 0 interrupted iterations
a1     [  69% ] 006/100 VUs  2m05.0s/3m0s  50.00 iters/s

running (2m06.0s), 006/100 VUs, 6293 complete and 0 interrupted iterations
a1     [  70% ] 006/100 VUs  2m06.0s/3m0s  50.00 iters/s

running (2m07.0s), 006/100 VUs, 6343 complete and 0 interrupted iterations
a1     [  71% ] 006/100 VUs  2m07.0s/3m0s  50.00 iters/s

running (2m08.0s), 006/100 VUs, 6393 complete and 0 interrupted iterations
a1     [  71% ] 006/100 VUs  2m08.0s/3m0s  50.00 iters/s

running (2m09.0s), 007/100 VUs, 6442 complete and 0 interrupted iterations
a1     [  72% ] 007/100 VUs  2m09.0s/3m0s  50.00 iters/s

running (2m10.0s), 006/100 VUs, 6493 complete and 0 interrupted iterations
a1     [  72% ] 006/100 VUs  2m10.0s/3m0s  50.00 iters/s

running (2m11.0s), 006/100 VUs, 6543 complete and 0 interrupted iterations
a1     [  73% ] 006/100 VUs  2m11.0s/3m0s  50.00 iters/s

running (2m12.0s), 006/100 VUs, 6593 complete and 0 interrupted iterations
a1     [  73% ] 006/100 VUs  2m12.0s/3m0s  50.00 iters/s

running (2m13.0s), 006/100 VUs, 6643 complete and 0 interrupted iterations
a1     [  74% ] 006/100 VUs  2m13.0s/3m0s  50.00 iters/s

running (2m14.0s), 001/100 VUs, 6698 complete and 0 interrupted iterations
a1     [  74% ] 001/100 VUs  2m14.0s/3m0s  50.00 iters/s

running (2m15.0s), 000/100 VUs, 6749 complete and 0 interrupted iterations
a1     [  75% ] 000/100 VUs  2m15.0s/3m0s  50.00 iters/s

running (2m16.0s), 005/100 VUs, 6794 complete and 0 interrupted iterations
a1     [  76% ] 005/100 VUs  2m16.0s/3m0s  50.00 iters/s

running (2m17.0s), 005/100 VUs, 6844 complete and 0 interrupted iterations
a1     [  76% ] 005/100 VUs  2m17.0s/3m0s  50.00 iters/s

running (2m18.0s), 005/100 VUs, 6894 complete and 0 interrupted iterations
a1     [  77% ] 005/100 VUs  2m18.0s/3m0s  50.00 iters/s

running (2m19.0s), 005/100 VUs, 6944 complete and 0 interrupted iterations
a1     [  77% ] 005/100 VUs  2m19.0s/3m0s  50.00 iters/s

running (2m20.0s), 005/100 VUs, 6994 complete and 0 interrupted iterations
a1     [  78% ] 005/100 VUs  2m20.0s/3m0s  50.00 iters/s

running (2m21.0s), 005/100 VUs, 7044 complete and 0 interrupted iterations
a1     [  78% ] 005/100 VUs  2m21.0s/3m0s  50.00 iters/s

running (2m22.0s), 005/100 VUs, 7094 complete and 0 interrupted iterations
a1     [  79% ] 005/100 VUs  2m22.0s/3m0s  50.00 iters/s

running (2m23.0s), 006/100 VUs, 7143 complete and 0 interrupted iterations
a1     [  79% ] 006/100 VUs  2m23.0s/3m0s  50.00 iters/s

running (2m24.0s), 005/100 VUs, 7194 complete and 0 interrupted iterations
a1     [  80% ] 005/100 VUs  2m24.0s/3m0s  50.00 iters/s

running (2m25.0s), 005/100 VUs, 7244 complete and 0 interrupted iterations
a1     [  81% ] 005/100 VUs  2m25.0s/3m0s  50.00 iters/s

running (2m26.0s), 006/100 VUs, 7293 complete and 0 interrupted iterations
a1     [  81% ] 006/100 VUs  2m26.0s/3m0s  50.00 iters/s

running (2m27.0s), 006/100 VUs, 7343 complete and 0 interrupted iterations
a1     [  82% ] 006/100 VUs  2m27.0s/3m0s  50.00 iters/s

running (2m28.0s), 006/100 VUs, 7393 complete and 0 interrupted iterations
a1     [  82% ] 006/100 VUs  2m28.0s/3m0s  50.00 iters/s

running (2m29.0s), 005/100 VUs, 7444 complete and 0 interrupted iterations
a1     [  83% ] 005/100 VUs  2m29.0s/3m0s  50.00 iters/s

running (2m30.0s), 005/100 VUs, 7494 complete and 0 interrupted iterations
a1     [  83% ] 005/100 VUs  2m30.0s/3m0s  50.00 iters/s

running (2m31.0s), 005/100 VUs, 7544 complete and 0 interrupted iterations
a1     [  84% ] 005/100 VUs  2m31.0s/3m0s  50.00 iters/s

running (2m32.0s), 005/100 VUs, 7594 complete and 0 interrupted iterations
a1     [  84% ] 005/100 VUs  2m32.0s/3m0s  50.00 iters/s

running (2m33.0s), 005/100 VUs, 7644 complete and 0 interrupted iterations
a1     [  85% ] 005/100 VUs  2m33.0s/3m0s  50.00 iters/s

running (2m34.0s), 005/100 VUs, 7694 complete and 0 interrupted iterations
a1     [  86% ] 005/100 VUs  2m34.0s/3m0s  50.00 iters/s

running (2m35.0s), 005/100 VUs, 7744 complete and 0 interrupted iterations
a1     [  86% ] 005/100 VUs  2m35.0s/3m0s  50.00 iters/s

running (2m36.0s), 005/100 VUs, 7794 complete and 0 interrupted iterations
a1     [  87% ] 005/100 VUs  2m36.0s/3m0s  50.00 iters/s

running (2m37.0s), 005/100 VUs, 7844 complete and 0 interrupted iterations
a1     [  87% ] 005/100 VUs  2m37.0s/3m0s  50.00 iters/s

running (2m38.0s), 004/100 VUs, 7895 complete and 0 interrupted iterations
a1     [  88% ] 004/100 VUs  2m38.0s/3m0s  50.00 iters/s

running (2m39.0s), 013/100 VUs, 7936 complete and 0 interrupted iterations
a1     [  88% ] 013/100 VUs  2m39.0s/3m0s  50.00 iters/s

running (2m40.0s), 004/100 VUs, 7995 complete and 0 interrupted iterations
a1     [  89% ] 004/100 VUs  2m40.0s/3m0s  50.00 iters/s

running (2m41.0s), 004/100 VUs, 8045 complete and 0 interrupted iterations
a1     [  89% ] 004/100 VUs  2m41.0s/3m0s  50.00 iters/s

running (2m42.0s), 004/100 VUs, 8095 complete and 0 interrupted iterations
a1     [  90% ] 004/100 VUs  2m42.0s/3m0s  50.00 iters/s

running (2m43.0s), 004/100 VUs, 8145 complete and 0 interrupted iterations
a1     [  91% ] 004/100 VUs  2m43.0s/3m0s  50.00 iters/s

running (2m44.0s), 004/100 VUs, 8195 complete and 0 interrupted iterations
a1     [  91% ] 004/100 VUs  2m44.0s/3m0s  50.00 iters/s

running (2m45.0s), 004/100 VUs, 8245 complete and 0 interrupted iterations
a1     [  92% ] 004/100 VUs  2m45.0s/3m0s  50.00 iters/s

running (2m46.0s), 004/100 VUs, 8295 complete and 0 interrupted iterations
a1     [  92% ] 004/100 VUs  2m46.0s/3m0s  50.00 iters/s

running (2m47.0s), 004/100 VUs, 8345 complete and 0 interrupted iterations
a1     [  93% ] 004/100 VUs  2m47.0s/3m0s  50.00 iters/s

running (2m48.0s), 004/100 VUs, 8395 complete and 0 interrupted iterations
a1     [  93% ] 004/100 VUs  2m48.0s/3m0s  50.00 iters/s

running (2m49.0s), 004/100 VUs, 8445 complete and 0 interrupted iterations
a1     [  94% ] 004/100 VUs  2m49.0s/3m0s  50.00 iters/s

running (2m50.0s), 004/100 VUs, 8495 complete and 0 interrupted iterations
a1     [  94% ] 004/100 VUs  2m50.0s/3m0s  50.00 iters/s

running (2m51.0s), 004/100 VUs, 8545 complete and 0 interrupted iterations
a1     [  95% ] 004/100 VUs  2m51.0s/3m0s  50.00 iters/s

running (2m52.0s), 004/100 VUs, 8595 complete and 0 interrupted iterations
a1     [  96% ] 004/100 VUs  2m52.0s/3m0s  50.00 iters/s

running (2m53.0s), 015/100 VUs, 8634 complete and 0 interrupted iterations
a1     [  96% ] 015/100 VUs  2m53.0s/3m0s  50.00 iters/s

running (2m54.0s), 004/100 VUs, 8695 complete and 0 interrupted iterations
a1     [  97% ] 004/100 VUs  2m54.0s/3m0s  50.00 iters/s

running (2m55.0s), 004/100 VUs, 8745 complete and 0 interrupted iterations
a1     [  97% ] 004/100 VUs  2m55.0s/3m0s  50.00 iters/s

running (2m56.0s), 004/100 VUs, 8795 complete and 0 interrupted iterations
a1     [  98% ] 004/100 VUs  2m56.0s/3m0s  50.00 iters/s

running (2m57.0s), 005/100 VUs, 8844 complete and 0 interrupted iterations
a1     [  98% ] 005/100 VUs  2m57.0s/3m0s  50.00 iters/s

running (2m58.0s), 054/100 VUs, 8845 complete and 0 interrupted iterations
a1     [  99% ] 054/100 VUs  2m58.0s/3m0s  50.00 iters/s

running (2m59.0s), 101/101 VUs, 8847 complete and 0 interrupted iterations
a1     [  99% ] 101/101 VUs  2m59.0s/3m0s  50.00 iters/s

running (3m00.0s), 117/117 VUs, 8865 complete and 0 interrupted iterations
a1     [ 100% ] 117/117 VUs  3m00.0s/3m0s  50.00 iters/s

running (3m01.0s), 095/118 VUs, 8888 complete and 0 interrupted iterations
a1   ↓ [ 100% ] 118/118 VUs  3m0s  50.00 iters/s

running (3m02.0s), 085/118 VUs, 8898 complete and 0 interrupted iterations
a1   ↓ [ 100% ] 118/118 VUs  3m0s  50.00 iters/s


  █ THRESHOLDS 

    http_req_failed
    ✓ 'rate<0.05' rate=0.00%


  █ TOTAL RESULTS 

    checks_total.......: 26949   147.407225/s
    checks_succeeded...: 100.00% 26949 out of 26949
    checks_failed......: 0.00%   0 out of 26949

    ✓ initiated
    ✓ validated
    ✓ terminal

    CUSTOM
    a1_lifecycle_duration..........: avg=113.5ms  min=6ms    med=14ms    p(95)=341ms    p(99)=3.04s    max=4.7s
    a1_lifecycles_completed........: 8983   49.135742/s
    a1_transitions_committed.......: 26949  147.407225/s

    HTTP
    http_req_duration..............: avg=37.67ms  min=1.61ms med=4.31ms  p(95)=140.74ms p(99)=913.64ms max=3.1s
      { expected_response:true }...: avg=37.67ms  min=1.61ms med=4.31ms  p(95)=140.74ms p(99)=913.64ms max=3.1s
    http_req_failed................: 0.00%  0 out of 26949
    http_reqs......................: 26949  147.407225/s

    EXECUTION
    dropped_iterations.............: 18     0.098457/s
    iteration_duration.............: avg=113.53ms min=6.16ms med=14.22ms p(95)=341.09ms p(99)=3.04s    max=4.7s
    iterations.....................: 8983   49.135742/s
    vus............................: 85     min=0          max=117
    vus_max........................: 118    min=100        max=118

    NETWORK
    data_received..................: 10 MB  56 kB/s
    data_sent......................: 5.8 MB 32 kB/s




running (3m02.8s), 000/118 VUs, 8983 complete and 0 interrupted iterations
a1   ✓ [ 100% ] 000/118 VUs  3m0s  50.00 iters/s
