[15:26:05] === RUN CDC-C2N3OFF-r3-20260909152605 ===
[15:26:05] mode=CDC profile=C2N3OFF rep=3 tps=50 duration=180s fault=none
[15:26:05] jar: target/master-thesis-observability-0.0.1-SNAPSHOT.jar
[15:26:05] arxiv redo tozalanmoqda
[15:26:05] workload tozalanmoqda (reference saqlanadi)
workload reset; reference data preserved
AQ backlog purged: 0 -> 0
[15:26:07] Kafka topigi qayta yaratilmoqda
[15:26:16] ilova ishga tushirilmoqda (mode=CDC)
[15:26:32] ilova tayyor (pid 2759613)
[15:26:32] --no-connector: konnektorsiz ishlatilmoqda (C2 bazaviy sharti)
[15:26:36] k6 yuklamasi boshlandi
[15:29:37] k6 iteratsiyalari: 8932
[15:29:37] pipeline bo'shashi kutilmoqda (maks 120s)
[15:35:51] OGOHLANTIRISH: pipeline 120s ichida bo'shamadi (db_pending=0 sink=0) - LOSS raqamlari ishonchsiz
[15:36:01] ground truth eksport qilinmoqda
[15:36:02] Kafka topigi eksport qilinmoqda
[15:36:29] tahlil
{
  "mode": "CDC",
  "profile": "C2N3OFF",
  "rep": "3",
  "fault": "none",
  "ground_truth_transitions": 26796,
  "delivered_distinct": 0,
  "delivered_total": 0,
  "matched": 0,
  "missing": 26796,
  "phantom": 0,
  "malformed": 0,
  "loss_rate": 1.0,
  "loss_rate_ppm": 1000000.0,
  "duplicate_rate": 0.0,
  "ordering_violation_rate": 0.0,
  "txns_split_across_partitions": 0,
  "latency_ms_p50": null,
  "latency_ms_p95": null,
  "latency_ms_p99": null,
  "latency_ms_max": null,
  "latency_ms_mean": null,
  "latency_samples": 0,
  "latency_negative_samples": 0
}
[15:36:29] ilova va konnektor to'xtatilmoqda
[15:36:34] === TUGADI: results/CDC-C2N3OFF-r3-20260909152605 ===
