[12:51:48] === RUN AQ-P1-r5-20260904125148 ===
[12:51:48] mode=AQ profile=P1 rep=5 tps=50 duration=120s fault=none
[12:51:48] jar: target/master-thesis-observability-0.0.1-SNAPSHOT.jar
[12:51:48] workload tozalanmoqda (reference saqlanadi)
workload reset; reference data preserved
AQ backlog purged: 0 -> 0
[12:51:49] Kafka topigi qayta yaratilmoqda
[12:51:58] ilova ishga tushirilmoqda (mode=AQ)
[12:52:13] ilova tayyor (pid 662783)
[12:52:16] k6 yuklamasi boshlandi
[12:54:26] pipeline bo'shashi kutilmoqda (maks 120s)
[12:54:38] pipeline bo'sh (4s, sink=18003 xabar)
[12:54:49] ground truth eksport qilinmoqda
[12:54:49] Kafka topigi eksport qilinmoqda
[12:55:44] tahlil
{
  "mode": "AQ",
  "profile": "P1",
  "rep": "5",
  "fault": "none",
  "ground_truth_transitions": 18003,
  "delivered_distinct": 18003,
  "delivered_total": 18003,
  "matched": 18003,
  "missing": 0,
  "phantom": 0,
  "malformed": 0,
  "loss_rate": 0.0,
  "loss_rate_ppm": 0.0,
  "duplicate_rate": 0.0,
  "ordering_violation_rate": 0.0,
  "txns_split_across_partitions": 0,
  "latency_ms_p50": 5,
  "latency_ms_p95": 11,
  "latency_ms_p99": 747,
  "latency_ms_max": 2940,
  "latency_ms_mean": 19.6,
  "latency_samples": 18003,
  "latency_negative_samples": 0,
  "loss_rate_upper_bound_95_ppm": 166.64
}
[12:55:44] ilova va konnektor to'xtatilmoqda
[12:55:48] === TUGADI: results/AQ-P1-r5-20260904125148 ===
