[13:34:26] === RUN CDC-P1-r1-F1-20260904133426 ===
[13:34:26] mode=CDC profile=P1 rep=1 tps=50 duration=180s fault=F1
[13:34:26] jar: target/master-thesis-observability-0.0.1-SNAPSHOT.jar
[13:34:26] workload tozalanmoqda (reference saqlanadi)
workload reset; reference data preserved
AQ backlog purged: 4 -> 0
[13:34:26] Kafka topigi qayta yaratilmoqda
[13:34:35] ilova ishga tushirilmoqda (mode=CDC)
[13:34:47] ilova tayyor (pid 1212707)
[13:34:47] Debezium konnektori ro'yxatdan o'tkazilmoqda (CDC, prefix=obsv_cdc_p1_r1_f1_20260904133426)
konnektor ro'yxatdan o'tkazilmoqda: a1-cdc-obsv_cdc_p1_r1_f1_20260904133426 (prefix=obsv_cdc_p1_r1_f1_20260904133426)
konnektor RUNNING (2s)
streaming tasdiqlanmoqda (heartbeat topigi: __debezium-heartbeat.obsv_cdc_p1_r1_f1_20260904133426)
streaming tasdiqlandi (6 urinish)
[13:35:17] fault F1 60s dan keyin yuboriladi
[13:35:17] k6 yuklamasi boshlandi
[fault 13:36:22] SIGKILL ilovaga: 1212707
[fault 13:36:33] ilova qayta ishga tushirilmoqda (mode=results/WRAPPER_B3-P1-r91-20260903164920/run.log:WRAPPER_B3)
[fault 13:36:33] F1 tugadi
[13:38:35] k6 nolga teng bo'lmagan kod bilan tugadi (natija baribir tahlil qilinadi)
[13:38:35] pipeline bo'shashi kutilmoqda (maks 120s)
[13:38:45] pipeline bo'sh (4s, sink=8979 xabar)
[13:38:55] ground truth eksport qilinmoqda
[13:38:56] Kafka topigi eksport qilinmoqda
[13:39:23] tahlil
{
  "mode": "CDC",
  "profile": "P1",
  "rep": "1",
  "fault": "F1",
  "ground_truth_transitions": 8979,
  "delivered_distinct": 8979,
  "delivered_total": 8979,
  "matched": 8979,
  "missing": 0,
  "phantom": 0,
  "malformed": 0,
  "loss_rate": 0.0,
  "loss_rate_ppm": 0.0,
  "duplicate_rate": 0.0,
  "ordering_violation_rate": 0.0,
  "txns_split_across_partitions": 0,
  "latency_ms_p50": 3561,
  "latency_ms_p95": 6466,
  "latency_ms_p99": 7520,
  "latency_ms_max": 8092,
  "latency_ms_mean": 3683.4,
  "latency_samples": 8979,
  "latency_negative_samples": 0,
  "loss_rate_upper_bound_95_ppm": 334.11
}
[13:39:23] ilova va konnektor to'xtatilmoqda
connector o'chirilmoqda: a1-cdc-obsv_cdc_p1_r1_f1_20260904133426
[13:39:26] === TUGADI: results/CDC-P1-r1-F1-20260904133426 ===
