
         /\      Grafana   /‾‾/  
    /\  /  \     |\  __   /  /   
   /  \/    \    | |/ /  /   ‾‾\ 
  /          \   |   (  |  (‾)  |
 / __________ \  |_|\_\  \_____/ 


     execution: local
        script: harness/k6/a1-workload.js
        output: -

     scenarios: (100.00%) 1 scenario, 600 max VUs, 3m30s max duration (incl. graceful stop):
              * a1: 50.00 iterations/s for 3m0s (maxVUs: 100-600, gracefulStop: 30s)


running (0m01.0s), 050/100 VUs, 0 complete and 0 interrupted iterations
a1     [   1% ] 050/100 VUs  0m01.0s/3m0s  50.00 iters/s

running (0m02.0s), 065/100 VUs, 35 complete and 0 interrupted iterations
a1     [   1% ] 065/100 VUs  0m02.0s/3m0s  50.00 iters/s

running (0m03.0s), 071/100 VUs, 79 complete and 0 interrupted iterations
a1     [   2% ] 071/100 VUs  0m03.0s/3m0s  50.00 iters/s

running (0m04.0s), 101/103 VUs, 96 complete and 0 interrupted iterations
a1     [   2% ] 101/103 VUs  0m04.0s/3m0s  50.00 iters/s

running (0m05.0s), 093/120 VUs, 137 complete and 0 interrupted iterations
a1     [   3% ] 093/120 VUs  0m05.0s/3m0s  50.00 iters/s

running (0m06.0s), 079/126 VUs, 195 complete and 0 interrupted iterations
a1     [   3% ] 079/126 VUs  0m06.0s/3m0s  50.00 iters/s

running (0m07.0s), 001/126 VUs, 323 complete and 0 interrupted iterations
a1     [   4% ] 001/126 VUs  0m07.0s/3m0s  50.00 iters/s

running (0m08.0s), 001/126 VUs, 373 complete and 0 interrupted iterations
a1     [   4% ] 001/126 VUs  0m08.0s/3m0s  50.00 iters/s

running (0m09.0s), 001/126 VUs, 423 complete and 0 interrupted iterations
a1     [   5% ] 001/126 VUs  0m09.0s/3m0s  50.00 iters/s

running (0m10.0s), 001/126 VUs, 473 complete and 0 interrupted iterations
a1     [   6% ] 001/126 VUs  0m10.0s/3m0s  50.00 iters/s

running (0m11.0s), 001/126 VUs, 523 complete and 0 interrupted iterations
a1     [   6% ] 001/126 VUs  0m11.0s/3m0s  50.00 iters/s

running (0m12.0s), 001/126 VUs, 573 complete and 0 interrupted iterations
a1     [   7% ] 001/126 VUs  0m12.0s/3m0s  50.00 iters/s

running (0m13.0s), 001/126 VUs, 623 complete and 0 interrupted iterations
a1     [   7% ] 001/126 VUs  0m13.0s/3m0s  50.00 iters/s

running (0m14.0s), 001/126 VUs, 673 complete and 0 interrupted iterations
a1     [   8% ] 001/126 VUs  0m14.0s/3m0s  50.00 iters/s

running (0m15.0s), 001/126 VUs, 723 complete and 0 interrupted iterations
a1     [   8% ] 001/126 VUs  0m15.0s/3m0s  50.00 iters/s

running (0m16.0s), 001/126 VUs, 773 complete and 0 interrupted iterations
a1     [   9% ] 001/126 VUs  0m16.0s/3m0s  50.00 iters/s

running (0m17.0s), 001/126 VUs, 823 complete and 0 interrupted iterations
a1     [   9% ] 001/126 VUs  0m17.0s/3m0s  50.00 iters/s

running (0m18.0s), 001/126 VUs, 873 complete and 0 interrupted iterations
a1     [  10% ] 001/126 VUs  0m18.0s/3m0s  50.00 iters/s

running (0m19.0s), 001/126 VUs, 923 complete and 0 interrupted iterations
a1     [  11% ] 001/126 VUs  0m19.0s/3m0s  50.00 iters/s

running (0m20.0s), 001/126 VUs, 973 complete and 0 interrupted iterations
a1     [  11% ] 001/126 VUs  0m20.0s/3m0s  50.00 iters/s

running (0m21.0s), 001/126 VUs, 1023 complete and 0 interrupted iterations
a1     [  12% ] 001/126 VUs  0m21.0s/3m0s  50.00 iters/s

running (0m22.0s), 001/126 VUs, 1073 complete and 0 interrupted iterations
a1     [  12% ] 001/126 VUs  0m22.0s/3m0s  50.00 iters/s

running (0m23.0s), 001/126 VUs, 1123 complete and 0 interrupted iterations
a1     [  13% ] 001/126 VUs  0m23.0s/3m0s  50.00 iters/s

running (0m24.0s), 001/126 VUs, 1173 complete and 0 interrupted iterations
a1     [  13% ] 001/126 VUs  0m24.0s/3m0s  50.00 iters/s

running (0m25.0s), 001/126 VUs, 1223 complete and 0 interrupted iterations
a1     [  14% ] 001/126 VUs  0m25.0s/3m0s  50.00 iters/s

running (0m26.0s), 001/126 VUs, 1273 complete and 0 interrupted iterations
a1     [  14% ] 001/126 VUs  0m26.0s/3m0s  50.00 iters/s

running (0m27.0s), 001/126 VUs, 1323 complete and 0 interrupted iterations
a1     [  15% ] 001/126 VUs  0m27.0s/3m0s  50.00 iters/s

running (0m28.0s), 001/126 VUs, 1373 complete and 0 interrupted iterations
a1     [  16% ] 001/126 VUs  0m28.0s/3m0s  50.00 iters/s

running (0m29.0s), 001/126 VUs, 1423 complete and 0 interrupted iterations
a1     [  16% ] 001/126 VUs  0m29.0s/3m0s  50.00 iters/s

running (0m30.0s), 001/126 VUs, 1473 complete and 0 interrupted iterations
a1     [  17% ] 001/126 VUs  0m30.0s/3m0s  50.00 iters/s

running (0m31.0s), 001/126 VUs, 1523 complete and 0 interrupted iterations
a1     [  17% ] 001/126 VUs  0m31.0s/3m0s  50.00 iters/s

running (0m32.0s), 002/126 VUs, 1572 complete and 0 interrupted iterations
a1     [  18% ] 002/126 VUs  0m32.0s/3m0s  50.00 iters/s

running (0m33.0s), 001/126 VUs, 1623 complete and 0 interrupted iterations
a1     [  18% ] 001/126 VUs  0m33.0s/3m0s  50.00 iters/s

running (0m34.0s), 001/126 VUs, 1673 complete and 0 interrupted iterations
a1     [  19% ] 001/126 VUs  0m34.0s/3m0s  50.00 iters/s

running (0m35.0s), 002/126 VUs, 1722 complete and 0 interrupted iterations
a1     [  19% ] 002/126 VUs  0m35.0s/3m0s  50.00 iters/s

running (0m36.0s), 002/126 VUs, 1772 complete and 0 interrupted iterations
a1     [  20% ] 002/126 VUs  0m36.0s/3m0s  50.00 iters/s

running (0m37.0s), 003/126 VUs, 1821 complete and 0 interrupted iterations
a1     [  21% ] 003/126 VUs  0m37.0s/3m0s  50.00 iters/s

running (0m38.0s), 001/126 VUs, 1873 complete and 0 interrupted iterations
a1     [  21% ] 001/126 VUs  0m38.0s/3m0s  50.00 iters/s

running (0m39.0s), 001/126 VUs, 1923 complete and 0 interrupted iterations
a1     [  22% ] 001/126 VUs  0m39.0s/3m0s  50.00 iters/s

running (0m40.0s), 014/126 VUs, 1960 complete and 0 interrupted iterations
a1     [  22% ] 014/126 VUs  0m40.0s/3m0s  50.00 iters/s

running (0m41.0s), 001/126 VUs, 2023 complete and 0 interrupted iterations
a1     [  23% ] 001/126 VUs  0m41.0s/3m0s  50.00 iters/s

running (0m42.0s), 001/126 VUs, 2073 complete and 0 interrupted iterations
a1     [  23% ] 001/126 VUs  0m42.0s/3m0s  50.00 iters/s

running (0m43.0s), 001/126 VUs, 2123 complete and 0 interrupted iterations
a1     [  24% ] 001/126 VUs  0m43.0s/3m0s  50.00 iters/s

running (0m44.0s), 001/126 VUs, 2173 complete and 0 interrupted iterations
a1     [  24% ] 001/126 VUs  0m44.0s/3m0s  50.00 iters/s

running (0m45.0s), 001/126 VUs, 2223 complete and 0 interrupted iterations
a1     [  25% ] 001/126 VUs  0m45.0s/3m0s  50.00 iters/s

running (0m46.0s), 001/126 VUs, 2273 complete and 0 interrupted iterations
a1     [  26% ] 001/126 VUs  0m46.0s/3m0s  50.00 iters/s

running (0m47.0s), 001/126 VUs, 2323 complete and 0 interrupted iterations
a1     [  26% ] 001/126 VUs  0m47.0s/3m0s  50.00 iters/s

running (0m48.0s), 001/126 VUs, 2373 complete and 0 interrupted iterations
a1     [  27% ] 001/126 VUs  0m48.0s/3m0s  50.00 iters/s

running (0m49.0s), 001/126 VUs, 2423 complete and 0 interrupted iterations
a1     [  27% ] 001/126 VUs  0m49.0s/3m0s  50.00 iters/s

running (0m50.0s), 001/126 VUs, 2473 complete and 0 interrupted iterations
a1     [  28% ] 001/126 VUs  0m50.0s/3m0s  50.00 iters/s

running (0m51.0s), 001/126 VUs, 2523 complete and 0 interrupted iterations
a1     [  28% ] 001/126 VUs  0m51.0s/3m0s  50.00 iters/s

running (0m52.0s), 001/126 VUs, 2573 complete and 0 interrupted iterations
a1     [  29% ] 001/126 VUs  0m52.0s/3m0s  50.00 iters/s

running (0m53.0s), 001/126 VUs, 2623 complete and 0 interrupted iterations
a1     [  29% ] 001/126 VUs  0m53.0s/3m0s  50.00 iters/s

running (0m54.0s), 001/126 VUs, 2673 complete and 0 interrupted iterations
a1     [  30% ] 001/126 VUs  0m54.0s/3m0s  50.00 iters/s

running (0m55.0s), 001/126 VUs, 2723 complete and 0 interrupted iterations
a1     [  31% ] 001/126 VUs  0m55.0s/3m0s  50.00 iters/s

running (0m56.0s), 002/126 VUs, 2772 complete and 0 interrupted iterations
a1     [  31% ] 001/126 VUs  0m56.0s/3m0s  50.00 iters/s

running (0m57.0s), 002/126 VUs, 2822 complete and 0 interrupted iterations
a1     [  32% ] 002/126 VUs  0m57.0s/3m0s  50.00 iters/s

running (0m58.0s), 001/126 VUs, 2873 complete and 0 interrupted iterations
a1     [  32% ] 001/126 VUs  0m58.0s/3m0s  50.00 iters/s

running (0m59.0s), 008/126 VUs, 2916 complete and 0 interrupted iterations
a1     [  33% ] 008/126 VUs  0m59.0s/3m0s  50.00 iters/s

running (1m00.0s), 002/126 VUs, 2972 complete and 0 interrupted iterations
a1     [  33% ] 002/126 VUs  1m00.0s/3m0s  50.00 iters/s

running (1m01.0s), 020/126 VUs, 3004 complete and 0 interrupted iterations
a1     [  34% ] 020/126 VUs  1m01.0s/3m0s  50.00 iters/s

running (1m02.0s), 029/126 VUs, 3045 complete and 0 interrupted iterations
a1     [  34% ] 029/126 VUs  1m02.0s/3m0s  50.00 iters/s

running (1m03.0s), 030/126 VUs, 3094 complete and 0 interrupted iterations
a1     [  35% ] 030/126 VUs  1m03.0s/3m0s  50.00 iters/s

running (1m04.0s), 001/126 VUs, 3173 complete and 0 interrupted iterations
a1     [  36% ] 001/126 VUs  1m04.0s/3m0s  50.00 iters/s

running (1m05.0s), 029/126 VUs, 3195 complete and 0 interrupted iterations
a1     [  36% ] 029/126 VUs  1m05.0s/3m0s  50.00 iters/s

running (1m06.0s), 001/126 VUs, 3273 complete and 0 interrupted iterations
a1     [  37% ] 001/126 VUs  1m06.0s/3m0s  50.00 iters/s

running (1m07.0s), 001/126 VUs, 3323 complete and 0 interrupted iterations
a1     [  37% ] 001/126 VUs  1m07.0s/3m0s  50.00 iters/s

running (1m08.0s), 001/126 VUs, 3373 complete and 0 interrupted iterations
a1     [  38% ] 001/126 VUs  1m08.0s/3m0s  50.00 iters/s

running (1m09.0s), 001/126 VUs, 3423 complete and 0 interrupted iterations
a1     [  38% ] 001/126 VUs  1m09.0s/3m0s  50.00 iters/s

running (1m10.0s), 001/126 VUs, 3473 complete and 0 interrupted iterations
a1     [  39% ] 001/126 VUs  1m10.0s/3m0s  50.00 iters/s

running (1m11.0s), 001/126 VUs, 3523 complete and 0 interrupted iterations
a1     [  39% ] 001/126 VUs  1m11.0s/3m0s  50.00 iters/s

running (1m12.0s), 001/126 VUs, 3573 complete and 0 interrupted iterations
a1     [  40% ] 001/126 VUs  1m12.0s/3m0s  50.00 iters/s

running (1m13.0s), 001/126 VUs, 3623 complete and 0 interrupted iterations
a1     [  41% ] 001/126 VUs  1m13.0s/3m0s  50.00 iters/s

running (1m14.0s), 001/126 VUs, 3673 complete and 0 interrupted iterations
a1     [  41% ] 001/126 VUs  1m14.0s/3m0s  50.00 iters/s

running (1m15.0s), 001/126 VUs, 3723 complete and 0 interrupted iterations
a1     [  42% ] 001/126 VUs  1m15.0s/3m0s  50.00 iters/s

running (1m16.0s), 001/126 VUs, 3773 complete and 0 interrupted iterations
a1     [  42% ] 001/126 VUs  1m16.0s/3m0s  50.00 iters/s

running (1m17.0s), 001/126 VUs, 3823 complete and 0 interrupted iterations
a1     [  43% ] 001/126 VUs  1m17.0s/3m0s  50.00 iters/s

running (1m18.0s), 001/126 VUs, 3873 complete and 0 interrupted iterations
a1     [  43% ] 001/126 VUs  1m18.0s/3m0s  50.00 iters/s

running (1m19.0s), 001/126 VUs, 3923 complete and 0 interrupted iterations
a1     [  44% ] 001/126 VUs  1m19.0s/3m0s  50.00 iters/s

running (1m20.0s), 001/126 VUs, 3973 complete and 0 interrupted iterations
a1     [  44% ] 001/126 VUs  1m20.0s/3m0s  50.00 iters/s

running (1m21.0s), 002/126 VUs, 4022 complete and 0 interrupted iterations
a1     [  45% ] 002/126 VUs  1m21.0s/3m0s  50.00 iters/s

running (1m22.0s), 003/126 VUs, 4071 complete and 0 interrupted iterations
a1     [  46% ] 003/126 VUs  1m22.0s/3m0s  50.00 iters/s

running (1m23.0s), 001/126 VUs, 4123 complete and 0 interrupted iterations
a1     [  46% ] 001/126 VUs  1m23.0s/3m0s  50.00 iters/s

running (1m24.0s), 001/126 VUs, 4173 complete and 0 interrupted iterations
a1     [  47% ] 001/126 VUs  1m24.0s/3m0s  50.00 iters/s

running (1m25.0s), 001/126 VUs, 4223 complete and 0 interrupted iterations
a1     [  47% ] 001/126 VUs  1m25.0s/3m0s  50.00 iters/s

running (1m26.0s), 001/126 VUs, 4273 complete and 0 interrupted iterations
a1     [  48% ] 001/126 VUs  1m26.0s/3m0s  50.00 iters/s

running (1m27.0s), 001/126 VUs, 4323 complete and 0 interrupted iterations
a1     [  48% ] 001/126 VUs  1m27.0s/3m0s  50.00 iters/s

running (1m28.0s), 001/126 VUs, 4373 complete and 0 interrupted iterations
a1     [  49% ] 001/126 VUs  1m28.0s/3m0s  50.00 iters/s

running (1m29.0s), 001/126 VUs, 4423 complete and 0 interrupted iterations
a1     [  49% ] 001/126 VUs  1m29.0s/3m0s  50.00 iters/s

running (1m30.0s), 029/126 VUs, 4445 complete and 0 interrupted iterations
a1     [  50% ] 029/126 VUs  1m30.0s/3m0s  50.00 iters/s

running (1m31.0s), 001/126 VUs, 4523 complete and 0 interrupted iterations
a1     [  51% ] 001/126 VUs  1m31.0s/3m0s  50.00 iters/s

running (1m32.0s), 001/126 VUs, 4573 complete and 0 interrupted iterations
a1     [  51% ] 001/126 VUs  1m32.0s/3m0s  50.00 iters/s

running (1m33.0s), 001/126 VUs, 4623 complete and 0 interrupted iterations
a1     [  52% ] 001/126 VUs  1m33.0s/3m0s  50.00 iters/s

running (1m34.0s), 001/126 VUs, 4673 complete and 0 interrupted iterations
a1     [  52% ] 001/126 VUs  1m34.0s/3m0s  50.00 iters/s

running (1m35.0s), 001/126 VUs, 4723 complete and 0 interrupted iterations
a1     [  53% ] 001/126 VUs  1m35.0s/3m0s  50.00 iters/s

running (1m36.0s), 001/126 VUs, 4773 complete and 0 interrupted iterations
a1     [  53% ] 001/126 VUs  1m36.0s/3m0s  50.00 iters/s

running (1m37.0s), 001/126 VUs, 4823 complete and 0 interrupted iterations
a1     [  54% ] 001/126 VUs  1m37.0s/3m0s  50.00 iters/s

running (1m38.0s), 001/126 VUs, 4873 complete and 0 interrupted iterations
a1     [  54% ] 001/126 VUs  1m38.0s/3m0s  50.00 iters/s

running (1m39.0s), 001/126 VUs, 4923 complete and 0 interrupted iterations
a1     [  55% ] 001/126 VUs  1m39.0s/3m0s  50.00 iters/s

running (1m40.0s), 001/126 VUs, 4973 complete and 0 interrupted iterations
a1     [  56% ] 001/126 VUs  1m40.0s/3m0s  50.00 iters/s

running (1m41.0s), 001/126 VUs, 5023 complete and 0 interrupted iterations
a1     [  56% ] 001/126 VUs  1m41.0s/3m0s  50.00 iters/s

running (1m42.0s), 001/126 VUs, 5073 complete and 0 interrupted iterations
a1     [  57% ] 001/126 VUs  1m42.0s/3m0s  50.00 iters/s

running (1m43.0s), 001/126 VUs, 5123 complete and 0 interrupted iterations
a1     [  57% ] 001/126 VUs  1m43.0s/3m0s  50.00 iters/s

running (1m44.0s), 001/126 VUs, 5173 complete and 0 interrupted iterations
a1     [  58% ] 001/126 VUs  1m44.0s/3m0s  50.00 iters/s

running (1m45.0s), 001/126 VUs, 5223 complete and 0 interrupted iterations
a1     [  58% ] 001/126 VUs  1m45.0s/3m0s  50.00 iters/s

running (1m46.0s), 002/126 VUs, 5272 complete and 0 interrupted iterations
a1     [  59% ] 002/126 VUs  1m46.0s/3m0s  50.00 iters/s

running (1m47.0s), 002/126 VUs, 5322 complete and 0 interrupted iterations
a1     [  59% ] 002/126 VUs  1m47.0s/3m0s  50.00 iters/s

running (1m48.0s), 001/126 VUs, 5373 complete and 0 interrupted iterations
a1     [  60% ] 001/126 VUs  1m48.0s/3m0s  50.00 iters/s

running (1m49.0s), 002/126 VUs, 5422 complete and 0 interrupted iterations
a1     [  61% ] 002/126 VUs  1m49.0s/3m0s  50.00 iters/s

running (1m50.0s), 002/126 VUs, 5472 complete and 0 interrupted iterations
a1     [  61% ] 002/126 VUs  1m50.0s/3m0s  50.00 iters/s

running (1m51.0s), 001/126 VUs, 5523 complete and 0 interrupted iterations
a1     [  62% ] 001/126 VUs  1m51.0s/3m0s  50.00 iters/s

running (1m52.0s), 002/126 VUs, 5572 complete and 0 interrupted iterations
a1     [  62% ] 002/126 VUs  1m52.0s/3m0s  50.00 iters/s
time="2026-09-09T12:56:05+05:00" level=warning msg="The test has generated metrics with 100327 unique time series, which is higher than the suggested limit of 100000 and could cause high memory usage. Consider not using high-cardinality values like unique IDs as metric tags or, if you need them in the URL, use the name metric tag or URL grouping. See https://grafana.com/docs/k6/latest/using-k6/tags-and-groups/ for details." component=metrics-engine-ingester

running (1m53.0s), 001/126 VUs, 5623 complete and 0 interrupted iterations
a1     [  63% ] 001/126 VUs  1m53.0s/3m0s  50.00 iters/s

running (1m54.0s), 001/126 VUs, 5673 complete and 0 interrupted iterations
a1     [  63% ] 001/126 VUs  1m54.0s/3m0s  50.00 iters/s

running (1m55.0s), 001/126 VUs, 5723 complete and 0 interrupted iterations
a1     [  64% ] 001/126 VUs  1m55.0s/3m0s  50.00 iters/s

running (1m56.0s), 001/126 VUs, 5773 complete and 0 interrupted iterations
a1     [  64% ] 001/126 VUs  1m56.0s/3m0s  50.00 iters/s

running (1m57.0s), 001/126 VUs, 5823 complete and 0 interrupted iterations
a1     [  65% ] 001/126 VUs  1m57.0s/3m0s  50.00 iters/s

running (1m58.0s), 001/126 VUs, 5873 complete and 0 interrupted iterations
a1     [  66% ] 001/126 VUs  1m58.0s/3m0s  50.00 iters/s

running (1m59.0s), 001/126 VUs, 5923 complete and 0 interrupted iterations
a1     [  66% ] 001/126 VUs  1m59.0s/3m0s  50.00 iters/s

running (2m00.0s), 001/126 VUs, 5973 complete and 0 interrupted iterations
a1     [  67% ] 001/126 VUs  2m00.0s/3m0s  50.00 iters/s

running (2m01.0s), 001/126 VUs, 6023 complete and 0 interrupted iterations
a1     [  67% ] 001/126 VUs  2m01.0s/3m0s  50.00 iters/s

running (2m02.0s), 001/126 VUs, 6073 complete and 0 interrupted iterations
a1     [  68% ] 001/126 VUs  2m02.0s/3m0s  50.00 iters/s

running (2m03.0s), 001/126 VUs, 6123 complete and 0 interrupted iterations
a1     [  68% ] 001/126 VUs  2m03.0s/3m0s  50.00 iters/s

running (2m04.0s), 001/126 VUs, 6173 complete and 0 interrupted iterations
a1     [  69% ] 001/126 VUs  2m04.0s/3m0s  50.00 iters/s

running (2m05.0s), 001/126 VUs, 6223 complete and 0 interrupted iterations
a1     [  69% ] 001/126 VUs  2m05.0s/3m0s  50.00 iters/s

running (2m06.0s), 001/126 VUs, 6273 complete and 0 interrupted iterations
a1     [  70% ] 001/126 VUs  2m06.0s/3m0s  50.00 iters/s

running (2m07.0s), 001/126 VUs, 6323 complete and 0 interrupted iterations
a1     [  71% ] 001/126 VUs  2m07.0s/3m0s  50.00 iters/s

running (2m08.0s), 001/126 VUs, 6373 complete and 0 interrupted iterations
a1     [  71% ] 001/126 VUs  2m08.0s/3m0s  50.00 iters/s

running (2m09.0s), 001/126 VUs, 6423 complete and 0 interrupted iterations
a1     [  72% ] 001/126 VUs  2m09.0s/3m0s  50.00 iters/s

running (2m10.0s), 001/126 VUs, 6473 complete and 0 interrupted iterations
a1     [  72% ] 001/126 VUs  2m10.0s/3m0s  50.00 iters/s

running (2m11.0s), 027/126 VUs, 6497 complete and 0 interrupted iterations
a1     [  73% ] 027/126 VUs  2m11.0s/3m0s  50.00 iters/s

running (2m12.0s), 001/126 VUs, 6573 complete and 0 interrupted iterations
a1     [  73% ] 001/126 VUs  2m12.0s/3m0s  50.00 iters/s

running (2m13.0s), 001/126 VUs, 6623 complete and 0 interrupted iterations
a1     [  74% ] 001/126 VUs  2m13.0s/3m0s  50.00 iters/s

running (2m14.0s), 001/126 VUs, 6673 complete and 0 interrupted iterations
a1     [  74% ] 001/126 VUs  2m14.0s/3m0s  50.00 iters/s

running (2m15.0s), 002/126 VUs, 6722 complete and 0 interrupted iterations
a1     [  75% ] 002/126 VUs  2m15.0s/3m0s  50.00 iters/s

running (2m16.0s), 001/126 VUs, 6773 complete and 0 interrupted iterations
a1     [  76% ] 001/126 VUs  2m16.0s/3m0s  50.00 iters/s

running (2m17.0s), 001/126 VUs, 6823 complete and 0 interrupted iterations
a1     [  76% ] 001/126 VUs  2m17.0s/3m0s  50.00 iters/s

running (2m18.0s), 028/126 VUs, 6846 complete and 0 interrupted iterations
a1     [  77% ] 028/126 VUs  2m18.0s/3m0s  50.00 iters/s

running (2m19.0s), 001/126 VUs, 6923 complete and 0 interrupted iterations
a1     [  77% ] 001/126 VUs  2m19.0s/3m0s  50.00 iters/s

running (2m20.0s), 001/126 VUs, 6973 complete and 0 interrupted iterations
a1     [  78% ] 001/126 VUs  2m20.0s/3m0s  50.00 iters/s

running (2m21.0s), 001/126 VUs, 7023 complete and 0 interrupted iterations
a1     [  78% ] 001/126 VUs  2m21.0s/3m0s  50.00 iters/s

running (2m22.0s), 001/126 VUs, 7073 complete and 0 interrupted iterations
a1     [  79% ] 001/126 VUs  2m22.0s/3m0s  50.00 iters/s

running (2m23.0s), 001/126 VUs, 7123 complete and 0 interrupted iterations
a1     [  79% ] 001/126 VUs  2m23.0s/3m0s  50.00 iters/s

running (2m24.0s), 001/126 VUs, 7173 complete and 0 interrupted iterations
a1     [  80% ] 001/126 VUs  2m24.0s/3m0s  50.00 iters/s

running (2m25.0s), 001/126 VUs, 7223 complete and 0 interrupted iterations
a1     [  81% ] 001/126 VUs  2m25.0s/3m0s  50.00 iters/s

running (2m26.0s), 001/126 VUs, 7273 complete and 0 interrupted iterations
a1     [  81% ] 001/126 VUs  2m26.0s/3m0s  50.00 iters/s

running (2m27.0s), 028/126 VUs, 7296 complete and 0 interrupted iterations
a1     [  82% ] 028/126 VUs  2m27.0s/3m0s  50.00 iters/s

running (2m28.0s), 067/126 VUs, 7307 complete and 0 interrupted iterations
a1     [  82% ] 067/126 VUs  2m28.0s/3m0s  50.00 iters/s

running (2m29.0s), 086/126 VUs, 7338 complete and 0 interrupted iterations
a1     [  83% ] 086/126 VUs  2m29.0s/3m0s  50.00 iters/s

running (2m30.0s), 119/126 VUs, 7355 complete and 0 interrupted iterations
a1     [  83% ] 119/126 VUs  2m30.0s/3m0s  50.00 iters/s

running (2m31.0s), 146/146 VUs, 7358 complete and 0 interrupted iterations
a1     [  84% ] 146/146 VUs  2m31.0s/3m0s  50.00 iters/s

running (2m32.0s), 158/163 VUs, 7379 complete and 0 interrupted iterations
a1     [  84% ] 158/163 VUs  2m32.0s/3m0s  50.00 iters/s

running (2m33.0s), 181/181 VUs, 7388 complete and 0 interrupted iterations
a1     [  85% ] 181/181 VUs  2m33.0s/3m0s  50.00 iters/s

running (2m34.0s), 001/187 VUs, 7612 complete and 0 interrupted iterations
a1     [  86% ] 001/187 VUs  2m34.0s/3m0s  50.00 iters/s

running (2m35.0s), 008/187 VUs, 7655 complete and 0 interrupted iterations
a1     [  86% ] 008/187 VUs  2m35.0s/3m0s  50.00 iters/s

running (2m36.0s), 001/187 VUs, 7712 complete and 0 interrupted iterations
a1     [  87% ] 001/187 VUs  2m36.0s/3m0s  50.00 iters/s

running (2m37.0s), 001/187 VUs, 7762 complete and 0 interrupted iterations
a1     [  87% ] 001/187 VUs  2m37.0s/3m0s  50.00 iters/s

running (2m38.0s), 012/187 VUs, 7801 complete and 0 interrupted iterations
a1     [  88% ] 012/187 VUs  2m38.0s/3m0s  50.00 iters/s

running (2m39.0s), 012/187 VUs, 7851 complete and 0 interrupted iterations
a1     [  88% ] 012/187 VUs  2m39.0s/3m0s  50.00 iters/s

running (2m40.0s), 011/187 VUs, 7902 complete and 0 interrupted iterations
a1     [  89% ] 011/187 VUs  2m40.0s/3m0s  50.00 iters/s

running (2m41.0s), 012/187 VUs, 7951 complete and 0 interrupted iterations
a1     [  89% ] 012/187 VUs  2m41.0s/3m0s  50.00 iters/s

running (2m42.0s), 001/187 VUs, 8012 complete and 0 interrupted iterations
a1     [  90% ] 001/187 VUs  2m42.0s/3m0s  50.00 iters/s

running (2m43.0s), 001/187 VUs, 8062 complete and 0 interrupted iterations
a1     [  91% ] 001/187 VUs  2m43.0s/3m0s  50.00 iters/s

running (2m44.0s), 012/187 VUs, 8101 complete and 0 interrupted iterations
a1     [  91% ] 012/187 VUs  2m44.0s/3m0s  50.00 iters/s

running (2m45.0s), 013/187 VUs, 8150 complete and 0 interrupted iterations
a1     [  92% ] 013/187 VUs  2m45.0s/3m0s  50.00 iters/s

running (2m46.0s), 011/187 VUs, 8202 complete and 0 interrupted iterations
a1     [  92% ] 011/187 VUs  2m46.0s/3m0s  50.00 iters/s

running (2m47.0s), 013/187 VUs, 8250 complete and 0 interrupted iterations
a1     [  93% ] 013/187 VUs  2m47.0s/3m0s  50.00 iters/s

running (2m48.0s), 013/187 VUs, 8300 complete and 0 interrupted iterations
a1     [  93% ] 013/187 VUs  2m48.0s/3m0s  50.00 iters/s

running (2m49.0s), 011/187 VUs, 8352 complete and 0 interrupted iterations
a1     [  94% ] 011/187 VUs  2m49.0s/3m0s  50.00 iters/s

running (2m50.0s), 013/187 VUs, 8400 complete and 0 interrupted iterations
a1     [  94% ] 013/187 VUs  2m50.0s/3m0s  50.00 iters/s

running (2m51.0s), 013/187 VUs, 8450 complete and 0 interrupted iterations
a1     [  95% ] 013/187 VUs  2m51.0s/3m0s  50.00 iters/s

running (2m52.0s), 013/187 VUs, 8500 complete and 0 interrupted iterations
a1     [  96% ] 013/187 VUs  2m52.0s/3m0s  50.00 iters/s

running (2m53.0s), 013/187 VUs, 8550 complete and 0 interrupted iterations
a1     [  96% ] 013/187 VUs  2m53.0s/3m0s  50.00 iters/s

running (2m54.0s), 014/187 VUs, 8599 complete and 0 interrupted iterations
a1     [  97% ] 014/187 VUs  2m54.0s/3m0s  50.00 iters/s

running (2m55.0s), 014/187 VUs, 8649 complete and 0 interrupted iterations
a1     [  97% ] 014/187 VUs  2m55.0s/3m0s  50.00 iters/s

running (2m56.0s), 014/187 VUs, 8699 complete and 0 interrupted iterations
a1     [  98% ] 014/187 VUs  2m56.0s/3m0s  50.00 iters/s

running (2m57.0s), 013/187 VUs, 8750 complete and 0 interrupted iterations
a1     [  98% ] 013/187 VUs  2m57.0s/3m0s  50.00 iters/s

running (2m58.0s), 014/187 VUs, 8799 complete and 0 interrupted iterations
a1     [  99% ] 014/187 VUs  2m58.0s/3m0s  50.00 iters/s

running (2m59.0s), 014/187 VUs, 8849 complete and 0 interrupted iterations
a1     [  99% ] 014/187 VUs  2m59.0s/3m0s  50.00 iters/s

running (3m00.0s), 014/187 VUs, 8899 complete and 0 interrupted iterations
a1     [ 100% ] 014/187 VUs  3m00.0s/3m0s  50.00 iters/s


  █ THRESHOLDS 

    http_req_failed
    ✓ 'rate<0.05' rate=0.00%


  █ TOTAL RESULTS 

    checks_total.......: 26742   148.397175/s
    checks_succeeded...: 100.00% 26742 out of 26742
    checks_failed......: 0.00%   0 out of 26742

    ✓ initiated
    ✓ validated
    ✓ terminal

    CUSTOM
    a1_lifecycle_duration..........: avg=214.98ms min=7ms    med=18ms    p(95)=1.2s     p(99)=3.66s max=5.63s
    a1_lifecycles_completed........: 8914   49.465725/s
    a1_transitions_committed.......: 26742  148.397175/s

    HTTP
    http_req_duration..............: avg=71.48ms  min=1.66ms med=5.58ms  p(95)=330.49ms p(99)=1.35s max=3.83s
      { expected_response:true }...: avg=71.48ms  min=1.66ms med=5.58ms  p(95)=330.49ms p(99)=1.35s max=3.83s
    http_req_failed................: 0.00%  0 out of 26742
    http_reqs......................: 26742  148.397175/s

    EXECUTION
    dropped_iterations.............: 87     0.482782/s
    iteration_duration.............: avg=215.07ms min=6.87ms med=17.97ms p(95)=1.2s     p(99)=3.66s max=5.63s
    iterations.....................: 8914   49.465725/s
    vus............................: 14     min=1          max=181
    vus_max........................: 187    min=100        max=187

    NETWORK
    data_received..................: 10 MB  56 kB/s
    data_sent......................: 5.7 MB 32 kB/s




running (3m00.2s), 000/187 VUs, 8914 complete and 0 interrupted iterations
a1   ✓ [ 100% ] 000/187 VUs  3m0s  50.00 iters/s
