[17:48:40] === RUN HYBRID-P1-r91-20260903174840 ===
[17:48:40] mode=HYBRID profile=P1 rep=91 tps=50 duration=60s fault=none
[17:48:40] jar: target/master-thesis-observability-0.0.1-SNAPSHOT.jar
[17:48:40] workload tozalanmoqda (reference saqlanadi)
workload reset; reference data preserved
AQ backlog purged: 0 -> 0
[17:48:41] Kafka topigi qayta yaratilmoqda
[17:48:50] ilova ishga tushirilmoqda (mode=HYBRID)
[17:49:07] ilova tayyor (pid 2263222)
[17:49:07] Debezium konnektori ro'yxatdan o'tkazilmoqda (HYBRID, prefix=obsv_hybrid_p1_r91_20260903174840)
konnektor ro'yxatdan o'tkazilmoqda: a1-hybrid-obsv_hybrid_p1_r91_20260903174840 (prefix=obsv_hybrid_p1_r91_20260903174840)
konnektor RUNNING (2s)
streaming tasdiqlanmoqda (heartbeat topigi: __debezium-heartbeat.obsv_hybrid_p1_r91_20260903174840)
streaming tasdiqlandi (6 urinish)
[17:49:32] k6 yuklamasi boshlandi
[17:50:39] pipeline bo'shashi kutilmoqda (maks 120s)
[17:50:57] pipeline bo'sh (6s, sink=9000 xabar)
[17:51:07] ground truth eksport qilinmoqda
[17:51:08] Kafka topigi eksport qilinmoqda
[17:51:35] tahlil
{
  "mode": "HYBRID",
  "profile": "P1",
  "rep": "91",
  "fault": "none",
  "ground_truth_transitions": 9000,
  "delivered_distinct": 9000,
  "delivered_total": 9000,
  "matched": 9000,
  "missing": 0,
  "phantom": 0,
  "malformed": 0,
  "loss_rate": 0.0,
  "loss_rate_ppm": 0.0,
  "duplicate_rate": 0.0,
  "ordering_violation_rate": 0.0,
  "txns_split_across_partitions": 0,
  "latency_ms_p50": 3360,
  "latency_ms_p95": 6603,
  "latency_ms_p99": 7510,
  "latency_ms_max": 7862,
  "latency_ms_mean": 3542.9,
  "latency_samples": 9000,
  "latency_negative_samples": 0,
  "loss_rate_upper_bound_95_ppm": 333.33
}
[17:51:35] ilova va konnektor to'xtatilmoqda
connector o'chirilmoqda: a1-hybrid-obsv_hybrid_p1_r91_20260903174840
[17:51:39] === TUGADI: results/HYBRID-P1-r91-20260903174840 ===
