
         /\      Grafana   /‾‾/  
    /\  /  \     |\  __   /  /   
   /  \/    \    | |/ /  /   ‾‾\ 
  /          \   |   (  |  (‾)  |
 / __________ \  |_|\_\  \_____/ 


     execution: local
        script: harness/k6/a1-workload.js
        output: -

     scenarios: (100.00%) 1 scenario, 600 max VUs, 3m30s max duration (incl. graceful stop):
              * a1: 50.00 iterations/s for 3m0s (maxVUs: 100-600, gracefulStop: 30s)


running (0m01.0s), 036/100 VUs, 13 complete and 0 interrupted iterations
a1     [   1% ] 036/100 VUs  0m01.0s/3m0s  50.00 iters/s

running (0m02.0s), 009/100 VUs, 90 complete and 0 interrupted iterations
a1     [   1% ] 009/100 VUs  0m02.0s/3m0s  50.00 iters/s

running (0m03.0s), 000/100 VUs, 149 complete and 0 interrupted iterations
a1     [   2% ] 000/100 VUs  0m03.0s/3m0s  50.00 iters/s

running (0m04.0s), 008/100 VUs, 191 complete and 0 interrupted iterations
a1     [   2% ] 008/100 VUs  0m04.0s/3m0s  50.00 iters/s

running (0m05.0s), 008/100 VUs, 241 complete and 0 interrupted iterations
a1     [   3% ] 008/100 VUs  0m05.0s/3m0s  50.00 iters/s

running (0m06.0s), 008/100 VUs, 291 complete and 0 interrupted iterations
a1     [   3% ] 008/100 VUs  0m06.0s/3m0s  50.00 iters/s

running (0m07.0s), 001/100 VUs, 348 complete and 0 interrupted iterations
a1     [   4% ] 001/100 VUs  0m07.0s/3m0s  50.00 iters/s

running (0m08.0s), 001/100 VUs, 398 complete and 0 interrupted iterations
a1     [   4% ] 001/100 VUs  0m08.0s/3m0s  50.00 iters/s

running (0m09.0s), 007/100 VUs, 442 complete and 0 interrupted iterations
a1     [   5% ] 007/100 VUs  0m09.0s/3m0s  50.00 iters/s

running (0m10.0s), 002/100 VUs, 497 complete and 0 interrupted iterations
a1     [   6% ] 002/100 VUs  0m10.0s/3m0s  50.00 iters/s

running (0m11.0s), 000/100 VUs, 549 complete and 0 interrupted iterations
a1     [   6% ] 000/100 VUs  0m11.0s/3m0s  50.00 iters/s

running (0m12.0s), 000/100 VUs, 599 complete and 0 interrupted iterations
a1     [   7% ] 000/100 VUs  0m12.0s/3m0s  50.00 iters/s

running (0m13.0s), 001/100 VUs, 648 complete and 0 interrupted iterations
a1     [   7% ] 001/100 VUs  0m13.0s/3m0s  50.00 iters/s

running (0m14.0s), 001/100 VUs, 698 complete and 0 interrupted iterations
a1     [   8% ] 001/100 VUs  0m14.0s/3m0s  50.00 iters/s

running (0m15.0s), 007/100 VUs, 742 complete and 0 interrupted iterations
a1     [   8% ] 007/100 VUs  0m15.0s/3m0s  50.00 iters/s

running (0m16.0s), 000/100 VUs, 799 complete and 0 interrupted iterations
a1     [   9% ] 000/100 VUs  0m16.0s/3m0s  50.00 iters/s

running (0m17.0s), 003/100 VUs, 846 complete and 0 interrupted iterations
a1     [   9% ] 003/100 VUs  0m17.0s/3m0s  50.00 iters/s

running (0m18.0s), 001/100 VUs, 898 complete and 0 interrupted iterations
a1     [  10% ] 001/100 VUs  0m18.0s/3m0s  50.00 iters/s

running (0m19.0s), 009/100 VUs, 940 complete and 0 interrupted iterations
a1     [  11% ] 009/100 VUs  0m19.0s/3m0s  50.00 iters/s

running (0m20.0s), 008/100 VUs, 991 complete and 0 interrupted iterations
a1     [  11% ] 008/100 VUs  0m20.0s/3m0s  50.00 iters/s

running (0m21.0s), 008/100 VUs, 1041 complete and 0 interrupted iterations
a1     [  12% ] 008/100 VUs  0m21.0s/3m0s  50.00 iters/s

running (0m22.0s), 008/100 VUs, 1091 complete and 0 interrupted iterations
a1     [  12% ] 008/100 VUs  0m22.0s/3m0s  50.00 iters/s

running (0m23.0s), 008/100 VUs, 1141 complete and 0 interrupted iterations
a1     [  13% ] 008/100 VUs  0m23.0s/3m0s  50.00 iters/s

running (0m24.0s), 008/100 VUs, 1191 complete and 0 interrupted iterations
a1     [  13% ] 008/100 VUs  0m24.0s/3m0s  50.00 iters/s

running (0m25.0s), 008/100 VUs, 1241 complete and 0 interrupted iterations
a1     [  14% ] 008/100 VUs  0m25.0s/3m0s  50.00 iters/s

running (0m26.0s), 008/100 VUs, 1291 complete and 0 interrupted iterations
a1     [  14% ] 008/100 VUs  0m26.0s/3m0s  50.00 iters/s

running (0m27.0s), 008/100 VUs, 1341 complete and 0 interrupted iterations
a1     [  15% ] 008/100 VUs  0m27.0s/3m0s  50.00 iters/s

running (0m28.0s), 009/100 VUs, 1390 complete and 0 interrupted iterations
a1     [  16% ] 009/100 VUs  0m28.0s/3m0s  50.00 iters/s

running (0m29.0s), 020/100 VUs, 1429 complete and 0 interrupted iterations
a1     [  16% ] 020/100 VUs  0m29.0s/3m0s  50.00 iters/s

running (0m30.0s), 008/100 VUs, 1491 complete and 0 interrupted iterations
a1     [  17% ] 008/100 VUs  0m30.0s/3m0s  50.00 iters/s

running (0m31.0s), 008/100 VUs, 1541 complete and 0 interrupted iterations
a1     [  17% ] 008/100 VUs  0m31.0s/3m0s  50.00 iters/s

running (0m32.0s), 008/100 VUs, 1591 complete and 0 interrupted iterations
a1     [  18% ] 008/100 VUs  0m32.0s/3m0s  50.00 iters/s

running (0m33.0s), 008/100 VUs, 1641 complete and 0 interrupted iterations
a1     [  18% ] 008/100 VUs  0m33.0s/3m0s  50.00 iters/s

running (0m34.0s), 009/100 VUs, 1690 complete and 0 interrupted iterations
a1     [  19% ] 009/100 VUs  0m34.0s/3m0s  50.00 iters/s

running (0m35.0s), 008/100 VUs, 1741 complete and 0 interrupted iterations
a1     [  19% ] 008/100 VUs  0m35.0s/3m0s  50.00 iters/s

running (0m36.0s), 009/100 VUs, 1790 complete and 0 interrupted iterations
a1     [  20% ] 009/100 VUs  0m36.0s/3m0s  50.00 iters/s

running (0m37.0s), 008/100 VUs, 1841 complete and 0 interrupted iterations
a1     [  21% ] 008/100 VUs  0m37.0s/3m0s  50.00 iters/s

running (0m38.0s), 008/100 VUs, 1891 complete and 0 interrupted iterations
a1     [  21% ] 008/100 VUs  0m38.0s/3m0s  50.00 iters/s

running (0m39.0s), 008/100 VUs, 1941 complete and 0 interrupted iterations
a1     [  22% ] 008/100 VUs  0m39.0s/3m0s  50.00 iters/s

running (0m40.0s), 010/100 VUs, 1989 complete and 0 interrupted iterations
a1     [  22% ] 010/100 VUs  0m40.0s/3m0s  50.00 iters/s

running (0m41.0s), 008/100 VUs, 2041 complete and 0 interrupted iterations
a1     [  23% ] 008/100 VUs  0m41.0s/3m0s  50.00 iters/s

running (0m42.0s), 011/100 VUs, 2088 complete and 0 interrupted iterations
a1     [  23% ] 011/100 VUs  0m42.0s/3m0s  50.00 iters/s

running (0m43.0s), 008/100 VUs, 2141 complete and 0 interrupted iterations
a1     [  24% ] 008/100 VUs  0m43.0s/3m0s  50.00 iters/s

running (0m44.0s), 008/100 VUs, 2191 complete and 0 interrupted iterations
a1     [  24% ] 008/100 VUs  0m44.0s/3m0s  50.00 iters/s

running (0m45.0s), 009/100 VUs, 2240 complete and 0 interrupted iterations
a1     [  25% ] 009/100 VUs  0m45.0s/3m0s  50.00 iters/s

running (0m46.0s), 009/100 VUs, 2290 complete and 0 interrupted iterations
a1     [  26% ] 009/100 VUs  0m46.0s/3m0s  50.00 iters/s

running (0m47.0s), 008/100 VUs, 2341 complete and 0 interrupted iterations
a1     [  26% ] 008/100 VUs  0m47.0s/3m0s  50.00 iters/s

running (0m48.0s), 008/100 VUs, 2391 complete and 0 interrupted iterations
a1     [  27% ] 008/100 VUs  0m48.0s/3m0s  50.00 iters/s

running (0m49.0s), 004/100 VUs, 2445 complete and 0 interrupted iterations
a1     [  27% ] 004/100 VUs  0m49.0s/3m0s  50.00 iters/s

running (0m50.0s), 008/100 VUs, 2491 complete and 0 interrupted iterations
a1     [  28% ] 008/100 VUs  0m50.0s/3m0s  50.00 iters/s

running (0m51.0s), 008/100 VUs, 2541 complete and 0 interrupted iterations
a1     [  28% ] 008/100 VUs  0m51.0s/3m0s  50.00 iters/s

running (0m52.0s), 008/100 VUs, 2591 complete and 0 interrupted iterations
a1     [  29% ] 008/100 VUs  0m52.0s/3m0s  50.00 iters/s

running (0m53.0s), 008/100 VUs, 2641 complete and 0 interrupted iterations
a1     [  29% ] 008/100 VUs  0m53.0s/3m0s  50.00 iters/s

running (0m54.0s), 007/100 VUs, 2692 complete and 0 interrupted iterations
a1     [  30% ] 007/100 VUs  0m54.0s/3m0s  50.00 iters/s

running (0m55.0s), 007/100 VUs, 2742 complete and 0 interrupted iterations
a1     [  31% ] 007/100 VUs  0m55.0s/3m0s  50.00 iters/s

running (0m56.0s), 008/100 VUs, 2791 complete and 0 interrupted iterations
a1     [  31% ] 008/100 VUs  0m56.0s/3m0s  50.00 iters/s

running (0m57.0s), 027/100 VUs, 2822 complete and 0 interrupted iterations
a1     [  32% ] 027/100 VUs  0m57.0s/3m0s  50.00 iters/s

running (0m58.0s), 005/100 VUs, 2894 complete and 0 interrupted iterations
a1     [  32% ] 005/100 VUs  0m58.0s/3m0s  50.00 iters/s

running (0m59.0s), 005/100 VUs, 2944 complete and 0 interrupted iterations
a1     [  33% ] 005/100 VUs  0m59.0s/3m0s  50.00 iters/s

running (1m00.0s), 006/100 VUs, 2993 complete and 0 interrupted iterations
a1     [  33% ] 006/100 VUs  1m00.0s/3m0s  50.00 iters/s

running (1m01.0s), 006/100 VUs, 3043 complete and 0 interrupted iterations
a1     [  34% ] 006/100 VUs  1m01.0s/3m0s  50.00 iters/s

running (1m02.0s), 006/100 VUs, 3093 complete and 0 interrupted iterations
a1     [  34% ] 006/100 VUs  1m02.0s/3m0s  50.00 iters/s

running (1m03.0s), 041/100 VUs, 3108 complete and 0 interrupted iterations
a1     [  35% ] 041/100 VUs  1m03.0s/3m0s  50.00 iters/s

running (1m04.0s), 006/100 VUs, 3193 complete and 0 interrupted iterations
a1     [  36% ] 006/100 VUs  1m04.0s/3m0s  50.00 iters/s

running (1m05.0s), 005/100 VUs, 3244 complete and 0 interrupted iterations
a1     [  36% ] 005/100 VUs  1m05.0s/3m0s  50.00 iters/s

running (1m06.0s), 005/100 VUs, 3294 complete and 0 interrupted iterations
a1     [  37% ] 005/100 VUs  1m06.0s/3m0s  50.00 iters/s

running (1m07.0s), 003/100 VUs, 3346 complete and 0 interrupted iterations
a1     [  37% ] 003/100 VUs  1m07.0s/3m0s  50.00 iters/s

running (1m08.0s), 005/100 VUs, 3394 complete and 0 interrupted iterations
a1     [  38% ] 005/100 VUs  1m08.0s/3m0s  50.00 iters/s

running (1m09.0s), 005/100 VUs, 3444 complete and 0 interrupted iterations
a1     [  38% ] 005/100 VUs  1m09.0s/3m0s  50.00 iters/s

running (1m10.0s), 005/100 VUs, 3494 complete and 0 interrupted iterations
a1     [  39% ] 005/100 VUs  1m10.0s/3m0s  50.00 iters/s

running (1m11.0s), 006/100 VUs, 3543 complete and 0 interrupted iterations
a1     [  39% ] 006/100 VUs  1m11.0s/3m0s  50.00 iters/s

running (1m12.0s), 005/100 VUs, 3594 complete and 0 interrupted iterations
a1     [  40% ] 005/100 VUs  1m12.0s/3m0s  50.00 iters/s

running (1m13.0s), 005/100 VUs, 3644 complete and 0 interrupted iterations
a1     [  41% ] 005/100 VUs  1m13.0s/3m0s  50.00 iters/s

running (1m14.0s), 005/100 VUs, 3694 complete and 0 interrupted iterations
a1     [  41% ] 005/100 VUs  1m14.0s/3m0s  50.00 iters/s

running (1m15.0s), 005/100 VUs, 3744 complete and 0 interrupted iterations
a1     [  42% ] 005/100 VUs  1m15.0s/3m0s  50.00 iters/s

running (1m16.0s), 004/100 VUs, 3795 complete and 0 interrupted iterations
a1     [  42% ] 004/100 VUs  1m16.0s/3m0s  50.00 iters/s

running (1m17.0s), 005/100 VUs, 3844 complete and 0 interrupted iterations
a1     [  43% ] 005/100 VUs  1m17.0s/3m0s  50.00 iters/s

running (1m18.0s), 022/100 VUs, 3877 complete and 0 interrupted iterations
a1     [  43% ] 022/100 VUs  1m18.0s/3m0s  50.00 iters/s

running (1m19.0s), 005/100 VUs, 3944 complete and 0 interrupted iterations
a1     [  44% ] 005/100 VUs  1m19.0s/3m0s  50.00 iters/s

running (1m20.0s), 005/100 VUs, 3994 complete and 0 interrupted iterations
a1     [  44% ] 005/100 VUs  1m20.0s/3m0s  50.00 iters/s

running (1m21.0s), 005/100 VUs, 4044 complete and 0 interrupted iterations
a1     [  45% ] 005/100 VUs  1m21.0s/3m0s  50.00 iters/s

running (1m22.0s), 005/100 VUs, 4094 complete and 0 interrupted iterations
a1     [  46% ] 005/100 VUs  1m22.0s/3m0s  50.00 iters/s

running (1m23.0s), 005/100 VUs, 4144 complete and 0 interrupted iterations
a1     [  46% ] 005/100 VUs  1m23.0s/3m0s  50.00 iters/s

running (1m24.0s), 005/100 VUs, 4194 complete and 0 interrupted iterations
a1     [  47% ] 005/100 VUs  1m24.0s/3m0s  50.00 iters/s

running (1m25.0s), 004/100 VUs, 4245 complete and 0 interrupted iterations
a1     [  47% ] 004/100 VUs  1m25.0s/3m0s  50.00 iters/s

running (1m26.0s), 005/100 VUs, 4294 complete and 0 interrupted iterations
a1     [  48% ] 005/100 VUs  1m26.0s/3m0s  50.00 iters/s

running (1m27.0s), 004/100 VUs, 4345 complete and 0 interrupted iterations
a1     [  48% ] 004/100 VUs  1m27.0s/3m0s  50.00 iters/s

running (1m28.0s), 005/100 VUs, 4394 complete and 0 interrupted iterations
a1     [  49% ] 005/100 VUs  1m28.0s/3m0s  50.00 iters/s

running (1m29.0s), 004/100 VUs, 4445 complete and 0 interrupted iterations
a1     [  49% ] 004/100 VUs  1m29.0s/3m0s  50.00 iters/s

running (1m30.0s), 005/100 VUs, 4494 complete and 0 interrupted iterations
a1     [  50% ] 005/100 VUs  1m30.0s/3m0s  50.00 iters/s

running (1m31.0s), 005/100 VUs, 4544 complete and 0 interrupted iterations
a1     [  51% ] 005/100 VUs  1m31.0s/3m0s  50.00 iters/s

running (1m32.0s), 004/100 VUs, 4595 complete and 0 interrupted iterations
a1     [  51% ] 004/100 VUs  1m32.0s/3m0s  50.00 iters/s

running (1m33.0s), 004/100 VUs, 4645 complete and 0 interrupted iterations
a1     [  52% ] 004/100 VUs  1m33.0s/3m0s  50.00 iters/s

running (1m34.0s), 004/100 VUs, 4695 complete and 0 interrupted iterations
a1     [  52% ] 004/100 VUs  1m34.0s/3m0s  50.00 iters/s

running (1m35.0s), 005/100 VUs, 4744 complete and 0 interrupted iterations
a1     [  53% ] 005/100 VUs  1m35.0s/3m0s  50.00 iters/s

running (1m36.0s), 004/100 VUs, 4795 complete and 0 interrupted iterations
a1     [  53% ] 004/100 VUs  1m36.0s/3m0s  50.00 iters/s

running (1m37.0s), 005/100 VUs, 4844 complete and 0 interrupted iterations
a1     [  54% ] 005/100 VUs  1m37.0s/3m0s  50.00 iters/s

running (1m38.0s), 004/100 VUs, 4895 complete and 0 interrupted iterations
a1     [  54% ] 004/100 VUs  1m38.0s/3m0s  50.00 iters/s

running (1m39.0s), 004/100 VUs, 4945 complete and 0 interrupted iterations
a1     [  55% ] 004/100 VUs  1m39.0s/3m0s  50.00 iters/s

running (1m40.0s), 004/100 VUs, 4995 complete and 0 interrupted iterations
a1     [  56% ] 004/100 VUs  1m40.0s/3m0s  50.00 iters/s

running (1m41.0s), 005/100 VUs, 5044 complete and 0 interrupted iterations
a1     [  56% ] 005/100 VUs  1m41.0s/3m0s  50.00 iters/s

running (1m42.0s), 004/100 VUs, 5095 complete and 0 interrupted iterations
a1     [  57% ] 004/100 VUs  1m42.0s/3m0s  50.00 iters/s

running (1m43.0s), 004/100 VUs, 5145 complete and 0 interrupted iterations
a1     [  57% ] 004/100 VUs  1m43.0s/3m0s  50.00 iters/s

running (1m44.0s), 004/100 VUs, 5195 complete and 0 interrupted iterations
a1     [  58% ] 004/100 VUs  1m44.0s/3m0s  50.00 iters/s

running (1m45.0s), 004/100 VUs, 5245 complete and 0 interrupted iterations
a1     [  58% ] 004/100 VUs  1m45.0s/3m0s  50.00 iters/s

running (1m46.0s), 005/100 VUs, 5294 complete and 0 interrupted iterations
a1     [  59% ] 005/100 VUs  1m46.0s/3m0s  50.00 iters/s

running (1m47.0s), 004/100 VUs, 5345 complete and 0 interrupted iterations
a1     [  59% ] 004/100 VUs  1m47.0s/3m0s  50.00 iters/s

running (1m48.0s), 005/100 VUs, 5394 complete and 0 interrupted iterations
a1     [  60% ] 005/100 VUs  1m48.0s/3m0s  50.00 iters/s

running (1m49.0s), 004/100 VUs, 5445 complete and 0 interrupted iterations
a1     [  61% ] 004/100 VUs  1m49.0s/3m0s  50.00 iters/s

running (1m50.0s), 004/100 VUs, 5495 complete and 0 interrupted iterations
a1     [  61% ] 004/100 VUs  1m50.0s/3m0s  50.00 iters/s

running (1m51.0s), 002/100 VUs, 5547 complete and 0 interrupted iterations
a1     [  62% ] 002/100 VUs  1m51.0s/3m0s  50.00 iters/s
time="2026-09-09T22:01:21+05:00" level=warning msg="The test has generated metrics with 100308 unique time series, which is higher than the suggested limit of 100000 and could cause high memory usage. Consider not using high-cardinality values like unique IDs as metric tags or, if you need them in the URL, use the name metric tag or URL grouping. See https://grafana.com/docs/k6/latest/using-k6/tags-and-groups/ for details." component=metrics-engine-ingester

running (1m52.0s), 004/100 VUs, 5595 complete and 0 interrupted iterations
a1     [  62% ] 004/100 VUs  1m52.0s/3m0s  50.00 iters/s

running (1m53.0s), 004/100 VUs, 5645 complete and 0 interrupted iterations
a1     [  63% ] 004/100 VUs  1m53.0s/3m0s  50.00 iters/s

running (1m54.0s), 005/100 VUs, 5694 complete and 0 interrupted iterations
a1     [  63% ] 005/100 VUs  1m54.0s/3m0s  50.00 iters/s

running (1m55.0s), 005/100 VUs, 5744 complete and 0 interrupted iterations
a1     [  64% ] 005/100 VUs  1m55.0s/3m0s  50.00 iters/s

running (1m56.0s), 005/100 VUs, 5794 complete and 0 interrupted iterations
a1     [  64% ] 005/100 VUs  1m56.0s/3m0s  50.00 iters/s

running (1m57.0s), 004/100 VUs, 5845 complete and 0 interrupted iterations
a1     [  65% ] 004/100 VUs  1m57.0s/3m0s  50.00 iters/s

running (1m58.0s), 004/100 VUs, 5895 complete and 0 interrupted iterations
a1     [  66% ] 004/100 VUs  1m58.0s/3m0s  50.00 iters/s

running (1m59.0s), 004/100 VUs, 5945 complete and 0 interrupted iterations
a1     [  66% ] 004/100 VUs  1m59.0s/3m0s  50.00 iters/s

running (2m00.0s), 004/100 VUs, 5995 complete and 0 interrupted iterations
a1     [  67% ] 004/100 VUs  2m00.0s/3m0s  50.00 iters/s

running (2m01.0s), 004/100 VUs, 6045 complete and 0 interrupted iterations
a1     [  67% ] 004/100 VUs  2m01.0s/3m0s  50.00 iters/s

running (2m02.0s), 004/100 VUs, 6095 complete and 0 interrupted iterations
a1     [  68% ] 004/100 VUs  2m02.0s/3m0s  50.00 iters/s

running (2m03.0s), 005/100 VUs, 6144 complete and 0 interrupted iterations
a1     [  68% ] 005/100 VUs  2m03.0s/3m0s  50.00 iters/s

running (2m04.0s), 003/100 VUs, 6196 complete and 0 interrupted iterations
a1     [  69% ] 003/100 VUs  2m04.0s/3m0s  50.00 iters/s

running (2m05.0s), 004/100 VUs, 6245 complete and 0 interrupted iterations
a1     [  69% ] 004/100 VUs  2m05.0s/3m0s  50.00 iters/s

running (2m06.0s), 006/100 VUs, 6293 complete and 0 interrupted iterations
a1     [  70% ] 006/100 VUs  2m06.0s/3m0s  50.00 iters/s

running (2m07.0s), 004/100 VUs, 6345 complete and 0 interrupted iterations
a1     [  71% ] 004/100 VUs  2m07.0s/3m0s  50.00 iters/s

running (2m08.0s), 004/100 VUs, 6395 complete and 0 interrupted iterations
a1     [  71% ] 004/100 VUs  2m08.0s/3m0s  50.00 iters/s

running (2m09.0s), 004/100 VUs, 6445 complete and 0 interrupted iterations
a1     [  72% ] 004/100 VUs  2m09.0s/3m0s  50.00 iters/s

running (2m10.0s), 004/100 VUs, 6495 complete and 0 interrupted iterations
a1     [  72% ] 004/100 VUs  2m10.0s/3m0s  50.00 iters/s

running (2m11.0s), 004/100 VUs, 6545 complete and 0 interrupted iterations
a1     [  73% ] 004/100 VUs  2m11.0s/3m0s  50.00 iters/s

running (2m12.0s), 004/100 VUs, 6595 complete and 0 interrupted iterations
a1     [  73% ] 004/100 VUs  2m12.0s/3m0s  50.00 iters/s

running (2m13.0s), 003/100 VUs, 6646 complete and 0 interrupted iterations
a1     [  74% ] 003/100 VUs  2m13.0s/3m0s  50.00 iters/s

running (2m14.0s), 003/100 VUs, 6696 complete and 0 interrupted iterations
a1     [  74% ] 003/100 VUs  2m14.0s/3m0s  50.00 iters/s

running (2m15.0s), 003/100 VUs, 6746 complete and 0 interrupted iterations
a1     [  75% ] 003/100 VUs  2m15.0s/3m0s  50.00 iters/s

running (2m16.0s), 004/100 VUs, 6795 complete and 0 interrupted iterations
a1     [  76% ] 004/100 VUs  2m16.0s/3m0s  50.00 iters/s

running (2m17.0s), 003/100 VUs, 6846 complete and 0 interrupted iterations
a1     [  76% ] 003/100 VUs  2m17.0s/3m0s  50.00 iters/s

running (2m18.0s), 003/100 VUs, 6896 complete and 0 interrupted iterations
a1     [  77% ] 003/100 VUs  2m18.0s/3m0s  50.00 iters/s

running (2m19.0s), 003/100 VUs, 6946 complete and 0 interrupted iterations
a1     [  77% ] 003/100 VUs  2m19.0s/3m0s  50.00 iters/s

running (2m20.0s), 010/100 VUs, 6989 complete and 0 interrupted iterations
a1     [  78% ] 010/100 VUs  2m20.0s/3m0s  50.00 iters/s

running (2m21.0s), 049/100 VUs, 7000 complete and 0 interrupted iterations
a1     [  78% ] 049/100 VUs  2m21.0s/3m0s  50.00 iters/s

running (2m22.0s), 091/100 VUs, 7008 complete and 0 interrupted iterations
a1     [  79% ] 091/100 VUs  2m22.0s/3m0s  50.00 iters/s

running (2m23.0s), 119/119 VUs, 7011 complete and 0 interrupted iterations
a1     [  79% ] 119/119 VUs  2m23.0s/3m0s  50.00 iters/s

running (2m24.0s), 130/130 VUs, 7039 complete and 0 interrupted iterations
a1     [  80% ] 130/130 VUs  2m24.0s/3m0s  50.00 iters/s

running (2m25.0s), 146/147 VUs, 7056 complete and 0 interrupted iterations
a1     [  81% ] 146/147 VUs  2m25.0s/3m0s  50.00 iters/s

running (2m26.0s), 164/165 VUs, 7070 complete and 0 interrupted iterations
a1     [  81% ] 164/165 VUs  2m26.0s/3m0s  50.00 iters/s

running (2m27.0s), 008/165 VUs, 7276 complete and 0 interrupted iterations
a1     [  82% ] 008/165 VUs  2m27.0s/3m0s  50.00 iters/s

running (2m28.0s), 007/165 VUs, 7327 complete and 0 interrupted iterations
a1     [  82% ] 007/165 VUs  2m28.0s/3m0s  50.00 iters/s

running (2m29.0s), 004/165 VUs, 7380 complete and 0 interrupted iterations
a1     [  83% ] 004/165 VUs  2m29.0s/3m0s  50.00 iters/s

running (2m30.0s), 008/165 VUs, 7426 complete and 0 interrupted iterations
a1     [  83% ] 008/165 VUs  2m30.0s/3m0s  50.00 iters/s

running (2m31.0s), 008/165 VUs, 7476 complete and 0 interrupted iterations
a1     [  84% ] 008/165 VUs  2m31.0s/3m0s  50.00 iters/s

running (2m32.0s), 008/165 VUs, 7527 complete and 0 interrupted iterations
a1     [  84% ] 008/165 VUs  2m32.0s/3m0s  50.00 iters/s

running (2m33.0s), 008/165 VUs, 7576 complete and 0 interrupted iterations
a1     [  85% ] 008/165 VUs  2m33.0s/3m0s  50.00 iters/s

running (2m34.0s), 008/165 VUs, 7626 complete and 0 interrupted iterations
a1     [  86% ] 008/165 VUs  2m34.0s/3m0s  50.00 iters/s

running (2m35.0s), 008/165 VUs, 7676 complete and 0 interrupted iterations
a1     [  86% ] 008/165 VUs  2m35.0s/3m0s  50.00 iters/s

running (2m36.0s), 009/165 VUs, 7725 complete and 0 interrupted iterations
a1     [  87% ] 009/165 VUs  2m36.0s/3m0s  50.00 iters/s

running (2m37.0s), 008/165 VUs, 7776 complete and 0 interrupted iterations
a1     [  87% ] 008/165 VUs  2m37.0s/3m0s  50.00 iters/s

running (2m38.0s), 009/165 VUs, 7825 complete and 0 interrupted iterations
a1     [  88% ] 009/165 VUs  2m38.0s/3m0s  50.00 iters/s

running (2m39.0s), 009/165 VUs, 7875 complete and 0 interrupted iterations
a1     [  88% ] 009/165 VUs  2m39.0s/3m0s  50.00 iters/s

running (2m40.0s), 009/165 VUs, 7925 complete and 0 interrupted iterations
a1     [  89% ] 009/165 VUs  2m40.0s/3m0s  50.00 iters/s

running (2m41.0s), 008/165 VUs, 7976 complete and 0 interrupted iterations
a1     [  89% ] 008/165 VUs  2m41.0s/3m0s  50.00 iters/s

running (2m42.0s), 009/165 VUs, 8025 complete and 0 interrupted iterations
a1     [  90% ] 009/165 VUs  2m42.0s/3m0s  50.00 iters/s

running (2m43.0s), 009/165 VUs, 8075 complete and 0 interrupted iterations
a1     [  91% ] 009/165 VUs  2m43.0s/3m0s  50.00 iters/s

running (2m44.0s), 009/165 VUs, 8125 complete and 0 interrupted iterations
a1     [  91% ] 009/165 VUs  2m44.0s/3m0s  50.00 iters/s

running (2m45.0s), 009/165 VUs, 8175 complete and 0 interrupted iterations
a1     [  92% ] 009/165 VUs  2m45.0s/3m0s  50.00 iters/s

running (2m46.0s), 009/165 VUs, 8225 complete and 0 interrupted iterations
a1     [  92% ] 009/165 VUs  2m46.0s/3m0s  50.00 iters/s

running (2m47.0s), 008/165 VUs, 8276 complete and 0 interrupted iterations
a1     [  93% ] 008/165 VUs  2m47.0s/3m0s  50.00 iters/s

running (2m48.0s), 009/165 VUs, 8325 complete and 0 interrupted iterations
a1     [  93% ] 009/165 VUs  2m48.0s/3m0s  50.00 iters/s

running (2m49.0s), 010/165 VUs, 8374 complete and 0 interrupted iterations
a1     [  94% ] 010/165 VUs  2m49.0s/3m0s  50.00 iters/s

running (2m50.0s), 051/165 VUs, 8383 complete and 0 interrupted iterations
a1     [  94% ] 051/165 VUs  2m50.0s/3m0s  50.00 iters/s

running (2m51.0s), 096/165 VUs, 8388 complete and 0 interrupted iterations
a1     [  95% ] 096/165 VUs  2m51.0s/3m0s  50.00 iters/s

running (2m52.0s), 125/165 VUs, 8409 complete and 0 interrupted iterations
a1     [  96% ] 125/165 VUs  2m52.0s/3m0s  50.00 iters/s

running (2m53.0s), 168/169 VUs, 8412 complete and 0 interrupted iterations
a1     [  96% ] 168/169 VUs  2m53.0s/3m0s  50.00 iters/s

running (2m54.0s), 181/191 VUs, 8427 complete and 0 interrupted iterations
a1     [  97% ] 181/191 VUs  2m54.0s/3m0s  50.00 iters/s

running (2m55.0s), 203/204 VUs, 8442 complete and 0 interrupted iterations
a1     [  97% ] 203/204 VUs  2m55.0s/3m0s  50.00 iters/s

running (2m56.0s), 143/219 VUs, 8537 complete and 0 interrupted iterations
a1     [  98% ] 143/219 VUs  2m56.0s/3m0s  50.00 iters/s

running (2m57.0s), 001/219 VUs, 8729 complete and 0 interrupted iterations
a1     [  98% ] 001/219 VUs  2m57.0s/3m0s  50.00 iters/s

running (2m58.0s), 001/219 VUs, 8779 complete and 0 interrupted iterations
a1     [  99% ] 001/219 VUs  2m58.0s/3m0s  50.00 iters/s

running (2m59.0s), 001/219 VUs, 8829 complete and 0 interrupted iterations
a1     [  99% ] 001/219 VUs  2m59.0s/3m0s  50.00 iters/s

running (3m00.0s), 001/219 VUs, 8879 complete and 0 interrupted iterations
a1     [ 100% ] 001/219 VUs  3m00.0s/3m0s  50.00 iters/s


  █ THRESHOLDS 

    http_req_failed
    ✓ 'rate<0.05' rate=0.00%


  █ TOTAL RESULTS 

    checks_total.......: 26643   147.829574/s
    checks_succeeded...: 100.00% 26643 out of 26643
    checks_failed......: 0.00%   0 out of 26643

    ✓ initiated
    ✓ validated
    ✓ terminal

    CUSTOM
    a1_lifecycle_duration..........: avg=316.61ms min=6ms    med=44ms    p(95)=1.59s    p(99)=4.55s max=6.14s
    a1_lifecycles_completed........: 8881   49.276525/s
    a1_transitions_committed.......: 26643  147.829574/s

    HTTP
    http_req_duration..............: avg=105.38ms min=1.59ms med=6.87ms  p(95)=399.38ms p(99)=1.89s max=4.14s
      { expected_response:true }...: avg=105.38ms min=1.59ms med=6.87ms  p(95)=399.38ms p(99)=1.89s max=4.14s
    http_req_failed................: 0.00%  0 out of 26643
    http_reqs......................: 26643  147.829574/s

    EXECUTION
    dropped_iterations.............: 119    0.660275/s
    iteration_duration.............: avg=316.69ms min=6.4ms  med=43.53ms p(95)=1.59s    p(99)=4.55s max=6.14s
    iterations.....................: 8881   49.276525/s
    vus............................: 2      min=1          max=204
    vus_max........................: 219    min=100        max=219

    NETWORK
    data_received..................: 10 MB  56 kB/s
    data_sent......................: 5.7 MB 32 kB/s




running (3m00.2s), 000/219 VUs, 8881 complete and 0 interrupted iterations
a1   ✓ [ 100% ] 000/219 VUs  3m0s  50.00 iters/s
