
  .   ____          _            __ _ _
 /\\ / ___'_ __ _ _(_)_ __  __ _ \ \ \ \
( ( )\___ | '_ | '_| | '_ \/ _` | \ \ \ \
 \\/  ___)| |_)| | | | | || (_| |  ) ) ) )
  '  |____| .__|_| |_|_| |_\__, | / / / /
 =========|_|==============|___/=/_/_/_/

 :: Spring Boot ::                (v4.1.1)

2026-09-04T18:58:02.403+05:00  INFO 552201 --- [a1-observability] [           main] u.m.MasterThesisObservabilityApplication : Starting MasterThesisObservabilityApplication v0.0.1-SNAPSHOT using Java 21.0.12 with PID 552201 (/mnt/c/Users/O.Ustemirov/IdeaProjects/master-thesis-observability/target/master-thesis-observability-0.0.1-SNAPSHOT.jar started by stemirovustemirov in /mnt/c/Users/O.Ustemirov/IdeaProjects/master-thesis-observability)
2026-09-04T18:58:02.412+05:00  INFO 552201 --- [a1-observability] [           main] u.m.MasterThesisObservabilityApplication : No active profile set, falling back to 1 default profile: "default"
2026-09-04T18:58:07.110+05:00  INFO 552201 --- [a1-observability] [           main] .s.d.r.c.RepositoryConfigurationDelegate : Bootstrapping Spring Data JPA repositories in DEFAULT mode.
2026-09-04T18:58:07.198+05:00  INFO 552201 --- [a1-observability] [           main] .s.d.r.c.RepositoryConfigurationDelegate : Finished Spring Data repository scanning in 66 ms. Found 2 JPA repository interfaces.
2026-09-04T18:58:08.523+05:00  INFO 552201 --- [a1-observability] [           main] o.s.boot.tomcat.TomcatWebServer          : Tomcat initialized with port 8095 (http)
2026-09-04T18:58:08.546+05:00  INFO 552201 --- [a1-observability] [           main] o.apache.catalina.core.StandardService   : Starting service [Tomcat]
2026-09-04T18:58:08.547+05:00  INFO 552201 --- [a1-observability] [           main] o.apache.catalina.core.StandardEngine    : Starting Servlet engine: [Apache Tomcat/11.0.24]
2026-09-04T18:58:08.585+05:00  INFO 552201 --- [a1-observability] [           main] b.w.c.s.WebApplicationContextInitializer : Root WebApplicationContext: initialization completed in 6045 ms
2026-09-04T18:58:09.291+05:00  INFO 552201 --- [a1-observability] [           main] org.hibernate.orm.jpa                    : HHH008540: Processing PersistenceUnitInfo [name: default]
2026-09-04T18:58:09.432+05:00  INFO 552201 --- [a1-observability] [           main] org.hibernate.orm.core                   : HHH000001: Hibernate ORM core version 7.4.5.Final
2026-09-04T18:58:10.510+05:00  INFO 552201 --- [a1-observability] [           main] com.zaxxer.hikari.HikariDataSource       : a1-oltp - Starting...
2026-09-04T18:58:11.002+05:00  INFO 552201 --- [a1-observability] [           main] com.zaxxer.hikari.pool.HikariPool        : a1-oltp - Added connection oracle.jdbc.driver.T4CConnection@7ce4498f
2026-09-04T18:58:11.005+05:00  INFO 552201 --- [a1-observability] [           main] com.zaxxer.hikari.HikariDataSource       : a1-oltp - Start completed.
2026-09-04T18:58:11.498+05:00  WARN 552201 --- [a1-observability] [           main] org.hibernate.orm.jdbc                   : HHH100123: Low default JDBC fetch size: 10 (consider setting 'hibernate.jdbc.fetch_size')
2026-09-04T18:58:11.506+05:00  INFO 552201 --- [a1-observability] [           main] org.hibernate.orm.connections.pooling    : HHH10001005: Database info:
	Database JDBC URL [jdbc:oracle:thin:@//localhost:1521/OBSVPDB]
	Database driver: Oracle JDBC driver
	Database dialect: OracleDialect
	Database version: 23.26.3
	Default catalog/schema: undefined/OBSV
	Autocommit mode: undefined/unknown
	Isolation level: READ_COMMITTED [default READ_COMMITTED]
	JDBC fetch size: 10
	Pool: DataSourceConnectionProvider
	Minimum pool size: undefined/unknown
	Maximum pool size: undefined/unknown
2026-09-04T18:58:13.046+05:00  INFO 552201 --- [a1-observability] [           main] org.hibernate.orm.core                   : HHH000489: No JTA platform available (set 'hibernate.transaction.jta.platform' to enable JTA platform integration)
2026-09-04T18:58:13.054+05:00  INFO 552201 --- [a1-observability] [           main] org.hibernate.orm.jdbc.batch             : HHH100501: Automatic JDBC statement batching enabled (maximum batch size 50)
2026-09-04T18:58:13.460+05:00  INFO 552201 --- [a1-observability] [           main] o.s.d.j.r.query.QueryEnhancerFactories   : Hibernate is in classpath; If applicable, HQL parser will be used.
2026-09-04T18:58:14.732+05:00  INFO 552201 --- [a1-observability] [           main] i.u.m.config.EventEmitterConfiguration   : observability.mode=CDC -> emitter=NoOpEventEmitter
2026-09-04T18:58:15.364+05:00  INFO 552201 --- [a1-observability] [           main] o.s.b.a.e.web.EndpointLinksResolver      : Exposing 4 endpoints beneath base path '/actuator'
2026-09-04T18:58:15.449+05:00  INFO 552201 --- [a1-observability] [           main] o.s.boot.tomcat.TomcatWebServer          : Tomcat started on port 8095 (http) with context path '/'
2026-09-04T18:58:15.461+05:00  INFO 552201 --- [a1-observability] [           main] u.m.MasterThesisObservabilityApplication : Started MasterThesisObservabilityApplication in 14.003 seconds (process running for 12.126)
2026-09-04T18:58:15.470+05:00  INFO 552201 --- [a1-observability] [           main] i.u.m.harness.EnvironmentAssertions      : environment ok: mode=CDC oltpPool=a1-oltp maxSize=32
2026-09-04T18:58:15.502+05:00  INFO 552201 --- [a1-observability] [           main] i.u.m.harness.ModeActivator              : supplemental logging on TXN_A1 -> ALL COLUMNS
2026-09-04T18:58:15.508+05:00  INFO 552201 --- [a1-observability] [           main] i.u.m.harness.ModeActivator              : supplemental logging on A1_EVENT_OUTBOX -> off
2026-09-04T18:58:15.508+05:00  INFO 552201 --- [a1-observability] [           main] i.u.m.harness.ModeActivator              : mode=CDC activated: groundTruth=true aqCapture=false supplementalLogging=TXN_A1
2026-09-04T18:58:17.251+05:00  INFO 552201 --- [a1-observability] [nio-8095-exec-1] o.a.c.c.C.[Tomcat].[localhost].[/]       : Initializing Spring DispatcherServlet 'dispatcherServlet'
2026-09-04T18:58:17.251+05:00  INFO 552201 --- [a1-observability] [nio-8095-exec-1] o.s.web.servlet.DispatcherServlet        : Initializing Servlet 'dispatcherServlet'
2026-09-04T18:58:17.253+05:00  INFO 552201 --- [a1-observability] [nio-8095-exec-1] o.s.web.servlet.DispatcherServlet        : Completed initialization in 1 ms
2026-09-04T19:07:53.968+05:00  WARN 552201 --- [a1-observability] [ltp:housekeeper] com.zaxxer.hikari.pool.PoolBase          : a1-oltp - Failed to validate connection oracle.jdbc.driver.T4CConnection@21fe625d (ORA-17008: Closed connection
https://docs.oracle.com/error-help/db/ora-17008/). Possibly consider using a shorter maxLifetime value.
2026-09-04T19:08:44.605+05:00  WARN 552201 --- [a1-observability] [ltp:housekeeper] com.zaxxer.hikari.pool.PoolBase          : a1-oltp - Failed to validate connection oracle.jdbc.driver.T4CConnection@1b86914d (ORA-17008: Closed connection
https://docs.oracle.com/error-help/db/ora-17008/). Possibly consider using a shorter maxLifetime value.
2026-09-04T19:08:45.422+05:00  WARN 552201 --- [a1-observability] [ltp:housekeeper] com.zaxxer.hikari.pool.HikariPool        : a1-oltp - Thread starvation or clock leap detected (housekeeper delta=1m42s786ms25µs817ns).
2026-09-04T19:09:24.432+05:00  WARN 552201 --- [a1-observability] [ltp:housekeeper] com.zaxxer.hikari.pool.PoolBase          : a1-oltp - Failed to validate connection oracle.jdbc.driver.T4CConnection@1ca0c7a (ORA-17008: Closed connection
https://docs.oracle.com/error-help/db/ora-17008/). Possibly consider using a shorter maxLifetime value.
2026-09-04T19:09:51.296+05:00  WARN 552201 --- [a1-observability] [ltp:housekeeper] com.zaxxer.hikari.pool.PoolBase          : a1-oltp - Failed to validate connection oracle.jdbc.driver.T4CConnection@305ed478 (ORA-17008: Closed connection
https://docs.oracle.com/error-help/db/ora-17008/). Possibly consider using a shorter maxLifetime value.
2026-09-04T19:09:59.006+05:00  WARN 552201 --- [a1-observability] [ltp:housekeeper] com.zaxxer.hikari.pool.PoolBase          : a1-oltp - Failed to validate connection oracle.jdbc.driver.T4CConnection@4939d9e1 (ORA-17008: Closed connection
https://docs.oracle.com/error-help/db/ora-17008/). Possibly consider using a shorter maxLifetime value.
2026-09-04T19:10:08.011+05:00  WARN 552201 --- [a1-observability] [ltp:housekeeper] com.zaxxer.hikari.pool.PoolBase          : a1-oltp - Failed to validate connection oracle.jdbc.driver.T4CConnection@80adb3a (ORA-17008: Closed connection
https://docs.oracle.com/error-help/db/ora-17008/). Possibly consider using a shorter maxLifetime value.
2026-09-04T19:10:27.055+05:00  WARN 552201 --- [a1-observability] [ltp:housekeeper] com.zaxxer.hikari.pool.PoolBase          : a1-oltp - Failed to validate connection oracle.jdbc.driver.T4CConnection@63448d14 (ORA-17008: Closed connection
https://docs.oracle.com/error-help/db/ora-17008/). Possibly consider using a shorter maxLifetime value.
2026-09-04T19:10:34.612+05:00  WARN 552201 --- [a1-observability] [ltp:housekeeper] com.zaxxer.hikari.pool.PoolBase          : a1-oltp - Failed to validate connection oracle.jdbc.driver.T4CConnection@3a34928d (ORA-17008: Closed connection
https://docs.oracle.com/error-help/db/ora-17008/). Possibly consider using a shorter maxLifetime value.
2026-09-04T19:10:42.868+05:00  WARN 552201 --- [a1-observability] [ltp:housekeeper] com.zaxxer.hikari.pool.PoolBase          : a1-oltp - Failed to validate connection oracle.jdbc.driver.T4CConnection@69afe22a (ORA-17008: Closed connection
https://docs.oracle.com/error-help/db/ora-17008/). Possibly consider using a shorter maxLifetime value.
2026-09-04T19:10:54.720+05:00  WARN 552201 --- [a1-observability] [ltp:housekeeper] com.zaxxer.hikari.pool.PoolBase          : a1-oltp - Failed to validate connection oracle.jdbc.driver.T4CConnection@29ac4556 (ORA-17008: Closed connection
https://docs.oracle.com/error-help/db/ora-17008/). Possibly consider using a shorter maxLifetime value.
2026-09-04T19:11:10.686+05:00  WARN 552201 --- [a1-observability] [ltp:housekeeper] com.zaxxer.hikari.pool.PoolBase          : a1-oltp - Failed to validate connection oracle.jdbc.driver.T4CConnection@262622d6 (ORA-17008: Closed connection
https://docs.oracle.com/error-help/db/ora-17008/). Possibly consider using a shorter maxLifetime value.
2026-09-04T19:11:19.131+05:00  WARN 552201 --- [a1-observability] [ltp:housekeeper] com.zaxxer.hikari.pool.PoolBase          : a1-oltp - Failed to validate connection oracle.jdbc.driver.T4CConnection@6daa6d50 (ORA-17008: Closed connection
https://docs.oracle.com/error-help/db/ora-17008/). Possibly consider using a shorter maxLifetime value.
2026-09-04T19:11:38.941+05:00  WARN 552201 --- [a1-observability] [ltp:housekeeper] com.zaxxer.hikari.pool.PoolBase          : a1-oltp - Failed to validate connection oracle.jdbc.driver.T4CConnection@433374df (ORA-17008: Closed connection
https://docs.oracle.com/error-help/db/ora-17008/). Possibly consider using a shorter maxLifetime value.
2026-09-04T19:11:47.781+05:00  WARN 552201 --- [a1-observability] [ltp:housekeeper] com.zaxxer.hikari.pool.PoolBase          : a1-oltp - Failed to validate connection oracle.jdbc.driver.T4CConnection@1187189d (ORA-17008: Closed connection
https://docs.oracle.com/error-help/db/ora-17008/). Possibly consider using a shorter maxLifetime value.
2026-09-04T19:11:58.251+05:00  WARN 552201 --- [a1-observability] [ltp:housekeeper] com.zaxxer.hikari.pool.PoolBase          : a1-oltp - Failed to validate connection oracle.jdbc.driver.T4CConnection@7b36d4ce (ORA-17008: Closed connection
https://docs.oracle.com/error-help/db/ora-17008/). Possibly consider using a shorter maxLifetime value.
2026-09-04T19:12:09.715+05:00  WARN 552201 --- [a1-observability] [ltp:housekeeper] com.zaxxer.hikari.pool.PoolBase          : a1-oltp - Failed to validate connection oracle.jdbc.driver.T4CConnection@526cce7 (ORA-17008: Closed connection
https://docs.oracle.com/error-help/db/ora-17008/). Possibly consider using a shorter maxLifetime value.
2026-09-04T19:12:28.353+05:00  WARN 552201 --- [a1-observability] [ltp:housekeeper] com.zaxxer.hikari.pool.PoolBase          : a1-oltp - Failed to validate connection oracle.jdbc.driver.T4CConnection@27162c92 (ORA-17008: Closed connection
https://docs.oracle.com/error-help/db/ora-17008/). Possibly consider using a shorter maxLifetime value.
2026-09-04T19:12:39.580+05:00  WARN 552201 --- [a1-observability] [ltp:housekeeper] com.zaxxer.hikari.pool.PoolBase          : a1-oltp - Failed to validate connection oracle.jdbc.driver.T4CConnection@61d00187 (ORA-17008: Closed connection
https://docs.oracle.com/error-help/db/ora-17008/). Possibly consider using a shorter maxLifetime value.
2026-09-04T19:13:03.191+05:00  WARN 552201 --- [a1-observability] [ltp:housekeeper] com.zaxxer.hikari.pool.PoolBase          : a1-oltp - Failed to validate connection oracle.jdbc.driver.T4CConnection@19741077 (ORA-17008: Closed connection
https://docs.oracle.com/error-help/db/ora-17008/). Possibly consider using a shorter maxLifetime value.
2026-09-04T19:13:10.634+05:00  WARN 552201 --- [a1-observability] [ltp:housekeeper] com.zaxxer.hikari.pool.PoolBase          : a1-oltp - Failed to validate connection oracle.jdbc.driver.T4CConnection@7c4cd9aa (ORA-17008: Closed connection
https://docs.oracle.com/error-help/db/ora-17008/). Possibly consider using a shorter maxLifetime value.
2026-09-04T19:13:19.526+05:00  WARN 552201 --- [a1-observability] [ltp:housekeeper] com.zaxxer.hikari.pool.PoolBase          : a1-oltp - Failed to validate connection oracle.jdbc.driver.T4CConnection@3cebeb79 (ORA-17008: Closed connection
https://docs.oracle.com/error-help/db/ora-17008/). Possibly consider using a shorter maxLifetime value.
2026-09-04T19:13:25.945+05:00  WARN 552201 --- [a1-observability] [ltp:housekeeper] com.zaxxer.hikari.pool.PoolBase          : a1-oltp - Failed to validate connection oracle.jdbc.driver.T4CConnection@19e3e681 (ORA-17008: Closed connection
https://docs.oracle.com/error-help/db/ora-17008/). Possibly consider using a shorter maxLifetime value.
2026-09-04T19:13:48.928+05:00  WARN 552201 --- [a1-observability] [ltp:housekeeper] com.zaxxer.hikari.pool.PoolBase          : a1-oltp - Failed to validate connection oracle.jdbc.driver.T4CConnection@2f7335b0 (ORA-17008: Closed connection
https://docs.oracle.com/error-help/db/ora-17008/). Possibly consider using a shorter maxLifetime value.
2026-09-04T19:13:55.370+05:00  WARN 552201 --- [a1-observability] [ltp:housekeeper] com.zaxxer.hikari.pool.PoolBase          : a1-oltp - Failed to validate connection oracle.jdbc.driver.T4CConnection@479d544d (ORA-17008: Closed connection
https://docs.oracle.com/error-help/db/ora-17008/). Possibly consider using a shorter maxLifetime value.
2026-09-04T19:14:04.584+05:00  WARN 552201 --- [a1-observability] [ltp:housekeeper] com.zaxxer.hikari.pool.PoolBase          : a1-oltp - Failed to validate connection oracle.jdbc.driver.T4CConnection@31567f3c (ORA-17008: Closed connection
https://docs.oracle.com/error-help/db/ora-17008/). Possibly consider using a shorter maxLifetime value.
2026-09-04T19:14:14.197+05:00  WARN 552201 --- [a1-observability] [ltp:housekeeper] com.zaxxer.hikari.pool.PoolBase          : a1-oltp - Failed to validate connection oracle.jdbc.driver.T4CConnection@32884386 (ORA-17008: Closed connection
https://docs.oracle.com/error-help/db/ora-17008/). Possibly consider using a shorter maxLifetime value.
2026-09-04T19:14:20.604+05:00  WARN 552201 --- [a1-observability] [ltp:housekeeper] com.zaxxer.hikari.pool.PoolBase          : a1-oltp - Failed to validate connection oracle.jdbc.driver.T4CConnection@47fe28ca (ORA-17008: Closed connection
https://docs.oracle.com/error-help/db/ora-17008/). Possibly consider using a shorter maxLifetime value.
2026-09-04T19:14:26.145+05:00  WARN 552201 --- [a1-observability] [ltp:housekeeper] com.zaxxer.hikari.pool.PoolBase          : a1-oltp - Failed to validate connection oracle.jdbc.driver.T4CConnection@6c085bed (ORA-17008: Closed connection
https://docs.oracle.com/error-help/db/ora-17008/). Possibly consider using a shorter maxLifetime value.
2026-09-04T19:14:38.928+05:00  WARN 552201 --- [a1-observability] [ltp:housekeeper] com.zaxxer.hikari.pool.PoolBase          : a1-oltp - Failed to validate connection oracle.jdbc.driver.T4CConnection@12912c9a (ORA-17008: Closed connection
https://docs.oracle.com/error-help/db/ora-17008/). Possibly consider using a shorter maxLifetime value.
2026-09-04T19:14:48.691+05:00  WARN 552201 --- [a1-observability] [ltp:housekeeper] com.zaxxer.hikari.pool.PoolBase          : a1-oltp - Failed to validate connection oracle.jdbc.driver.T4CConnection@1ca28553 (ORA-17008: Closed connection
https://docs.oracle.com/error-help/db/ora-17008/). Possibly consider using a shorter maxLifetime value.
2026-09-04T19:14:57.424+05:00  WARN 552201 --- [a1-observability] [ltp:housekeeper] com.zaxxer.hikari.pool.PoolBase          : a1-oltp - Failed to validate connection oracle.jdbc.driver.T4CConnection@20e8ae01 (ORA-17008: Closed connection
https://docs.oracle.com/error-help/db/ora-17008/). Possibly consider using a shorter maxLifetime value.
2026-09-04T19:15:02.549+05:00  WARN 552201 --- [a1-observability] [ltp:housekeeper] com.zaxxer.hikari.pool.HikariPool        : a1-oltp - Thread starvation or clock leap detected (housekeeper delta=5m45s609ms663µs947ns).
2026-09-04T19:33:18.158+05:00  WARN 552201 --- [a1-observability] [ltp:housekeeper] com.zaxxer.hikari.pool.HikariPool        : a1-oltp - Thread starvation or clock leap detected (housekeeper delta=2m1s931ms352µs77ns).
2026-09-04T19:53:28.844+05:00  INFO 552201 --- [a1-observability] [ionShutdownHook] o.s.boot.tomcat.GracefulShutdown         : Commencing graceful shutdown. Waiting for active requests to complete
2026-09-04T19:53:29.981+05:00  INFO 552201 --- [a1-observability] [tomcat-shutdown] o.s.boot.tomcat.GracefulShutdown         : Graceful shutdown complete
2026-09-04T19:53:30.779+05:00  INFO 552201 --- [a1-observability] [ionShutdownHook] com.zaxxer.hikari.HikariDataSource       : a1-oltp - Shutdown initiated...
2026-09-04T19:53:30.799+05:00  INFO 552201 --- [a1-observability] [ionShutdownHook] com.zaxxer.hikari.HikariDataSource       : a1-oltp - Shutdown completed.
