
         /\      Grafana   /‾‾/  
    /\  /  \     |\  __   /  /   
   /  \/    \    | |/ /  /   ‾‾\ 
  /          \   |   (  |  (‾)  |
 / __________ \  |_|\_\  \_____/ 


     execution: local
        script: harness/k6/a1-workload.js
        output: -

     scenarios: (100.00%) 1 scenario, 600 max VUs, 7m30s max duration (incl. graceful stop):
              * a1: 50.00 iterations/s for 7m0s (maxVUs: 100-600, gracefulStop: 30s)


running (0m01.0s), 012/100 VUs, 38 complete and 0 interrupted iterations
a1     [   0% ] 012/100 VUs  0m01.0s/7m0s  50.00 iters/s

running (0m02.0s), 002/100 VUs, 98 complete and 0 interrupted iterations
a1     [   0% ] 002/100 VUs  0m02.0s/7m0s  50.00 iters/s

running (0m03.0s), 001/100 VUs, 149 complete and 0 interrupted iterations
a1     [   1% ] 001/100 VUs  0m03.0s/7m0s  50.00 iters/s

running (0m04.0s), 001/100 VUs, 199 complete and 0 interrupted iterations
a1     [   1% ] 001/100 VUs  0m04.0s/7m0s  50.00 iters/s

running (0m05.0s), 001/100 VUs, 249 complete and 0 interrupted iterations
a1     [   1% ] 001/100 VUs  0m05.0s/7m0s  50.00 iters/s

running (0m06.0s), 001/100 VUs, 299 complete and 0 interrupted iterations
a1     [   1% ] 001/100 VUs  0m06.0s/7m0s  50.00 iters/s

running (0m07.0s), 000/100 VUs, 349 complete and 0 interrupted iterations
a1     [   2% ] 000/100 VUs  0m07.0s/7m0s  50.00 iters/s

running (0m08.0s), 001/100 VUs, 399 complete and 0 interrupted iterations
a1     [   2% ] 001/100 VUs  0m08.0s/7m0s  50.00 iters/s

running (0m09.0s), 001/100 VUs, 449 complete and 0 interrupted iterations
a1     [   2% ] 001/100 VUs  0m09.0s/7m0s  50.00 iters/s

running (0m10.0s), 001/100 VUs, 499 complete and 0 interrupted iterations
a1     [   2% ] 001/100 VUs  0m10.0s/7m0s  50.00 iters/s

running (0m11.0s), 001/100 VUs, 549 complete and 0 interrupted iterations
a1     [   3% ] 001/100 VUs  0m11.0s/7m0s  50.00 iters/s

running (0m12.0s), 000/100 VUs, 599 complete and 0 interrupted iterations
a1     [   3% ] 000/100 VUs  0m12.0s/7m0s  50.00 iters/s

running (0m13.0s), 000/100 VUs, 649 complete and 0 interrupted iterations
a1     [   3% ] 000/100 VUs  0m13.0s/7m0s  50.00 iters/s

running (0m16.9s), 001/100 VUs, 699 complete and 0 interrupted iterations
a1     [   3% ] 001/100 VUs  0m14.0s/7m0s  50.00 iters/s

running (0m17.9s), 001/100 VUs, 749 complete and 0 interrupted iterations
a1     [   4% ] 001/100 VUs  0m15.0s/7m0s  50.00 iters/s

running (0m18.9s), 001/100 VUs, 799 complete and 0 interrupted iterations
a1     [   4% ] 001/100 VUs  0m16.0s/7m0s  50.00 iters/s

running (0m19.9s), 001/100 VUs, 849 complete and 0 interrupted iterations
a1     [   4% ] 001/100 VUs  0m17.0s/7m0s  50.00 iters/s

running (0m20.9s), 001/100 VUs, 899 complete and 0 interrupted iterations
a1     [   4% ] 001/100 VUs  0m18.0s/7m0s  50.00 iters/s

running (0m21.9s), 001/100 VUs, 949 complete and 0 interrupted iterations
a1     [   5% ] 001/100 VUs  0m19.0s/7m0s  50.00 iters/s

running (0m22.9s), 001/100 VUs, 999 complete and 0 interrupted iterations
a1     [   5% ] 001/100 VUs  0m20.0s/7m0s  50.00 iters/s

running (0m23.9s), 001/100 VUs, 1049 complete and 0 interrupted iterations
a1     [   5% ] 001/100 VUs  0m21.0s/7m0s  50.00 iters/s

running (0m24.9s), 001/100 VUs, 1099 complete and 0 interrupted iterations
a1     [   5% ] 001/100 VUs  0m22.0s/7m0s  50.00 iters/s

running (0m25.9s), 001/100 VUs, 1149 complete and 0 interrupted iterations
a1     [   5% ] 001/100 VUs  0m23.0s/7m0s  50.00 iters/s

running (0m26.9s), 001/100 VUs, 1199 complete and 0 interrupted iterations
a1     [   6% ] 001/100 VUs  0m24.0s/7m0s  50.00 iters/s

running (0m27.9s), 001/100 VUs, 1249 complete and 0 interrupted iterations
a1     [   6% ] 001/100 VUs  0m25.0s/7m0s  50.00 iters/s

running (0m28.9s), 001/100 VUs, 1299 complete and 0 interrupted iterations
a1     [   6% ] 001/100 VUs  0m26.0s/7m0s  50.00 iters/s

running (0m29.9s), 001/100 VUs, 1349 complete and 0 interrupted iterations
a1     [   6% ] 001/100 VUs  0m27.0s/7m0s  50.00 iters/s

running (0m30.9s), 001/100 VUs, 1399 complete and 0 interrupted iterations
a1     [   7% ] 001/100 VUs  0m28.0s/7m0s  50.00 iters/s

running (0m31.9s), 001/100 VUs, 1449 complete and 0 interrupted iterations
a1     [   7% ] 001/100 VUs  0m29.0s/7m0s  50.00 iters/s

running (0m32.9s), 001/100 VUs, 1499 complete and 0 interrupted iterations
a1     [   7% ] 001/100 VUs  0m30.0s/7m0s  50.00 iters/s

running (0m33.9s), 008/100 VUs, 1542 complete and 0 interrupted iterations
a1     [   7% ] 008/100 VUs  0m31.0s/7m0s  50.00 iters/s

running (0m34.9s), 000/100 VUs, 1599 complete and 0 interrupted iterations
a1     [   8% ] 000/100 VUs  0m32.0s/7m0s  50.00 iters/s

running (0m35.9s), 008/100 VUs, 1642 complete and 0 interrupted iterations
a1     [   8% ] 008/100 VUs  0m33.0s/7m0s  50.00 iters/s

running (0m36.9s), 001/100 VUs, 1699 complete and 0 interrupted iterations
a1     [   8% ] 001/100 VUs  0m34.0s/7m0s  50.00 iters/s

running (0m37.9s), 001/100 VUs, 1749 complete and 0 interrupted iterations
a1     [   8% ] 001/100 VUs  0m35.0s/7m0s  50.00 iters/s

running (0m38.9s), 001/100 VUs, 1799 complete and 0 interrupted iterations
a1     [   9% ] 001/100 VUs  0m36.0s/7m0s  50.00 iters/s

running (0m39.9s), 002/100 VUs, 1848 complete and 0 interrupted iterations
a1     [   9% ] 002/100 VUs  0m37.0s/7m0s  50.00 iters/s

running (0m40.9s), 001/100 VUs, 1899 complete and 0 interrupted iterations
a1     [   9% ] 001/100 VUs  0m38.0s/7m0s  50.00 iters/s

running (0m41.9s), 001/100 VUs, 1949 complete and 0 interrupted iterations
a1     [   9% ] 001/100 VUs  0m39.0s/7m0s  50.00 iters/s

running (0m42.9s), 001/100 VUs, 1999 complete and 0 interrupted iterations
a1     [  10% ] 001/100 VUs  0m40.0s/7m0s  50.00 iters/s

running (0m43.9s), 001/100 VUs, 2049 complete and 0 interrupted iterations
a1     [  10% ] 001/100 VUs  0m41.0s/7m0s  50.00 iters/s

running (0m44.9s), 001/100 VUs, 2099 complete and 0 interrupted iterations
a1     [  10% ] 001/100 VUs  0m42.0s/7m0s  50.00 iters/s

running (0m45.9s), 001/100 VUs, 2149 complete and 0 interrupted iterations
a1     [  10% ] 001/100 VUs  0m43.0s/7m0s  50.00 iters/s

running (0m46.9s), 001/100 VUs, 2199 complete and 0 interrupted iterations
a1     [  10% ] 001/100 VUs  0m44.0s/7m0s  50.00 iters/s

running (0m47.9s), 001/100 VUs, 2249 complete and 0 interrupted iterations
a1     [  11% ] 001/100 VUs  0m45.0s/7m0s  50.00 iters/s

running (0m48.9s), 001/100 VUs, 2299 complete and 0 interrupted iterations
a1     [  11% ] 001/100 VUs  0m46.0s/7m0s  50.00 iters/s

running (0m52.8s), 001/100 VUs, 2349 complete and 0 interrupted iterations
a1     [  11% ] 001/100 VUs  0m47.0s/7m0s  50.00 iters/s

running (0m53.8s), 001/100 VUs, 2399 complete and 0 interrupted iterations
a1     [  11% ] 001/100 VUs  0m48.0s/7m0s  50.00 iters/s

running (0m54.8s), 001/100 VUs, 2449 complete and 0 interrupted iterations
a1     [  12% ] 001/100 VUs  0m49.0s/7m0s  50.00 iters/s

running (0m55.8s), 001/100 VUs, 2499 complete and 0 interrupted iterations
a1     [  12% ] 001/100 VUs  0m50.0s/7m0s  50.00 iters/s

running (0m56.8s), 001/100 VUs, 2549 complete and 0 interrupted iterations
a1     [  12% ] 001/100 VUs  0m51.0s/7m0s  50.00 iters/s

running (0m57.8s), 001/100 VUs, 2599 complete and 0 interrupted iterations
a1     [  12% ] 001/100 VUs  0m52.0s/7m0s  50.00 iters/s

running (0m58.8s), 001/100 VUs, 2649 complete and 0 interrupted iterations
a1     [  13% ] 001/100 VUs  0m53.0s/7m0s  50.00 iters/s

running (0m59.8s), 001/100 VUs, 2699 complete and 0 interrupted iterations
a1     [  13% ] 001/100 VUs  0m54.0s/7m0s  50.00 iters/s

running (1m00.8s), 001/100 VUs, 2749 complete and 0 interrupted iterations
a1     [  13% ] 001/100 VUs  0m55.0s/7m0s  50.00 iters/s

running (1m01.8s), 001/100 VUs, 2799 complete and 0 interrupted iterations
a1     [  13% ] 001/100 VUs  0m56.0s/7m0s  50.00 iters/s

running (1m02.8s), 001/100 VUs, 2849 complete and 0 interrupted iterations
a1     [  14% ] 001/100 VUs  0m57.0s/7m0s  50.00 iters/s

running (1m03.8s), 001/100 VUs, 2899 complete and 0 interrupted iterations
a1     [  14% ] 001/100 VUs  0m58.0s/7m0s  50.00 iters/s

running (1m04.8s), 001/100 VUs, 2949 complete and 0 interrupted iterations
a1     [  14% ] 001/100 VUs  0m59.0s/7m0s  50.00 iters/s

running (1m05.8s), 001/100 VUs, 2999 complete and 0 interrupted iterations
a1     [  14% ] 001/100 VUs  1m00.0s/7m0s  50.00 iters/s

running (1m06.8s), 001/100 VUs, 3049 complete and 0 interrupted iterations
a1     [  15% ] 001/100 VUs  1m01.0s/7m0s  50.00 iters/s

running (1m07.8s), 001/100 VUs, 3099 complete and 0 interrupted iterations
a1     [  15% ] 001/100 VUs  1m02.0s/7m0s  50.00 iters/s

running (1m08.8s), 001/100 VUs, 3149 complete and 0 interrupted iterations
a1     [  15% ] 001/100 VUs  1m03.0s/7m0s  50.00 iters/s

running (1m09.8s), 001/100 VUs, 3199 complete and 0 interrupted iterations
a1     [  15% ] 001/100 VUs  1m04.0s/7m0s  50.00 iters/s

running (1m10.8s), 001/100 VUs, 3249 complete and 0 interrupted iterations
a1     [  15% ] 001/100 VUs  1m05.0s/7m0s  50.00 iters/s

running (1m11.8s), 001/100 VUs, 3299 complete and 0 interrupted iterations
a1     [  16% ] 001/100 VUs  1m06.0s/7m0s  50.00 iters/s

running (1m12.8s), 001/100 VUs, 3349 complete and 0 interrupted iterations
a1     [  16% ] 001/100 VUs  1m07.0s/7m0s  50.00 iters/s

running (1m13.8s), 001/100 VUs, 3399 complete and 0 interrupted iterations
a1     [  16% ] 001/100 VUs  1m08.0s/7m0s  50.00 iters/s

running (1m14.8s), 001/100 VUs, 3449 complete and 0 interrupted iterations
a1     [  16% ] 001/100 VUs  1m09.0s/7m0s  50.00 iters/s

running (1m15.8s), 001/100 VUs, 3499 complete and 0 interrupted iterations
a1     [  17% ] 001/100 VUs  1m10.0s/7m0s  50.00 iters/s

running (1m16.8s), 001/100 VUs, 3549 complete and 0 interrupted iterations
a1     [  17% ] 001/100 VUs  1m11.0s/7m0s  50.00 iters/s

running (1m17.8s), 001/100 VUs, 3599 complete and 0 interrupted iterations
a1     [  17% ] 001/100 VUs  1m12.0s/7m0s  50.00 iters/s

running (1m18.8s), 001/100 VUs, 3649 complete and 0 interrupted iterations
a1     [  17% ] 001/100 VUs  1m13.0s/7m0s  50.00 iters/s

running (1m19.8s), 000/100 VUs, 3699 complete and 0 interrupted iterations
a1     [  18% ] 000/100 VUs  1m14.0s/7m0s  50.00 iters/s

running (1m20.8s), 001/100 VUs, 3749 complete and 0 interrupted iterations
a1     [  18% ] 001/100 VUs  1m15.0s/7m0s  50.00 iters/s

running (1m21.8s), 001/100 VUs, 3799 complete and 0 interrupted iterations
a1     [  18% ] 001/100 VUs  1m16.0s/7m0s  50.00 iters/s

running (1m22.8s), 001/100 VUs, 3849 complete and 0 interrupted iterations
a1     [  18% ] 001/100 VUs  1m17.0s/7m0s  50.00 iters/s

running (1m23.8s), 000/100 VUs, 3899 complete and 0 interrupted iterations
a1     [  19% ] 000/100 VUs  1m18.0s/7m0s  50.00 iters/s

running (1m27.8s), 001/100 VUs, 3949 complete and 0 interrupted iterations
a1     [  19% ] 001/100 VUs  1m19.0s/7m0s  50.00 iters/s

running (1m28.8s), 000/100 VUs, 3999 complete and 0 interrupted iterations
a1     [  19% ] 000/100 VUs  1m20.0s/7m0s  50.00 iters/s

running (1m29.8s), 001/100 VUs, 4049 complete and 0 interrupted iterations
a1     [  19% ] 001/100 VUs  1m21.0s/7m0s  50.00 iters/s

running (1m30.8s), 001/100 VUs, 4099 complete and 0 interrupted iterations
a1     [  20% ] 001/100 VUs  1m22.0s/7m0s  50.00 iters/s

running (1m31.8s), 001/100 VUs, 4149 complete and 0 interrupted iterations
a1     [  20% ] 001/100 VUs  1m23.0s/7m0s  50.00 iters/s

running (1m32.8s), 001/100 VUs, 4199 complete and 0 interrupted iterations
a1     [  20% ] 001/100 VUs  1m24.0s/7m0s  50.00 iters/s

running (1m33.8s), 001/100 VUs, 4249 complete and 0 interrupted iterations
a1     [  20% ] 001/100 VUs  1m25.0s/7m0s  50.00 iters/s

running (1m34.8s), 001/100 VUs, 4299 complete and 0 interrupted iterations
a1     [  20% ] 001/100 VUs  1m26.0s/7m0s  50.00 iters/s

running (1m35.8s), 000/100 VUs, 4349 complete and 0 interrupted iterations
a1     [  21% ] 000/100 VUs  1m27.0s/7m0s  50.00 iters/s

running (1m36.8s), 001/100 VUs, 4399 complete and 0 interrupted iterations
a1     [  21% ] 001/100 VUs  1m28.0s/7m0s  50.00 iters/s

running (1m37.8s), 001/100 VUs, 4449 complete and 0 interrupted iterations
a1     [  21% ] 001/100 VUs  1m29.0s/7m0s  50.00 iters/s

running (1m38.8s), 001/100 VUs, 4499 complete and 0 interrupted iterations
a1     [  21% ] 001/100 VUs  1m30.0s/7m0s  50.00 iters/s

running (1m39.8s), 001/100 VUs, 4549 complete and 0 interrupted iterations
a1     [  22% ] 001/100 VUs  1m31.0s/7m0s  50.00 iters/s

running (1m40.8s), 001/100 VUs, 4599 complete and 0 interrupted iterations
a1     [  22% ] 001/100 VUs  1m32.0s/7m0s  50.00 iters/s

running (1m41.8s), 001/100 VUs, 4649 complete and 0 interrupted iterations
a1     [  22% ] 001/100 VUs  1m33.0s/7m0s  50.00 iters/s

running (1m42.8s), 001/100 VUs, 4699 complete and 0 interrupted iterations
a1     [  22% ] 001/100 VUs  1m34.0s/7m0s  50.00 iters/s

running (1m43.8s), 001/100 VUs, 4749 complete and 0 interrupted iterations
a1     [  23% ] 001/100 VUs  1m35.0s/7m0s  50.00 iters/s

running (1m44.8s), 001/100 VUs, 4799 complete and 0 interrupted iterations
a1     [  23% ] 001/100 VUs  1m36.0s/7m0s  50.00 iters/s

running (1m45.8s), 001/100 VUs, 4849 complete and 0 interrupted iterations
a1     [  23% ] 001/100 VUs  1m37.0s/7m0s  50.00 iters/s

running (1m46.8s), 000/100 VUs, 4899 complete and 0 interrupted iterations
a1     [  23% ] 000/100 VUs  1m38.0s/7m0s  50.00 iters/s

running (1m47.8s), 001/100 VUs, 4949 complete and 0 interrupted iterations
a1     [  24% ] 001/100 VUs  1m39.0s/7m0s  50.00 iters/s

running (1m48.8s), 001/100 VUs, 4999 complete and 0 interrupted iterations
a1     [  24% ] 001/100 VUs  1m40.0s/7m0s  50.00 iters/s

running (1m49.8s), 001/100 VUs, 5049 complete and 0 interrupted iterations
a1     [  24% ] 001/100 VUs  1m41.0s/7m0s  50.00 iters/s

running (1m50.8s), 000/100 VUs, 5099 complete and 0 interrupted iterations
a1     [  24% ] 000/100 VUs  1m42.0s/7m0s  50.00 iters/s

running (1m51.8s), 001/100 VUs, 5149 complete and 0 interrupted iterations
a1     [  25% ] 001/100 VUs  1m43.0s/7m0s  50.00 iters/s

running (1m52.8s), 001/100 VUs, 5199 complete and 0 interrupted iterations
a1     [  25% ] 001/100 VUs  1m44.0s/7m0s  50.00 iters/s

running (1m53.8s), 001/100 VUs, 5249 complete and 0 interrupted iterations
a1     [  25% ] 001/100 VUs  1m45.0s/7m0s  50.00 iters/s

running (1m54.8s), 001/100 VUs, 5299 complete and 0 interrupted iterations
a1     [  25% ] 001/100 VUs  1m46.0s/7m0s  50.00 iters/s

running (1m55.8s), 001/100 VUs, 5349 complete and 0 interrupted iterations
a1     [  25% ] 001/100 VUs  1m47.0s/7m0s  50.00 iters/s

running (1m56.8s), 001/100 VUs, 5399 complete and 0 interrupted iterations
a1     [  26% ] 001/100 VUs  1m48.0s/7m0s  50.00 iters/s

running (1m57.8s), 000/100 VUs, 5449 complete and 0 interrupted iterations
a1     [  26% ] 000/100 VUs  1m49.0s/7m0s  50.00 iters/s

running (1m58.8s), 001/100 VUs, 5499 complete and 0 interrupted iterations
a1     [  26% ] 001/100 VUs  1m50.0s/7m0s  50.00 iters/s

running (2m02.7s), 001/100 VUs, 5549 complete and 0 interrupted iterations
a1     [  26% ] 001/100 VUs  1m51.0s/7m0s  50.00 iters/s
time="2026-09-04T19:00:27+05:00" level=warning msg="The test has generated metrics with 100047 unique time series, which is higher than the suggested limit of 100000 and could cause high memory usage. Consider not using high-cardinality values like unique IDs as metric tags or, if you need them in the URL, use the name metric tag or URL grouping. See https://grafana.com/docs/k6/latest/using-k6/tags-and-groups/ for details." component=metrics-engine-ingester

running (2m03.7s), 000/100 VUs, 5599 complete and 0 interrupted iterations
a1     [  27% ] 000/100 VUs  1m52.0s/7m0s  50.00 iters/s

running (2m04.7s), 001/100 VUs, 5649 complete and 0 interrupted iterations
a1     [  27% ] 001/100 VUs  1m53.0s/7m0s  50.00 iters/s

running (2m05.7s), 001/100 VUs, 5699 complete and 0 interrupted iterations
a1     [  27% ] 001/100 VUs  1m54.0s/7m0s  50.00 iters/s

running (2m06.7s), 001/100 VUs, 5749 complete and 0 interrupted iterations
a1     [  27% ] 001/100 VUs  1m55.0s/7m0s  50.00 iters/s

running (2m07.7s), 001/100 VUs, 5799 complete and 0 interrupted iterations
a1     [  28% ] 001/100 VUs  1m56.0s/7m0s  50.00 iters/s

running (2m08.7s), 001/100 VUs, 5849 complete and 0 interrupted iterations
a1     [  28% ] 001/100 VUs  1m57.0s/7m0s  50.00 iters/s

running (2m09.7s), 005/100 VUs, 5895 complete and 0 interrupted iterations
a1     [  28% ] 005/100 VUs  1m58.0s/7m0s  50.00 iters/s

running (2m10.7s), 001/100 VUs, 5949 complete and 0 interrupted iterations
a1     [  28% ] 001/100 VUs  1m59.0s/7m0s  50.00 iters/s

running (2m11.7s), 001/100 VUs, 5999 complete and 0 interrupted iterations
a1     [  29% ] 001/100 VUs  2m00.0s/7m0s  50.00 iters/s

running (2m12.7s), 001/100 VUs, 6049 complete and 0 interrupted iterations
a1     [  29% ] 001/100 VUs  2m01.0s/7m0s  50.00 iters/s

running (2m13.7s), 001/100 VUs, 6099 complete and 0 interrupted iterations
a1     [  29% ] 001/100 VUs  2m02.0s/7m0s  50.00 iters/s

running (2m14.7s), 001/100 VUs, 6149 complete and 0 interrupted iterations
a1     [  29% ] 001/100 VUs  2m03.0s/7m0s  50.00 iters/s

running (2m15.7s), 001/100 VUs, 6199 complete and 0 interrupted iterations
a1     [  30% ] 001/100 VUs  2m04.0s/7m0s  50.00 iters/s

running (2m16.7s), 001/100 VUs, 6249 complete and 0 interrupted iterations
a1     [  30% ] 001/100 VUs  2m05.0s/7m0s  50.00 iters/s

running (2m17.7s), 001/100 VUs, 6299 complete and 0 interrupted iterations
a1     [  30% ] 001/100 VUs  2m06.0s/7m0s  50.00 iters/s

running (2m18.7s), 001/100 VUs, 6349 complete and 0 interrupted iterations
a1     [  30% ] 001/100 VUs  2m07.0s/7m0s  50.00 iters/s

running (2m19.7s), 001/100 VUs, 6399 complete and 0 interrupted iterations
a1     [  30% ] 001/100 VUs  2m08.0s/7m0s  50.00 iters/s

running (2m20.7s), 001/100 VUs, 6449 complete and 0 interrupted iterations
a1     [  31% ] 001/100 VUs  2m09.0s/7m0s  50.00 iters/s

running (2m21.7s), 001/100 VUs, 6499 complete and 0 interrupted iterations
a1     [  31% ] 001/100 VUs  2m10.0s/7m0s  50.00 iters/s

running (2m22.7s), 001/100 VUs, 6549 complete and 0 interrupted iterations
a1     [  31% ] 001/100 VUs  2m11.0s/7m0s  50.00 iters/s

running (2m23.7s), 001/100 VUs, 6599 complete and 0 interrupted iterations
a1     [  31% ] 001/100 VUs  2m12.0s/7m0s  50.00 iters/s

running (2m24.7s), 001/100 VUs, 6649 complete and 0 interrupted iterations
a1     [  32% ] 001/100 VUs  2m13.0s/7m0s  50.00 iters/s

running (2m25.7s), 001/100 VUs, 6699 complete and 0 interrupted iterations
a1     [  32% ] 001/100 VUs  2m14.0s/7m0s  50.00 iters/s

running (2m26.7s), 001/100 VUs, 6749 complete and 0 interrupted iterations
a1     [  32% ] 001/100 VUs  2m15.0s/7m0s  50.00 iters/s

running (2m27.7s), 001/100 VUs, 6799 complete and 0 interrupted iterations
a1     [  32% ] 001/100 VUs  2m16.0s/7m0s  50.00 iters/s

running (2m28.7s), 000/100 VUs, 6849 complete and 0 interrupted iterations
a1     [  33% ] 000/100 VUs  2m17.0s/7m0s  50.00 iters/s

running (2m29.7s), 001/100 VUs, 6899 complete and 0 interrupted iterations
a1     [  33% ] 001/100 VUs  2m18.0s/7m0s  50.00 iters/s

running (2m30.7s), 001/100 VUs, 6949 complete and 0 interrupted iterations
a1     [  33% ] 001/100 VUs  2m19.0s/7m0s  50.00 iters/s

running (2m31.7s), 001/100 VUs, 6999 complete and 0 interrupted iterations
a1     [  33% ] 001/100 VUs  2m20.0s/7m0s  50.00 iters/s

running (2m32.7s), 001/100 VUs, 7049 complete and 0 interrupted iterations
a1     [  34% ] 001/100 VUs  2m21.0s/7m0s  50.00 iters/s

running (2m33.7s), 001/100 VUs, 7099 complete and 0 interrupted iterations
a1     [  34% ] 001/100 VUs  2m22.0s/7m0s  50.00 iters/s

running (2m37.6s), 001/100 VUs, 7149 complete and 0 interrupted iterations
a1     [  34% ] 001/100 VUs  2m23.0s/7m0s  50.00 iters/s

running (2m38.6s), 001/100 VUs, 7199 complete and 0 interrupted iterations
a1     [  34% ] 001/100 VUs  2m24.0s/7m0s  50.00 iters/s

running (2m39.6s), 001/100 VUs, 7249 complete and 0 interrupted iterations
a1     [  35% ] 001/100 VUs  2m25.0s/7m0s  50.00 iters/s

running (2m40.6s), 001/100 VUs, 7299 complete and 0 interrupted iterations
a1     [  35% ] 001/100 VUs  2m26.0s/7m0s  50.00 iters/s

running (2m41.6s), 001/100 VUs, 7349 complete and 0 interrupted iterations
a1     [  35% ] 001/100 VUs  2m27.0s/7m0s  50.00 iters/s

running (2m42.6s), 001/100 VUs, 7399 complete and 0 interrupted iterations
a1     [  35% ] 001/100 VUs  2m28.0s/7m0s  50.00 iters/s

running (2m43.6s), 001/100 VUs, 7449 complete and 0 interrupted iterations
a1     [  35% ] 001/100 VUs  2m29.0s/7m0s  50.00 iters/s

running (2m44.6s), 001/100 VUs, 7499 complete and 0 interrupted iterations
a1     [  36% ] 001/100 VUs  2m30.0s/7m0s  50.00 iters/s

running (2m45.6s), 000/100 VUs, 7549 complete and 0 interrupted iterations
a1     [  36% ] 001/100 VUs  2m31.0s/7m0s  50.00 iters/s

running (2m46.6s), 001/100 VUs, 7599 complete and 0 interrupted iterations
a1     [  36% ] 001/100 VUs  2m32.0s/7m0s  50.00 iters/s

running (2m47.6s), 001/100 VUs, 7649 complete and 0 interrupted iterations
a1     [  36% ] 001/100 VUs  2m33.0s/7m0s  50.00 iters/s

running (2m48.6s), 001/100 VUs, 7699 complete and 0 interrupted iterations
a1     [  37% ] 001/100 VUs  2m34.0s/7m0s  50.00 iters/s

running (2m49.6s), 001/100 VUs, 7749 complete and 0 interrupted iterations
a1     [  37% ] 001/100 VUs  2m35.0s/7m0s  50.00 iters/s

running (2m50.6s), 001/100 VUs, 7799 complete and 0 interrupted iterations
a1     [  37% ] 001/100 VUs  2m36.0s/7m0s  50.00 iters/s

running (2m51.6s), 001/100 VUs, 7849 complete and 0 interrupted iterations
a1     [  37% ] 001/100 VUs  2m37.0s/7m0s  50.00 iters/s

running (2m52.6s), 001/100 VUs, 7899 complete and 0 interrupted iterations
a1     [  38% ] 001/100 VUs  2m38.0s/7m0s  50.00 iters/s

running (2m53.6s), 001/100 VUs, 7949 complete and 0 interrupted iterations
a1     [  38% ] 001/100 VUs  2m39.0s/7m0s  50.00 iters/s

running (2m54.6s), 001/100 VUs, 7999 complete and 0 interrupted iterations
a1     [  38% ] 001/100 VUs  2m40.0s/7m0s  50.00 iters/s

running (2m55.6s), 001/100 VUs, 8049 complete and 0 interrupted iterations
a1     [  38% ] 001/100 VUs  2m41.0s/7m0s  50.00 iters/s

running (2m56.6s), 001/100 VUs, 8099 complete and 0 interrupted iterations
a1     [  39% ] 001/100 VUs  2m42.0s/7m0s  50.00 iters/s

running (2m57.6s), 001/100 VUs, 8149 complete and 0 interrupted iterations
a1     [  39% ] 001/100 VUs  2m43.0s/7m0s  50.00 iters/s

running (2m58.6s), 001/100 VUs, 8199 complete and 0 interrupted iterations
a1     [  39% ] 001/100 VUs  2m44.0s/7m0s  50.00 iters/s

running (2m59.6s), 001/100 VUs, 8249 complete and 0 interrupted iterations
a1     [  39% ] 001/100 VUs  2m45.0s/7m0s  50.00 iters/s

running (3m00.6s), 001/100 VUs, 8299 complete and 0 interrupted iterations
a1     [  40% ] 001/100 VUs  2m46.0s/7m0s  50.00 iters/s

running (3m01.6s), 001/100 VUs, 8349 complete and 0 interrupted iterations
a1     [  40% ] 001/100 VUs  2m47.0s/7m0s  50.00 iters/s

running (3m02.6s), 001/100 VUs, 8399 complete and 0 interrupted iterations
a1     [  40% ] 001/100 VUs  2m48.0s/7m0s  50.00 iters/s

running (3m03.6s), 001/100 VUs, 8449 complete and 0 interrupted iterations
a1     [  40% ] 001/100 VUs  2m49.0s/7m0s  50.00 iters/s

running (3m04.6s), 001/100 VUs, 8499 complete and 0 interrupted iterations
a1     [  40% ] 001/100 VUs  2m50.0s/7m0s  50.00 iters/s

running (3m05.6s), 001/100 VUs, 8549 complete and 0 interrupted iterations
a1     [  41% ] 001/100 VUs  2m51.0s/7m0s  50.00 iters/s

running (3m06.6s), 001/100 VUs, 8599 complete and 0 interrupted iterations
a1     [  41% ] 001/100 VUs  2m52.0s/7m0s  50.00 iters/s

running (3m07.6s), 001/100 VUs, 8649 complete and 0 interrupted iterations
a1     [  41% ] 001/100 VUs  2m53.0s/7m0s  50.00 iters/s

running (3m08.6s), 001/100 VUs, 8699 complete and 0 interrupted iterations
a1     [  41% ] 001/100 VUs  2m54.0s/7m0s  50.00 iters/s

running (3m09.6s), 001/100 VUs, 8749 complete and 0 interrupted iterations
a1     [  42% ] 001/100 VUs  2m55.0s/7m0s  50.00 iters/s

running (3m13.6s), 001/100 VUs, 8799 complete and 0 interrupted iterations
a1     [  42% ] 001/100 VUs  2m56.0s/7m0s  50.00 iters/s

running (3m14.6s), 001/100 VUs, 8849 complete and 0 interrupted iterations
a1     [  42% ] 001/100 VUs  2m57.0s/7m0s  50.00 iters/s

running (3m15.6s), 001/100 VUs, 8899 complete and 0 interrupted iterations
a1     [  42% ] 001/100 VUs  2m58.0s/7m0s  50.00 iters/s

running (3m16.6s), 001/100 VUs, 8949 complete and 0 interrupted iterations
a1     [  43% ] 001/100 VUs  2m59.0s/7m0s  50.00 iters/s

running (3m17.6s), 001/100 VUs, 8999 complete and 0 interrupted iterations
a1     [  43% ] 001/100 VUs  3m00.0s/7m0s  50.00 iters/s

running (3m18.6s), 001/100 VUs, 9049 complete and 0 interrupted iterations
a1     [  43% ] 001/100 VUs  3m01.0s/7m0s  50.00 iters/s

running (3m19.6s), 001/100 VUs, 9099 complete and 0 interrupted iterations
a1     [  43% ] 001/100 VUs  3m02.0s/7m0s  50.00 iters/s

running (3m20.6s), 001/100 VUs, 9149 complete and 0 interrupted iterations
a1     [  44% ] 001/100 VUs  3m03.0s/7m0s  50.00 iters/s

running (3m21.6s), 001/100 VUs, 9199 complete and 0 interrupted iterations
a1     [  44% ] 001/100 VUs  3m04.0s/7m0s  50.00 iters/s

running (3m22.6s), 001/100 VUs, 9249 complete and 0 interrupted iterations
a1     [  44% ] 001/100 VUs  3m05.0s/7m0s  50.00 iters/s

running (3m23.6s), 001/100 VUs, 9299 complete and 0 interrupted iterations
a1     [  44% ] 001/100 VUs  3m06.0s/7m0s  50.00 iters/s

running (3m24.6s), 001/100 VUs, 9349 complete and 0 interrupted iterations
a1     [  45% ] 001/100 VUs  3m07.0s/7m0s  50.00 iters/s

running (3m25.6s), 001/100 VUs, 9399 complete and 0 interrupted iterations
a1     [  45% ] 001/100 VUs  3m08.0s/7m0s  50.00 iters/s

running (3m26.6s), 001/100 VUs, 9449 complete and 0 interrupted iterations
a1     [  45% ] 001/100 VUs  3m09.0s/7m0s  50.00 iters/s

running (3m27.6s), 001/100 VUs, 9499 complete and 0 interrupted iterations
a1     [  45% ] 001/100 VUs  3m10.0s/7m0s  50.00 iters/s

running (3m28.6s), 001/100 VUs, 9549 complete and 0 interrupted iterations
a1     [  45% ] 001/100 VUs  3m11.0s/7m0s  50.00 iters/s

running (3m29.6s), 001/100 VUs, 9599 complete and 0 interrupted iterations
a1     [  46% ] 001/100 VUs  3m12.0s/7m0s  50.00 iters/s

running (3m30.6s), 001/100 VUs, 9649 complete and 0 interrupted iterations
a1     [  46% ] 001/100 VUs  3m13.0s/7m0s  50.00 iters/s

running (3m31.6s), 000/100 VUs, 9699 complete and 0 interrupted iterations
a1     [  46% ] 000/100 VUs  3m14.0s/7m0s  50.00 iters/s

running (3m32.6s), 001/100 VUs, 9749 complete and 0 interrupted iterations
a1     [  46% ] 001/100 VUs  3m15.0s/7m0s  50.00 iters/s

running (3m33.6s), 001/100 VUs, 9799 complete and 0 interrupted iterations
a1     [  47% ] 001/100 VUs  3m16.0s/7m0s  50.00 iters/s

running (3m34.6s), 001/100 VUs, 9849 complete and 0 interrupted iterations
a1     [  47% ] 001/100 VUs  3m17.0s/7m0s  50.00 iters/s

running (3m35.6s), 001/100 VUs, 9899 complete and 0 interrupted iterations
a1     [  47% ] 001/100 VUs  3m18.0s/7m0s  50.00 iters/s

running (3m36.6s), 001/100 VUs, 9949 complete and 0 interrupted iterations
a1     [  47% ] 001/100 VUs  3m19.0s/7m0s  50.00 iters/s

running (3m37.6s), 000/100 VUs, 9999 complete and 0 interrupted iterations
a1     [  48% ] 000/100 VUs  3m20.0s/7m0s  50.00 iters/s

running (3m38.6s), 001/100 VUs, 10049 complete and 0 interrupted iterations
a1     [  48% ] 001/100 VUs  3m21.0s/7m0s  50.00 iters/s

running (3m39.6s), 001/100 VUs, 10099 complete and 0 interrupted iterations
a1     [  48% ] 001/100 VUs  3m22.0s/7m0s  50.00 iters/s

running (3m40.6s), 001/100 VUs, 10149 complete and 0 interrupted iterations
a1     [  48% ] 001/100 VUs  3m23.0s/7m0s  50.00 iters/s

running (3m41.6s), 001/100 VUs, 10199 complete and 0 interrupted iterations
a1     [  49% ] 001/100 VUs  3m24.0s/7m0s  50.00 iters/s

running (3m42.6s), 001/100 VUs, 10249 complete and 0 interrupted iterations
a1     [  49% ] 001/100 VUs  3m25.0s/7m0s  50.00 iters/s

running (3m43.6s), 001/100 VUs, 10299 complete and 0 interrupted iterations
a1     [  49% ] 001/100 VUs  3m26.0s/7m0s  50.00 iters/s

running (3m44.6s), 001/100 VUs, 10349 complete and 0 interrupted iterations
a1     [  49% ] 001/100 VUs  3m27.0s/7m0s  50.00 iters/s

running (3m48.5s), 001/100 VUs, 10399 complete and 0 interrupted iterations
a1     [  50% ] 001/100 VUs  3m28.0s/7m0s  50.00 iters/s

running (3m49.5s), 001/100 VUs, 10449 complete and 0 interrupted iterations
a1     [  50% ] 001/100 VUs  3m29.0s/7m0s  50.00 iters/s

running (3m50.5s), 001/100 VUs, 10499 complete and 0 interrupted iterations
a1     [  50% ] 001/100 VUs  3m30.0s/7m0s  50.00 iters/s

running (3m51.5s), 001/100 VUs, 10549 complete and 0 interrupted iterations
a1     [  50% ] 001/100 VUs  3m31.0s/7m0s  50.00 iters/s

running (3m52.5s), 001/100 VUs, 10599 complete and 0 interrupted iterations
a1     [  50% ] 001/100 VUs  3m32.0s/7m0s  50.00 iters/s

running (3m53.5s), 001/100 VUs, 10649 complete and 0 interrupted iterations
a1     [  51% ] 001/100 VUs  3m33.0s/7m0s  50.00 iters/s

running (3m54.5s), 001/100 VUs, 10699 complete and 0 interrupted iterations
a1     [  51% ] 001/100 VUs  3m34.0s/7m0s  50.00 iters/s

running (3m55.5s), 001/100 VUs, 10749 complete and 0 interrupted iterations
a1     [  51% ] 001/100 VUs  3m35.0s/7m0s  50.00 iters/s

running (3m56.5s), 001/100 VUs, 10799 complete and 0 interrupted iterations
a1     [  51% ] 001/100 VUs  3m36.0s/7m0s  50.00 iters/s

running (3m57.5s), 001/100 VUs, 10849 complete and 0 interrupted iterations
a1     [  52% ] 001/100 VUs  3m37.0s/7m0s  50.00 iters/s

running (3m58.5s), 001/100 VUs, 10899 complete and 0 interrupted iterations
a1     [  52% ] 001/100 VUs  3m38.0s/7m0s  50.00 iters/s

running (3m59.5s), 001/100 VUs, 10949 complete and 0 interrupted iterations
a1     [  52% ] 001/100 VUs  3m39.0s/7m0s  50.00 iters/s

running (4m00.5s), 001/100 VUs, 10999 complete and 0 interrupted iterations
a1     [  52% ] 001/100 VUs  3m40.0s/7m0s  50.00 iters/s

running (4m01.5s), 001/100 VUs, 11049 complete and 0 interrupted iterations
a1     [  53% ] 001/100 VUs  3m41.0s/7m0s  50.00 iters/s

running (4m02.5s), 001/100 VUs, 11099 complete and 0 interrupted iterations
a1     [  53% ] 001/100 VUs  3m42.0s/7m0s  50.00 iters/s
time="2026-09-04T19:02:27+05:00" level=warning msg="The test has generated metrics with 200037 unique time series, which is higher than the suggested limit of 100000 and could cause high memory usage. Consider not using high-cardinality values like unique IDs as metric tags or, if you need them in the URL, use the name metric tag or URL grouping. See https://grafana.com/docs/k6/latest/using-k6/tags-and-groups/ for details." component=metrics-engine-ingester

running (4m03.5s), 001/100 VUs, 11149 complete and 0 interrupted iterations
a1     [  53% ] 001/100 VUs  3m43.0s/7m0s  50.00 iters/s

running (4m04.5s), 001/100 VUs, 11199 complete and 0 interrupted iterations
a1     [  53% ] 001/100 VUs  3m44.0s/7m0s  50.00 iters/s

running (4m05.5s), 001/100 VUs, 11249 complete and 0 interrupted iterations
a1     [  54% ] 001/100 VUs  3m45.0s/7m0s  50.00 iters/s

running (4m06.5s), 001/100 VUs, 11299 complete and 0 interrupted iterations
a1     [  54% ] 001/100 VUs  3m46.0s/7m0s  50.00 iters/s

running (4m07.5s), 001/100 VUs, 11349 complete and 0 interrupted iterations
a1     [  54% ] 001/100 VUs  3m47.0s/7m0s  50.00 iters/s

running (4m08.5s), 001/100 VUs, 11399 complete and 0 interrupted iterations
a1     [  54% ] 001/100 VUs  3m48.0s/7m0s  50.00 iters/s

running (4m09.5s), 001/100 VUs, 11449 complete and 0 interrupted iterations
a1     [  55% ] 001/100 VUs  3m49.0s/7m0s  50.00 iters/s

running (4m10.5s), 001/100 VUs, 11499 complete and 0 interrupted iterations
a1     [  55% ] 001/100 VUs  3m50.0s/7m0s  50.00 iters/s

running (4m11.5s), 001/100 VUs, 11549 complete and 0 interrupted iterations
a1     [  55% ] 001/100 VUs  3m51.0s/7m0s  50.00 iters/s

running (4m12.5s), 001/100 VUs, 11599 complete and 0 interrupted iterations
a1     [  55% ] 001/100 VUs  3m52.0s/7m0s  50.00 iters/s

running (4m13.5s), 001/100 VUs, 11649 complete and 0 interrupted iterations
a1     [  55% ] 001/100 VUs  3m53.0s/7m0s  50.00 iters/s

running (4m14.5s), 001/100 VUs, 11699 complete and 0 interrupted iterations
a1     [  56% ] 001/100 VUs  3m54.0s/7m0s  50.00 iters/s

running (4m15.5s), 001/100 VUs, 11749 complete and 0 interrupted iterations
a1     [  56% ] 001/100 VUs  3m55.0s/7m0s  50.00 iters/s

running (4m16.5s), 001/100 VUs, 11799 complete and 0 interrupted iterations
a1     [  56% ] 001/100 VUs  3m56.0s/7m0s  50.00 iters/s

running (4m17.5s), 001/100 VUs, 11849 complete and 0 interrupted iterations
a1     [  56% ] 001/100 VUs  3m57.0s/7m0s  50.00 iters/s

running (4m18.5s), 001/100 VUs, 11899 complete and 0 interrupted iterations
a1     [  57% ] 001/100 VUs  3m58.0s/7m0s  50.00 iters/s

running (4m19.5s), 002/100 VUs, 11948 complete and 0 interrupted iterations
a1     [  57% ] 002/100 VUs  3m59.0s/7m0s  50.00 iters/s

running (4m23.4s), 001/100 VUs, 11999 complete and 0 interrupted iterations
a1     [  57% ] 001/100 VUs  4m00.0s/7m0s  50.00 iters/s

running (4m24.4s), 001/100 VUs, 12049 complete and 0 interrupted iterations
a1     [  57% ] 001/100 VUs  4m01.0s/7m0s  50.00 iters/s

running (4m25.4s), 001/100 VUs, 12099 complete and 0 interrupted iterations
a1     [  58% ] 001/100 VUs  4m02.0s/7m0s  50.00 iters/s

running (4m26.4s), 001/100 VUs, 12149 complete and 0 interrupted iterations
a1     [  58% ] 001/100 VUs  4m03.0s/7m0s  50.00 iters/s

running (4m27.4s), 001/100 VUs, 12199 complete and 0 interrupted iterations
a1     [  58% ] 001/100 VUs  4m04.0s/7m0s  50.00 iters/s

running (4m28.4s), 001/100 VUs, 12249 complete and 0 interrupted iterations
a1     [  58% ] 001/100 VUs  4m05.0s/7m0s  50.00 iters/s

running (4m29.4s), 001/100 VUs, 12299 complete and 0 interrupted iterations
a1     [  59% ] 001/100 VUs  4m06.0s/7m0s  50.00 iters/s

running (4m30.4s), 000/100 VUs, 12349 complete and 0 interrupted iterations
a1     [  59% ] 000/100 VUs  4m07.0s/7m0s  50.00 iters/s

running (4m31.4s), 001/100 VUs, 12399 complete and 0 interrupted iterations
a1     [  59% ] 001/100 VUs  4m08.0s/7m0s  50.00 iters/s

running (4m32.4s), 001/100 VUs, 12449 complete and 0 interrupted iterations
a1     [  59% ] 001/100 VUs  4m09.0s/7m0s  50.00 iters/s

running (4m33.4s), 001/100 VUs, 12499 complete and 0 interrupted iterations
a1     [  60% ] 001/100 VUs  4m10.0s/7m0s  50.00 iters/s

running (4m34.4s), 001/100 VUs, 12549 complete and 0 interrupted iterations
a1     [  60% ] 001/100 VUs  4m11.0s/7m0s  50.00 iters/s

running (4m35.4s), 001/100 VUs, 12599 complete and 0 interrupted iterations
a1     [  60% ] 001/100 VUs  4m12.0s/7m0s  50.00 iters/s

running (4m36.4s), 001/100 VUs, 12649 complete and 0 interrupted iterations
a1     [  60% ] 001/100 VUs  4m13.0s/7m0s  50.00 iters/s

running (4m37.4s), 001/100 VUs, 12699 complete and 0 interrupted iterations
a1     [  60% ] 001/100 VUs  4m14.0s/7m0s  50.00 iters/s

running (4m38.4s), 001/100 VUs, 12749 complete and 0 interrupted iterations
a1     [  61% ] 001/100 VUs  4m15.0s/7m0s  50.00 iters/s

running (4m39.4s), 001/100 VUs, 12799 complete and 0 interrupted iterations
a1     [  61% ] 001/100 VUs  4m16.0s/7m0s  50.00 iters/s

running (4m40.4s), 001/100 VUs, 12849 complete and 0 interrupted iterations
a1     [  61% ] 001/100 VUs  4m17.0s/7m0s  50.00 iters/s

running (4m41.4s), 001/100 VUs, 12899 complete and 0 interrupted iterations
a1     [  61% ] 001/100 VUs  4m18.0s/7m0s  50.00 iters/s

running (4m42.4s), 001/100 VUs, 12949 complete and 0 interrupted iterations
a1     [  62% ] 001/100 VUs  4m19.0s/7m0s  50.00 iters/s

running (4m43.4s), 000/100 VUs, 12999 complete and 0 interrupted iterations
a1     [  62% ] 000/100 VUs  4m20.0s/7m0s  50.00 iters/s

running (4m44.4s), 001/100 VUs, 13049 complete and 0 interrupted iterations
a1     [  62% ] 001/100 VUs  4m21.0s/7m0s  50.00 iters/s

running (4m45.4s), 001/100 VUs, 13099 complete and 0 interrupted iterations
a1     [  62% ] 001/100 VUs  4m22.0s/7m0s  50.00 iters/s

running (4m46.4s), 001/100 VUs, 13149 complete and 0 interrupted iterations
a1     [  63% ] 001/100 VUs  4m23.0s/7m0s  50.00 iters/s

running (4m47.4s), 001/100 VUs, 13199 complete and 0 interrupted iterations
a1     [  63% ] 001/100 VUs  4m24.0s/7m0s  50.00 iters/s

running (4m48.4s), 001/100 VUs, 13249 complete and 0 interrupted iterations
a1     [  63% ] 001/100 VUs  4m25.0s/7m0s  50.00 iters/s

running (4m49.4s), 001/100 VUs, 13299 complete and 0 interrupted iterations
a1     [  63% ] 001/100 VUs  4m26.0s/7m0s  50.00 iters/s

running (4m50.4s), 001/100 VUs, 13349 complete and 0 interrupted iterations
a1     [  64% ] 001/100 VUs  4m27.0s/7m0s  50.00 iters/s

running (4m51.4s), 001/100 VUs, 13399 complete and 0 interrupted iterations
a1     [  64% ] 001/100 VUs  4m28.0s/7m0s  50.00 iters/s

running (4m52.4s), 001/100 VUs, 13449 complete and 0 interrupted iterations
a1     [  64% ] 001/100 VUs  4m29.0s/7m0s  50.00 iters/s

running (4m53.4s), 001/100 VUs, 13499 complete and 0 interrupted iterations
a1     [  64% ] 001/100 VUs  4m30.0s/7m0s  50.00 iters/s

running (4m54.4s), 001/100 VUs, 13549 complete and 0 interrupted iterations
a1     [  65% ] 001/100 VUs  4m31.0s/7m0s  50.00 iters/s

running (4m58.4s), 001/100 VUs, 13599 complete and 0 interrupted iterations
a1     [  65% ] 001/100 VUs  4m32.0s/7m0s  50.00 iters/s

running (4m59.4s), 001/100 VUs, 13649 complete and 0 interrupted iterations
a1     [  65% ] 001/100 VUs  4m33.0s/7m0s  50.00 iters/s

running (5m00.4s), 001/100 VUs, 13699 complete and 0 interrupted iterations
a1     [  65% ] 001/100 VUs  4m34.0s/7m0s  50.00 iters/s

running (5m01.4s), 001/100 VUs, 13749 complete and 0 interrupted iterations
a1     [  65% ] 001/100 VUs  4m35.0s/7m0s  50.00 iters/s

running (5m02.4s), 001/100 VUs, 13799 complete and 0 interrupted iterations
a1     [  66% ] 001/100 VUs  4m36.0s/7m0s  50.00 iters/s

running (5m03.4s), 001/100 VUs, 13849 complete and 0 interrupted iterations
a1     [  66% ] 001/100 VUs  4m37.0s/7m0s  50.00 iters/s

running (5m04.4s), 000/100 VUs, 13899 complete and 0 interrupted iterations
a1     [  66% ] 000/100 VUs  4m38.0s/7m0s  50.00 iters/s

running (5m05.4s), 000/100 VUs, 13949 complete and 0 interrupted iterations
a1     [  66% ] 000/100 VUs  4m39.0s/7m0s  50.00 iters/s

running (5m06.4s), 001/100 VUs, 13999 complete and 0 interrupted iterations
a1     [  67% ] 001/100 VUs  4m40.0s/7m0s  50.00 iters/s

running (5m07.4s), 000/100 VUs, 14049 complete and 0 interrupted iterations
a1     [  67% ] 000/100 VUs  4m41.0s/7m0s  50.00 iters/s

running (5m08.4s), 001/100 VUs, 14099 complete and 0 interrupted iterations
a1     [  67% ] 001/100 VUs  4m42.0s/7m0s  50.00 iters/s

running (5m09.4s), 001/100 VUs, 14149 complete and 0 interrupted iterations
a1     [  67% ] 001/100 VUs  4m43.0s/7m0s  50.00 iters/s

running (5m10.4s), 001/100 VUs, 14199 complete and 0 interrupted iterations
a1     [  68% ] 001/100 VUs  4m44.0s/7m0s  50.00 iters/s

running (5m11.4s), 001/100 VUs, 14249 complete and 0 interrupted iterations
a1     [  68% ] 001/100 VUs  4m45.0s/7m0s  50.00 iters/s

running (5m12.4s), 001/100 VUs, 14299 complete and 0 interrupted iterations
a1     [  68% ] 001/100 VUs  4m46.0s/7m0s  50.00 iters/s

running (5m13.4s), 001/100 VUs, 14349 complete and 0 interrupted iterations
a1     [  68% ] 001/100 VUs  4m47.0s/7m0s  50.00 iters/s

running (5m14.4s), 001/100 VUs, 14399 complete and 0 interrupted iterations
a1     [  69% ] 001/100 VUs  4m48.0s/7m0s  50.00 iters/s

running (5m15.4s), 001/100 VUs, 14449 complete and 0 interrupted iterations
a1     [  69% ] 001/100 VUs  4m49.0s/7m0s  50.00 iters/s

running (5m16.4s), 001/100 VUs, 14499 complete and 0 interrupted iterations
a1     [  69% ] 001/100 VUs  4m50.0s/7m0s  50.00 iters/s

running (5m17.4s), 022/100 VUs, 14528 complete and 0 interrupted iterations
a1     [  69% ] 022/100 VUs  4m51.0s/7m0s  50.00 iters/s

running (5m18.4s), 001/100 VUs, 14599 complete and 0 interrupted iterations
a1     [  70% ] 001/100 VUs  4m52.0s/7m0s  50.00 iters/s

running (5m19.4s), 001/100 VUs, 14649 complete and 0 interrupted iterations
a1     [  70% ] 001/100 VUs  4m53.0s/7m0s  50.00 iters/s

running (5m20.4s), 000/100 VUs, 14699 complete and 0 interrupted iterations
a1     [  70% ] 000/100 VUs  4m54.0s/7m0s  50.00 iters/s

running (5m21.4s), 001/100 VUs, 14749 complete and 0 interrupted iterations
a1     [  70% ] 001/100 VUs  4m55.0s/7m0s  50.00 iters/s

running (5m22.4s), 001/100 VUs, 14799 complete and 0 interrupted iterations
a1     [  70% ] 001/100 VUs  4m56.0s/7m0s  50.00 iters/s

running (5m23.4s), 000/100 VUs, 14849 complete and 0 interrupted iterations
a1     [  71% ] 000/100 VUs  4m57.0s/7m0s  50.00 iters/s

running (5m24.4s), 000/100 VUs, 14899 complete and 0 interrupted iterations
a1     [  71% ] 000/100 VUs  4m58.0s/7m0s  50.00 iters/s

running (5m25.4s), 001/100 VUs, 14949 complete and 0 interrupted iterations
a1     [  71% ] 001/100 VUs  4m59.0s/7m0s  50.00 iters/s

running (5m26.8s), 000/100 VUs, 15019 complete and 0 interrupted iterations
a1     [  72% ] 000/100 VUs  5m00.4s/7m0s  50.00 iters/s

running (5m27.4s), 024/100 VUs, 15026 complete and 0 interrupted iterations
a1     [  72% ] 024/100 VUs  5m01.0s/7m0s  50.00 iters/s

running (5m28.4s), 051/100 VUs, 15049 complete and 0 interrupted iterations
a1     [  72% ] 051/100 VUs  5m02.0s/7m0s  50.00 iters/s

running (5m29.4s), 085/100 VUs, 15064 complete and 0 interrupted iterations
a1     [  72% ] 085/100 VUs  5m03.1s/7m0s  50.00 iters/s

running (5m30.4s), 087/100 VUs, 15064 complete and 0 interrupted iterations
a1     [  72% ] 087/100 VUs  5m04.0s/7m0s  50.00 iters/s

running (5m34.3s), 001/101 VUs, 15208 complete and 0 interrupted iterations
a1     [  73% ] 001/101 VUs  5m05.0s/7m0s  50.00 iters/s

running (5m35.4s), 018/101 VUs, 15245 complete and 0 interrupted iterations
a1     [  73% ] 018/101 VUs  5m06.1s/7m0s  50.00 iters/s

running (5m36.3s), 005/101 VUs, 15304 complete and 0 interrupted iterations
a1     [  73% ] 005/101 VUs  5m07.0s/7m0s  50.00 iters/s

running (5m37.3s), 009/101 VUs, 15350 complete and 0 interrupted iterations
a1     [  73% ] 009/101 VUs  5m08.0s/7m0s  50.00 iters/s

running (5m38.3s), 024/101 VUs, 15385 complete and 0 interrupted iterations
a1     [  74% ] 024/101 VUs  5m09.0s/7m0s  50.00 iters/s

running (5m39.3s), 016/101 VUs, 15443 complete and 0 interrupted iterations
a1     [  74% ] 016/101 VUs  5m10.0s/7m0s  50.00 iters/s

running (5m40.3s), 019/101 VUs, 15490 complete and 0 interrupted iterations
a1     [  74% ] 019/101 VUs  5m11.0s/7m0s  50.00 iters/s

running (5m41.4s), 015/101 VUs, 15547 complete and 0 interrupted iterations
a1     [  74% ] 015/101 VUs  5m12.0s/7m0s  50.00 iters/s

running (5m42.3s), 061/101 VUs, 15548 complete and 0 interrupted iterations
a1     [  75% ] 061/101 VUs  5m13.0s/7m0s  50.00 iters/s

running (5m43.3s), 047/101 VUs, 15609 complete and 0 interrupted iterations
a1     [  75% ] 047/101 VUs  5m14.0s/7m0s  50.00 iters/s

running (5m44.3s), 018/101 VUs, 15691 complete and 0 interrupted iterations
a1     [  75% ] 018/101 VUs  5m15.0s/7m0s  50.00 iters/s

running (5m45.3s), 025/101 VUs, 15735 complete and 0 interrupted iterations
a1     [  75% ] 025/101 VUs  5m16.0s/7m0s  50.00 iters/s

running (5m46.3s), 006/101 VUs, 15801 complete and 0 interrupted iterations
a1     [  75% ] 007/101 VUs  5m17.0s/7m0s  50.00 iters/s

running (5m47.3s), 011/101 VUs, 15849 complete and 0 interrupted iterations
a1     [  76% ] 011/101 VUs  5m18.0s/7m0s  50.00 iters/s

running (5m48.3s), 001/101 VUs, 15908 complete and 0 interrupted iterations
a1     [  76% ] 001/101 VUs  5m19.0s/7m0s  50.00 iters/s

running (5m49.3s), 027/101 VUs, 15931 complete and 0 interrupted iterations
a1     [  76% ] 027/101 VUs  5m20.0s/7m0s  50.00 iters/s

running (5m50.3s), 031/101 VUs, 15980 complete and 0 interrupted iterations
a1     [  76% ] 031/101 VUs  5m21.0s/7m0s  50.00 iters/s

running (5m51.3s), 001/101 VUs, 16058 complete and 0 interrupted iterations
a1     [  77% ] 001/101 VUs  5m22.0s/7m0s  50.00 iters/s

running (5m52.3s), 016/101 VUs, 16093 complete and 0 interrupted iterations
a1     [  77% ] 016/101 VUs  5m23.0s/7m0s  50.00 iters/s

running (5m53.3s), 052/101 VUs, 16107 complete and 0 interrupted iterations
a1     [  77% ] 052/101 VUs  5m24.0s/7m0s  50.00 iters/s

running (5m54.3s), 085/101 VUs, 16125 complete and 0 interrupted iterations
a1     [  77% ] 085/101 VUs  5m25.0s/7m0s  50.00 iters/s

running (5m55.3s), 023/102 VUs, 16224 complete and 0 interrupted iterations
a1     [  78% ] 023/102 VUs  5m26.0s/7m0s  50.00 iters/s

running (5m56.3s), 018/102 VUs, 16279 complete and 0 interrupted iterations
a1     [  78% ] 018/102 VUs  5m27.0s/7m0s  50.00 iters/s

running (5m57.4s), 035/102 VUs, 16316 complete and 0 interrupted iterations
a1     [  78% ] 035/102 VUs  5m28.1s/7m0s  50.00 iters/s

running (5m58.3s), 080/102 VUs, 16318 complete and 0 interrupted iterations
a1     [  78% ] 080/102 VUs  5m29.0s/7m0s  50.00 iters/s

running (5m59.3s), 102/103 VUs, 16335 complete and 0 interrupted iterations
a1     [  79% ] 102/103 VUs  5m30.0s/7m0s  50.00 iters/s

running (6m00.4s), 093/109 VUs, 16372 complete and 0 interrupted iterations
a1     [  79% ] 093/109 VUs  5m31.1s/7m0s  50.00 iters/s

running (6m01.3s), 115/115 VUs, 16378 complete and 0 interrupted iterations
a1     [  79% ] 115/115 VUs  5m32.0s/7m0s  50.00 iters/s

running (6m02.3s), 118/118 VUs, 16390 complete and 0 interrupted iterations
a1     [  79% ] 118/118 VUs  5m33.0s/7m0s  50.00 iters/s

running (6m03.3s), 110/122 VUs, 16442 complete and 0 interrupted iterations
a1     [  80% ] 110/122 VUs  5m34.0s/7m0s  50.00 iters/s

running (6m04.4s), 076/122 VUs, 16518 complete and 0 interrupted iterations
a1     [  80% ] 076/122 VUs  5m35.1s/7m0s  50.00 iters/s

running (6m05.4s), 061/122 VUs, 16589 complete and 0 interrupted iterations
a1     [  80% ] 061/122 VUs  5m36.1s/7m0s  50.00 iters/s

running (6m06.3s), 087/122 VUs, 16614 complete and 0 interrupted iterations
a1     [  80% ] 087/122 VUs  5m37.0s/7m0s  50.00 iters/s

running (6m10.3s), 004/122 VUs, 16748 complete and 0 interrupted iterations
a1     [  80% ] 004/122 VUs  5m38.0s/7m0s  50.00 iters/s

running (6m11.3s), 006/122 VUs, 16795 complete and 0 interrupted iterations
a1     [  81% ] 006/122 VUs  5m39.0s/7m0s  50.00 iters/s

running (6m12.3s), 005/122 VUs, 16847 complete and 0 interrupted iterations
a1     [  81% ] 005/122 VUs  5m40.0s/7m0s  50.00 iters/s

running (6m13.3s), 013/122 VUs, 16889 complete and 0 interrupted iterations
a1     [  81% ] 013/122 VUs  5m41.0s/7m0s  50.00 iters/s

running (6m14.3s), 020/122 VUs, 16932 complete and 0 interrupted iterations
a1     [  81% ] 020/122 VUs  5m42.0s/7m0s  50.00 iters/s

running (6m15.3s), 022/122 VUs, 16980 complete and 0 interrupted iterations
a1     [  82% ] 022/122 VUs  5m43.0s/7m0s  50.00 iters/s

running (6m16.3s), 003/122 VUs, 17049 complete and 0 interrupted iterations
a1     [  82% ] 003/122 VUs  5m44.0s/7m0s  50.00 iters/s

running (6m17.3s), 001/122 VUs, 17101 complete and 0 interrupted iterations
a1     [  82% ] 001/122 VUs  5m45.0s/7m0s  50.00 iters/s

running (6m18.3s), 001/122 VUs, 17151 complete and 0 interrupted iterations
a1     [  82% ] 001/122 VUs  5m46.0s/7m0s  50.00 iters/s

running (6m19.3s), 001/122 VUs, 17201 complete and 0 interrupted iterations
a1     [  83% ] 001/122 VUs  5m47.0s/7m0s  50.00 iters/s

running (6m20.3s), 021/122 VUs, 17232 complete and 0 interrupted iterations
a1     [  83% ] 021/122 VUs  5m48.0s/7m0s  50.00 iters/s

running (6m21.4s), 018/122 VUs, 17287 complete and 0 interrupted iterations
a1     [  83% ] 018/122 VUs  5m49.0s/7m0s  50.00 iters/s

running (6m22.3s), 022/122 VUs, 17330 complete and 0 interrupted iterations
a1     [  83% ] 022/122 VUs  5m50.0s/7m0s  50.00 iters/s

running (6m23.4s), 007/122 VUs, 17398 complete and 0 interrupted iterations
a1     [  84% ] 007/122 VUs  5m51.1s/7m0s  50.00 iters/s

running (6m24.4s), 018/122 VUs, 17429 complete and 0 interrupted iterations
a1     [  84% ] 018/122 VUs  5m52.1s/7m0s  50.00 iters/s

running (6m25.3s), 056/122 VUs, 17446 complete and 0 interrupted iterations
a1     [  84% ] 056/122 VUs  5m53.0s/7m0s  50.00 iters/s

running (6m26.3s), 046/122 VUs, 17506 complete and 0 interrupted iterations
a1     [  84% ] 046/122 VUs  5m54.0s/7m0s  50.00 iters/s

running (6m27.3s), 025/122 VUs, 17578 complete and 0 interrupted iterations
a1     [  85% ] 025/122 VUs  5m55.0s/7m0s  50.00 iters/s

running (6m28.3s), 004/122 VUs, 17648 complete and 0 interrupted iterations
a1     [  85% ] 004/122 VUs  5m56.0s/7m0s  50.00 iters/s

running (6m29.3s), 001/122 VUs, 17701 complete and 0 interrupted iterations
a1     [  85% ] 001/122 VUs  5m57.0s/7m0s  50.00 iters/s

running (6m30.3s), 007/122 VUs, 17745 complete and 0 interrupted iterations
a1     [  85% ] 007/122 VUs  5m58.0s/7m0s  50.00 iters/s

running (6m31.3s), 028/122 VUs, 17774 complete and 0 interrupted iterations
a1     [  85% ] 028/122 VUs  5m59.0s/7m0s  50.00 iters/s

running (6m32.3s), 015/122 VUs, 17837 complete and 0 interrupted iterations
a1     [  86% ] 015/122 VUs  6m00.0s/7m0s  50.00 iters/s

running (6m33.3s), 002/122 VUs, 17900 complete and 0 interrupted iterations
a1     [  86% ] 002/122 VUs  6m01.0s/7m0s  50.00 iters/s

running (6m34.3s), 001/122 VUs, 17951 complete and 0 interrupted iterations
a1     [  86% ] 001/122 VUs  6m02.0s/7m0s  50.00 iters/s

running (6m35.3s), 014/122 VUs, 17988 complete and 0 interrupted iterations
a1     [  86% ] 014/122 VUs  6m03.0s/7m0s  50.00 iters/s

running (6m36.3s), 029/122 VUs, 18021 complete and 0 interrupted iterations
a1     [  87% ] 029/122 VUs  6m04.0s/7m0s  50.00 iters/s

running (6m37.3s), 030/122 VUs, 18072 complete and 0 interrupted iterations
a1     [  87% ] 030/122 VUs  6m05.0s/7m0s  50.00 iters/s

running (6m38.3s), 006/122 VUs, 18146 complete and 0 interrupted iterations
a1     [  87% ] 006/122 VUs  6m06.0s/7m0s  50.00 iters/s

running (6m39.3s), 024/122 VUs, 18178 complete and 0 interrupted iterations
a1     [  87% ] 024/122 VUs  6m07.0s/7m0s  50.00 iters/s

running (6m40.3s), 014/122 VUs, 18238 complete and 0 interrupted iterations
a1     [  88% ] 014/122 VUs  6m08.0s/7m0s  50.00 iters/s

running (6m41.4s), 026/122 VUs, 18280 complete and 0 interrupted iterations
a1     [  88% ] 026/122 VUs  6m09.1s/7m0s  50.00 iters/s

running (6m45.1s), 006/122 VUs, 18346 complete and 0 interrupted iterations
a1     [  88% ] 006/122 VUs  6m10.0s/7m0s  50.00 iters/s

running (6m46.1s), 015/122 VUs, 18387 complete and 0 interrupted iterations
a1     [  88% ] 015/122 VUs  6m11.0s/7m0s  50.00 iters/s

running (6m47.1s), 002/122 VUs, 18450 complete and 0 interrupted iterations
a1     [  89% ] 002/122 VUs  6m12.0s/7m0s  50.00 iters/s

running (6m48.1s), 008/122 VUs, 18494 complete and 0 interrupted iterations
a1     [  89% ] 008/122 VUs  6m13.0s/7m0s  50.00 iters/s

running (6m49.1s), 045/122 VUs, 18509 complete and 0 interrupted iterations
a1     [  89% ] 045/122 VUs  6m14.0s/7m0s  50.00 iters/s

running (6m50.1s), 093/122 VUs, 18509 complete and 0 interrupted iterations
a1     [  89% ] 093/122 VUs  6m15.0s/7m0s  50.00 iters/s

running (6m51.1s), 054/122 VUs, 18598 complete and 0 interrupted iterations
a1     [  90% ] 054/122 VUs  6m16.0s/7m0s  50.00 iters/s

running (6m52.1s), 104/122 VUs, 18598 complete and 0 interrupted iterations
a1     [  90% ] 104/122 VUs  6m17.0s/7m0s  50.00 iters/s

running (6m53.1s), 122/122 VUs, 18598 complete and 0 interrupted iterations
a1     [  90% ] 122/122 VUs  6m18.0s/7m0s  50.00 iters/s

running (6m54.2s), 122/122 VUs, 18612 complete and 0 interrupted iterations
a1     [  90% ] 122/122 VUs  6m19.1s/7m0s  50.00 iters/s

running (6m55.1s), 101/123 VUs, 18641 complete and 0 interrupted iterations
a1     [  90% ] 101/123 VUs  6m20.0s/7m0s  50.00 iters/s

running (6m56.1s), 096/123 VUs, 18692 complete and 0 interrupted iterations
a1     [  91% ] 096/123 VUs  6m21.0s/7m0s  50.00 iters/s

running (6m57.2s), 017/123 VUs, 18830 complete and 0 interrupted iterations
a1     [  91% ] 017/123 VUs  6m22.1s/7m0s  50.00 iters/s

running (6m58.1s), 044/123 VUs, 18848 complete and 0 interrupted iterations
a1     [  91% ] 044/123 VUs  6m23.0s/7m0s  50.00 iters/s

running (6m59.1s), 053/123 VUs, 18882 complete and 0 interrupted iterations
a1     [  91% ] 053/123 VUs  6m24.0s/7m0s  50.00 iters/s

running (7m00.1s), 101/123 VUs, 18891 complete and 0 interrupted iterations
a1     [  92% ] 101/123 VUs  6m25.0s/7m0s  50.00 iters/s

running (7m01.1s), 118/125 VUs, 18919 complete and 0 interrupted iterations
a1     [  92% ] 118/125 VUs  6m26.0s/7m0s  50.00 iters/s

running (7m02.1s), 129/129 VUs, 18926 complete and 0 interrupted iterations
a1     [  92% ] 129/129 VUs  6m27.0s/7m0s  50.00 iters/s

running (7m03.1s), 137/137 VUs, 18926 complete and 0 interrupted iterations
a1     [  92% ] 137/137 VUs  6m28.0s/7m0s  50.00 iters/s

running (7m04.1s), 005/140 VUs, 19093 complete and 0 interrupted iterations
a1     [  93% ] 005/140 VUs  6m29.0s/7m0s  50.00 iters/s

running (7m05.1s), 031/140 VUs, 19117 complete and 0 interrupted iterations
a1     [  93% ] 031/140 VUs  6m30.0s/7m0s  50.00 iters/s

running (7m06.1s), 033/140 VUs, 19166 complete and 0 interrupted iterations
a1     [  93% ] 033/140 VUs  6m31.0s/7m0s  50.00 iters/s

running (7m07.1s), 072/140 VUs, 19176 complete and 0 interrupted iterations
a1     [  93% ] 072/140 VUs  6m32.0s/7m0s  50.00 iters/s

running (7m08.1s), 114/140 VUs, 19184 complete and 0 interrupted iterations
a1     [  94% ] 114/140 VUs  6m33.0s/7m0s  50.00 iters/s

running (7m09.1s), 124/140 VUs, 19224 complete and 0 interrupted iterations
a1     [  94% ] 124/140 VUs  6m34.0s/7m0s  50.00 iters/s

running (7m10.1s), 143/143 VUs, 19225 complete and 0 interrupted iterations
a1     [  94% ] 143/143 VUs  6m35.0s/7m0s  50.00 iters/s

running (7m11.1s), 148/148 VUs, 19229 complete and 0 interrupted iterations
a1     [  94% ] 148/148 VUs  6m36.0s/7m0s  50.00 iters/s

running (7m12.1s), 003/149 VUs, 19413 complete and 0 interrupted iterations
a1     [  95% ] 003/149 VUs  6m37.0s/7m0s  50.00 iters/s

running (7m13.1s), 003/149 VUs, 19463 complete and 0 interrupted iterations
a1     [  95% ] 003/149 VUs  6m38.0s/7m0s  50.00 iters/s

running (7m14.1s), 016/149 VUs, 19500 complete and 0 interrupted iterations
a1     [  95% ] 016/149 VUs  6m39.0s/7m0s  50.00 iters/s

running (7m15.1s), 067/149 VUs, 19500 complete and 0 interrupted iterations
a1     [  95% ] 067/149 VUs  6m40.0s/7m0s  50.00 iters/s

running (7m16.1s), 063/149 VUs, 19553 complete and 0 interrupted iterations
a1     [  95% ] 063/149 VUs  6m41.0s/7m0s  50.00 iters/s

running (7m17.1s), 083/149 VUs, 19583 complete and 0 interrupted iterations
a1     [  96% ] 083/149 VUs  6m42.0s/7m0s  50.00 iters/s

running (7m21.1s), 076/149 VUs, 19618 complete and 0 interrupted iterations
a1     [  96% ] 076/149 VUs  6m43.1s/7m0s  50.00 iters/s

running (7m22.0s), 004/149 VUs, 19762 complete and 0 interrupted iterations
a1     [  96% ] 004/149 VUs  6m44.0s/7m0s  50.00 iters/s

running (7m23.0s), 008/149 VUs, 19810 complete and 0 interrupted iterations
a1     [  96% ] 008/149 VUs  6m45.0s/7m0s  50.00 iters/s

running (7m24.0s), 002/149 VUs, 19864 complete and 0 interrupted iterations
a1     [  97% ] 002/149 VUs  6m46.0s/7m0s  50.00 iters/s

running (7m25.0s), 010/149 VUs, 19906 complete and 0 interrupted iterations
a1     [  97% ] 010/149 VUs  6m47.0s/7m0s  50.00 iters/s

running (7m26.0s), 057/149 VUs, 19907 complete and 0 interrupted iterations
a1     [  97% ] 057/149 VUs  6m48.0s/7m0s  50.00 iters/s

running (7m27.0s), 107/149 VUs, 19908 complete and 0 interrupted iterations
a1     [  97% ] 107/149 VUs  6m49.0s/7m0s  50.00 iters/s

running (7m28.0s), 148/149 VUs, 19910 complete and 0 interrupted iterations
a1     [  98% ] 148/149 VUs  6m50.0s/7m0s  50.00 iters/s

running (7m29.0s), 148/149 VUs, 19924 complete and 0 interrupted iterations
a1     [  98% ] 148/149 VUs  6m51.0s/7m0s  50.00 iters/s

running (7m30.0s), 124/151 VUs, 19967 complete and 0 interrupted iterations
a1     [  98% ] 124/150 VUs  6m52.0s/7m0s  50.00 iters/s

running (7m31.0s), 099/151 VUs, 20040 complete and 0 interrupted iterations
a1     [  98% ] 099/151 VUs  6m53.0s/7m0s  50.00 iters/s

running (7m32.0s), 140/151 VUs, 20050 complete and 0 interrupted iterations
a1     [  99% ] 140/151 VUs  6m54.0s/7m0s  50.00 iters/s

running (7m33.0s), 149/151 VUs, 20070 complete and 0 interrupted iterations
a1     [  99% ] 149/151 VUs  6m55.0s/7m0s  50.00 iters/s

running (7m34.0s), 145/158 VUs, 20107 complete and 0 interrupted iterations
a1     [  99% ] 145/158 VUs  6m56.0s/7m0s  50.00 iters/s

running (7m35.0s), 082/158 VUs, 20225 complete and 0 interrupted iterations
a1     [  99% ] 082/158 VUs  6m57.0s/7m0s  50.00 iters/s

running (7m36.0s), 013/158 VUs, 20344 complete and 0 interrupted iterations
a1     [ 100% ] 013/158 VUs  6m58.0s/7m0s  50.00 iters/s

running (7m37.0s), 016/158 VUs, 20391 complete and 0 interrupted iterations
a1     [ 100% ] 016/158 VUs  6m59.0s/7m0s  50.00 iters/s

running (7m38.0s), 010/158 VUs, 20447 complete and 0 interrupted iterations
a1     [ 100% ] 010/158 VUs  7m00.0s/7m0s  50.00 iters/s

running (7m38.2s), 000/158 VUs, 20458 complete and 0 interrupted iterations
a1   ✓ [ 100% ] 000/158 VUs  7m0s  50.00 iters/s

running (7m38.2s), 000/158 VUs, 20458 complete and 0 interrupted iterations
a1   ✓ [ 100% ] 000/158 VUs  7m0s  50.00 iters/s


  █ THRESHOLDS 

    http_req_failed
    ✓ 'rate<0.05' rate=0.00%


  █ TOTAL RESULTS 

    checks_total.......: 61374   133.954375/s
    checks_succeeded...: 100.00% 61374 out of 61374
    checks_failed......: 0.00%   0 out of 61374

    ✓ initiated
    ✓ validated
    ✓ terminal

    CUSTOM
    a1_lifecycle_duration..........: avg=316.68ms min=5ms    med=11ms   p(95)=2.56s    p(99)=4.64s max=7.23s
    a1_lifecycles_completed........: 20458 44.651458/s
    a1_transitions_committed.......: 61374 133.954375/s

    HTTP
    http_req_duration..............: avg=101.03ms min=1.22ms med=3.47ms p(95)=557.56ms p(99)=2.3s  max=4.9s 
      { expected_response:true }...: avg=101.03ms min=1.22ms med=3.47ms p(95)=557.56ms p(99)=2.3s  max=4.9s 
    http_req_failed................: 0.00% 0 out of 61374
    http_reqs......................: 61374 133.954375/s

    EXECUTION
    dropped_iterations.............: 543   1.185147/s
    iteration_duration.............: avg=285.14ms min=5.11ms med=10.6ms p(95)=2.04s    p(99)=4.38s max=7.7s 
    iterations.....................: 20458 44.651458/s
    vus............................: 10    min=1          max=149
    vus_max........................: 158   min=100        max=158

    NETWORK
    data_received..................: 23 MB 51 kB/s
    data_sent......................: 13 MB 29 kB/s




running (7m38.2s), 000/158 VUs, 20458 complete and 0 interrupted iterations
a1   ✓ [ 100% ] 000/158 VUs  7m0s  50.00 iters/s
