[18:57:48] === RUN CDC-P1-r3-F5-20260904185748 ===
[18:57:48] mode=CDC profile=P1 rep=3 tps=50 duration=420s fault=F5
[18:57:48] jar: target/master-thesis-observability-0.0.1-SNAPSHOT.jar
[18:57:48] workload tozalanmoqda (reference saqlanadi)
workload reset; reference data preserved
AQ backlog purged: 0 -> 0
[18:57:50] Kafka topigi qayta yaratilmoqda
[18:58:00] ilova ishga tushirilmoqda (mode=CDC)
[18:58:17] ilova tayyor (pid 552201)
[18:58:17] Debezium konnektori ro'yxatdan o'tkazilmoqda (CDC, prefix=obsv_cdc_p1_r3_f5_20260904185748)
konnektor ro'yxatdan o'tkazilmoqda: a1-cdc-obsv_cdc_p1_r3_f5_20260904185748 (prefix=obsv_cdc_p1_r3_f5_20260904185748)
konnektor RUNNING (2s)
streaming tasdiqlanmoqda (heartbeat topigi: __debezium-heartbeat.obsv_cdc_p1_r3_f5_20260904185748)
streaming tasdiqlandi (1 urinish)
[18:58:24] fault F5 30s dan keyin yuboriladi
[18:58:24] k6 yuklamasi boshlandi
[fault 18:58:57] bitta ochiq tranzaksiyada 5000 satr, 240 soniya ushlab turiladi
[fault 18:58:57] F5 tugadi
PL/SQL procedure successfully completed.

[19:06:07] pipeline bo'shashi kutilmoqda (maks 120s)
