[11:17:53] === RUN CDC-P1-r2-20260904111752 ===
[11:17:53] mode=CDC profile=P1 rep=2 tps=50 duration=120s fault=none
[11:17:53] jar: target/master-thesis-observability-0.0.1-SNAPSHOT.jar
[11:17:53] workload tozalanmoqda (reference saqlanadi)
workload reset; reference data preserved
AQ backlog purged: 0 -> 0
[11:17:54] Kafka topigi qayta yaratilmoqda
[11:18:03] ilova ishga tushirilmoqda (mode=CDC)
[11:18:15] ilova tayyor (pid 3851940)
[11:18:15] Debezium konnektori ro'yxatdan o'tkazilmoqda (CDC, prefix=obsv_cdc_p1_r2_20260904111752)
konnektor ro'yxatdan o'tkazilmoqda: a1-cdc-obsv_cdc_p1_r2_20260904111752 (prefix=obsv_cdc_p1_r2_20260904111752)
konnektor RUNNING (2s)
streaming tasdiqlanmoqda (heartbeat topigi: __debezium-heartbeat.obsv_cdc_p1_r2_20260904111752)
streaming tasdiqlandi (6 urinish)
[11:18:45] k6 yuklamasi boshlandi
[11:20:57] pipeline bo'shashi kutilmoqda (maks 120s)
[11:21:10] pipeline bo'sh (5s, sink=18003 xabar)
[11:21:24] ground truth eksport qilinmoqda
[11:21:24] Kafka topigi eksport qilinmoqda
[11:22:16] tahlil
{
  "mode": "CDC",
  "profile": "P1",
  "rep": "2",
  "fault": "none",
  "ground_truth_transitions": 18003,
  "delivered_distinct": 18003,
  "delivered_total": 18003,
  "matched": 18003,
  "missing": 0,
  "phantom": 0,
  "malformed": 0,
  "loss_rate": 0.0,
  "loss_rate_ppm": 0.0,
  "duplicate_rate": 0.0,
  "ordering_violation_rate": 0.0,
  "txns_split_across_partitions": 0,
  "latency_ms_p50": 3362,
  "latency_ms_p95": 6007,
  "latency_ms_p99": 7974,
  "latency_ms_max": 8471,
  "latency_ms_mean": 3458.5,
  "latency_samples": 18003,
  "latency_negative_samples": 0,
  "loss_rate_upper_bound_95_ppm": 166.64
}
[11:22:17] ilova va konnektor to'xtatilmoqda
connector o'chirilmoqda: a1-cdc-obsv_cdc_p1_r2_20260904111752
[11:22:21] === TUGADI: results/CDC-P1-r2-20260904111752 ===
