[15:08:39] === RUN WRAPPER_B1-P1-r2-F1-20260904150839 ===
[15:08:39] mode=WRAPPER_B1 profile=P1 rep=2 tps=50 duration=180s fault=F1
[15:08:39] jar: target/master-thesis-observability-0.0.1-SNAPSHOT.jar
[15:08:39] workload tozalanmoqda (reference saqlanadi)
workload reset; reference data preserved
AQ backlog purged: 0 -> 0
[15:08:43] Kafka topigi qayta yaratilmoqda
[15:08:52] ilova ishga tushirilmoqda (mode=WRAPPER_B1)
[15:09:07] ilova tayyor (pid 2186397)
[15:09:11] fault F1 60s dan keyin yuboriladi
[15:09:11] k6 yuklamasi boshlandi
[fault 15:10:14] SIGKILL ilovaga: 2186397
[fault 15:10:27] ilova qayta ishga tushirilmoqda (mode=results/WRAPPER_B3-P1-r91-20260903164920/run.log:WRAPPER_B3)
[fault 15:10:27] F1 tugadi
[15:12:26] k6 nolga teng bo'lmagan kod bilan tugadi (natija baribir tahlil qilinadi)
[15:12:26] pipeline bo'shashi kutilmoqda (maks 120s)
[15:12:40] pipeline bo'sh (4s, sink=8904 xabar)
[15:12:50] ground truth eksport qilinmoqda
[15:12:50] Kafka topigi eksport qilinmoqda
[15:13:17] tahlil
{
  "mode": "WRAPPER_B1",
  "profile": "P1",
  "rep": "2",
  "fault": "F1",
  "ground_truth_transitions": 8906,
  "delivered_distinct": 8904,
  "delivered_total": 8904,
  "matched": 8904,
  "missing": 2,
  "phantom": 0,
  "malformed": 0,
  "loss_rate": 0.00022457,
  "loss_rate_ppm": 224.57,
  "duplicate_rate": 0.0,
  "ordering_violation_rate": 0.0,
  "txns_split_across_partitions": 0,
  "latency_ms_p50": 0,
  "latency_ms_p95": 1,
  "latency_ms_p99": 2,
  "latency_ms_max": 1071,
  "latency_ms_mean": 1.7,
  "latency_samples": 8904,
  "latency_negative_samples": 3874
}
[15:13:18] ilova va konnektor to'xtatilmoqda
[15:13:21] === TUGADI: results/WRAPPER_B1-P1-r2-F1-20260904150839 ===
