[11:33:43] === RUN WRAPPER_B1-P1-r3-20260904113343 ===
[11:33:43] mode=WRAPPER_B1 profile=P1 rep=3 tps=50 duration=120s fault=none
[11:33:43] jar: target/master-thesis-observability-0.0.1-SNAPSHOT.jar
[11:33:43] workload tozalanmoqda (reference saqlanadi)
workload reset; reference data preserved
AQ backlog purged: 0 -> 0
[11:33:44] Kafka topigi qayta yaratilmoqda
[11:33:53] ilova ishga tushirilmoqda (mode=WRAPPER_B1)
[11:34:03] ilova tayyor (pid 4024971)
[11:34:06] k6 yuklamasi boshlandi
[11:36:19] pipeline bo'shashi kutilmoqda (maks 120s)
[11:36:28] pipeline bo'sh (4s, sink=18000 xabar)
[11:36:41] ground truth eksport qilinmoqda
[11:36:42] Kafka topigi eksport qilinmoqda
[11:37:10] tahlil
{
  "mode": "WRAPPER_B1",
  "profile": "P1",
  "rep": "3",
  "fault": "none",
  "ground_truth_transitions": 18000,
  "delivered_distinct": 18000,
  "delivered_total": 18000,
  "matched": 18000,
  "missing": 0,
  "phantom": 0,
  "malformed": 0,
  "loss_rate": 0.0,
  "loss_rate_ppm": 0.0,
  "duplicate_rate": 0.0,
  "ordering_violation_rate": 0.0,
  "txns_split_across_partitions": 0,
  "latency_ms_p50": 0,
  "latency_ms_p95": 1,
  "latency_ms_p99": 1,
  "latency_ms_max": 2932,
  "latency_ms_mean": 0.6,
  "latency_samples": 18000,
  "latency_negative_samples": 5025,
  "loss_rate_upper_bound_95_ppm": 166.67
}
[11:37:10] ilova va konnektor to'xtatilmoqda
[11:37:14] === TUGADI: results/WRAPPER_B1-P1-r3-20260904113343 ===
