[11:55:22] === RUN CDC-C2N2ON-r1-20260909115522 ===
[11:55:22] mode=CDC profile=C2N2ON rep=1 tps=50 duration=180s fault=none
[11:55:22] jar: target/master-thesis-observability-0.0.1-SNAPSHOT.jar
[11:55:22] workload tozalanmoqda (reference saqlanadi)
workload reset; reference data preserved
AQ backlog purged: 0 -> 0
[11:55:23] Kafka topigi qayta yaratilmoqda
[11:55:33] ilova ishga tushirilmoqda (mode=CDC)
[11:55:49] ilova tayyor (pid 825142)
[11:55:49] Debezium konnektori ro'yxatdan o'tkazilmoqda (CDC, prefix=obsv_cdc_c2n2on_r1_20260909115522)
konnektor ro'yxatdan o'tkazilmoqda: a1-cdc-obsv_cdc_c2n2on_r1_20260909115522 (prefix=obsv_cdc_c2n2on_r1_20260909115522)
konnektor RUNNING (2s)
streaming tasdiqlanmoqda (heartbeat topigi: __debezium-heartbeat.obsv_cdc_c2n2on_r1_20260909115522)
streaming tasdiqlandi (2 urinish)
[11:56:01] k6 yuklamasi boshlandi
[11:59:02] k6 iteratsiyalari: 9001
[11:59:02] pipeline bo'shashi kutilmoqda (maks 120s)
[11:59:45] pipeline bo'sh (15s, sink=27003 xabar)
[11:59:56] ground truth eksport qilinmoqda
[11:59:57] Kafka topigi eksport qilinmoqda
[12:00:24] tahlil
{
  "mode": "CDC",
  "profile": "C2N2ON",
  "rep": "1",
  "fault": "none",
  "ground_truth_transitions": 27003,
  "delivered_distinct": 27003,
  "delivered_total": 27003,
  "matched": 27003,
  "missing": 0,
  "phantom": 0,
  "malformed": 0,
  "loss_rate": 0.0,
  "loss_rate_ppm": 0.0,
  "duplicate_rate": 0.0,
  "ordering_violation_rate": 0.0,
  "txns_split_across_partitions": 0,
  "latency_ms_p50": 3753,
  "latency_ms_p95": 5957,
  "latency_ms_p99": 6642,
  "latency_ms_max": 7387,
  "latency_ms_mean": 3772.9,
  "latency_samples": 27003,
  "latency_negative_samples": 0,
  "loss_rate_upper_bound_95_ppm": 111.1
}
[12:00:25] ilova va konnektor to'xtatilmoqda
connector o'chirilmoqda: a1-cdc-obsv_cdc_c2n2on_r1_20260909115522
[12:00:29] === TUGADI: results/CDC-C2N2ON-r1-20260909115522 ===
