[10:07:56] === RUN CDC-C2N4OFF-r1-20260909100756 ===
[10:07:56] mode=CDC profile=C2N4OFF rep=1 tps=50 duration=180s fault=none
[10:07:56] jar: target/master-thesis-observability-0.0.1-SNAPSHOT.jar
[10:07:56] workload tozalanmoqda (reference saqlanadi)
workload reset; reference data preserved
AQ backlog purged: 0 -> 0
[10:07:57] Kafka topigi qayta yaratilmoqda
[10:08:06] ilova ishga tushirilmoqda (mode=CDC)
[10:08:20] ilova tayyor (pid 1792289)
[10:08:20] --no-connector: konnektorsiz ishlatilmoqda (C2 bazaviy sharti)
[10:08:24] k6 yuklamasi boshlandi
[10:08:25] k6 nolga teng bo'lmagan kod bilan tugadi (natija baribir tahlil qilinadi)
[10:08:25] pipeline bo'shashi kutilmoqda (maks 120s)
[10:08:36] pipeline bo'sh (4s, sink=0 xabar)
[10:08:46] ground truth eksport qilinmoqda
[10:08:47] Kafka topigi eksport qilinmoqda
[10:09:13] tahlil
{
  "mode": "CDC",
  "profile": "C2N4OFF",
  "rep": "1",
  "fault": "none",
  "ground_truth_transitions": 0,
  "delivered_distinct": 0,
  "delivered_total": 0,
  "matched": 0,
  "missing": 0,
  "phantom": 0,
  "malformed": 0,
  "loss_rate": 0.0,
  "loss_rate_ppm": 0.0,
  "duplicate_rate": 0.0,
  "ordering_violation_rate": 0.0,
  "txns_split_across_partitions": 0,
  "latency_ms_p50": null,
  "latency_ms_p95": null,
  "latency_ms_p99": null,
  "latency_ms_max": null,
  "latency_ms_mean": null,
  "latency_samples": 0,
  "latency_negative_samples": 0
}
[10:09:14] ilova va konnektor to'xtatilmoqda
[10:09:18] === TUGADI: results/CDC-C2N4OFF-r1-20260909100756 ===
