[11:06:45] === RUN WRAPPER_B1-P1-r2-20260904110645 ===
[11:06:45] mode=WRAPPER_B1 profile=P1 rep=2 tps=50 duration=120s fault=none
[11:06:45] jar: target/master-thesis-observability-0.0.1-SNAPSHOT.jar
[11:06:45] workload tozalanmoqda (reference saqlanadi)
workload reset; reference data preserved
AQ backlog purged: 0 -> 0
[11:06:45] Kafka topigi qayta yaratilmoqda
[11:06:55] ilova ishga tushirilmoqda (mode=WRAPPER_B1)
[11:07:07] ilova tayyor (pid 3734267)
[11:07:10] k6 yuklamasi boshlandi
[11:09:23] pipeline bo'shashi kutilmoqda (maks 120s)
[11:09:36] pipeline bo'sh (4s, sink=18003 xabar)
[11:09:47] ground truth eksport qilinmoqda
[11:09:47] Kafka topigi eksport qilinmoqda
[11:10:14] tahlil
{
  "mode": "WRAPPER_B1",
  "profile": "P1",
  "rep": "2",
  "fault": "none",
  "ground_truth_transitions": 18003,
  "delivered_distinct": 18003,
  "delivered_total": 18003,
  "matched": 18003,
  "missing": 0,
  "phantom": 0,
  "malformed": 0,
  "loss_rate": 0.0,
  "loss_rate_ppm": 0.0,
  "duplicate_rate": 0.0,
  "ordering_violation_rate": 0.0,
  "txns_split_across_partitions": 0,
  "latency_ms_p50": 0,
  "latency_ms_p95": 1,
  "latency_ms_p99": 1,
  "latency_ms_max": 3946,
  "latency_ms_mean": 4.6,
  "latency_samples": 18003,
  "latency_negative_samples": 6713,
  "loss_rate_upper_bound_95_ppm": 166.64
}
[11:10:15] ilova va konnektor to'xtatilmoqda
[11:10:19] === TUGADI: results/WRAPPER_B1-P1-r2-20260904110645 ===
