[11:26:36] === RUN OFF-P1-r2-20260904112636 ===
[11:26:36] mode=OFF profile=P1 rep=2 tps=50 duration=120s fault=none
[11:26:36] jar: target/master-thesis-observability-0.0.1-SNAPSHOT.jar
[11:26:36] workload tozalanmoqda (reference saqlanadi)
workload reset; reference data preserved
AQ backlog purged: 0 -> 0
[11:26:38] Kafka topigi qayta yaratilmoqda
[11:26:47] ilova ishga tushirilmoqda (mode=OFF)
[11:26:59] ilova tayyor (pid 3949281)
[11:27:02] k6 yuklamasi boshlandi
[11:29:15] pipeline bo'shashi kutilmoqda (maks 120s)
[11:29:25] pipeline bo'sh (4s, sink=0 xabar)
[11:29:38] ground truth eksport qilinmoqda
[11:29:39] Kafka topigi eksport qilinmoqda
[11:30:08] tahlil
{
  "mode": "OFF",
  "profile": "P1",
  "rep": "2",
  "fault": "none",
  "ground_truth_transitions": 0,
  "delivered_distinct": 0,
  "delivered_total": 0,
  "matched": 0,
  "missing": 0,
  "phantom": null,
  "malformed": 0,
  "loss_rate": null,
  "loss_rate_ppm": null,
  "duplicate_rate": null,
  "ordering_violation_rate": null,
  "txns_split_across_partitions": 0,
  "latency_ms_p50": null,
  "latency_ms_p95": null,
  "latency_ms_p99": null,
  "latency_ms_max": null,
  "latency_ms_mean": null,
  "latency_samples": 0,
  "latency_negative_samples": 0,
  "pipeline": "none (baseline mode)"
}
[11:30:08] ilova va konnektor to'xtatilmoqda
[11:30:12] === TUGADI: results/OFF-P1-r2-20260904112636 ===
