[11:23:43] === RUN CDC-C2N0ON-r1-20260909112343 ===
[11:23:43] mode=CDC profile=C2N0ON rep=1 tps=50 duration=180s fault=none
[11:23:43] jar: target/master-thesis-observability-0.0.1-SNAPSHOT.jar
[11:23:44] workload tozalanmoqda (reference saqlanadi)
workload reset; reference data preserved
AQ backlog purged: 0 -> 0
[11:23:44] Kafka topigi qayta yaratilmoqda
[11:23:54] ilova ishga tushirilmoqda (mode=CDC)
[11:24:08] ilova tayyor (pid 352430)
[11:24:08] Debezium konnektori ro'yxatdan o'tkazilmoqda (CDC, prefix=obsv_cdc_c2n0on_r1_20260909112343)
konnektor ro'yxatdan o'tkazilmoqda: a1-cdc-obsv_cdc_c2n0on_r1_20260909112343 (prefix=obsv_cdc_c2n0on_r1_20260909112343)
konnektor RUNNING (2s)
streaming tasdiqlanmoqda (heartbeat topigi: __debezium-heartbeat.obsv_cdc_c2n0on_r1_20260909112343)
streaming tasdiqlandi (7 urinish)
[11:24:40] k6 yuklamasi boshlandi
[11:27:41] k6 iteratsiyalari: 9001
[11:27:41] pipeline bo'shashi kutilmoqda (maks 120s)
[11:28:25] pipeline bo'sh (15s, sink=27003 xabar)
[11:28:35] ground truth eksport qilinmoqda
[11:28:36] Kafka topigi eksport qilinmoqda
[11:29:28] tahlil
{
  "mode": "CDC",
  "profile": "C2N0ON",
  "rep": "1",
  "fault": "none",
  "ground_truth_transitions": 27003,
  "delivered_distinct": 27003,
  "delivered_total": 27003,
  "matched": 27003,
  "missing": 0,
  "phantom": 0,
  "malformed": 0,
  "loss_rate": 0.0,
  "loss_rate_ppm": 0.0,
  "duplicate_rate": 0.0,
  "ordering_violation_rate": 0.0,
  "txns_split_across_partitions": 0,
  "latency_ms_p50": 3380,
  "latency_ms_p95": 5492,
  "latency_ms_p99": 6061,
  "latency_ms_max": 6397,
  "latency_ms_mean": 3371.5,
  "latency_samples": 27003,
  "latency_negative_samples": 0,
  "loss_rate_upper_bound_95_ppm": 111.1
}
[11:29:29] ilova va konnektor to'xtatilmoqda
connector o'chirilmoqda: a1-cdc-obsv_cdc_c2n0on_r1_20260909112343
[11:29:33] === TUGADI: results/CDC-C2N0ON-r1-20260909112343 ===
