[16:51:32] === RUN OFF-P1-r91-20260903165132 ===
[16:51:32] mode=OFF profile=P1 rep=91 tps=50 duration=60s fault=none
[16:51:32] jar: target/master-thesis-observability-0.0.1-SNAPSHOT.jar
[16:51:32] workload tozalanmoqda (reference saqlanadi)
workload reset; reference data preserved
AQ backlog purged: 0 -> 0
[16:51:33] Kafka topigi qayta yaratilmoqda
[16:51:45] ilova ishga tushirilmoqda (mode=OFF)
[16:52:00] ilova tayyor (pid 1586092)
[16:52:00] k6 yuklamasi boshlandi
[16:53:07] pipeline bo'shashi kutilmoqda (maks 120s)
[16:53:08] pipeline bo'sh (1s)
[16:53:18] ground truth eksport qilinmoqda
[16:53:19] Kafka topigi eksport qilinmoqda
[16:53:47] tahlil
{
  "mode": "OFF",
  "profile": "P1",
  "rep": "91",
  "fault": "none",
  "ground_truth_transitions": 0,
  "delivered_distinct": 0,
  "delivered_total": 0,
  "matched": 0,
  "missing": 0,
  "phantom": null,
  "malformed": 0,
  "loss_rate": null,
  "loss_rate_ppm": null,
  "duplicate_rate": null,
  "ordering_violation_rate": null,
  "txns_split_across_partitions": 0,
  "latency_ms_p50": null,
  "latency_ms_p95": null,
  "latency_ms_p99": null,
  "latency_ms_max": null,
  "latency_ms_mean": null,
  "latency_samples": 0,
  "pipeline": "none (baseline mode)"
}
[16:53:47] ilova to'xtatilmoqda
[16:53:48] === TUGADI: results/OFF-P1-r91-20260903165132 ===
