[20:46:24] === RUN CDC-C2N2ON-r1-20260909204624 ===
[20:46:24] mode=CDC profile=C2N2ON rep=1 tps=50 duration=180s fault=none
[20:46:24] jar: target/master-thesis-observability-0.0.1-SNAPSHOT.jar
[20:46:24] arxiv redo tozalanmoqda
[20:46:24] workload tozalanmoqda (reference saqlanadi)
workload reset; reference data preserved
AQ backlog purged: 0 -> 0
[20:46:25] Kafka topigi qayta yaratilmoqda
[20:46:34] ilova ishga tushirilmoqda (mode=CDC)
[20:46:49] ilova tayyor (pid 2533837)
[20:46:49] Debezium konnektori ro'yxatdan o'tkazilmoqda (CDC, prefix=obsv_cdc_c2n2on_r1_20260909204624)
konnektor ro'yxatdan o'tkazilmoqda: a1-cdc-obsv_cdc_c2n2on_r1_20260909204624 (prefix=obsv_cdc_c2n2on_r1_20260909204624)
konnektor RUNNING (2s)
streaming tasdiqlanmoqda (heartbeat topigi: __debezium-heartbeat.obsv_cdc_c2n2on_r1_20260909204624)
streaming tasdiqlandi (1 urinish)
[20:46:56] k6 yuklamasi boshlandi
[20:49:57] k6 iteratsiyalari: 9001
[20:49:57] qat'iy settle: 45s (o'lchov oynasi ikkala qo'lda bir xil)
[20:50:42] pipeline bo'shashi kutilmoqda (maks 120s)
[20:51:04] pipeline bo'sh (15s, sink=27003 xabar)
[20:51:14] ground truth eksport qilinmoqda
[20:51:14] Kafka topigi eksport qilinmoqda
[20:51:25] tahlil
{
  "mode": "CDC",
  "profile": "C2N2ON",
  "rep": "1",
  "fault": "none",
  "ground_truth_transitions": 27003,
  "delivered_distinct": 27003,
  "delivered_total": 27003,
  "matched": 27003,
  "missing": 0,
  "phantom": 0,
  "malformed": 0,
  "loss_rate": 0.0,
  "loss_rate_ppm": 0.0,
  "duplicate_rate": 0.0,
  "ordering_violation_rate": 0.0,
  "txns_split_across_partitions": 0,
  "latency_ms_p50": 3671,
  "latency_ms_p95": 5927,
  "latency_ms_p99": 6746,
  "latency_ms_max": 7520,
  "latency_ms_mean": 3715.7,
  "latency_samples": 27003,
  "latency_negative_samples": 0,
  "loss_rate_upper_bound_95_ppm": 111.1
}
[20:51:26] ilova va konnektor to'xtatilmoqda
connector o'chirilmoqda: a1-cdc-obsv_cdc_c2n2on_r1_20260909204624
[20:51:36] === TUGADI: results/CDC-C2N2ON-r1-20260909204624 ===
