[13:30:13] === RUN CDC-C2N0ON-r2-20260909133013 ===
[13:30:13] mode=CDC profile=C2N0ON rep=2 tps=50 duration=180s fault=none
[13:30:13] jar: target/master-thesis-observability-0.0.1-SNAPSHOT.jar
[13:30:13] arxiv redo tozalanmoqda
[13:30:14] workload tozalanmoqda (reference saqlanadi)
workload reset; reference data preserved
AQ backlog purged: 0 -> 0
[13:30:14] Kafka topigi qayta yaratilmoqda
[13:30:24] ilova ishga tushirilmoqda (mode=CDC)
[13:30:38] ilova tayyor (pid 1036842)
[13:30:38] Debezium konnektori ro'yxatdan o'tkazilmoqda (CDC, prefix=obsv_cdc_c2n0on_r2_20260909133013)
konnektor ro'yxatdan o'tkazilmoqda: a1-cdc-obsv_cdc_c2n0on_r2_20260909133013 (prefix=obsv_cdc_c2n0on_r2_20260909133013)
konnektor RUNNING (2s)
streaming tasdiqlanmoqda (heartbeat topigi: __debezium-heartbeat.obsv_cdc_c2n0on_r2_20260909133013)
streaming tasdiqlandi (1 urinish)
[13:30:46] k6 yuklamasi boshlandi
[13:33:46] k6 iteratsiyalari: 9000
[13:33:46] pipeline bo'shashi kutilmoqda (maks 120s)
[13:34:28] pipeline bo'sh (15s, sink=27000 xabar)
[13:34:38] ground truth eksport qilinmoqda
[13:34:39] Kafka topigi eksport qilinmoqda
[13:35:31] tahlil
{
  "mode": "CDC",
  "profile": "C2N0ON",
  "rep": "2",
  "fault": "none",
  "ground_truth_transitions": 27000,
  "delivered_distinct": 27000,
  "delivered_total": 27000,
  "matched": 27000,
  "missing": 0,
  "phantom": 0,
  "malformed": 0,
  "loss_rate": 0.0,
  "loss_rate_ppm": 0.0,
  "duplicate_rate": 0.0,
  "ordering_violation_rate": 0.0,
  "txns_split_across_partitions": 0,
  "latency_ms_p50": 3226,
  "latency_ms_p95": 5469,
  "latency_ms_p99": 6069,
  "latency_ms_max": 6597,
  "latency_ms_mean": 3257.8,
  "latency_samples": 27000,
  "latency_negative_samples": 0,
  "loss_rate_upper_bound_95_ppm": 111.11
}
[13:35:31] ilova va konnektor to'xtatilmoqda
connector o'chirilmoqda: a1-cdc-obsv_cdc_c2n0on_r2_20260909133013
[13:35:41] === TUGADI: results/CDC-C2N0ON-r2-20260909133013 ===
