[09:57:15] === RUN CDC-C2N1ON-r1-20260909095715 ===
[09:57:15] mode=CDC profile=C2N1ON rep=1 tps=50 duration=180s fault=none
[09:57:15] jar: target/master-thesis-observability-0.0.1-SNAPSHOT.jar
[09:57:15] workload tozalanmoqda (reference saqlanadi)
workload reset; reference data preserved
AQ backlog purged: 0 -> 0
[09:57:15] Kafka topigi qayta yaratilmoqda
[09:57:25] ilova ishga tushirilmoqda (mode=CDC)
[09:57:42] ilova tayyor (pid 1645631)
[09:57:42] Debezium konnektori ro'yxatdan o'tkazilmoqda (CDC, prefix=obsv_cdc_c2n1on_r1_20260909095715)
konnektor ro'yxatdan o'tkazilmoqda: a1-cdc-obsv_cdc_c2n1on_r1_20260909095715 (prefix=obsv_cdc_c2n1on_r1_20260909095715)
konnektor RUNNING (2s)
streaming tasdiqlanmoqda (heartbeat topigi: __debezium-heartbeat.obsv_cdc_c2n1on_r1_20260909095715)
streaming tasdiqlandi (18 urinish)
[09:58:56] k6 yuklamasi boshlandi
[09:58:56] k6 nolga teng bo'lmagan kod bilan tugadi (natija baribir tahlil qilinadi)
[09:58:57] pipeline bo'shashi kutilmoqda (maks 120s)
[09:59:09] pipeline bo'sh (4s, sink=0 xabar)
[09:59:19] ground truth eksport qilinmoqda
[09:59:20] Kafka topigi eksport qilinmoqda
[09:59:47] tahlil
{
  "mode": "CDC",
  "profile": "C2N1ON",
  "rep": "1",
  "fault": "none",
  "ground_truth_transitions": 0,
  "delivered_distinct": 0,
  "delivered_total": 0,
  "matched": 0,
  "missing": 0,
  "phantom": 0,
  "malformed": 0,
  "loss_rate": 0.0,
  "loss_rate_ppm": 0.0,
  "duplicate_rate": 0.0,
  "ordering_violation_rate": 0.0,
  "txns_split_across_partitions": 0,
  "latency_ms_p50": null,
  "latency_ms_p95": null,
  "latency_ms_p99": null,
  "latency_ms_max": null,
  "latency_ms_mean": null,
  "latency_samples": 0,
  "latency_negative_samples": 0
}
[09:59:47] ilova va konnektor to'xtatilmoqda
connector o'chirilmoqda: a1-cdc-obsv_cdc_c2n1on_r1_20260909095715
[09:59:51] === TUGADI: results/CDC-C2N1ON-r1-20260909095715 ===
