
         /\      Grafana   /‾‾/  
    /\  /  \     |\  __   /  /   
   /  \/    \    | |/ /  /   ‾‾\ 
  /          \   |   (  |  (‾)  |
 / __________ \  |_|\_\  \_____/ 


     execution: local
        script: harness/k6/a1-workload.js
        output: -

     scenarios: (100.00%) 1 scenario, 600 max VUs, 3m30s max duration (incl. graceful stop):
              * a1: 50.00 iterations/s for 3m0s (maxVUs: 100-600, gracefulStop: 30s)


running (0m01.0s), 049/100 VUs, 0 complete and 0 interrupted iterations
a1     [   1% ] 049/100 VUs  0m01.0s/3m0s  50.00 iters/s

running (0m02.0s), 006/100 VUs, 93 complete and 0 interrupted iterations
a1     [   1% ] 006/100 VUs  0m02.0s/3m0s  50.00 iters/s

running (0m03.0s), 017/100 VUs, 132 complete and 0 interrupted iterations
a1     [   2% ] 017/100 VUs  0m03.0s/3m0s  50.00 iters/s

running (0m04.0s), 001/100 VUs, 198 complete and 0 interrupted iterations
a1     [   2% ] 001/100 VUs  0m04.0s/3m0s  50.00 iters/s

running (0m05.0s), 001/100 VUs, 248 complete and 0 interrupted iterations
a1     [   3% ] 001/100 VUs  0m05.0s/3m0s  50.00 iters/s

running (0m06.0s), 017/100 VUs, 282 complete and 0 interrupted iterations
a1     [   3% ] 017/100 VUs  0m06.0s/3m0s  50.00 iters/s

running (0m07.0s), 018/100 VUs, 331 complete and 0 interrupted iterations
a1     [   4% ] 018/100 VUs  0m07.0s/3m0s  50.00 iters/s

running (0m08.0s), 001/100 VUs, 398 complete and 0 interrupted iterations
a1     [   4% ] 001/100 VUs  0m08.0s/3m0s  50.00 iters/s

running (0m09.0s), 017/100 VUs, 432 complete and 0 interrupted iterations
a1     [   5% ] 017/100 VUs  0m09.0s/3m0s  50.00 iters/s

running (0m10.0s), 009/100 VUs, 490 complete and 0 interrupted iterations
a1     [   6% ] 009/100 VUs  0m10.0s/3m0s  50.00 iters/s

running (0m11.0s), 000/100 VUs, 549 complete and 0 interrupted iterations
a1     [   6% ] 000/100 VUs  0m11.0s/3m0s  50.00 iters/s

running (0m12.0s), 000/100 VUs, 599 complete and 0 interrupted iterations
a1     [   7% ] 000/100 VUs  0m12.0s/3m0s  50.00 iters/s

running (0m13.0s), 000/100 VUs, 649 complete and 0 interrupted iterations
a1     [   7% ] 000/100 VUs  0m13.0s/3m0s  50.00 iters/s

running (0m14.0s), 001/100 VUs, 698 complete and 0 interrupted iterations
a1     [   8% ] 001/100 VUs  0m14.0s/3m0s  50.00 iters/s

running (0m15.0s), 001/100 VUs, 748 complete and 0 interrupted iterations
a1     [   8% ] 001/100 VUs  0m15.0s/3m0s  50.00 iters/s

running (0m16.0s), 000/100 VUs, 799 complete and 0 interrupted iterations
a1     [   9% ] 000/100 VUs  0m16.0s/3m0s  50.00 iters/s

running (0m17.0s), 001/100 VUs, 848 complete and 0 interrupted iterations
a1     [   9% ] 001/100 VUs  0m17.0s/3m0s  50.00 iters/s

running (0m18.0s), 001/100 VUs, 898 complete and 0 interrupted iterations
a1     [  10% ] 001/100 VUs  0m18.0s/3m0s  50.00 iters/s

running (0m19.0s), 000/100 VUs, 949 complete and 0 interrupted iterations
a1     [  11% ] 000/100 VUs  0m19.0s/3m0s  50.00 iters/s

running (0m20.0s), 001/100 VUs, 998 complete and 0 interrupted iterations
a1     [  11% ] 001/100 VUs  0m20.0s/3m0s  50.00 iters/s

running (0m21.0s), 001/100 VUs, 1048 complete and 0 interrupted iterations
a1     [  12% ] 001/100 VUs  0m21.0s/3m0s  50.00 iters/s

running (0m22.0s), 001/100 VUs, 1098 complete and 0 interrupted iterations
a1     [  12% ] 001/100 VUs  0m22.0s/3m0s  50.00 iters/s

running (0m23.0s), 001/100 VUs, 1148 complete and 0 interrupted iterations
a1     [  13% ] 001/100 VUs  0m23.0s/3m0s  50.00 iters/s

running (0m24.0s), 000/100 VUs, 1199 complete and 0 interrupted iterations
a1     [  13% ] 000/100 VUs  0m24.0s/3m0s  50.00 iters/s

running (0m25.0s), 000/100 VUs, 1249 complete and 0 interrupted iterations
a1     [  14% ] 000/100 VUs  0m25.0s/3m0s  50.00 iters/s

running (0m26.0s), 018/100 VUs, 1281 complete and 0 interrupted iterations
a1     [  14% ] 018/100 VUs  0m26.0s/3m0s  50.00 iters/s

running (0m27.0s), 000/100 VUs, 1349 complete and 0 interrupted iterations
a1     [  15% ] 000/100 VUs  0m27.0s/3m0s  50.00 iters/s

running (0m28.0s), 018/100 VUs, 1381 complete and 0 interrupted iterations
a1     [  16% ] 018/100 VUs  0m28.0s/3m0s  50.00 iters/s

running (0m29.0s), 001/100 VUs, 1448 complete and 0 interrupted iterations
a1     [  16% ] 001/100 VUs  0m29.0s/3m0s  50.00 iters/s

running (0m30.0s), 000/100 VUs, 1499 complete and 0 interrupted iterations
a1     [  17% ] 000/100 VUs  0m30.0s/3m0s  50.00 iters/s

running (0m31.0s), 001/100 VUs, 1548 complete and 0 interrupted iterations
a1     [  17% ] 001/100 VUs  0m31.0s/3m0s  50.00 iters/s

running (0m32.0s), 018/100 VUs, 1581 complete and 0 interrupted iterations
a1     [  18% ] 018/100 VUs  0m32.0s/3m0s  50.00 iters/s

running (0m33.0s), 000/100 VUs, 1649 complete and 0 interrupted iterations
a1     [  18% ] 000/100 VUs  0m33.0s/3m0s  50.00 iters/s

running (0m34.0s), 001/100 VUs, 1698 complete and 0 interrupted iterations
a1     [  19% ] 001/100 VUs  0m34.0s/3m0s  50.00 iters/s

running (0m35.0s), 001/100 VUs, 1748 complete and 0 interrupted iterations
a1     [  19% ] 001/100 VUs  0m35.0s/3m0s  50.00 iters/s

running (0m36.0s), 019/100 VUs, 1780 complete and 0 interrupted iterations
a1     [  20% ] 019/100 VUs  0m36.0s/3m0s  50.00 iters/s

running (0m37.0s), 000/100 VUs, 1849 complete and 0 interrupted iterations
a1     [  21% ] 000/100 VUs  0m37.0s/3m0s  50.00 iters/s

running (0m38.0s), 001/100 VUs, 1898 complete and 0 interrupted iterations
a1     [  21% ] 001/100 VUs  0m38.0s/3m0s  50.00 iters/s

running (0m39.0s), 018/100 VUs, 1931 complete and 0 interrupted iterations
a1     [  22% ] 018/100 VUs  0m39.0s/3m0s  50.00 iters/s

running (0m40.0s), 018/100 VUs, 1981 complete and 0 interrupted iterations
a1     [  22% ] 018/100 VUs  0m40.0s/3m0s  50.00 iters/s

running (0m41.0s), 018/100 VUs, 2031 complete and 0 interrupted iterations
a1     [  23% ] 018/100 VUs  0m41.0s/3m0s  50.00 iters/s

running (0m42.0s), 000/100 VUs, 2099 complete and 0 interrupted iterations
a1     [  23% ] 000/100 VUs  0m42.0s/3m0s  50.00 iters/s

running (0m43.0s), 000/100 VUs, 2149 complete and 0 interrupted iterations
a1     [  24% ] 000/100 VUs  0m43.0s/3m0s  50.00 iters/s

running (0m44.0s), 000/100 VUs, 2199 complete and 0 interrupted iterations
a1     [  24% ] 000/100 VUs  0m44.0s/3m0s  50.00 iters/s

running (0m45.0s), 000/100 VUs, 2249 complete and 0 interrupted iterations
a1     [  25% ] 000/100 VUs  0m45.0s/3m0s  50.00 iters/s

running (0m46.0s), 000/100 VUs, 2299 complete and 0 interrupted iterations
a1     [  26% ] 000/100 VUs  0m46.0s/3m0s  50.00 iters/s

running (0m47.0s), 001/100 VUs, 2348 complete and 0 interrupted iterations
a1     [  26% ] 001/100 VUs  0m47.0s/3m0s  50.00 iters/s

running (0m48.0s), 000/100 VUs, 2399 complete and 0 interrupted iterations
a1     [  27% ] 000/100 VUs  0m48.0s/3m0s  50.00 iters/s

running (0m49.0s), 000/100 VUs, 2449 complete and 0 interrupted iterations
a1     [  27% ] 000/100 VUs  0m49.0s/3m0s  50.00 iters/s

running (0m50.0s), 001/100 VUs, 2498 complete and 0 interrupted iterations
a1     [  28% ] 001/100 VUs  0m50.0s/3m0s  50.00 iters/s

running (0m51.0s), 000/100 VUs, 2549 complete and 0 interrupted iterations
a1     [  28% ] 000/100 VUs  0m51.0s/3m0s  50.00 iters/s

running (0m52.0s), 000/100 VUs, 2599 complete and 0 interrupted iterations
a1     [  29% ] 000/100 VUs  0m52.0s/3m0s  50.00 iters/s

running (0m53.0s), 017/100 VUs, 2632 complete and 0 interrupted iterations
a1     [  29% ] 017/100 VUs  0m53.0s/3m0s  50.00 iters/s

running (0m54.0s), 000/100 VUs, 2699 complete and 0 interrupted iterations
a1     [  30% ] 000/100 VUs  0m54.0s/3m0s  50.00 iters/s

running (0m55.0s), 017/100 VUs, 2732 complete and 0 interrupted iterations
a1     [  31% ] 017/100 VUs  0m55.0s/3m0s  50.00 iters/s

running (0m56.0s), 000/100 VUs, 2799 complete and 0 interrupted iterations
a1     [  31% ] 000/100 VUs  0m56.0s/3m0s  50.00 iters/s

running (0m57.0s), 000/100 VUs, 2849 complete and 0 interrupted iterations
a1     [  32% ] 000/100 VUs  0m57.0s/3m0s  50.00 iters/s

running (0m58.0s), 000/100 VUs, 2899 complete and 0 interrupted iterations
a1     [  32% ] 000/100 VUs  0m58.0s/3m0s  50.00 iters/s

running (0m59.0s), 000/100 VUs, 2949 complete and 0 interrupted iterations
a1     [  33% ] 000/100 VUs  0m59.0s/3m0s  50.00 iters/s

running (1m00.0s), 001/100 VUs, 2998 complete and 0 interrupted iterations
a1     [  33% ] 001/100 VUs  1m00.0s/3m0s  50.00 iters/s

running (1m01.0s), 017/100 VUs, 3032 complete and 0 interrupted iterations
a1     [  34% ] 017/100 VUs  1m01.0s/3m0s  50.00 iters/s

running (1m02.0s), 008/100 VUs, 3091 complete and 0 interrupted iterations
a1     [  34% ] 008/100 VUs  1m02.0s/3m0s  50.00 iters/s

running (1m03.0s), 000/100 VUs, 3149 complete and 0 interrupted iterations
a1     [  35% ] 000/100 VUs  1m03.0s/3m0s  50.00 iters/s

running (1m04.0s), 000/100 VUs, 3199 complete and 0 interrupted iterations
a1     [  36% ] 000/100 VUs  1m04.0s/3m0s  50.00 iters/s

running (1m05.0s), 000/100 VUs, 3249 complete and 0 interrupted iterations
a1     [  36% ] 000/100 VUs  1m05.0s/3m0s  50.00 iters/s

running (1m06.0s), 015/100 VUs, 3284 complete and 0 interrupted iterations
a1     [  37% ] 015/100 VUs  1m06.0s/3m0s  50.00 iters/s

running (1m07.0s), 000/100 VUs, 3349 complete and 0 interrupted iterations
a1     [  37% ] 000/100 VUs  1m07.0s/3m0s  50.00 iters/s

running (1m08.0s), 017/100 VUs, 3382 complete and 0 interrupted iterations
a1     [  38% ] 017/100 VUs  1m08.0s/3m0s  50.00 iters/s

running (1m09.0s), 001/100 VUs, 3448 complete and 0 interrupted iterations
a1     [  38% ] 001/100 VUs  1m09.0s/3m0s  50.00 iters/s

running (1m10.0s), 018/100 VUs, 3481 complete and 0 interrupted iterations
a1     [  39% ] 018/100 VUs  1m10.0s/3m0s  50.00 iters/s

running (1m11.0s), 001/100 VUs, 3548 complete and 0 interrupted iterations
a1     [  39% ] 001/100 VUs  1m11.0s/3m0s  50.00 iters/s

running (1m12.0s), 017/100 VUs, 3582 complete and 0 interrupted iterations
a1     [  40% ] 017/100 VUs  1m12.0s/3m0s  50.00 iters/s

running (1m13.0s), 017/100 VUs, 3632 complete and 0 interrupted iterations
a1     [  41% ] 017/100 VUs  1m13.0s/3m0s  50.00 iters/s

running (1m14.0s), 001/100 VUs, 3698 complete and 0 interrupted iterations
a1     [  41% ] 001/100 VUs  1m14.0s/3m0s  50.00 iters/s

running (1m15.0s), 001/100 VUs, 3748 complete and 0 interrupted iterations
a1     [  42% ] 001/100 VUs  1m15.0s/3m0s  50.00 iters/s

running (1m16.0s), 000/100 VUs, 3799 complete and 0 interrupted iterations
a1     [  42% ] 000/100 VUs  1m16.0s/3m0s  50.00 iters/s

running (1m17.0s), 017/100 VUs, 3832 complete and 0 interrupted iterations
a1     [  43% ] 017/100 VUs  1m17.0s/3m0s  50.00 iters/s

running (1m18.0s), 000/100 VUs, 3899 complete and 0 interrupted iterations
a1     [  43% ] 000/100 VUs  1m18.0s/3m0s  50.00 iters/s

running (1m19.0s), 000/100 VUs, 3949 complete and 0 interrupted iterations
a1     [  44% ] 000/100 VUs  1m19.0s/3m0s  50.00 iters/s

running (1m20.0s), 000/100 VUs, 3999 complete and 0 interrupted iterations
a1     [  44% ] 000/100 VUs  1m20.0s/3m0s  50.00 iters/s

running (1m21.0s), 000/100 VUs, 4049 complete and 0 interrupted iterations
a1     [  45% ] 000/100 VUs  1m21.0s/3m0s  50.00 iters/s

running (1m22.0s), 001/100 VUs, 4098 complete and 0 interrupted iterations
a1     [  46% ] 001/100 VUs  1m22.0s/3m0s  50.00 iters/s

running (1m23.0s), 004/100 VUs, 4145 complete and 0 interrupted iterations
a1     [  46% ] 004/100 VUs  1m23.0s/3m0s  50.00 iters/s

running (1m24.0s), 001/100 VUs, 4198 complete and 0 interrupted iterations
a1     [  47% ] 001/100 VUs  1m24.0s/3m0s  50.00 iters/s

running (1m25.0s), 000/100 VUs, 4249 complete and 0 interrupted iterations
a1     [  47% ] 000/100 VUs  1m25.0s/3m0s  50.00 iters/s

running (1m26.0s), 017/100 VUs, 4282 complete and 0 interrupted iterations
a1     [  48% ] 017/100 VUs  1m26.0s/3m0s  50.00 iters/s

running (1m27.0s), 004/100 VUs, 4345 complete and 0 interrupted iterations
a1     [  48% ] 004/100 VUs  1m27.0s/3m0s  50.00 iters/s

running (1m28.0s), 000/100 VUs, 4399 complete and 0 interrupted iterations
a1     [  49% ] 000/100 VUs  1m28.0s/3m0s  50.00 iters/s

running (1m29.0s), 017/100 VUs, 4432 complete and 0 interrupted iterations
a1     [  49% ] 017/100 VUs  1m29.0s/3m0s  50.00 iters/s

running (1m30.0s), 001/100 VUs, 4498 complete and 0 interrupted iterations
a1     [  50% ] 001/100 VUs  1m30.0s/3m0s  50.00 iters/s

running (1m31.0s), 017/100 VUs, 4532 complete and 0 interrupted iterations
a1     [  51% ] 017/100 VUs  1m31.0s/3m0s  50.00 iters/s

running (1m32.0s), 000/100 VUs, 4599 complete and 0 interrupted iterations
a1     [  51% ] 000/100 VUs  1m32.0s/3m0s  50.00 iters/s

running (1m33.0s), 017/100 VUs, 4632 complete and 0 interrupted iterations
a1     [  52% ] 017/100 VUs  1m33.0s/3m0s  50.00 iters/s

running (1m34.0s), 001/100 VUs, 4698 complete and 0 interrupted iterations
a1     [  52% ] 001/100 VUs  1m34.0s/3m0s  50.00 iters/s

running (1m35.0s), 004/100 VUs, 4745 complete and 0 interrupted iterations
a1     [  53% ] 004/100 VUs  1m35.0s/3m0s  50.00 iters/s

running (1m36.0s), 000/100 VUs, 4799 complete and 0 interrupted iterations
a1     [  53% ] 000/100 VUs  1m36.0s/3m0s  50.00 iters/s

running (1m37.0s), 000/100 VUs, 4849 complete and 0 interrupted iterations
a1     [  54% ] 000/100 VUs  1m37.0s/3m0s  50.00 iters/s

running (1m38.0s), 016/100 VUs, 4883 complete and 0 interrupted iterations
a1     [  54% ] 016/100 VUs  1m38.0s/3m0s  50.00 iters/s

running (1m39.0s), 001/100 VUs, 4948 complete and 0 interrupted iterations
a1     [  55% ] 001/100 VUs  1m39.0s/3m0s  50.00 iters/s

running (1m40.0s), 000/100 VUs, 4999 complete and 0 interrupted iterations
a1     [  56% ] 000/100 VUs  1m40.0s/3m0s  50.00 iters/s

running (1m41.0s), 017/100 VUs, 5032 complete and 0 interrupted iterations
a1     [  56% ] 017/100 VUs  1m41.0s/3m0s  50.00 iters/s

running (1m42.0s), 000/100 VUs, 5099 complete and 0 interrupted iterations
a1     [  57% ] 000/100 VUs  1m42.0s/3m0s  50.00 iters/s

running (1m43.0s), 017/100 VUs, 5132 complete and 0 interrupted iterations
a1     [  57% ] 017/100 VUs  1m43.0s/3m0s  50.00 iters/s

running (1m44.0s), 000/100 VUs, 5199 complete and 0 interrupted iterations
a1     [  58% ] 000/100 VUs  1m44.0s/3m0s  50.00 iters/s

running (1m45.0s), 000/100 VUs, 5249 complete and 0 interrupted iterations
a1     [  58% ] 000/100 VUs  1m45.0s/3m0s  50.00 iters/s

running (1m46.0s), 017/100 VUs, 5282 complete and 0 interrupted iterations
a1     [  59% ] 017/100 VUs  1m46.0s/3m0s  50.00 iters/s

running (1m47.0s), 000/100 VUs, 5349 complete and 0 interrupted iterations
a1     [  59% ] 000/100 VUs  1m47.0s/3m0s  50.00 iters/s

running (1m48.0s), 000/100 VUs, 5399 complete and 0 interrupted iterations
a1     [  60% ] 000/100 VUs  1m48.0s/3m0s  50.00 iters/s

running (1m49.0s), 000/100 VUs, 5449 complete and 0 interrupted iterations
a1     [  61% ] 000/100 VUs  1m49.0s/3m0s  50.00 iters/s

running (1m50.0s), 000/100 VUs, 5499 complete and 0 interrupted iterations
a1     [  61% ] 000/100 VUs  1m50.0s/3m0s  50.00 iters/s

running (1m51.0s), 000/100 VUs, 5549 complete and 0 interrupted iterations
a1     [  62% ] 000/100 VUs  1m51.0s/3m0s  50.00 iters/s
time="2026-09-09T20:59:07+05:00" level=warning msg="The test has generated metrics with 100029 unique time series, which is higher than the suggested limit of 100000 and could cause high memory usage. Consider not using high-cardinality values like unique IDs as metric tags or, if you need them in the URL, use the name metric tag or URL grouping. See https://grafana.com/docs/k6/latest/using-k6/tags-and-groups/ for details." component=metrics-engine-ingester

running (1m52.0s), 000/100 VUs, 5599 complete and 0 interrupted iterations
a1     [  62% ] 000/100 VUs  1m52.0s/3m0s  50.00 iters/s

running (1m53.0s), 000/100 VUs, 5649 complete and 0 interrupted iterations
a1     [  63% ] 000/100 VUs  1m53.0s/3m0s  50.00 iters/s

running (1m54.0s), 005/100 VUs, 5694 complete and 0 interrupted iterations
a1     [  63% ] 005/100 VUs  1m54.0s/3m0s  50.00 iters/s

running (1m55.0s), 000/100 VUs, 5749 complete and 0 interrupted iterations
a1     [  64% ] 000/100 VUs  1m55.0s/3m0s  50.00 iters/s

running (1m56.0s), 016/100 VUs, 5783 complete and 0 interrupted iterations
a1     [  64% ] 016/100 VUs  1m56.0s/3m0s  50.00 iters/s

running (1m57.0s), 000/100 VUs, 5849 complete and 0 interrupted iterations
a1     [  65% ] 000/100 VUs  1m57.0s/3m0s  50.00 iters/s

running (1m58.0s), 017/100 VUs, 5882 complete and 0 interrupted iterations
a1     [  66% ] 017/100 VUs  1m58.0s/3m0s  50.00 iters/s

running (1m59.0s), 000/100 VUs, 5949 complete and 0 interrupted iterations
a1     [  66% ] 000/100 VUs  1m59.0s/3m0s  50.00 iters/s

running (2m00.0s), 016/100 VUs, 5983 complete and 0 interrupted iterations
a1     [  67% ] 016/100 VUs  2m00.0s/3m0s  50.00 iters/s

running (2m01.0s), 000/100 VUs, 6049 complete and 0 interrupted iterations
a1     [  67% ] 000/100 VUs  2m01.0s/3m0s  50.00 iters/s

running (2m02.0s), 000/100 VUs, 6099 complete and 0 interrupted iterations
a1     [  68% ] 000/100 VUs  2m02.0s/3m0s  50.00 iters/s

running (2m03.0s), 016/100 VUs, 6133 complete and 0 interrupted iterations
a1     [  68% ] 016/100 VUs  2m03.0s/3m0s  50.00 iters/s

running (2m04.0s), 016/100 VUs, 6183 complete and 0 interrupted iterations
a1     [  69% ] 016/100 VUs  2m04.0s/3m0s  50.00 iters/s

running (2m05.0s), 000/100 VUs, 6249 complete and 0 interrupted iterations
a1     [  69% ] 000/100 VUs  2m05.0s/3m0s  50.00 iters/s

running (2m06.0s), 000/100 VUs, 6299 complete and 0 interrupted iterations
a1     [  70% ] 000/100 VUs  2m06.0s/3m0s  50.00 iters/s

running (2m07.0s), 016/100 VUs, 6333 complete and 0 interrupted iterations
a1     [  71% ] 016/100 VUs  2m07.0s/3m0s  50.00 iters/s

running (2m08.0s), 000/100 VUs, 6399 complete and 0 interrupted iterations
a1     [  71% ] 000/100 VUs  2m08.0s/3m0s  50.00 iters/s

running (2m09.0s), 011/100 VUs, 6438 complete and 0 interrupted iterations
a1     [  72% ] 011/100 VUs  2m09.0s/3m0s  50.00 iters/s

running (2m10.0s), 000/100 VUs, 6499 complete and 0 interrupted iterations
a1     [  72% ] 000/100 VUs  2m10.0s/3m0s  50.00 iters/s

running (2m11.0s), 000/100 VUs, 6549 complete and 0 interrupted iterations
a1     [  73% ] 000/100 VUs  2m11.0s/3m0s  50.00 iters/s

running (2m12.0s), 000/100 VUs, 6599 complete and 0 interrupted iterations
a1     [  73% ] 000/100 VUs  2m12.0s/3m0s  50.00 iters/s

running (2m13.0s), 016/100 VUs, 6633 complete and 0 interrupted iterations
a1     [  74% ] 016/100 VUs  2m13.0s/3m0s  50.00 iters/s

running (2m14.0s), 000/100 VUs, 6699 complete and 0 interrupted iterations
a1     [  74% ] 000/100 VUs  2m14.0s/3m0s  50.00 iters/s

running (2m15.0s), 016/100 VUs, 6733 complete and 0 interrupted iterations
a1     [  75% ] 016/100 VUs  2m15.0s/3m0s  50.00 iters/s

running (2m16.0s), 016/100 VUs, 6783 complete and 0 interrupted iterations
a1     [  76% ] 016/100 VUs  2m16.0s/3m0s  50.00 iters/s

running (2m17.0s), 000/100 VUs, 6849 complete and 0 interrupted iterations
a1     [  76% ] 000/100 VUs  2m17.0s/3m0s  50.00 iters/s

running (2m18.0s), 000/100 VUs, 6899 complete and 0 interrupted iterations
a1     [  77% ] 000/100 VUs  2m18.0s/3m0s  50.00 iters/s

running (2m19.0s), 001/100 VUs, 6948 complete and 0 interrupted iterations
a1     [  77% ] 001/100 VUs  2m19.0s/3m0s  50.00 iters/s

running (2m20.0s), 001/100 VUs, 6998 complete and 0 interrupted iterations
a1     [  78% ] 001/100 VUs  2m20.0s/3m0s  50.00 iters/s

running (2m21.0s), 000/100 VUs, 7049 complete and 0 interrupted iterations
a1     [  78% ] 000/100 VUs  2m21.0s/3m0s  50.00 iters/s

running (2m22.0s), 000/100 VUs, 7099 complete and 0 interrupted iterations
a1     [  79% ] 000/100 VUs  2m22.0s/3m0s  50.00 iters/s

running (2m23.0s), 000/100 VUs, 7149 complete and 0 interrupted iterations
a1     [  79% ] 000/100 VUs  2m23.0s/3m0s  50.00 iters/s

running (2m24.0s), 015/100 VUs, 7184 complete and 0 interrupted iterations
a1     [  80% ] 015/100 VUs  2m24.0s/3m0s  50.00 iters/s

running (2m25.0s), 000/100 VUs, 7249 complete and 0 interrupted iterations
a1     [  81% ] 000/100 VUs  2m25.0s/3m0s  50.00 iters/s

running (2m26.0s), 000/100 VUs, 7299 complete and 0 interrupted iterations
a1     [  81% ] 000/100 VUs  2m26.0s/3m0s  50.00 iters/s

running (2m27.0s), 000/100 VUs, 7349 complete and 0 interrupted iterations
a1     [  82% ] 000/100 VUs  2m27.0s/3m0s  50.00 iters/s

running (2m28.0s), 016/100 VUs, 7383 complete and 0 interrupted iterations
a1     [  82% ] 016/100 VUs  2m28.0s/3m0s  50.00 iters/s

running (2m29.0s), 000/100 VUs, 7449 complete and 0 interrupted iterations
a1     [  83% ] 000/100 VUs  2m29.0s/3m0s  50.00 iters/s

running (2m30.0s), 001/100 VUs, 7498 complete and 0 interrupted iterations
a1     [  83% ] 001/100 VUs  2m30.0s/3m0s  50.00 iters/s

running (2m31.0s), 000/100 VUs, 7549 complete and 0 interrupted iterations
a1     [  84% ] 000/100 VUs  2m31.0s/3m0s  50.00 iters/s

running (2m32.0s), 000/100 VUs, 7599 complete and 0 interrupted iterations
a1     [  84% ] 000/100 VUs  2m32.0s/3m0s  50.00 iters/s

running (2m33.0s), 016/100 VUs, 7633 complete and 0 interrupted iterations
a1     [  85% ] 016/100 VUs  2m33.0s/3m0s  50.00 iters/s

running (2m34.0s), 014/100 VUs, 7685 complete and 0 interrupted iterations
a1     [  86% ] 014/100 VUs  2m34.0s/3m0s  50.00 iters/s

running (2m35.0s), 000/100 VUs, 7749 complete and 0 interrupted iterations
a1     [  86% ] 000/100 VUs  2m35.0s/3m0s  50.00 iters/s

running (2m36.0s), 016/100 VUs, 7783 complete and 0 interrupted iterations
a1     [  87% ] 016/100 VUs  2m36.0s/3m0s  50.00 iters/s

running (2m37.0s), 016/100 VUs, 7833 complete and 0 interrupted iterations
a1     [  87% ] 016/100 VUs  2m37.0s/3m0s  50.00 iters/s

running (2m38.0s), 015/100 VUs, 7884 complete and 0 interrupted iterations
a1     [  88% ] 015/100 VUs  2m38.0s/3m0s  50.00 iters/s

running (2m39.0s), 000/100 VUs, 7949 complete and 0 interrupted iterations
a1     [  88% ] 000/100 VUs  2m39.0s/3m0s  50.00 iters/s

running (2m40.0s), 015/100 VUs, 7984 complete and 0 interrupted iterations
a1     [  89% ] 015/100 VUs  2m40.0s/3m0s  50.00 iters/s

running (2m41.0s), 000/100 VUs, 8049 complete and 0 interrupted iterations
a1     [  89% ] 000/100 VUs  2m41.0s/3m0s  50.00 iters/s

running (2m42.0s), 015/100 VUs, 8084 complete and 0 interrupted iterations
a1     [  90% ] 015/100 VUs  2m42.0s/3m0s  50.00 iters/s

running (2m43.0s), 000/100 VUs, 8149 complete and 0 interrupted iterations
a1     [  91% ] 000/100 VUs  2m43.0s/3m0s  50.00 iters/s

running (2m44.0s), 015/100 VUs, 8184 complete and 0 interrupted iterations
a1     [  91% ] 015/100 VUs  2m44.0s/3m0s  50.00 iters/s

running (2m45.0s), 015/100 VUs, 8234 complete and 0 interrupted iterations
a1     [  92% ] 015/100 VUs  2m45.0s/3m0s  50.00 iters/s

running (2m46.0s), 015/100 VUs, 8284 complete and 0 interrupted iterations
a1     [  92% ] 015/100 VUs  2m46.0s/3m0s  50.00 iters/s

running (2m47.0s), 020/100 VUs, 8329 complete and 0 interrupted iterations
a1     [  93% ] 020/100 VUs  2m47.0s/3m0s  50.00 iters/s

running (2m48.0s), 000/100 VUs, 8399 complete and 0 interrupted iterations
a1     [  93% ] 000/100 VUs  2m48.0s/3m0s  50.00 iters/s

running (2m49.0s), 000/100 VUs, 8449 complete and 0 interrupted iterations
a1     [  94% ] 000/100 VUs  2m49.0s/3m0s  50.00 iters/s

running (2m50.0s), 001/100 VUs, 8498 complete and 0 interrupted iterations
a1     [  94% ] 001/100 VUs  2m50.0s/3m0s  50.00 iters/s

running (2m51.0s), 000/100 VUs, 8549 complete and 0 interrupted iterations
a1     [  95% ] 000/100 VUs  2m51.0s/3m0s  50.00 iters/s

running (2m52.0s), 000/100 VUs, 8599 complete and 0 interrupted iterations
a1     [  96% ] 000/100 VUs  2m52.0s/3m0s  50.00 iters/s

running (2m53.0s), 000/100 VUs, 8649 complete and 0 interrupted iterations
a1     [  96% ] 000/100 VUs  2m53.0s/3m0s  50.00 iters/s

running (2m54.0s), 000/100 VUs, 8699 complete and 0 interrupted iterations
a1     [  97% ] 000/100 VUs  2m54.0s/3m0s  50.00 iters/s

running (2m55.0s), 002/100 VUs, 8747 complete and 0 interrupted iterations
a1     [  97% ] 002/100 VUs  2m55.0s/3m0s  50.00 iters/s

running (2m56.0s), 012/100 VUs, 8787 complete and 0 interrupted iterations
a1     [  98% ] 012/100 VUs  2m56.0s/3m0s  50.00 iters/s

running (2m57.0s), 002/100 VUs, 8847 complete and 0 interrupted iterations
a1     [  98% ] 002/100 VUs  2m57.0s/3m0s  50.00 iters/s

running (2m58.0s), 004/100 VUs, 8895 complete and 0 interrupted iterations
a1     [  99% ] 004/100 VUs  2m58.0s/3m0s  50.00 iters/s

running (2m59.0s), 015/100 VUs, 8934 complete and 0 interrupted iterations
a1     [  99% ] 015/100 VUs  2m59.0s/3m0s  50.00 iters/s

running (3m00.0s), 014/100 VUs, 8985 complete and 0 interrupted iterations
a1     [ 100% ] 014/100 VUs  3m00.0s/3m0s  50.00 iters/s


  █ THRESHOLDS 

    http_req_failed
    ✓ 'rate<0.05' rate=0.00%


  █ TOTAL RESULTS 

    checks_total.......: 27000   149.995841/s
    checks_succeeded...: 100.00% 27000 out of 27000
    checks_failed......: 0.00%   0 out of 27000

    ✓ initiated
    ✓ validated
    ✓ terminal

    CUSTOM
    a1_lifecycle_duration..........: avg=60.45ms min=6ms    med=12ms    p(95)=301ms    p(99)=474ms    max=1.11s   
    a1_lifecycles_completed........: 9000   49.998614/s
    a1_transitions_committed.......: 27000  149.995841/s

    HTTP
    http_req_duration..............: avg=20.01ms min=1.46ms med=3.91ms  p(95)=111.62ms p(99)=279.8ms  max=653.38ms
      { expected_response:true }...: avg=20.01ms min=1.46ms med=3.91ms  p(95)=111.62ms p(99)=279.8ms  max=653.38ms
    http_req_failed................: 0.00%  0 out of 27000
    http_reqs......................: 27000  149.995841/s

    EXECUTION
    iteration_duration.............: avg=60.53ms min=6.14ms med=12.56ms p(95)=300.4ms  p(99)=473.85ms max=1.11s   
    iterations.....................: 9000   49.998614/s
    vus............................: 14     min=0          max=49 
    vus_max........................: 100    min=100        max=100

    NETWORK
    data_received..................: 10 MB  57 kB/s
    data_sent......................: 5.8 MB 32 kB/s




running (3m00.0s), 000/100 VUs, 9000 complete and 0 interrupted iterations
a1   ✓ [ 100% ] 000/100 VUs  3m0s  50.00 iters/s
