[20:02:34] === RUN CDC-P1-r3-F5R-20260909200234 ===
[20:02:34] mode=CDC profile=P1 rep=3 tps=50 duration=420s fault=F5R
[20:02:34] jar: target/master-thesis-observability-0.0.1-SNAPSHOT.jar
[20:02:34] arxiv redo tozalanmoqda
[20:02:34] workload tozalanmoqda (reference saqlanadi)
workload reset; reference data preserved
AQ backlog purged: 0 -> 0
[20:02:40] Kafka topigi qayta yaratilmoqda
[20:02:50] ilova ishga tushirilmoqda (mode=CDC)
[20:03:06] ilova tayyor (pid 2047870)
[20:03:06] Debezium konnektori ro'yxatdan o'tkazilmoqda (CDC, prefix=obsv_cdc_p1_r3_f5r_20260909200234)
konnektor ro'yxatdan o'tkazilmoqda: a1-cdc-obsv_cdc_p1_r3_f5r_20260909200234 (prefix=obsv_cdc_p1_r3_f5r_20260909200234)
konnektor RUNNING (2s)
streaming tasdiqlanmoqda (heartbeat topigi: __debezium-heartbeat.obsv_cdc_p1_r3_f5r_20260909200234)
streaming tasdiqlandi (1 urinish)
[20:03:14] fault F5R 30s dan keyin yuboriladi
[20:03:14] k6 yuklamasi boshlandi
[fault 20:03:44] bitta ochiq tranzaksiyada 5000 satr, 240 soniya ushlab turiladi
[fault 20:03:44] F5R tugadi
PL/SQL procedure successfully completed.

[20:10:15] k6 iteratsiyalari: 21001
[20:10:15] pipeline bo'shashi kutilmoqda (maks 120s)
[20:10:37] pipeline bo'sh (15s, sink=77997 xabar)
[20:10:47] ground truth eksport qilinmoqda
[20:10:48] Kafka topigi eksport qilinmoqda
[20:10:59] tahlil
{
  "mode": "CDC",
  "profile": "P1",
  "rep": "3",
  "fault": "F5R",
  "ground_truth_transitions": 77997,
  "delivered_distinct": 77997,
  "delivered_total": 77997,
  "matched": 77997,
  "missing": 0,
  "phantom": 0,
  "malformed": 0,
  "loss_rate": 0.0,
  "loss_rate_ppm": 0.0,
  "duplicate_rate": 0.0,
  "ordering_violation_rate": 0.0,
  "txns_split_across_partitions": 0,
  "latency_ms_p50": 3852,
  "latency_ms_p95": 9423,
  "latency_ms_p99": 10820,
  "latency_ms_max": 11125,
  "latency_ms_mean": 4287.5,
  "latency_samples": 77997,
  "latency_negative_samples": 0,
  "loss_rate_upper_bound_95_ppm": 38.46
}
[20:11:00] ilova va konnektor to'xtatilmoqda
connector o'chirilmoqda: a1-cdc-obsv_cdc_p1_r3_f5r_20260909200234
[20:11:11] === TUGADI: results/CDC-P1-r3-F5R-20260909200234 ===
