[18:03:08] === RUN WRAPPER_B2-P1-r2-F1R-20260909180308 ===
[18:03:08] mode=WRAPPER_B2 profile=P1 rep=2 tps=50 duration=180s fault=F1R
[18:03:08] jar: target/master-thesis-observability-0.0.1-SNAPSHOT.jar
[18:03:08] arxiv redo tozalanmoqda
[18:03:08] workload tozalanmoqda (reference saqlanadi)
workload reset; reference data preserved
AQ backlog purged: 0 -> 0
[18:03:09] Kafka topigi qayta yaratilmoqda
[18:03:19] ilova ishga tushirilmoqda (mode=WRAPPER_B2)
[18:03:35] ilova tayyor (pid 662601)
[18:03:39] fault F1R 60s dan keyin yuboriladi
[18:03:39] k6 yuklamasi boshlandi
[fault 18:04:39] SIGKILL ilovaga: 662601
[fault 18:04:50] ilova qayta ishga tushirilmoqda (mode=results/WRAPPER_B3-P1-r91-20260903164920/run.log:WRAPPER_B3)
[fault 18:04:50] F1R tugadi
[18:06:39] k6 nolga teng bo'lmagan kod bilan tugadi (natija baribir tahlil qilinadi)
[18:06:39] k6 iteratsiyalari: 8831
[18:06:39] ilova ishlamayapti (fault=F1R) — drenaj uchun qayta ishga tushirilmoqda
[18:06:58] ilova qayta tiklandi (10x2s)
[18:06:58] pipeline bo'shashi kutilmoqda (maks 120s)
[18:07:44] pipeline bo'sh (15s, sink=8459 xabar)
[18:07:54] ground truth eksport qilinmoqda
[18:07:55] Kafka topigi eksport qilinmoqda
[18:08:23] tahlil
{
  "mode": "WRAPPER_B2",
  "profile": "P1",
  "rep": "2",
  "fault": "F1R",
  "ground_truth_transitions": 8460,
  "delivered_distinct": 8459,
  "delivered_total": 8459,
  "matched": 8459,
  "missing": 1,
  "phantom": 0,
  "malformed": 0,
  "loss_rate": 0.0001182,
  "loss_rate_ppm": 118.2,
  "duplicate_rate": 0.0,
  "ordering_violation_rate": 0.0,
  "txns_split_across_partitions": 0,
  "latency_ms_p50": 2,
  "latency_ms_p95": 14,
  "latency_ms_p99": 38,
  "latency_ms_max": 5084,
  "latency_ms_mean": 27.5,
  "latency_samples": 8459,
  "latency_negative_samples": 0
}
[18:08:23] ilova va konnektor to'xtatilmoqda
[18:08:27] === TUGADI: results/WRAPPER_B2-P1-r2-F1R-20260909180308 ===
