
         /\      Grafana   /‾‾/  
    /\  /  \     |\  __   /  /   
   /  \/    \    | |/ /  /   ‾‾\ 
  /          \   |   (  |  (‾)  |
 / __________ \  |_|\_\  \_____/ 


     execution: local
        script: harness/k6/a1-workload.js
        output: -

     scenarios: (100.00%) 1 scenario, 600 max VUs, 3m30s max duration (incl. graceful stop):
              * a1: 50.00 iterations/s for 3m0s (maxVUs: 100-600, gracefulStop: 30s)


running (0m01.0s), 050/100 VUs, 0 complete and 0 interrupted iterations
a1     [   1% ] 050/100 VUs  0m01.0s/3m0s  50.00 iters/s

running (0m02.0s), 001/100 VUs, 99 complete and 0 interrupted iterations
a1     [   1% ] 001/100 VUs  0m02.0s/3m0s  50.00 iters/s

running (0m03.0s), 002/100 VUs, 148 complete and 0 interrupted iterations
a1     [   2% ] 002/100 VUs  0m03.0s/3m0s  50.00 iters/s

running (0m04.0s), 001/100 VUs, 199 complete and 0 interrupted iterations
a1     [   2% ] 001/100 VUs  0m04.0s/3m0s  50.00 iters/s

running (0m05.0s), 001/100 VUs, 249 complete and 0 interrupted iterations
a1     [   3% ] 001/100 VUs  0m05.0s/3m0s  50.00 iters/s

running (0m06.0s), 001/100 VUs, 299 complete and 0 interrupted iterations
a1     [   3% ] 001/100 VUs  0m06.0s/3m0s  50.00 iters/s

running (0m07.0s), 001/100 VUs, 349 complete and 0 interrupted iterations
a1     [   4% ] 001/100 VUs  0m07.0s/3m0s  50.00 iters/s

running (0m08.0s), 001/100 VUs, 399 complete and 0 interrupted iterations
a1     [   4% ] 001/100 VUs  0m08.0s/3m0s  50.00 iters/s

running (0m09.0s), 001/100 VUs, 449 complete and 0 interrupted iterations
a1     [   5% ] 001/100 VUs  0m09.0s/3m0s  50.00 iters/s

running (0m10.0s), 001/100 VUs, 499 complete and 0 interrupted iterations
a1     [   6% ] 001/100 VUs  0m10.0s/3m0s  50.00 iters/s

running (0m11.0s), 001/100 VUs, 549 complete and 0 interrupted iterations
a1     [   6% ] 001/100 VUs  0m11.0s/3m0s  50.00 iters/s

running (0m12.0s), 001/100 VUs, 599 complete and 0 interrupted iterations
a1     [   7% ] 001/100 VUs  0m12.0s/3m0s  50.00 iters/s

running (0m13.0s), 001/100 VUs, 649 complete and 0 interrupted iterations
a1     [   7% ] 001/100 VUs  0m13.0s/3m0s  50.00 iters/s

running (0m16.9s), 001/100 VUs, 699 complete and 0 interrupted iterations
a1     [   8% ] 001/100 VUs  0m14.0s/3m0s  50.00 iters/s

running (0m17.9s), 001/100 VUs, 749 complete and 0 interrupted iterations
a1     [   8% ] 001/100 VUs  0m15.0s/3m0s  50.00 iters/s

running (0m18.9s), 001/100 VUs, 799 complete and 0 interrupted iterations
a1     [   9% ] 001/100 VUs  0m16.0s/3m0s  50.00 iters/s

running (0m19.9s), 001/100 VUs, 849 complete and 0 interrupted iterations
a1     [   9% ] 001/100 VUs  0m17.0s/3m0s  50.00 iters/s

running (0m20.9s), 001/100 VUs, 899 complete and 0 interrupted iterations
a1     [  10% ] 001/100 VUs  0m18.0s/3m0s  50.00 iters/s

running (0m21.9s), 001/100 VUs, 949 complete and 0 interrupted iterations
a1     [  11% ] 001/100 VUs  0m19.0s/3m0s  50.00 iters/s

running (0m22.9s), 001/100 VUs, 999 complete and 0 interrupted iterations
a1     [  11% ] 001/100 VUs  0m20.0s/3m0s  50.00 iters/s

running (0m23.9s), 001/100 VUs, 1049 complete and 0 interrupted iterations
a1     [  12% ] 001/100 VUs  0m21.0s/3m0s  50.00 iters/s

running (0m24.9s), 001/100 VUs, 1099 complete and 0 interrupted iterations
a1     [  12% ] 001/100 VUs  0m22.0s/3m0s  50.00 iters/s

running (0m25.9s), 001/100 VUs, 1149 complete and 0 interrupted iterations
a1     [  13% ] 001/100 VUs  0m23.0s/3m0s  50.00 iters/s

running (0m26.9s), 001/100 VUs, 1199 complete and 0 interrupted iterations
a1     [  13% ] 001/100 VUs  0m24.0s/3m0s  50.00 iters/s

running (0m27.9s), 001/100 VUs, 1249 complete and 0 interrupted iterations
a1     [  14% ] 001/100 VUs  0m25.0s/3m0s  50.00 iters/s

running (0m28.9s), 001/100 VUs, 1299 complete and 0 interrupted iterations
a1     [  14% ] 001/100 VUs  0m26.0s/3m0s  50.00 iters/s

running (0m29.9s), 001/100 VUs, 1349 complete and 0 interrupted iterations
a1     [  15% ] 001/100 VUs  0m27.0s/3m0s  50.00 iters/s

running (0m30.9s), 001/100 VUs, 1399 complete and 0 interrupted iterations
a1     [  16% ] 001/100 VUs  0m28.0s/3m0s  50.00 iters/s

running (0m31.9s), 001/100 VUs, 1449 complete and 0 interrupted iterations
a1     [  16% ] 001/100 VUs  0m29.0s/3m0s  50.00 iters/s

running (0m32.9s), 001/100 VUs, 1499 complete and 0 interrupted iterations
a1     [  17% ] 001/100 VUs  0m30.0s/3m0s  50.00 iters/s

running (0m33.9s), 001/100 VUs, 1549 complete and 0 interrupted iterations
a1     [  17% ] 001/100 VUs  0m31.0s/3m0s  50.00 iters/s

running (0m34.9s), 001/100 VUs, 1599 complete and 0 interrupted iterations
a1     [  18% ] 001/100 VUs  0m32.0s/3m0s  50.00 iters/s

running (0m35.9s), 001/100 VUs, 1649 complete and 0 interrupted iterations
a1     [  18% ] 001/100 VUs  0m33.0s/3m0s  50.00 iters/s

running (0m36.9s), 001/100 VUs, 1699 complete and 0 interrupted iterations
a1     [  19% ] 001/100 VUs  0m34.0s/3m0s  50.00 iters/s

running (0m37.9s), 001/100 VUs, 1749 complete and 0 interrupted iterations
a1     [  19% ] 001/100 VUs  0m35.0s/3m0s  50.00 iters/s

running (0m38.9s), 001/100 VUs, 1799 complete and 0 interrupted iterations
a1     [  20% ] 001/100 VUs  0m36.0s/3m0s  50.00 iters/s

running (0m39.9s), 001/100 VUs, 1849 complete and 0 interrupted iterations
a1     [  21% ] 001/100 VUs  0m37.0s/3m0s  50.00 iters/s

running (0m40.9s), 001/100 VUs, 1899 complete and 0 interrupted iterations
a1     [  21% ] 001/100 VUs  0m38.0s/3m0s  50.00 iters/s

running (0m41.9s), 001/100 VUs, 1949 complete and 0 interrupted iterations
a1     [  22% ] 001/100 VUs  0m39.0s/3m0s  50.00 iters/s

running (0m42.9s), 001/100 VUs, 1999 complete and 0 interrupted iterations
a1     [  22% ] 001/100 VUs  0m40.0s/3m0s  50.00 iters/s

running (0m43.9s), 001/100 VUs, 2049 complete and 0 interrupted iterations
a1     [  23% ] 001/100 VUs  0m41.0s/3m0s  50.00 iters/s

running (0m44.9s), 001/100 VUs, 2099 complete and 0 interrupted iterations
a1     [  23% ] 001/100 VUs  0m42.0s/3m0s  50.00 iters/s

running (0m45.9s), 001/100 VUs, 2149 complete and 0 interrupted iterations
a1     [  24% ] 001/100 VUs  0m43.0s/3m0s  50.00 iters/s

running (0m46.9s), 001/100 VUs, 2199 complete and 0 interrupted iterations
a1     [  24% ] 001/100 VUs  0m44.0s/3m0s  50.00 iters/s

running (0m47.9s), 001/100 VUs, 2249 complete and 0 interrupted iterations
a1     [  25% ] 001/100 VUs  0m45.0s/3m0s  50.00 iters/s

running (0m51.9s), 001/100 VUs, 2299 complete and 0 interrupted iterations
a1     [  26% ] 001/100 VUs  0m46.0s/3m0s  50.00 iters/s

running (0m52.9s), 001/100 VUs, 2349 complete and 0 interrupted iterations
a1     [  26% ] 001/100 VUs  0m47.0s/3m0s  50.00 iters/s

running (0m53.9s), 001/100 VUs, 2399 complete and 0 interrupted iterations
a1     [  27% ] 001/100 VUs  0m48.0s/3m0s  50.00 iters/s

running (0m54.9s), 001/100 VUs, 2449 complete and 0 interrupted iterations
a1     [  27% ] 001/100 VUs  0m49.0s/3m0s  50.00 iters/s

running (0m55.9s), 001/100 VUs, 2499 complete and 0 interrupted iterations
a1     [  28% ] 001/100 VUs  0m50.0s/3m0s  50.00 iters/s

running (0m56.9s), 001/100 VUs, 2549 complete and 0 interrupted iterations
a1     [  28% ] 001/100 VUs  0m51.0s/3m0s  50.00 iters/s

running (0m57.9s), 001/100 VUs, 2599 complete and 0 interrupted iterations
a1     [  29% ] 001/100 VUs  0m52.0s/3m0s  50.00 iters/s

running (0m58.9s), 001/100 VUs, 2649 complete and 0 interrupted iterations
a1     [  29% ] 001/100 VUs  0m53.0s/3m0s  50.00 iters/s

running (0m59.9s), 001/100 VUs, 2699 complete and 0 interrupted iterations
a1     [  30% ] 001/100 VUs  0m54.0s/3m0s  50.00 iters/s

running (1m00.9s), 001/100 VUs, 2749 complete and 0 interrupted iterations
a1     [  31% ] 001/100 VUs  0m55.0s/3m0s  50.00 iters/s

running (1m01.9s), 001/100 VUs, 2799 complete and 0 interrupted iterations
a1     [  31% ] 001/100 VUs  0m56.0s/3m0s  50.00 iters/s

running (1m02.9s), 001/100 VUs, 2849 complete and 0 interrupted iterations
a1     [  32% ] 001/100 VUs  0m57.0s/3m0s  50.00 iters/s

running (1m03.9s), 001/100 VUs, 2899 complete and 0 interrupted iterations
a1     [  32% ] 001/100 VUs  0m58.0s/3m0s  50.00 iters/s

running (1m04.9s), 001/100 VUs, 2949 complete and 0 interrupted iterations
a1     [  33% ] 001/100 VUs  0m59.0s/3m0s  50.00 iters/s

running (1m05.9s), 001/100 VUs, 2999 complete and 0 interrupted iterations
a1     [  33% ] 001/100 VUs  1m00.0s/3m0s  50.00 iters/s

running (1m06.9s), 047/100 VUs, 3003 complete and 0 interrupted iterations
a1     [  34% ] 047/100 VUs  1m01.0s/3m0s  50.00 iters/s

running (1m07.9s), 097/100 VUs, 3003 complete and 0 interrupted iterations
a1     [  34% ] 097/100 VUs  1m02.0s/3m0s  50.00 iters/s

running (1m08.9s), 123/124 VUs, 3003 complete and 0 interrupted iterations
a1     [  35% ] 123/124 VUs  1m03.0s/3m0s  50.00 iters/s

running (1m09.9s), 148/149 VUs, 3003 complete and 0 interrupted iterations
a1     [  36% ] 148/149 VUs  1m04.0s/3m0s  50.00 iters/s

running (1m10.9s), 173/174 VUs, 3003 complete and 0 interrupted iterations
a1     [  36% ] 173/174 VUs  1m05.0s/3m0s  50.00 iters/s

running (1m11.9s), 001/187 VUs, 3212 complete and 0 interrupted iterations
a1     [  37% ] 001/187 VUs  1m06.0s/3m0s  50.00 iters/s

running (1m12.9s), 001/187 VUs, 3262 complete and 0 interrupted iterations
a1     [  37% ] 001/187 VUs  1m07.0s/3m0s  50.00 iters/s

running (1m13.9s), 001/187 VUs, 3312 complete and 0 interrupted iterations
a1     [  38% ] 001/187 VUs  1m08.0s/3m0s  50.00 iters/s

running (1m14.9s), 001/187 VUs, 3362 complete and 0 interrupted iterations
a1     [  38% ] 001/187 VUs  1m09.0s/3m0s  50.00 iters/s

running (1m15.9s), 001/187 VUs, 3412 complete and 0 interrupted iterations
a1     [  39% ] 001/187 VUs  1m10.0s/3m0s  50.00 iters/s

running (1m16.9s), 001/187 VUs, 3462 complete and 0 interrupted iterations
a1     [  39% ] 001/187 VUs  1m11.0s/3m0s  50.00 iters/s

running (1m17.9s), 001/187 VUs, 3512 complete and 0 interrupted iterations
a1     [  40% ] 001/187 VUs  1m12.0s/3m0s  50.00 iters/s

running (1m18.9s), 001/187 VUs, 3562 complete and 0 interrupted iterations
a1     [  41% ] 001/187 VUs  1m13.0s/3m0s  50.00 iters/s

running (1m19.9s), 001/187 VUs, 3612 complete and 0 interrupted iterations
a1     [  41% ] 001/187 VUs  1m14.0s/3m0s  50.00 iters/s

running (1m20.9s), 001/187 VUs, 3662 complete and 0 interrupted iterations
a1     [  42% ] 001/187 VUs  1m15.0s/3m0s  50.00 iters/s

running (1m21.9s), 001/187 VUs, 3712 complete and 0 interrupted iterations
a1     [  42% ] 001/187 VUs  1m16.0s/3m0s  50.00 iters/s

running (1m22.9s), 001/187 VUs, 3762 complete and 0 interrupted iterations
a1     [  43% ] 001/187 VUs  1m17.0s/3m0s  50.00 iters/s

running (1m23.9s), 001/187 VUs, 3812 complete and 0 interrupted iterations
a1     [  43% ] 001/187 VUs  1m18.0s/3m0s  50.00 iters/s

running (1m27.8s), 001/187 VUs, 3862 complete and 0 interrupted iterations
a1     [  44% ] 001/187 VUs  1m19.0s/3m0s  50.00 iters/s

running (1m28.8s), 001/187 VUs, 3912 complete and 0 interrupted iterations
a1     [  44% ] 001/187 VUs  1m20.0s/3m0s  50.00 iters/s

running (1m29.8s), 001/187 VUs, 3962 complete and 0 interrupted iterations
a1     [  45% ] 001/187 VUs  1m21.0s/3m0s  50.00 iters/s

running (1m30.8s), 001/187 VUs, 4012 complete and 0 interrupted iterations
a1     [  46% ] 001/187 VUs  1m22.0s/3m0s  50.00 iters/s

running (1m31.8s), 001/187 VUs, 4062 complete and 0 interrupted iterations
a1     [  46% ] 001/187 VUs  1m23.0s/3m0s  50.00 iters/s

running (1m32.8s), 001/187 VUs, 4112 complete and 0 interrupted iterations
a1     [  47% ] 001/187 VUs  1m24.0s/3m0s  50.00 iters/s

running (1m33.8s), 001/187 VUs, 4162 complete and 0 interrupted iterations
a1     [  47% ] 001/187 VUs  1m25.0s/3m0s  50.00 iters/s

running (1m34.8s), 001/187 VUs, 4212 complete and 0 interrupted iterations
a1     [  48% ] 001/187 VUs  1m26.0s/3m0s  50.00 iters/s

running (1m35.8s), 001/187 VUs, 4262 complete and 0 interrupted iterations
a1     [  48% ] 001/187 VUs  1m27.0s/3m0s  50.00 iters/s

running (1m36.8s), 001/187 VUs, 4312 complete and 0 interrupted iterations
a1     [  49% ] 001/187 VUs  1m28.0s/3m0s  50.00 iters/s

running (1m37.8s), 001/187 VUs, 4362 complete and 0 interrupted iterations
a1     [  49% ] 001/187 VUs  1m29.0s/3m0s  50.00 iters/s

running (1m38.8s), 001/187 VUs, 4412 complete and 0 interrupted iterations
a1     [  50% ] 001/187 VUs  1m30.0s/3m0s  50.00 iters/s

running (1m39.8s), 001/187 VUs, 4462 complete and 0 interrupted iterations
a1     [  51% ] 001/187 VUs  1m31.0s/3m0s  50.00 iters/s

running (1m40.8s), 001/187 VUs, 4512 complete and 0 interrupted iterations
a1     [  51% ] 001/187 VUs  1m32.0s/3m0s  50.00 iters/s

running (1m41.8s), 001/187 VUs, 4562 complete and 0 interrupted iterations
a1     [  52% ] 001/187 VUs  1m33.0s/3m0s  50.00 iters/s

running (1m42.8s), 001/187 VUs, 4612 complete and 0 interrupted iterations
a1     [  52% ] 001/187 VUs  1m34.0s/3m0s  50.00 iters/s

running (1m43.8s), 000/187 VUs, 4663 complete and 0 interrupted iterations
a1     [  53% ] 000/187 VUs  1m35.0s/3m0s  50.00 iters/s

running (1m44.8s), 001/187 VUs, 4712 complete and 0 interrupted iterations
a1     [  53% ] 001/187 VUs  1m36.0s/3m0s  50.00 iters/s

running (1m45.8s), 001/187 VUs, 4762 complete and 0 interrupted iterations
a1     [  54% ] 001/187 VUs  1m37.0s/3m0s  50.00 iters/s

running (1m46.8s), 001/187 VUs, 4812 complete and 0 interrupted iterations
a1     [  54% ] 001/187 VUs  1m38.0s/3m0s  50.00 iters/s

running (1m47.8s), 001/187 VUs, 4862 complete and 0 interrupted iterations
a1     [  55% ] 001/187 VUs  1m39.0s/3m0s  50.00 iters/s

running (1m48.8s), 001/187 VUs, 4912 complete and 0 interrupted iterations
a1     [  56% ] 001/187 VUs  1m40.0s/3m0s  50.00 iters/s

running (1m49.8s), 001/187 VUs, 4962 complete and 0 interrupted iterations
a1     [  56% ] 001/187 VUs  1m41.0s/3m0s  50.00 iters/s

running (1m50.8s), 001/187 VUs, 5012 complete and 0 interrupted iterations
a1     [  57% ] 001/187 VUs  1m42.0s/3m0s  50.00 iters/s

running (1m51.8s), 001/187 VUs, 5062 complete and 0 interrupted iterations
a1     [  57% ] 001/187 VUs  1m43.0s/3m0s  50.00 iters/s

running (1m52.8s), 001/187 VUs, 5112 complete and 0 interrupted iterations
a1     [  58% ] 001/187 VUs  1m44.0s/3m0s  50.00 iters/s

running (1m53.8s), 001/187 VUs, 5162 complete and 0 interrupted iterations
a1     [  58% ] 001/187 VUs  1m45.0s/3m0s  50.00 iters/s

running (1m54.8s), 001/187 VUs, 5212 complete and 0 interrupted iterations
a1     [  59% ] 001/187 VUs  1m46.0s/3m0s  50.00 iters/s

running (1m55.8s), 001/187 VUs, 5262 complete and 0 interrupted iterations
a1     [  59% ] 001/187 VUs  1m47.0s/3m0s  50.00 iters/s

running (1m56.8s), 001/187 VUs, 5312 complete and 0 interrupted iterations
a1     [  60% ] 001/187 VUs  1m48.0s/3m0s  50.00 iters/s

running (1m57.8s), 001/187 VUs, 5362 complete and 0 interrupted iterations
a1     [  61% ] 001/187 VUs  1m49.0s/3m0s  50.00 iters/s

running (1m58.8s), 001/187 VUs, 5412 complete and 0 interrupted iterations
a1     [  61% ] 001/187 VUs  1m50.0s/3m0s  50.00 iters/s

running (2m02.7s), 001/187 VUs, 5462 complete and 0 interrupted iterations
a1     [  62% ] 001/187 VUs  1m51.0s/3m0s  50.00 iters/s

running (2m03.7s), 001/187 VUs, 5512 complete and 0 interrupted iterations
a1     [  62% ] 001/187 VUs  1m52.0s/3m0s  50.00 iters/s
time="2026-09-04T17:55:59+05:00" level=warning msg="The test has generated metrics with 100057 unique time series, which is higher than the suggested limit of 100000 and could cause high memory usage. Consider not using high-cardinality values like unique IDs as metric tags or, if you need them in the URL, use the name metric tag or URL grouping. See https://grafana.com/docs/k6/latest/using-k6/tags-and-groups/ for details." component=metrics-engine-ingester

running (2m04.7s), 001/187 VUs, 5562 complete and 0 interrupted iterations
a1     [  63% ] 001/187 VUs  1m53.0s/3m0s  50.00 iters/s

running (2m05.7s), 001/187 VUs, 5612 complete and 0 interrupted iterations
a1     [  63% ] 001/187 VUs  1m54.0s/3m0s  50.00 iters/s

running (2m06.7s), 001/187 VUs, 5662 complete and 0 interrupted iterations
a1     [  64% ] 001/187 VUs  1m55.0s/3m0s  50.00 iters/s

running (2m07.7s), 001/187 VUs, 5712 complete and 0 interrupted iterations
a1     [  64% ] 001/187 VUs  1m56.0s/3m0s  50.00 iters/s

running (2m08.7s), 001/187 VUs, 5762 complete and 0 interrupted iterations
a1     [  65% ] 001/187 VUs  1m57.0s/3m0s  50.00 iters/s

running (2m09.7s), 001/187 VUs, 5812 complete and 0 interrupted iterations
a1     [  66% ] 001/187 VUs  1m58.0s/3m0s  50.00 iters/s

running (2m10.7s), 001/187 VUs, 5862 complete and 0 interrupted iterations
a1     [  66% ] 001/187 VUs  1m59.0s/3m0s  50.00 iters/s

running (2m11.7s), 001/187 VUs, 5912 complete and 0 interrupted iterations
a1     [  67% ] 001/187 VUs  2m00.0s/3m0s  50.00 iters/s

running (2m12.7s), 001/187 VUs, 5962 complete and 0 interrupted iterations
a1     [  67% ] 001/187 VUs  2m01.0s/3m0s  50.00 iters/s

running (2m13.7s), 001/187 VUs, 6012 complete and 0 interrupted iterations
a1     [  68% ] 001/187 VUs  2m02.0s/3m0s  50.00 iters/s

running (2m14.7s), 001/187 VUs, 6062 complete and 0 interrupted iterations
a1     [  68% ] 001/187 VUs  2m03.0s/3m0s  50.00 iters/s

running (2m15.7s), 001/187 VUs, 6112 complete and 0 interrupted iterations
a1     [  69% ] 001/187 VUs  2m04.0s/3m0s  50.00 iters/s

running (2m16.7s), 001/187 VUs, 6162 complete and 0 interrupted iterations
a1     [  69% ] 001/187 VUs  2m05.0s/3m0s  50.00 iters/s

running (2m17.7s), 001/187 VUs, 6212 complete and 0 interrupted iterations
a1     [  70% ] 001/187 VUs  2m06.0s/3m0s  50.00 iters/s

running (2m18.7s), 000/187 VUs, 6263 complete and 0 interrupted iterations
a1     [  71% ] 000/187 VUs  2m07.0s/3m0s  50.00 iters/s

running (2m19.7s), 001/187 VUs, 6312 complete and 0 interrupted iterations
a1     [  71% ] 001/187 VUs  2m08.0s/3m0s  50.00 iters/s

running (2m20.7s), 001/187 VUs, 6362 complete and 0 interrupted iterations
a1     [  72% ] 001/187 VUs  2m09.0s/3m0s  50.00 iters/s

running (2m21.7s), 001/187 VUs, 6412 complete and 0 interrupted iterations
a1     [  72% ] 001/187 VUs  2m10.0s/3m0s  50.00 iters/s

running (2m22.7s), 001/187 VUs, 6462 complete and 0 interrupted iterations
a1     [  73% ] 001/187 VUs  2m11.0s/3m0s  50.00 iters/s

running (2m23.7s), 001/187 VUs, 6512 complete and 0 interrupted iterations
a1     [  73% ] 001/187 VUs  2m12.0s/3m0s  50.00 iters/s

running (2m24.7s), 001/187 VUs, 6562 complete and 0 interrupted iterations
a1     [  74% ] 001/187 VUs  2m13.0s/3m0s  50.00 iters/s

running (2m25.7s), 001/187 VUs, 6612 complete and 0 interrupted iterations
a1     [  74% ] 001/187 VUs  2m14.0s/3m0s  50.00 iters/s

running (2m26.7s), 001/187 VUs, 6662 complete and 0 interrupted iterations
a1     [  75% ] 001/187 VUs  2m15.0s/3m0s  50.00 iters/s

running (2m27.7s), 001/187 VUs, 6712 complete and 0 interrupted iterations
a1     [  76% ] 001/187 VUs  2m16.0s/3m0s  50.00 iters/s

running (2m28.7s), 001/187 VUs, 6762 complete and 0 interrupted iterations
a1     [  76% ] 001/187 VUs  2m17.0s/3m0s  50.00 iters/s

running (2m29.7s), 001/187 VUs, 6812 complete and 0 interrupted iterations
a1     [  77% ] 001/187 VUs  2m18.0s/3m0s  50.00 iters/s

running (2m30.7s), 001/187 VUs, 6862 complete and 0 interrupted iterations
a1     [  77% ] 001/187 VUs  2m19.0s/3m0s  50.00 iters/s

running (2m31.7s), 001/187 VUs, 6912 complete and 0 interrupted iterations
a1     [  78% ] 001/187 VUs  2m20.0s/3m0s  50.00 iters/s

running (2m32.7s), 001/187 VUs, 6962 complete and 0 interrupted iterations
a1     [  78% ] 001/187 VUs  2m21.0s/3m0s  50.00 iters/s

running (2m33.7s), 001/187 VUs, 7012 complete and 0 interrupted iterations
a1     [  79% ] 001/187 VUs  2m22.0s/3m0s  50.00 iters/s

running (2m37.6s), 001/187 VUs, 7062 complete and 0 interrupted iterations
a1     [  79% ] 001/187 VUs  2m23.0s/3m0s  50.00 iters/s

running (2m38.6s), 001/187 VUs, 7112 complete and 0 interrupted iterations
a1     [  80% ] 001/187 VUs  2m24.0s/3m0s  50.00 iters/s

running (2m39.6s), 001/187 VUs, 7162 complete and 0 interrupted iterations
a1     [  81% ] 001/187 VUs  2m25.0s/3m0s  50.00 iters/s

running (2m40.6s), 001/187 VUs, 7212 complete and 0 interrupted iterations
a1     [  81% ] 001/187 VUs  2m26.0s/3m0s  50.00 iters/s

running (2m41.6s), 001/187 VUs, 7262 complete and 0 interrupted iterations
a1     [  82% ] 001/187 VUs  2m27.0s/3m0s  50.00 iters/s

running (2m42.6s), 001/187 VUs, 7312 complete and 0 interrupted iterations
a1     [  82% ] 001/187 VUs  2m28.0s/3m0s  50.00 iters/s

running (2m43.6s), 001/187 VUs, 7362 complete and 0 interrupted iterations
a1     [  83% ] 001/187 VUs  2m29.0s/3m0s  50.00 iters/s

running (2m44.6s), 001/187 VUs, 7412 complete and 0 interrupted iterations
a1     [  83% ] 001/187 VUs  2m30.0s/3m0s  50.00 iters/s

running (2m45.6s), 001/187 VUs, 7462 complete and 0 interrupted iterations
a1     [  84% ] 001/187 VUs  2m31.0s/3m0s  50.00 iters/s

running (2m46.6s), 001/187 VUs, 7512 complete and 0 interrupted iterations
a1     [  84% ] 001/187 VUs  2m32.0s/3m0s  50.00 iters/s

running (2m47.6s), 001/187 VUs, 7562 complete and 0 interrupted iterations
a1     [  85% ] 001/187 VUs  2m33.0s/3m0s  50.00 iters/s

running (2m48.6s), 001/187 VUs, 7612 complete and 0 interrupted iterations
a1     [  86% ] 001/187 VUs  2m34.0s/3m0s  50.00 iters/s

running (2m49.6s), 001/187 VUs, 7662 complete and 0 interrupted iterations
a1     [  86% ] 001/187 VUs  2m35.0s/3m0s  50.00 iters/s

running (2m50.6s), 001/187 VUs, 7712 complete and 0 interrupted iterations
a1     [  87% ] 001/187 VUs  2m36.0s/3m0s  50.00 iters/s

running (2m51.6s), 001/187 VUs, 7762 complete and 0 interrupted iterations
a1     [  87% ] 001/187 VUs  2m37.0s/3m0s  50.00 iters/s

running (2m52.6s), 001/187 VUs, 7812 complete and 0 interrupted iterations
a1     [  88% ] 001/187 VUs  2m38.0s/3m0s  50.00 iters/s

running (2m53.6s), 001/187 VUs, 7862 complete and 0 interrupted iterations
a1     [  88% ] 001/187 VUs  2m39.0s/3m0s  50.00 iters/s

running (2m54.6s), 001/187 VUs, 7912 complete and 0 interrupted iterations
a1     [  89% ] 001/187 VUs  2m40.0s/3m0s  50.00 iters/s

running (2m55.7s), 002/187 VUs, 7961 complete and 0 interrupted iterations
a1     [  89% ] 002/187 VUs  2m41.0s/3m0s  50.00 iters/s

running (2m56.7s), 001/187 VUs, 8012 complete and 0 interrupted iterations
a1     [  90% ] 001/187 VUs  2m42.0s/3m0s  50.00 iters/s

running (2m57.6s), 001/187 VUs, 8062 complete and 0 interrupted iterations
a1     [  91% ] 001/187 VUs  2m43.0s/3m0s  50.00 iters/s

running (2m58.7s), 001/187 VUs, 8112 complete and 0 interrupted iterations
a1     [  91% ] 001/187 VUs  2m44.0s/3m0s  50.00 iters/s

running (2m59.6s), 001/187 VUs, 8162 complete and 0 interrupted iterations
a1     [  92% ] 001/187 VUs  2m45.0s/3m0s  50.00 iters/s

running (3m00.6s), 001/187 VUs, 8212 complete and 0 interrupted iterations
a1     [  92% ] 001/187 VUs  2m46.0s/3m0s  50.00 iters/s

running (3m01.6s), 001/187 VUs, 8262 complete and 0 interrupted iterations
a1     [  93% ] 001/187 VUs  2m47.0s/3m0s  50.00 iters/s

running (3m02.6s), 001/187 VUs, 8312 complete and 0 interrupted iterations
a1     [  93% ] 001/187 VUs  2m48.0s/3m0s  50.00 iters/s

running (3m03.6s), 001/187 VUs, 8362 complete and 0 interrupted iterations
a1     [  94% ] 001/187 VUs  2m49.0s/3m0s  50.00 iters/s

running (3m04.6s), 001/187 VUs, 8412 complete and 0 interrupted iterations
a1     [  94% ] 001/187 VUs  2m50.0s/3m0s  50.00 iters/s

running (3m05.6s), 001/187 VUs, 8462 complete and 0 interrupted iterations
a1     [  95% ] 001/187 VUs  2m51.0s/3m0s  50.00 iters/s

running (3m06.6s), 001/187 VUs, 8512 complete and 0 interrupted iterations
a1     [  96% ] 001/187 VUs  2m52.0s/3m0s  50.00 iters/s

running (3m07.7s), 001/187 VUs, 8562 complete and 0 interrupted iterations
a1     [  96% ] 001/187 VUs  2m53.0s/3m0s  50.00 iters/s

running (3m08.6s), 001/187 VUs, 8612 complete and 0 interrupted iterations
a1     [  97% ] 001/187 VUs  2m54.0s/3m0s  50.00 iters/s

running (3m12.6s), 001/187 VUs, 8662 complete and 0 interrupted iterations
a1     [  97% ] 001/187 VUs  2m55.0s/3m0s  50.00 iters/s

running (3m13.6s), 001/187 VUs, 8712 complete and 0 interrupted iterations
a1     [  98% ] 001/187 VUs  2m56.0s/3m0s  50.00 iters/s

running (3m14.6s), 001/187 VUs, 8762 complete and 0 interrupted iterations
a1     [  98% ] 001/187 VUs  2m57.0s/3m0s  50.00 iters/s

running (3m15.6s), 001/187 VUs, 8812 complete and 0 interrupted iterations
a1     [  99% ] 001/187 VUs  2m58.0s/3m0s  50.00 iters/s

running (3m16.6s), 001/187 VUs, 8862 complete and 0 interrupted iterations
a1     [  99% ] 001/187 VUs  2m59.0s/3m0s  50.00 iters/s

running (3m17.6s), 001/187 VUs, 8912 complete and 0 interrupted iterations
a1     [ 100% ] 001/187 VUs  3m00.0s/3m0s  50.00 iters/s


  █ THRESHOLDS 

    http_req_failed
    ✓ 'rate<0.05' rate=0.00%


  █ TOTAL RESULTS 

    checks_total.......: 26739   135.32415/s
    checks_succeeded...: 100.00% 26739 out of 26739
    checks_failed......: 0.00%   0 out of 26739

    ✓ initiated
    ✓ validated
    ✓ terminal

    CUSTOM
    a1_lifecycle_duration..........: avg=92.47ms min=6ms    med=11ms    p(95)=22ms    p(99)=3.91s    max=5.72s
    a1_lifecycles_completed........: 8913   45.10805/s
    a1_transitions_committed.......: 26739  135.32415/s

    HTTP
    http_req_duration..............: avg=30.68ms min=1.33ms med=3.41ms  p(95)=7.71ms  p(99)=342.01ms max=5.34s
      { expected_response:true }...: avg=30.68ms min=1.33ms med=3.41ms  p(95)=7.71ms  p(99)=342.01ms max=5.34s
    http_req_failed................: 0.00%  0 out of 26739
    http_reqs......................: 26739  135.32415/s

    EXECUTION
    dropped_iterations.............: 87     0.440301/s
    iteration_duration.............: avg=90.89ms min=5.86ms med=10.62ms p(95)=22.18ms p(99)=3.91s    max=5.72s
    iterations.....................: 8913   45.10805/s
    vus............................: 1      min=0          max=173
    vus_max........................: 187    min=100        max=187

    NETWORK
    data_received..................: 10 MB  52 kB/s
    data_sent......................: 5.9 MB 30 kB/s




running (3m17.6s), 000/187 VUs, 8913 complete and 0 interrupted iterations
a1   ✓ [ 100% ] 000/187 VUs  3m0s  50.00 iters/s
