[17:53:25] === RUN WRAPPER_B1-P1-r3-F2-20260904175325 ===
[17:53:25] mode=WRAPPER_B1 profile=P1 rep=3 tps=50 duration=180s fault=F2
[17:53:25] jar: target/master-thesis-observability-0.0.1-SNAPSHOT.jar
[17:53:25] workload tozalanmoqda (reference saqlanadi)
workload reset; reference data preserved
AQ backlog purged: 0 -> 0
[17:53:27] Kafka topigi qayta yaratilmoqda
[17:53:39] ilova ishga tushirilmoqda (mode=WRAPPER_B1)
[17:53:51] ilova tayyor (pid 4078378)
[17:53:54] fault F2 60s dan keyin yuboriladi
[17:53:54] k6 yuklamasi boshlandi
[fault 17:55:00] kafka-2 va kafka-3 to'xtatilmoqda (90s)
[fault 17:56:49] brokerlar qaytarilmoqda
[fault 17:56:50] F2 tugadi
[17:57:13] pipeline bo'shashi kutilmoqda (maks 120s)
[17:57:23] pipeline bo'sh (4s, sink=26739 xabar)
[17:57:33] ground truth eksport qilinmoqda
[17:57:34] Kafka topigi eksport qilinmoqda
[17:58:26] tahlil
{
  "mode": "WRAPPER_B1",
  "profile": "P1",
  "rep": "3",
  "fault": "F2",
  "ground_truth_transitions": 26739,
  "delivered_distinct": 26739,
  "delivered_total": 26739,
  "matched": 26739,
  "missing": 0,
  "phantom": 0,
  "malformed": 0,
  "loss_rate": 0.0,
  "loss_rate_ppm": 0.0,
  "duplicate_rate": 0.0,
  "ordering_violation_rate": 0.0,
  "txns_split_across_partitions": 0,
  "latency_ms_p50": 0,
  "latency_ms_p95": 1,
  "latency_ms_p99": 1,
  "latency_ms_max": 822,
  "latency_ms_mean": 0.2,
  "latency_samples": 26739,
  "latency_negative_samples": 9263,
  "loss_rate_upper_bound_95_ppm": 112.2
}
[17:58:27] ilova va konnektor to'xtatilmoqda
[17:58:31] === TUGADI: results/WRAPPER_B1-P1-r3-F2-20260904175325 ===
