
  .   ____          _            __ _ _
 /\\ / ___'_ __ _ _(_)_ __  __ _ \ \ \ \
( ( )\___ | '_ | '_| | '_ \/ _` | \ \ \ \
 \\/  ___)| |_)| | | | | || (_| |  ) ) ) )
  '  |____| .__|_| |_|_| |_\__, | / / / /
 =========|_|==============|___/=/_/_/_/

 :: Spring Boot ::                (v4.1.1)

2026-09-04T14:59:29.518+05:00  INFO 2089785 --- [a1-observability] [           main] u.m.MasterThesisObservabilityApplication : Starting MasterThesisObservabilityApplication v0.0.1-SNAPSHOT using Java 21.0.12 with PID 2089785 (/mnt/c/Users/O.Ustemirov/IdeaProjects/master-thesis-observability/target/master-thesis-observability-0.0.1-SNAPSHOT.jar started by stemirovustemirov in /mnt/c/Users/O.Ustemirov/IdeaProjects/master-thesis-observability)
2026-09-04T14:59:29.528+05:00  INFO 2089785 --- [a1-observability] [           main] u.m.MasterThesisObservabilityApplication : No active profile set, falling back to 1 default profile: "default"
2026-09-04T14:59:32.227+05:00  INFO 2089785 --- [a1-observability] [           main] .s.d.r.c.RepositoryConfigurationDelegate : Bootstrapping Spring Data JPA repositories in DEFAULT mode.
2026-09-04T14:59:32.346+05:00  INFO 2089785 --- [a1-observability] [           main] .s.d.r.c.RepositoryConfigurationDelegate : Finished Spring Data repository scanning in 87 ms. Found 2 JPA repository interfaces.
2026-09-04T14:59:34.136+05:00  INFO 2089785 --- [a1-observability] [           main] o.s.boot.tomcat.TomcatWebServer          : Tomcat initialized with port 8095 (http)
2026-09-04T14:59:34.164+05:00  INFO 2089785 --- [a1-observability] [           main] o.apache.catalina.core.StandardService   : Starting service [Tomcat]
2026-09-04T14:59:34.165+05:00  INFO 2089785 --- [a1-observability] [           main] o.apache.catalina.core.StandardEngine    : Starting Servlet engine: [Apache Tomcat/11.0.24]
2026-09-04T14:59:34.221+05:00  INFO 2089785 --- [a1-observability] [           main] b.w.c.s.WebApplicationContextInitializer : Root WebApplicationContext: initialization completed in 4550 ms
2026-09-04T14:59:35.125+05:00  INFO 2089785 --- [a1-observability] [           main] org.hibernate.orm.jpa                    : HHH008540: Processing PersistenceUnitInfo [name: default]
2026-09-04T14:59:35.338+05:00  INFO 2089785 --- [a1-observability] [           main] org.hibernate.orm.core                   : HHH000001: Hibernate ORM core version 7.4.5.Final
2026-09-04T14:59:37.135+05:00  INFO 2089785 --- [a1-observability] [           main] com.zaxxer.hikari.HikariDataSource       : a1-oltp - Starting...
2026-09-04T14:59:37.871+05:00  INFO 2089785 --- [a1-observability] [           main] com.zaxxer.hikari.pool.HikariPool        : a1-oltp - Added connection oracle.jdbc.driver.T4CConnection@416c1b0
2026-09-04T14:59:37.877+05:00  INFO 2089785 --- [a1-observability] [           main] com.zaxxer.hikari.HikariDataSource       : a1-oltp - Start completed.
2026-09-04T14:59:38.819+05:00  WARN 2089785 --- [a1-observability] [           main] org.hibernate.orm.jdbc                   : HHH100123: Low default JDBC fetch size: 10 (consider setting 'hibernate.jdbc.fetch_size')
2026-09-04T14:59:38.833+05:00  INFO 2089785 --- [a1-observability] [           main] org.hibernate.orm.connections.pooling    : HHH10001005: Database info:
	Database JDBC URL [jdbc:oracle:thin:@//localhost:1521/OBSVPDB]
	Database driver: Oracle JDBC driver
	Database dialect: OracleDialect
	Database version: 23.26.3
	Default catalog/schema: undefined/OBSV
	Autocommit mode: undefined/unknown
	Isolation level: READ_COMMITTED [default READ_COMMITTED]
	JDBC fetch size: 10
	Pool: DataSourceConnectionProvider
	Minimum pool size: undefined/unknown
	Maximum pool size: undefined/unknown
2026-09-04T14:59:44.425+05:00  INFO 2089785 --- [a1-observability] [           main] org.hibernate.orm.core                   : HHH000489: No JTA platform available (set 'hibernate.transaction.jta.platform' to enable JTA platform integration)
2026-09-04T14:59:44.438+05:00  INFO 2089785 --- [a1-observability] [           main] org.hibernate.orm.jdbc.batch             : HHH100501: Automatic JDBC statement batching enabled (maximum batch size 50)
2026-09-04T14:59:45.001+05:00  INFO 2089785 --- [a1-observability] [           main] o.s.d.j.r.query.QueryEnhancerFactories   : Hibernate is in classpath; If applicable, HQL parser will be used.
2026-09-04T14:59:46.811+05:00  INFO 2089785 --- [a1-observability] [           main] i.u.m.config.EventEmitterConfiguration   : observability.mode=HYBRID -> emitter=OutboxEventEmitter
2026-09-04T14:59:47.665+05:00  INFO 2089785 --- [a1-observability] [           main] o.s.b.a.e.web.EndpointLinksResolver      : Exposing 4 endpoints beneath base path '/actuator'
2026-09-04T14:59:47.774+05:00  INFO 2089785 --- [a1-observability] [           main] o.s.boot.tomcat.TomcatWebServer          : Tomcat started on port 8095 (http) with context path '/'
2026-09-04T14:59:47.794+05:00  INFO 2089785 --- [a1-observability] [           main] u.m.MasterThesisObservabilityApplication : Started MasterThesisObservabilityApplication in 19.573 seconds (process running for 17.786)
2026-09-04T14:59:47.811+05:00  INFO 2089785 --- [a1-observability] [           main] i.u.m.harness.EnvironmentAssertions      : environment ok: mode=HYBRID oltpPool=a1-oltp maxSize=32
2026-09-04T14:59:47.856+05:00  INFO 2089785 --- [a1-observability] [           main] i.u.m.harness.ModeActivator              : supplemental logging on TXN_A1 -> off
2026-09-04T14:59:47.865+05:00  INFO 2089785 --- [a1-observability] [           main] i.u.m.harness.ModeActivator              : supplemental logging on A1_EVENT_OUTBOX -> ALL COLUMNS
2026-09-04T14:59:47.866+05:00  INFO 2089785 --- [a1-observability] [           main] i.u.m.harness.ModeActivator              : mode=HYBRID activated: groundTruth=true aqCapture=false supplementalLogging=A1_EVENT_OUTBOX
2026-09-04T14:59:48.207+05:00  INFO 2089785 --- [a1-observability] [nio-8095-exec-1] o.a.c.c.C.[Tomcat].[localhost].[/]       : Initializing Spring DispatcherServlet 'dispatcherServlet'
2026-09-04T14:59:48.209+05:00  INFO 2089785 --- [a1-observability] [nio-8095-exec-1] o.s.web.servlet.DispatcherServlet        : Initializing Servlet 'dispatcherServlet'
2026-09-04T14:59:48.211+05:00  INFO 2089785 --- [a1-observability] [nio-8095-exec-1] o.s.web.servlet.DispatcherServlet        : Completed initialization in 1 ms
2026-09-04T15:08:36.954+05:00  INFO 2089785 --- [a1-observability] [ionShutdownHook] o.s.boot.tomcat.GracefulShutdown         : Commencing graceful shutdown. Waiting for active requests to complete
2026-09-04T15:08:36.960+05:00  INFO 2089785 --- [a1-observability] [tomcat-shutdown] o.s.boot.tomcat.GracefulShutdown         : Graceful shutdown complete
2026-09-04T15:08:36.975+05:00  INFO 2089785 --- [a1-observability] [ionShutdownHook] com.zaxxer.hikari.HikariDataSource       : a1-oltp - Shutdown initiated...
2026-09-04T15:08:37.006+05:00  INFO 2089785 --- [a1-observability] [ionShutdownHook] com.zaxxer.hikari.HikariDataSource       : a1-oltp - Shutdown completed.
