
         /\      Grafana   /‾‾/  
    /\  /  \     |\  __   /  /   
   /  \/    \    | |/ /  /   ‾‾\ 
  /          \   |   (  |  (‾)  |
 / __________ \  |_|\_\  \_____/ 


     execution: local
        script: harness/k6/a1-workload.js
        output: -

     scenarios: (100.00%) 1 scenario, 600 max VUs, 7m30s max duration (incl. graceful stop):
              * a1: 50.00 iterations/s for 7m0s (maxVUs: 100-600, gracefulStop: 30s)


running (0m01.0s), 049/100 VUs, 0 complete and 0 interrupted iterations
a1     [   0% ] 049/100 VUs  0m01.0s/7m0s  50.00 iters/s

running (0m02.0s), 087/100 VUs, 12 complete and 0 interrupted iterations
a1     [   0% ] 087/100 VUs  0m02.0s/7m0s  50.00 iters/s

running (0m03.0s), 003/100 VUs, 146 complete and 0 interrupted iterations
a1     [   1% ] 003/100 VUs  0m03.0s/7m0s  50.00 iters/s

running (0m04.0s), 002/100 VUs, 197 complete and 0 interrupted iterations
a1     [   1% ] 002/100 VUs  0m04.0s/7m0s  50.00 iters/s

running (0m05.0s), 002/100 VUs, 247 complete and 0 interrupted iterations
a1     [   1% ] 002/100 VUs  0m05.0s/7m0s  50.00 iters/s

running (0m06.0s), 009/100 VUs, 290 complete and 0 interrupted iterations
a1     [   1% ] 009/100 VUs  0m06.0s/7m0s  50.00 iters/s

running (0m07.0s), 002/100 VUs, 347 complete and 0 interrupted iterations
a1     [   2% ] 002/100 VUs  0m07.0s/7m0s  50.00 iters/s

running (0m08.0s), 002/100 VUs, 397 complete and 0 interrupted iterations
a1     [   2% ] 002/100 VUs  0m08.0s/7m0s  50.00 iters/s

running (0m09.0s), 002/100 VUs, 447 complete and 0 interrupted iterations
a1     [   2% ] 002/100 VUs  0m09.0s/7m0s  50.00 iters/s

running (0m10.0s), 001/100 VUs, 498 complete and 0 interrupted iterations
a1     [   2% ] 001/100 VUs  0m10.0s/7m0s  50.00 iters/s

running (0m11.0s), 001/100 VUs, 548 complete and 0 interrupted iterations
a1     [   3% ] 001/100 VUs  0m11.0s/7m0s  50.00 iters/s

running (0m12.0s), 001/100 VUs, 598 complete and 0 interrupted iterations
a1     [   3% ] 001/100 VUs  0m12.0s/7m0s  50.00 iters/s

running (0m13.0s), 001/100 VUs, 648 complete and 0 interrupted iterations
a1     [   3% ] 001/100 VUs  0m13.0s/7m0s  50.00 iters/s

running (0m14.0s), 002/100 VUs, 697 complete and 0 interrupted iterations
a1     [   3% ] 002/100 VUs  0m14.0s/7m0s  50.00 iters/s

running (0m15.0s), 001/100 VUs, 748 complete and 0 interrupted iterations
a1     [   4% ] 001/100 VUs  0m15.0s/7m0s  50.00 iters/s

running (0m16.0s), 001/100 VUs, 798 complete and 0 interrupted iterations
a1     [   4% ] 001/100 VUs  0m16.0s/7m0s  50.00 iters/s

running (0m17.0s), 002/100 VUs, 847 complete and 0 interrupted iterations
a1     [   4% ] 002/100 VUs  0m17.0s/7m0s  50.00 iters/s

running (0m18.0s), 002/100 VUs, 897 complete and 0 interrupted iterations
a1     [   4% ] 002/100 VUs  0m18.0s/7m0s  50.00 iters/s

running (0m19.0s), 002/100 VUs, 947 complete and 0 interrupted iterations
a1     [   5% ] 002/100 VUs  0m19.0s/7m0s  50.00 iters/s

running (0m22.9s), 001/100 VUs, 998 complete and 0 interrupted iterations
a1     [   5% ] 001/100 VUs  0m20.0s/7m0s  50.00 iters/s

running (0m23.9s), 001/100 VUs, 1048 complete and 0 interrupted iterations
a1     [   5% ] 001/100 VUs  0m21.0s/7m0s  50.00 iters/s

running (0m24.9s), 001/100 VUs, 1098 complete and 0 interrupted iterations
a1     [   5% ] 001/100 VUs  0m22.0s/7m0s  50.00 iters/s

running (0m25.9s), 001/100 VUs, 1148 complete and 0 interrupted iterations
a1     [   5% ] 001/100 VUs  0m23.0s/7m0s  50.00 iters/s

running (0m26.9s), 001/100 VUs, 1198 complete and 0 interrupted iterations
a1     [   6% ] 001/100 VUs  0m24.0s/7m0s  50.00 iters/s

running (0m27.9s), 001/100 VUs, 1248 complete and 0 interrupted iterations
a1     [   6% ] 001/100 VUs  0m25.0s/7m0s  50.00 iters/s

running (0m28.9s), 001/100 VUs, 1298 complete and 0 interrupted iterations
a1     [   6% ] 001/100 VUs  0m26.0s/7m0s  50.00 iters/s

running (0m29.9s), 001/100 VUs, 1348 complete and 0 interrupted iterations
a1     [   6% ] 001/100 VUs  0m27.0s/7m0s  50.00 iters/s

running (0m30.9s), 001/100 VUs, 1398 complete and 0 interrupted iterations
a1     [   7% ] 001/100 VUs  0m28.0s/7m0s  50.00 iters/s

running (0m31.9s), 001/100 VUs, 1448 complete and 0 interrupted iterations
a1     [   7% ] 001/100 VUs  0m29.0s/7m0s  50.00 iters/s

running (0m32.9s), 001/100 VUs, 1498 complete and 0 interrupted iterations
a1     [   7% ] 001/100 VUs  0m30.0s/7m0s  50.00 iters/s

running (0m33.9s), 007/100 VUs, 1542 complete and 0 interrupted iterations
a1     [   7% ] 007/100 VUs  0m31.0s/7m0s  50.00 iters/s

running (0m34.9s), 001/100 VUs, 1598 complete and 0 interrupted iterations
a1     [   8% ] 001/100 VUs  0m32.0s/7m0s  50.00 iters/s

running (0m35.9s), 001/100 VUs, 1648 complete and 0 interrupted iterations
a1     [   8% ] 001/100 VUs  0m33.0s/7m0s  50.00 iters/s

running (0m36.9s), 001/100 VUs, 1698 complete and 0 interrupted iterations
a1     [   8% ] 001/100 VUs  0m34.0s/7m0s  50.00 iters/s

running (0m37.9s), 001/100 VUs, 1748 complete and 0 interrupted iterations
a1     [   8% ] 001/100 VUs  0m35.0s/7m0s  50.00 iters/s

running (0m38.9s), 001/100 VUs, 1798 complete and 0 interrupted iterations
a1     [   9% ] 001/100 VUs  0m36.0s/7m0s  50.00 iters/s

running (0m39.9s), 001/100 VUs, 1848 complete and 0 interrupted iterations
a1     [   9% ] 001/100 VUs  0m37.0s/7m0s  50.00 iters/s

running (0m40.9s), 001/100 VUs, 1898 complete and 0 interrupted iterations
a1     [   9% ] 001/100 VUs  0m38.0s/7m0s  50.00 iters/s

running (0m41.9s), 001/100 VUs, 1948 complete and 0 interrupted iterations
a1     [   9% ] 001/100 VUs  0m39.0s/7m0s  50.00 iters/s

running (0m42.9s), 001/100 VUs, 1998 complete and 0 interrupted iterations
a1     [  10% ] 001/100 VUs  0m40.0s/7m0s  50.00 iters/s

running (0m43.9s), 001/100 VUs, 2048 complete and 0 interrupted iterations
a1     [  10% ] 001/100 VUs  0m41.0s/7m0s  50.00 iters/s

running (0m44.9s), 001/100 VUs, 2098 complete and 0 interrupted iterations
a1     [  10% ] 001/100 VUs  0m42.0s/7m0s  50.00 iters/s

running (0m45.9s), 001/100 VUs, 2148 complete and 0 interrupted iterations
a1     [  10% ] 001/100 VUs  0m43.0s/7m0s  50.00 iters/s

running (0m46.9s), 001/100 VUs, 2198 complete and 0 interrupted iterations
a1     [  10% ] 001/100 VUs  0m44.0s/7m0s  50.00 iters/s

running (0m47.9s), 001/100 VUs, 2248 complete and 0 interrupted iterations
a1     [  11% ] 001/100 VUs  0m45.0s/7m0s  50.00 iters/s

running (0m48.9s), 001/100 VUs, 2298 complete and 0 interrupted iterations
a1     [  11% ] 001/100 VUs  0m46.0s/7m0s  50.00 iters/s

running (0m49.9s), 001/100 VUs, 2348 complete and 0 interrupted iterations
a1     [  11% ] 001/100 VUs  0m47.0s/7m0s  50.00 iters/s

running (0m50.9s), 001/100 VUs, 2398 complete and 0 interrupted iterations
a1     [  11% ] 001/100 VUs  0m48.0s/7m0s  50.00 iters/s

running (0m51.9s), 001/100 VUs, 2448 complete and 0 interrupted iterations
a1     [  12% ] 001/100 VUs  0m49.0s/7m0s  50.00 iters/s

running (0m52.9s), 001/100 VUs, 2498 complete and 0 interrupted iterations
a1     [  12% ] 001/100 VUs  0m50.0s/7m0s  50.00 iters/s

running (0m53.9s), 001/100 VUs, 2548 complete and 0 interrupted iterations
a1     [  12% ] 001/100 VUs  0m51.0s/7m0s  50.00 iters/s

running (0m57.8s), 001/100 VUs, 2598 complete and 0 interrupted iterations
a1     [  12% ] 001/100 VUs  0m52.0s/7m0s  50.00 iters/s

running (0m58.8s), 001/100 VUs, 2648 complete and 0 interrupted iterations
a1     [  13% ] 001/100 VUs  0m53.0s/7m0s  50.00 iters/s

running (0m59.8s), 001/100 VUs, 2698 complete and 0 interrupted iterations
a1     [  13% ] 001/100 VUs  0m54.0s/7m0s  50.00 iters/s

running (1m00.8s), 001/100 VUs, 2748 complete and 0 interrupted iterations
a1     [  13% ] 001/100 VUs  0m55.0s/7m0s  50.00 iters/s

running (1m01.8s), 001/100 VUs, 2798 complete and 0 interrupted iterations
a1     [  13% ] 001/100 VUs  0m56.0s/7m0s  50.00 iters/s

running (1m02.8s), 001/100 VUs, 2848 complete and 0 interrupted iterations
a1     [  14% ] 001/100 VUs  0m57.0s/7m0s  50.00 iters/s

running (1m03.8s), 001/100 VUs, 2898 complete and 0 interrupted iterations
a1     [  14% ] 001/100 VUs  0m58.0s/7m0s  50.00 iters/s

running (1m04.8s), 001/100 VUs, 2948 complete and 0 interrupted iterations
a1     [  14% ] 001/100 VUs  0m59.0s/7m0s  50.00 iters/s

running (1m05.8s), 001/100 VUs, 2998 complete and 0 interrupted iterations
a1     [  14% ] 001/100 VUs  1m00.0s/7m0s  50.00 iters/s

running (1m06.8s), 001/100 VUs, 3048 complete and 0 interrupted iterations
a1     [  15% ] 001/100 VUs  1m01.0s/7m0s  50.00 iters/s

running (1m07.8s), 001/100 VUs, 3098 complete and 0 interrupted iterations
a1     [  15% ] 001/100 VUs  1m02.0s/7m0s  50.00 iters/s

running (1m08.8s), 001/100 VUs, 3148 complete and 0 interrupted iterations
a1     [  15% ] 001/100 VUs  1m03.0s/7m0s  50.00 iters/s

running (1m09.8s), 001/100 VUs, 3198 complete and 0 interrupted iterations
a1     [  15% ] 001/100 VUs  1m04.0s/7m0s  50.00 iters/s

running (1m10.8s), 001/100 VUs, 3248 complete and 0 interrupted iterations
a1     [  15% ] 001/100 VUs  1m05.0s/7m0s  50.00 iters/s

running (1m11.8s), 001/100 VUs, 3298 complete and 0 interrupted iterations
a1     [  16% ] 001/100 VUs  1m06.0s/7m0s  50.00 iters/s

running (1m12.8s), 001/100 VUs, 3348 complete and 0 interrupted iterations
a1     [  16% ] 001/100 VUs  1m07.0s/7m0s  50.00 iters/s

running (1m13.8s), 001/100 VUs, 3398 complete and 0 interrupted iterations
a1     [  16% ] 001/100 VUs  1m08.0s/7m0s  50.00 iters/s

running (1m14.8s), 001/100 VUs, 3448 complete and 0 interrupted iterations
a1     [  16% ] 001/100 VUs  1m09.0s/7m0s  50.00 iters/s

running (1m15.8s), 001/100 VUs, 3498 complete and 0 interrupted iterations
a1     [  17% ] 001/100 VUs  1m10.0s/7m0s  50.00 iters/s

running (1m16.8s), 001/100 VUs, 3548 complete and 0 interrupted iterations
a1     [  17% ] 001/100 VUs  1m11.0s/7m0s  50.00 iters/s

running (1m17.8s), 001/100 VUs, 3598 complete and 0 interrupted iterations
a1     [  17% ] 001/100 VUs  1m12.0s/7m0s  50.00 iters/s

running (1m18.8s), 001/100 VUs, 3648 complete and 0 interrupted iterations
a1     [  17% ] 001/100 VUs  1m13.0s/7m0s  50.00 iters/s

running (1m19.8s), 001/100 VUs, 3698 complete and 0 interrupted iterations
a1     [  18% ] 001/100 VUs  1m14.0s/7m0s  50.00 iters/s

running (1m20.8s), 001/100 VUs, 3748 complete and 0 interrupted iterations
a1     [  18% ] 001/100 VUs  1m15.0s/7m0s  50.00 iters/s

running (1m21.8s), 001/100 VUs, 3798 complete and 0 interrupted iterations
a1     [  18% ] 001/100 VUs  1m16.0s/7m0s  50.00 iters/s

running (1m22.8s), 001/100 VUs, 3848 complete and 0 interrupted iterations
a1     [  18% ] 001/100 VUs  1m17.0s/7m0s  50.00 iters/s

running (1m23.8s), 001/100 VUs, 3898 complete and 0 interrupted iterations
a1     [  19% ] 001/100 VUs  1m18.0s/7m0s  50.00 iters/s

running (1m24.8s), 001/100 VUs, 3948 complete and 0 interrupted iterations
a1     [  19% ] 001/100 VUs  1m19.0s/7m0s  50.00 iters/s

running (1m25.8s), 001/100 VUs, 3998 complete and 0 interrupted iterations
a1     [  19% ] 001/100 VUs  1m20.0s/7m0s  50.00 iters/s

running (1m26.8s), 001/100 VUs, 4048 complete and 0 interrupted iterations
a1     [  19% ] 001/100 VUs  1m21.0s/7m0s  50.00 iters/s

running (1m27.8s), 001/100 VUs, 4098 complete and 0 interrupted iterations
a1     [  20% ] 001/100 VUs  1m22.0s/7m0s  50.00 iters/s

running (1m28.8s), 001/100 VUs, 4148 complete and 0 interrupted iterations
a1     [  20% ] 001/100 VUs  1m23.0s/7m0s  50.00 iters/s

running (1m32.8s), 001/100 VUs, 4198 complete and 0 interrupted iterations
a1     [  20% ] 001/100 VUs  1m24.0s/7m0s  50.00 iters/s

running (1m33.8s), 001/100 VUs, 4248 complete and 0 interrupted iterations
a1     [  20% ] 001/100 VUs  1m25.0s/7m0s  50.00 iters/s

running (1m34.8s), 001/100 VUs, 4298 complete and 0 interrupted iterations
a1     [  20% ] 001/100 VUs  1m26.0s/7m0s  50.00 iters/s

running (1m35.8s), 002/100 VUs, 4347 complete and 0 interrupted iterations
a1     [  21% ] 002/100 VUs  1m27.0s/7m0s  50.00 iters/s

running (1m36.8s), 001/100 VUs, 4398 complete and 0 interrupted iterations
a1     [  21% ] 001/100 VUs  1m28.0s/7m0s  50.00 iters/s

running (1m37.8s), 001/100 VUs, 4448 complete and 0 interrupted iterations
a1     [  21% ] 001/100 VUs  1m29.0s/7m0s  50.00 iters/s

running (1m38.8s), 001/100 VUs, 4498 complete and 0 interrupted iterations
a1     [  21% ] 001/100 VUs  1m30.0s/7m0s  50.00 iters/s

running (1m39.8s), 002/100 VUs, 4547 complete and 0 interrupted iterations
a1     [  22% ] 002/100 VUs  1m31.0s/7m0s  50.00 iters/s

running (1m40.8s), 002/100 VUs, 4597 complete and 0 interrupted iterations
a1     [  22% ] 002/100 VUs  1m32.0s/7m0s  50.00 iters/s

running (1m41.8s), 001/100 VUs, 4648 complete and 0 interrupted iterations
a1     [  22% ] 001/100 VUs  1m33.0s/7m0s  50.00 iters/s

running (1m42.8s), 019/100 VUs, 4676 complete and 0 interrupted iterations
a1     [  22% ] 019/100 VUs  1m34.0s/7m0s  50.00 iters/s

running (1m43.8s), 070/100 VUs, 4679 complete and 0 interrupted iterations
a1     [  23% ] 070/100 VUs  1m35.0s/7m0s  50.00 iters/s

running (1m44.8s), 100/100 VUs, 4679 complete and 0 interrupted iterations
a1     [  23% ] 100/100 VUs  1m36.0s/7m0s  50.00 iters/s

running (1m45.9s), 098/108 VUs, 4706 complete and 0 interrupted iterations
a1     [  23% ] 098/109 VUs  1m37.1s/7m0s  50.00 iters/s

running (1m46.8s), 031/112 VUs, 4808 complete and 0 interrupted iterations
a1     [  23% ] 031/112 VUs  1m38.0s/7m0s  50.00 iters/s

running (1m47.8s), 004/112 VUs, 4885 complete and 0 interrupted iterations
a1     [  24% ] 004/112 VUs  1m39.0s/7m0s  50.00 iters/s

running (1m48.8s), 008/112 VUs, 4931 complete and 0 interrupted iterations
a1     [  24% ] 008/112 VUs  1m40.0s/7m0s  50.00 iters/s

running (1m49.8s), 001/112 VUs, 4988 complete and 0 interrupted iterations
a1     [  24% ] 001/112 VUs  1m41.0s/7m0s  50.00 iters/s

running (1m50.8s), 001/112 VUs, 5038 complete and 0 interrupted iterations
a1     [  24% ] 001/112 VUs  1m42.0s/7m0s  50.00 iters/s

running (1m51.8s), 001/112 VUs, 5088 complete and 0 interrupted iterations
a1     [  25% ] 001/112 VUs  1m43.0s/7m0s  50.00 iters/s

running (1m52.8s), 001/112 VUs, 5138 complete and 0 interrupted iterations
a1     [  25% ] 001/112 VUs  1m44.0s/7m0s  50.00 iters/s

running (1m53.8s), 001/112 VUs, 5188 complete and 0 interrupted iterations
a1     [  25% ] 001/112 VUs  1m45.0s/7m0s  50.00 iters/s

running (1m54.8s), 001/112 VUs, 5238 complete and 0 interrupted iterations
a1     [  25% ] 001/112 VUs  1m46.0s/7m0s  50.00 iters/s

running (1m55.8s), 001/112 VUs, 5288 complete and 0 interrupted iterations
a1     [  25% ] 001/112 VUs  1m47.0s/7m0s  50.00 iters/s

running (1m56.8s), 001/112 VUs, 5338 complete and 0 interrupted iterations
a1     [  26% ] 001/112 VUs  1m48.0s/7m0s  50.00 iters/s

running (1m57.8s), 001/112 VUs, 5388 complete and 0 interrupted iterations
a1     [  26% ] 001/112 VUs  1m49.0s/7m0s  50.00 iters/s

running (1m58.8s), 001/112 VUs, 5438 complete and 0 interrupted iterations
a1     [  26% ] 001/112 VUs  1m50.0s/7m0s  50.00 iters/s

running (1m59.8s), 001/112 VUs, 5488 complete and 0 interrupted iterations
a1     [  26% ] 001/112 VUs  1m51.0s/7m0s  50.00 iters/s

running (2m00.8s), 001/112 VUs, 5538 complete and 0 interrupted iterations
a1     [  27% ] 001/112 VUs  1m52.0s/7m0s  50.00 iters/s
time="2026-09-04T15:01:58+05:00" level=warning msg="The test has generated metrics with 100021 unique time series, which is higher than the suggested limit of 100000 and could cause high memory usage. Consider not using high-cardinality values like unique IDs as metric tags or, if you need them in the URL, use the name metric tag or URL grouping. See https://grafana.com/docs/k6/latest/using-k6/tags-and-groups/ for details." component=metrics-engine-ingester

running (2m01.8s), 001/112 VUs, 5588 complete and 0 interrupted iterations
a1     [  27% ] 001/112 VUs  1m53.0s/7m0s  50.00 iters/s

running (2m02.8s), 001/112 VUs, 5638 complete and 0 interrupted iterations
a1     [  27% ] 001/112 VUs  1m54.0s/7m0s  50.00 iters/s

running (2m03.8s), 001/112 VUs, 5688 complete and 0 interrupted iterations
a1     [  27% ] 001/112 VUs  1m55.0s/7m0s  50.00 iters/s

running (2m04.8s), 001/112 VUs, 5738 complete and 0 interrupted iterations
a1     [  28% ] 001/112 VUs  1m56.0s/7m0s  50.00 iters/s

running (2m08.7s), 001/112 VUs, 5788 complete and 0 interrupted iterations
a1     [  28% ] 001/112 VUs  1m57.0s/7m0s  50.00 iters/s

running (2m09.7s), 001/112 VUs, 5838 complete and 0 interrupted iterations
a1     [  28% ] 001/112 VUs  1m58.0s/7m0s  50.00 iters/s

running (2m10.7s), 001/112 VUs, 5888 complete and 0 interrupted iterations
a1     [  28% ] 001/112 VUs  1m59.0s/7m0s  50.00 iters/s

running (2m11.7s), 001/112 VUs, 5938 complete and 0 interrupted iterations
a1     [  29% ] 001/112 VUs  2m00.0s/7m0s  50.00 iters/s

running (2m12.7s), 001/112 VUs, 5988 complete and 0 interrupted iterations
a1     [  29% ] 001/112 VUs  2m01.0s/7m0s  50.00 iters/s

running (2m13.7s), 001/112 VUs, 6038 complete and 0 interrupted iterations
a1     [  29% ] 001/112 VUs  2m02.0s/7m0s  50.00 iters/s

running (2m14.7s), 001/112 VUs, 6088 complete and 0 interrupted iterations
a1     [  29% ] 001/112 VUs  2m03.0s/7m0s  50.00 iters/s

running (2m15.7s), 001/112 VUs, 6138 complete and 0 interrupted iterations
a1     [  30% ] 001/112 VUs  2m04.0s/7m0s  50.00 iters/s

running (2m16.7s), 001/112 VUs, 6188 complete and 0 interrupted iterations
a1     [  30% ] 001/112 VUs  2m05.0s/7m0s  50.00 iters/s

running (2m17.7s), 001/112 VUs, 6238 complete and 0 interrupted iterations
a1     [  30% ] 001/112 VUs  2m06.0s/7m0s  50.00 iters/s

running (2m18.7s), 001/112 VUs, 6288 complete and 0 interrupted iterations
a1     [  30% ] 001/112 VUs  2m07.0s/7m0s  50.00 iters/s

running (2m19.7s), 001/112 VUs, 6338 complete and 0 interrupted iterations
a1     [  30% ] 001/112 VUs  2m08.0s/7m0s  50.00 iters/s

running (2m20.7s), 001/112 VUs, 6388 complete and 0 interrupted iterations
a1     [  31% ] 001/112 VUs  2m09.0s/7m0s  50.00 iters/s

running (2m21.7s), 001/112 VUs, 6438 complete and 0 interrupted iterations
a1     [  31% ] 001/112 VUs  2m10.0s/7m0s  50.00 iters/s

running (2m22.7s), 001/112 VUs, 6488 complete and 0 interrupted iterations
a1     [  31% ] 001/112 VUs  2m11.0s/7m0s  50.00 iters/s

running (2m23.7s), 001/112 VUs, 6538 complete and 0 interrupted iterations
a1     [  31% ] 001/112 VUs  2m12.0s/7m0s  50.00 iters/s

running (2m24.7s), 001/112 VUs, 6588 complete and 0 interrupted iterations
a1     [  32% ] 001/112 VUs  2m13.0s/7m0s  50.00 iters/s

running (2m25.7s), 001/112 VUs, 6638 complete and 0 interrupted iterations
a1     [  32% ] 001/112 VUs  2m14.0s/7m0s  50.00 iters/s

running (2m26.7s), 001/112 VUs, 6688 complete and 0 interrupted iterations
a1     [  32% ] 001/112 VUs  2m15.0s/7m0s  50.00 iters/s

running (2m27.7s), 001/112 VUs, 6738 complete and 0 interrupted iterations
a1     [  32% ] 001/112 VUs  2m16.0s/7m0s  50.00 iters/s

running (2m28.7s), 001/112 VUs, 6788 complete and 0 interrupted iterations
a1     [  33% ] 001/112 VUs  2m17.0s/7m0s  50.00 iters/s

running (2m29.7s), 001/112 VUs, 6838 complete and 0 interrupted iterations
a1     [  33% ] 001/112 VUs  2m18.0s/7m0s  50.00 iters/s

running (2m30.7s), 001/112 VUs, 6888 complete and 0 interrupted iterations
a1     [  33% ] 001/112 VUs  2m19.0s/7m0s  50.00 iters/s

running (2m31.7s), 001/112 VUs, 6938 complete and 0 interrupted iterations
a1     [  33% ] 001/112 VUs  2m20.0s/7m0s  50.00 iters/s

running (2m32.7s), 001/112 VUs, 6988 complete and 0 interrupted iterations
a1     [  34% ] 001/112 VUs  2m21.0s/7m0s  50.00 iters/s

running (2m33.7s), 001/112 VUs, 7038 complete and 0 interrupted iterations
a1     [  34% ] 001/112 VUs  2m22.0s/7m0s  50.00 iters/s

running (2m34.7s), 001/112 VUs, 7088 complete and 0 interrupted iterations
a1     [  34% ] 001/112 VUs  2m23.0s/7m0s  50.00 iters/s

running (2m35.7s), 001/112 VUs, 7138 complete and 0 interrupted iterations
a1     [  34% ] 001/112 VUs  2m24.0s/7m0s  50.00 iters/s

running (2m36.7s), 001/112 VUs, 7188 complete and 0 interrupted iterations
a1     [  35% ] 001/112 VUs  2m25.0s/7m0s  50.00 iters/s

running (2m37.7s), 001/112 VUs, 7238 complete and 0 interrupted iterations
a1     [  35% ] 001/112 VUs  2m26.0s/7m0s  50.00 iters/s

running (2m38.7s), 001/112 VUs, 7288 complete and 0 interrupted iterations
a1     [  35% ] 001/112 VUs  2m27.0s/7m0s  50.00 iters/s

running (2m39.7s), 001/112 VUs, 7338 complete and 0 interrupted iterations
a1     [  35% ] 001/112 VUs  2m28.0s/7m0s  50.00 iters/s

running (2m43.6s), 001/112 VUs, 7388 complete and 0 interrupted iterations
a1     [  35% ] 001/112 VUs  2m29.0s/7m0s  50.00 iters/s

running (2m44.6s), 001/112 VUs, 7438 complete and 0 interrupted iterations
a1     [  36% ] 001/112 VUs  2m30.0s/7m0s  50.00 iters/s

running (2m45.6s), 001/112 VUs, 7488 complete and 0 interrupted iterations
a1     [  36% ] 001/112 VUs  2m31.0s/7m0s  50.00 iters/s

running (2m46.6s), 001/112 VUs, 7538 complete and 0 interrupted iterations
a1     [  36% ] 001/112 VUs  2m32.0s/7m0s  50.00 iters/s

running (2m47.6s), 001/112 VUs, 7588 complete and 0 interrupted iterations
a1     [  36% ] 001/112 VUs  2m33.0s/7m0s  50.00 iters/s

running (2m48.6s), 001/112 VUs, 7638 complete and 0 interrupted iterations
a1     [  37% ] 001/112 VUs  2m34.0s/7m0s  50.00 iters/s

running (2m49.6s), 001/112 VUs, 7688 complete and 0 interrupted iterations
a1     [  37% ] 001/112 VUs  2m35.0s/7m0s  50.00 iters/s

running (2m50.6s), 001/112 VUs, 7738 complete and 0 interrupted iterations
a1     [  37% ] 001/112 VUs  2m36.0s/7m0s  50.00 iters/s

running (2m51.6s), 001/112 VUs, 7788 complete and 0 interrupted iterations
a1     [  37% ] 001/112 VUs  2m37.0s/7m0s  50.00 iters/s

running (2m52.6s), 001/112 VUs, 7838 complete and 0 interrupted iterations
a1     [  38% ] 001/112 VUs  2m38.0s/7m0s  50.00 iters/s

running (2m53.6s), 001/112 VUs, 7888 complete and 0 interrupted iterations
a1     [  38% ] 001/112 VUs  2m39.0s/7m0s  50.00 iters/s

running (2m54.6s), 001/112 VUs, 7938 complete and 0 interrupted iterations
a1     [  38% ] 001/112 VUs  2m40.0s/7m0s  50.00 iters/s

running (2m55.6s), 001/112 VUs, 7988 complete and 0 interrupted iterations
a1     [  38% ] 001/112 VUs  2m41.0s/7m0s  50.00 iters/s

running (2m56.6s), 001/112 VUs, 8038 complete and 0 interrupted iterations
a1     [  39% ] 001/112 VUs  2m42.0s/7m0s  50.00 iters/s

running (2m57.6s), 001/112 VUs, 8088 complete and 0 interrupted iterations
a1     [  39% ] 001/112 VUs  2m43.0s/7m0s  50.00 iters/s

running (2m58.6s), 001/112 VUs, 8138 complete and 0 interrupted iterations
a1     [  39% ] 001/112 VUs  2m44.0s/7m0s  50.00 iters/s

running (2m59.6s), 001/112 VUs, 8188 complete and 0 interrupted iterations
a1     [  39% ] 001/112 VUs  2m45.0s/7m0s  50.00 iters/s

running (3m00.6s), 001/112 VUs, 8238 complete and 0 interrupted iterations
a1     [  40% ] 001/112 VUs  2m46.0s/7m0s  50.00 iters/s

running (3m01.6s), 001/112 VUs, 8288 complete and 0 interrupted iterations
a1     [  40% ] 001/112 VUs  2m47.0s/7m0s  50.00 iters/s

running (3m02.6s), 001/112 VUs, 8338 complete and 0 interrupted iterations
a1     [  40% ] 001/112 VUs  2m48.0s/7m0s  50.00 iters/s

running (3m03.6s), 001/112 VUs, 8388 complete and 0 interrupted iterations
a1     [  40% ] 001/112 VUs  2m49.0s/7m0s  50.00 iters/s

running (3m04.6s), 001/112 VUs, 8438 complete and 0 interrupted iterations
a1     [  40% ] 001/112 VUs  2m50.0s/7m0s  50.00 iters/s

running (3m05.6s), 001/112 VUs, 8488 complete and 0 interrupted iterations
a1     [  41% ] 001/112 VUs  2m51.0s/7m0s  50.00 iters/s

running (3m06.6s), 001/112 VUs, 8538 complete and 0 interrupted iterations
a1     [  41% ] 001/112 VUs  2m52.0s/7m0s  50.00 iters/s

running (3m07.6s), 001/112 VUs, 8588 complete and 0 interrupted iterations
a1     [  41% ] 001/112 VUs  2m53.0s/7m0s  50.00 iters/s

running (3m08.6s), 001/112 VUs, 8638 complete and 0 interrupted iterations
a1     [  41% ] 001/112 VUs  2m54.0s/7m0s  50.00 iters/s

running (3m09.6s), 001/112 VUs, 8688 complete and 0 interrupted iterations
a1     [  42% ] 001/112 VUs  2m55.0s/7m0s  50.00 iters/s

running (3m10.6s), 001/112 VUs, 8738 complete and 0 interrupted iterations
a1     [  42% ] 001/112 VUs  2m56.0s/7m0s  50.00 iters/s

running (3m11.6s), 001/112 VUs, 8788 complete and 0 interrupted iterations
a1     [  42% ] 001/112 VUs  2m57.0s/7m0s  50.00 iters/s

running (3m12.6s), 001/112 VUs, 8838 complete and 0 interrupted iterations
a1     [  42% ] 001/112 VUs  2m58.0s/7m0s  50.00 iters/s

running (3m13.6s), 001/112 VUs, 8888 complete and 0 interrupted iterations
a1     [  43% ] 001/112 VUs  2m59.0s/7m0s  50.00 iters/s

running (3m14.6s), 001/112 VUs, 8938 complete and 0 interrupted iterations
a1     [  43% ] 001/112 VUs  3m00.0s/7m0s  50.00 iters/s

running (3m18.6s), 001/112 VUs, 8988 complete and 0 interrupted iterations
a1     [  43% ] 001/112 VUs  3m01.0s/7m0s  50.00 iters/s

running (3m19.6s), 001/112 VUs, 9038 complete and 0 interrupted iterations
a1     [  43% ] 001/112 VUs  3m02.0s/7m0s  50.00 iters/s

running (3m20.6s), 001/112 VUs, 9088 complete and 0 interrupted iterations
a1     [  44% ] 001/112 VUs  3m03.0s/7m0s  50.00 iters/s

running (3m21.6s), 001/112 VUs, 9138 complete and 0 interrupted iterations
a1     [  44% ] 001/112 VUs  3m04.0s/7m0s  50.00 iters/s

running (3m22.6s), 001/112 VUs, 9188 complete and 0 interrupted iterations
a1     [  44% ] 001/112 VUs  3m05.0s/7m0s  50.00 iters/s

running (3m23.6s), 001/112 VUs, 9238 complete and 0 interrupted iterations
a1     [  44% ] 001/112 VUs  3m06.0s/7m0s  50.00 iters/s

running (3m24.6s), 001/112 VUs, 9288 complete and 0 interrupted iterations
a1     [  45% ] 001/112 VUs  3m07.0s/7m0s  50.00 iters/s

running (3m25.6s), 001/112 VUs, 9338 complete and 0 interrupted iterations
a1     [  45% ] 001/112 VUs  3m08.0s/7m0s  50.00 iters/s

running (3m26.6s), 001/112 VUs, 9388 complete and 0 interrupted iterations
a1     [  45% ] 001/112 VUs  3m09.0s/7m0s  50.00 iters/s

running (3m27.6s), 001/112 VUs, 9438 complete and 0 interrupted iterations
a1     [  45% ] 001/112 VUs  3m10.0s/7m0s  50.00 iters/s

running (3m28.6s), 001/112 VUs, 9488 complete and 0 interrupted iterations
a1     [  45% ] 001/112 VUs  3m11.0s/7m0s  50.00 iters/s

running (3m29.6s), 001/112 VUs, 9538 complete and 0 interrupted iterations
a1     [  46% ] 001/112 VUs  3m12.0s/7m0s  50.00 iters/s

running (3m30.6s), 001/112 VUs, 9588 complete and 0 interrupted iterations
a1     [  46% ] 001/112 VUs  3m13.0s/7m0s  50.00 iters/s

running (3m31.6s), 001/112 VUs, 9638 complete and 0 interrupted iterations
a1     [  46% ] 001/112 VUs  3m14.0s/7m0s  50.00 iters/s

running (3m32.6s), 001/112 VUs, 9688 complete and 0 interrupted iterations
a1     [  46% ] 001/112 VUs  3m15.0s/7m0s  50.00 iters/s

running (3m33.6s), 001/112 VUs, 9738 complete and 0 interrupted iterations
a1     [  47% ] 001/112 VUs  3m16.0s/7m0s  50.00 iters/s

running (3m34.6s), 001/112 VUs, 9788 complete and 0 interrupted iterations
a1     [  47% ] 001/112 VUs  3m17.0s/7m0s  50.00 iters/s

running (3m35.6s), 001/112 VUs, 9838 complete and 0 interrupted iterations
a1     [  47% ] 001/112 VUs  3m18.0s/7m0s  50.00 iters/s

running (3m36.6s), 001/112 VUs, 9888 complete and 0 interrupted iterations
a1     [  47% ] 001/112 VUs  3m19.0s/7m0s  50.00 iters/s

running (3m37.6s), 001/112 VUs, 9938 complete and 0 interrupted iterations
a1     [  48% ] 001/112 VUs  3m20.0s/7m0s  50.00 iters/s

running (3m38.6s), 001/112 VUs, 9988 complete and 0 interrupted iterations
a1     [  48% ] 001/112 VUs  3m21.0s/7m0s  50.00 iters/s

running (3m39.6s), 001/112 VUs, 10038 complete and 0 interrupted iterations
a1     [  48% ] 001/112 VUs  3m22.0s/7m0s  50.00 iters/s

running (3m40.6s), 001/112 VUs, 10088 complete and 0 interrupted iterations
a1     [  48% ] 001/112 VUs  3m23.0s/7m0s  50.00 iters/s

running (3m41.6s), 001/112 VUs, 10138 complete and 0 interrupted iterations
a1     [  49% ] 001/112 VUs  3m24.0s/7m0s  50.00 iters/s

running (3m42.6s), 001/112 VUs, 10188 complete and 0 interrupted iterations
a1     [  49% ] 001/112 VUs  3m25.0s/7m0s  50.00 iters/s

running (3m43.6s), 001/112 VUs, 10238 complete and 0 interrupted iterations
a1     [  49% ] 001/112 VUs  3m26.0s/7m0s  50.00 iters/s

running (3m44.6s), 001/112 VUs, 10288 complete and 0 interrupted iterations
a1     [  49% ] 001/112 VUs  3m27.0s/7m0s  50.00 iters/s

running (3m45.6s), 001/112 VUs, 10338 complete and 0 interrupted iterations
a1     [  50% ] 001/112 VUs  3m28.0s/7m0s  50.00 iters/s

running (3m46.6s), 001/112 VUs, 10388 complete and 0 interrupted iterations
a1     [  50% ] 001/112 VUs  3m29.0s/7m0s  50.00 iters/s

running (3m47.6s), 001/112 VUs, 10438 complete and 0 interrupted iterations
a1     [  50% ] 001/112 VUs  3m30.0s/7m0s  50.00 iters/s

running (3m48.6s), 001/112 VUs, 10488 complete and 0 interrupted iterations
a1     [  50% ] 001/112 VUs  3m31.0s/7m0s  50.00 iters/s

running (3m49.6s), 001/112 VUs, 10538 complete and 0 interrupted iterations
a1     [  50% ] 001/112 VUs  3m32.0s/7m0s  50.00 iters/s

running (3m53.5s), 001/112 VUs, 10588 complete and 0 interrupted iterations
a1     [  51% ] 001/112 VUs  3m33.0s/7m0s  50.00 iters/s

running (3m54.5s), 001/112 VUs, 10638 complete and 0 interrupted iterations
a1     [  51% ] 001/112 VUs  3m34.0s/7m0s  50.00 iters/s

running (3m55.5s), 001/112 VUs, 10688 complete and 0 interrupted iterations
a1     [  51% ] 001/112 VUs  3m35.0s/7m0s  50.00 iters/s

running (3m56.5s), 001/112 VUs, 10738 complete and 0 interrupted iterations
a1     [  51% ] 001/112 VUs  3m36.0s/7m0s  50.00 iters/s

running (3m57.5s), 001/112 VUs, 10788 complete and 0 interrupted iterations
a1     [  52% ] 001/112 VUs  3m37.0s/7m0s  50.00 iters/s

running (3m58.5s), 001/112 VUs, 10838 complete and 0 interrupted iterations
a1     [  52% ] 001/112 VUs  3m38.0s/7m0s  50.00 iters/s

running (3m59.5s), 001/112 VUs, 10888 complete and 0 interrupted iterations
a1     [  52% ] 001/112 VUs  3m39.0s/7m0s  50.00 iters/s

running (4m00.5s), 001/112 VUs, 10938 complete and 0 interrupted iterations
a1     [  52% ] 001/112 VUs  3m40.0s/7m0s  50.00 iters/s

running (4m01.5s), 001/112 VUs, 10988 complete and 0 interrupted iterations
a1     [  53% ] 001/112 VUs  3m41.0s/7m0s  50.00 iters/s

running (4m02.5s), 001/112 VUs, 11038 complete and 0 interrupted iterations
a1     [  53% ] 001/112 VUs  3m42.0s/7m0s  50.00 iters/s

running (4m03.5s), 001/112 VUs, 11088 complete and 0 interrupted iterations
a1     [  53% ] 001/112 VUs  3m43.0s/7m0s  50.00 iters/s
time="2026-09-04T15:04:01+05:00" level=warning msg="The test has generated metrics with 200020 unique time series, which is higher than the suggested limit of 100000 and could cause high memory usage. Consider not using high-cardinality values like unique IDs as metric tags or, if you need them in the URL, use the name metric tag or URL grouping. See https://grafana.com/docs/k6/latest/using-k6/tags-and-groups/ for details." component=metrics-engine-ingester

running (4m04.5s), 001/112 VUs, 11138 complete and 0 interrupted iterations
a1     [  53% ] 001/112 VUs  3m44.0s/7m0s  50.00 iters/s

running (4m05.5s), 001/112 VUs, 11188 complete and 0 interrupted iterations
a1     [  54% ] 001/112 VUs  3m45.0s/7m0s  50.00 iters/s

running (4m06.5s), 001/112 VUs, 11238 complete and 0 interrupted iterations
a1     [  54% ] 001/112 VUs  3m46.0s/7m0s  50.00 iters/s

running (4m07.5s), 001/112 VUs, 11288 complete and 0 interrupted iterations
a1     [  54% ] 001/112 VUs  3m47.0s/7m0s  50.00 iters/s

running (4m08.5s), 001/112 VUs, 11338 complete and 0 interrupted iterations
a1     [  54% ] 001/112 VUs  3m48.0s/7m0s  50.00 iters/s

running (4m09.5s), 001/112 VUs, 11388 complete and 0 interrupted iterations
a1     [  55% ] 001/112 VUs  3m49.0s/7m0s  50.00 iters/s

running (4m10.5s), 001/112 VUs, 11438 complete and 0 interrupted iterations
a1     [  55% ] 001/112 VUs  3m50.0s/7m0s  50.00 iters/s

running (4m11.5s), 001/112 VUs, 11488 complete and 0 interrupted iterations
a1     [  55% ] 001/112 VUs  3m51.0s/7m0s  50.00 iters/s

running (4m12.5s), 001/112 VUs, 11538 complete and 0 interrupted iterations
a1     [  55% ] 001/112 VUs  3m52.0s/7m0s  50.00 iters/s

running (4m13.5s), 001/112 VUs, 11588 complete and 0 interrupted iterations
a1     [  55% ] 001/112 VUs  3m53.0s/7m0s  50.00 iters/s

running (4m14.5s), 001/112 VUs, 11638 complete and 0 interrupted iterations
a1     [  56% ] 001/112 VUs  3m54.0s/7m0s  50.00 iters/s

running (4m15.5s), 001/112 VUs, 11688 complete and 0 interrupted iterations
a1     [  56% ] 001/112 VUs  3m55.0s/7m0s  50.00 iters/s

running (4m16.5s), 001/112 VUs, 11738 complete and 0 interrupted iterations
a1     [  56% ] 001/112 VUs  3m56.0s/7m0s  50.00 iters/s

running (4m17.5s), 001/112 VUs, 11788 complete and 0 interrupted iterations
a1     [  56% ] 001/112 VUs  3m57.0s/7m0s  50.00 iters/s

running (4m18.5s), 001/112 VUs, 11838 complete and 0 interrupted iterations
a1     [  57% ] 001/112 VUs  3m58.0s/7m0s  50.00 iters/s

running (4m19.5s), 001/112 VUs, 11888 complete and 0 interrupted iterations
a1     [  57% ] 001/112 VUs  3m59.0s/7m0s  50.00 iters/s

running (4m20.5s), 001/112 VUs, 11938 complete and 0 interrupted iterations
a1     [  57% ] 001/112 VUs  4m00.0s/7m0s  50.00 iters/s

running (4m21.5s), 001/112 VUs, 11988 complete and 0 interrupted iterations
a1     [  57% ] 001/112 VUs  4m01.0s/7m0s  50.00 iters/s

running (4m22.5s), 001/112 VUs, 12038 complete and 0 interrupted iterations
a1     [  58% ] 001/112 VUs  4m02.0s/7m0s  50.00 iters/s

running (4m23.5s), 001/112 VUs, 12088 complete and 0 interrupted iterations
a1     [  58% ] 001/112 VUs  4m03.0s/7m0s  50.00 iters/s

running (4m24.5s), 001/112 VUs, 12138 complete and 0 interrupted iterations
a1     [  58% ] 001/112 VUs  4m04.0s/7m0s  50.00 iters/s

running (4m25.5s), 001/112 VUs, 12188 complete and 0 interrupted iterations
a1     [  58% ] 001/112 VUs  4m05.0s/7m0s  50.00 iters/s

running (4m29.4s), 001/112 VUs, 12238 complete and 0 interrupted iterations
a1     [  59% ] 001/112 VUs  4m06.0s/7m0s  50.00 iters/s

running (4m30.4s), 001/112 VUs, 12288 complete and 0 interrupted iterations
a1     [  59% ] 001/112 VUs  4m07.0s/7m0s  50.00 iters/s

running (4m31.4s), 001/112 VUs, 12338 complete and 0 interrupted iterations
a1     [  59% ] 001/112 VUs  4m08.0s/7m0s  50.00 iters/s

running (4m32.4s), 001/112 VUs, 12388 complete and 0 interrupted iterations
a1     [  59% ] 001/112 VUs  4m09.0s/7m0s  50.00 iters/s

running (4m33.4s), 001/112 VUs, 12438 complete and 0 interrupted iterations
a1     [  60% ] 001/112 VUs  4m10.0s/7m0s  50.00 iters/s

running (4m34.4s), 001/112 VUs, 12488 complete and 0 interrupted iterations
a1     [  60% ] 001/112 VUs  4m11.0s/7m0s  50.00 iters/s

running (4m35.4s), 001/112 VUs, 12538 complete and 0 interrupted iterations
a1     [  60% ] 001/112 VUs  4m12.0s/7m0s  50.00 iters/s

running (4m36.4s), 001/112 VUs, 12588 complete and 0 interrupted iterations
a1     [  60% ] 001/112 VUs  4m13.0s/7m0s  50.00 iters/s

running (4m37.4s), 001/112 VUs, 12638 complete and 0 interrupted iterations
a1     [  60% ] 001/112 VUs  4m14.0s/7m0s  50.00 iters/s

running (4m38.4s), 001/112 VUs, 12688 complete and 0 interrupted iterations
a1     [  61% ] 001/112 VUs  4m15.0s/7m0s  50.00 iters/s

running (4m39.4s), 001/112 VUs, 12738 complete and 0 interrupted iterations
a1     [  61% ] 001/112 VUs  4m16.0s/7m0s  50.00 iters/s

running (4m40.4s), 001/112 VUs, 12788 complete and 0 interrupted iterations
a1     [  61% ] 001/112 VUs  4m17.0s/7m0s  50.00 iters/s

running (4m41.4s), 001/112 VUs, 12838 complete and 0 interrupted iterations
a1     [  61% ] 001/112 VUs  4m18.0s/7m0s  50.00 iters/s

running (4m42.4s), 001/112 VUs, 12888 complete and 0 interrupted iterations
a1     [  62% ] 001/112 VUs  4m19.0s/7m0s  50.00 iters/s

running (4m43.4s), 001/112 VUs, 12938 complete and 0 interrupted iterations
a1     [  62% ] 001/112 VUs  4m20.0s/7m0s  50.00 iters/s

running (4m44.4s), 001/112 VUs, 12988 complete and 0 interrupted iterations
a1     [  62% ] 001/112 VUs  4m21.0s/7m0s  50.00 iters/s

running (4m45.4s), 001/112 VUs, 13038 complete and 0 interrupted iterations
a1     [  62% ] 001/112 VUs  4m22.0s/7m0s  50.00 iters/s

running (4m46.4s), 001/112 VUs, 13088 complete and 0 interrupted iterations
a1     [  63% ] 001/112 VUs  4m23.0s/7m0s  50.00 iters/s

running (4m47.4s), 001/112 VUs, 13138 complete and 0 interrupted iterations
a1     [  63% ] 001/112 VUs  4m24.0s/7m0s  50.00 iters/s

running (4m48.4s), 001/112 VUs, 13188 complete and 0 interrupted iterations
a1     [  63% ] 001/112 VUs  4m25.0s/7m0s  50.00 iters/s

running (4m49.4s), 001/112 VUs, 13238 complete and 0 interrupted iterations
a1     [  63% ] 001/112 VUs  4m26.0s/7m0s  50.00 iters/s

running (4m50.4s), 001/112 VUs, 13288 complete and 0 interrupted iterations
a1     [  64% ] 001/112 VUs  4m27.0s/7m0s  50.00 iters/s

running (4m51.4s), 001/112 VUs, 13338 complete and 0 interrupted iterations
a1     [  64% ] 001/112 VUs  4m28.0s/7m0s  50.00 iters/s

running (4m52.4s), 001/112 VUs, 13388 complete and 0 interrupted iterations
a1     [  64% ] 001/112 VUs  4m29.0s/7m0s  50.00 iters/s

running (4m53.4s), 001/112 VUs, 13438 complete and 0 interrupted iterations
a1     [  64% ] 001/112 VUs  4m30.0s/7m0s  50.00 iters/s

running (4m54.4s), 001/112 VUs, 13488 complete and 0 interrupted iterations
a1     [  65% ] 001/112 VUs  4m31.0s/7m0s  50.00 iters/s

running (4m55.4s), 001/112 VUs, 13538 complete and 0 interrupted iterations
a1     [  65% ] 001/112 VUs  4m32.0s/7m0s  50.00 iters/s

running (4m56.4s), 001/112 VUs, 13588 complete and 0 interrupted iterations
a1     [  65% ] 001/112 VUs  4m33.0s/7m0s  50.00 iters/s

running (4m57.4s), 001/112 VUs, 13638 complete and 0 interrupted iterations
a1     [  65% ] 001/112 VUs  4m34.0s/7m0s  50.00 iters/s

running (4m58.4s), 001/112 VUs, 13688 complete and 0 interrupted iterations
a1     [  65% ] 001/112 VUs  4m35.0s/7m0s  50.00 iters/s

running (4m59.4s), 001/112 VUs, 13738 complete and 0 interrupted iterations
a1     [  66% ] 001/112 VUs  4m36.0s/7m0s  50.00 iters/s

running (5m00.4s), 001/112 VUs, 13788 complete and 0 interrupted iterations
a1     [  66% ] 001/112 VUs  4m37.0s/7m0s  50.00 iters/s

running (5m04.4s), 001/112 VUs, 13838 complete and 0 interrupted iterations
a1     [  66% ] 001/112 VUs  4m38.0s/7m0s  50.00 iters/s

running (5m05.4s), 001/112 VUs, 13888 complete and 0 interrupted iterations
a1     [  66% ] 001/112 VUs  4m39.0s/7m0s  50.00 iters/s

running (5m06.4s), 001/112 VUs, 13938 complete and 0 interrupted iterations
a1     [  67% ] 001/112 VUs  4m40.0s/7m0s  50.00 iters/s

running (5m07.4s), 001/112 VUs, 13988 complete and 0 interrupted iterations
a1     [  67% ] 001/112 VUs  4m41.0s/7m0s  50.00 iters/s

running (5m08.4s), 001/112 VUs, 14038 complete and 0 interrupted iterations
a1     [  67% ] 001/112 VUs  4m42.0s/7m0s  50.00 iters/s

running (5m09.4s), 001/112 VUs, 14088 complete and 0 interrupted iterations
a1     [  67% ] 001/112 VUs  4m43.0s/7m0s  50.00 iters/s

running (5m10.4s), 001/112 VUs, 14138 complete and 0 interrupted iterations
a1     [  68% ] 001/112 VUs  4m44.0s/7m0s  50.00 iters/s

running (5m11.4s), 001/112 VUs, 14188 complete and 0 interrupted iterations
a1     [  68% ] 001/112 VUs  4m45.0s/7m0s  50.00 iters/s

running (5m12.4s), 001/112 VUs, 14238 complete and 0 interrupted iterations
a1     [  68% ] 001/112 VUs  4m46.0s/7m0s  50.00 iters/s

running (5m13.4s), 001/112 VUs, 14288 complete and 0 interrupted iterations
a1     [  68% ] 001/112 VUs  4m47.0s/7m0s  50.00 iters/s

running (5m14.4s), 001/112 VUs, 14338 complete and 0 interrupted iterations
a1     [  69% ] 001/112 VUs  4m48.0s/7m0s  50.00 iters/s

running (5m15.4s), 001/112 VUs, 14388 complete and 0 interrupted iterations
a1     [  69% ] 001/112 VUs  4m49.0s/7m0s  50.00 iters/s

running (5m16.4s), 001/112 VUs, 14438 complete and 0 interrupted iterations
a1     [  69% ] 001/112 VUs  4m50.0s/7m0s  50.00 iters/s

running (5m17.4s), 001/112 VUs, 14488 complete and 0 interrupted iterations
a1     [  69% ] 001/112 VUs  4m51.0s/7m0s  50.00 iters/s

running (5m18.4s), 001/112 VUs, 14538 complete and 0 interrupted iterations
a1     [  70% ] 001/112 VUs  4m52.0s/7m0s  50.00 iters/s

running (5m19.4s), 001/112 VUs, 14588 complete and 0 interrupted iterations
a1     [  70% ] 001/112 VUs  4m53.0s/7m0s  50.00 iters/s

running (5m20.4s), 001/112 VUs, 14638 complete and 0 interrupted iterations
a1     [  70% ] 001/112 VUs  4m54.0s/7m0s  50.00 iters/s

running (5m21.4s), 001/112 VUs, 14688 complete and 0 interrupted iterations
a1     [  70% ] 001/112 VUs  4m55.0s/7m0s  50.00 iters/s

running (5m22.4s), 001/112 VUs, 14738 complete and 0 interrupted iterations
a1     [  70% ] 001/112 VUs  4m56.0s/7m0s  50.00 iters/s

running (5m23.4s), 001/112 VUs, 14788 complete and 0 interrupted iterations
a1     [  71% ] 001/112 VUs  4m57.0s/7m0s  50.00 iters/s

running (5m24.4s), 001/112 VUs, 14838 complete and 0 interrupted iterations
a1     [  71% ] 001/112 VUs  4m58.0s/7m0s  50.00 iters/s

running (5m25.4s), 001/112 VUs, 14888 complete and 0 interrupted iterations
a1     [  71% ] 001/112 VUs  4m59.0s/7m0s  50.00 iters/s

running (5m26.4s), 001/112 VUs, 14938 complete and 0 interrupted iterations
a1     [  71% ] 001/112 VUs  5m00.0s/7m0s  50.00 iters/s

running (5m27.4s), 001/112 VUs, 14988 complete and 0 interrupted iterations
a1     [  72% ] 001/112 VUs  5m01.0s/7m0s  50.00 iters/s

running (5m28.4s), 001/112 VUs, 15038 complete and 0 interrupted iterations
a1     [  72% ] 001/112 VUs  5m02.0s/7m0s  50.00 iters/s

running (5m29.4s), 001/112 VUs, 15088 complete and 0 interrupted iterations
a1     [  72% ] 001/112 VUs  5m03.0s/7m0s  50.00 iters/s

running (5m30.4s), 001/112 VUs, 15138 complete and 0 interrupted iterations
a1     [  72% ] 001/112 VUs  5m04.0s/7m0s  50.00 iters/s

running (5m31.4s), 001/112 VUs, 15188 complete and 0 interrupted iterations
a1     [  73% ] 001/112 VUs  5m05.0s/7m0s  50.00 iters/s

running (5m32.4s), 001/112 VUs, 15238 complete and 0 interrupted iterations
a1     [  73% ] 001/112 VUs  5m06.0s/7m0s  50.00 iters/s

running (5m33.4s), 001/112 VUs, 15288 complete and 0 interrupted iterations
a1     [  73% ] 001/112 VUs  5m07.0s/7m0s  50.00 iters/s

running (5m34.4s), 001/112 VUs, 15338 complete and 0 interrupted iterations
a1     [  73% ] 001/112 VUs  5m08.0s/7m0s  50.00 iters/s

running (5m35.4s), 001/112 VUs, 15388 complete and 0 interrupted iterations
a1     [  74% ] 001/112 VUs  5m09.0s/7m0s  50.00 iters/s

running (5m39.3s), 001/112 VUs, 15438 complete and 0 interrupted iterations
a1     [  74% ] 001/112 VUs  5m10.0s/7m0s  50.00 iters/s

running (5m40.3s), 001/112 VUs, 15488 complete and 0 interrupted iterations
a1     [  74% ] 001/112 VUs  5m11.0s/7m0s  50.00 iters/s

running (5m41.3s), 001/112 VUs, 15538 complete and 0 interrupted iterations
a1     [  74% ] 001/112 VUs  5m12.0s/7m0s  50.00 iters/s

running (5m42.3s), 001/112 VUs, 15588 complete and 0 interrupted iterations
a1     [  75% ] 001/112 VUs  5m13.0s/7m0s  50.00 iters/s

running (5m43.3s), 001/112 VUs, 15638 complete and 0 interrupted iterations
a1     [  75% ] 001/112 VUs  5m14.0s/7m0s  50.00 iters/s

running (5m44.3s), 001/112 VUs, 15688 complete and 0 interrupted iterations
a1     [  75% ] 001/112 VUs  5m15.0s/7m0s  50.00 iters/s

running (5m45.3s), 001/112 VUs, 15738 complete and 0 interrupted iterations
a1     [  75% ] 001/112 VUs  5m16.0s/7m0s  50.00 iters/s

running (5m46.3s), 001/112 VUs, 15788 complete and 0 interrupted iterations
a1     [  75% ] 001/112 VUs  5m17.0s/7m0s  50.00 iters/s

running (5m47.3s), 001/112 VUs, 15838 complete and 0 interrupted iterations
a1     [  76% ] 001/112 VUs  5m18.0s/7m0s  50.00 iters/s

running (5m48.3s), 001/112 VUs, 15888 complete and 0 interrupted iterations
a1     [  76% ] 001/112 VUs  5m19.0s/7m0s  50.00 iters/s

running (5m49.3s), 001/112 VUs, 15938 complete and 0 interrupted iterations
a1     [  76% ] 001/112 VUs  5m20.0s/7m0s  50.00 iters/s

running (5m50.3s), 001/112 VUs, 15988 complete and 0 interrupted iterations
a1     [  76% ] 001/112 VUs  5m21.0s/7m0s  50.00 iters/s

running (5m51.3s), 001/112 VUs, 16038 complete and 0 interrupted iterations
a1     [  77% ] 001/112 VUs  5m22.0s/7m0s  50.00 iters/s

running (5m52.3s), 001/112 VUs, 16088 complete and 0 interrupted iterations
a1     [  77% ] 001/112 VUs  5m23.0s/7m0s  50.00 iters/s

running (5m53.3s), 001/112 VUs, 16138 complete and 0 interrupted iterations
a1     [  77% ] 001/112 VUs  5m24.0s/7m0s  50.00 iters/s

running (5m54.3s), 001/112 VUs, 16188 complete and 0 interrupted iterations
a1     [  77% ] 001/112 VUs  5m25.0s/7m0s  50.00 iters/s

running (5m55.3s), 001/112 VUs, 16238 complete and 0 interrupted iterations
a1     [  78% ] 001/112 VUs  5m26.0s/7m0s  50.00 iters/s

running (5m56.3s), 001/112 VUs, 16288 complete and 0 interrupted iterations
a1     [  78% ] 001/112 VUs  5m27.0s/7m0s  50.00 iters/s

running (5m57.3s), 001/112 VUs, 16338 complete and 0 interrupted iterations
a1     [  78% ] 001/112 VUs  5m28.0s/7m0s  50.00 iters/s

running (5m58.3s), 001/112 VUs, 16388 complete and 0 interrupted iterations
a1     [  78% ] 001/112 VUs  5m29.0s/7m0s  50.00 iters/s

running (5m59.3s), 001/112 VUs, 16438 complete and 0 interrupted iterations
a1     [  79% ] 001/112 VUs  5m30.0s/7m0s  50.00 iters/s

running (6m00.3s), 001/112 VUs, 16488 complete and 0 interrupted iterations
a1     [  79% ] 001/112 VUs  5m31.0s/7m0s  50.00 iters/s

running (6m01.3s), 001/112 VUs, 16538 complete and 0 interrupted iterations
a1     [  79% ] 001/112 VUs  5m32.0s/7m0s  50.00 iters/s

running (6m02.3s), 001/112 VUs, 16588 complete and 0 interrupted iterations
a1     [  79% ] 001/112 VUs  5m33.0s/7m0s  50.00 iters/s

running (6m03.3s), 001/112 VUs, 16638 complete and 0 interrupted iterations
a1     [  80% ] 001/112 VUs  5m34.0s/7m0s  50.00 iters/s

running (6m04.3s), 001/112 VUs, 16688 complete and 0 interrupted iterations
a1     [  80% ] 001/112 VUs  5m35.0s/7m0s  50.00 iters/s

running (6m05.3s), 001/112 VUs, 16738 complete and 0 interrupted iterations
a1     [  80% ] 001/112 VUs  5m36.0s/7m0s  50.00 iters/s

running (6m06.3s), 001/112 VUs, 16788 complete and 0 interrupted iterations
a1     [  80% ] 001/112 VUs  5m37.0s/7m0s  50.00 iters/s

running (6m07.3s), 001/112 VUs, 16838 complete and 0 interrupted iterations
a1     [  80% ] 001/112 VUs  5m38.0s/7m0s  50.00 iters/s

running (6m08.3s), 001/112 VUs, 16888 complete and 0 interrupted iterations
a1     [  81% ] 001/112 VUs  5m39.0s/7m0s  50.00 iters/s

running (6m09.3s), 001/112 VUs, 16938 complete and 0 interrupted iterations
a1     [  81% ] 001/112 VUs  5m40.0s/7m0s  50.00 iters/s

running (6m10.3s), 001/112 VUs, 16988 complete and 0 interrupted iterations
a1     [  81% ] 001/112 VUs  5m41.0s/7m0s  50.00 iters/s

running (6m14.2s), 001/112 VUs, 17038 complete and 0 interrupted iterations
a1     [  81% ] 001/112 VUs  5m42.0s/7m0s  50.00 iters/s

running (6m15.2s), 001/112 VUs, 17088 complete and 0 interrupted iterations
a1     [  82% ] 001/112 VUs  5m43.0s/7m0s  50.00 iters/s

running (6m16.2s), 001/112 VUs, 17138 complete and 0 interrupted iterations
a1     [  82% ] 001/112 VUs  5m44.0s/7m0s  50.00 iters/s

running (6m17.2s), 001/112 VUs, 17188 complete and 0 interrupted iterations
a1     [  82% ] 001/112 VUs  5m45.0s/7m0s  50.00 iters/s

running (6m18.2s), 001/112 VUs, 17238 complete and 0 interrupted iterations
a1     [  82% ] 001/112 VUs  5m46.0s/7m0s  50.00 iters/s

running (6m19.2s), 001/112 VUs, 17288 complete and 0 interrupted iterations
a1     [  83% ] 001/112 VUs  5m47.0s/7m0s  50.00 iters/s

running (6m20.2s), 001/112 VUs, 17338 complete and 0 interrupted iterations
a1     [  83% ] 001/112 VUs  5m48.0s/7m0s  50.00 iters/s

running (6m21.2s), 001/112 VUs, 17388 complete and 0 interrupted iterations
a1     [  83% ] 001/112 VUs  5m49.0s/7m0s  50.00 iters/s

running (6m22.2s), 001/112 VUs, 17438 complete and 0 interrupted iterations
a1     [  83% ] 001/112 VUs  5m50.0s/7m0s  50.00 iters/s

running (6m23.2s), 001/112 VUs, 17488 complete and 0 interrupted iterations
a1     [  84% ] 001/112 VUs  5m51.0s/7m0s  50.00 iters/s

running (6m24.2s), 001/112 VUs, 17538 complete and 0 interrupted iterations
a1     [  84% ] 001/112 VUs  5m52.0s/7m0s  50.00 iters/s

running (6m25.2s), 001/112 VUs, 17588 complete and 0 interrupted iterations
a1     [  84% ] 001/112 VUs  5m53.0s/7m0s  50.00 iters/s

running (6m26.2s), 001/112 VUs, 17638 complete and 0 interrupted iterations
a1     [  84% ] 001/112 VUs  5m54.0s/7m0s  50.00 iters/s

running (6m27.2s), 001/112 VUs, 17688 complete and 0 interrupted iterations
a1     [  85% ] 001/112 VUs  5m55.0s/7m0s  50.00 iters/s

running (6m28.2s), 001/112 VUs, 17738 complete and 0 interrupted iterations
a1     [  85% ] 001/112 VUs  5m56.0s/7m0s  50.00 iters/s

running (6m29.2s), 001/112 VUs, 17788 complete and 0 interrupted iterations
a1     [  85% ] 001/112 VUs  5m57.0s/7m0s  50.00 iters/s

running (6m30.2s), 001/112 VUs, 17838 complete and 0 interrupted iterations
a1     [  85% ] 001/112 VUs  5m58.0s/7m0s  50.00 iters/s

running (6m31.2s), 001/112 VUs, 17888 complete and 0 interrupted iterations
a1     [  85% ] 001/112 VUs  5m59.0s/7m0s  50.00 iters/s

running (6m32.2s), 001/112 VUs, 17938 complete and 0 interrupted iterations
a1     [  86% ] 001/112 VUs  6m00.0s/7m0s  50.00 iters/s

running (6m33.2s), 001/112 VUs, 17988 complete and 0 interrupted iterations
a1     [  86% ] 001/112 VUs  6m01.0s/7m0s  50.00 iters/s

running (6m34.2s), 001/112 VUs, 18038 complete and 0 interrupted iterations
a1     [  86% ] 001/112 VUs  6m02.0s/7m0s  50.00 iters/s

running (6m35.2s), 001/112 VUs, 18088 complete and 0 interrupted iterations
a1     [  86% ] 001/112 VUs  6m03.0s/7m0s  50.00 iters/s

running (6m36.2s), 001/112 VUs, 18138 complete and 0 interrupted iterations
a1     [  87% ] 001/112 VUs  6m04.0s/7m0s  50.00 iters/s

running (6m37.2s), 001/112 VUs, 18188 complete and 0 interrupted iterations
a1     [  87% ] 001/112 VUs  6m05.0s/7m0s  50.00 iters/s

running (6m38.2s), 001/112 VUs, 18238 complete and 0 interrupted iterations
a1     [  87% ] 001/112 VUs  6m06.0s/7m0s  50.00 iters/s

running (6m39.2s), 001/112 VUs, 18288 complete and 0 interrupted iterations
a1     [  87% ] 001/112 VUs  6m07.0s/7m0s  50.00 iters/s

running (6m40.2s), 001/112 VUs, 18338 complete and 0 interrupted iterations
a1     [  88% ] 001/112 VUs  6m08.0s/7m0s  50.00 iters/s

running (6m41.2s), 001/112 VUs, 18388 complete and 0 interrupted iterations
a1     [  88% ] 001/112 VUs  6m09.0s/7m0s  50.00 iters/s

running (6m42.2s), 001/112 VUs, 18438 complete and 0 interrupted iterations
a1     [  88% ] 001/112 VUs  6m10.0s/7m0s  50.00 iters/s

running (6m43.2s), 001/112 VUs, 18488 complete and 0 interrupted iterations
a1     [  88% ] 001/112 VUs  6m11.0s/7m0s  50.00 iters/s

running (6m44.2s), 001/112 VUs, 18538 complete and 0 interrupted iterations
a1     [  89% ] 001/112 VUs  6m12.0s/7m0s  50.00 iters/s

running (6m45.2s), 001/112 VUs, 18588 complete and 0 interrupted iterations
a1     [  89% ] 001/112 VUs  6m13.0s/7m0s  50.00 iters/s

running (6m46.2s), 001/112 VUs, 18638 complete and 0 interrupted iterations
a1     [  89% ] 001/112 VUs  6m14.0s/7m0s  50.00 iters/s

running (6m50.2s), 001/112 VUs, 18688 complete and 0 interrupted iterations
a1     [  89% ] 001/112 VUs  6m15.0s/7m0s  50.00 iters/s

running (6m51.2s), 001/112 VUs, 18738 complete and 0 interrupted iterations
a1     [  90% ] 001/112 VUs  6m16.0s/7m0s  50.00 iters/s

running (6m52.2s), 001/112 VUs, 18788 complete and 0 interrupted iterations
a1     [  90% ] 001/112 VUs  6m17.0s/7m0s  50.00 iters/s

running (6m53.2s), 001/112 VUs, 18838 complete and 0 interrupted iterations
a1     [  90% ] 001/112 VUs  6m18.0s/7m0s  50.00 iters/s

running (6m54.2s), 001/112 VUs, 18888 complete and 0 interrupted iterations
a1     [  90% ] 001/112 VUs  6m19.0s/7m0s  50.00 iters/s

running (6m55.2s), 001/112 VUs, 18938 complete and 0 interrupted iterations
a1     [  90% ] 001/112 VUs  6m20.0s/7m0s  50.00 iters/s

running (6m56.2s), 001/112 VUs, 18988 complete and 0 interrupted iterations
a1     [  91% ] 001/112 VUs  6m21.0s/7m0s  50.00 iters/s

running (6m57.2s), 001/112 VUs, 19038 complete and 0 interrupted iterations
a1     [  91% ] 001/112 VUs  6m22.0s/7m0s  50.00 iters/s

running (6m58.2s), 001/112 VUs, 19088 complete and 0 interrupted iterations
a1     [  91% ] 001/112 VUs  6m23.0s/7m0s  50.00 iters/s

running (6m59.2s), 001/112 VUs, 19138 complete and 0 interrupted iterations
a1     [  91% ] 001/112 VUs  6m24.0s/7m0s  50.00 iters/s

running (7m00.2s), 001/112 VUs, 19188 complete and 0 interrupted iterations
a1     [  92% ] 001/112 VUs  6m25.0s/7m0s  50.00 iters/s

running (7m01.2s), 001/112 VUs, 19238 complete and 0 interrupted iterations
a1     [  92% ] 001/112 VUs  6m26.0s/7m0s  50.00 iters/s

running (7m02.2s), 001/112 VUs, 19288 complete and 0 interrupted iterations
a1     [  92% ] 001/112 VUs  6m27.0s/7m0s  50.00 iters/s

running (7m03.2s), 001/112 VUs, 19338 complete and 0 interrupted iterations
a1     [  92% ] 001/112 VUs  6m28.0s/7m0s  50.00 iters/s

running (7m04.2s), 001/112 VUs, 19388 complete and 0 interrupted iterations
a1     [  93% ] 001/112 VUs  6m29.0s/7m0s  50.00 iters/s

running (7m05.2s), 001/112 VUs, 19438 complete and 0 interrupted iterations
a1     [  93% ] 001/112 VUs  6m30.0s/7m0s  50.00 iters/s

running (7m06.2s), 001/112 VUs, 19488 complete and 0 interrupted iterations
a1     [  93% ] 001/112 VUs  6m31.0s/7m0s  50.00 iters/s

running (7m07.2s), 001/112 VUs, 19538 complete and 0 interrupted iterations
a1     [  93% ] 001/112 VUs  6m32.0s/7m0s  50.00 iters/s

running (7m08.2s), 001/112 VUs, 19588 complete and 0 interrupted iterations
a1     [  94% ] 001/112 VUs  6m33.0s/7m0s  50.00 iters/s

running (7m09.2s), 001/112 VUs, 19638 complete and 0 interrupted iterations
a1     [  94% ] 001/112 VUs  6m34.0s/7m0s  50.00 iters/s

running (7m10.2s), 001/112 VUs, 19688 complete and 0 interrupted iterations
a1     [  94% ] 001/112 VUs  6m35.0s/7m0s  50.00 iters/s

running (7m11.2s), 001/112 VUs, 19738 complete and 0 interrupted iterations
a1     [  94% ] 001/112 VUs  6m36.0s/7m0s  50.00 iters/s

running (7m12.2s), 001/112 VUs, 19788 complete and 0 interrupted iterations
a1     [  95% ] 001/112 VUs  6m37.0s/7m0s  50.00 iters/s

running (7m13.2s), 001/112 VUs, 19838 complete and 0 interrupted iterations
a1     [  95% ] 001/112 VUs  6m38.0s/7m0s  50.00 iters/s

running (7m14.2s), 001/112 VUs, 19888 complete and 0 interrupted iterations
a1     [  95% ] 001/112 VUs  6m39.0s/7m0s  50.00 iters/s

running (7m15.2s), 001/112 VUs, 19938 complete and 0 interrupted iterations
a1     [  95% ] 001/112 VUs  6m40.0s/7m0s  50.00 iters/s

running (7m16.2s), 001/112 VUs, 19988 complete and 0 interrupted iterations
a1     [  95% ] 001/112 VUs  6m41.0s/7m0s  50.00 iters/s

running (7m17.2s), 001/112 VUs, 20038 complete and 0 interrupted iterations
a1     [  96% ] 001/112 VUs  6m42.0s/7m0s  50.00 iters/s

running (7m18.2s), 001/112 VUs, 20088 complete and 0 interrupted iterations
a1     [  96% ] 001/112 VUs  6m43.0s/7m0s  50.00 iters/s

running (7m19.2s), 001/112 VUs, 20138 complete and 0 interrupted iterations
a1     [  96% ] 001/112 VUs  6m44.0s/7m0s  50.00 iters/s

running (7m20.2s), 001/112 VUs, 20188 complete and 0 interrupted iterations
a1     [  96% ] 001/112 VUs  6m45.0s/7m0s  50.00 iters/s

running (7m21.2s), 001/112 VUs, 20238 complete and 0 interrupted iterations
a1     [  97% ] 001/112 VUs  6m46.0s/7m0s  50.00 iters/s

running (7m25.1s), 001/112 VUs, 20288 complete and 0 interrupted iterations
a1     [  97% ] 001/112 VUs  6m47.0s/7m0s  50.00 iters/s

running (7m26.1s), 001/112 VUs, 20338 complete and 0 interrupted iterations
a1     [  97% ] 001/112 VUs  6m48.0s/7m0s  50.00 iters/s

running (7m27.1s), 001/112 VUs, 20388 complete and 0 interrupted iterations
a1     [  97% ] 001/112 VUs  6m49.0s/7m0s  50.00 iters/s

running (7m28.1s), 001/112 VUs, 20438 complete and 0 interrupted iterations
a1     [  98% ] 001/112 VUs  6m50.0s/7m0s  50.00 iters/s

running (7m29.1s), 001/112 VUs, 20488 complete and 0 interrupted iterations
a1     [  98% ] 001/112 VUs  6m51.0s/7m0s  50.00 iters/s

running (7m30.1s), 001/112 VUs, 20538 complete and 0 interrupted iterations
a1     [  98% ] 001/112 VUs  6m52.0s/7m0s  50.00 iters/s

running (7m31.1s), 001/112 VUs, 20588 complete and 0 interrupted iterations
a1     [  98% ] 001/112 VUs  6m53.0s/7m0s  50.00 iters/s

running (7m32.1s), 001/112 VUs, 20638 complete and 0 interrupted iterations
a1     [  99% ] 001/112 VUs  6m54.0s/7m0s  50.00 iters/s

running (7m33.1s), 001/112 VUs, 20688 complete and 0 interrupted iterations
a1     [  99% ] 001/112 VUs  6m55.0s/7m0s  50.00 iters/s

running (7m34.1s), 001/112 VUs, 20738 complete and 0 interrupted iterations
a1     [  99% ] 001/112 VUs  6m56.0s/7m0s  50.00 iters/s

running (7m35.1s), 001/112 VUs, 20788 complete and 0 interrupted iterations
a1     [  99% ] 001/112 VUs  6m57.0s/7m0s  50.00 iters/s

running (7m36.1s), 001/112 VUs, 20838 complete and 0 interrupted iterations
a1     [ 100% ] 001/112 VUs  6m58.0s/7m0s  50.00 iters/s

running (7m37.1s), 001/112 VUs, 20888 complete and 0 interrupted iterations
a1     [ 100% ] 001/112 VUs  6m59.0s/7m0s  50.00 iters/s

running (7m38.1s), 001/112 VUs, 20938 complete and 0 interrupted iterations
a1     [ 100% ] 001/112 VUs  7m00.0s/7m0s  50.00 iters/s


  █ THRESHOLDS 

    http_req_failed
    ✓ 'rate<0.05' rate=0.00%


  █ TOTAL RESULTS 

    checks_total.......: 62823   137.130856/s
    checks_succeeded...: 100.00% 62823 out of 62823
    checks_failed......: 0.00%   0 out of 62823

    ✓ initiated
    ✓ validated
    ✓ terminal

    CUSTOM
    a1_lifecycle_duration..........: avg=38.81ms min=8ms    med=15ms    p(95)=30ms    p(99)=744.39ms max=4.22s
    a1_lifecycles_completed........: 20941 45.710285/s
    a1_transitions_committed.......: 62823 137.130856/s

    HTTP
    http_req_duration..............: avg=12.62ms min=2.42ms med=4.73ms  p(95)=9.91ms  p(99)=153.83ms max=2.93s
      { expected_response:true }...: avg=12.62ms min=2.42ms med=4.73ms  p(95)=9.91ms  p(99)=153.83ms max=2.93s
    http_req_failed................: 0.00% 0 out of 62823
    http_reqs......................: 62823 137.130856/s

    EXECUTION
    dropped_iterations.............: 60    0.130969/s
    iteration_duration.............: avg=37.96ms min=8.7ms  med=14.68ms p(95)=30.01ms p(99)=584.43ms max=4.22s
    iterations.....................: 20941 45.710285/s
    vus............................: 1     min=1          max=100
    vus_max........................: 112   min=100        max=112

    NETWORK
    data_received..................: 24 MB 52 kB/s
    data_sent......................: 14 MB 30 kB/s




running (7m38.1s), 000/112 VUs, 20941 complete and 0 interrupted iterations
a1   ✓ [ 100% ] 000/112 VUs  7m0s  50.00 iters/s
