[14:59:15] === RUN HYBRID-P1-r1-F5-20260904145915 ===
[14:59:15] mode=HYBRID profile=P1 rep=1 tps=50 duration=420s fault=F5
[14:59:15] jar: target/master-thesis-observability-0.0.1-SNAPSHOT.jar
[14:59:15] workload tozalanmoqda (reference saqlanadi)
workload reset; reference data preserved
AQ backlog purged: 0 -> 0
[14:59:17] Kafka topigi qayta yaratilmoqda
[14:59:27] ilova ishga tushirilmoqda (mode=HYBRID)
[14:59:48] ilova tayyor (pid 2089785)
[14:59:48] Debezium konnektori ro'yxatdan o'tkazilmoqda (HYBRID, prefix=obsv_hybrid_p1_r1_f5_20260904145915)
konnektor ro'yxatdan o'tkazilmoqda: a1-hybrid-obsv_hybrid_p1_r1_f5_20260904145915 (prefix=obsv_hybrid_p1_r1_f5_20260904145915)
konnektor RUNNING (2s)
streaming tasdiqlanmoqda (heartbeat topigi: __debezium-heartbeat.obsv_hybrid_p1_r1_f5_20260904145915)
streaming tasdiqlandi (1 urinish)
[14:59:56] fault F5 30s dan keyin yuboriladi
[14:59:56] k6 yuklamasi boshlandi
[fault 15:00:29] bitta ochiq tranzaksiyada 5000 satr, 240 soniya ushlab turiladi
[fault 15:00:29] F5 tugadi
PL/SQL procedure successfully completed.

[15:07:35] pipeline bo'shashi kutilmoqda (maks 120s)
[15:07:48] pipeline bo'sh (5s, sink=62823 xabar)
[15:08:01] ground truth eksport qilinmoqda
[15:08:02] Kafka topigi eksport qilinmoqda
[15:08:32] tahlil
{
  "mode": "HYBRID",
  "profile": "P1",
  "rep": "1",
  "fault": "F5",
  "ground_truth_transitions": 77820,
  "delivered_distinct": 62823,
  "delivered_total": 62823,
  "matched": 62823,
  "missing": 14997,
  "phantom": 0,
  "malformed": 0,
  "loss_rate": 0.19271396,
  "loss_rate_ppm": 192713.96,
  "duplicate_rate": 0.0,
  "ordering_violation_rate": 0.0,
  "txns_split_across_partitions": 0,
  "latency_ms_p50": 3514,
  "latency_ms_p95": 7081,
  "latency_ms_p99": 8182,
  "latency_ms_max": 9119,
  "latency_ms_mean": 3720.4,
  "latency_samples": 62823,
  "latency_negative_samples": 0
}
[15:08:33] ilova va konnektor to'xtatilmoqda
connector o'chirilmoqda: a1-hybrid-obsv_hybrid_p1_r1_f5_20260904145915
[15:08:37] === TUGADI: results/HYBRID-P1-r1-F5-20260904145915 ===
