[19:49:12] === RUN CDC-P1-r3-F4R-20260909194912 ===
[19:49:13] mode=CDC profile=P1 rep=3 tps=50 duration=300s fault=F4R
[19:49:13] jar: target/master-thesis-observability-0.0.1-SNAPSHOT.jar
[19:49:13] arxiv redo tozalanmoqda
[19:49:13] workload tozalanmoqda (reference saqlanadi)
workload reset; reference data preserved
AQ backlog purged: 0 -> 0
[19:49:22] Kafka topigi qayta yaratilmoqda
[19:49:31] ilova ishga tushirilmoqda (mode=CDC)
[19:49:48] ilova tayyor (pid 1896320)
[19:49:48] Debezium konnektori ro'yxatdan o'tkazilmoqda (CDC, prefix=obsv_cdc_p1_r3_f4r_20260909194912)
konnektor ro'yxatdan o'tkazilmoqda: a1-cdc-obsv_cdc_p1_r3_f4r_20260909194912 (prefix=obsv_cdc_p1_r3_f4r_20260909194912)
konnektor RUNNING (2s)
streaming tasdiqlanmoqda (heartbeat topigi: __debezium-heartbeat.obsv_cdc_p1_r3_f4r_20260909194912)
streaming tasdiqlandi (1 urinish)
[19:49:55] fault F4R 60s dan keyin yuboriladi
[19:49:55] k6 yuklamasi boshlandi
[fault 19:50:55] Connect to'xtatilmoqda; 10 marta log almashtiriladi, so'ng archive'lar o'chiriladi
[fault 19:51:32] RMAN: barcha archive log'lar o'chirilmoqda
bash: rman: command not found
[fault 19:51:53] Connect qaytarildi — endi ORA-01291 kutilmoqda
[fault 19:51:53] F4R tugadi
[19:54:56] k6 iteratsiyalari: 15001
[19:54:56] pipeline bo'shashi kutilmoqda (maks 120s)
[19:55:19] pipeline bo'sh (15s, sink=45003 xabar)
[19:55:29] ground truth eksport qilinmoqda
[19:55:30] Kafka topigi eksport qilinmoqda
[19:55:42] tahlil
{
  "mode": "CDC",
  "profile": "P1",
  "rep": "3",
  "fault": "F4R",
  "ground_truth_transitions": 45003,
  "delivered_distinct": 45003,
  "delivered_total": 45003,
  "matched": 45003,
  "missing": 0,
  "phantom": 0,
  "malformed": 0,
  "loss_rate": 0.0,
  "loss_rate_ppm": 0.0,
  "duplicate_rate": 0.0,
  "ordering_violation_rate": 0.0,
  "txns_split_across_partitions": 0,
  "latency_ms_p50": 3851,
  "latency_ms_p95": 59213,
  "latency_ms_p99": 70619,
  "latency_ms_max": 73526,
  "latency_ms_mean": 11956.1,
  "latency_samples": 45003,
  "latency_negative_samples": 0,
  "loss_rate_upper_bound_95_ppm": 66.66
}
[19:55:43] ilova va konnektor to'xtatilmoqda
connector o'chirilmoqda: a1-cdc-obsv_cdc_p1_r3_f4r_20260909194912
[19:55:54] === TUGADI: results/CDC-P1-r3-F4R-20260909194912 ===
