[13:03:30] === RUN WRAPPER_B1-P1-r1-F1-20260904130330 ===
[13:03:30] mode=WRAPPER_B1 profile=P1 rep=1 tps=50 duration=180s fault=F1
[13:03:30] jar: target/master-thesis-observability-0.0.1-SNAPSHOT.jar
[13:03:30] workload tozalanmoqda (reference saqlanadi)
workload reset; reference data preserved
AQ backlog purged: 0 -> 0
[13:03:31] Kafka topigi qayta yaratilmoqda
[13:03:41] ilova ishga tushirilmoqda (mode=WRAPPER_B1)
[13:04:01] ilova tayyor (pid 784976)
[13:04:04] fault F1 60s dan keyin yuboriladi
[13:04:04] k6 yuklamasi boshlandi
[fault 13:05:10] SIGKILL ilovaga: 784976
[fault 13:05:21] ilova qayta ishga tushirilmoqda (mode=results/WRAPPER_B3-P1-r91-20260903164920/run.log:WRAPPER_B3)
[fault 13:05:21] F1 tugadi
[13:07:20] k6 nolga teng bo'lmagan kod bilan tugadi (natija baribir tahlil qilinadi)
[13:07:20] pipeline bo'shashi kutilmoqda (maks 120s)
[13:07:33] pipeline bo'sh (4s, sink=8929 xabar)
[13:07:43] ground truth eksport qilinmoqda
[13:07:43] Kafka topigi eksport qilinmoqda
[13:08:38] tahlil
{
  "mode": "WRAPPER_B1",
  "profile": "P1",
  "rep": "1",
  "fault": "F1",
  "ground_truth_transitions": 8929,
  "delivered_distinct": 8929,
  "delivered_total": 8929,
  "matched": 8929,
  "missing": 0,
  "phantom": 0,
  "malformed": 0,
  "loss_rate": 0.0,
  "loss_rate_ppm": 0.0,
  "duplicate_rate": 0.0,
  "ordering_violation_rate": 0.0,
  "txns_split_across_partitions": 0,
  "latency_ms_p50": 0,
  "latency_ms_p95": 1,
  "latency_ms_p99": 3,
  "latency_ms_max": 1115,
  "latency_ms_mean": 1.1,
  "latency_samples": 8929,
  "latency_negative_samples": 3930,
  "loss_rate_upper_bound_95_ppm": 335.98
}
[13:08:39] ilova va konnektor to'xtatilmoqda
[13:08:42] === TUGADI: results/WRAPPER_B1-P1-r1-F1-20260904130330 ===
