
         /\      Grafana   /‾‾/  
    /\  /  \     |\  __   /  /   
   /  \/    \    | |/ /  /   ‾‾\ 
  /          \   |   (  |  (‾)  |
 / __________ \  |_|\_\  \_____/ 


     execution: local
        script: harness/k6/a1-workload.js
        output: -

     scenarios: (100.00%) 1 scenario, 600 max VUs, 3m30s max duration (incl. graceful stop):
              * a1: 50.00 iterations/s for 3m0s (maxVUs: 100-600, gracefulStop: 30s)


running (0m01.0s), 050/100 VUs, 0 complete and 0 interrupted iterations
a1     [   1% ] 050/100 VUs  0m01.0s/3m0s  50.00 iters/s

running (0m02.0s), 100/100 VUs, 0 complete and 0 interrupted iterations
a1     [   1% ] 100/100 VUs  0m02.0s/3m0s  50.00 iters/s

running (0m03.0s), 001/103 VUs, 146 complete and 0 interrupted iterations
a1     [   2% ] 001/103 VUs  0m03.0s/3m0s  50.00 iters/s

running (0m04.0s), 001/103 VUs, 196 complete and 0 interrupted iterations
a1     [   2% ] 001/103 VUs  0m04.0s/3m0s  50.00 iters/s

running (0m05.0s), 001/103 VUs, 246 complete and 0 interrupted iterations
a1     [   3% ] 001/103 VUs  0m05.0s/3m0s  50.00 iters/s

running (0m06.0s), 001/103 VUs, 296 complete and 0 interrupted iterations
a1     [   3% ] 001/103 VUs  0m06.0s/3m0s  50.00 iters/s

running (0m07.0s), 001/103 VUs, 346 complete and 0 interrupted iterations
a1     [   4% ] 001/103 VUs  0m07.0s/3m0s  50.00 iters/s

running (0m08.0s), 001/103 VUs, 396 complete and 0 interrupted iterations
a1     [   4% ] 001/103 VUs  0m08.0s/3m0s  50.00 iters/s

running (0m09.0s), 001/103 VUs, 446 complete and 0 interrupted iterations
a1     [   5% ] 001/103 VUs  0m09.0s/3m0s  50.00 iters/s

running (0m10.0s), 001/103 VUs, 496 complete and 0 interrupted iterations
a1     [   6% ] 001/103 VUs  0m10.0s/3m0s  50.00 iters/s

running (0m11.0s), 001/103 VUs, 546 complete and 0 interrupted iterations
a1     [   6% ] 001/103 VUs  0m11.0s/3m0s  50.00 iters/s

running (0m12.0s), 001/103 VUs, 596 complete and 0 interrupted iterations
a1     [   7% ] 001/103 VUs  0m12.0s/3m0s  50.00 iters/s

running (0m13.0s), 001/103 VUs, 646 complete and 0 interrupted iterations
a1     [   7% ] 001/103 VUs  0m13.0s/3m0s  50.00 iters/s

running (0m14.0s), 001/103 VUs, 696 complete and 0 interrupted iterations
a1     [   8% ] 001/103 VUs  0m14.0s/3m0s  50.00 iters/s

running (0m15.0s), 001/103 VUs, 746 complete and 0 interrupted iterations
a1     [   8% ] 001/103 VUs  0m15.0s/3m0s  50.00 iters/s

running (0m16.0s), 001/103 VUs, 796 complete and 0 interrupted iterations
a1     [   9% ] 001/103 VUs  0m16.0s/3m0s  50.00 iters/s

running (0m17.0s), 001/103 VUs, 846 complete and 0 interrupted iterations
a1     [   9% ] 001/103 VUs  0m17.0s/3m0s  50.00 iters/s

running (0m18.0s), 001/103 VUs, 896 complete and 0 interrupted iterations
a1     [  10% ] 001/103 VUs  0m18.0s/3m0s  50.00 iters/s

running (0m19.0s), 001/103 VUs, 946 complete and 0 interrupted iterations
a1     [  11% ] 001/103 VUs  0m19.0s/3m0s  50.00 iters/s

running (0m20.0s), 001/103 VUs, 996 complete and 0 interrupted iterations
a1     [  11% ] 001/103 VUs  0m20.0s/3m0s  50.00 iters/s

running (0m21.0s), 001/103 VUs, 1046 complete and 0 interrupted iterations
a1     [  12% ] 001/103 VUs  0m21.0s/3m0s  50.00 iters/s

running (0m22.0s), 001/103 VUs, 1096 complete and 0 interrupted iterations
a1     [  12% ] 001/103 VUs  0m22.0s/3m0s  50.00 iters/s

running (0m23.0s), 001/103 VUs, 1146 complete and 0 interrupted iterations
a1     [  13% ] 001/103 VUs  0m23.0s/3m0s  50.00 iters/s

running (0m26.9s), 001/103 VUs, 1196 complete and 0 interrupted iterations
a1     [  13% ] 001/103 VUs  0m24.0s/3m0s  50.00 iters/s

running (0m27.9s), 001/103 VUs, 1246 complete and 0 interrupted iterations
a1     [  14% ] 001/103 VUs  0m25.0s/3m0s  50.00 iters/s

running (0m28.9s), 001/103 VUs, 1296 complete and 0 interrupted iterations
a1     [  14% ] 001/103 VUs  0m26.0s/3m0s  50.00 iters/s

running (0m29.9s), 001/103 VUs, 1346 complete and 0 interrupted iterations
a1     [  15% ] 001/103 VUs  0m27.0s/3m0s  50.00 iters/s

running (0m30.9s), 001/103 VUs, 1396 complete and 0 interrupted iterations
a1     [  16% ] 001/103 VUs  0m28.0s/3m0s  50.00 iters/s

running (0m31.9s), 000/103 VUs, 1447 complete and 0 interrupted iterations
a1     [  16% ] 000/103 VUs  0m29.0s/3m0s  50.00 iters/s

running (0m32.9s), 001/103 VUs, 1496 complete and 0 interrupted iterations
a1     [  17% ] 001/103 VUs  0m30.0s/3m0s  50.00 iters/s

running (0m33.9s), 001/103 VUs, 1546 complete and 0 interrupted iterations
a1     [  17% ] 001/103 VUs  0m31.0s/3m0s  50.00 iters/s

running (0m34.9s), 001/103 VUs, 1596 complete and 0 interrupted iterations
a1     [  18% ] 001/103 VUs  0m32.0s/3m0s  50.00 iters/s

running (0m35.9s), 001/103 VUs, 1646 complete and 0 interrupted iterations
a1     [  18% ] 001/103 VUs  0m33.0s/3m0s  50.00 iters/s

running (0m36.9s), 001/103 VUs, 1696 complete and 0 interrupted iterations
a1     [  19% ] 001/103 VUs  0m34.0s/3m0s  50.00 iters/s

running (0m37.9s), 001/103 VUs, 1746 complete and 0 interrupted iterations
a1     [  19% ] 001/103 VUs  0m35.0s/3m0s  50.00 iters/s

running (0m38.9s), 001/103 VUs, 1796 complete and 0 interrupted iterations
a1     [  20% ] 001/103 VUs  0m36.0s/3m0s  50.00 iters/s

running (0m39.9s), 001/103 VUs, 1846 complete and 0 interrupted iterations
a1     [  21% ] 001/103 VUs  0m37.0s/3m0s  50.00 iters/s

running (0m40.9s), 001/103 VUs, 1896 complete and 0 interrupted iterations
a1     [  21% ] 001/103 VUs  0m38.0s/3m0s  50.00 iters/s

running (0m41.9s), 001/103 VUs, 1946 complete and 0 interrupted iterations
a1     [  22% ] 001/103 VUs  0m39.0s/3m0s  50.00 iters/s

running (0m42.9s), 001/103 VUs, 1996 complete and 0 interrupted iterations
a1     [  22% ] 001/103 VUs  0m40.0s/3m0s  50.00 iters/s

running (0m43.9s), 001/103 VUs, 2046 complete and 0 interrupted iterations
a1     [  23% ] 001/103 VUs  0m41.0s/3m0s  50.00 iters/s

running (0m44.9s), 001/103 VUs, 2096 complete and 0 interrupted iterations
a1     [  23% ] 001/103 VUs  0m42.0s/3m0s  50.00 iters/s

running (0m45.9s), 001/103 VUs, 2146 complete and 0 interrupted iterations
a1     [  24% ] 001/103 VUs  0m43.0s/3m0s  50.00 iters/s

running (0m46.9s), 000/103 VUs, 2197 complete and 0 interrupted iterations
a1     [  24% ] 000/103 VUs  0m44.0s/3m0s  50.00 iters/s

running (0m47.9s), 001/103 VUs, 2246 complete and 0 interrupted iterations
a1     [  25% ] 001/103 VUs  0m45.0s/3m0s  50.00 iters/s

running (0m48.9s), 001/103 VUs, 2296 complete and 0 interrupted iterations
a1     [  26% ] 001/103 VUs  0m46.0s/3m0s  50.00 iters/s

running (0m49.9s), 001/103 VUs, 2346 complete and 0 interrupted iterations
a1     [  26% ] 001/103 VUs  0m47.0s/3m0s  50.00 iters/s

running (0m50.9s), 000/103 VUs, 2397 complete and 0 interrupted iterations
a1     [  27% ] 000/103 VUs  0m48.0s/3m0s  50.00 iters/s

running (0m51.9s), 001/103 VUs, 2446 complete and 0 interrupted iterations
a1     [  27% ] 001/103 VUs  0m49.0s/3m0s  50.00 iters/s

running (0m52.9s), 001/103 VUs, 2496 complete and 0 interrupted iterations
a1     [  28% ] 001/103 VUs  0m50.0s/3m0s  50.00 iters/s

running (0m53.9s), 001/103 VUs, 2546 complete and 0 interrupted iterations
a1     [  28% ] 001/103 VUs  0m51.0s/3m0s  50.00 iters/s

running (0m54.9s), 001/103 VUs, 2596 complete and 0 interrupted iterations
a1     [  29% ] 001/103 VUs  0m52.0s/3m0s  50.00 iters/s

running (0m55.9s), 001/103 VUs, 2646 complete and 0 interrupted iterations
a1     [  29% ] 001/103 VUs  0m53.0s/3m0s  50.00 iters/s

running (0m56.9s), 001/103 VUs, 2696 complete and 0 interrupted iterations
a1     [  30% ] 001/103 VUs  0m54.0s/3m0s  50.00 iters/s

running (0m57.9s), 001/103 VUs, 2746 complete and 0 interrupted iterations
a1     [  31% ] 001/103 VUs  0m55.0s/3m0s  50.00 iters/s

running (0m58.9s), 001/103 VUs, 2796 complete and 0 interrupted iterations
a1     [  31% ] 001/103 VUs  0m56.0s/3m0s  50.00 iters/s

running (1m02.9s), 001/103 VUs, 2846 complete and 0 interrupted iterations
a1     [  32% ] 001/103 VUs  0m57.0s/3m0s  50.00 iters/s

running (1m03.9s), 001/103 VUs, 2896 complete and 0 interrupted iterations
a1     [  32% ] 001/103 VUs  0m58.0s/3m0s  50.00 iters/s

running (1m04.9s), 001/103 VUs, 2946 complete and 0 interrupted iterations
a1     [  33% ] 001/103 VUs  0m59.0s/3m0s  50.00 iters/s

running (1m05.9s), 001/103 VUs, 2996 complete and 0 interrupted iterations
a1     [  33% ] 001/103 VUs  1m00.0s/3m0s  50.00 iters/s

running (1m06.9s), 001/103 VUs, 3046 complete and 0 interrupted iterations
a1     [  34% ] 001/103 VUs  1m01.0s/3m0s  50.00 iters/s

running (1m07.9s), 001/103 VUs, 3096 complete and 0 interrupted iterations
a1     [  34% ] 001/103 VUs  1m02.0s/3m0s  50.00 iters/s

running (1m08.9s), 001/103 VUs, 3146 complete and 0 interrupted iterations
a1     [  35% ] 001/103 VUs  1m03.0s/3m0s  50.00 iters/s

running (1m09.9s), 000/103 VUs, 3197 complete and 0 interrupted iterations
a1     [  36% ] 000/103 VUs  1m04.0s/3m0s  50.00 iters/s

running (1m10.9s), 000/103 VUs, 3247 complete and 0 interrupted iterations
a1     [  36% ] 000/103 VUs  1m05.0s/3m0s  50.00 iters/s

running (1m11.9s), 001/103 VUs, 3296 complete and 0 interrupted iterations
a1     [  37% ] 001/103 VUs  1m06.0s/3m0s  50.00 iters/s

running (1m12.9s), 001/103 VUs, 3346 complete and 0 interrupted iterations
a1     [  37% ] 001/103 VUs  1m07.0s/3m0s  50.00 iters/s

running (1m13.9s), 000/103 VUs, 3397 complete and 0 interrupted iterations
a1     [  38% ] 000/103 VUs  1m08.0s/3m0s  50.00 iters/s

running (1m14.9s), 000/103 VUs, 3447 complete and 0 interrupted iterations
a1     [  38% ] 000/103 VUs  1m09.0s/3m0s  50.00 iters/s

running (1m15.9s), 001/103 VUs, 3496 complete and 0 interrupted iterations
a1     [  39% ] 001/103 VUs  1m10.0s/3m0s  50.00 iters/s

running (1m16.9s), 001/103 VUs, 3546 complete and 0 interrupted iterations
a1     [  39% ] 001/103 VUs  1m11.0s/3m0s  50.00 iters/s

running (1m17.9s), 002/103 VUs, 3595 complete and 0 interrupted iterations
a1     [  40% ] 002/103 VUs  1m12.0s/3m0s  50.00 iters/s

running (1m18.9s), 001/103 VUs, 3646 complete and 0 interrupted iterations
a1     [  41% ] 001/103 VUs  1m13.0s/3m0s  50.00 iters/s

running (1m19.9s), 001/103 VUs, 3696 complete and 0 interrupted iterations
a1     [  41% ] 001/103 VUs  1m14.0s/3m0s  50.00 iters/s

running (1m20.9s), 001/103 VUs, 3746 complete and 0 interrupted iterations
a1     [  42% ] 001/103 VUs  1m15.0s/3m0s  50.00 iters/s

running (1m21.9s), 001/103 VUs, 3796 complete and 0 interrupted iterations
a1     [  42% ] 001/103 VUs  1m16.0s/3m0s  50.00 iters/s

running (1m22.9s), 001/103 VUs, 3846 complete and 0 interrupted iterations
a1     [  43% ] 001/103 VUs  1m17.0s/3m0s  50.00 iters/s

running (1m23.9s), 000/103 VUs, 3897 complete and 0 interrupted iterations
a1     [  43% ] 000/103 VUs  1m18.0s/3m0s  50.00 iters/s

running (1m24.9s), 001/103 VUs, 3946 complete and 0 interrupted iterations
a1     [  44% ] 001/103 VUs  1m19.0s/3m0s  50.00 iters/s

running (1m25.9s), 001/103 VUs, 3996 complete and 0 interrupted iterations
a1     [  44% ] 001/103 VUs  1m20.0s/3m0s  50.00 iters/s

running (1m26.9s), 000/103 VUs, 4047 complete and 0 interrupted iterations
a1     [  45% ] 000/103 VUs  1m21.0s/3m0s  50.00 iters/s

running (1m27.9s), 000/103 VUs, 4097 complete and 0 interrupted iterations
a1     [  46% ] 000/103 VUs  1m22.0s/3m0s  50.00 iters/s

running (1m28.9s), 001/103 VUs, 4146 complete and 0 interrupted iterations
a1     [  46% ] 001/103 VUs  1m23.0s/3m0s  50.00 iters/s

running (1m29.9s), 001/103 VUs, 4196 complete and 0 interrupted iterations
a1     [  47% ] 001/103 VUs  1m24.0s/3m0s  50.00 iters/s

running (1m30.9s), 000/103 VUs, 4247 complete and 0 interrupted iterations
a1     [  47% ] 000/103 VUs  1m25.0s/3m0s  50.00 iters/s

running (1m31.9s), 000/103 VUs, 4297 complete and 0 interrupted iterations
a1     [  48% ] 000/103 VUs  1m26.0s/3m0s  50.00 iters/s

running (1m32.9s), 000/103 VUs, 4347 complete and 0 interrupted iterations
a1     [  48% ] 000/103 VUs  1m27.0s/3m0s  50.00 iters/s

running (1m33.9s), 000/103 VUs, 4397 complete and 0 interrupted iterations
a1     [  49% ] 000/103 VUs  1m28.0s/3m0s  50.00 iters/s

running (1m37.8s), 001/103 VUs, 4446 complete and 0 interrupted iterations
a1     [  49% ] 001/103 VUs  1m29.0s/3m0s  50.00 iters/s

running (1m38.8s), 000/103 VUs, 4497 complete and 0 interrupted iterations
a1     [  50% ] 000/103 VUs  1m30.0s/3m0s  50.00 iters/s

running (1m39.8s), 001/103 VUs, 4546 complete and 0 interrupted iterations
a1     [  51% ] 001/103 VUs  1m31.0s/3m0s  50.00 iters/s

running (1m40.8s), 000/103 VUs, 4597 complete and 0 interrupted iterations
a1     [  51% ] 000/103 VUs  1m32.0s/3m0s  50.00 iters/s

running (1m41.8s), 000/103 VUs, 4647 complete and 0 interrupted iterations
a1     [  52% ] 000/103 VUs  1m33.0s/3m0s  50.00 iters/s

running (1m42.8s), 000/103 VUs, 4697 complete and 0 interrupted iterations
a1     [  52% ] 000/103 VUs  1m34.0s/3m0s  50.00 iters/s

running (1m43.8s), 001/103 VUs, 4746 complete and 0 interrupted iterations
a1     [  53% ] 001/103 VUs  1m35.0s/3m0s  50.00 iters/s

running (1m44.8s), 000/103 VUs, 4797 complete and 0 interrupted iterations
a1     [  53% ] 000/103 VUs  1m36.0s/3m0s  50.00 iters/s

running (1m45.8s), 001/103 VUs, 4846 complete and 0 interrupted iterations
a1     [  54% ] 001/103 VUs  1m37.0s/3m0s  50.00 iters/s

running (1m46.8s), 001/103 VUs, 4896 complete and 0 interrupted iterations
a1     [  54% ] 001/103 VUs  1m38.0s/3m0s  50.00 iters/s

running (1m47.8s), 001/103 VUs, 4946 complete and 0 interrupted iterations
a1     [  55% ] 001/103 VUs  1m39.0s/3m0s  50.00 iters/s

running (1m48.8s), 000/103 VUs, 4997 complete and 0 interrupted iterations
a1     [  56% ] 000/103 VUs  1m40.0s/3m0s  50.00 iters/s

running (1m49.8s), 001/103 VUs, 5046 complete and 0 interrupted iterations
a1     [  56% ] 001/103 VUs  1m41.0s/3m0s  50.00 iters/s

running (1m50.8s), 000/103 VUs, 5097 complete and 0 interrupted iterations
a1     [  57% ] 000/103 VUs  1m42.0s/3m0s  50.00 iters/s

running (1m51.8s), 000/103 VUs, 5147 complete and 0 interrupted iterations
a1     [  57% ] 000/103 VUs  1m43.0s/3m0s  50.00 iters/s

running (1m52.8s), 000/103 VUs, 5197 complete and 0 interrupted iterations
a1     [  58% ] 000/103 VUs  1m44.0s/3m0s  50.00 iters/s

running (1m53.8s), 000/103 VUs, 5247 complete and 0 interrupted iterations
a1     [  58% ] 000/103 VUs  1m45.0s/3m0s  50.00 iters/s

running (1m54.8s), 001/103 VUs, 5296 complete and 0 interrupted iterations
a1     [  59% ] 001/103 VUs  1m46.0s/3m0s  50.00 iters/s

running (1m55.8s), 001/103 VUs, 5346 complete and 0 interrupted iterations
a1     [  59% ] 001/103 VUs  1m47.0s/3m0s  50.00 iters/s

running (1m56.8s), 001/103 VUs, 5396 complete and 0 interrupted iterations
a1     [  60% ] 001/103 VUs  1m48.0s/3m0s  50.00 iters/s

running (1m57.8s), 000/103 VUs, 5447 complete and 0 interrupted iterations
a1     [  61% ] 000/103 VUs  1m49.0s/3m0s  50.00 iters/s

running (1m58.8s), 000/103 VUs, 5497 complete and 0 interrupted iterations
a1     [  61% ] 000/103 VUs  1m50.0s/3m0s  50.00 iters/s

running (1m59.8s), 000/103 VUs, 5547 complete and 0 interrupted iterations
a1     [  62% ] 000/103 VUs  1m51.0s/3m0s  50.00 iters/s
time="2026-09-04T18:01:01+05:00" level=warning msg="The test has generated metrics with 100039 unique time series, which is higher than the suggested limit of 100000 and could cause high memory usage. Consider not using high-cardinality values like unique IDs as metric tags or, if you need them in the URL, use the name metric tag or URL grouping. See https://grafana.com/docs/k6/latest/using-k6/tags-and-groups/ for details." component=metrics-engine-ingester

running (2m00.8s), 001/103 VUs, 5596 complete and 0 interrupted iterations
a1     [  62% ] 001/103 VUs  1m52.0s/3m0s  50.00 iters/s

running (2m01.8s), 001/103 VUs, 5646 complete and 0 interrupted iterations
a1     [  63% ] 001/103 VUs  1m53.0s/3m0s  50.00 iters/s

running (2m02.8s), 001/103 VUs, 5696 complete and 0 interrupted iterations
a1     [  63% ] 001/103 VUs  1m54.0s/3m0s  50.00 iters/s

running (2m03.8s), 001/103 VUs, 5746 complete and 0 interrupted iterations
a1     [  64% ] 001/103 VUs  1m55.0s/3m0s  50.00 iters/s

running (2m04.8s), 001/103 VUs, 5796 complete and 0 interrupted iterations
a1     [  64% ] 001/103 VUs  1m56.0s/3m0s  50.00 iters/s

running (2m05.8s), 001/103 VUs, 5846 complete and 0 interrupted iterations
a1     [  65% ] 001/103 VUs  1m57.0s/3m0s  50.00 iters/s

running (2m06.8s), 001/103 VUs, 5896 complete and 0 interrupted iterations
a1     [  66% ] 001/103 VUs  1m58.0s/3m0s  50.00 iters/s

running (2m07.8s), 001/103 VUs, 5946 complete and 0 interrupted iterations
a1     [  66% ] 001/103 VUs  1m59.0s/3m0s  50.00 iters/s

running (2m08.8s), 001/103 VUs, 5996 complete and 0 interrupted iterations
a1     [  67% ] 001/103 VUs  2m00.0s/3m0s  50.00 iters/s

running (2m12.7s), 001/103 VUs, 6046 complete and 0 interrupted iterations
a1     [  67% ] 001/103 VUs  2m01.0s/3m0s  50.00 iters/s

running (2m13.7s), 001/103 VUs, 6096 complete and 0 interrupted iterations
a1     [  68% ] 001/103 VUs  2m02.0s/3m0s  50.00 iters/s

running (2m14.7s), 001/103 VUs, 6146 complete and 0 interrupted iterations
a1     [  68% ] 001/103 VUs  2m03.0s/3m0s  50.00 iters/s

running (2m15.7s), 001/103 VUs, 6196 complete and 0 interrupted iterations
a1     [  69% ] 001/103 VUs  2m04.0s/3m0s  50.00 iters/s

running (2m16.7s), 001/103 VUs, 6246 complete and 0 interrupted iterations
a1     [  69% ] 001/103 VUs  2m05.0s/3m0s  50.00 iters/s

running (2m17.7s), 001/103 VUs, 6296 complete and 0 interrupted iterations
a1     [  70% ] 001/103 VUs  2m06.0s/3m0s  50.00 iters/s

running (2m18.7s), 001/103 VUs, 6346 complete and 0 interrupted iterations
a1     [  71% ] 001/103 VUs  2m07.0s/3m0s  50.00 iters/s

running (2m19.7s), 001/103 VUs, 6396 complete and 0 interrupted iterations
a1     [  71% ] 001/103 VUs  2m08.0s/3m0s  50.00 iters/s

running (2m20.7s), 001/103 VUs, 6446 complete and 0 interrupted iterations
a1     [  72% ] 001/103 VUs  2m09.0s/3m0s  50.00 iters/s

running (2m21.7s), 001/103 VUs, 6496 complete and 0 interrupted iterations
a1     [  72% ] 001/103 VUs  2m10.0s/3m0s  50.00 iters/s

running (2m22.7s), 001/103 VUs, 6546 complete and 0 interrupted iterations
a1     [  73% ] 001/103 VUs  2m11.0s/3m0s  50.00 iters/s

running (2m23.7s), 001/103 VUs, 6596 complete and 0 interrupted iterations
a1     [  73% ] 001/103 VUs  2m12.0s/3m0s  50.00 iters/s

running (2m24.7s), 000/103 VUs, 6647 complete and 0 interrupted iterations
a1     [  74% ] 000/103 VUs  2m13.0s/3m0s  50.00 iters/s

running (2m25.7s), 001/103 VUs, 6696 complete and 0 interrupted iterations
a1     [  74% ] 001/103 VUs  2m14.0s/3m0s  50.00 iters/s

running (2m26.7s), 001/103 VUs, 6746 complete and 0 interrupted iterations
a1     [  75% ] 001/103 VUs  2m15.0s/3m0s  50.00 iters/s

running (2m27.7s), 001/103 VUs, 6796 complete and 0 interrupted iterations
a1     [  76% ] 001/103 VUs  2m16.0s/3m0s  50.00 iters/s

running (2m28.7s), 001/103 VUs, 6846 complete and 0 interrupted iterations
a1     [  76% ] 001/103 VUs  2m17.0s/3m0s  50.00 iters/s

running (2m29.7s), 001/103 VUs, 6896 complete and 0 interrupted iterations
a1     [  77% ] 001/103 VUs  2m18.0s/3m0s  50.00 iters/s

running (2m30.7s), 001/103 VUs, 6946 complete and 0 interrupted iterations
a1     [  77% ] 001/103 VUs  2m19.0s/3m0s  50.00 iters/s

running (2m31.7s), 001/103 VUs, 6996 complete and 0 interrupted iterations
a1     [  78% ] 001/103 VUs  2m20.0s/3m0s  50.00 iters/s

running (2m32.7s), 001/103 VUs, 7046 complete and 0 interrupted iterations
a1     [  78% ] 001/103 VUs  2m21.0s/3m0s  50.00 iters/s

running (2m33.7s), 001/103 VUs, 7096 complete and 0 interrupted iterations
a1     [  79% ] 001/103 VUs  2m22.0s/3m0s  50.00 iters/s

running (2m34.7s), 001/103 VUs, 7146 complete and 0 interrupted iterations
a1     [  79% ] 001/103 VUs  2m23.0s/3m0s  50.00 iters/s

running (2m35.7s), 001/103 VUs, 7196 complete and 0 interrupted iterations
a1     [  80% ] 001/103 VUs  2m24.0s/3m0s  50.00 iters/s

running (2m36.7s), 001/103 VUs, 7246 complete and 0 interrupted iterations
a1     [  81% ] 001/103 VUs  2m25.0s/3m0s  50.00 iters/s

running (2m37.7s), 001/103 VUs, 7296 complete and 0 interrupted iterations
a1     [  81% ] 001/103 VUs  2m26.0s/3m0s  50.00 iters/s

running (2m38.7s), 001/103 VUs, 7346 complete and 0 interrupted iterations
a1     [  82% ] 001/103 VUs  2m27.0s/3m0s  50.00 iters/s

running (2m39.7s), 001/103 VUs, 7396 complete and 0 interrupted iterations
a1     [  82% ] 001/103 VUs  2m28.0s/3m0s  50.00 iters/s

running (2m40.7s), 001/103 VUs, 7446 complete and 0 interrupted iterations
a1     [  83% ] 001/103 VUs  2m29.0s/3m0s  50.00 iters/s

running (2m41.7s), 001/103 VUs, 7496 complete and 0 interrupted iterations
a1     [  83% ] 001/103 VUs  2m30.0s/3m0s  50.00 iters/s

running (2m42.7s), 001/103 VUs, 7546 complete and 0 interrupted iterations
a1     [  84% ] 001/103 VUs  2m31.0s/3m0s  50.00 iters/s

running (2m43.7s), 001/103 VUs, 7596 complete and 0 interrupted iterations
a1     [  84% ] 001/103 VUs  2m32.0s/3m0s  50.00 iters/s

running (2m47.6s), 001/103 VUs, 7646 complete and 0 interrupted iterations
a1     [  85% ] 001/103 VUs  2m33.0s/3m0s  50.00 iters/s

running (2m48.6s), 001/103 VUs, 7696 complete and 0 interrupted iterations
a1     [  86% ] 001/103 VUs  2m34.0s/3m0s  50.00 iters/s

running (2m49.6s), 001/103 VUs, 7746 complete and 0 interrupted iterations
a1     [  86% ] 001/103 VUs  2m35.0s/3m0s  50.00 iters/s

running (2m50.6s), 001/103 VUs, 7796 complete and 0 interrupted iterations
a1     [  87% ] 001/103 VUs  2m36.0s/3m0s  50.00 iters/s

running (2m51.6s), 001/103 VUs, 7846 complete and 0 interrupted iterations
a1     [  87% ] 001/103 VUs  2m37.0s/3m0s  50.00 iters/s

running (2m52.6s), 001/103 VUs, 7896 complete and 0 interrupted iterations
a1     [  88% ] 001/103 VUs  2m38.0s/3m0s  50.00 iters/s

running (2m53.6s), 001/103 VUs, 7946 complete and 0 interrupted iterations
a1     [  88% ] 001/103 VUs  2m39.0s/3m0s  50.00 iters/s

running (2m54.6s), 001/103 VUs, 7996 complete and 0 interrupted iterations
a1     [  89% ] 001/103 VUs  2m40.0s/3m0s  50.00 iters/s

running (2m55.6s), 001/103 VUs, 8046 complete and 0 interrupted iterations
a1     [  89% ] 001/103 VUs  2m41.0s/3m0s  50.00 iters/s

running (2m56.6s), 001/103 VUs, 8096 complete and 0 interrupted iterations
a1     [  90% ] 001/103 VUs  2m42.0s/3m0s  50.00 iters/s

running (2m57.6s), 001/103 VUs, 8146 complete and 0 interrupted iterations
a1     [  91% ] 001/103 VUs  2m43.0s/3m0s  50.00 iters/s

running (2m58.6s), 001/103 VUs, 8196 complete and 0 interrupted iterations
a1     [  91% ] 001/103 VUs  2m44.0s/3m0s  50.00 iters/s

running (2m59.6s), 001/103 VUs, 8246 complete and 0 interrupted iterations
a1     [  92% ] 001/103 VUs  2m45.0s/3m0s  50.00 iters/s

running (3m00.6s), 001/103 VUs, 8296 complete and 0 interrupted iterations
a1     [  92% ] 001/103 VUs  2m46.0s/3m0s  50.00 iters/s

running (3m01.6s), 001/103 VUs, 8346 complete and 0 interrupted iterations
a1     [  93% ] 001/103 VUs  2m47.0s/3m0s  50.00 iters/s

running (3m02.6s), 001/103 VUs, 8396 complete and 0 interrupted iterations
a1     [  93% ] 001/103 VUs  2m48.0s/3m0s  50.00 iters/s

running (3m03.6s), 001/103 VUs, 8446 complete and 0 interrupted iterations
a1     [  94% ] 001/103 VUs  2m49.0s/3m0s  50.00 iters/s

running (3m04.6s), 001/103 VUs, 8496 complete and 0 interrupted iterations
a1     [  94% ] 001/103 VUs  2m50.0s/3m0s  50.00 iters/s

running (3m05.6s), 001/103 VUs, 8546 complete and 0 interrupted iterations
a1     [  95% ] 001/103 VUs  2m51.0s/3m0s  50.00 iters/s

running (3m06.6s), 001/103 VUs, 8596 complete and 0 interrupted iterations
a1     [  96% ] 001/103 VUs  2m52.0s/3m0s  50.00 iters/s

running (3m07.6s), 001/103 VUs, 8646 complete and 0 interrupted iterations
a1     [  96% ] 001/103 VUs  2m53.0s/3m0s  50.00 iters/s

running (3m08.6s), 001/103 VUs, 8696 complete and 0 interrupted iterations
a1     [  97% ] 001/103 VUs  2m54.0s/3m0s  50.00 iters/s

running (3m09.6s), 001/103 VUs, 8746 complete and 0 interrupted iterations
a1     [  97% ] 001/103 VUs  2m55.0s/3m0s  50.00 iters/s

running (3m10.6s), 001/103 VUs, 8796 complete and 0 interrupted iterations
a1     [  98% ] 001/103 VUs  2m56.0s/3m0s  50.00 iters/s

running (3m11.6s), 000/103 VUs, 8847 complete and 0 interrupted iterations
a1     [  98% ] 000/103 VUs  2m57.0s/3m0s  50.00 iters/s

running (3m12.6s), 001/103 VUs, 8896 complete and 0 interrupted iterations
a1     [  99% ] 001/103 VUs  2m58.0s/3m0s  50.00 iters/s

running (3m13.6s), 001/103 VUs, 8946 complete and 0 interrupted iterations
a1     [  99% ] 001/103 VUs  2m59.0s/3m0s  50.00 iters/s

running (3m14.6s), 001/103 VUs, 8996 complete and 0 interrupted iterations
a1     [ 100% ] 001/103 VUs  3m00.0s/3m0s  50.00 iters/s


  █ THRESHOLDS 

    http_req_failed
    ✓ 'rate<0.05' rate=0.00%


  █ TOTAL RESULTS 

    checks_total.......: 26994   138.666971/s
    checks_succeeded...: 100.00% 26994 out of 26994
    checks_failed......: 0.00%   0 out of 26994

    ✓ initiated
    ✓ validated
    ✓ terminal

    CUSTOM
    a1_lifecycle_duration..........: avg=26.33ms min=6ms    med=11ms    p(95)=19ms    p(99)=485.09ms max=2.95s
    a1_lifecycles_completed........: 8998   46.222324/s
    a1_transitions_committed.......: 26994  138.666971/s

    HTTP
    http_req_duration..............: avg=8.63ms  min=1.42ms med=3.47ms  p(95)=6.35ms  p(99)=83.34ms  max=2.93s
      { expected_response:true }...: avg=8.63ms  min=1.42ms med=3.47ms  p(95)=6.35ms  p(99)=83.34ms  max=2.93s
    http_req_failed................: 0.00%  0 out of 26994
    http_reqs......................: 26994  138.666971/s

    EXECUTION
    dropped_iterations.............: 3      0.015411/s
    iteration_duration.............: avg=25.42ms min=6.04ms med=10.78ms p(95)=18.88ms p(99)=443.79ms max=2.26s
    iterations.....................: 8998   46.222324/s
    vus............................: 0      min=0          max=100
    vus_max........................: 103    min=100        max=103

    NETWORK
    data_received..................: 10 MB  53 kB/s
    data_sent......................: 6.0 MB 31 kB/s




running (3m14.7s), 000/103 VUs, 8998 complete and 0 interrupted iterations
a1   ✓ [ 100% ] 000/103 VUs  3m0s  50.00 iters/s
