[17:58:32] === RUN WRAPPER_B2-P1-r3-F2-20260904175832 ===
[17:58:32] mode=WRAPPER_B2 profile=P1 rep=3 tps=50 duration=180s fault=F2
[17:58:32] jar: target/master-thesis-observability-0.0.1-SNAPSHOT.jar
[17:58:32] workload tozalanmoqda (reference saqlanadi)
workload reset; reference data preserved
AQ backlog purged: 0 -> 0
[17:58:33] Kafka topigi qayta yaratilmoqda
[17:58:42] ilova ishga tushirilmoqda (mode=WRAPPER_B2)
[17:58:57] ilova tayyor (pid 4130513)
[17:59:01] fault F2 60s dan keyin yuboriladi
[17:59:01] k6 yuklamasi boshlandi
[fault 18:00:06] kafka-2 va kafka-3 to'xtatilmoqda (90s)
[fault 18:01:49] brokerlar qaytarilmoqda
[fault 18:01:51] F2 tugadi
[18:02:16] pipeline bo'shashi kutilmoqda (maks 120s)
[18:02:29] pipeline bo'sh (4s, sink=26994 xabar)
[18:02:40] ground truth eksport qilinmoqda
[18:02:41] Kafka topigi eksport qilinmoqda
[18:03:11] tahlil
{
  "mode": "WRAPPER_B2",
  "profile": "P1",
  "rep": "3",
  "fault": "F2",
  "ground_truth_transitions": 26994,
  "delivered_distinct": 26994,
  "delivered_total": 26994,
  "matched": 26994,
  "missing": 0,
  "phantom": 0,
  "malformed": 0,
  "loss_rate": 0.0,
  "loss_rate_ppm": 0.0,
  "duplicate_rate": 0.0,
  "ordering_violation_rate": 0.0,
  "txns_split_across_partitions": 0,
  "latency_ms_p50": 1,
  "latency_ms_p95": 2,
  "latency_ms_p99": 6,
  "latency_ms_max": 2934,
  "latency_ms_mean": 2.4,
  "latency_samples": 26994,
  "latency_negative_samples": 0,
  "loss_rate_upper_bound_95_ppm": 111.14
}
[18:03:12] ilova va konnektor to'xtatilmoqda
[18:03:16] === TUGADI: results/WRAPPER_B2-P1-r3-F2-20260904175832 ===
