
         /\      Grafana   /‾‾/  
    /\  /  \     |\  __   /  /   
   /  \/    \    | |/ /  /   ‾‾\ 
  /          \   |   (  |  (‾)  |
 / __________ \  |_|\_\  \_____/ 


     execution: local
        script: harness/k6/a1-workload.js
        output: -

     scenarios: (100.00%) 1 scenario, 600 max VUs, 1m30s max duration (incl. graceful stop):
              * a1: 50.00 iterations/s for 1m0s (maxVUs: 100-600, gracefulStop: 30s)


running (0m01.0s), 050/100 VUs, 0 complete and 0 interrupted iterations
a1     [   2% ] 050/100 VUs  0m01.0s/1m0s  50.00 iters/s

running (0m02.0s), 001/100 VUs, 99 complete and 0 interrupted iterations
a1     [   3% ] 001/100 VUs  0m02.0s/1m0s  50.00 iters/s

running (0m03.0s), 001/100 VUs, 149 complete and 0 interrupted iterations
a1     [   5% ] 001/100 VUs  0m03.0s/1m0s  50.00 iters/s

running (0m04.0s), 001/100 VUs, 199 complete and 0 interrupted iterations
a1     [   7% ] 001/100 VUs  0m04.0s/1m0s  50.00 iters/s

running (0m05.0s), 001/100 VUs, 249 complete and 0 interrupted iterations
a1     [   8% ] 001/100 VUs  0m05.0s/1m0s  50.00 iters/s

running (0m06.0s), 001/100 VUs, 299 complete and 0 interrupted iterations
a1     [  10% ] 001/100 VUs  0m06.0s/1m0s  50.00 iters/s

running (0m07.0s), 001/100 VUs, 349 complete and 0 interrupted iterations
a1     [  12% ] 001/100 VUs  0m07.0s/1m0s  50.00 iters/s

running (0m08.0s), 001/100 VUs, 399 complete and 0 interrupted iterations
a1     [  13% ] 001/100 VUs  0m08.0s/1m0s  50.00 iters/s

running (0m09.0s), 001/100 VUs, 449 complete and 0 interrupted iterations
a1     [  15% ] 001/100 VUs  0m09.0s/1m0s  50.00 iters/s

running (0m12.9s), 001/100 VUs, 499 complete and 0 interrupted iterations
a1     [  17% ] 001/100 VUs  0m10.0s/1m0s  50.00 iters/s

running (0m13.9s), 001/100 VUs, 549 complete and 0 interrupted iterations
a1     [  18% ] 001/100 VUs  0m11.0s/1m0s  50.00 iters/s

running (0m14.9s), 001/100 VUs, 599 complete and 0 interrupted iterations
a1     [  20% ] 001/100 VUs  0m12.0s/1m0s  50.00 iters/s

running (0m15.9s), 001/100 VUs, 649 complete and 0 interrupted iterations
a1     [  22% ] 001/100 VUs  0m13.0s/1m0s  50.00 iters/s

running (0m16.9s), 001/100 VUs, 699 complete and 0 interrupted iterations
a1     [  23% ] 001/100 VUs  0m14.0s/1m0s  50.00 iters/s

running (0m17.9s), 001/100 VUs, 749 complete and 0 interrupted iterations
a1     [  25% ] 001/100 VUs  0m15.0s/1m0s  50.00 iters/s

running (0m18.9s), 001/100 VUs, 799 complete and 0 interrupted iterations
a1     [  27% ] 001/100 VUs  0m16.0s/1m0s  50.00 iters/s

running (0m19.9s), 001/100 VUs, 849 complete and 0 interrupted iterations
a1     [  28% ] 001/100 VUs  0m17.0s/1m0s  50.00 iters/s

running (0m20.9s), 001/100 VUs, 899 complete and 0 interrupted iterations
a1     [  30% ] 001/100 VUs  0m18.0s/1m0s  50.00 iters/s

running (0m21.9s), 001/100 VUs, 949 complete and 0 interrupted iterations
a1     [  32% ] 001/100 VUs  0m19.0s/1m0s  50.00 iters/s

running (0m22.9s), 000/100 VUs, 1000 complete and 0 interrupted iterations
a1     [  33% ] 000/100 VUs  0m20.0s/1m0s  50.00 iters/s

running (0m23.9s), 000/100 VUs, 1050 complete and 0 interrupted iterations
a1     [  35% ] 000/100 VUs  0m21.0s/1m0s  50.00 iters/s

running (0m24.9s), 000/100 VUs, 1100 complete and 0 interrupted iterations
a1     [  37% ] 000/100 VUs  0m22.0s/1m0s  50.00 iters/s

running (0m25.9s), 001/100 VUs, 1149 complete and 0 interrupted iterations
a1     [  38% ] 001/100 VUs  0m23.0s/1m0s  50.00 iters/s

running (0m26.9s), 001/100 VUs, 1199 complete and 0 interrupted iterations
a1     [  40% ] 001/100 VUs  0m24.0s/1m0s  50.00 iters/s

running (0m27.9s), 001/100 VUs, 1249 complete and 0 interrupted iterations
a1     [  42% ] 001/100 VUs  0m25.0s/1m0s  50.00 iters/s

running (0m28.9s), 001/100 VUs, 1299 complete and 0 interrupted iterations
a1     [  43% ] 001/100 VUs  0m26.0s/1m0s  50.00 iters/s

running (0m29.9s), 001/100 VUs, 1349 complete and 0 interrupted iterations
a1     [  45% ] 001/100 VUs  0m27.0s/1m0s  50.00 iters/s

running (0m30.9s), 000/100 VUs, 1400 complete and 0 interrupted iterations
a1     [  47% ] 000/100 VUs  0m28.0s/1m0s  50.00 iters/s

running (0m31.9s), 001/100 VUs, 1449 complete and 0 interrupted iterations
a1     [  48% ] 001/100 VUs  0m29.0s/1m0s  50.00 iters/s

running (0m32.9s), 000/100 VUs, 1500 complete and 0 interrupted iterations
a1     [  50% ] 000/100 VUs  0m30.0s/1m0s  50.00 iters/s

running (0m33.9s), 000/100 VUs, 1550 complete and 0 interrupted iterations
a1     [  52% ] 000/100 VUs  0m31.0s/1m0s  50.00 iters/s

running (0m34.9s), 001/100 VUs, 1599 complete and 0 interrupted iterations
a1     [  53% ] 001/100 VUs  0m32.0s/1m0s  50.00 iters/s

running (0m35.9s), 000/100 VUs, 1650 complete and 0 interrupted iterations
a1     [  55% ] 000/100 VUs  0m33.0s/1m0s  50.00 iters/s

running (0m36.9s), 000/100 VUs, 1700 complete and 0 interrupted iterations
a1     [  57% ] 000/100 VUs  0m34.0s/1m0s  50.00 iters/s

running (0m37.9s), 000/100 VUs, 1750 complete and 0 interrupted iterations
a1     [  58% ] 000/100 VUs  0m35.0s/1m0s  50.00 iters/s

running (0m38.9s), 001/100 VUs, 1799 complete and 0 interrupted iterations
a1     [  60% ] 001/100 VUs  0m36.0s/1m0s  50.00 iters/s

running (0m39.9s), 001/100 VUs, 1849 complete and 0 interrupted iterations
a1     [  62% ] 001/100 VUs  0m37.0s/1m0s  50.00 iters/s

running (0m40.9s), 001/100 VUs, 1899 complete and 0 interrupted iterations
a1     [  63% ] 001/100 VUs  0m38.0s/1m0s  50.00 iters/s

running (0m41.9s), 001/100 VUs, 1949 complete and 0 interrupted iterations
a1     [  65% ] 001/100 VUs  0m39.0s/1m0s  50.00 iters/s

running (0m42.9s), 001/100 VUs, 1999 complete and 0 interrupted iterations
a1     [  67% ] 001/100 VUs  0m40.0s/1m0s  50.00 iters/s

running (0m43.9s), 001/100 VUs, 2049 complete and 0 interrupted iterations
a1     [  68% ] 001/100 VUs  0m41.0s/1m0s  50.00 iters/s

running (0m47.9s), 001/100 VUs, 2099 complete and 0 interrupted iterations
a1     [  70% ] 001/100 VUs  0m42.0s/1m0s  50.00 iters/s

running (0m48.9s), 001/100 VUs, 2149 complete and 0 interrupted iterations
a1     [  72% ] 001/100 VUs  0m43.0s/1m0s  50.00 iters/s

running (0m49.9s), 001/100 VUs, 2199 complete and 0 interrupted iterations
a1     [  73% ] 001/100 VUs  0m44.0s/1m0s  50.00 iters/s

running (0m50.9s), 001/100 VUs, 2249 complete and 0 interrupted iterations
a1     [  75% ] 001/100 VUs  0m45.0s/1m0s  50.00 iters/s

running (0m51.9s), 001/100 VUs, 2299 complete and 0 interrupted iterations
a1     [  77% ] 001/100 VUs  0m46.0s/1m0s  50.00 iters/s

running (0m52.9s), 000/100 VUs, 2350 complete and 0 interrupted iterations
a1     [  78% ] 000/100 VUs  0m47.0s/1m0s  50.00 iters/s

running (0m53.9s), 001/100 VUs, 2399 complete and 0 interrupted iterations
a1     [  80% ] 001/100 VUs  0m48.0s/1m0s  50.00 iters/s

running (0m54.9s), 000/100 VUs, 2450 complete and 0 interrupted iterations
a1     [  82% ] 000/100 VUs  0m49.0s/1m0s  50.00 iters/s

running (0m55.9s), 000/100 VUs, 2500 complete and 0 interrupted iterations
a1     [  83% ] 000/100 VUs  0m50.0s/1m0s  50.00 iters/s

running (0m56.9s), 001/100 VUs, 2549 complete and 0 interrupted iterations
a1     [  85% ] 001/100 VUs  0m51.0s/1m0s  50.00 iters/s

running (0m57.9s), 001/100 VUs, 2599 complete and 0 interrupted iterations
a1     [  87% ] 001/100 VUs  0m52.0s/1m0s  50.00 iters/s

running (0m58.9s), 000/100 VUs, 2650 complete and 0 interrupted iterations
a1     [  88% ] 000/100 VUs  0m53.0s/1m0s  50.00 iters/s

running (0m59.9s), 000/100 VUs, 2700 complete and 0 interrupted iterations
a1     [  90% ] 000/100 VUs  0m54.0s/1m0s  50.00 iters/s

running (1m00.9s), 000/100 VUs, 2750 complete and 0 interrupted iterations
a1     [  92% ] 000/100 VUs  0m55.0s/1m0s  50.00 iters/s

running (1m01.9s), 000/100 VUs, 2800 complete and 0 interrupted iterations
a1     [  93% ] 000/100 VUs  0m56.0s/1m0s  50.00 iters/s

running (1m02.9s), 001/100 VUs, 2849 complete and 0 interrupted iterations
a1     [  95% ] 001/100 VUs  0m57.0s/1m0s  50.00 iters/s

running (1m03.9s), 001/100 VUs, 2899 complete and 0 interrupted iterations
a1     [  97% ] 001/100 VUs  0m58.0s/1m0s  50.00 iters/s

running (1m04.9s), 001/100 VUs, 2949 complete and 0 interrupted iterations
a1     [  98% ] 001/100 VUs  0m59.0s/1m0s  50.00 iters/s

running (1m05.9s), 000/100 VUs, 3000 complete and 0 interrupted iterations
a1     [ 100% ] 000/100 VUs  1m00.0s/1m0s  50.00 iters/s


  █ THRESHOLDS 

    http_req_failed
    ✓ 'rate<0.05' rate=0.00%


  █ TOTAL RESULTS 

    checks_total.......: 9000    136.639362/s
    checks_succeeded...: 100.00% 9000 out of 9000
    checks_failed......: 0.00%   0 out of 9000

    ✓ initiated
    ✓ validated
    ✓ terminal

    CUSTOM
    a1_lifecycle_duration..........: avg=36.23ms min=7ms    med=12ms    p(95)=21ms    p(99)=1.06s    max=2.94s
    a1_lifecycles_completed........: 3000   45.546454/s
    a1_transitions_committed.......: 9000   136.639362/s

    HTTP
    http_req_duration..............: avg=11.93ms min=1.76ms med=3.89ms  p(95)=7.28ms  p(99)=360.69ms max=2.93s
      { expected_response:true }...: avg=11.93ms min=1.76ms med=3.89ms  p(95)=7.28ms  p(99)=360.69ms max=2.93s
    http_req_failed................: 0.00%  0 out of 9000
    http_reqs......................: 9000   136.639362/s

    EXECUTION
    iteration_duration.............: avg=35.32ms min=7.72ms med=11.97ms p(95)=21.16ms p(99)=1.04s    max=1.63s
    iterations.....................: 3000   45.546454/s
    vus............................: 0      min=0         max=50 
    vus_max........................: 100    min=100       max=100

    NETWORK
    data_received..................: 3.4 MB 52 kB/s
    data_sent......................: 2.0 MB 30 kB/s




running (1m05.9s), 000/100 VUs, 3000 complete and 0 interrupted iterations
a1   ✓ [ 100% ] 000/100 VUs  1m0s  50.00 iters/s
