[18:15:57] === RUN WRAPPER_B1-P1-r92-20260903181557 ===
[18:15:57] mode=WRAPPER_B1 profile=P1 rep=92 tps=50 duration=60s fault=none
[18:15:57] jar: target/master-thesis-observability-0.0.1-SNAPSHOT.jar
[18:15:57] workload tozalanmoqda (reference saqlanadi)
workload reset; reference data preserved
AQ backlog purged: 0 -> 0
[18:15:58] Kafka topigi qayta yaratilmoqda
[18:16:10] ilova ishga tushirilmoqda (mode=WRAPPER_B1)
[18:16:22] ilova tayyor (pid 2528452)
[18:16:25] k6 yuklamasi boshlandi
[18:17:32] pipeline bo'shashi kutilmoqda (maks 120s)
[18:17:42] pipeline bo'sh (4s, sink=9000 xabar)
[18:17:55] ground truth eksport qilinmoqda
[18:17:56] Kafka topigi eksport qilinmoqda
[18:18:24] tahlil
{
  "mode": "WRAPPER_B1",
  "profile": "P1",
  "rep": "92",
  "fault": "none",
  "ground_truth_transitions": 9000,
  "delivered_distinct": 9000,
  "delivered_total": 9000,
  "matched": 9000,
  "missing": 0,
  "phantom": 0,
  "malformed": 0,
  "loss_rate": 0.0,
  "loss_rate_ppm": 0.0,
  "duplicate_rate": 0.0,
  "ordering_violation_rate": 0.0,
  "txns_split_across_partitions": 0,
  "latency_ms_p50": 0,
  "latency_ms_p95": 1,
  "latency_ms_p99": 1,
  "latency_ms_max": 830,
  "latency_ms_mean": 1.1,
  "latency_samples": 9000,
  "latency_negative_samples": 3445,
  "loss_rate_upper_bound_95_ppm": 333.33
}
[18:18:25] ilova va konnektor to'xtatilmoqda
[18:18:29] === TUGADI: results/WRAPPER_B1-P1-r92-20260903181557 ===
